[2025-10-15T18:55:51.714+0000][7][gc,init] CardTable entry size: 512
[2025-10-15T18:55:51.714+0000][7][gc     ] Using G1
[2025-10-15T18:55:52.133+0000][7][gc,init] Version: 22.0.2+9-70 (release)
[2025-10-15T18:55:52.133+0000][7][gc,init] CPUs: 8 total, 8 available
[2025-10-15T18:55:52.133+0000][7][gc,init] Memory: 15822M
[2025-10-15T18:55:52.133+0000][7][gc,init] Large Page Support: Disabled
[2025-10-15T18:55:52.133+0000][7][gc,init] NUMA Support: Disabled
[2025-10-15T18:55:52.133+0000][7][gc,init] Compressed Oops: Enabled (Zero based)
[2025-10-15T18:55:52.133+0000][7][gc,init] Heap Region Size: 4M
[2025-10-15T18:55:52.133+0000][7][gc,init] Heap Min Capacity: 3G
[2025-10-15T18:55:52.133+0000][7][gc,init] Heap Initial Capacity: 3G
[2025-10-15T18:55:52.133+0000][7][gc,init] Heap Max Capacity: 3G
[2025-10-15T18:55:52.133+0000][7][gc,init] Pre-touch: Enabled
[2025-10-15T18:55:52.133+0000][7][gc,init] Parallel Workers: 8
[2025-10-15T18:55:52.133+0000][7][gc,init] Concurrent Workers: 2
[2025-10-15T18:55:52.133+0000][7][gc,init] Concurrent Refinement Workers: 8
[2025-10-15T18:55:52.133+0000][7][gc,init] Periodic GC: Disabled
[2025-10-15T18:55:52.141+0000][7][gc,metaspace] CDS archive(s) mapped at: [0x00007fb822000000-0x00007fb822c78000-0x00007fb822c78000), size 13074432, SharedBaseAddress: 0x00007fb822000000, ArchiveRelocationMode: 1.
[2025-10-15T18:55:52.141+0000][7][gc,metaspace] Compressed class space mapped at: 0x00007fb823000000-0x00007fb863000000, reserved size: 1073741824
[2025-10-15T18:55:52.141+0000][7][gc,metaspace] Narrow klass base: 0x00007fb822000000, Narrow klass shift: 0, Narrow klass range: 0x100000000
[2025-10-15T18:55:52.534+0000][7][safepoint   ] Safepoint "ICBufferFull", Time since last: 390025689 ns, Reaching safepoint: 65499 ns, Cleanup: 57249 ns, At safepoint: 4036 ns, Total: 126784 ns
[2025-10-15T18:55:52.831+0000][7][safepoint   ] Safepoint "ICBufferFull", Time since last: 296632853 ns, Reaching safepoint: 2558 ns, Cleanup: 80504 ns, At safepoint: 4539 ns, Total: 87601 ns
[2025-10-15T18:55:53.259+0000][7][safepoint   ] Safepoint "ICBufferFull", Time since last: 428266466 ns, Reaching safepoint: 3583 ns, Cleanup: 75280 ns, At safepoint: 4728 ns, Total: 83591 ns
[2025-10-15T18:55:53.486+0000][7][gc,start    ] GC(0) Pause Young (Normal) (G1 Evacuation Pause)
[2025-10-15T18:55:53.487+0000][7][gc,task     ] GC(0) Using 8 workers of 8 for evacuation
[2025-10-15T18:55:53.487+0000][7][gc,age      ] GC(0) Desired survivor size 10485760 bytes, new threshold 15 (max threshold 15)
[2025-10-15T18:55:53.493+0000][7][gc,phases   ] GC(0)   Pre Evacuate Collection Set: 0.13ms
[2025-10-15T18:55:53.493+0000][7][gc,phases   ] GC(0)   Merge Heap Roots: 0.06ms
[2025-10-15T18:55:53.493+0000][7][gc,phases   ] GC(0)   Evacuate Collection Set: 5.11ms
[2025-10-15T18:55:53.493+0000][7][gc,phases   ] GC(0)   Post Evacuate Collection Set: 0.65ms
[2025-10-15T18:55:53.493+0000][7][gc,phases   ] GC(0)   Other: 0.07ms
[2025-10-15T18:55:53.493+0000][7][gc,age      ] GC(0) Age table with threshold 15 (max threshold 15)
[2025-10-15T18:55:53.493+0000][7][gc,age      ] GC(0) - age   1:    8828920 bytes,    8828920 total
[2025-10-15T18:55:53.493+0000][7][gc,heap     ] GC(0) Eden regions: 38->0(35)
[2025-10-15T18:55:53.493+0000][7][gc,heap     ] GC(0) Survivor regions: 0->3(5)
[2025-10-15T18:55:53.493+0000][7][gc,heap     ] GC(0) Old regions: 1->1
[2025-10-15T18:55:53.493+0000][7][gc,heap     ] GC(0) Humongous regions: 0->0
[2025-10-15T18:55:53.493+0000][7][gc,metaspace] GC(0) Metaspace: 16639K(17024K)->16639K(17024K) NonClass: 14693K(14912K)->14693K(14912K) Class: 1946K(2112K)->1946K(2112K)
[2025-10-15T18:55:53.493+0000][7][gc          ] GC(0) Pause Young (Normal) (G1 Evacuation Pause) 153M->9M(3072M) 6.193ms
[2025-10-15T18:55:53.493+0000][7][gc,cpu      ] GC(0) User=0.04s Sys=0.00s Real=0.00s
[2025-10-15T18:55:53.493+0000][7][safepoint   ] Safepoint "G1CollectForAllocation", Time since last: 227249734 ns, Reaching safepoint: 3889 ns, Cleanup: 56502 ns, At safepoint: 6221217 ns, Total: 6281608 ns
[2025-10-15T18:55:53.843+0000][7][gc,start    ] GC(1) Pause Young (Normal) (G1 Evacuation Pause)
[2025-10-15T18:55:53.843+0000][7][gc,task     ] GC(1) Using 8 workers of 8 for evacuation
[2025-10-15T18:55:53.843+0000][7][gc,age      ] GC(1) Desired survivor size 10485760 bytes, new threshold 15 (max threshold 15)
[2025-10-15T18:55:53.848+0000][7][gc,phases   ] GC(1)   Pre Evacuate Collection Set: 0.16ms
[2025-10-15T18:55:53.848+0000][7][gc,phases   ] GC(1)   Merge Heap Roots: 0.06ms
[2025-10-15T18:55:53.848+0000][7][gc,phases   ] GC(1)   Evacuate Collection Set: 4.03ms
[2025-10-15T18:55:53.848+0000][7][gc,phases   ] GC(1)   Post Evacuate Collection Set: 0.42ms
[2025-10-15T18:55:53.848+0000][7][gc,phases   ] GC(1)   Other: 0.05ms
[2025-10-15T18:55:53.848+0000][7][gc,age      ] GC(1) Age table with threshold 15 (max threshold 15)
[2025-10-15T18:55:53.848+0000][7][gc,age      ] GC(1) - age   1:    4557072 bytes,    4557072 total
[2025-10-15T18:55:53.848+0000][7][gc,age      ] GC(1) - age   2:    8085248 bytes,   12642320 total
[2025-10-15T18:55:53.848+0000][7][gc,heap     ] GC(1) Eden regions: 35->0(40)
[2025-10-15T18:55:53.848+0000][7][gc,heap     ] GC(1) Survivor regions: 3->4(5)
[2025-10-15T18:55:53.848+0000][7][gc,heap     ] GC(1) Old regions: 1->1
[2025-10-15T18:55:53.848+0000][7][gc,heap     ] GC(1) Humongous regions: 0->0
[2025-10-15T18:55:53.848+0000][7][gc,metaspace] GC(1) Metaspace: 18538K(19008K)->18538K(19008K) NonClass: 16325K(16576K)->16325K(16576K) Class: 2212K(2432K)->2212K(2432K)
[2025-10-15T18:55:53.848+0000][7][gc          ] GC(1) Pause Young (Normal) (G1 Evacuation Pause) 149M->14M(3072M) 4.864ms
[2025-10-15T18:55:53.848+0000][7][gc,cpu      ] GC(1) User=0.03s Sys=0.00s Real=0.01s
[2025-10-15T18:55:53.848+0000][7][safepoint   ] Safepoint "G1CollectForAllocation", Time since last: 350567593 ns, Reaching safepoint: 3355 ns, Cleanup: 79995 ns, At safepoint: 4889939 ns, Total: 4973289 ns
[2025-10-15T18:55:54.089+0000][7][gc,start    ] GC(2) Pause Young (Normal) (G1 Evacuation Pause)
[2025-10-15T18:55:54.089+0000][7][gc,task     ] GC(2) Using 8 workers of 8 for evacuation
[2025-10-15T18:55:54.089+0000][7][gc,age      ] GC(2) Desired survivor size 12582912 bytes, new threshold 2 (max threshold 15)
[2025-10-15T18:55:54.094+0000][7][gc,phases   ] GC(2)   Pre Evacuate Collection Set: 0.10ms
[2025-10-15T18:55:54.094+0000][7][gc,phases   ] GC(2)   Merge Heap Roots: 0.02ms
[2025-10-15T18:55:54.094+0000][7][gc,phases   ] GC(2)   Evacuate Collection Set: 3.65ms
[2025-10-15T18:55:54.094+0000][7][gc,phases   ] GC(2)   Post Evacuate Collection Set: 0.51ms
[2025-10-15T18:55:54.094+0000][7][gc,phases   ] GC(2)   Other: 0.06ms
[2025-10-15T18:55:54.094+0000][7][gc,age      ] GC(2) Age table with threshold 2 (max threshold 15)
[2025-10-15T18:55:54.094+0000][7][gc,age      ] GC(2) - age   1:    3320160 bytes,    3320160 total
[2025-10-15T18:55:54.094+0000][7][gc,age      ] GC(2) - age   2:    3025208 bytes,    6345368 total
[2025-10-15T18:55:54.094+0000][7][gc,heap     ] GC(2) Eden regions: 40->0(458)
[2025-10-15T18:55:54.094+0000][7][gc,heap     ] GC(2) Survivor regions: 4->2(6)
[2025-10-15T18:55:54.094+0000][7][gc,heap     ] GC(2) Old regions: 1->3
[2025-10-15T18:55:54.094+0000][7][gc,heap     ] GC(2) Humongous regions: 0->0
[2025-10-15T18:55:54.094+0000][7][gc,metaspace] GC(2) Metaspace: 19290K(19776K)->19290K(19776K) NonClass: 16964K(17216K)->16964K(17216K) Class: 2326K(2560K)->2326K(2560K)
[2025-10-15T18:55:54.094+0000][7][gc          ] GC(2) Pause Young (Normal) (G1 Evacuation Pause) 174M->16M(3072M) 4.503ms
[2025-10-15T18:55:54.094+0000][7][gc,cpu      ] GC(2) User=0.02s Sys=0.01s Real=0.01s
[2025-10-15T18:55:54.094+0000][7][safepoint   ] Safepoint "G1CollectForAllocation", Time since last: 241034888 ns, Reaching safepoint: 3366 ns, Cleanup: 20043 ns, At safepoint: 4533605 ns, Total: 4557014 ns
[2025-10-15T18:55:54.825+0000][7][gc,start    ] GC(3) Pause Young (Concurrent Start) (Metadata GC Threshold)
[2025-10-15T18:55:54.825+0000][7][gc,task     ] GC(3) Using 8 workers of 8 for evacuation
[2025-10-15T18:55:54.825+0000][7][gc,age      ] GC(3) Desired survivor size 121634816 bytes, new threshold 15 (max threshold 15)
[2025-10-15T18:55:54.827+0000][7][gc,phases   ] GC(3)   Pre Evacuate Collection Set: 0.16ms
[2025-10-15T18:55:54.827+0000][7][gc,phases   ] GC(3)   Merge Heap Roots: 0.04ms
[2025-10-15T18:55:54.827+0000][7][gc,phases   ] GC(3)   Evacuate Collection Set: 1.78ms
[2025-10-15T18:55:54.827+0000][7][gc,phases   ] GC(3)   Post Evacuate Collection Set: 0.22ms
[2025-10-15T18:55:54.827+0000][7][gc,phases   ] GC(3)   Other: 0.08ms
[2025-10-15T18:55:54.827+0000][7][gc,age      ] GC(3) Age table with threshold 15 (max threshold 15)
[2025-10-15T18:55:54.827+0000][7][gc,age      ] GC(3) - age   1:    3771392 bytes,    3771392 total
[2025-10-15T18:55:54.827+0000][7][gc,age      ] GC(3) - age   2:    2524864 bytes,    6296256 total
[2025-10-15T18:55:54.827+0000][7][gc,age      ] GC(3) - age   3:    3023736 bytes,    9319992 total
[2025-10-15T18:55:54.827+0000][7][gc,heap     ] GC(3) Eden regions: 129->0(457)
[2025-10-15T18:55:54.827+0000][7][gc,heap     ] GC(3) Survivor regions: 2->3(58)
[2025-10-15T18:55:54.827+0000][7][gc,heap     ] GC(3) Old regions: 3->3
[2025-10-15T18:55:54.827+0000][7][gc,heap     ] GC(3) Humongous regions: 0->0
[2025-10-15T18:55:54.827+0000][7][gc,metaspace] GC(3) Metaspace: 21006K(21504K)->21006K(21504K) NonClass: 18440K(18752K)->18440K(18752K) Class: 2565K(2752K)->2565K(2752K)
[2025-10-15T18:55:54.827+0000][7][gc          ] GC(3) Pause Young (Concurrent Start) (Metadata GC Threshold) 530M->18M(3072M) 2.437ms
[2025-10-15T18:55:54.827+0000][7][gc,cpu      ] GC(3) User=0.02s Sys=0.00s Real=0.00s
[2025-10-15T18:55:54.827+0000][7][gc          ] GC(4) Concurrent Mark Cycle
[2025-10-15T18:55:54.827+0000][7][gc,marking  ] GC(4) Concurrent Scan Root Regions
[2025-10-15T18:55:54.827+0000][7][safepoint   ] Safepoint "CollectForMetadataAllocation", Time since last: 731048190 ns, Reaching safepoint: 2988 ns, Cleanup: 52122 ns, At safepoint: 2520352 ns, Total: 2575462 ns
[2025-10-15T18:55:54.829+0000][7][gc,marking  ] GC(4) Concurrent Scan Root Regions 1.301ms
[2025-10-15T18:55:54.829+0000][7][gc,marking  ] GC(4) Concurrent Mark
[2025-10-15T18:55:54.829+0000][7][gc,marking  ] GC(4) Concurrent Mark From Roots
[2025-10-15T18:55:54.829+0000][7][gc,task     ] GC(4) Using 2 workers of 2 for marking
[2025-10-15T18:55:54.834+0000][7][gc,marking  ] GC(4) Concurrent Mark From Roots 5.755ms
[2025-10-15T18:55:54.834+0000][7][gc,marking  ] GC(4) Concurrent Preclean
[2025-10-15T18:55:54.835+0000][7][gc,marking  ] GC(4) Concurrent Preclean 0.044ms
[2025-10-15T18:55:54.835+0000][7][gc,start    ] GC(4) Pause Remark
[2025-10-15T18:55:54.836+0000][7][gc          ] GC(4) Pause Remark 22M->22M(3072M) 1.833ms
[2025-10-15T18:55:54.836+0000][7][gc,cpu      ] GC(4) User=0.00s Sys=0.00s Real=0.00s
[2025-10-15T18:55:54.836+0000][7][safepoint   ] Safepoint "G1PauseRemark", Time since last: 7152706 ns, Reaching safepoint: 2211 ns, Cleanup: 5362 ns, At safepoint: 1888173 ns, Total: 1895746 ns
[2025-10-15T18:55:54.836+0000][7][gc,marking  ] GC(4) Concurrent Mark 7.764ms
[2025-10-15T18:55:54.836+0000][7][gc,marking  ] GC(4) Concurrent Rebuild Remembered Sets and Scrub Regions
[2025-10-15T18:55:54.840+0000][7][gc,marking  ] GC(4) Concurrent Rebuild Remembered Sets and Scrub Regions 3.485ms
[2025-10-15T18:55:54.840+0000][7][gc,start    ] GC(4) Pause Cleanup
[2025-10-15T18:55:54.840+0000][7][gc          ] GC(4) Pause Cleanup 22M->22M(3072M) 0.087ms
[2025-10-15T18:55:54.840+0000][7][gc,cpu      ] GC(4) User=0.00s Sys=0.00s Real=0.00s
[2025-10-15T18:55:54.840+0000][7][safepoint   ] Safepoint "G1PauseCleanup", Time since last: 3550729 ns, Reaching safepoint: 65257 ns, Cleanup: 4038 ns, At safepoint: 113430 ns, Total: 182725 ns
[2025-10-15T18:55:54.840+0000][7][gc,marking  ] GC(4) Concurrent Clear Claimed Marks
[2025-10-15T18:55:54.840+0000][7][gc,marking  ] GC(4) Concurrent Clear Claimed Marks 0.026ms
[2025-10-15T18:55:54.840+0000][7][gc,marking  ] GC(4) Concurrent Cleanup for Next Mark
[2025-10-15T18:55:54.842+0000][7][gc,marking  ] GC(4) Concurrent Cleanup for Next Mark 2.127ms
[2025-10-15T18:55:54.842+0000][7][gc          ] GC(4) Concurrent Mark Cycle 15.033ms
[2025-10-15T18:55:55.459+0000][7][safepoint   ] Safepoint "ICBufferFull", Time since last: 619179002 ns, Reaching safepoint: 5755 ns, Cleanup: 86640 ns, At safepoint: 6309 ns, Total: 98704 ns
[2025-10-15T18:55:56.254+0000][7][safepoint   ] Safepoint "ICBufferFull", Time since last: 794249164 ns, Reaching safepoint: 3494 ns, Cleanup: 78139 ns, At safepoint: 4454 ns, Total: 86087 ns
[2025-10-15T18:55:57.128+0000][7][safepoint   ] Safepoint "ICBufferFull", Time since last: 873644637 ns, Reaching safepoint: 5402 ns, Cleanup: 62105 ns, At safepoint: 4501 ns, Total: 72008 ns
[2025-10-15T18:55:57.865+0000][7][gc,start    ] GC(5) Pause Young (Prepare Mixed) (Metadata GC Threshold)
[2025-10-15T18:55:57.865+0000][7][gc,task     ] GC(5) Using 8 workers of 8 for evacuation
[2025-10-15T18:55:57.865+0000][7][gc,age      ] GC(5) Desired survivor size 121634816 bytes, new threshold 15 (max threshold 15)
[2025-10-15T18:55:57.918+0000][7][gc,phases   ] GC(5)   Pre Evacuate Collection Set: 0.32ms
[2025-10-15T18:55:57.918+0000][7][gc,phases   ] GC(5)   Merge Heap Roots: 0.13ms
[2025-10-15T18:55:57.918+0000][7][gc,phases   ] GC(5)   Evacuate Collection Set: 49.87ms
[2025-10-15T18:55:57.918+0000][7][gc,phases   ] GC(5)   Post Evacuate Collection Set: 2.25ms
[2025-10-15T18:55:57.918+0000][7][gc,phases   ] GC(5)   Other: 0.11ms
[2025-10-15T18:55:57.918+0000][7][gc,age      ] GC(5) Age table with threshold 15 (max threshold 15)
[2025-10-15T18:55:57.918+0000][7][gc,age      ] GC(5) - age   1:   28679408 bytes,   28679408 total
[2025-10-15T18:55:57.918+0000][7][gc,age      ] GC(5) - age   2:    3739192 bytes,   32418600 total
[2025-10-15T18:55:57.918+0000][7][gc,age      ] GC(5) - age   3:    2516584 bytes,   34935184 total
[2025-10-15T18:55:57.918+0000][7][gc,age      ] GC(5) - age   4:    2988336 bytes,   37923520 total
[2025-10-15T18:55:57.918+0000][7][gc,heap     ] GC(5) Eden regions: 170->0(211)
[2025-10-15T18:55:57.918+0000][7][gc,heap     ] GC(5) Survivor regions: 3->10(58)
[2025-10-15T18:55:57.918+0000][7][gc,heap     ] GC(5) Old regions: 3->3
[2025-10-15T18:55:57.918+0000][7][gc,heap     ] GC(5) Humongous regions: 0->0
[2025-10-15T18:55:57.918+0000][7][gc,metaspace] GC(5) Metaspace: 35176K(36160K)->35176K(36160K) NonClass: 30521K(31104K)->30521K(31104K) Class: 4654K(5056K)->4654K(5056K)
[2025-10-15T18:55:57.918+0000][7][gc          ] GC(5) Pause Young (Prepare Mixed) (Metadata GC Threshold) 698M->48M(3072M) 52.867ms
[2025-10-15T18:55:57.918+0000][7][gc,cpu      ] GC(5) User=0.13s Sys=0.00s Real=0.05s
[2025-10-15T18:55:57.918+0000][7][safepoint   ] Safepoint "CollectForMetadataAllocation", Time since last: 737570853 ns, Reaching safepoint: 4999 ns, Cleanup: 98049 ns, At safepoint: 52936815 ns, Total: 53039863 ns
[2025-10-15T18:55:57.950+0000][7][gc,start    ] GC(6) Pause Young (Mixed) (Metadata GC Threshold)
[2025-10-15T18:55:57.950+0000][7][gc,task     ] GC(6) Using 8 workers of 8 for evacuation
[2025-10-15T18:55:57.950+0000][7][gc,age      ] GC(6) Desired survivor size 58720256 bytes, new threshold 15 (max threshold 15)
[2025-10-15T18:55:57.985+0000][7][gc,phases   ] GC(6)   Pre Evacuate Collection Set: 1.23ms
[2025-10-15T18:55:57.985+0000][7][gc,phases   ] GC(6)   Merge Heap Roots: 0.10ms
[2025-10-15T18:55:57.985+0000][7][gc,phases   ] GC(6)   Evacuate Collection Set: 31.01ms
[2025-10-15T18:55:57.985+0000][7][gc,phases   ] GC(6)   Post Evacuate Collection Set: 2.25ms
[2025-10-15T18:55:57.985+0000][7][gc,phases   ] GC(6)   Other: 0.08ms
[2025-10-15T18:55:57.985+0000][7][gc,age      ] GC(6) Age table with threshold 15 (max threshold 15)
[2025-10-15T18:55:57.985+0000][7][gc,age      ] GC(6) - age   1:     111192 bytes,     111192 total
[2025-10-15T18:55:57.985+0000][7][gc,age      ] GC(6) - age   2:   28515912 bytes,   28627104 total
[2025-10-15T18:55:57.985+0000][7][gc,age      ] GC(6) - age   3:    3739032 bytes,   32366136 total
[2025-10-15T18:55:57.985+0000][7][gc,age      ] GC(6) - age   4:    2511688 bytes,   34877824 total
[2025-10-15T18:55:57.985+0000][7][gc,age      ] GC(6) - age   5:    2988272 bytes,   37866096 total
[2025-10-15T18:55:57.985+0000][7][gc,heap     ] GC(6) Eden regions: 1->0(55)
[2025-10-15T18:55:57.985+0000][7][gc,heap     ] GC(6) Survivor regions: 10->11(28)
[2025-10-15T18:55:57.985+0000][7][gc,heap     ] GC(6) Old regions: 3->3
[2025-10-15T18:55:57.985+0000][7][gc,heap     ] GC(6) Humongous regions: 0->0
[2025-10-15T18:55:57.985+0000][7][gc,metaspace] GC(6) Metaspace: 35517K(36480K)->35517K(36480K) NonClass: 30834K(31424K)->30834K(31424K) Class: 4683K(5056K)->4683K(5056K)
[2025-10-15T18:55:57.986+0000][7][gc          ] GC(6) Pause Young (Mixed) (Metadata GC Threshold) 52M->49M(3072M) 35.298ms
[2025-10-15T18:55:57.986+0000][7][gc,cpu      ] GC(6) User=0.10s Sys=0.00s Real=0.04s
[2025-10-15T18:55:57.986+0000][7][safepoint   ] Safepoint "CollectForMetadataAllocation", Time since last: 32053022 ns, Reaching safepoint: 4336 ns, Cleanup: 14399 ns, At safepoint: 35569151 ns, Total: 35587886 ns
[2025-10-15T18:55:58.011+0000][7][gc,start    ] GC(7) Pause Young (Concurrent Start) (Metadata GC Threshold)
[2025-10-15T18:55:58.011+0000][7][gc,task     ] GC(7) Using 8 workers of 8 for evacuation
[2025-10-15T18:55:58.011+0000][7][gc,age      ] GC(7) Desired survivor size 18874368 bytes, new threshold 2 (max threshold 15)
[2025-10-15T18:55:58.037+0000][7][gc,phases   ] GC(7)   Pre Evacuate Collection Set: 0.34ms
[2025-10-15T18:55:58.037+0000][7][gc,phases   ] GC(7)   Merge Heap Roots: 0.04ms
[2025-10-15T18:55:58.037+0000][7][gc,phases   ] GC(7)   Evacuate Collection Set: 24.76ms
[2025-10-15T18:55:58.037+0000][7][gc,phases   ] GC(7)   Post Evacuate Collection Set: 0.61ms
[2025-10-15T18:55:58.037+0000][7][gc,phases   ] GC(7)   Other: 0.11ms
[2025-10-15T18:55:58.037+0000][7][gc,age      ] GC(7) Age table with threshold 2 (max threshold 15)
[2025-10-15T18:55:58.037+0000][7][gc,age      ] GC(7) - age   1:      54512 bytes,      54512 total
[2025-10-15T18:55:58.037+0000][7][gc,age      ] GC(7) - age   2:      35864 bytes,      90376 total
[2025-10-15T18:55:58.037+0000][7][gc,heap     ] GC(7) Eden regions: 1->0(389)
[2025-10-15T18:55:58.037+0000][7][gc,heap     ] GC(7) Survivor regions: 11->2(9)
[2025-10-15T18:55:58.037+0000][7][gc,heap     ] GC(7) Old regions: 3->12
[2025-10-15T18:55:58.037+0000][7][gc,heap     ] GC(7) Humongous regions: 0->0
[2025-10-15T18:55:58.037+0000][7][gc,metaspace] GC(7) Metaspace: 35820K(36800K)->35820K(36800K) NonClass: 31103K(31680K)->31103K(31680K) Class: 4716K(5120K)->4716K(5120K)
[2025-10-15T18:55:58.037+0000][7][gc          ] GC(7) Pause Young (Concurrent Start) (Metadata GC Threshold) 53M->53M(3072M) 26.304ms
[2025-10-15T18:55:58.037+0000][7][gc,cpu      ] GC(7) User=0.08s Sys=0.01s Real=0.03s
[2025-10-15T18:55:58.037+0000][7][gc          ] GC(8) Concurrent Mark Cycle
[2025-10-15T18:55:58.037+0000][7][gc,marking  ] GC(8) Concurrent Scan Root Regions
[2025-10-15T18:55:58.037+0000][7][safepoint   ] Safepoint "CollectForMetadataAllocation", Time since last: 25247293 ns, Reaching safepoint: 5698 ns, Cleanup: 16913 ns, At safepoint: 26410212 ns, Total: 26432823 ns
[2025-10-15T18:55:58.062+0000][7][gc,marking  ] GC(8) Concurrent Scan Root Regions 24.475ms
[2025-10-15T18:55:58.062+0000][7][gc,marking  ] GC(8) Concurrent Mark
[2025-10-15T18:55:58.062+0000][7][gc,marking  ] GC(8) Concurrent Mark From Roots
[2025-10-15T18:55:58.062+0000][7][gc,task     ] GC(8) Using 2 workers of 2 for marking
[2025-10-15T18:55:58.072+0000][7][gc,marking  ] GC(8) Concurrent Mark From Roots 10.143ms
[2025-10-15T18:55:58.072+0000][7][gc,marking  ] GC(8) Concurrent Preclean
[2025-10-15T18:55:58.072+0000][7][gc,marking  ] GC(8) Concurrent Preclean 0.115ms
[2025-10-15T18:55:58.073+0000][7][gc,start    ] GC(8) Pause Remark
[2025-10-15T18:55:58.079+0000][7][gc          ] GC(8) Pause Remark 56M->56M(3072M) 6.593ms
[2025-10-15T18:55:58.080+0000][7][gc,cpu      ] GC(8) User=0.02s Sys=0.00s Real=0.01s
[2025-10-15T18:55:58.080+0000][7][safepoint   ] Safepoint "G1PauseRemark", Time since last: 35004298 ns, Reaching safepoint: 400600 ns, Cleanup: 23089 ns, At safepoint: 6642006 ns, Total: 7065695 ns
[2025-10-15T18:55:58.080+0000][7][gc,marking  ] GC(8) Concurrent Mark 17.608ms
[2025-10-15T18:55:58.080+0000][7][gc,marking  ] GC(8) Concurrent Rebuild Remembered Sets and Scrub Regions
[2025-10-15T18:55:58.098+0000][7][gc,marking  ] GC(8) Concurrent Rebuild Remembered Sets and Scrub Regions 17.963ms
[2025-10-15T18:55:58.098+0000][7][gc,start    ] GC(8) Pause Cleanup
[2025-10-15T18:55:58.098+0000][7][gc          ] GC(8) Pause Cleanup 56M->56M(3072M) 0.147ms
[2025-10-15T18:55:58.098+0000][7][gc,cpu      ] GC(8) User=0.00s Sys=0.00s Real=0.00s
[2025-10-15T18:55:58.098+0000][7][safepoint   ] Safepoint "G1PauseCleanup", Time since last: 18076915 ns, Reaching safepoint: 71556 ns, Cleanup: 19248 ns, At safepoint: 182567 ns, Total: 273371 ns
[2025-10-15T18:55:58.098+0000][7][gc,marking  ] GC(8) Concurrent Clear Claimed Marks
[2025-10-15T18:55:58.098+0000][7][gc,marking  ] GC(8) Concurrent Clear Claimed Marks 0.068ms
[2025-10-15T18:55:58.098+0000][7][gc,marking  ] GC(8) Concurrent Cleanup for Next Mark
[2025-10-15T18:55:58.101+0000][7][gc,marking  ] GC(8) Concurrent Cleanup for Next Mark 3.139ms
[2025-10-15T18:55:58.101+0000][7][gc          ] GC(8) Concurrent Mark Cycle 63.778ms
[2025-10-15T18:55:59.259+0000][7][safepoint   ] Safepoint "ICBufferFull", Time since last: 1161098173 ns, Reaching safepoint: 5645 ns, Cleanup: 130609 ns, At safepoint: 7468 ns, Total: 143722 ns
[2025-10-15T18:56:00.065+0000][7][safepoint   ] Safepoint "ICBufferFull", Time since last: 806160634 ns, Reaching safepoint: 2708 ns, Cleanup: 68766 ns, At safepoint: 4041 ns, Total: 75515 ns
[2025-10-15T18:56:01.374+0000][7][safepoint   ] Safepoint "ICBufferFull", Time since last: 1308887505 ns, Reaching safepoint: 4951 ns, Cleanup: 188597 ns, At safepoint: 7958 ns, Total: 201506 ns
[2025-10-15T18:56:02.401+0000][7][safepoint   ] Safepoint "Cleanup", Time since last: 1020874780 ns, Reaching safepoint: 5550480 ns, Cleanup: 108937 ns, At safepoint: 13601 ns, Total: 5673018 ns
[2025-10-15T18:56:03.220+0000][7][gc,start    ] GC(9) Pause Young (Concurrent Start) (Metadata GC Threshold)
[2025-10-15T18:56:03.220+0000][7][gc,task     ] GC(9) Using 8 workers of 8 for evacuation
[2025-10-15T18:56:03.220+0000][7][gc,age      ] GC(9) Desired survivor size 102760448 bytes, new threshold 15 (max threshold 15)
[2025-10-15T18:56:03.227+0000][7][gc,phases   ] GC(9)   Pre Evacuate Collection Set: 0.13ms
[2025-10-15T18:56:03.227+0000][7][gc,phases   ] GC(9)   Merge Heap Roots: 0.05ms
[2025-10-15T18:56:03.227+0000][7][gc,phases   ] GC(9)   Evacuate Collection Set: 6.38ms
[2025-10-15T18:56:03.227+0000][7][gc,phases   ] GC(9)   Post Evacuate Collection Set: 0.71ms
[2025-10-15T18:56:03.227+0000][7][gc,phases   ] GC(9)   Other: 0.07ms
[2025-10-15T18:56:03.227+0000][7][gc,age      ] GC(9) Age table with threshold 15 (max threshold 15)
[2025-10-15T18:56:03.227+0000][7][gc,age      ] GC(9) - age   1:   11650416 bytes,   11650416 total
[2025-10-15T18:56:03.227+0000][7][gc,age      ] GC(9) - age   2:      43904 bytes,   11694320 total
[2025-10-15T18:56:03.227+0000][7][gc,age      ] GC(9) - age   3:      35744 bytes,   11730064 total
[2025-10-15T18:56:03.227+0000][7][gc,heap     ] GC(9) Eden regions: 112->0(424)
[2025-10-15T18:56:03.227+0000][7][gc,heap     ] GC(9) Survivor regions: 2->3(49)
[2025-10-15T18:56:03.227+0000][7][gc,heap     ] GC(9) Old regions: 12->12
[2025-10-15T18:56:03.227+0000][7][gc,heap     ] GC(9) Humongous regions: 0->0
[2025-10-15T18:56:03.227+0000][7][gc,metaspace] GC(9) Metaspace: 60478K(61760K)->60478K(61760K) NonClass: 52266K(53056K)->52266K(53056K) Class: 8212K(8704K)->8212K(8704K)
[2025-10-15T18:56:03.228+0000][7][gc          ] GC(9) Pause Young (Concurrent Start) (Metadata GC Threshold) 499M->58M(3072M) 7.509ms
[2025-10-15T18:56:03.228+0000][7][gc,cpu      ] GC(9) User=0.05s Sys=0.00s Real=0.01s
[2025-10-15T18:56:03.228+0000][7][gc          ] GC(10) Concurrent Mark Cycle
[2025-10-15T18:56:03.228+0000][7][gc,marking  ] GC(10) Concurrent Scan Root Regions
[2025-10-15T18:56:03.228+0000][7][safepoint   ] Safepoint "CollectForMetadataAllocation", Time since last: 818975662 ns, Reaching safepoint: 3566 ns, Cleanup: 37285 ns, At safepoint: 7592788 ns, Total: 7633639 ns
[2025-10-15T18:56:03.234+0000][7][gc,marking  ] GC(10) Concurrent Scan Root Regions 6.158ms
[2025-10-15T18:56:03.234+0000][7][gc,marking  ] GC(10) Concurrent Mark
[2025-10-15T18:56:03.234+0000][7][gc,marking  ] GC(10) Concurrent Mark From Roots
[2025-10-15T18:56:03.234+0000][7][gc,task     ] GC(10) Using 2 workers of 2 for marking
[2025-10-15T18:56:03.245+0000][7][safepoint   ] Safepoint "CollectForMetadataAllocation", Time since last: 17409578 ns, Reaching safepoint: 24603 ns, Cleanup: 7847 ns, At safepoint: 40311 ns, Total: 72761 ns
[2025-10-15T18:56:03.272+0000][7][gc,marking  ] GC(10) Concurrent Mark From Roots 37.758ms
[2025-10-15T18:56:03.272+0000][7][gc,marking  ] GC(10) Concurrent Preclean
[2025-10-15T18:56:03.272+0000][7][gc,marking  ] GC(10) Concurrent Preclean 0.127ms
[2025-10-15T18:56:03.272+0000][7][gc,start    ] GC(10) Pause Remark
[2025-10-15T18:56:03.276+0000][7][gc          ] GC(10) Pause Remark 64M->64M(3072M) 3.723ms
[2025-10-15T18:56:03.276+0000][7][gc,cpu      ] GC(10) User=0.02s Sys=0.00s Real=0.01s
[2025-10-15T18:56:03.276+0000][7][safepoint   ] Safepoint "G1PauseRemark", Time since last: 26629945 ns, Reaching safepoint: 151324 ns, Cleanup: 18324 ns, At safepoint: 3772913 ns, Total: 3942561 ns
[2025-10-15T18:56:03.276+0000][7][gc,marking  ] GC(10) Concurrent Mark 41.911ms
[2025-10-15T18:56:03.276+0000][7][gc,marking  ] GC(10) Concurrent Rebuild Remembered Sets and Scrub Regions
[2025-10-15T18:56:03.291+0000][7][gc,marking  ] GC(10) Concurrent Rebuild Remembered Sets and Scrub Regions 15.354ms
[2025-10-15T18:56:03.291+0000][7][gc,start    ] GC(10) Pause Cleanup
[2025-10-15T18:56:03.291+0000][7][gc          ] GC(10) Pause Cleanup 64M->64M(3072M) 0.091ms
[2025-10-15T18:56:03.291+0000][7][gc,cpu      ] GC(10) User=0.01s Sys=0.00s Real=0.00s
[2025-10-15T18:56:03.291+0000][7][safepoint   ] Safepoint "G1PauseCleanup", Time since last: 15428100 ns, Reaching safepoint: 67747 ns, Cleanup: 7190 ns, At safepoint: 119376 ns, Total: 194313 ns
[2025-10-15T18:56:03.291+0000][7][gc,marking  ] GC(10) Concurrent Clear Claimed Marks
[2025-10-15T18:56:03.291+0000][7][gc,marking  ] GC(10) Concurrent Clear Claimed Marks 0.076ms
[2025-10-15T18:56:03.291+0000][7][gc,marking  ] GC(10) Concurrent Cleanup for Next Mark
[2025-10-15T18:56:03.295+0000][7][gc,marking  ] GC(10) Concurrent Cleanup for Next Mark 4.067ms
[2025-10-15T18:56:03.296+0000][7][gc          ] GC(10) Concurrent Mark Cycle 67.972ms
[2025-10-15T18:56:04.236+0000][7][safepoint   ] Safepoint "ICBufferFull", Time since last: 944883051 ns, Reaching safepoint: 2966 ns, Cleanup: 66071 ns, At safepoint: 4513 ns, Total: 73550 ns
[2025-10-15T18:56:04.729+0000][7][safepoint   ] Safepoint "ICBufferFull", Time since last: 493038632 ns, Reaching safepoint: 4741 ns, Cleanup: 98034 ns, At safepoint: 6434 ns, Total: 109209 ns
[2025-10-15T18:56:05.340+0000][7][safepoint   ] Safepoint "ICBufferFull", Time since last: 610502478 ns, Reaching safepoint: 66211 ns, Cleanup: 67092 ns, At safepoint: 4130 ns, Total: 137433 ns
[2025-10-15T18:56:05.627+0000][7][safepoint   ] Safepoint "ICBufferFull", Time since last: 286397780 ns, Reaching safepoint: 8189 ns, Cleanup: 95609 ns, At safepoint: 8007 ns, Total: 111805 ns
[2025-10-15T18:56:05.897+0000][7][safepoint   ] Safepoint "ICBufferFull", Time since last: 269957511 ns, Reaching safepoint: 4799 ns, Cleanup: 72700 ns, At safepoint: 4662 ns, Total: 82161 ns
[2025-10-15T18:56:06.046+0000][7][safepoint   ] Safepoint "ICBufferFull", Time since last: 149063003 ns, Reaching safepoint: 14674 ns, Cleanup: 77673 ns, At safepoint: 3616 ns, Total: 95963 ns
[2025-10-15T18:56:06.141+0000][7][gc,start    ] GC(11) Pause Young (Concurrent Start) (Metadata GC Threshold)
[2025-10-15T18:56:06.141+0000][7][gc,task     ] GC(11) Using 8 workers of 8 for evacuation
[2025-10-15T18:56:06.141+0000][7][gc,age      ] GC(11) Desired survivor size 106954752 bytes, new threshold 15 (max threshold 15)
[2025-10-15T18:56:06.178+0000][7][gc,phases   ] GC(11)   Pre Evacuate Collection Set: 0.13ms
[2025-10-15T18:56:06.178+0000][7][gc,phases   ] GC(11)   Merge Heap Roots: 0.05ms
[2025-10-15T18:56:06.178+0000][7][gc,phases   ] GC(11)   Evacuate Collection Set: 35.61ms
[2025-10-15T18:56:06.178+0000][7][gc,phases   ] GC(11)   Post Evacuate Collection Set: 1.02ms
[2025-10-15T18:56:06.178+0000][7][gc,phases   ] GC(11)   Other: 0.06ms
[2025-10-15T18:56:06.178+0000][7][gc,age      ] GC(11) Age table with threshold 15 (max threshold 15)
[2025-10-15T18:56:06.178+0000][7][gc,age      ] GC(11) - age   1:   19270600 bytes,   19270600 total
[2025-10-15T18:56:06.178+0000][7][gc,age      ] GC(11) - age   2:   10908592 bytes,   30179192 total
[2025-10-15T18:56:06.178+0000][7][gc,age      ] GC(11) - age   3:      43040 bytes,   30222232 total
[2025-10-15T18:56:06.178+0000][7][gc,age      ] GC(11) - age   4:      35296 bytes,   30257528 total
[2025-10-15T18:56:06.178+0000][7][gc,heap     ] GC(11) Eden regions: 90->0(308)
[2025-10-15T18:56:06.178+0000][7][gc,heap     ] GC(11) Survivor regions: 3->8(51)
[2025-10-15T18:56:06.178+0000][7][gc,heap     ] GC(11) Old regions: 12->12
[2025-10-15T18:56:06.178+0000][7][gc,heap     ] GC(11) Humongous regions: 2->2
[2025-10-15T18:56:06.178+0000][7][gc,metaspace] GC(11) Metaspace: 100834K(103680K)->100834K(103680K) NonClass: 86239K(87808K)->86239K(87808K) Class: 14594K(15872K)->14594K(15872K)
[2025-10-15T18:56:06.178+0000][7][gc          ] GC(11) Pause Young (Concurrent Start) (Metadata GC Threshold) 424M->86M(3072M) 36.990ms
[2025-10-15T18:56:06.178+0000][7][gc          ] GC(12) Concurrent Mark Cycle
[2025-10-15T18:56:06.178+0000][7][gc,cpu      ] GC(11) User=0.09s Sys=0.00s Real=0.04s
[2025-10-15T18:56:06.178+0000][7][gc,marking  ] GC(12) Concurrent Scan Root Regions
[2025-10-15T18:56:06.178+0000][7][safepoint   ] Safepoint "CollectForMetadataAllocation", Time since last: 95145567 ns, Reaching safepoint: 5993 ns, Cleanup: 41974 ns, At safepoint: 37067353 ns, Total: 37115320 ns
[2025-10-15T18:56:06.195+0000][7][gc,marking  ] GC(12) Concurrent Scan Root Regions 17.502ms
[2025-10-15T18:56:06.197+0000][7][gc,marking  ] GC(12) Concurrent Mark
[2025-10-15T18:56:06.198+0000][7][gc,marking  ] GC(12) Concurrent Mark From Roots
[2025-10-15T18:56:06.198+0000][7][gc,task     ] GC(12) Using 2 workers of 2 for marking
[2025-10-15T18:56:06.208+0000][7][safepoint   ] Safepoint "CollectForMetadataAllocation", Time since last: 29469391 ns, Reaching safepoint: 37317 ns, Cleanup: 15192 ns, At safepoint: 43274 ns, Total: 95783 ns
[2025-10-15T18:56:06.209+0000][7][safepoint   ] Safepoint "CollectForMetadataAllocation", Time since last: 1234416 ns, Reaching safepoint: 343111 ns, Cleanup: 2672 ns, At safepoint: 12055 ns, Total: 357838 ns
[2025-10-15T18:56:06.211+0000][7][safepoint   ] Safepoint "CollectForMetadataAllocation", Time since last: 1377912 ns, Reaching safepoint: 88293 ns, Cleanup: 2877 ns, At safepoint: 9091 ns, Total: 100261 ns
[2025-10-15T18:56:06.287+0000][7][gc,marking  ] GC(12) Concurrent Mark From Roots 89.908ms
[2025-10-15T18:56:06.287+0000][7][gc,marking  ] GC(12) Concurrent Preclean
[2025-10-15T18:56:06.288+0000][7][gc,marking  ] GC(12) Concurrent Preclean 0.183ms
[2025-10-15T18:56:06.288+0000][7][gc,start    ] GC(12) Pause Remark
[2025-10-15T18:56:06.291+0000][7][gc          ] GC(12) Pause Remark 109M->109M(3072M) 3.594ms
[2025-10-15T18:56:06.291+0000][7][gc,cpu      ] GC(12) User=0.02s Sys=0.00s Real=0.00s
[2025-10-15T18:56:06.291+0000][7][safepoint   ] Safepoint "G1PauseRemark", Time since last: 77071734 ns, Reaching safepoint: 8965 ns, Cleanup: 13593 ns, At safepoint: 3643894 ns, Total: 3666452 ns
[2025-10-15T18:56:06.291+0000][7][gc,marking  ] GC(12) Concurrent Mark 93.910ms
[2025-10-15T18:56:06.291+0000][7][gc,marking  ] GC(12) Concurrent Rebuild Remembered Sets and Scrub Regions
[2025-10-15T18:56:06.305+0000][7][gc,marking  ] GC(12) Concurrent Rebuild Remembered Sets and Scrub Regions 14.034ms
[2025-10-15T18:56:06.306+0000][7][gc,start    ] GC(12) Pause Cleanup
[2025-10-15T18:56:06.306+0000][7][gc          ] GC(12) Pause Cleanup 111M->111M(3072M) 0.120ms
[2025-10-15T18:56:06.306+0000][7][gc,cpu      ] GC(12) User=0.00s Sys=0.00s Real=0.00s
[2025-10-15T18:56:06.306+0000][7][safepoint   ] Safepoint "G1PauseCleanup", Time since last: 14116913 ns, Reaching safepoint: 72414 ns, Cleanup: 13693 ns, At safepoint: 163168 ns, Total: 249275 ns
[2025-10-15T18:56:06.306+0000][7][gc,marking  ] GC(12) Concurrent Clear Claimed Marks
[2025-10-15T18:56:06.306+0000][7][gc,marking  ] GC(12) Concurrent Clear Claimed Marks 0.237ms
[2025-10-15T18:56:06.306+0000][7][gc,marking  ] GC(12) Concurrent Cleanup for Next Mark
[2025-10-15T18:56:06.309+0000][7][gc,marking  ] GC(12) Concurrent Cleanup for Next Mark 3.010ms
[2025-10-15T18:56:06.309+0000][7][gc          ] GC(12) Concurrent Mark Cycle 131.136ms
[2025-10-15T18:56:07.306+0000][7][safepoint   ] Safepoint "Cleanup", Time since last: 1000079726 ns, Reaching safepoint: 22687 ns, Cleanup: 74059 ns, At safepoint: 7509 ns, Total: 104255 ns
[2025-10-15T18:56:08.306+0000][7][safepoint   ] Safepoint "Cleanup", Time since last: 1000100156 ns, Reaching safepoint: 7484 ns, Cleanup: 21214 ns, At safepoint: 4729 ns, Total: 33427 ns
[2025-10-15T18:56:09.306+0000][7][safepoint   ] Safepoint "Cleanup", Time since last: 1000123920 ns, Reaching safepoint: 15994 ns, Cleanup: 21596 ns, At safepoint: 26075 ns, Total: 63665 ns
[2025-10-15T18:56:10.306+0000][7][safepoint   ] Safepoint "Cleanup", Time since last: 1000108829 ns, Reaching safepoint: 12639 ns, Cleanup: 16371 ns, At safepoint: 11617 ns, Total: 40627 ns
[2025-10-15T18:56:11.307+0000][7][safepoint   ] Safepoint "Cleanup", Time since last: 1000147044 ns, Reaching safepoint: 6853 ns, Cleanup: 12286 ns, At safepoint: 5576 ns, Total: 24715 ns
[2025-10-15T18:56:12.307+0000][7][safepoint   ] Safepoint "Cleanup", Time since last: 1000099493 ns, Reaching safepoint: 8859 ns, Cleanup: 19750 ns, At safepoint: 6507 ns, Total: 35116 ns
[2025-10-15T18:56:13.307+0000][7][safepoint   ] Safepoint "Cleanup", Time since last: 1000113976 ns, Reaching safepoint: 14153 ns, Cleanup: 13286 ns, At safepoint: 7209 ns, Total: 34648 ns
[2025-10-15T18:56:14.307+0000][7][safepoint   ] Safepoint "Cleanup", Time since last: 1000107225 ns, Reaching safepoint: 7739 ns, Cleanup: 9925 ns, At safepoint: 4093 ns, Total: 21757 ns
[2025-10-15T18:56:15.307+0000][7][safepoint   ] Safepoint "Cleanup", Time since last: 1000099222 ns, Reaching safepoint: 10121 ns, Cleanup: 17977 ns, At safepoint: 6335 ns, Total: 34433 ns
[2025-10-15T18:56:16.307+0000][7][safepoint   ] Safepoint "Cleanup", Time since last: 1000100762 ns, Reaching safepoint: 6348 ns, Cleanup: 10685 ns, At safepoint: 5238 ns, Total: 22271 ns
[2025-10-15T18:56:18.307+0000][7][safepoint   ] Safepoint "Cleanup", Time since last: 2000160010 ns, Reaching safepoint: 9981 ns, Cleanup: 10025 ns, At safepoint: 5662 ns, Total: 25668 ns
[2025-10-15T18:56:20.308+0000][7][safepoint   ] Safepoint "Cleanup", Time since last: 2000183380 ns, Reaching safepoint: 19610 ns, Cleanup: 18639 ns, At safepoint: 6804 ns, Total: 45053 ns
[2025-10-15T18:56:22.308+0000][7][safepoint   ] Safepoint "Cleanup", Time since last: 2000194403 ns, Reaching safepoint: 9002 ns, Cleanup: 11588 ns, At safepoint: 4950 ns, Total: 25540 ns
[2025-10-15T18:56:28.308+0000][7][safepoint   ] Safepoint "Cleanup", Time since last: 6000424536 ns, Reaching safepoint: 39417 ns, Cleanup: 22963 ns, At safepoint: 9446 ns, Total: 71826 ns
[2025-10-15T18:56:31.309+0000][7][safepoint   ] Safepoint "Cleanup", Time since last: 3000405224 ns, Reaching safepoint: 12488 ns, Cleanup: 14843 ns, At safepoint: 6429 ns, Total: 33760 ns
[2025-10-15T18:56:33.309+0000][7][safepoint   ] Safepoint "Cleanup", Time since last: 2000181856 ns, Reaching safepoint: 10063 ns, Cleanup: 8723 ns, At safepoint: 5826 ns, Total: 24612 ns
[2025-10-15T18:56:35.309+0000][7][safepoint   ] Safepoint "Cleanup", Time since last: 2000169070 ns, Reaching safepoint: 8377 ns, Cleanup: 9799 ns, At safepoint: 4601 ns, Total: 22777 ns
[2025-10-15T18:56:36.309+0000][7][safepoint   ] Safepoint "Cleanup", Time since last: 1000125734 ns, Reaching safepoint: 8849 ns, Cleanup: 19200 ns, At safepoint: 5521 ns, Total: 33570 ns
[2025-10-15T18:56:37.309+0000][7][safepoint   ] Safepoint "Cleanup", Time since last: 1000116300 ns, Reaching safepoint: 12598 ns, Cleanup: 12333 ns, At safepoint: 5064 ns, Total: 29995 ns
[2025-10-15T18:56:39.311+0000][7][safepoint   ] Safepoint "Cleanup", Time since last: 2001057644 ns, Reaching safepoint: 15740 ns, Cleanup: 24416 ns, At safepoint: 10988 ns, Total: 51144 ns
[2025-10-15T18:56:41.311+0000][7][safepoint   ] Safepoint "Cleanup", Time since last: 2000203652 ns, Reaching safepoint: 10054 ns, Cleanup: 26241 ns, At safepoint: 6103 ns, Total: 42398 ns
[2025-10-15T18:56:43.311+0000][7][safepoint   ] Safepoint "Cleanup", Time since last: 2000163956 ns, Reaching safepoint: 18704 ns, Cleanup: 10429 ns, At safepoint: 4489 ns, Total: 33622 ns
[2025-10-15T18:56:45.311+0000][7][safepoint   ] Safepoint "Cleanup", Time since last: 2000144533 ns, Reaching safepoint: 7310 ns, Cleanup: 8944 ns, At safepoint: 3786 ns, Total: 20040 ns
[2025-10-15T18:56:47.311+0000][7][safepoint   ] Safepoint "Cleanup", Time since last: 2000157507 ns, Reaching safepoint: 7659 ns, Cleanup: 12418 ns, At safepoint: 6020 ns, Total: 26097 ns
[2025-10-15T18:56:49.312+0000][7][safepoint   ] Safepoint "Cleanup", Time since last: 2000140498 ns, Reaching safepoint: 7127 ns, Cleanup: 7028 ns, At safepoint: 3838 ns, Total: 17993 ns
[2025-10-15T18:56:53.941+0000][7][safepoint   ] Safepoint "Cleanup", Time since last: 4629363885 ns, Reaching safepoint: 9865 ns, Cleanup: 14337 ns, At safepoint: 5694 ns, Total: 29896 ns
[2025-10-15T18:56:55.941+0000][7][safepoint   ] Safepoint "Cleanup", Time since last: 2000180309 ns, Reaching safepoint: 19184 ns, Cleanup: 11722 ns, At safepoint: 4884 ns, Total: 35790 ns
[2025-10-15T18:56:57.941+0000][7][safepoint   ] Safepoint "Cleanup", Time since last: 2000170962 ns, Reaching safepoint: 16301 ns, Cleanup: 18635 ns, At safepoint: 12428 ns, Total: 47364 ns
[2025-10-15T18:56:59.942+0000][7][safepoint   ] Safepoint "Cleanup", Time since last: 2000197796 ns, Reaching safepoint: 27195 ns, Cleanup: 6945 ns, At safepoint: 4462 ns, Total: 38602 ns
[2025-10-15T18:57:00.943+0000][7][safepoint   ] Safepoint "Cleanup", Time since last: 1001583872 ns, Reaching safepoint: 16891 ns, Cleanup: 22760 ns, At safepoint: 13598 ns, Total: 53249 ns
[2025-10-15T18:57:01.943+0000][7][safepoint   ] Safepoint "Cleanup", Time since last: 1000124820 ns, Reaching safepoint: 6404 ns, Cleanup: 9330 ns, At safepoint: 3908 ns, Total: 19642 ns
[2025-10-15T18:57:03.944+0000][7][safepoint   ] Safepoint "Cleanup", Time since last: 2000150097 ns, Reaching safepoint: 6769 ns, Cleanup: 8110 ns, At safepoint: 4314 ns, Total: 19193 ns
[2025-10-15T18:57:04.944+0000][7][safepoint   ] Safepoint "Cleanup", Time since last: 1000088171 ns, Reaching safepoint: 6764 ns, Cleanup: 8954 ns, At safepoint: 4883 ns, Total: 20601 ns
[2025-10-15T18:57:05.944+0000][7][safepoint   ] Safepoint "Cleanup", Time since last: 1000089629 ns, Reaching safepoint: 6904 ns, Cleanup: 9831 ns, At safepoint: 3966 ns, Total: 20701 ns
[2025-10-15T18:57:06.944+0000][7][safepoint   ] Safepoint "Cleanup", Time since last: 1000090285 ns, Reaching safepoint: 6680 ns, Cleanup: 10135 ns, At safepoint: 4569 ns, Total: 21384 ns
[2025-10-15T18:57:07.944+0000][7][safepoint   ] Safepoint "Cleanup", Time since last: 1000090421 ns, Reaching safepoint: 7188 ns, Cleanup: 9899 ns, At safepoint: 3805 ns, Total: 20892 ns
[2025-10-15T18:57:13.944+0000][7][safepoint   ] Safepoint "Cleanup", Time since last: 6000409805 ns, Reaching safepoint: 18649 ns, Cleanup: 17006 ns, At safepoint: 6748 ns, Total: 42403 ns
[2025-10-15T18:57:17.945+0000][7][safepoint   ] Safepoint "Cleanup", Time since last: 4000270648 ns, Reaching safepoint: 7158 ns, Cleanup: 9066 ns, At safepoint: 4517 ns, Total: 20741 ns
[2025-10-15T18:57:19.945+0000][7][safepoint   ] Safepoint "Cleanup", Time since last: 2000160015 ns, Reaching safepoint: 7682 ns, Cleanup: 9737 ns, At safepoint: 4396 ns, Total: 21815 ns
[2025-10-15T18:57:21.945+0000][7][safepoint   ] Safepoint "Cleanup", Time since last: 2000201940 ns, Reaching safepoint: 84787 ns, Cleanup: 10305 ns, At safepoint: 3920 ns, Total: 99012 ns
[2025-10-15T18:57:23.945+0000][7][safepoint   ] Safepoint "Cleanup", Time since last: 2000202218 ns, Reaching safepoint: 17328 ns, Cleanup: 10613 ns, At safepoint: 4577 ns, Total: 32518 ns
[2025-10-15T18:57:25.946+0000][7][safepoint   ] Safepoint "Cleanup", Time since last: 2000192413 ns, Reaching safepoint: 6443 ns, Cleanup: 6614 ns, At safepoint: 5309 ns, Total: 18366 ns
[2025-10-15T18:57:26.946+0000][7][safepoint   ] Safepoint "Cleanup", Time since last: 1000058667 ns, Reaching safepoint: 24886 ns, Cleanup: 7036 ns, At safepoint: 19808 ns, Total: 51730 ns
[2025-10-15T18:57:27.946+0000][7][safepoint   ] Safepoint "Cleanup", Time since last: 1000119107 ns, Reaching safepoint: 6611 ns, Cleanup: 7247 ns, At safepoint: 4114 ns, Total: 17972 ns
[2025-10-15T18:57:34.947+0000][7][safepoint   ] Safepoint "Cleanup", Time since last: 7000718445 ns, Reaching safepoint: 19444 ns, Cleanup: 6977 ns, At safepoint: 5023 ns, Total: 31444 ns
[2025-10-15T18:57:35.947+0000][7][safepoint   ] Safepoint "Cleanup", Time since last: 1000093833 ns, Reaching safepoint: 13870 ns, Cleanup: 19216 ns, At safepoint: 5830 ns, Total: 38916 ns
[2025-10-15T18:57:38.947+0000][7][safepoint   ] Safepoint "Cleanup", Time since last: 3000313556 ns, Reaching safepoint: 15809 ns, Cleanup: 17047 ns, At safepoint: 12051 ns, Total: 44907 ns
[2025-10-15T18:57:42.948+0000][7][safepoint   ] Safepoint "Cleanup", Time since last: 4000477969 ns, Reaching safepoint: 6391 ns, Cleanup: 7297 ns, At safepoint: 4787 ns, Total: 18475 ns
[2025-10-15T18:57:44.948+0000][7][safepoint   ] Safepoint "Cleanup", Time since last: 2000181793 ns, Reaching safepoint: 71705 ns, Cleanup: 7099 ns, At safepoint: 5484 ns, Total: 84288 ns
[2025-10-15T18:57:45.948+0000][7][safepoint   ] Safepoint "Cleanup", Time since last: 1000089050 ns, Reaching safepoint: 12316 ns, Cleanup: 14242 ns, At safepoint: 4777 ns, Total: 31335 ns
[2025-10-15T18:57:46.948+0000][7][safepoint   ] Safepoint "Cleanup", Time since last: 1000268050 ns, Reaching safepoint: 6219 ns, Cleanup: 8461 ns, At safepoint: 4475 ns, Total: 19155 ns
[2025-10-15T18:57:48.949+0000][7][safepoint   ] Safepoint "Cleanup", Time since last: 2000158813 ns, Reaching safepoint: 7028 ns, Cleanup: 9927 ns, At safepoint: 4763 ns, Total: 21718 ns
[2025-10-15T18:57:50.949+0000][7][safepoint   ] Safepoint "Cleanup", Time since last: 2000179741 ns, Reaching safepoint: 7180 ns, Cleanup: 6208 ns, At safepoint: 4681 ns, Total: 18069 ns
[2025-10-15T18:57:51.949+0000][7][safepoint   ] Safepoint "Cleanup", Time since last: 1000086968 ns, Reaching safepoint: 6441 ns, Cleanup: 6129 ns, At safepoint: 4444 ns, Total: 17014 ns
[2025-10-15T18:57:52.949+0000][7][safepoint   ] Safepoint "Cleanup", Time since last: 1000086881 ns, Reaching safepoint: 7071 ns, Cleanup: 11178 ns, At safepoint: 4443 ns, Total: 22692 ns
[2025-10-15T18:57:55.949+0000][7][safepoint   ] Safepoint "Cleanup", Time since last: 3000326840 ns, Reaching safepoint: 16563 ns, Cleanup: 18655 ns, At safepoint: 13660 ns, Total: 48878 ns
[2025-10-15T18:57:56.949+0000][7][safepoint   ] Safepoint "Cleanup", Time since last: 1000154771 ns, Reaching safepoint: 6823 ns, Cleanup: 6822 ns, At safepoint: 4604 ns, Total: 18249 ns
[2025-10-15T18:57:58.950+0000][7][safepoint   ] Safepoint "Cleanup", Time since last: 2000136251 ns, Reaching safepoint: 7551 ns, Cleanup: 6328 ns, At safepoint: 4278 ns, Total: 18157 ns
[2025-10-15T18:57:59.950+0000][7][safepoint   ] Safepoint "Cleanup", Time since last: 1000088191 ns, Reaching safepoint: 17889 ns, Cleanup: 7528 ns, At safepoint: 5675 ns, Total: 31092 ns
[2025-10-15T18:58:01.950+0000][7][safepoint   ] Safepoint "Cleanup", Time since last: 2000146953 ns, Reaching safepoint: 8595 ns, Cleanup: 9868 ns, At safepoint: 5510 ns, Total: 23973 ns
[2025-10-15T18:58:04.950+0000][7][safepoint   ] Safepoint "Cleanup", Time since last: 3000231213 ns, Reaching safepoint: 7988 ns, Cleanup: 13124 ns, At safepoint: 5449 ns, Total: 26561 ns
[2025-10-15T18:58:05.950+0000][7][safepoint   ] Safepoint "Cleanup", Time since last: 1000171870 ns, Reaching safepoint: 17128 ns, Cleanup: 20686 ns, At safepoint: 14721 ns, Total: 52535 ns
[2025-10-15T18:58:06.951+0000][7][safepoint   ] Safepoint "Cleanup", Time since last: 1000109655 ns, Reaching safepoint: 7156 ns, Cleanup: 8037 ns, At safepoint: 4892 ns, Total: 20085 ns
[2025-10-15T18:58:08.951+0000][7][safepoint   ] Safepoint "Cleanup", Time since last: 2000154437 ns, Reaching safepoint: 11374 ns, Cleanup: 11273 ns, At safepoint: 5501 ns, Total: 28148 ns
[2025-10-15T18:58:12.951+0000][7][safepoint   ] Safepoint "Cleanup", Time since last: 4000364441 ns, Reaching safepoint: 28470 ns, Cleanup: 9454 ns, At safepoint: 4321 ns, Total: 42245 ns
[2025-10-15T18:58:14.951+0000][7][safepoint   ] Safepoint "Cleanup", Time since last: 2000182288 ns, Reaching safepoint: 13326 ns, Cleanup: 17081 ns, At safepoint: 6486 ns, Total: 36893 ns
[2025-10-15T18:58:16.952+0000][7][safepoint   ] Safepoint "Cleanup", Time since last: 2000177639 ns, Reaching safepoint: 15922 ns, Cleanup: 13327 ns, At safepoint: 4402 ns, Total: 33651 ns
[2025-10-15T18:58:18.952+0000][7][safepoint   ] Safepoint "Cleanup", Time since last: 2000145659 ns, Reaching safepoint: 9283 ns, Cleanup: 9421 ns, At safepoint: 5942 ns, Total: 24646 ns
[2025-10-15T18:58:19.952+0000][7][safepoint   ] Safepoint "Cleanup", Time since last: 1000132368 ns, Reaching safepoint: 22149 ns, Cleanup: 25043 ns, At safepoint: 8366 ns, Total: 55558 ns
[2025-10-15T18:58:23.952+0000][7][safepoint   ] Safepoint "Cleanup", Time since last: 4000311720 ns, Reaching safepoint: 7569 ns, Cleanup: 10596 ns, At safepoint: 4399 ns, Total: 22564 ns
[2025-10-15T18:58:25.952+0000][7][safepoint   ] Safepoint "Cleanup", Time since last: 2000178219 ns, Reaching safepoint: 16987 ns, Cleanup: 20292 ns, At safepoint: 5561 ns, Total: 42840 ns
[2025-10-15T18:58:31.953+0000][7][safepoint   ] Safepoint "Cleanup", Time since last: 6000400654 ns, Reaching safepoint: 35488 ns, Cleanup: 43483 ns, At safepoint: 10810 ns, Total: 89781 ns
[2025-10-15T18:58:35.953+0000][7][safepoint   ] Safepoint "Cleanup", Time since last: 4000281989 ns, Reaching safepoint: 12420 ns, Cleanup: 11843 ns, At safepoint: 6383 ns, Total: 30646 ns
[2025-10-15T18:58:37.953+0000][7][safepoint   ] Safepoint "Cleanup", Time since last: 2000186165 ns, Reaching safepoint: 13608 ns, Cleanup: 11503 ns, At safepoint: 7074 ns, Total: 32185 ns
[2025-10-15T18:58:43.954+0000][7][safepoint   ] Safepoint "Cleanup", Time since last: 6000446585 ns, Reaching safepoint: 9014 ns, Cleanup: 9843 ns, At safepoint: 5562 ns, Total: 24419 ns
[2025-10-15T18:58:45.954+0000][7][safepoint   ] Safepoint "Cleanup", Time since last: 2000178077 ns, Reaching safepoint: 45572 ns, Cleanup: 9238 ns, At safepoint: 5431 ns, Total: 60241 ns
[2025-10-15T18:58:47.955+0000][7][safepoint   ] Safepoint "Cleanup", Time since last: 2000266980 ns, Reaching safepoint: 16551 ns, Cleanup: 18287 ns, At safepoint: 13580 ns, Total: 48418 ns
[2025-10-15T18:58:57.977+0000][7][safepoint   ] Safepoint "Cleanup", Time since last: 10022367285 ns, Reaching safepoint: 7036 ns, Cleanup: 9119 ns, At safepoint: 3557 ns, Total: 19712 ns
[2025-10-15T18:58:59.977+0000][7][safepoint   ] Safepoint "Cleanup", Time since last: 2000167087 ns, Reaching safepoint: 10613 ns, Cleanup: 12132 ns, At safepoint: 5150 ns, Total: 27895 ns
[2025-10-15T18:59:00.977+0000][7][safepoint   ] Safepoint "Cleanup", Time since last: 1000103439 ns, Reaching safepoint: 9437 ns, Cleanup: 11601 ns, At safepoint: 5325 ns, Total: 26363 ns
[2025-10-15T18:59:01.977+0000][7][safepoint   ] Safepoint "Cleanup", Time since last: 1000098088 ns, Reaching safepoint: 27146 ns, Cleanup: 11098 ns, At safepoint: 7699 ns, Total: 45943 ns
[2025-10-15T18:59:05.978+0000][7][safepoint   ] Safepoint "Cleanup", Time since last: 4000298215 ns, Reaching safepoint: 18077 ns, Cleanup: 14230 ns, At safepoint: 4105 ns, Total: 36412 ns
[2025-10-15T18:59:06.979+0000][7][safepoint   ] Safepoint "Cleanup", Time since last: 1001331236 ns, Reaching safepoint: 7697 ns, Cleanup: 9604 ns, At safepoint: 5166 ns, Total: 22467 ns
[2025-10-15T18:59:08.979+0000][7][safepoint   ] Safepoint "Cleanup", Time since last: 2000176457 ns, Reaching safepoint: 21027 ns, Cleanup: 21383 ns, At safepoint: 13731 ns, Total: 56141 ns
[2025-10-15T18:59:09.980+0000][7][safepoint   ] Safepoint "Cleanup", Time since last: 1000201465 ns, Reaching safepoint: 20048 ns, Cleanup: 23784 ns, At safepoint: 34435 ns, Total: 78267 ns
[2025-10-15T18:59:10.980+0000][7][safepoint   ] Safepoint "Cleanup", Time since last: 1000090148 ns, Reaching safepoint: 6257 ns, Cleanup: 6757 ns, At safepoint: 4027 ns, Total: 17041 ns
[2025-10-15T18:59:12.980+0000][7][safepoint   ] Safepoint "Cleanup", Time since last: 2000142718 ns, Reaching safepoint: 6974 ns, Cleanup: 7334 ns, At safepoint: 4280 ns, Total: 18588 ns
[2025-10-15T18:59:14.980+0000][7][safepoint   ] Safepoint "Cleanup", Time since last: 2000150660 ns, Reaching safepoint: 8571 ns, Cleanup: 10834 ns, At safepoint: 4501 ns, Total: 23906 ns
[2025-10-15T18:59:20.981+0000][7][safepoint   ] Safepoint "Cleanup", Time since last: 6000473650 ns, Reaching safepoint: 19443 ns, Cleanup: 8452 ns, At safepoint: 4983 ns, Total: 32878 ns
[2025-10-15T18:59:22.981+0000][7][safepoint   ] Safepoint "Cleanup", Time since last: 2000145249 ns, Reaching safepoint: 6401 ns, Cleanup: 14108 ns, At safepoint: 3792 ns, Total: 24301 ns
[2025-10-15T18:59:24.981+0000][7][safepoint   ] Safepoint "Cleanup", Time since last: 2000197116 ns, Reaching safepoint: 9327 ns, Cleanup: 15874 ns, At safepoint: 5012 ns, Total: 30213 ns
[2025-10-15T18:59:26.981+0000][7][safepoint   ] Safepoint "Cleanup", Time since last: 2000150139 ns, Reaching safepoint: 7020 ns, Cleanup: 9292 ns, At safepoint: 4289 ns, Total: 20601 ns
[2025-10-15T18:59:28.981+0000][7][safepoint   ] Safepoint "Cleanup", Time since last: 2000336382 ns, Reaching safepoint: 29848 ns, Cleanup: 13541 ns, At safepoint: 4898 ns, Total: 48287 ns
[2025-10-15T18:59:30.982+0000][7][safepoint   ] Safepoint "Cleanup", Time since last: 2000169655 ns, Reaching safepoint: 24590 ns, Cleanup: 8724 ns, At safepoint: 4705 ns, Total: 38019 ns
[2025-10-15T18:59:35.982+0000][7][safepoint   ] Safepoint "Cleanup", Time since last: 5000384668 ns, Reaching safepoint: 21647 ns, Cleanup: 12545 ns, At safepoint: 4993 ns, Total: 39185 ns
[2025-10-15T18:59:36.982+0000][7][safepoint   ] Safepoint "Cleanup", Time since last: 1000193537 ns, Reaching safepoint: 18053 ns, Cleanup: 30495 ns, At safepoint: 4981 ns, Total: 53529 ns
[2025-10-15T18:59:40.983+0000][7][safepoint   ] Safepoint "Cleanup", Time since last: 4000354358 ns, Reaching safepoint: 55202 ns, Cleanup: 12846 ns, At safepoint: 6284 ns, Total: 74332 ns
[2025-10-15T18:59:42.983+0000][7][safepoint   ] Safepoint "Cleanup", Time since last: 2000196182 ns, Reaching safepoint: 9265 ns, Cleanup: 9603 ns, At safepoint: 4409 ns, Total: 23277 ns
[2025-10-15T18:59:52.986+0000][7][safepoint   ] Safepoint "Cleanup", Time since last: 10002484881 ns, Reaching safepoint: 10497 ns, Cleanup: 11115 ns, At safepoint: 7205 ns, Total: 28817 ns
[2025-10-15T18:59:56.986+0000][7][safepoint   ] Safepoint "Cleanup", Time since last: 4000291521 ns, Reaching safepoint: 23104 ns, Cleanup: 8191 ns, At safepoint: 3985 ns, Total: 35280 ns
[2025-10-15T18:59:59.987+0000][7][safepoint   ] Safepoint "Cleanup", Time since last: 3001521153 ns, Reaching safepoint: 32056 ns, Cleanup: 11037 ns, At safepoint: 5779 ns, Total: 48872 ns
[2025-10-15T19:00:03.988+0000][7][safepoint   ] Safepoint "Cleanup", Time since last: 4000300292 ns, Reaching safepoint: 6622 ns, Cleanup: 8116 ns, At safepoint: 4738 ns, Total: 19476 ns
[2025-10-15T19:00:05.988+0000][7][safepoint   ] Safepoint "Cleanup", Time since last: 2000152759 ns, Reaching safepoint: 6601 ns, Cleanup: 11038 ns, At safepoint: 3791 ns, Total: 21430 ns
[2025-10-15T19:00:06.988+0000][7][safepoint   ] Safepoint "Cleanup", Time since last: 1000124205 ns, Reaching safepoint: 16990 ns, Cleanup: 29483 ns, At safepoint: 4022 ns, Total: 50495 ns
[2025-10-15T19:00:07.988+0000][7][safepoint   ] Safepoint "Cleanup", Time since last: 1000121501 ns, Reaching safepoint: 17175 ns, Cleanup: 18601 ns, At safepoint: 12992 ns, Total: 48768 ns
[2025-10-15T19:00:10.989+0000][7][safepoint   ] Safepoint "Cleanup", Time since last: 3000284541 ns, Reaching safepoint: 7869 ns, Cleanup: 8807 ns, At safepoint: 3896 ns, Total: 20572 ns
[2025-10-15T19:00:11.989+0000][7][safepoint   ] Safepoint "Cleanup", Time since last: 1000096214 ns, Reaching safepoint: 7998 ns, Cleanup: 9664 ns, At safepoint: 4370 ns, Total: 22032 ns
[2025-10-15T19:00:13.989+0000][7][safepoint   ] Safepoint "Cleanup", Time since last: 2000174333 ns, Reaching safepoint: 22662 ns, Cleanup: 9577 ns, At safepoint: 5593 ns, Total: 37832 ns
[2025-10-15T19:00:15.989+0000][7][safepoint   ] Safepoint "Cleanup", Time since last: 2000152084 ns, Reaching safepoint: 7926 ns, Cleanup: 11071 ns, At safepoint: 4086 ns, Total: 23083 ns
[2025-10-15T19:00:22.990+0000][7][safepoint   ] Safepoint "Cleanup", Time since last: 7000525329 ns, Reaching safepoint: 8350 ns, Cleanup: 8414 ns, At safepoint: 5814 ns, Total: 22578 ns
[2025-10-15T19:00:24.990+0000][7][safepoint   ] Safepoint "Cleanup", Time since last: 2000196610 ns, Reaching safepoint: 9787 ns, Cleanup: 12130 ns, At safepoint: 5196 ns, Total: 27113 ns
[2025-10-15T19:00:28.990+0000][7][safepoint   ] Safepoint "Cleanup", Time since last: 4000375164 ns, Reaching safepoint: 55369 ns, Cleanup: 48490 ns, At safepoint: 7521 ns, Total: 111380 ns
[2025-10-15T19:00:30.990+0000][7][safepoint   ] Safepoint "Cleanup", Time since last: 2000109800 ns, Reaching safepoint: 7767 ns, Cleanup: 17711 ns, At safepoint: 4206 ns, Total: 29684 ns
[2025-10-15T19:00:32.991+0000][7][safepoint   ] Safepoint "Cleanup", Time since last: 2000124042 ns, Reaching safepoint: 8122 ns, Cleanup: 7936 ns, At safepoint: 4258 ns, Total: 20316 ns
[2025-10-15T19:00:34.991+0000][7][safepoint   ] Safepoint "Cleanup", Time since last: 2000150618 ns, Reaching safepoint: 7359 ns, Cleanup: 7951 ns, At safepoint: 4645 ns, Total: 19955 ns
[2025-10-15T19:00:35.991+0000][7][safepoint   ] Safepoint "Cleanup", Time since last: 1000090088 ns, Reaching safepoint: 7001 ns, Cleanup: 9850 ns, At safepoint: 5077 ns, Total: 21928 ns
[2025-10-15T19:00:46.992+0000][7][safepoint   ] Safepoint "Cleanup", Time since last: 11000741697 ns, Reaching safepoint: 31988 ns, Cleanup: 8603 ns, At safepoint: 4650 ns, Total: 45241 ns
[2025-10-15T19:00:48.993+0000][7][safepoint   ] Safepoint "Cleanup", Time since last: 2001513547 ns, Reaching safepoint: 49799 ns, Cleanup: 39984 ns, At safepoint: 4067 ns, Total: 93850 ns
[2025-10-15T19:00:58.994+0000][7][safepoint   ] Safepoint "Cleanup", Time since last: 10000653812 ns, Reaching safepoint: 16403 ns, Cleanup: 20842 ns, At safepoint: 14278 ns, Total: 51523 ns
[2025-10-15T19:01:02.994+0000][7][safepoint   ] Safepoint "Cleanup", Time since last: 4000391432 ns, Reaching safepoint: 19356 ns, Cleanup: 16261 ns, At safepoint: 13910 ns, Total: 49527 ns
[2025-10-15T19:01:06.995+0000][7][safepoint   ] Safepoint "Cleanup", Time since last: 4000374583 ns, Reaching safepoint: 35754 ns, Cleanup: 9286 ns, At safepoint: 4619 ns, Total: 49659 ns
[2025-10-15T19:01:11.995+0000][7][safepoint   ] Safepoint "Cleanup", Time since last: 5000349241 ns, Reaching safepoint: 19306 ns, Cleanup: 8242 ns, At safepoint: 4246 ns, Total: 31794 ns
[2025-10-15T19:01:15.996+0000][7][safepoint   ] Safepoint "Cleanup", Time since last: 4000426604 ns, Reaching safepoint: 6888 ns, Cleanup: 8465 ns, At safepoint: 4880 ns, Total: 20233 ns
[2025-10-15T19:01:17.996+0000][7][safepoint   ] Safepoint "Cleanup", Time since last: 2000148724 ns, Reaching safepoint: 18754 ns, Cleanup: 7463 ns, At safepoint: 4142 ns, Total: 30359 ns
[2025-10-15T19:01:19.996+0000][7][safepoint   ] Safepoint "Cleanup", Time since last: 2000146335 ns, Reaching safepoint: 8042 ns, Cleanup: 8592 ns, At safepoint: 4899 ns, Total: 21533 ns
[2025-10-15T19:01:20.996+0000][7][safepoint   ] Safepoint "Cleanup", Time since last: 1000087529 ns, Reaching safepoint: 7025 ns, Cleanup: 8110 ns, At safepoint: 4596 ns, Total: 19731 ns
[2025-10-15T19:01:33.997+0000][7][safepoint   ] Safepoint "Cleanup", Time since last: 13000909030 ns, Reaching safepoint: 20222 ns, Cleanup: 8582 ns, At safepoint: 3584 ns, Total: 32388 ns
[2025-10-15T19:01:35.997+0000][7][safepoint   ] Safepoint "Cleanup", Time since last: 2000244610 ns, Reaching safepoint: 7257 ns, Cleanup: 12504 ns, At safepoint: 3710 ns, Total: 23471 ns
[2025-10-15T19:01:39.998+0000][7][safepoint   ] Safepoint "Cleanup", Time since last: 4000415854 ns, Reaching safepoint: 17674 ns, Cleanup: 38434 ns, At safepoint: 9732 ns, Total: 65840 ns
[2025-10-15T19:01:43.998+0000][7][safepoint   ] Safepoint "Cleanup", Time since last: 4000293964 ns, Reaching safepoint: 10200 ns, Cleanup: 8889 ns, At safepoint: 5380 ns, Total: 24469 ns
[2025-10-15T19:01:47.998+0000][7][safepoint   ] Safepoint "Cleanup", Time since last: 4000267437 ns, Reaching safepoint: 21096 ns, Cleanup: 14636 ns, At safepoint: 4559 ns, Total: 40291 ns
[2025-10-15T19:01:50.999+0000][7][safepoint   ] Safepoint "Cleanup", Time since last: 3000235293 ns, Reaching safepoint: 8122 ns, Cleanup: 9786 ns, At safepoint: 4107 ns, Total: 22015 ns
[2025-10-15T19:01:51.999+0000][7][safepoint   ] Safepoint "Cleanup", Time since last: 1000115202 ns, Reaching safepoint: 10857 ns, Cleanup: 12176 ns, At safepoint: 6044 ns, Total: 29077 ns
[2025-10-15T19:01:56.999+0000][7][safepoint   ] Safepoint "Cleanup", Time since last: 5000380159 ns, Reaching safepoint: 22181 ns, Cleanup: 25003 ns, At safepoint: 6553 ns, Total: 53737 ns
[2025-10-15T19:01:58.999+0000][7][safepoint   ] Safepoint "Cleanup", Time since last: 2000173145 ns, Reaching safepoint: 8451 ns, Cleanup: 10454 ns, At safepoint: 6762 ns, Total: 25667 ns
[2025-10-15T19:02:03.000+0000][7][safepoint   ] Safepoint "Cleanup", Time since last: 4000307388 ns, Reaching safepoint: 32142 ns, Cleanup: 9365 ns, At safepoint: 5435 ns, Total: 46942 ns
[2025-10-15T19:02:06.000+0000][7][safepoint   ] Safepoint "Cleanup", Time since last: 3000244616 ns, Reaching safepoint: 7229 ns, Cleanup: 7676 ns, At safepoint: 5623 ns, Total: 20528 ns
[2025-10-15T19:02:07.000+0000][7][safepoint   ] Safepoint "Cleanup", Time since last: 1000091977 ns, Reaching safepoint: 8072 ns, Cleanup: 7979 ns, At safepoint: 4301 ns, Total: 20352 ns
[2025-10-15T19:02:23.001+0000][7][safepoint   ] Safepoint "Cleanup", Time since last: 16001138907 ns, Reaching safepoint: 10801 ns, Cleanup: 8762 ns, At safepoint: 4398 ns, Total: 23961 ns
[2025-10-15T19:02:29.002+0000][7][safepoint   ] Safepoint "Cleanup", Time since last: 6000416380 ns, Reaching safepoint: 7690 ns, Cleanup: 8673 ns, At safepoint: 4695 ns, Total: 21058 ns
[2025-10-15T19:02:36.002+0000][7][safepoint   ] Safepoint "Cleanup", Time since last: 7000485323 ns, Reaching safepoint: 21246 ns, Cleanup: 8237 ns, At safepoint: 3651 ns, Total: 33134 ns
[2025-10-15T19:02:37.002+0000][7][safepoint   ] Safepoint "Cleanup", Time since last: 1000086941 ns, Reaching safepoint: 8379 ns, Cleanup: 14239 ns, At safepoint: 4547 ns, Total: 27165 ns
[2025-10-15T19:02:39.003+0000][7][safepoint   ] Safepoint "Cleanup", Time since last: 2000151476 ns, Reaching safepoint: 6762 ns, Cleanup: 11245 ns, At safepoint: 3796 ns, Total: 21803 ns
[2025-10-15T19:02:40.003+0000][7][safepoint   ] Safepoint "Cleanup", Time since last: 1000292620 ns, Reaching safepoint: 73331 ns, Cleanup: 9349 ns, At safepoint: 6116 ns, Total: 88796 ns
[2025-10-15T19:02:41.003+0000][7][safepoint   ] Safepoint "Cleanup", Time since last: 1000095099 ns, Reaching safepoint: 7407 ns, Cleanup: 17603 ns, At safepoint: 3962 ns, Total: 28972 ns
[2025-10-15T19:02:42.003+0000][7][safepoint   ] Safepoint "Cleanup", Time since last: 1000121321 ns, Reaching safepoint: 19578 ns, Cleanup: 35010 ns, At safepoint: 4736 ns, Total: 59324 ns
[2025-10-15T19:02:44.004+0000][7][safepoint   ] Safepoint "Cleanup", Time since last: 2000188640 ns, Reaching safepoint: 13735 ns, Cleanup: 14555 ns, At safepoint: 9196 ns, Total: 37486 ns
[2025-10-15T19:02:48.004+0000][7][safepoint   ] Safepoint "Cleanup", Time since last: 4000310933 ns, Reaching safepoint: 7052 ns, Cleanup: 6960 ns, At safepoint: 4369 ns, Total: 18381 ns
[2025-10-15T19:02:54.042+0000][7][safepoint   ] Safepoint "Cleanup", Time since last: 6037815017 ns, Reaching safepoint: 6767 ns, Cleanup: 7635 ns, At safepoint: 3696 ns, Total: 18098 ns
[2025-10-15T19:03:04.042+0000][7][safepoint   ] Safepoint "Cleanup", Time since last: 10000722684 ns, Reaching safepoint: 16271 ns, Cleanup: 24714 ns, At safepoint: 6385 ns, Total: 47370 ns
[2025-10-15T19:03:06.043+0000][7][safepoint   ] Safepoint "Cleanup", Time since last: 2000165845 ns, Reaching safepoint: 19657 ns, Cleanup: 9171 ns, At safepoint: 4092 ns, Total: 32920 ns
[2025-10-15T19:03:08.043+0000][7][safepoint   ] Safepoint "Cleanup", Time since last: 2000160517 ns, Reaching safepoint: 10343 ns, Cleanup: 7924 ns, At safepoint: 4540 ns, Total: 22807 ns
[2025-10-15T19:03:10.043+0000][7][safepoint   ] Safepoint "Cleanup", Time since last: 2000156819 ns, Reaching safepoint: 20279 ns, Cleanup: 12553 ns, At safepoint: 4677 ns, Total: 37509 ns
[2025-10-15T19:03:11.043+0000][7][safepoint   ] Safepoint "Cleanup", Time since last: 1000087266 ns, Reaching safepoint: 7264 ns, Cleanup: 7391 ns, At safepoint: 4343 ns, Total: 18998 ns
[2025-10-15T19:03:18.044+0000][7][safepoint   ] Safepoint "Cleanup", Time since last: 7000505710 ns, Reaching safepoint: 6625 ns, Cleanup: 7736 ns, At safepoint: 4619 ns, Total: 18980 ns
[2025-10-15T19:03:20.044+0000][7][safepoint   ] Safepoint "Cleanup", Time since last: 2000148947 ns, Reaching safepoint: 6716 ns, Cleanup: 6509 ns, At safepoint: 3465 ns, Total: 16690 ns
[2025-10-15T19:03:21.044+0000][7][safepoint   ] Safepoint "Cleanup", Time since last: 1000095853 ns, Reaching safepoint: 9458 ns, Cleanup: 8901 ns, At safepoint: 5125 ns, Total: 23484 ns
[2025-10-15T19:03:22.044+0000][7][safepoint   ] Safepoint "Cleanup", Time since last: 1000097767 ns, Reaching safepoint: 6809 ns, Cleanup: 9701 ns, At safepoint: 5111 ns, Total: 21621 ns
[2025-10-15T19:03:24.044+0000][7][safepoint   ] Safepoint "Cleanup", Time since last: 2000160094 ns, Reaching safepoint: 24690 ns, Cleanup: 10433 ns, At safepoint: 5034 ns, Total: 40157 ns
[2025-10-15T19:03:26.044+0000][7][safepoint   ] Safepoint "Cleanup", Time since last: 2000149815 ns, Reaching safepoint: 8062 ns, Cleanup: 22790 ns, At safepoint: 5181 ns, Total: 36033 ns
[2025-10-15T19:03:33.045+0000][7][safepoint   ] Safepoint "Cleanup", Time since last: 7000444653 ns, Reaching safepoint: 22995 ns, Cleanup: 11981 ns, At safepoint: 7197 ns, Total: 42173 ns
[2025-10-15T19:03:36.045+0000][7][safepoint   ] Safepoint "Cleanup", Time since last: 3000263354 ns, Reaching safepoint: 16077 ns, Cleanup: 18126 ns, At safepoint: 9249 ns, Total: 43452 ns
[2025-10-15T19:03:43.046+0000][7][safepoint   ] Safepoint "Cleanup", Time since last: 7000553652 ns, Reaching safepoint: 21688 ns, Cleanup: 12253 ns, At safepoint: 4316 ns, Total: 38257 ns
[2025-10-15T19:03:45.047+0000][7][safepoint   ] Safepoint "Cleanup", Time since last: 2001466579 ns, Reaching safepoint: 19099 ns, Cleanup: 30463 ns, At safepoint: 26181 ns, Total: 75743 ns
[2025-10-15T19:03:49.048+0000][7][safepoint   ] Safepoint "Cleanup", Time since last: 4000270548 ns, Reaching safepoint: 9775 ns, Cleanup: 8979 ns, At safepoint: 4792 ns, Total: 23546 ns
[2025-10-15T19:03:51.048+0000][7][safepoint   ] Safepoint "Cleanup", Time since last: 2000161068 ns, Reaching safepoint: 7253 ns, Cleanup: 6772 ns, At safepoint: 4082 ns, Total: 18107 ns
[2025-10-15T19:03:55.060+0000][7][safepoint   ] Safepoint "Cleanup", Time since last: 4012045824 ns, Reaching safepoint: 19935 ns, Cleanup: 7867 ns, At safepoint: 4952 ns, Total: 32754 ns
[2025-10-15T19:03:57.060+0000][7][safepoint   ] Safepoint "Cleanup", Time since last: 2000151227 ns, Reaching safepoint: 8691 ns, Cleanup: 7596 ns, At safepoint: 3040 ns, Total: 19327 ns
[2025-10-15T19:04:06.061+0000][7][safepoint   ] Safepoint "Cleanup", Time since last: 9000740214 ns, Reaching safepoint: 15707 ns, Cleanup: 20261 ns, At safepoint: 12837 ns, Total: 48805 ns
[2025-10-15T19:04:12.061+0000][7][safepoint   ] Safepoint "Cleanup", Time since last: 6000498869 ns, Reaching safepoint: 22300 ns, Cleanup: 10523 ns, At safepoint: 12294 ns, Total: 45117 ns
[2025-10-15T19:04:16.063+0000][7][safepoint   ] Safepoint "Cleanup", Time since last: 4001676536 ns, Reaching safepoint: 19833 ns, Cleanup: 8818 ns, At safepoint: 4352 ns, Total: 33003 ns
[2025-10-15T19:04:20.063+0000][7][safepoint   ] Safepoint "Cleanup", Time since last: 4000278128 ns, Reaching safepoint: 12008 ns, Cleanup: 8347 ns, At safepoint: 22275 ns, Total: 42630 ns
[2025-10-15T19:04:22.064+0000][7][safepoint   ] Safepoint "Cleanup", Time since last: 2000152438 ns, Reaching safepoint: 8025 ns, Cleanup: 7913 ns, At safepoint: 4840 ns, Total: 20778 ns
[2025-10-15T19:04:28.065+0000][7][safepoint   ] Safepoint "Cleanup", Time since last: 6000391282 ns, Reaching safepoint: 633972 ns, Cleanup: 10121 ns, At safepoint: 6739 ns, Total: 650832 ns
[2025-10-15T19:04:32.065+0000][7][safepoint   ] Safepoint "Cleanup", Time since last: 4000395525 ns, Reaching safepoint: 21056 ns, Cleanup: 8855 ns, At safepoint: 4673 ns, Total: 34584 ns
[2025-10-15T19:04:36.067+0000][7][safepoint   ] Safepoint "Cleanup", Time since last: 4001714421 ns, Reaching safepoint: 32993 ns, Cleanup: 7227 ns, At safepoint: 3244 ns, Total: 43464 ns
[2025-10-15T19:04:38.067+0000][7][safepoint   ] Safepoint "Cleanup", Time since last: 2000191925 ns, Reaching safepoint: 17867 ns, Cleanup: 18848 ns, At safepoint: 16572 ns, Total: 53287 ns
[2025-10-15T19:04:44.068+0000][7][safepoint   ] Safepoint "Cleanup", Time since last: 6000467988 ns, Reaching safepoint: 7003 ns, Cleanup: 6945 ns, At safepoint: 3748 ns, Total: 17696 ns
[2025-10-15T19:04:45.068+0000][7][safepoint   ] Safepoint "Cleanup", Time since last: 1000095191 ns, Reaching safepoint: 10607 ns, Cleanup: 10459 ns, At safepoint: 5051 ns, Total: 26117 ns
[2025-10-15T19:04:46.068+0000][7][safepoint   ] Safepoint "Cleanup", Time since last: 1000115596 ns, Reaching safepoint: 34087 ns, Cleanup: 14952 ns, At safepoint: 5647 ns, Total: 54686 ns
[2025-10-15T19:04:48.068+0000][7][safepoint   ] Safepoint "Cleanup", Time since last: 2000155190 ns, Reaching safepoint: 24948 ns, Cleanup: 11364 ns, At safepoint: 4824 ns, Total: 41136 ns
[2025-10-15T19:04:50.068+0000][7][safepoint   ] Safepoint "Cleanup", Time since last: 2000187370 ns, Reaching safepoint: 23696 ns, Cleanup: 24274 ns, At safepoint: 12855 ns, Total: 60825 ns
[2025-10-15T19:04:52.069+0000][7][safepoint   ] Safepoint "Cleanup", Time since last: 2000446035 ns, Reaching safepoint: 10911 ns, Cleanup: 12594 ns, At safepoint: 5808 ns, Total: 29313 ns
[2025-10-15T19:04:57.076+0000][7][safepoint   ] Safepoint "Cleanup", Time since last: 5007157390 ns, Reaching safepoint: 8309 ns, Cleanup: 7673 ns, At safepoint: 4116 ns, Total: 20098 ns
[2025-10-15T19:05:05.077+0000][7][safepoint   ] Safepoint "Cleanup", Time since last: 8000533711 ns, Reaching safepoint: 15924 ns, Cleanup: 9809 ns, At safepoint: 7824 ns, Total: 33557 ns
[2025-10-15T19:05:07.077+0000][7][safepoint   ] Safepoint "Cleanup", Time since last: 2000167211 ns, Reaching safepoint: 8714 ns, Cleanup: 10260 ns, At safepoint: 4246 ns, Total: 23220 ns
[2025-10-15T19:05:11.077+0000][7][safepoint   ] Safepoint "Cleanup", Time since last: 4000308976 ns, Reaching safepoint: 8549 ns, Cleanup: 11125 ns, At safepoint: 5209 ns, Total: 24883 ns
[2025-10-15T19:05:17.078+0000][7][safepoint   ] Safepoint "Cleanup", Time since last: 6000439770 ns, Reaching safepoint: 22647 ns, Cleanup: 12431 ns, At safepoint: 4216 ns, Total: 39294 ns
[2025-10-15T19:05:26.078+0000][7][safepoint   ] Safepoint "Cleanup", Time since last: 9000590482 ns, Reaching safepoint: 75521 ns, Cleanup: 5973 ns, At safepoint: 4500 ns, Total: 85994 ns
[2025-10-15T19:05:29.078+0000][7][safepoint   ] Safepoint "Cleanup", Time since last: 3000211321 ns, Reaching safepoint: 9587 ns, Cleanup: 9143 ns, At safepoint: 4661 ns, Total: 23391 ns
[2025-10-15T19:05:32.079+0000][7][safepoint   ] Safepoint "Cleanup", Time since last: 3000238202 ns, Reaching safepoint: 27693 ns, Cleanup: 11133 ns, At safepoint: 6184 ns, Total: 45010 ns
[2025-10-15T19:05:36.079+0000][7][safepoint   ] Safepoint "Cleanup", Time since last: 4000296582 ns, Reaching safepoint: 8220 ns, Cleanup: 9227 ns, At safepoint: 4700 ns, Total: 22147 ns
[2025-10-15T19:06:06.081+0000][7][safepoint   ] Safepoint "Cleanup", Time since last: 30001995500 ns, Reaching safepoint: 20953 ns, Cleanup: 23031 ns, At safepoint: 10650 ns, Total: 54634 ns
[2025-10-15T19:06:12.082+0000][7][safepoint   ] Safepoint "Cleanup", Time since last: 6000453608 ns, Reaching safepoint: 29603 ns, Cleanup: 12080 ns, At safepoint: 6655 ns, Total: 48338 ns
[2025-10-15T19:06:17.082+0000][7][safepoint   ] Safepoint "Cleanup", Time since last: 5000359452 ns, Reaching safepoint: 8541 ns, Cleanup: 15529 ns, At safepoint: 4868 ns, Total: 28938 ns
[2025-10-15T19:06:33.083+0000][7][safepoint   ] Safepoint "Cleanup", Time since last: 16001276120 ns, Reaching safepoint: 11209 ns, Cleanup: 14937 ns, At safepoint: 5267 ns, Total: 31413 ns
[2025-10-15T19:06:36.084+0000][7][safepoint   ] Safepoint "Cleanup", Time since last: 3000353069 ns, Reaching safepoint: 8045 ns, Cleanup: 11508 ns, At safepoint: 5239 ns, Total: 24792 ns
[2025-10-15T19:06:47.863+0000][7][safepoint   ] Safepoint "Cleanup", Time since last: 11779334777 ns, Reaching safepoint: 22620 ns, Cleanup: 7489 ns, At safepoint: 4790 ns, Total: 34899 ns
[2025-10-15T19:06:51.863+0000][7][safepoint   ] Safepoint "Cleanup", Time since last: 4000332278 ns, Reaching safepoint: 15850 ns, Cleanup: 43574 ns, At safepoint: 15641 ns, Total: 75065 ns
[2025-10-15T19:06:58.116+0000][7][safepoint   ] Safepoint "Cleanup", Time since last: 6252223437 ns, Reaching safepoint: 13452 ns, Cleanup: 14875 ns, At safepoint: 6882 ns, Total: 35209 ns
[2025-10-15T19:07:00.117+0000][7][safepoint   ] Safepoint "Cleanup", Time since last: 2001161543 ns, Reaching safepoint: 7592 ns, Cleanup: 11560 ns, At safepoint: 4240 ns, Total: 23392 ns
[2025-10-15T19:07:02.117+0000][7][safepoint   ] Safepoint "Cleanup", Time since last: 2000167778 ns, Reaching safepoint: 8252 ns, Cleanup: 13066 ns, At safepoint: 4883 ns, Total: 26201 ns
[2025-10-15T19:07:04.117+0000][7][safepoint   ] Safepoint "Cleanup", Time since last: 2000184349 ns, Reaching safepoint: 38781 ns, Cleanup: 9625 ns, At safepoint: 4633 ns, Total: 53039 ns
[2025-10-15T19:07:08.118+0000][7][safepoint   ] Safepoint "Cleanup", Time since last: 4000364814 ns, Reaching safepoint: 9353 ns, Cleanup: 13369 ns, At safepoint: 5830 ns, Total: 28552 ns
[2025-10-15T19:07:34.120+0000][7][safepoint   ] Safepoint "Cleanup", Time since last: 26001825586 ns, Reaching safepoint: 19340 ns, Cleanup: 8847 ns, At safepoint: 4929 ns, Total: 33116 ns
[2025-10-15T19:07:45.122+0000][7][safepoint   ] Safepoint "Cleanup", Time since last: 11002013669 ns, Reaching safepoint: 20375 ns, Cleanup: 8542 ns, At safepoint: 5198 ns, Total: 34115 ns
[2025-10-15T19:08:01.133+0000][7][safepoint   ] Safepoint "Cleanup", Time since last: 16010733677 ns, Reaching safepoint: 83654 ns, Cleanup: 8688 ns, At safepoint: 23854 ns, Total: 116196 ns
[2025-10-15T19:08:17.134+0000][7][safepoint   ] Safepoint "Cleanup", Time since last: 16001044247 ns, Reaching safepoint: 18448 ns, Cleanup: 7951 ns, At safepoint: 5502 ns, Total: 31901 ns
[2025-10-15T19:08:21.134+0000][7][safepoint   ] Safepoint "Cleanup", Time since last: 4000283295 ns, Reaching safepoint: 7109 ns, Cleanup: 7249 ns, At safepoint: 4542 ns, Total: 18900 ns
[2025-10-15T19:08:42.135+0000][7][safepoint   ] Safepoint "Cleanup", Time since last: 21001494174 ns, Reaching safepoint: 22950 ns, Cleanup: 7940 ns, At safepoint: 4571 ns, Total: 35461 ns
[2025-10-15T19:08:56.150+0000][7][safepoint   ] Safepoint "Cleanup", Time since last: 14014094688 ns, Reaching safepoint: 7257 ns, Cleanup: 5743 ns, At safepoint: 4608 ns, Total: 17608 ns
[2025-10-15T19:08:57.150+0000][7][safepoint   ] Safepoint "Cleanup", Time since last: 1000078739 ns, Reaching safepoint: 7699 ns, Cleanup: 8725 ns, At safepoint: 5820 ns, Total: 22244 ns
[2025-10-15T19:09:08.151+0000][7][safepoint   ] Safepoint "Cleanup", Time since last: 11000961342 ns, Reaching safepoint: 34605 ns, Cleanup: 9685 ns, At safepoint: 4916 ns, Total: 49206 ns
[2025-10-15T19:09:10.151+0000][7][safepoint   ] Safepoint "Cleanup", Time since last: 2000165367 ns, Reaching safepoint: 7344 ns, Cleanup: 8623 ns, At safepoint: 4520 ns, Total: 20487 ns
[2025-10-15T19:09:12.152+0000][7][safepoint   ] Safepoint "Cleanup", Time since last: 2001464423 ns, Reaching safepoint: 27614 ns, Cleanup: 14978 ns, At safepoint: 4467 ns, Total: 47059 ns
[2025-10-15T19:09:14.153+0000][7][safepoint   ] Safepoint "Cleanup", Time since last: 2000123718 ns, Reaching safepoint: 15456 ns, Cleanup: 17243 ns, At safepoint: 7238 ns, Total: 39937 ns
[2025-10-15T19:09:16.153+0000][7][safepoint   ] Safepoint "Cleanup", Time since last: 2000158013 ns, Reaching safepoint: 6636 ns, Cleanup: 9036 ns, At safepoint: 3789 ns, Total: 19461 ns
[2025-10-15T19:09:21.153+0000][7][safepoint   ] Safepoint "Cleanup", Time since last: 5000589189 ns, Reaching safepoint: 20606 ns, Cleanup: 12819 ns, At safepoint: 13176 ns, Total: 46601 ns
[2025-10-15T19:09:28.154+0000][7][safepoint   ] Safepoint "Cleanup", Time since last: 7000561023 ns, Reaching safepoint: 23224 ns, Cleanup: 8187 ns, At safepoint: 5112 ns, Total: 36523 ns
[2025-10-15T19:09:29.154+0000][7][safepoint   ] Safepoint "Cleanup", Time since last: 1000120125 ns, Reaching safepoint: 20952 ns, Cleanup: 20595 ns, At safepoint: 15045 ns, Total: 56592 ns
[2025-10-15T19:09:33.154+0000][7][safepoint   ] Safepoint "Cleanup", Time since last: 4000333557 ns, Reaching safepoint: 17270 ns, Cleanup: 10661 ns, At safepoint: 6125 ns, Total: 34056 ns
[2025-10-15T19:09:35.155+0000][7][safepoint   ] Safepoint "Cleanup", Time since last: 2000170218 ns, Reaching safepoint: 11591 ns, Cleanup: 15148 ns, At safepoint: 5697 ns, Total: 32436 ns
[2025-10-15T19:09:36.155+0000][7][safepoint   ] Safepoint "Cleanup", Time since last: 1000106733 ns, Reaching safepoint: 7396 ns, Cleanup: 7702 ns, At safepoint: 4415 ns, Total: 19513 ns
[2025-10-15T19:09:47.156+0000][7][safepoint   ] Safepoint "Cleanup", Time since last: 11000731739 ns, Reaching safepoint: 37365 ns, Cleanup: 19141 ns, At safepoint: 9392 ns, Total: 65898 ns
[2025-10-15T19:09:53.157+0000][7][safepoint   ] Safepoint "Cleanup", Time since last: 6000937122 ns, Reaching safepoint: 16607 ns, Cleanup: 30570 ns, At safepoint: 6262 ns, Total: 53439 ns
[2025-10-15T19:09:56.157+0000][7][safepoint   ] Safepoint "Cleanup", Time since last: 3000270756 ns, Reaching safepoint: 7655 ns, Cleanup: 10047 ns, At safepoint: 3970 ns, Total: 21672 ns
[2025-10-15T19:10:04.158+0000][7][safepoint   ] Safepoint "Cleanup", Time since last: 8000553686 ns, Reaching safepoint: 40160 ns, Cleanup: 18848 ns, At safepoint: 13550 ns, Total: 72558 ns
[2025-10-15T19:10:08.158+0000][7][safepoint   ] Safepoint "Cleanup", Time since last: 4000341683 ns, Reaching safepoint: 25476 ns, Cleanup: 9995 ns, At safepoint: 6270 ns, Total: 41741 ns
[2025-10-15T19:10:12.158+0000][7][safepoint   ] Safepoint "Cleanup", Time since last: 4000353691 ns, Reaching safepoint: 9661 ns, Cleanup: 28887 ns, At safepoint: 4905 ns, Total: 43453 ns
[2025-10-15T19:10:14.158+0000][7][safepoint   ] Safepoint "Cleanup", Time since last: 2000174838 ns, Reaching safepoint: 7503 ns, Cleanup: 7197 ns, At safepoint: 4052 ns, Total: 18752 ns
[2025-10-15T19:10:36.160+0000][7][safepoint   ] Safepoint "Cleanup", Time since last: 22001426302 ns, Reaching safepoint: 8935 ns, Cleanup: 9140 ns, At safepoint: 4897 ns, Total: 22972 ns
[2025-10-15T19:10:45.162+0000][7][safepoint   ] Safepoint "Cleanup", Time since last: 9001880904 ns, Reaching safepoint: 29968 ns, Cleanup: 10707 ns, At safepoint: 6446 ns, Total: 47121 ns
[2025-10-15T19:10:51.162+0000][7][safepoint   ] Safepoint "Cleanup", Time since last: 6000466268 ns, Reaching safepoint: 26615 ns, Cleanup: 28299 ns, At safepoint: 5201 ns, Total: 60115 ns
[2025-10-15T19:10:55.180+0000][7][safepoint   ] Safepoint "Cleanup", Time since last: 4018094421 ns, Reaching safepoint: 13146 ns, Cleanup: 8410 ns, At safepoint: 4892 ns, Total: 26448 ns
[2025-10-15T19:11:01.181+0000][7][safepoint   ] Safepoint "Cleanup", Time since last: 6000430163 ns, Reaching safepoint: 55956 ns, Cleanup: 17184 ns, At safepoint: 7470 ns, Total: 80610 ns
[2025-10-15T19:11:03.181+0000][7][safepoint   ] Safepoint "Cleanup", Time since last: 2000177823 ns, Reaching safepoint: 9160 ns, Cleanup: 7951 ns, At safepoint: 4907 ns, Total: 22018 ns
[2025-10-15T19:11:06.183+0000][7][safepoint   ] Safepoint "Cleanup", Time since last: 3001464293 ns, Reaching safepoint: 32056 ns, Cleanup: 9070 ns, At safepoint: 4927 ns, Total: 46053 ns
[2025-10-15T19:11:07.183+0000][7][safepoint   ] Safepoint "Cleanup", Time since last: 1000087755 ns, Reaching safepoint: 7303 ns, Cleanup: 6768 ns, At safepoint: 3856 ns, Total: 17927 ns
[2025-10-15T19:11:14.183+0000][7][safepoint   ] Safepoint "Cleanup", Time since last: 7000481613 ns, Reaching safepoint: 22529 ns, Cleanup: 8443 ns, At safepoint: 7002 ns, Total: 37974 ns
[2025-10-15T19:11:16.184+0000][7][safepoint   ] Safepoint "Cleanup", Time since last: 2000176026 ns, Reaching safepoint: 12940 ns, Cleanup: 15343 ns, At safepoint: 8285 ns, Total: 36568 ns
[2025-10-15T19:11:25.184+0000][7][safepoint   ] Safepoint "Cleanup", Time since last: 9000680965 ns, Reaching safepoint: 55056 ns, Cleanup: 22421 ns, At safepoint: 26150 ns, Total: 103627 ns
[2025-10-15T19:11:26.185+0000][7][safepoint   ] Safepoint "Cleanup", Time since last: 1000226090 ns, Reaching safepoint: 6740 ns, Cleanup: 8728 ns, At safepoint: 4714 ns, Total: 20182 ns
[2025-10-15T19:11:32.185+0000][7][safepoint   ] Safepoint "Cleanup", Time since last: 6000404856 ns, Reaching safepoint: 19032 ns, Cleanup: 12341 ns, At safepoint: 4638 ns, Total: 36011 ns
[2025-10-15T19:11:36.185+0000][7][safepoint   ] Safepoint "Cleanup", Time since last: 4000300711 ns, Reaching safepoint: 6817 ns, Cleanup: 7018 ns, At safepoint: 3771 ns, Total: 17606 ns
[2025-10-15T19:11:45.186+0000][7][safepoint   ] Safepoint "Cleanup", Time since last: 9000566331 ns, Reaching safepoint: 21877 ns, Cleanup: 7889 ns, At safepoint: 5649 ns, Total: 35415 ns
[2025-10-15T19:11:46.186+0000][7][safepoint   ] Safepoint "Cleanup", Time since last: 1000195380 ns, Reaching safepoint: 53616 ns, Cleanup: 21596 ns, At safepoint: 24826 ns, Total: 100038 ns
[2025-10-15T19:12:06.188+0000][7][safepoint   ] Safepoint "Cleanup", Time since last: 20001374652 ns, Reaching safepoint: 7266 ns, Cleanup: 6891 ns, At safepoint: 4654 ns, Total: 18811 ns
[2025-10-15T19:12:15.188+0000][7][safepoint   ] Safepoint "Cleanup", Time since last: 9000633107 ns, Reaching safepoint: 35744 ns, Cleanup: 13688 ns, At safepoint: 9769 ns, Total: 59201 ns
[2025-10-15T19:12:17.190+0000][7][safepoint   ] Safepoint "Cleanup", Time since last: 2001679078 ns, Reaching safepoint: 7013 ns, Cleanup: 8253 ns, At safepoint: 4383 ns, Total: 19649 ns
[2025-10-15T19:12:25.191+0000][7][safepoint   ] Safepoint "Cleanup", Time since last: 8000715083 ns, Reaching safepoint: 17855 ns, Cleanup: 7140 ns, At safepoint: 5787 ns, Total: 30782 ns
[2025-10-15T19:12:27.191+0000][7][safepoint   ] Safepoint "Cleanup", Time since last: 2000158904 ns, Reaching safepoint: 65088 ns, Cleanup: 31570 ns, At safepoint: 4115 ns, Total: 100773 ns
[2025-10-15T19:12:27.192+0000][7][gc,heap,exit] Heap
[2025-10-15T19:12:27.192+0000][7][gc,heap,exit]  garbage-first heap   total reserved 3145728K, committed 3145728K, used 529837K [0x0000000740000000, 0x0000000800000000)
[2025-10-15T19:12:27.192+0000][7][gc,heap,exit]   region size 4096K, 116 young (475136K), 8 survivors (32768K)
[2025-10-15T19:12:27.192+0000][7][gc,heap,exit]  Metaspace       used 105265K, committed 108160K, reserved 1179648K
[2025-10-15T19:12:27.192+0000][7][gc,heap,exit]   class space    used 15039K, committed 16320K, reserved 1048576K
