[2025-10-15T18:51:53.249+0000][7][gc,init] CardTable entry size: 512
[2025-10-15T18:51:53.249+0000][7][gc     ] Using G1
[2025-10-15T18:51:53.660+0000][7][gc,init] Version: 22.0.2+9-70 (release)
[2025-10-15T18:51:53.661+0000][7][gc,init] CPUs: 8 total, 8 available
[2025-10-15T18:51:53.661+0000][7][gc,init] Memory: 15822M
[2025-10-15T18:51:53.661+0000][7][gc,init] Large Page Support: Disabled
[2025-10-15T18:51:53.661+0000][7][gc,init] NUMA Support: Disabled
[2025-10-15T18:51:53.661+0000][7][gc,init] Compressed Oops: Enabled (Zero based)
[2025-10-15T18:51:53.661+0000][7][gc,init] Heap Region Size: 4M
[2025-10-15T18:51:53.662+0000][7][gc,init] Heap Min Capacity: 3G
[2025-10-15T18:51:53.662+0000][7][gc,init] Heap Initial Capacity: 3G
[2025-10-15T18:51:53.662+0000][7][gc,init] Heap Max Capacity: 3G
[2025-10-15T18:51:53.662+0000][7][gc,init] Pre-touch: Enabled
[2025-10-15T18:51:53.662+0000][7][gc,init] Parallel Workers: 8
[2025-10-15T18:51:53.662+0000][7][gc,init] Concurrent Workers: 2
[2025-10-15T18:51:53.662+0000][7][gc,init] Concurrent Refinement Workers: 8
[2025-10-15T18:51:53.663+0000][7][gc,init] Periodic GC: Disabled
[2025-10-15T18:51:53.671+0000][7][gc,metaspace] CDS archive(s) mapped at: [0x00007fbfb6000000-0x00007fbfb6c78000-0x00007fbfb6c78000), size 13074432, SharedBaseAddress: 0x00007fbfb6000000, ArchiveRelocationMode: 1.
[2025-10-15T18:51:53.671+0000][7][gc,metaspace] Compressed class space mapped at: 0x00007fbfb7000000-0x00007fbff7000000, reserved size: 1073741824
[2025-10-15T18:51:53.671+0000][7][gc,metaspace] Narrow klass base: 0x00007fbfb6000000, Narrow klass shift: 0, Narrow klass range: 0x100000000
[2025-10-15T18:51:54.825+0000][7][safepoint   ] Safepoint "ICBufferFull", Time since last: 1145954713 ns, Reaching safepoint: 7238 ns, Cleanup: 116893 ns, At safepoint: 8314 ns, Total: 132445 ns
[2025-10-15T18:51:55.919+0000][7][safepoint   ] Safepoint "Cleanup", Time since last: 1093969420 ns, Reaching safepoint: 3320 ns, Cleanup: 65760 ns, At safepoint: 5164 ns, Total: 74244 ns
[2025-10-15T18:51:57.058+0000][7][safepoint   ] Safepoint "ICBufferFull", Time since last: 1139189563 ns, Reaching safepoint: 3313 ns, Cleanup: 85326 ns, At safepoint: 5959 ns, Total: 94598 ns
[2025-10-15T18:51:58.059+0000][7][safepoint   ] Safepoint "Cleanup", Time since last: 1000102286 ns, Reaching safepoint: 530744 ns, Cleanup: 56167 ns, At safepoint: 12817 ns, Total: 599728 ns
[2025-10-15T18:51:58.948+0000][7][gc,start    ] GC(0) Pause Young (Normal) (G1 Evacuation Pause)
[2025-10-15T18:51:58.948+0000][7][gc,task     ] GC(0) Using 8 workers of 8 for evacuation
[2025-10-15T18:51:58.948+0000][7][gc,age      ] GC(0) Desired survivor size 10485760 bytes, new threshold 15 (max threshold 15)
[2025-10-15T18:51:58.995+0000][7][gc,phases   ] GC(0)   Pre Evacuate Collection Set: 2.68ms
[2025-10-15T18:51:58.995+0000][7][gc,phases   ] GC(0)   Merge Heap Roots: 0.15ms
[2025-10-15T18:51:58.995+0000][7][gc,phases   ] GC(0)   Evacuate Collection Set: 41.55ms
[2025-10-15T18:51:58.995+0000][7][gc,phases   ] GC(0)   Post Evacuate Collection Set: 2.39ms
[2025-10-15T18:51:58.995+0000][7][gc,phases   ] GC(0)   Other: 0.15ms
[2025-10-15T18:51:58.996+0000][7][gc,age      ] GC(0) Age table with threshold 15 (max threshold 15)
[2025-10-15T18:51:58.996+0000][7][gc,age      ] GC(0) - age   1:    9003248 bytes,    9003248 total
[2025-10-15T18:51:58.996+0000][7][gc,heap     ] GC(0) Eden regions: 38->0(35)
[2025-10-15T18:51:58.996+0000][7][gc,heap     ] GC(0) Survivor regions: 0->3(5)
[2025-10-15T18:51:58.996+0000][7][gc,heap     ] GC(0) Old regions: 1->1
[2025-10-15T18:51:58.997+0000][7][gc,heap     ] GC(0) Humongous regions: 0->0
[2025-10-15T18:51:58.997+0000][7][gc,metaspace] GC(0) Metaspace: 16593K(16960K)->16593K(16960K) NonClass: 14651K(14848K)->14651K(14848K) Class: 1941K(2112K)->1941K(2112K)
[2025-10-15T18:51:58.997+0000][7][gc          ] GC(0) Pause Young (Normal) (G1 Evacuation Pause) 153M->10M(3072M) 49.415ms
[2025-10-15T18:51:58.997+0000][7][gc,cpu      ] GC(0) User=0.08s Sys=0.00s Real=0.05s
[2025-10-15T18:51:58.997+0000][7][safepoint   ] Safepoint "G1CollectForAllocation", Time since last: 888898421 ns, Reaching safepoint: 73069 ns, Cleanup: 62346 ns, At safepoint: 49805941 ns, Total: 49941356 ns
[2025-10-15T18:52:00.550+0000][7][gc,start    ] GC(1) Pause Young (Normal) (G1 Evacuation Pause)
[2025-10-15T18:52:00.552+0000][7][gc,task     ] GC(1) Using 8 workers of 8 for evacuation
[2025-10-15T18:52:00.552+0000][7][gc,age      ] GC(1) Desired survivor size 10485760 bytes, new threshold 15 (max threshold 15)
[2025-10-15T18:52:00.602+0000][7][gc,phases   ] GC(1)   Pre Evacuate Collection Set: 4.30ms
[2025-10-15T18:52:00.603+0000][7][gc,phases   ] GC(1)   Merge Heap Roots: 0.14ms
[2025-10-15T18:52:00.604+0000][7][gc,phases   ] GC(1)   Evacuate Collection Set: 43.05ms
[2025-10-15T18:52:00.604+0000][7][gc,phases   ] GC(1)   Post Evacuate Collection Set: 1.69ms
[2025-10-15T18:52:00.604+0000][7][gc,phases   ] GC(1)   Other: 0.11ms
[2025-10-15T18:52:00.604+0000][7][gc,age      ] GC(1) Age table with threshold 15 (max threshold 15)
[2025-10-15T18:52:00.604+0000][7][gc,age      ] GC(1) - age   1:    4516128 bytes,    4516128 total
[2025-10-15T18:52:00.605+0000][7][gc,age      ] GC(1) - age   2:    8078472 bytes,   12594600 total
[2025-10-15T18:52:00.605+0000][7][gc,heap     ] GC(1) Eden regions: 35->0(39)
[2025-10-15T18:52:00.605+0000][7][gc,heap     ] GC(1) Survivor regions: 3->4(5)
[2025-10-15T18:52:00.605+0000][7][gc,heap     ] GC(1) Old regions: 1->1
[2025-10-15T18:52:00.605+0000][7][gc,heap     ] GC(1) Humongous regions: 0->0
[2025-10-15T18:52:00.605+0000][7][gc,metaspace] GC(1) Metaspace: 18445K(18880K)->18445K(18880K) NonClass: 16238K(16448K)->16238K(16448K) Class: 2206K(2432K)->2206K(2432K)
[2025-10-15T18:52:00.608+0000][7][gc          ] GC(1) Pause Young (Normal) (G1 Evacuation Pause) 150M->13M(3072M) 57.130ms
[2025-10-15T18:52:00.608+0000][7][gc,cpu      ] GC(1) User=0.06s Sys=0.00s Real=0.06s
[2025-10-15T18:52:00.608+0000][7][safepoint   ] Safepoint "G1CollectForAllocation", Time since last: 1550827312 ns, Reaching safepoint: 2101847 ns, Cleanup: 74344 ns, At safepoint: 57730155 ns, Total: 59906346 ns
[2025-10-15T18:52:01.610+0000][7][safepoint   ] Safepoint "Cleanup", Time since last: 1001319936 ns, Reaching safepoint: 5059 ns, Cleanup: 30297 ns, At safepoint: 8198 ns, Total: 43554 ns
[2025-10-15T18:52:01.655+0000][7][gc,start    ] GC(2) Pause Young (Normal) (G1 Evacuation Pause)
[2025-10-15T18:52:01.655+0000][7][gc,task     ] GC(2) Using 8 workers of 8 for evacuation
[2025-10-15T18:52:01.655+0000][7][gc,age      ] GC(2) Desired survivor size 12582912 bytes, new threshold 2 (max threshold 15)
[2025-10-15T18:52:01.680+0000][7][gc,phases   ] GC(2)   Pre Evacuate Collection Set: 0.24ms
[2025-10-15T18:52:01.681+0000][7][gc,phases   ] GC(2)   Merge Heap Roots: 0.05ms
[2025-10-15T18:52:01.681+0000][7][gc,phases   ] GC(2)   Evacuate Collection Set: 23.72ms
[2025-10-15T18:52:01.681+0000][7][gc,phases   ] GC(2)   Post Evacuate Collection Set: 1.00ms
[2025-10-15T18:52:01.681+0000][7][gc,phases   ] GC(2)   Other: 0.07ms
[2025-10-15T18:52:01.681+0000][7][gc,age      ] GC(2) Age table with threshold 2 (max threshold 15)
[2025-10-15T18:52:01.681+0000][7][gc,age      ] GC(2) - age   1:    1858248 bytes,    1858248 total
[2025-10-15T18:52:01.681+0000][7][gc,age      ] GC(2) - age   2:    3007832 bytes,    4866080 total
[2025-10-15T18:52:01.681+0000][7][gc,heap     ] GC(2) Eden regions: 39->0(458)
[2025-10-15T18:52:01.681+0000][7][gc,heap     ] GC(2) Survivor regions: 4->2(6)
[2025-10-15T18:52:01.681+0000][7][gc,heap     ] GC(2) Old regions: 1->4
[2025-10-15T18:52:01.681+0000][7][gc,heap     ] GC(2) Humongous regions: 0->0
[2025-10-15T18:52:01.681+0000][7][gc,metaspace] GC(2) Metaspace: 18933K(19328K)->18933K(19328K) NonClass: 16638K(16832K)->16638K(16832K) Class: 2294K(2496K)->2294K(2496K)
[2025-10-15T18:52:01.681+0000][7][gc          ] GC(2) Pause Young (Normal) (G1 Evacuation Pause) 169M->14M(3072M) 25.337ms
[2025-10-15T18:52:01.681+0000][7][gc,cpu      ] GC(2) User=0.04s Sys=0.00s Real=0.02s
[2025-10-15T18:52:01.681+0000][7][safepoint   ] Safepoint "G1CollectForAllocation", Time since last: 45740977 ns, Reaching safepoint: 5614 ns, Cleanup: 10249 ns, At safepoint: 25380158 ns, Total: 25396021 ns
[2025-10-15T18:52:02.684+0000][7][safepoint   ] Safepoint "Cleanup", Time since last: 1002839961 ns, Reaching safepoint: 82051 ns, Cleanup: 80575 ns, At safepoint: 13201 ns, Total: 175827 ns
[2025-10-15T18:52:03.688+0000][7][safepoint   ] Safepoint "Cleanup", Time since last: 1003223282 ns, Reaching safepoint: 736174 ns, Cleanup: 39850 ns, At safepoint: 15754 ns, Total: 791778 ns
[2025-10-15T18:52:04.114+0000][7][gc,start    ] GC(3) Pause Young (Concurrent Start) (Metadata GC Threshold)
[2025-10-15T18:52:04.114+0000][7][gc,task     ] GC(3) Using 8 workers of 8 for evacuation
[2025-10-15T18:52:04.114+0000][7][gc,age      ] GC(3) Desired survivor size 121634816 bytes, new threshold 15 (max threshold 15)
[2025-10-15T18:52:04.128+0000][7][gc,phases   ] GC(3)   Pre Evacuate Collection Set: 0.54ms
[2025-10-15T18:52:04.128+0000][7][gc,phases   ] GC(3)   Merge Heap Roots: 0.22ms
[2025-10-15T18:52:04.128+0000][7][gc,phases   ] GC(3)   Evacuate Collection Set: 12.41ms
[2025-10-15T18:52:04.128+0000][7][gc,phases   ] GC(3)   Post Evacuate Collection Set: 1.19ms
[2025-10-15T18:52:04.128+0000][7][gc,phases   ] GC(3)   Other: 0.19ms
[2025-10-15T18:52:04.128+0000][7][gc,age      ] GC(3) Age table with threshold 15 (max threshold 15)
[2025-10-15T18:52:04.128+0000][7][gc,age      ] GC(3) - age   1:    5396032 bytes,    5396032 total
[2025-10-15T18:52:04.128+0000][7][gc,age      ] GC(3) - age   2:     933680 bytes,    6329712 total
[2025-10-15T18:52:04.128+0000][7][gc,age      ] GC(3) - age   3:    3005800 bytes,    9335512 total
[2025-10-15T18:52:04.128+0000][7][gc,heap     ] GC(3) Eden regions: 177->0(457)
[2025-10-15T18:52:04.128+0000][7][gc,heap     ] GC(3) Survivor regions: 2->3(58)
[2025-10-15T18:52:04.128+0000][7][gc,heap     ] GC(3) Old regions: 4->4
[2025-10-15T18:52:04.128+0000][7][gc,heap     ] GC(3) Humongous regions: 0->0
[2025-10-15T18:52:04.128+0000][7][gc,metaspace] GC(3) Metaspace: 21021K(21504K)->21021K(21504K) NonClass: 18452K(18752K)->18452K(18752K) Class: 2569K(2752K)->2569K(2752K)
[2025-10-15T18:52:04.128+0000][7][gc          ] GC(3) Pause Young (Concurrent Start) (Metadata GC Threshold) 720M->19M(3072M) 14.738ms
[2025-10-15T18:52:04.128+0000][7][gc,cpu      ] GC(3) User=0.02s Sys=0.00s Real=0.01s
[2025-10-15T18:52:04.128+0000][7][gc          ] GC(4) Concurrent Mark Cycle
[2025-10-15T18:52:04.128+0000][7][gc,marking  ] GC(4) Concurrent Scan Root Regions
[2025-10-15T18:52:04.128+0000][7][safepoint   ] Safepoint "CollectForMetadataAllocation", Time since last: 425802005 ns, Reaching safepoint: 6340 ns, Cleanup: 24689 ns, At safepoint: 14960984 ns, Total: 14992013 ns
[2025-10-15T18:52:04.139+0000][7][gc,marking  ] GC(4) Concurrent Scan Root Regions 10.622ms
[2025-10-15T18:52:04.139+0000][7][gc,marking  ] GC(4) Concurrent Mark
[2025-10-15T18:52:04.139+0000][7][gc,marking  ] GC(4) Concurrent Mark From Roots
[2025-10-15T18:52:04.139+0000][7][gc,task     ] GC(4) Using 2 workers of 2 for marking
[2025-10-15T18:52:04.172+0000][7][gc,marking  ] GC(4) Concurrent Mark From Roots 32.518ms
[2025-10-15T18:52:04.172+0000][7][gc,marking  ] GC(4) Concurrent Preclean
[2025-10-15T18:52:04.172+0000][7][gc,marking  ] GC(4) Concurrent Preclean 0.119ms
[2025-10-15T18:52:04.172+0000][7][gc,start    ] GC(4) Pause Remark
[2025-10-15T18:52:04.183+0000][7][gc          ] GC(4) Pause Remark 23M->23M(3072M) 10.868ms
[2025-10-15T18:52:04.183+0000][7][gc,cpu      ] GC(4) User=0.01s Sys=0.00s Real=0.01s
[2025-10-15T18:52:04.183+0000][7][safepoint   ] Safepoint "G1PauseRemark", Time since last: 43359756 ns, Reaching safepoint: 75188 ns, Cleanup: 16249 ns, At safepoint: 11556413 ns, Total: 11647850 ns
[2025-10-15T18:52:04.184+0000][7][gc,marking  ] GC(4) Concurrent Mark 44.509ms
[2025-10-15T18:52:04.184+0000][7][gc,marking  ] GC(4) Concurrent Rebuild Remembered Sets and Scrub Regions
[2025-10-15T18:52:04.199+0000][7][gc,marking  ] GC(4) Concurrent Rebuild Remembered Sets and Scrub Regions 15.347ms
[2025-10-15T18:52:04.199+0000][7][gc,start    ] GC(4) Pause Cleanup
[2025-10-15T18:52:04.199+0000][7][gc          ] GC(4) Pause Cleanup 25M->25M(3072M) 0.174ms
[2025-10-15T18:52:04.199+0000][7][gc,cpu      ] GC(4) User=0.00s Sys=0.00s Real=0.00s
[2025-10-15T18:52:04.199+0000][7][safepoint   ] Safepoint "G1PauseCleanup", Time since last: 15488094 ns, Reaching safepoint: 71351 ns, Cleanup: 8184 ns, At safepoint: 414349 ns, Total: 493884 ns
[2025-10-15T18:52:04.201+0000][7][gc,marking  ] GC(4) Concurrent Clear Claimed Marks
[2025-10-15T18:52:04.201+0000][7][gc,marking  ] GC(4) Concurrent Clear Claimed Marks 0.051ms
[2025-10-15T18:52:04.201+0000][7][gc,marking  ] GC(4) Concurrent Cleanup for Next Mark
[2025-10-15T18:52:04.207+0000][7][gc,marking  ] GC(4) Concurrent Cleanup for Next Mark 5.851ms
[2025-10-15T18:52:04.207+0000][7][gc          ] GC(4) Concurrent Mark Cycle 78.374ms
[2025-10-15T18:52:05.200+0000][7][safepoint   ] Safepoint "Cleanup", Time since last: 1000119847 ns, Reaching safepoint: 183423 ns, Cleanup: 27172 ns, At safepoint: 10244 ns, Total: 220839 ns
[2025-10-15T18:52:07.134+0000][7][safepoint   ] Safepoint "Cleanup", Time since last: 1931664661 ns, Reaching safepoint: 1990881 ns, Cleanup: 87135 ns, At safepoint: 15397 ns, Total: 2093413 ns
[2025-10-15T18:52:08.814+0000][7][safepoint   ] Safepoint "Cleanup", Time since last: 1675203216 ns, Reaching safepoint: 3256020 ns, Cleanup: 134917 ns, At safepoint: 1880194 ns, Total: 5271131 ns
[2025-10-15T18:52:09.835+0000][7][safepoint   ] Safepoint "Cleanup", Time since last: 1013325799 ns, Reaching safepoint: 7817438 ns, Cleanup: 52515 ns, At safepoint: 14795 ns, Total: 7884748 ns
[2025-10-15T18:52:10.836+0000][7][safepoint   ] Safepoint "Cleanup", Time since last: 1000986862 ns, Reaching safepoint: 72061 ns, Cleanup: 26791 ns, At safepoint: 14138 ns, Total: 112990 ns
[2025-10-15T18:52:11.840+0000][7][safepoint   ] Safepoint "Cleanup", Time since last: 1002606172 ns, Reaching safepoint: 289227 ns, Cleanup: 23930 ns, At safepoint: 744931 ns, Total: 1058088 ns
[2025-10-15T18:52:13.047+0000][7][safepoint   ] Safepoint "Cleanup", Time since last: 1000098937 ns, Reaching safepoint: 207277827 ns, Cleanup: 34842 ns, At safepoint: 32798 ns, Total: 207345467 ns
[2025-10-15T18:52:13.337+0000][7][gc,start    ] GC(5) Pause Young (Prepare Mixed) (Metadata GC Threshold)
[2025-10-15T18:52:13.337+0000][7][gc,task     ] GC(5) Using 8 workers of 8 for evacuation
[2025-10-15T18:52:13.337+0000][7][gc,age      ] GC(5) Desired survivor size 121634816 bytes, new threshold 15 (max threshold 15)
[2025-10-15T18:52:13.564+0000][7][gc,mmu      ] GC(5) MMU target violated: 201.0ms (200.0ms/201.0ms)
[2025-10-15T18:52:13.564+0000][7][gc,phases   ] GC(5)   Pre Evacuate Collection Set: 0.38ms
[2025-10-15T18:52:13.564+0000][7][gc,phases   ] GC(5)   Merge Heap Roots: 0.18ms
[2025-10-15T18:52:13.564+0000][7][gc,phases   ] GC(5)   Evacuate Collection Set: 220.99ms
[2025-10-15T18:52:13.564+0000][7][gc,phases   ] GC(5)   Post Evacuate Collection Set: 2.27ms
[2025-10-15T18:52:13.565+0000][7][gc,phases   ] GC(5)   Other: 3.23ms
[2025-10-15T18:52:13.565+0000][7][gc,age      ] GC(5) Age table with threshold 15 (max threshold 15)
[2025-10-15T18:52:13.565+0000][7][gc,age      ] GC(5) - age   1:   28674552 bytes,   28674552 total
[2025-10-15T18:52:13.565+0000][7][gc,age      ] GC(5) - age   2:    5359968 bytes,   34034520 total
[2025-10-15T18:52:13.565+0000][7][gc,age      ] GC(5) - age   3:     928432 bytes,   34962952 total
[2025-10-15T18:52:13.565+0000][7][gc,age      ] GC(5) - age   4:    2970920 bytes,   37933872 total
[2025-10-15T18:52:13.566+0000][7][gc,heap     ] GC(5) Eden regions: 194->0(150)
[2025-10-15T18:52:13.566+0000][7][gc,heap     ] GC(5) Survivor regions: 3->10(58)
[2025-10-15T18:52:13.566+0000][7][gc,heap     ] GC(5) Old regions: 4->4
[2025-10-15T18:52:13.566+0000][7][gc,heap     ] GC(5) Humongous regions: 0->0
[2025-10-15T18:52:13.566+0000][7][gc,metaspace] GC(5) Metaspace: 35216K(36160K)->35216K(36160K) NonClass: 30556K(31104K)->30556K(31104K) Class: 4659K(5056K)->4659K(5056K)
[2025-10-15T18:52:13.566+0000][7][gc          ] GC(5) Pause Young (Prepare Mixed) (Metadata GC Threshold) 793M->48M(3072M) 229.393ms
[2025-10-15T18:52:13.566+0000][7][gc,cpu      ] GC(5) User=0.10s Sys=0.00s Real=0.23s
[2025-10-15T18:52:13.567+0000][7][safepoint   ] Safepoint "CollectForMetadataAllocation", Time since last: 289428684 ns, Reaching safepoint: 4794 ns, Cleanup: 19841 ns, At safepoint: 230554151 ns, Total: 230578786 ns
[2025-10-15T18:52:13.642+0000][7][gc,start    ] GC(6) Pause Young (Mixed) (Metadata GC Threshold)
[2025-10-15T18:52:13.642+0000][7][gc,task     ] GC(6) Using 8 workers of 8 for evacuation
[2025-10-15T18:52:13.642+0000][7][gc,age      ] GC(6) Desired survivor size 41943040 bytes, new threshold 15 (max threshold 15)
[2025-10-15T18:52:13.726+0000][7][gc,phases   ] GC(6)   Pre Evacuate Collection Set: 0.34ms
[2025-10-15T18:52:13.726+0000][7][gc,phases   ] GC(6)   Merge Heap Roots: 1.42ms
[2025-10-15T18:52:13.726+0000][7][gc,phases   ] GC(6)   Evacuate Collection Set: 77.78ms
[2025-10-15T18:52:13.726+0000][7][gc,phases   ] GC(6)   Post Evacuate Collection Set: 4.97ms
[2025-10-15T18:52:13.726+0000][7][gc,phases   ] GC(6)   Other: 0.06ms
[2025-10-15T18:52:13.726+0000][7][gc,age      ] GC(6) Age table with threshold 15 (max threshold 15)
[2025-10-15T18:52:13.726+0000][7][gc,age      ] GC(6) - age   1:      39680 bytes,      39680 total
[2025-10-15T18:52:13.726+0000][7][gc,age      ] GC(6) - age   2:   28592152 bytes,   28631832 total
[2025-10-15T18:52:13.726+0000][7][gc,age      ] GC(6) - age   3:    5355040 bytes,   33986872 total
[2025-10-15T18:52:13.726+0000][7][gc,age      ] GC(6) - age   4:     928304 bytes,   34915176 total
[2025-10-15T18:52:13.726+0000][7][gc,age      ] GC(6) - age   5:    2970856 bytes,   37886032 total
[2025-10-15T18:52:13.726+0000][7][gc,heap     ] GC(6) Eden regions: 1->0(28)
[2025-10-15T18:52:13.726+0000][7][gc,heap     ] GC(6) Survivor regions: 10->10(20)
[2025-10-15T18:52:13.726+0000][7][gc,heap     ] GC(6) Old regions: 4->3
[2025-10-15T18:52:13.726+0000][7][gc,heap     ] GC(6) Humongous regions: 0->0
[2025-10-15T18:52:13.726+0000][7][gc,metaspace] GC(6) Metaspace: 35493K(36480K)->35493K(36480K) NonClass: 30812K(31360K)->30812K(31360K) Class: 4681K(5120K)->4681K(5120K)
[2025-10-15T18:52:13.726+0000][7][gc          ] GC(6) Pause Young (Mixed) (Metadata GC Threshold) 52M->47M(3072M) 84.809ms
[2025-10-15T18:52:13.726+0000][7][gc,cpu      ] GC(6) User=0.09s Sys=0.00s Real=0.09s
[2025-10-15T18:52:13.726+0000][7][safepoint   ] Safepoint "CollectForMetadataAllocation", Time since last: 74014334 ns, Reaching safepoint: 5377 ns, Cleanup: 11237 ns, At safepoint: 84893419 ns, Total: 84910033 ns
[2025-10-15T18:52:13.769+0000][7][gc,start    ] GC(7) Pause Young (Concurrent Start) (Metadata GC Threshold)
[2025-10-15T18:52:13.769+0000][7][gc,task     ] GC(7) Using 8 workers of 8 for evacuation
[2025-10-15T18:52:13.769+0000][7][gc,age      ] GC(7) Desired survivor size 10485760 bytes, new threshold 2 (max threshold 15)
[2025-10-15T18:52:13.814+0000][7][gc,phases   ] GC(7)   Pre Evacuate Collection Set: 0.21ms
[2025-10-15T18:52:13.814+0000][7][gc,phases   ] GC(7)   Merge Heap Roots: 0.07ms
[2025-10-15T18:52:13.814+0000][7][gc,phases   ] GC(7)   Evacuate Collection Set: 42.93ms
[2025-10-15T18:52:13.814+0000][7][gc,phases   ] GC(7)   Post Evacuate Collection Set: 1.19ms
[2025-10-15T18:52:13.814+0000][7][gc,phases   ] GC(7)   Other: 0.09ms
[2025-10-15T18:52:13.814+0000][7][gc,age      ] GC(7) Age table with threshold 2 (max threshold 15)
[2025-10-15T18:52:13.814+0000][7][gc,age      ] GC(7) - age   1:     113056 bytes,     113056 total
[2025-10-15T18:52:13.814+0000][7][gc,age      ] GC(7) - age   2:      29040 bytes,     142096 total
[2025-10-15T18:52:13.814+0000][7][gc,heap     ] GC(7) Eden regions: 1->0(275)
[2025-10-15T18:52:13.814+0000][7][gc,heap     ] GC(7) Survivor regions: 10->2(5)
[2025-10-15T18:52:13.814+0000][7][gc,heap     ] GC(7) Old regions: 3->12
[2025-10-15T18:52:13.814+0000][7][gc,heap     ] GC(7) Humongous regions: 0->0
[2025-10-15T18:52:13.814+0000][7][gc,metaspace] GC(7) Metaspace: 35844K(36800K)->35844K(36800K) NonClass: 31124K(31680K)->31124K(31680K) Class: 4719K(5120K)->4719K(5120K)
[2025-10-15T18:52:13.814+0000][7][gc          ] GC(7) Pause Young (Concurrent Start) (Metadata GC Threshold) 49M->51M(3072M) 44.685ms
[2025-10-15T18:52:13.814+0000][7][gc          ] GC(8) Concurrent Mark Cycle
[2025-10-15T18:52:13.814+0000][7][gc,marking  ] GC(8) Concurrent Scan Root Regions
[2025-10-15T18:52:13.814+0000][7][gc,cpu      ] GC(7) User=0.08s Sys=0.00s Real=0.05s
[2025-10-15T18:52:13.815+0000][7][safepoint   ] Safepoint "CollectForMetadataAllocation", Time since last: 42544243 ns, Reaching safepoint: 3982 ns, Cleanup: 6996 ns, At safepoint: 45603521 ns, Total: 45614499 ns
[2025-10-15T18:52:13.854+0000][7][safepoint   ] Safepoint "CollectForMetadataAllocation", Time since last: 38692059 ns, Reaching safepoint: 553045 ns, Cleanup: 13819 ns, At safepoint: 50043 ns, Total: 616907 ns
[2025-10-15T18:52:13.919+0000][7][safepoint   ] Safepoint "CollectForMetadataAllocation", Time since last: 64661936 ns, Reaching safepoint: 5131 ns, Cleanup: 13310 ns, At safepoint: 47258 ns, Total: 65699 ns
[2025-10-15T18:52:13.936+0000][7][gc,marking  ] GC(8) Concurrent Scan Root Regions 121.972ms
[2025-10-15T18:52:13.936+0000][7][gc,marking  ] GC(8) Concurrent Mark
[2025-10-15T18:52:13.936+0000][7][gc,marking  ] GC(8) Concurrent Mark From Roots
[2025-10-15T18:52:13.940+0000][7][gc,task     ] GC(8) Using 2 workers of 2 for marking
[2025-10-15T18:52:13.949+0000][7][safepoint   ] Safepoint "CollectForMetadataAllocation", Time since last: 29896522 ns, Reaching safepoint: 41271 ns, Cleanup: 2717 ns, At safepoint: 48590 ns, Total: 92578 ns
[2025-10-15T18:52:13.964+0000][7][gc,marking  ] GC(8) Concurrent Mark From Roots 28.056ms
[2025-10-15T18:52:13.964+0000][7][gc,marking  ] GC(8) Concurrent Preclean
[2025-10-15T18:52:13.964+0000][7][gc,marking  ] GC(8) Concurrent Preclean 0.061ms
[2025-10-15T18:52:13.965+0000][7][gc,start    ] GC(8) Pause Remark
[2025-10-15T18:52:13.979+0000][7][gc          ] GC(8) Pause Remark 58M->58M(3072M) 13.729ms
[2025-10-15T18:52:13.979+0000][7][gc,cpu      ] GC(8) User=0.02s Sys=0.00s Real=0.01s
[2025-10-15T18:52:13.979+0000][7][safepoint   ] Safepoint "G1PauseRemark", Time since last: 16281609 ns, Reaching safepoint: 72361 ns, Cleanup: 12476 ns, At safepoint: 14156355 ns, Total: 14241192 ns
[2025-10-15T18:52:13.979+0000][7][gc,marking  ] GC(8) Concurrent Mark 43.353ms
[2025-10-15T18:52:13.979+0000][7][gc,marking  ] GC(8) Concurrent Rebuild Remembered Sets and Scrub Regions
[2025-10-15T18:52:14.035+0000][7][gc,marking  ] GC(8) Concurrent Rebuild Remembered Sets and Scrub Regions 55.165ms
[2025-10-15T18:52:14.040+0000][7][gc,start    ] GC(8) Pause Cleanup
[2025-10-15T18:52:14.040+0000][7][gc          ] GC(8) Pause Cleanup 67M->67M(3072M) 0.151ms
[2025-10-15T18:52:14.040+0000][7][gc,cpu      ] GC(8) User=0.00s Sys=0.00s Real=0.00s
[2025-10-15T18:52:14.040+0000][7][safepoint   ] Safepoint "G1PauseCleanup", Time since last: 60366536 ns, Reaching safepoint: 266015 ns, Cleanup: 18682 ns, At safepoint: 189396 ns, Total: 474093 ns
[2025-10-15T18:52:14.040+0000][7][gc,marking  ] GC(8) Concurrent Clear Claimed Marks
[2025-10-15T18:52:14.041+0000][7][gc,marking  ] GC(8) Concurrent Clear Claimed Marks 0.217ms
[2025-10-15T18:52:14.041+0000][7][gc,marking  ] GC(8) Concurrent Cleanup for Next Mark
[2025-10-15T18:52:14.047+0000][7][gc,marking  ] GC(8) Concurrent Cleanup for Next Mark 6.768ms
[2025-10-15T18:52:14.048+0000][7][gc          ] GC(8) Concurrent Mark Cycle 234.045ms
[2025-10-15T18:52:15.042+0000][7][safepoint   ] Safepoint "Cleanup", Time since last: 1000083662 ns, Reaching safepoint: 2094165 ns, Cleanup: 51706 ns, At safepoint: 14422 ns, Total: 2160293 ns
[2025-10-15T18:52:16.211+0000][7][safepoint   ] Safepoint "Cleanup", Time since last: 1167765546 ns, Reaching safepoint: 1208831 ns, Cleanup: 29880 ns, At safepoint: 9701 ns, Total: 1248412 ns
[2025-10-15T18:52:17.251+0000][7][safepoint   ] Safepoint "Cleanup", Time since last: 1039266901 ns, Reaching safepoint: 72055 ns, Cleanup: 57879 ns, At safepoint: 8442 ns, Total: 138376 ns
[2025-10-15T18:52:18.251+0000][7][safepoint   ] Safepoint "Cleanup", Time since last: 1000330682 ns, Reaching safepoint: 81445 ns, Cleanup: 218595 ns, At safepoint: 29388 ns, Total: 329428 ns
[2025-10-15T18:52:20.070+0000][7][safepoint   ] Safepoint "Cleanup", Time since last: 1818204346 ns, Reaching safepoint: 72442 ns, Cleanup: 93170 ns, At safepoint: 23147 ns, Total: 188759 ns
[2025-10-15T18:52:21.510+0000][7][gc,start    ] GC(9) Pause Young (Concurrent Start) (Metadata GC Threshold)
[2025-10-15T18:52:21.510+0000][7][gc,task     ] GC(9) Using 8 workers of 8 for evacuation
[2025-10-15T18:52:21.511+0000][7][gc,age      ] GC(9) Desired survivor size 73400320 bytes, new threshold 15 (max threshold 15)
[2025-10-15T18:52:21.536+0000][7][gc,phases   ] GC(9)   Pre Evacuate Collection Set: 0.47ms
[2025-10-15T18:52:21.536+0000][7][gc,phases   ] GC(9)   Merge Heap Roots: 0.20ms
[2025-10-15T18:52:21.537+0000][7][gc,phases   ] GC(9)   Evacuate Collection Set: 22.14ms
[2025-10-15T18:52:21.537+0000][7][gc,phases   ] GC(9)   Post Evacuate Collection Set: 2.36ms
[2025-10-15T18:52:21.537+0000][7][gc,phases   ] GC(9)   Other: 0.47ms
[2025-10-15T18:52:21.537+0000][7][gc,age      ] GC(9) Age table with threshold 15 (max threshold 15)
[2025-10-15T18:52:21.537+0000][7][gc,age      ] GC(9) - age   1:   12990408 bytes,   12990408 total
[2025-10-15T18:52:21.537+0000][7][gc,age      ] GC(9) - age   2:      53248 bytes,   13043656 total
[2025-10-15T18:52:21.537+0000][7][gc,age      ] GC(9) - age   3:      28920 bytes,   13072576 total
[2025-10-15T18:52:21.537+0000][7][gc,heap     ] GC(9) Eden regions: 119->0(269)
[2025-10-15T18:52:21.537+0000][7][gc,heap     ] GC(9) Survivor regions: 2->4(35)
[2025-10-15T18:52:21.537+0000][7][gc,heap     ] GC(9) Old regions: 12->12
[2025-10-15T18:52:21.537+0000][7][gc,heap     ] GC(9) Humongous regions: 0->0
[2025-10-15T18:52:21.537+0000][7][gc,metaspace] GC(9) Metaspace: 61984K(63296K)->61984K(63296K) NonClass: 53549K(54336K)->53549K(54336K) Class: 8435K(8960K)->8435K(8960K)
[2025-10-15T18:52:21.537+0000][7][gc          ] GC(9) Pause Young (Concurrent Start) (Metadata GC Threshold) 525M->60M(3072M) 26.359ms
[2025-10-15T18:52:21.537+0000][7][gc,cpu      ] GC(9) User=0.04s Sys=0.00s Real=0.03s
[2025-10-15T18:52:21.537+0000][7][gc          ] GC(10) Concurrent Mark Cycle
[2025-10-15T18:52:21.537+0000][7][gc,marking  ] GC(10) Concurrent Scan Root Regions
[2025-10-15T18:52:21.537+0000][7][safepoint   ] Safepoint "CollectForMetadataAllocation", Time since last: 1440474549 ns, Reaching safepoint: 6482 ns, Cleanup: 96575 ns, At safepoint: 26929720 ns, Total: 27032777 ns
[2025-10-15T18:52:21.548+0000][7][gc,marking  ] GC(10) Concurrent Scan Root Regions 11.601ms
[2025-10-15T18:52:21.548+0000][7][gc,marking  ] GC(10) Concurrent Mark
[2025-10-15T18:52:21.549+0000][7][gc,marking  ] GC(10) Concurrent Mark From Roots
[2025-10-15T18:52:21.549+0000][7][gc,task     ] GC(10) Using 2 workers of 2 for marking
[2025-10-15T18:52:21.604+0000][7][safepoint   ] Safepoint "CollectForMetadataAllocation", Time since last: 66882604 ns, Reaching safepoint: 46270 ns, Cleanup: 9807 ns, At safepoint: 39411 ns, Total: 95488 ns
[2025-10-15T18:52:21.615+0000][7][gc,marking  ] GC(10) Concurrent Mark From Roots 66.293ms
[2025-10-15T18:52:21.615+0000][7][gc,marking  ] GC(10) Concurrent Preclean
[2025-10-15T18:52:21.615+0000][7][gc,marking  ] GC(10) Concurrent Preclean 0.330ms
[2025-10-15T18:52:21.616+0000][7][gc,start    ] GC(10) Pause Remark
[2025-10-15T18:52:21.623+0000][7][gc          ] GC(10) Pause Remark 66M->66M(3072M) 7.255ms
[2025-10-15T18:52:21.623+0000][7][gc,cpu      ] GC(10) User=0.02s Sys=0.00s Real=0.00s
[2025-10-15T18:52:21.623+0000][7][safepoint   ] Safepoint "G1PauseRemark", Time since last: 11435531 ns, Reaching safepoint: 5256 ns, Cleanup: 2562 ns, At safepoint: 7653080 ns, Total: 7660898 ns
[2025-10-15T18:52:21.625+0000][7][gc,marking  ] GC(10) Concurrent Mark 77.024ms
[2025-10-15T18:52:21.626+0000][7][gc,marking  ] GC(10) Concurrent Rebuild Remembered Sets and Scrub Regions
[2025-10-15T18:52:21.665+0000][7][gc,marking  ] GC(10) Concurrent Rebuild Remembered Sets and Scrub Regions 39.301ms
[2025-10-15T18:52:21.665+0000][7][gc,start    ] GC(10) Pause Cleanup
[2025-10-15T18:52:21.665+0000][7][gc          ] GC(10) Pause Cleanup 70M->70M(3072M) 0.155ms
[2025-10-15T18:52:21.665+0000][7][gc,cpu      ] GC(10) User=0.00s Sys=0.00s Real=0.00s
[2025-10-15T18:52:21.665+0000][7][safepoint   ] Safepoint "G1PauseCleanup", Time since last: 41818276 ns, Reaching safepoint: 70248 ns, Cleanup: 18700 ns, At safepoint: 192792 ns, Total: 281740 ns
[2025-10-15T18:52:21.665+0000][7][gc,marking  ] GC(10) Concurrent Clear Claimed Marks
[2025-10-15T18:52:21.665+0000][7][gc,marking  ] GC(10) Concurrent Clear Claimed Marks 0.063ms
[2025-10-15T18:52:21.665+0000][7][gc,marking  ] GC(10) Concurrent Cleanup for Next Mark
[2025-10-15T18:52:21.669+0000][7][gc,marking  ] GC(10) Concurrent Cleanup for Next Mark 3.971ms
[2025-10-15T18:52:21.670+0000][7][gc          ] GC(10) Concurrent Mark Cycle 133.015ms
[2025-10-15T18:52:22.666+0000][7][safepoint   ] Safepoint "Cleanup", Time since last: 1000490941 ns, Reaching safepoint: 398752 ns, Cleanup: 30652 ns, At safepoint: 11430 ns, Total: 440834 ns
[2025-10-15T18:52:23.938+0000][7][safepoint   ] Safepoint "Cleanup", Time since last: 1271537458 ns, Reaching safepoint: 68589 ns, Cleanup: 70497 ns, At safepoint: 7673 ns, Total: 146759 ns
[2025-10-15T18:52:24.939+0000][7][safepoint   ] Safepoint "Cleanup", Time since last: 1000512574 ns, Reaching safepoint: 438113 ns, Cleanup: 74086 ns, At safepoint: 15458 ns, Total: 527657 ns
[2025-10-15T18:52:25.958+0000][7][safepoint   ] Safepoint "ICBufferFull", Time since last: 1018754140 ns, Reaching safepoint: 6991 ns, Cleanup: 116365 ns, At safepoint: 9695 ns, Total: 133051 ns
[2025-10-15T18:52:26.490+0000][7][safepoint   ] Safepoint "ICBufferFull", Time since last: 531232498 ns, Reaching safepoint: 295649 ns, Cleanup: 105928 ns, At safepoint: 8971 ns, Total: 410548 ns
[2025-10-15T18:52:26.490+0000][7][safepoint   ] Safepoint "ICBufferFull", Time since last: 162167 ns, Reaching safepoint: 203695 ns, Cleanup: 4157 ns, At safepoint: 6968 ns, Total: 214820 ns
[2025-10-15T18:52:27.215+0000][7][safepoint   ] Safepoint "ICBufferFull", Time since last: 724825296 ns, Reaching safepoint: 76216 ns, Cleanup: 97249 ns, At safepoint: 11500 ns, Total: 184965 ns
[2025-10-15T18:52:27.976+0000][7][safepoint   ] Safepoint "ICBufferFull", Time since last: 760570479 ns, Reaching safepoint: 76990 ns, Cleanup: 128894 ns, At safepoint: 523717 ns, Total: 729601 ns
[2025-10-15T18:52:29.129+0000][7][safepoint   ] Safepoint "ICBufferFull", Time since last: 1152743796 ns, Reaching safepoint: 8643 ns, Cleanup: 100380 ns, At safepoint: 6813 ns, Total: 115836 ns
[2025-10-15T18:52:30.129+0000][7][safepoint   ] Safepoint "Cleanup", Time since last: 1000120681 ns, Reaching safepoint: 27202 ns, Cleanup: 50443 ns, At safepoint: 6743 ns, Total: 84388 ns
[2025-10-15T18:52:31.130+0000][7][safepoint   ] Safepoint "Cleanup", Time since last: 1000453911 ns, Reaching safepoint: 10600 ns, Cleanup: 50832 ns, At safepoint: 9409 ns, Total: 70841 ns
[2025-10-15T18:52:32.132+0000][7][safepoint   ] Safepoint "Cleanup", Time since last: 1001674941 ns, Reaching safepoint: 10824 ns, Cleanup: 18183 ns, At safepoint: 7925 ns, Total: 36932 ns
[2025-10-15T18:52:33.132+0000][7][safepoint   ] Safepoint "Cleanup", Time since last: 1000125714 ns, Reaching safepoint: 11500 ns, Cleanup: 17914 ns, At safepoint: 6382 ns, Total: 35796 ns
[2025-10-15T18:52:34.132+0000][7][safepoint   ] Safepoint "Cleanup", Time since last: 1000364950 ns, Reaching safepoint: 12520 ns, Cleanup: 18655 ns, At safepoint: 7937 ns, Total: 39112 ns
[2025-10-15T18:52:35.133+0000][7][safepoint   ] Safepoint "Cleanup", Time since last: 1000576930 ns, Reaching safepoint: 10551 ns, Cleanup: 13825 ns, At safepoint: 6380 ns, Total: 30756 ns
[2025-10-15T18:52:37.358+0000][7][gc,start    ] GC(11) Pause Young (Concurrent Start) (Metadata GC Threshold)
[2025-10-15T18:52:37.358+0000][7][gc,task     ] GC(11) Using 8 workers of 8 for evacuation
[2025-10-15T18:52:37.358+0000][7][gc,age      ] GC(11) Desired survivor size 67108864 bytes, new threshold 15 (max threshold 15)
[2025-10-15T18:52:37.378+0000][7][gc,phases   ] GC(11)   Pre Evacuate Collection Set: 0.13ms
[2025-10-15T18:52:37.378+0000][7][gc,phases   ] GC(11)   Merge Heap Roots: 0.05ms
[2025-10-15T18:52:37.378+0000][7][gc,phases   ] GC(11)   Evacuate Collection Set: 18.72ms
[2025-10-15T18:52:37.378+0000][7][gc,phases   ] GC(11)   Post Evacuate Collection Set: 1.11ms
[2025-10-15T18:52:37.378+0000][7][gc,phases   ] GC(11)   Other: 0.07ms
[2025-10-15T18:52:37.378+0000][7][gc,age      ] GC(11) Age table with threshold 15 (max threshold 15)
[2025-10-15T18:52:37.378+0000][7][gc,age      ] GC(11) - age   1:   24459784 bytes,   24459784 total
[2025-10-15T18:52:37.378+0000][7][gc,age      ] GC(11) - age   2:   12233376 bytes,   36693160 total
[2025-10-15T18:52:37.378+0000][7][gc,age      ] GC(11) - age   3:      52064 bytes,   36745224 total
[2025-10-15T18:52:37.378+0000][7][gc,age      ] GC(11) - age   4:      28520 bytes,   36773744 total
[2025-10-15T18:52:37.378+0000][7][gc,heap     ] GC(11) Eden regions: 133->0(185)
[2025-10-15T18:52:37.378+0000][7][gc,heap     ] GC(11) Survivor regions: 4->10(32)
[2025-10-15T18:52:37.378+0000][7][gc,heap     ] GC(11) Old regions: 12->12
[2025-10-15T18:52:37.378+0000][7][gc,heap     ] GC(11) Humongous regions: 2->2
[2025-10-15T18:52:37.378+0000][7][gc,metaspace] GC(11) Metaspace: 103397K(106240K)->103397K(106240K) NonClass: 88476K(90048K)->88476K(90048K) Class: 14921K(16192K)->14921K(16192K)
[2025-10-15T18:52:37.378+0000][7][gc          ] GC(11) Pause Young (Concurrent Start) (Metadata GC Threshold) 600M->93M(3072M) 20.247ms
[2025-10-15T18:52:37.378+0000][7][gc          ] GC(12) Concurrent Mark Cycle
[2025-10-15T18:52:37.378+0000][7][gc,cpu      ] GC(11) User=0.12s Sys=0.00s Real=0.02s
[2025-10-15T18:52:37.378+0000][7][gc,marking  ] GC(12) Concurrent Scan Root Regions
[2025-10-15T18:52:37.378+0000][7][safepoint   ] Safepoint "CollectForMetadataAllocation", Time since last: 2224919106 ns, Reaching safepoint: 5231 ns, Cleanup: 8683 ns, At safepoint: 20357633 ns, Total: 20371547 ns
[2025-10-15T18:52:37.391+0000][7][gc,marking  ] GC(12) Concurrent Scan Root Regions 13.066ms
[2025-10-15T18:52:37.391+0000][7][gc,marking  ] GC(12) Concurrent Mark
[2025-10-15T18:52:37.391+0000][7][gc,marking  ] GC(12) Concurrent Mark From Roots
[2025-10-15T18:52:37.391+0000][7][gc,task     ] GC(12) Using 2 workers of 2 for marking
[2025-10-15T18:52:37.422+0000][7][gc,marking  ] GC(12) Concurrent Mark From Roots 31.399ms
[2025-10-15T18:52:37.422+0000][7][gc,marking  ] GC(12) Concurrent Preclean
[2025-10-15T18:52:37.423+0000][7][gc,marking  ] GC(12) Concurrent Preclean 0.145ms
[2025-10-15T18:52:37.423+0000][7][gc,start    ] GC(12) Pause Remark
[2025-10-15T18:52:37.427+0000][7][gc          ] GC(12) Pause Remark 96M->96M(3072M) 4.130ms
[2025-10-15T18:52:37.427+0000][7][gc,cpu      ] GC(12) User=0.01s Sys=0.00s Real=0.01s
[2025-10-15T18:52:37.427+0000][7][safepoint   ] Safepoint "G1PauseRemark", Time since last: 44652880 ns, Reaching safepoint: 6760 ns, Cleanup: 2676 ns, At safepoint: 4184360 ns, Total: 4193796 ns
[2025-10-15T18:52:37.427+0000][7][gc,marking  ] GC(12) Concurrent Mark 35.813ms
[2025-10-15T18:52:37.427+0000][7][gc,marking  ] GC(12) Concurrent Rebuild Remembered Sets and Scrub Regions
[2025-10-15T18:52:37.439+0000][7][gc,marking  ] GC(12) Concurrent Rebuild Remembered Sets and Scrub Regions 11.718ms
[2025-10-15T18:52:37.439+0000][7][gc,start    ] GC(12) Pause Cleanup
[2025-10-15T18:52:37.439+0000][7][gc          ] GC(12) Pause Cleanup 96M->96M(3072M) 0.087ms
[2025-10-15T18:52:37.439+0000][7][gc,cpu      ] GC(12) User=0.00s Sys=0.00s Real=0.00s
[2025-10-15T18:52:37.439+0000][7][safepoint   ] Safepoint "G1PauseCleanup", Time since last: 11794755 ns, Reaching safepoint: 21107 ns, Cleanup: 4611 ns, At safepoint: 119110 ns, Total: 144828 ns
[2025-10-15T18:52:37.439+0000][7][gc,marking  ] GC(12) Concurrent Clear Claimed Marks
[2025-10-15T18:52:37.439+0000][7][gc,marking  ] GC(12) Concurrent Clear Claimed Marks 0.179ms
[2025-10-15T18:52:37.439+0000][7][gc,marking  ] GC(12) Concurrent Cleanup for Next Mark
[2025-10-15T18:52:37.441+0000][7][gc,marking  ] GC(12) Concurrent Cleanup for Next Mark 2.514ms
[2025-10-15T18:52:37.442+0000][7][gc          ] GC(12) Concurrent Mark Cycle 63.634ms
[2025-10-15T18:52:38.439+0000][7][safepoint   ] Safepoint "Cleanup", Time since last: 1000077616 ns, Reaching safepoint: 10111 ns, Cleanup: 9816 ns, At safepoint: 6557 ns, Total: 26484 ns
[2025-10-15T18:52:39.439+0000][7][safepoint   ] Safepoint "Cleanup", Time since last: 1000082094 ns, Reaching safepoint: 6589 ns, Cleanup: 13674 ns, At safepoint: 4373 ns, Total: 24636 ns
[2025-10-15T18:52:40.312+0000][7][safepoint   ] Safepoint "ICBufferFull", Time since last: 872756317 ns, Reaching safepoint: 11795 ns, Cleanup: 96809 ns, At safepoint: 8109 ns, Total: 116713 ns
[2025-10-15T18:52:41.960+0000][7][safepoint   ] Safepoint "Cleanup", Time since last: 1647800563 ns, Reaching safepoint: 9173 ns, Cleanup: 55406 ns, At safepoint: 8283 ns, Total: 72862 ns
[2025-10-15T18:52:43.960+0000][7][safepoint   ] Safepoint "Cleanup", Time since last: 2000160610 ns, Reaching safepoint: 21837 ns, Cleanup: 10500 ns, At safepoint: 5186 ns, Total: 37523 ns
[2025-10-15T18:52:45.974+0000][7][safepoint   ] Safepoint "Cleanup", Time since last: 2008211783 ns, Reaching safepoint: 53167 ns, Cleanup: 5569854 ns, At safepoint: 17778 ns, Total: 5640799 ns
[2025-10-15T18:52:46.975+0000][7][safepoint   ] Safepoint "Cleanup", Time since last: 1001285409 ns, Reaching safepoint: 81062 ns, Cleanup: 30945 ns, At safepoint: 17480 ns, Total: 129487 ns
[2025-10-15T18:52:47.977+0000][7][safepoint   ] Safepoint "Cleanup", Time since last: 1001287795 ns, Reaching safepoint: 7343 ns, Cleanup: 28585 ns, At safepoint: 5094 ns, Total: 41022 ns
[2025-10-15T18:52:48.977+0000][7][safepoint   ] Safepoint "Cleanup", Time since last: 1000086532 ns, Reaching safepoint: 7610 ns, Cleanup: 25193 ns, At safepoint: 4774 ns, Total: 37577 ns
[2025-10-15T18:52:49.977+0000][7][safepoint   ] Safepoint "Cleanup", Time since last: 1000082747 ns, Reaching safepoint: 17888 ns, Cleanup: 8395 ns, At safepoint: 4744 ns, Total: 31027 ns
[2025-10-15T18:52:53.443+0000][7][safepoint   ] Safepoint "Cleanup", Time since last: 3466244666 ns, Reaching safepoint: 12834 ns, Cleanup: 8681 ns, At safepoint: 2565 ns, Total: 24080 ns
[2025-10-15T18:52:55.444+0000][7][safepoint   ] Safepoint "Cleanup", Time since last: 2000909321 ns, Reaching safepoint: 9738 ns, Cleanup: 10198 ns, At safepoint: 5948 ns, Total: 25884 ns
[2025-10-15T18:52:56.444+0000][7][safepoint   ] Safepoint "Cleanup", Time since last: 1000100191 ns, Reaching safepoint: 10224 ns, Cleanup: 8814 ns, At safepoint: 5304 ns, Total: 24342 ns
[2025-10-15T18:52:58.444+0000][7][safepoint   ] Safepoint "Cleanup", Time since last: 2000196802 ns, Reaching safepoint: 7016 ns, Cleanup: 14721 ns, At safepoint: 23210 ns, Total: 44947 ns
[2025-10-15T18:52:59.444+0000][7][safepoint   ] Safepoint "Cleanup", Time since last: 1000091571 ns, Reaching safepoint: 9698 ns, Cleanup: 11249 ns, At safepoint: 5160 ns, Total: 26107 ns
[2025-10-15T18:53:00.445+0000][7][safepoint   ] Safepoint "Cleanup", Time since last: 1000096093 ns, Reaching safepoint: 8293 ns, Cleanup: 9341 ns, At safepoint: 4379 ns, Total: 22013 ns
[2025-10-15T18:53:02.445+0000][7][safepoint   ] Safepoint "Cleanup", Time since last: 2000180680 ns, Reaching safepoint: 24241 ns, Cleanup: 24750 ns, At safepoint: 10221 ns, Total: 59212 ns
[2025-10-15T18:53:03.445+0000][7][safepoint   ] Safepoint "Cleanup", Time since last: 1000224732 ns, Reaching safepoint: 19308 ns, Cleanup: 19809 ns, At safepoint: 14292 ns, Total: 53409 ns
[2025-10-15T18:53:04.445+0000][7][safepoint   ] Safepoint "Cleanup", Time since last: 1000172529 ns, Reaching safepoint: 19236 ns, Cleanup: 19647 ns, At safepoint: 17380 ns, Total: 56263 ns
[2025-10-15T18:53:06.445+0000][7][safepoint   ] Safepoint "Cleanup", Time since last: 2000158189 ns, Reaching safepoint: 8640 ns, Cleanup: 6808 ns, At safepoint: 4637 ns, Total: 20085 ns
[2025-10-15T18:53:07.446+0000][7][safepoint   ] Safepoint "Cleanup", Time since last: 1000133951 ns, Reaching safepoint: 18830 ns, Cleanup: 6839 ns, At safepoint: 5866 ns, Total: 31535 ns
[2025-10-15T18:53:08.446+0000][7][safepoint   ] Safepoint "Cleanup", Time since last: 1000087423 ns, Reaching safepoint: 7275 ns, Cleanup: 11772 ns, At safepoint: 4621 ns, Total: 23668 ns
[2025-10-15T18:53:09.446+0000][7][safepoint   ] Safepoint "Cleanup", Time since last: 1000089036 ns, Reaching safepoint: 9378 ns, Cleanup: 8059 ns, At safepoint: 5690 ns, Total: 23127 ns
[2025-10-15T18:53:10.446+0000][7][safepoint   ] Safepoint "Cleanup", Time since last: 1000102147 ns, Reaching safepoint: 13504 ns, Cleanup: 19327 ns, At safepoint: 10013 ns, Total: 42844 ns
[2025-10-15T18:53:12.447+0000][7][safepoint   ] Safepoint "Cleanup", Time since last: 2000545957 ns, Reaching safepoint: 29039 ns, Cleanup: 7736 ns, At safepoint: 4381 ns, Total: 41156 ns
[2025-10-15T18:53:14.447+0000][7][safepoint   ] Safepoint "Cleanup", Time since last: 2000147403 ns, Reaching safepoint: 7497 ns, Cleanup: 11959 ns, At safepoint: 5339 ns, Total: 24795 ns
[2025-10-15T18:53:20.447+0000][7][safepoint   ] Safepoint "Cleanup", Time since last: 6000469889 ns, Reaching safepoint: 19088 ns, Cleanup: 22806 ns, At safepoint: 16753 ns, Total: 58647 ns
[2025-10-15T18:53:21.447+0000][7][safepoint   ] Safepoint "Cleanup", Time since last: 1000122345 ns, Reaching safepoint: 8208 ns, Cleanup: 7100 ns, At safepoint: 4677 ns, Total: 19985 ns
[2025-10-15T18:53:22.448+0000][7][safepoint   ] Safepoint "Cleanup", Time since last: 1000089219 ns, Reaching safepoint: 16070 ns, Cleanup: 10258 ns, At safepoint: 5808 ns, Total: 32136 ns
[2025-10-15T18:53:24.448+0000][7][safepoint   ] Safepoint "Cleanup", Time since last: 2000136436 ns, Reaching safepoint: 7768 ns, Cleanup: 7193 ns, At safepoint: 3587 ns, Total: 18548 ns
[2025-10-15T18:53:26.448+0000][7][safepoint   ] Safepoint "Cleanup", Time since last: 2000154496 ns, Reaching safepoint: 8365 ns, Cleanup: 9947 ns, At safepoint: 4924 ns, Total: 23236 ns
[2025-10-15T18:53:28.448+0000][7][safepoint   ] Safepoint "Cleanup", Time since last: 2000156444 ns, Reaching safepoint: 8195 ns, Cleanup: 13172 ns, At safepoint: 4516 ns, Total: 25883 ns
[2025-10-15T18:53:30.448+0000][7][safepoint   ] Safepoint "Cleanup", Time since last: 2000198291 ns, Reaching safepoint: 13905 ns, Cleanup: 20325 ns, At safepoint: 12182 ns, Total: 46412 ns
[2025-10-15T18:53:36.449+0000][7][safepoint   ] Safepoint "Cleanup", Time since last: 6000447471 ns, Reaching safepoint: 13113 ns, Cleanup: 15640 ns, At safepoint: 8646 ns, Total: 37399 ns
[2025-10-15T18:53:38.449+0000][7][safepoint   ] Safepoint "Cleanup", Time since last: 2000203876 ns, Reaching safepoint: 46784 ns, Cleanup: 17708 ns, At safepoint: 7716 ns, Total: 72208 ns
[2025-10-15T18:53:40.449+0000][7][safepoint   ] Safepoint "Cleanup", Time since last: 2000279626 ns, Reaching safepoint: 7858 ns, Cleanup: 7227 ns, At safepoint: 4893 ns, Total: 19978 ns
[2025-10-15T18:53:41.449+0000][7][safepoint   ] Safepoint "Cleanup", Time since last: 1000079785 ns, Reaching safepoint: 8779 ns, Cleanup: 8447 ns, At safepoint: 4866 ns, Total: 22092 ns
[2025-10-15T18:53:42.450+0000][7][safepoint   ] Safepoint "Cleanup", Time since last: 1000094550 ns, Reaching safepoint: 8407 ns, Cleanup: 8205 ns, At safepoint: 5424 ns, Total: 22036 ns
[2025-10-15T18:53:45.450+0000][7][safepoint   ] Safepoint "Cleanup", Time since last: 3000214710 ns, Reaching safepoint: 7841 ns, Cleanup: 8700 ns, At safepoint: 5524 ns, Total: 22065 ns
[2025-10-15T18:53:46.450+0000][7][safepoint   ] Safepoint "Cleanup", Time since last: 1000095809 ns, Reaching safepoint: 7952 ns, Cleanup: 7287 ns, At safepoint: 5728 ns, Total: 20967 ns
[2025-10-15T18:53:52.451+0000][7][safepoint   ] Safepoint "Cleanup", Time since last: 6000750978 ns, Reaching safepoint: 8597 ns, Cleanup: 9330 ns, At safepoint: 5235 ns, Total: 23162 ns
[2025-10-15T18:53:53.451+0000][7][safepoint   ] Safepoint "Cleanup", Time since last: 1000151600 ns, Reaching safepoint: 38618 ns, Cleanup: 8290 ns, At safepoint: 5973 ns, Total: 52881 ns
[2025-10-15T18:53:55.461+0000][7][safepoint   ] Safepoint "Cleanup", Time since last: 2009681840 ns, Reaching safepoint: 8600 ns, Cleanup: 7630 ns, At safepoint: 5063 ns, Total: 21293 ns
[2025-10-15T18:53:56.461+0000][7][safepoint   ] Safepoint "Cleanup", Time since last: 1000120033 ns, Reaching safepoint: 17196 ns, Cleanup: 17024 ns, At safepoint: 7489 ns, Total: 41709 ns
[2025-10-15T18:53:59.461+0000][7][safepoint   ] Safepoint "Cleanup", Time since last: 3000328649 ns, Reaching safepoint: 7569 ns, Cleanup: 7147 ns, At safepoint: 4569 ns, Total: 19285 ns
[2025-10-15T18:54:03.461+0000][7][safepoint   ] Safepoint "Cleanup", Time since last: 4000275865 ns, Reaching safepoint: 11391 ns, Cleanup: 18102 ns, At safepoint: 6104 ns, Total: 35597 ns
[2025-10-15T18:54:07.462+0000][7][safepoint   ] Safepoint "Cleanup", Time since last: 4000278144 ns, Reaching safepoint: 7970 ns, Cleanup: 6932 ns, At safepoint: 4353 ns, Total: 19255 ns
[2025-10-15T18:54:09.462+0000][7][safepoint   ] Safepoint "Cleanup", Time since last: 2000164140 ns, Reaching safepoint: 18239 ns, Cleanup: 7304 ns, At safepoint: 4817 ns, Total: 30360 ns
[2025-10-15T18:54:13.462+0000][7][safepoint   ] Safepoint "Cleanup", Time since last: 4000317667 ns, Reaching safepoint: 19561 ns, Cleanup: 37327 ns, At safepoint: 12596 ns, Total: 69484 ns
[2025-10-15T18:54:15.463+0000][7][safepoint   ] Safepoint "Cleanup", Time since last: 2000244547 ns, Reaching safepoint: 26989 ns, Cleanup: 7221 ns, At safepoint: 5000 ns, Total: 39210 ns
[2025-10-15T18:54:21.463+0000][7][safepoint   ] Safepoint "Cleanup", Time since last: 6000513343 ns, Reaching safepoint: 11054 ns, Cleanup: 7964 ns, At safepoint: 5253 ns, Total: 24271 ns
[2025-10-15T18:54:23.463+0000][7][safepoint   ] Safepoint "Cleanup", Time since last: 2000173162 ns, Reaching safepoint: 8376 ns, Cleanup: 7187 ns, At safepoint: 4637 ns, Total: 20200 ns
[2025-10-15T18:54:24.463+0000][7][safepoint   ] Safepoint "Cleanup", Time since last: 1000101581 ns, Reaching safepoint: 21658 ns, Cleanup: 12126 ns, At safepoint: 6032 ns, Total: 39816 ns
[2025-10-15T18:54:25.464+0000][7][safepoint   ] Safepoint "Cleanup", Time since last: 1000089512 ns, Reaching safepoint: 7796 ns, Cleanup: 12947 ns, At safepoint: 4684 ns, Total: 25427 ns
[2025-10-15T18:54:26.464+0000][7][safepoint   ] Safepoint "Cleanup", Time since last: 1000087611 ns, Reaching safepoint: 7788 ns, Cleanup: 11499 ns, At safepoint: 4646 ns, Total: 23933 ns
[2025-10-15T18:54:27.464+0000][7][safepoint   ] Safepoint "Cleanup", Time since last: 1000093931 ns, Reaching safepoint: 7880 ns, Cleanup: 7700 ns, At safepoint: 5064 ns, Total: 20644 ns
[2025-10-15T18:54:28.464+0000][7][safepoint   ] Safepoint "Cleanup", Time since last: 1000087003 ns, Reaching safepoint: 8333 ns, Cleanup: 8387 ns, At safepoint: 5077 ns, Total: 21797 ns
[2025-10-15T18:54:29.464+0000][7][safepoint   ] Safepoint "Cleanup", Time since last: 1000088056 ns, Reaching safepoint: 7637 ns, Cleanup: 7302 ns, At safepoint: 4502 ns, Total: 19441 ns
[2025-10-15T18:54:32.464+0000][7][safepoint   ] Safepoint "Cleanup", Time since last: 3000250333 ns, Reaching safepoint: 19258 ns, Cleanup: 42030 ns, At safepoint: 5463 ns, Total: 66751 ns
[2025-10-15T18:54:33.465+0000][7][safepoint   ] Safepoint "Cleanup", Time since last: 1000149423 ns, Reaching safepoint: 7133 ns, Cleanup: 9170 ns, At safepoint: 3731 ns, Total: 20034 ns
[2025-10-15T18:54:34.465+0000][7][safepoint   ] Safepoint "Cleanup", Time since last: 1000094215 ns, Reaching safepoint: 7846 ns, Cleanup: 7661 ns, At safepoint: 4153 ns, Total: 19660 ns
[2025-10-15T18:54:35.465+0000][7][safepoint   ] Safepoint "Cleanup", Time since last: 1000088663 ns, Reaching safepoint: 8799 ns, Cleanup: 9092 ns, At safepoint: 4774 ns, Total: 22665 ns
[2025-10-15T18:54:36.465+0000][7][safepoint   ] Safepoint "Cleanup", Time since last: 1000088520 ns, Reaching safepoint: 7491 ns, Cleanup: 10120 ns, At safepoint: 4631 ns, Total: 22242 ns
[2025-10-15T18:54:37.465+0000][7][safepoint   ] Safepoint "Cleanup", Time since last: 1000086092 ns, Reaching safepoint: 7251 ns, Cleanup: 6869 ns, At safepoint: 4551 ns, Total: 18671 ns
[2025-10-15T18:54:40.465+0000][7][safepoint   ] Safepoint "Cleanup", Time since last: 3000261524 ns, Reaching safepoint: 58702 ns, Cleanup: 23983 ns, At safepoint: 17879 ns, Total: 100564 ns
[2025-10-15T18:54:44.466+0000][7][safepoint   ] Safepoint "Cleanup", Time since last: 4000303023 ns, Reaching safepoint: 8249 ns, Cleanup: 7658 ns, At safepoint: 5002 ns, Total: 20909 ns
[2025-10-15T18:54:46.466+0000][7][safepoint   ] Safepoint "Cleanup", Time since last: 2000152395 ns, Reaching safepoint: 8191 ns, Cleanup: 7567 ns, At safepoint: 5939 ns, Total: 21697 ns
[2025-10-15T18:54:48.466+0000][7][safepoint   ] Safepoint "Cleanup", Time since last: 2000192807 ns, Reaching safepoint: 18859 ns, Cleanup: 18396 ns, At safepoint: 13703 ns, Total: 50958 ns
[2025-10-15T18:54:52.466+0000][7][safepoint   ] Safepoint "Cleanup", Time since last: 4000335651 ns, Reaching safepoint: 9221 ns, Cleanup: 12729 ns, At safepoint: 7975 ns, Total: 29925 ns
[2025-10-15T18:54:56.941+0000][7][safepoint   ] Safepoint "Cleanup", Time since last: 4474451863 ns, Reaching safepoint: 53663 ns, Cleanup: 31527 ns, At safepoint: 4913 ns, Total: 90103 ns
[2025-10-15T18:55:12.942+0000][7][safepoint   ] Safepoint "Cleanup", Time since last: 16001136380 ns, Reaching safepoint: 30117 ns, Cleanup: 11355 ns, At safepoint: 7231 ns, Total: 48703 ns
[2025-10-15T18:55:13.942+0000][7][safepoint   ] Safepoint "Cleanup", Time since last: 1000114793 ns, Reaching safepoint: 35709 ns, Cleanup: 9226 ns, At safepoint: 5243 ns, Total: 50178 ns
[2025-10-15T18:55:16.943+0000][7][safepoint   ] Safepoint "Cleanup", Time since last: 3000185867 ns, Reaching safepoint: 19413 ns, Cleanup: 19351 ns, At safepoint: 34719 ns, Total: 73483 ns
[2025-10-15T18:55:18.943+0000][7][safepoint   ] Safepoint "Cleanup", Time since last: 2000160331 ns, Reaching safepoint: 8061 ns, Cleanup: 9034 ns, At safepoint: 4517 ns, Total: 21612 ns
[2025-10-15T18:55:22.943+0000][7][safepoint   ] Safepoint "Cleanup", Time since last: 4000277530 ns, Reaching safepoint: 9432 ns, Cleanup: 14687 ns, At safepoint: 5528 ns, Total: 29647 ns
[2025-10-15T18:55:26.944+0000][7][safepoint   ] Safepoint "Cleanup", Time since last: 4000326321 ns, Reaching safepoint: 91942 ns, Cleanup: 7838 ns, At safepoint: 4590 ns, Total: 104370 ns
[2025-10-15T18:55:29.944+0000][7][safepoint   ] Safepoint "Cleanup", Time since last: 3000203626 ns, Reaching safepoint: 8162 ns, Cleanup: 8037 ns, At safepoint: 4358 ns, Total: 20557 ns
[2025-10-15T18:55:32.944+0000][7][safepoint   ] Safepoint "Cleanup", Time since last: 3000223443 ns, Reaching safepoint: 8243 ns, Cleanup: 10050 ns, At safepoint: 4145 ns, Total: 22438 ns
[2025-10-15T18:55:38.945+0000][7][safepoint   ] Safepoint "Cleanup", Time since last: 6000472856 ns, Reaching safepoint: 19934 ns, Cleanup: 30593 ns, At safepoint: 27088 ns, Total: 77615 ns
[2025-10-15T18:55:40.945+0000][7][safepoint   ] Safepoint "Cleanup", Time since last: 2000171573 ns, Reaching safepoint: 18655 ns, Cleanup: 9189 ns, At safepoint: 7637 ns, Total: 35481 ns
[2025-10-15T18:55:41.945+0000][7][safepoint   ] Safepoint "Cleanup", Time since last: 1000091816 ns, Reaching safepoint: 8464 ns, Cleanup: 10143 ns, At safepoint: 6007 ns, Total: 24614 ns
[2025-10-15T18:55:45.945+0000][7][safepoint   ] Safepoint "Cleanup", Time since last: 4000268631 ns, Reaching safepoint: 7755 ns, Cleanup: 7625 ns, At safepoint: 5703 ns, Total: 21083 ns
[2025-10-15T18:55:46.794+0000][7][gc,heap,exit] Heap
[2025-10-15T18:55:46.794+0000][7][gc,heap,exit]  garbage-first heap   total reserved 3145728K, committed 3145728K, used 231439K [0x0000000740000000, 0x0000000800000000)
[2025-10-15T18:55:46.794+0000][7][gc,heap,exit]   region size 4096K, 44 young (180224K), 10 survivors (40960K)
[2025-10-15T18:55:46.794+0000][7][gc,heap,exit]  Metaspace       used 105886K, committed 108736K, reserved 1179648K
[2025-10-15T18:55:46.794+0000][7][gc,heap,exit]   class space    used 15161K, committed 16448K, reserved 1048576K
