[2025-10-15T19:13:03.523+0000][7][gc,init] CardTable entry size: 512
[2025-10-15T19:13:03.523+0000][7][gc     ] Using G1
[2025-10-15T19:13:03.879+0000][7][gc,init] Version: 22.0.2+9-70 (release)
[2025-10-15T19:13:03.879+0000][7][gc,init] CPUs: 8 total, 8 available
[2025-10-15T19:13:03.879+0000][7][gc,init] Memory: 15822M
[2025-10-15T19:13:03.879+0000][7][gc,init] Large Page Support: Disabled
[2025-10-15T19:13:03.879+0000][7][gc,init] NUMA Support: Disabled
[2025-10-15T19:13:03.879+0000][7][gc,init] Compressed Oops: Enabled (Zero based)
[2025-10-15T19:13:03.879+0000][7][gc,init] Heap Region Size: 4M
[2025-10-15T19:13:03.879+0000][7][gc,init] Heap Min Capacity: 3G
[2025-10-15T19:13:03.879+0000][7][gc,init] Heap Initial Capacity: 3G
[2025-10-15T19:13:03.879+0000][7][gc,init] Heap Max Capacity: 3G
[2025-10-15T19:13:03.879+0000][7][gc,init] Pre-touch: Enabled
[2025-10-15T19:13:03.879+0000][7][gc,init] Parallel Workers: 8
[2025-10-15T19:13:03.879+0000][7][gc,init] Concurrent Workers: 2
[2025-10-15T19:13:03.879+0000][7][gc,init] Concurrent Refinement Workers: 8
[2025-10-15T19:13:03.879+0000][7][gc,init] Periodic GC: Disabled
[2025-10-15T19:13:03.888+0000][7][gc,metaspace] CDS archive(s) mapped at: [0x00007f94ee000000-0x00007f94eec78000-0x00007f94eec78000), size 13074432, SharedBaseAddress: 0x00007f94ee000000, ArchiveRelocationMode: 1.
[2025-10-15T19:13:03.888+0000][7][gc,metaspace] Compressed class space mapped at: 0x00007f94ef000000-0x00007f952f000000, reserved size: 1073741824
[2025-10-15T19:13:03.888+0000][7][gc,metaspace] Narrow klass base: 0x00007f94ee000000, Narrow klass shift: 0, Narrow klass range: 0x100000000
[2025-10-15T19:13:04.399+0000][7][safepoint   ] Safepoint "ICBufferFull", Time since last: 506288764 ns, Reaching safepoint: 1925 ns, Cleanup: 53371 ns, At safepoint: 3736 ns, Total: 59032 ns
[2025-10-15T19:13:04.992+0000][7][safepoint   ] Safepoint "ICBufferFull", Time since last: 592444101 ns, Reaching safepoint: 8355 ns, Cleanup: 129455 ns, At safepoint: 14371 ns, Total: 152181 ns
[2025-10-15T19:13:05.871+0000][7][safepoint   ] Safepoint "ICBufferFull", Time since last: 878657067 ns, Reaching safepoint: 2852 ns, Cleanup: 65482 ns, At safepoint: 4694 ns, Total: 73028 ns
[2025-10-15T19:13:06.462+0000][7][gc,start    ] GC(0) Pause Young (Normal) (G1 Evacuation Pause)
[2025-10-15T19:13:06.462+0000][7][gc,task     ] GC(0) Using 8 workers of 8 for evacuation
[2025-10-15T19:13:06.462+0000][7][gc,age      ] GC(0) Desired survivor size 10485760 bytes, new threshold 15 (max threshold 15)
[2025-10-15T19:13:06.478+0000][7][gc,phases   ] GC(0)   Pre Evacuate Collection Set: 0.94ms
[2025-10-15T19:13:06.478+0000][7][gc,phases   ] GC(0)   Merge Heap Roots: 0.08ms
[2025-10-15T19:13:06.478+0000][7][gc,phases   ] GC(0)   Evacuate Collection Set: 13.18ms
[2025-10-15T19:13:06.478+0000][7][gc,phases   ] GC(0)   Post Evacuate Collection Set: 2.39ms
[2025-10-15T19:13:06.478+0000][7][gc,phases   ] GC(0)   Other: 0.10ms
[2025-10-15T19:13:06.478+0000][7][gc,age      ] GC(0) Age table with threshold 15 (max threshold 15)
[2025-10-15T19:13:06.478+0000][7][gc,age      ] GC(0) - age   1:    9170744 bytes,    9170744 total
[2025-10-15T19:13:06.478+0000][7][gc,heap     ] GC(0) Eden regions: 38->0(35)
[2025-10-15T19:13:06.479+0000][7][gc,heap     ] GC(0) Survivor regions: 0->3(5)
[2025-10-15T19:13:06.479+0000][7][gc,heap     ] GC(0) Old regions: 1->1
[2025-10-15T19:13:06.479+0000][7][gc,heap     ] GC(0) Humongous regions: 0->0
[2025-10-15T19:13:06.479+0000][7][gc,metaspace] GC(0) Metaspace: 16581K(16896K)->16581K(16896K) NonClass: 14639K(14784K)->14639K(14784K) Class: 1941K(2112K)->1941K(2112K)
[2025-10-15T19:13:06.479+0000][7][gc          ] GC(0) Pause Young (Normal) (G1 Evacuation Pause) 153M->10M(3072M) 16.978ms
[2025-10-15T19:13:06.479+0000][7][gc,cpu      ] GC(0) User=0.05s Sys=0.00s Real=0.02s
[2025-10-15T19:13:06.479+0000][7][safepoint   ] Safepoint "G1CollectForAllocation", Time since last: 590855960 ns, Reaching safepoint: 5121 ns, Cleanup: 91684 ns, At safepoint: 17039354 ns, Total: 17136159 ns
[2025-10-15T19:13:06.911+0000][7][gc,start    ] GC(1) Pause Young (Normal) (G1 Evacuation Pause)
[2025-10-15T19:13:06.911+0000][7][gc,task     ] GC(1) Using 8 workers of 8 for evacuation
[2025-10-15T19:13:06.911+0000][7][gc,age      ] GC(1) Desired survivor size 10485760 bytes, new threshold 15 (max threshold 15)
[2025-10-15T19:13:06.943+0000][7][gc,phases   ] GC(1)   Pre Evacuate Collection Set: 0.21ms
[2025-10-15T19:13:06.943+0000][7][gc,phases   ] GC(1)   Merge Heap Roots: 0.04ms
[2025-10-15T19:13:06.943+0000][7][gc,phases   ] GC(1)   Evacuate Collection Set: 31.36ms
[2025-10-15T19:13:06.943+0000][7][gc,phases   ] GC(1)   Post Evacuate Collection Set: 0.56ms
[2025-10-15T19:13:06.943+0000][7][gc,phases   ] GC(1)   Other: 0.06ms
[2025-10-15T19:13:06.943+0000][7][gc,age      ] GC(1) Age table with threshold 15 (max threshold 15)
[2025-10-15T19:13:06.943+0000][7][gc,age      ] GC(1) - age   1:    3439760 bytes,    3439760 total
[2025-10-15T19:13:06.943+0000][7][gc,age      ] GC(1) - age   2:    8078792 bytes,   11518552 total
[2025-10-15T19:13:06.943+0000][7][gc,heap     ] GC(1) Eden regions: 35->0(38)
[2025-10-15T19:13:06.943+0000][7][gc,heap     ] GC(1) Survivor regions: 3->3(5)
[2025-10-15T19:13:06.943+0000][7][gc,heap     ] GC(1) Old regions: 1->1
[2025-10-15T19:13:06.943+0000][7][gc,heap     ] GC(1) Humongous regions: 0->0
[2025-10-15T19:13:06.943+0000][7][gc,metaspace] GC(1) Metaspace: 18532K(18944K)->18532K(18944K) NonClass: 16319K(16512K)->16319K(16512K) Class: 2213K(2432K)->2213K(2432K)
[2025-10-15T19:13:06.943+0000][7][gc          ] GC(1) Pause Young (Normal) (G1 Evacuation Pause) 150M->12M(3072M) 32.425ms
[2025-10-15T19:13:06.943+0000][7][gc,cpu      ] GC(1) User=0.03s Sys=0.00s Real=0.03s
[2025-10-15T19:13:06.943+0000][7][safepoint   ] Safepoint "G1CollectForAllocation", Time since last: 432212606 ns, Reaching safepoint: 3088 ns, Cleanup: 77742 ns, At safepoint: 32465522 ns, Total: 32546352 ns
[2025-10-15T19:13:07.270+0000][7][gc,start    ] GC(2) Pause Young (Normal) (G1 Evacuation Pause)
[2025-10-15T19:13:07.270+0000][7][gc,task     ] GC(2) Using 8 workers of 8 for evacuation
[2025-10-15T19:13:07.270+0000][7][gc,age      ] GC(2) Desired survivor size 12582912 bytes, new threshold 15 (max threshold 15)
[2025-10-15T19:13:07.275+0000][7][gc,phases   ] GC(2)   Pre Evacuate Collection Set: 0.12ms
[2025-10-15T19:13:07.275+0000][7][gc,phases   ] GC(2)   Merge Heap Roots: 0.03ms
[2025-10-15T19:13:07.275+0000][7][gc,phases   ] GC(2)   Evacuate Collection Set: 4.42ms
[2025-10-15T19:13:07.275+0000][7][gc,phases   ] GC(2)   Post Evacuate Collection Set: 0.51ms
[2025-10-15T19:13:07.275+0000][7][gc,phases   ] GC(2)   Other: 0.05ms
[2025-10-15T19:13:07.275+0000][7][gc,age      ] GC(2) Age table with threshold 15 (max threshold 15)
[2025-10-15T19:13:07.275+0000][7][gc,age      ] GC(2) - age   1:    2670712 bytes,    2670712 total
[2025-10-15T19:13:07.275+0000][7][gc,age      ] GC(2) - age   2:    3248200 bytes,    5918912 total
[2025-10-15T19:13:07.275+0000][7][gc,age      ] GC(2) - age   3:    8078496 bytes,   13997408 total
[2025-10-15T19:13:07.275+0000][7][gc,heap     ] GC(2) Eden regions: 38->0(50)
[2025-10-15T19:13:07.275+0000][7][gc,heap     ] GC(2) Survivor regions: 3->4(6)
[2025-10-15T19:13:07.275+0000][7][gc,heap     ] GC(2) Old regions: 1->1
[2025-10-15T19:13:07.275+0000][7][gc,heap     ] GC(2) Humongous regions: 0->0
[2025-10-15T19:13:07.275+0000][7][gc,metaspace] GC(2) Metaspace: 19223K(19648K)->19223K(19648K) NonClass: 16902K(17088K)->16902K(17088K) Class: 2321K(2560K)->2321K(2560K)
[2025-10-15T19:13:07.275+0000][7][gc          ] GC(2) Pause Young (Normal) (G1 Evacuation Pause) 164M->16M(3072M) 5.273ms
[2025-10-15T19:13:07.275+0000][7][gc,cpu      ] GC(2) User=0.03s Sys=0.00s Real=0.01s
[2025-10-15T19:13:07.275+0000][7][safepoint   ] Safepoint "G1CollectForAllocation", Time since last: 326584266 ns, Reaching safepoint: 2601 ns, Cleanup: 27166 ns, At safepoint: 5307749 ns, Total: 5337516 ns
[2025-10-15T19:13:07.615+0000][7][gc,start    ] GC(3) Pause Young (Normal) (G1 Evacuation Pause)
[2025-10-15T19:13:07.615+0000][7][gc,task     ] GC(3) Using 8 workers of 8 for evacuation
[2025-10-15T19:13:07.615+0000][7][gc,age      ] GC(3) Desired survivor size 14680064 bytes, new threshold 15 (max threshold 15)
[2025-10-15T19:13:07.642+0000][7][gc,phases   ] GC(3)   Pre Evacuate Collection Set: 0.16ms
[2025-10-15T19:13:07.642+0000][7][gc,phases   ] GC(3)   Merge Heap Roots: 0.03ms
[2025-10-15T19:13:07.642+0000][7][gc,phases   ] GC(3)   Evacuate Collection Set: 25.89ms
[2025-10-15T19:13:07.642+0000][7][gc,phases   ] GC(3)   Post Evacuate Collection Set: 0.80ms
[2025-10-15T19:13:07.642+0000][7][gc,phases   ] GC(3)   Other: 0.06ms
[2025-10-15T19:13:07.642+0000][7][gc,age      ] GC(3) Age table with threshold 15 (max threshold 15)
[2025-10-15T19:13:07.642+0000][7][gc,age      ] GC(3) - age   1:    2751496 bytes,    2751496 total
[2025-10-15T19:13:07.642+0000][7][gc,age      ] GC(3) - age   2:    2300688 bytes,    5052184 total
[2025-10-15T19:13:07.642+0000][7][gc,age      ] GC(3) - age   3:    3248104 bytes,    8300288 total
[2025-10-15T19:13:07.642+0000][7][gc,age      ] GC(3) - age   4:    8073936 bytes,   16374224 total
[2025-10-15T19:13:07.642+0000][7][gc,heap     ] GC(3) Eden regions: 50->0(455)
[2025-10-15T19:13:07.642+0000][7][gc,heap     ] GC(3) Survivor regions: 4->5(7)
[2025-10-15T19:13:07.642+0000][7][gc,heap     ] GC(3) Old regions: 1->1
[2025-10-15T19:13:07.642+0000][7][gc,heap     ] GC(3) Humongous regions: 0->0
[2025-10-15T19:13:07.642+0000][7][gc,metaspace] GC(3) Metaspace: 19886K(20416K)->19886K(20416K) NonClass: 17484K(17792K)->17484K(17792K) Class: 2402K(2624K)->2402K(2624K)
[2025-10-15T19:13:07.642+0000][7][gc          ] GC(3) Pause Young (Normal) (G1 Evacuation Pause) 216M->17M(3072M) 27.092ms
[2025-10-15T19:13:07.642+0000][7][gc,cpu      ] GC(3) User=0.04s Sys=0.00s Real=0.02s
[2025-10-15T19:13:07.642+0000][7][safepoint   ] Safepoint "G1CollectForAllocation", Time since last: 339771192 ns, Reaching safepoint: 4121 ns, Cleanup: 31013 ns, At safepoint: 27118513 ns, Total: 27153647 ns
[2025-10-15T19:13:08.070+0000][7][gc,start    ] GC(4) Pause Young (Concurrent Start) (Metadata GC Threshold)
[2025-10-15T19:13:08.070+0000][7][gc,task     ] GC(4) Using 8 workers of 8 for evacuation
[2025-10-15T19:13:08.070+0000][7][gc,age      ] GC(4) Desired survivor size 121634816 bytes, new threshold 15 (max threshold 15)
[2025-10-15T19:13:08.075+0000][7][gc,phases   ] GC(4)   Pre Evacuate Collection Set: 0.17ms
[2025-10-15T19:13:08.075+0000][7][gc,phases   ] GC(4)   Merge Heap Roots: 0.08ms
[2025-10-15T19:13:08.075+0000][7][gc,phases   ] GC(4)   Evacuate Collection Set: 4.78ms
[2025-10-15T19:13:08.075+0000][7][gc,phases   ] GC(4)   Post Evacuate Collection Set: 0.51ms
[2025-10-15T19:13:08.075+0000][7][gc,phases   ] GC(4)   Other: 0.06ms
[2025-10-15T19:13:08.075+0000][7][gc,age      ] GC(4) Age table with threshold 15 (max threshold 15)
[2025-10-15T19:13:08.075+0000][7][gc,age      ] GC(4) - age   1:    1923928 bytes,    1923928 total
[2025-10-15T19:13:08.075+0000][7][gc,age      ] GC(4) - age   2:    1867688 bytes,    3791616 total
[2025-10-15T19:13:08.075+0000][7][gc,age      ] GC(4) - age   3:    2296000 bytes,    6087616 total
[2025-10-15T19:13:08.075+0000][7][gc,age      ] GC(4) - age   4:    3246544 bytes,    9334160 total
[2025-10-15T19:13:08.075+0000][7][gc,age      ] GC(4) - age   5:    8073936 bytes,   17408096 total
[2025-10-15T19:13:08.075+0000][7][gc,heap     ] GC(4) Eden regions: 78->0(455)
[2025-10-15T19:13:08.075+0000][7][gc,heap     ] GC(4) Survivor regions: 5->5(58)
[2025-10-15T19:13:08.075+0000][7][gc,heap     ] GC(4) Old regions: 1->1
[2025-10-15T19:13:08.075+0000][7][gc,heap     ] GC(4) Humongous regions: 0->0
[2025-10-15T19:13:08.075+0000][7][gc,metaspace] GC(4) Metaspace: 21022K(21504K)->21022K(21504K) NonClass: 18452K(18752K)->18452K(18752K) Class: 2569K(2752K)->2569K(2752K)
[2025-10-15T19:13:08.075+0000][7][gc          ] GC(4) Pause Young (Concurrent Start) (Metadata GC Threshold) 329M->20M(3072M) 5.708ms
[2025-10-15T19:13:08.075+0000][7][gc,cpu      ] GC(4) User=0.03s Sys=0.00s Real=0.01s
[2025-10-15T19:13:08.075+0000][7][gc          ] GC(5) Concurrent Mark Cycle
[2025-10-15T19:13:08.075+0000][7][gc,marking  ] GC(5) Concurrent Scan Root Regions
[2025-10-15T19:13:08.075+0000][7][safepoint   ] Safepoint "CollectForMetadataAllocation", Time since last: 427355153 ns, Reaching safepoint: 2114 ns, Cleanup: 30862 ns, At safepoint: 5760787 ns, Total: 5793763 ns
[2025-10-15T19:13:08.079+0000][7][gc,marking  ] GC(5) Concurrent Scan Root Regions 3.401ms
[2025-10-15T19:13:08.079+0000][7][gc,marking  ] GC(5) Concurrent Mark
[2025-10-15T19:13:08.079+0000][7][gc,marking  ] GC(5) Concurrent Mark From Roots
[2025-10-15T19:13:08.079+0000][7][gc,task     ] GC(5) Using 2 workers of 2 for marking
[2025-10-15T19:13:08.080+0000][7][gc,marking  ] GC(5) Concurrent Mark From Roots 1.126ms
[2025-10-15T19:13:08.080+0000][7][gc,marking  ] GC(5) Concurrent Preclean
[2025-10-15T19:13:08.080+0000][7][gc,marking  ] GC(5) Concurrent Preclean 0.005ms
[2025-10-15T19:13:08.080+0000][7][gc,start    ] GC(5) Pause Remark
[2025-10-15T19:13:08.082+0000][7][gc          ] GC(5) Pause Remark 24M->24M(3072M) 1.544ms
[2025-10-15T19:13:08.082+0000][7][gc,cpu      ] GC(5) User=0.01s Sys=0.00s Real=0.00s
[2025-10-15T19:13:08.082+0000][7][safepoint   ] Safepoint "G1PauseRemark", Time since last: 4586017 ns, Reaching safepoint: 65612 ns, Cleanup: 3916 ns, At safepoint: 1575957 ns, Total: 1645485 ns
[2025-10-15T19:13:08.082+0000][7][gc,marking  ] GC(5) Concurrent Mark 2.826ms
[2025-10-15T19:13:08.082+0000][7][gc,marking  ] GC(5) Concurrent Rebuild Remembered Sets and Scrub Regions
[2025-10-15T19:13:08.082+0000][7][gc,marking  ] GC(5) Concurrent Rebuild Remembered Sets and Scrub Regions 0.381ms
[2025-10-15T19:13:08.082+0000][7][gc,start    ] GC(5) Pause Cleanup
[2025-10-15T19:13:08.082+0000][7][gc          ] GC(5) Pause Cleanup 24M->24M(3072M) 0.114ms
[2025-10-15T19:13:08.082+0000][7][gc,cpu      ] GC(5) User=0.00s Sys=0.00s Real=0.00s
[2025-10-15T19:13:08.082+0000][7][safepoint   ] Safepoint "G1PauseCleanup", Time since last: 422756 ns, Reaching safepoint: 1761 ns, Cleanup: 1093 ns, At safepoint: 137559 ns, Total: 140413 ns
[2025-10-15T19:13:08.082+0000][7][gc,marking  ] GC(5) Concurrent Clear Claimed Marks
[2025-10-15T19:13:08.082+0000][7][gc,marking  ] GC(5) Concurrent Clear Claimed Marks 0.023ms
[2025-10-15T19:13:08.082+0000][7][gc,marking  ] GC(5) Concurrent Cleanup for Next Mark
[2025-10-15T19:13:08.085+0000][7][gc,marking  ] GC(5) Concurrent Cleanup for Next Mark 3.056ms
[2025-10-15T19:13:08.085+0000][7][gc          ] GC(5) Concurrent Mark Cycle 10.004ms
[2025-10-15T19:13:09.061+0000][7][safepoint   ] Safepoint "ICBufferFull", Time since last: 979008015 ns, Reaching safepoint: 2036 ns, Cleanup: 112706 ns, At safepoint: 4307 ns, Total: 119049 ns
[2025-10-15T19:13:09.511+0000][7][safepoint   ] Safepoint "ICBufferFull", Time since last: 449864428 ns, Reaching safepoint: 4786 ns, Cleanup: 92463 ns, At safepoint: 6702 ns, Total: 103951 ns
[2025-10-15T19:13:10.565+0000][7][gc,start    ] GC(6) Pause Young (Prepare Mixed) (Metadata GC Threshold)
[2025-10-15T19:13:10.565+0000][7][gc,task     ] GC(6) Using 8 workers of 8 for evacuation
[2025-10-15T19:13:10.565+0000][7][gc,age      ] GC(6) Desired survivor size 121634816 bytes, new threshold 15 (max threshold 15)
[2025-10-15T19:13:10.583+0000][7][gc,phases   ] GC(6)   Pre Evacuate Collection Set: 0.10ms
[2025-10-15T19:13:10.583+0000][7][gc,phases   ] GC(6)   Merge Heap Roots: 0.04ms
[2025-10-15T19:13:10.583+0000][7][gc,phases   ] GC(6)   Evacuate Collection Set: 15.96ms
[2025-10-15T19:13:10.583+0000][7][gc,phases   ] GC(6)   Post Evacuate Collection Set: 1.99ms
[2025-10-15T19:13:10.583+0000][7][gc,phases   ] GC(6)   Other: 0.08ms
[2025-10-15T19:13:10.583+0000][7][gc,age      ] GC(6) Age table with threshold 15 (max threshold 15)
[2025-10-15T19:13:10.583+0000][7][gc,age      ] GC(6) - age   1:   28615072 bytes,   28615072 total
[2025-10-15T19:13:10.583+0000][7][gc,age      ] GC(6) - age   2:    1880888 bytes,   30495960 total
[2025-10-15T19:13:10.583+0000][7][gc,age      ] GC(6) - age   3:    1855848 bytes,   32351808 total
[2025-10-15T19:13:10.583+0000][7][gc,age      ] GC(6) - age   4:    2281992 bytes,   34633800 total
[2025-10-15T19:13:10.583+0000][7][gc,age      ] GC(6) - age   5:    3204048 bytes,   37837848 total
[2025-10-15T19:13:10.583+0000][7][gc,age      ] GC(6) - age   6:    7944520 bytes,   45782368 total
[2025-10-15T19:13:10.583+0000][7][gc,heap     ] GC(6) Eden regions: 168->0(285)
[2025-10-15T19:13:10.583+0000][7][gc,heap     ] GC(6) Survivor regions: 5->12(58)
[2025-10-15T19:13:10.583+0000][7][gc,heap     ] GC(6) Old regions: 1->1
[2025-10-15T19:13:10.583+0000][7][gc,heap     ] GC(6) Humongous regions: 0->0
[2025-10-15T19:13:10.583+0000][7][gc,metaspace] GC(6) Metaspace: 35089K(36096K)->35089K(36096K) NonClass: 30449K(31040K)->30449K(31040K) Class: 4640K(5056K)->4640K(5056K)
[2025-10-15T19:13:10.584+0000][7][gc          ] GC(6) Pause Young (Prepare Mixed) (Metadata GC Threshold) 692M->48M(3072M) 18.361ms
[2025-10-15T19:13:10.584+0000][7][gc,cpu      ] GC(6) User=0.11s Sys=0.00s Real=0.02s
[2025-10-15T19:13:10.584+0000][7][safepoint   ] Safepoint "CollectForMetadataAllocation", Time since last: 1053840686 ns, Reaching safepoint: 2825 ns, Cleanup: 48074 ns, At safepoint: 18418867 ns, Total: 18469766 ns
[2025-10-15T19:13:10.594+0000][7][gc,start    ] GC(7) Pause Young (Mixed) (Metadata GC Threshold)
[2025-10-15T19:13:10.595+0000][7][gc,task     ] GC(7) Using 8 workers of 8 for evacuation
[2025-10-15T19:13:10.595+0000][7][gc,age      ] GC(7) Desired survivor size 79691776 bytes, new threshold 15 (max threshold 15)
[2025-10-15T19:13:10.642+0000][7][gc,phases   ] GC(7)   Pre Evacuate Collection Set: 0.18ms
[2025-10-15T19:13:10.642+0000][7][gc,phases   ] GC(7)   Merge Heap Roots: 0.03ms
[2025-10-15T19:13:10.642+0000][7][gc,phases   ] GC(7)   Evacuate Collection Set: 46.54ms
[2025-10-15T19:13:10.642+0000][7][gc,phases   ] GC(7)   Post Evacuate Collection Set: 0.92ms
[2025-10-15T19:13:10.642+0000][7][gc,phases   ] GC(7)   Other: 0.04ms
[2025-10-15T19:13:10.642+0000][7][gc,age      ] GC(7) Age table with threshold 15 (max threshold 15)
[2025-10-15T19:13:10.642+0000][7][gc,age      ] GC(7) - age   1:      56048 bytes,      56048 total
[2025-10-15T19:13:10.642+0000][7][gc,age      ] GC(7) - age   2:   28457800 bytes,   28513848 total
[2025-10-15T19:13:10.642+0000][7][gc,age      ] GC(7) - age   3:    1880856 bytes,   30394704 total
[2025-10-15T19:13:10.642+0000][7][gc,age      ] GC(7) - age   4:    1855848 bytes,   32250552 total
[2025-10-15T19:13:10.642+0000][7][gc,age      ] GC(7) - age   5:    2281992 bytes,   34532544 total
[2025-10-15T19:13:10.642+0000][7][gc,age      ] GC(7) - age   6:    3204048 bytes,   37736592 total
[2025-10-15T19:13:10.642+0000][7][gc,age      ] GC(7) - age   7:    7944520 bytes,   45681112 total
[2025-10-15T19:13:10.642+0000][7][gc,heap     ] GC(7) Eden regions: 2->0(167)
[2025-10-15T19:13:10.642+0000][7][gc,heap     ] GC(7) Survivor regions: 12->12(38)
[2025-10-15T19:13:10.642+0000][7][gc,heap     ] GC(7) Old regions: 1->1
[2025-10-15T19:13:10.642+0000][7][gc,heap     ] GC(7) Humongous regions: 0->0
[2025-10-15T19:13:10.642+0000][7][gc,metaspace] GC(7) Metaspace: 35373K(36416K)->35373K(36416K) NonClass: 30706K(31296K)->30706K(31296K) Class: 4667K(5120K)->4667K(5120K)
[2025-10-15T19:13:10.642+0000][7][gc          ] GC(7) Pause Young (Mixed) (Metadata GC Threshold) 54M->48M(3072M) 47.854ms
[2025-10-15T19:13:10.642+0000][7][gc,cpu      ] GC(7) User=0.09s Sys=0.00s Real=0.04s
[2025-10-15T19:13:10.642+0000][7][safepoint   ] Safepoint "CollectForMetadataAllocation", Time since last: 10867158 ns, Reaching safepoint: 2778 ns, Cleanup: 9210 ns, At safepoint: 47911586 ns, Total: 47923574 ns
[2025-10-15T19:13:10.652+0000][7][gc,start    ] GC(8) Pause Young (Concurrent Start) (Metadata GC Threshold)
[2025-10-15T19:13:10.652+0000][7][gc,task     ] GC(8) Using 8 workers of 8 for evacuation
[2025-10-15T19:13:10.652+0000][7][gc,age      ] GC(8) Desired survivor size 48234496 bytes, new threshold 15 (max threshold 15)
[2025-10-15T19:13:10.666+0000][7][gc,phases   ] GC(8)   Pre Evacuate Collection Set: 0.13ms
[2025-10-15T19:13:10.666+0000][7][gc,phases   ] GC(8)   Merge Heap Roots: 0.06ms
[2025-10-15T19:13:10.666+0000][7][gc,phases   ] GC(8)   Evacuate Collection Set: 12.75ms
[2025-10-15T19:13:10.666+0000][7][gc,phases   ] GC(8)   Post Evacuate Collection Set: 0.76ms
[2025-10-15T19:13:10.666+0000][7][gc,phases   ] GC(8)   Other: 0.04ms
[2025-10-15T19:13:10.666+0000][7][gc,age      ] GC(8) Age table with threshold 15 (max threshold 15)
[2025-10-15T19:13:10.666+0000][7][gc,age      ] GC(8) - age   1:      45784 bytes,      45784 total
[2025-10-15T19:13:10.666+0000][7][gc,age      ] GC(8) - age   2:      31376 bytes,      77160 total
[2025-10-15T19:13:10.666+0000][7][gc,age      ] GC(8) - age   3:   28457336 bytes,   28534496 total
[2025-10-15T19:13:10.666+0000][7][gc,age      ] GC(8) - age   4:    1880728 bytes,   30415224 total
[2025-10-15T19:13:10.666+0000][7][gc,age      ] GC(8) - age   5:    1851016 bytes,   32266240 total
[2025-10-15T19:13:10.666+0000][7][gc,age      ] GC(8) - age   6:    2281864 bytes,   34548104 total
[2025-10-15T19:13:10.666+0000][7][gc,age      ] GC(8) - age   7:    3203984 bytes,   37752088 total
[2025-10-15T19:13:10.666+0000][7][gc,age      ] GC(8) - age   8:    7942856 bytes,   45694944 total
[2025-10-15T19:13:10.666+0000][7][gc,heap     ] GC(8) Eden regions: 1->0(281)
[2025-10-15T19:13:10.666+0000][7][gc,heap     ] GC(8) Survivor regions: 12->12(23)
[2025-10-15T19:13:10.666+0000][7][gc,heap     ] GC(8) Old regions: 1->1
[2025-10-15T19:13:10.666+0000][7][gc,heap     ] GC(8) Humongous regions: 0->0
[2025-10-15T19:13:10.666+0000][7][gc,metaspace] GC(8) Metaspace: 35724K(36736K)->35724K(36736K) NonClass: 31026K(31616K)->31026K(31616K) Class: 4697K(5120K)->4697K(5120K)
[2025-10-15T19:13:10.666+0000][7][gc          ] GC(8) Pause Young (Concurrent Start) (Metadata GC Threshold) 52M->48M(3072M) 13.868ms
[2025-10-15T19:13:10.666+0000][7][gc          ] GC(9) Concurrent Mark Cycle
[2025-10-15T19:13:10.666+0000][7][gc,cpu      ] GC(8) User=0.10s Sys=0.00s Real=0.02s
[2025-10-15T19:13:10.666+0000][7][gc,marking  ] GC(9) Concurrent Scan Root Regions
[2025-10-15T19:13:10.666+0000][7][safepoint   ] Safepoint "CollectForMetadataAllocation", Time since last: 9956422 ns, Reaching safepoint: 2595 ns, Cleanup: 1751 ns, At safepoint: 13943573 ns, Total: 13947919 ns
[2025-10-15T19:13:10.677+0000][7][gc,marking  ] GC(9) Concurrent Scan Root Regions 11.049ms
[2025-10-15T19:13:10.677+0000][7][gc,marking  ] GC(9) Concurrent Mark
[2025-10-15T19:13:10.677+0000][7][gc,marking  ] GC(9) Concurrent Mark From Roots
[2025-10-15T19:13:10.677+0000][7][gc,task     ] GC(9) Using 2 workers of 2 for marking
[2025-10-15T19:13:10.678+0000][7][gc,marking  ] GC(9) Concurrent Mark From Roots 1.066ms
[2025-10-15T19:13:10.678+0000][7][gc,marking  ] GC(9) Concurrent Preclean
[2025-10-15T19:13:10.678+0000][7][gc,marking  ] GC(9) Concurrent Preclean 0.009ms
[2025-10-15T19:13:10.678+0000][7][gc,start    ] GC(9) Pause Remark
[2025-10-15T19:13:10.682+0000][7][gc          ] GC(9) Pause Remark 52M->52M(3072M) 3.480ms
[2025-10-15T19:13:10.682+0000][7][gc,cpu      ] GC(9) User=0.02s Sys=0.00s Real=0.00s
[2025-10-15T19:13:10.682+0000][7][safepoint   ] Safepoint "G1PauseRemark", Time since last: 12161469 ns, Reaching safepoint: 41627 ns, Cleanup: 14578 ns, At safepoint: 3527085 ns, Total: 3583290 ns
[2025-10-15T19:13:10.682+0000][7][gc,marking  ] GC(9) Concurrent Mark 4.716ms
[2025-10-15T19:13:10.682+0000][7][gc,marking  ] GC(9) Concurrent Rebuild Remembered Sets and Scrub Regions
[2025-10-15T19:13:10.683+0000][7][gc,marking  ] GC(9) Concurrent Rebuild Remembered Sets and Scrub Regions 0.701ms
[2025-10-15T19:13:10.683+0000][7][gc,start    ] GC(9) Pause Cleanup
[2025-10-15T19:13:10.683+0000][7][gc          ] GC(9) Pause Cleanup 52M->52M(3072M) 0.083ms
[2025-10-15T19:13:10.683+0000][7][gc,cpu      ] GC(9) User=0.00s Sys=0.00s Real=0.00s
[2025-10-15T19:13:10.683+0000][7][safepoint   ] Safepoint "G1PauseCleanup", Time since last: 758224 ns, Reaching safepoint: 65130 ns, Cleanup: 5708 ns, At safepoint: 103258 ns, Total: 174096 ns
[2025-10-15T19:13:10.683+0000][7][gc,marking  ] GC(9) Concurrent Clear Claimed Marks
[2025-10-15T19:13:10.683+0000][7][gc,marking  ] GC(9) Concurrent Clear Claimed Marks 0.060ms
[2025-10-15T19:13:10.683+0000][7][gc,marking  ] GC(9) Concurrent Cleanup for Next Mark
[2025-10-15T19:13:10.687+0000][7][gc,marking  ] GC(9) Concurrent Cleanup for Next Mark 4.072ms
[2025-10-15T19:13:10.687+0000][7][gc          ] GC(9) Concurrent Mark Cycle 21.006ms
[2025-10-15T19:13:11.555+0000][7][safepoint   ] Safepoint "ICBufferFull", Time since last: 872041046 ns, Reaching safepoint: 2811 ns, Cleanup: 65854 ns, At safepoint: 3611 ns, Total: 72276 ns
[2025-10-15T19:13:12.560+0000][7][safepoint   ] Safepoint "Cleanup", Time since last: 1004329017 ns, Reaching safepoint: 66977 ns, Cleanup: 90441 ns, At safepoint: 25171 ns, Total: 182589 ns
[2025-10-15T19:13:13.463+0000][7][safepoint   ] Safepoint "ICBufferFull", Time since last: 903576724 ns, Reaching safepoint: 70702 ns, Cleanup: 81302 ns, At safepoint: 21337 ns, Total: 173341 ns
[2025-10-15T19:13:14.015+0000][7][gc,start    ] GC(10) Pause Young (Concurrent Start) (Metadata GC Threshold)
[2025-10-15T19:13:14.015+0000][7][gc,task     ] GC(10) Using 8 workers of 8 for evacuation
[2025-10-15T19:13:14.015+0000][7][gc,age      ] GC(10) Desired survivor size 77594624 bytes, new threshold 15 (max threshold 15)
[2025-10-15T19:13:14.059+0000][7][gc,phases   ] GC(10)   Pre Evacuate Collection Set: 0.56ms
[2025-10-15T19:13:14.059+0000][7][gc,phases   ] GC(10)   Merge Heap Roots: 0.04ms
[2025-10-15T19:13:14.059+0000][7][gc,phases   ] GC(10)   Evacuate Collection Set: 39.05ms
[2025-10-15T19:13:14.059+0000][7][gc,phases   ] GC(10)   Post Evacuate Collection Set: 3.71ms
[2025-10-15T19:13:14.059+0000][7][gc,phases   ] GC(10)   Other: 0.10ms
[2025-10-15T19:13:14.059+0000][7][gc,age      ] GC(10) Age table with threshold 15 (max threshold 15)
[2025-10-15T19:13:14.059+0000][7][gc,age      ] GC(10) - age   1:   11625352 bytes,   11625352 total
[2025-10-15T19:13:14.059+0000][7][gc,age      ] GC(10) - age   2:      39856 bytes,   11665208 total
[2025-10-15T19:13:14.059+0000][7][gc,age      ] GC(10) - age   3:      31248 bytes,   11696456 total
[2025-10-15T19:13:14.059+0000][7][gc,age      ] GC(10) - age   4:   28248656 bytes,   39945112 total
[2025-10-15T19:13:14.059+0000][7][gc,age      ] GC(10) - age   5:    1868744 bytes,   41813856 total
[2025-10-15T19:13:14.059+0000][7][gc,age      ] GC(10) - age   6:    1848488 bytes,   43662344 total
[2025-10-15T19:13:14.059+0000][7][gc,age      ] GC(10) - age   7:    2274288 bytes,   45936632 total
[2025-10-15T19:13:14.059+0000][7][gc,age      ] GC(10) - age   8:    3196888 bytes,   49133520 total
[2025-10-15T19:13:14.059+0000][7][gc,age      ] GC(10) - age   9:    7899512 bytes,   57033032 total
[2025-10-15T19:13:14.059+0000][7][gc,heap     ] GC(10) Eden regions: 106->0(325)
[2025-10-15T19:13:14.059+0000][7][gc,heap     ] GC(10) Survivor regions: 12->15(37)
[2025-10-15T19:13:14.059+0000][7][gc,heap     ] GC(10) Old regions: 1->1
[2025-10-15T19:13:14.059+0000][7][gc,heap     ] GC(10) Humongous regions: 0->0
[2025-10-15T19:13:14.059+0000][7][gc,metaspace] GC(10) Metaspace: 60240K(61568K)->60240K(61568K) NonClass: 52060K(52864K)->52060K(52864K) Class: 8180K(8704K)->8180K(8704K)
[2025-10-15T19:13:14.059+0000][7][gc          ] GC(10) Pause Young (Concurrent Start) (Metadata GC Threshold) 472M->60M(3072M) 43.706ms
[2025-10-15T19:13:14.059+0000][7][gc,cpu      ] GC(10) User=0.18s Sys=0.00s Real=0.04s
[2025-10-15T19:13:14.059+0000][7][safepoint   ] Safepoint "CollectForMetadataAllocation", Time since last: 551660856 ns, Reaching safepoint: 4435 ns, Cleanup: 54308 ns, At safepoint: 43818360 ns, Total: 43877103 ns
[2025-10-15T19:13:14.059+0000][7][gc          ] GC(11) Concurrent Mark Cycle
[2025-10-15T19:13:14.059+0000][7][gc,marking  ] GC(11) Concurrent Scan Root Regions
[2025-10-15T19:13:14.088+0000][7][gc,marking  ] GC(11) Concurrent Scan Root Regions 28.785ms
[2025-10-15T19:13:14.088+0000][7][gc,marking  ] GC(11) Concurrent Mark
[2025-10-15T19:13:14.088+0000][7][gc,marking  ] GC(11) Concurrent Mark From Roots
[2025-10-15T19:13:14.088+0000][7][gc,task     ] GC(11) Using 2 workers of 2 for marking
[2025-10-15T19:13:14.090+0000][7][gc,marking  ] GC(11) Concurrent Mark From Roots 2.072ms
[2025-10-15T19:13:14.090+0000][7][gc,marking  ] GC(11) Concurrent Preclean
[2025-10-15T19:13:14.090+0000][7][gc,marking  ] GC(11) Concurrent Preclean 0.009ms
[2025-10-15T19:13:14.092+0000][7][gc,start    ] GC(11) Pause Remark
[2025-10-15T19:13:14.102+0000][7][gc          ] GC(11) Pause Remark 66M->66M(3072M) 10.037ms
[2025-10-15T19:13:14.102+0000][7][gc,cpu      ] GC(11) User=0.03s Sys=0.00s Real=0.01s
[2025-10-15T19:13:14.102+0000][7][safepoint   ] Safepoint "G1PauseRemark", Time since last: 32536405 ns, Reaching safepoint: 586488 ns, Cleanup: 12306 ns, At safepoint: 10287638 ns, Total: 10886432 ns
[2025-10-15T19:13:14.102+0000][7][gc,marking  ] GC(11) Concurrent Mark 14.554ms
[2025-10-15T19:13:14.102+0000][7][gc,marking  ] GC(11) Concurrent Rebuild Remembered Sets and Scrub Regions
[2025-10-15T19:13:14.104+0000][7][gc,marking  ] GC(11) Concurrent Rebuild Remembered Sets and Scrub Regions 1.210ms
[2025-10-15T19:13:14.105+0000][7][gc,start    ] GC(11) Pause Cleanup
[2025-10-15T19:13:14.106+0000][7][gc          ] GC(11) Pause Cleanup 66M->66M(3072M) 0.404ms
[2025-10-15T19:13:14.106+0000][7][gc,cpu      ] GC(11) User=0.00s Sys=0.00s Real=0.00s
[2025-10-15T19:13:14.106+0000][7][safepoint   ] Safepoint "G1PauseCleanup", Time since last: 2709739 ns, Reaching safepoint: 134149 ns, Cleanup: 12366 ns, At safepoint: 448664 ns, Total: 595179 ns
[2025-10-15T19:13:14.106+0000][7][gc,marking  ] GC(11) Concurrent Clear Claimed Marks
[2025-10-15T19:13:14.106+0000][7][gc,marking  ] GC(11) Concurrent Clear Claimed Marks 0.070ms
[2025-10-15T19:13:14.106+0000][7][gc,marking  ] GC(11) Concurrent Cleanup for Next Mark
[2025-10-15T19:13:14.110+0000][7][gc,marking  ] GC(11) Concurrent Cleanup for Next Mark 4.320ms
[2025-10-15T19:13:14.110+0000][7][gc          ] GC(11) Concurrent Mark Cycle 51.549ms
[2025-10-15T19:13:15.108+0000][7][safepoint   ] Safepoint "Cleanup", Time since last: 1001906737 ns, Reaching safepoint: 75952 ns, Cleanup: 51901 ns, At safepoint: 9791 ns, Total: 137644 ns
[2025-10-15T19:13:16.566+0000][7][safepoint   ] Safepoint "Cleanup", Time since last: 1457864430 ns, Reaching safepoint: 3542 ns, Cleanup: 98813 ns, At safepoint: 4172 ns, Total: 106527 ns
[2025-10-15T19:13:17.607+0000][7][safepoint   ] Safepoint "ICBufferFull", Time since last: 1041566469 ns, Reaching safepoint: 5020 ns, Cleanup: 93055 ns, At safepoint: 5006 ns, Total: 103081 ns
[2025-10-15T19:13:17.983+0000][7][safepoint   ] Safepoint "ICBufferFull", Time since last: 375206106 ns, Reaching safepoint: 5398 ns, Cleanup: 83315 ns, At safepoint: 6468 ns, Total: 95181 ns
[2025-10-15T19:13:18.350+0000][7][safepoint   ] Safepoint "ICBufferFull", Time since last: 367163893 ns, Reaching safepoint: 5355 ns, Cleanup: 76063 ns, At safepoint: 5267 ns, Total: 86685 ns
[2025-10-15T19:13:18.960+0000][7][safepoint   ] Safepoint "ICBufferFull", Time since last: 608394441 ns, Reaching safepoint: 80302 ns, Cleanup: 102264 ns, At safepoint: 2100368 ns, Total: 2282934 ns
[2025-10-15T19:13:19.402+0000][7][gc,start    ] GC(12) Pause Young (Concurrent Start) (Metadata GC Threshold)
[2025-10-15T19:13:19.402+0000][7][gc,task     ] GC(12) Using 8 workers of 8 for evacuation
[2025-10-15T19:13:19.402+0000][7][gc,age      ] GC(12) Desired survivor size 90177536 bytes, new threshold 15 (max threshold 15)
[2025-10-15T19:13:19.473+0000][7][gc,phases   ] GC(12)   Pre Evacuate Collection Set: 0.35ms
[2025-10-15T19:13:19.473+0000][7][gc,phases   ] GC(12)   Merge Heap Roots: 0.08ms
[2025-10-15T19:13:19.473+0000][7][gc,phases   ] GC(12)   Evacuate Collection Set: 65.96ms
[2025-10-15T19:13:19.473+0000][7][gc,phases   ] GC(12)   Post Evacuate Collection Set: 4.69ms
[2025-10-15T19:13:19.473+0000][7][gc,phases   ] GC(12)   Other: 0.13ms
[2025-10-15T19:13:19.473+0000][7][gc,age      ] GC(12) Age table with threshold 15 (max threshold 15)
[2025-10-15T19:13:19.473+0000][7][gc,age      ] GC(12) - age   1:   18816848 bytes,   18816848 total
[2025-10-15T19:13:19.473+0000][7][gc,age      ] GC(12) - age   2:   10793176 bytes,   29610024 total
[2025-10-15T19:13:19.473+0000][7][gc,age      ] GC(12) - age   3:      39224 bytes,   29649248 total
[2025-10-15T19:13:19.473+0000][7][gc,age      ] GC(12) - age   4:      30776 bytes,   29680024 total
[2025-10-15T19:13:19.473+0000][7][gc,age      ] GC(12) - age   5:   28125880 bytes,   57805904 total
[2025-10-15T19:13:19.473+0000][7][gc,age      ] GC(12) - age   6:    1859976 bytes,   59665880 total
[2025-10-15T19:13:19.473+0000][7][gc,age      ] GC(12) - age   7:    1844544 bytes,   61510424 total
[2025-10-15T19:13:19.474+0000][7][gc,age      ] GC(12) - age   8:    2268016 bytes,   63778440 total
[2025-10-15T19:13:19.474+0000][7][gc,age      ] GC(12) - age   9:    3189528 bytes,   66967968 total
[2025-10-15T19:13:19.474+0000][7][gc,age      ] GC(12) - age  10:    7822080 bytes,   74790048 total
[2025-10-15T19:13:19.474+0000][7][gc,heap     ] GC(12) Eden regions: 81->0(291)
[2025-10-15T19:13:19.474+0000][7][gc,heap     ] GC(12) Survivor regions: 15->20(43)
[2025-10-15T19:13:19.474+0000][7][gc,heap     ] GC(12) Old regions: 1->1
[2025-10-15T19:13:19.474+0000][7][gc,heap     ] GC(12) Humongous regions: 2->2
[2025-10-15T19:13:19.474+0000][7][gc,metaspace] GC(12) Metaspace: 99977K(102848K)->99977K(102848K) NonClass: 85608K(87168K)->85608K(87168K) Class: 14369K(15680K)->14369K(15680K)
[2025-10-15T19:13:19.474+0000][7][gc          ] GC(12) Pause Young (Concurrent Start) (Metadata GC Threshold) 390M->88M(3072M) 71.768ms
[2025-10-15T19:13:19.474+0000][7][gc          ] GC(13) Concurrent Mark Cycle
[2025-10-15T19:13:19.474+0000][7][gc,cpu      ] GC(12) User=0.26s Sys=0.01s Real=0.08s
[2025-10-15T19:13:19.474+0000][7][gc,marking  ] GC(13) Concurrent Scan Root Regions
[2025-10-15T19:13:19.474+0000][7][safepoint   ] Safepoint "CollectForMetadataAllocation", Time since last: 441189282 ns, Reaching safepoint: 6773 ns, Cleanup: 93136 ns, At safepoint: 71904149 ns, Total: 72004058 ns
[2025-10-15T19:13:19.556+0000][7][gc,marking  ] GC(13) Concurrent Scan Root Regions 81.983ms
[2025-10-15T19:13:19.556+0000][7][gc,marking  ] GC(13) Concurrent Mark
[2025-10-15T19:13:19.556+0000][7][gc,marking  ] GC(13) Concurrent Mark From Roots
[2025-10-15T19:13:19.556+0000][7][gc,task     ] GC(13) Using 2 workers of 2 for marking
[2025-10-15T19:13:19.557+0000][7][gc,marking  ] GC(13) Concurrent Mark From Roots 1.757ms
[2025-10-15T19:13:19.557+0000][7][gc,marking  ] GC(13) Concurrent Preclean
[2025-10-15T19:13:19.557+0000][7][gc,marking  ] GC(13) Concurrent Preclean 0.010ms
[2025-10-15T19:13:19.558+0000][7][gc,start    ] GC(13) Pause Remark
[2025-10-15T19:13:19.564+0000][7][gc          ] GC(13) Pause Remark 98M->98M(3072M) 6.636ms
[2025-10-15T19:13:19.564+0000][7][gc,cpu      ] GC(13) User=0.02s Sys=0.00s Real=0.01s
[2025-10-15T19:13:19.564+0000][7][safepoint   ] Safepoint "G1PauseRemark", Time since last: 83777773 ns, Reaching safepoint: 68918 ns, Cleanup: 9646 ns, At safepoint: 6717622 ns, Total: 6796186 ns
[2025-10-15T19:13:19.564+0000][7][gc,marking  ] GC(13) Concurrent Mark 8.644ms
[2025-10-15T19:13:19.564+0000][7][gc,marking  ] GC(13) Concurrent Rebuild Remembered Sets and Scrub Regions
[2025-10-15T19:13:19.565+0000][7][gc,marking  ] GC(13) Concurrent Rebuild Remembered Sets and Scrub Regions 1.185ms
[2025-10-15T19:13:19.566+0000][7][gc,start    ] GC(13) Pause Cleanup
[2025-10-15T19:13:19.566+0000][7][gc          ] GC(13) Pause Cleanup 100M->100M(3072M) 0.398ms
[2025-10-15T19:13:19.566+0000][7][gc,cpu      ] GC(13) User=0.00s Sys=0.00s Real=0.00s
[2025-10-15T19:13:19.567+0000][7][safepoint   ] Safepoint "G1PauseCleanup", Time since last: 1456217 ns, Reaching safepoint: 75651 ns, Cleanup: 9964 ns, At safepoint: 824039 ns, Total: 909654 ns
[2025-10-15T19:13:19.567+0000][7][gc,marking  ] GC(13) Concurrent Clear Claimed Marks
[2025-10-15T19:13:19.567+0000][7][gc,marking  ] GC(13) Concurrent Clear Claimed Marks 0.520ms
[2025-10-15T19:13:19.567+0000][7][gc,marking  ] GC(13) Concurrent Cleanup for Next Mark
[2025-10-15T19:13:19.574+0000][7][gc,marking  ] GC(13) Concurrent Cleanup for Next Mark 6.509ms
[2025-10-15T19:13:19.574+0000][7][gc          ] GC(13) Concurrent Mark Cycle 100.513ms
[2025-10-15T19:13:19.904+0000][7][safepoint   ] Safepoint "ICBufferFull", Time since last: 336911361 ns, Reaching safepoint: 72773 ns, Cleanup: 104180 ns, At safepoint: 8232 ns, Total: 185185 ns
[2025-10-15T19:13:20.904+0000][7][safepoint   ] Safepoint "Cleanup", Time since last: 1000334227 ns, Reaching safepoint: 51051 ns, Cleanup: 56823 ns, At safepoint: 9571 ns, Total: 117445 ns
[2025-10-15T19:13:21.905+0000][7][safepoint   ] Safepoint "Cleanup", Time since last: 1000109532 ns, Reaching safepoint: 79010 ns, Cleanup: 132550 ns, At safepoint: 25865 ns, Total: 237425 ns
[2025-10-15T19:13:22.905+0000][7][safepoint   ] Safepoint "Cleanup", Time since last: 1000176511 ns, Reaching safepoint: 7830 ns, Cleanup: 9094 ns, At safepoint: 4954 ns, Total: 21878 ns
[2025-10-15T19:13:23.905+0000][7][safepoint   ] Safepoint "Cleanup", Time since last: 1000105134 ns, Reaching safepoint: 12280 ns, Cleanup: 33062 ns, At safepoint: 8038 ns, Total: 53380 ns
[2025-10-15T19:13:24.911+0000][7][safepoint   ] Safepoint "Cleanup", Time since last: 1005728658 ns, Reaching safepoint: 8899 ns, Cleanup: 13849 ns, At safepoint: 6012 ns, Total: 28760 ns
[2025-10-15T19:13:25.912+0000][7][safepoint   ] Safepoint "Cleanup", Time since last: 1000892917 ns, Reaching safepoint: 9441 ns, Cleanup: 14941 ns, At safepoint: 5701 ns, Total: 30083 ns
[2025-10-15T19:13:27.912+0000][7][safepoint   ] Safepoint "Cleanup", Time since last: 2000256458 ns, Reaching safepoint: 32410 ns, Cleanup: 12076 ns, At safepoint: 12287 ns, Total: 56773 ns
[2025-10-15T19:13:28.912+0000][7][safepoint   ] Safepoint "Cleanup", Time since last: 1000119816 ns, Reaching safepoint: 9146 ns, Cleanup: 8898 ns, At safepoint: 6151 ns, Total: 24195 ns
[2025-10-15T19:13:29.912+0000][7][safepoint   ] Safepoint "Cleanup", Time since last: 1000125905 ns, Reaching safepoint: 8782 ns, Cleanup: 9103 ns, At safepoint: 6238 ns, Total: 24123 ns
[2025-10-15T19:13:31.912+0000][7][safepoint   ] Safepoint "Cleanup", Time since last: 2000181865 ns, Reaching safepoint: 12346 ns, Cleanup: 13328 ns, At safepoint: 7831 ns, Total: 33505 ns
[2025-10-15T19:13:32.913+0000][7][safepoint   ] Safepoint "Cleanup", Time since last: 1000097645 ns, Reaching safepoint: 25168 ns, Cleanup: 9857 ns, At safepoint: 5758 ns, Total: 40783 ns
[2025-10-15T19:13:34.913+0000][7][safepoint   ] Safepoint "Cleanup", Time since last: 2000189382 ns, Reaching safepoint: 9810 ns, Cleanup: 12271 ns, At safepoint: 7559 ns, Total: 29640 ns
[2025-10-15T19:13:40.914+0000][7][safepoint   ] Safepoint "Cleanup", Time since last: 6001111206 ns, Reaching safepoint: 10221 ns, Cleanup: 25173 ns, At safepoint: 6273 ns, Total: 41667 ns
[2025-10-15T19:13:42.914+0000][7][safepoint   ] Safepoint "Cleanup", Time since last: 2000181589 ns, Reaching safepoint: 9726 ns, Cleanup: 29671 ns, At safepoint: 8132 ns, Total: 47529 ns
[2025-10-15T19:13:44.914+0000][7][safepoint   ] Safepoint "Cleanup", Time since last: 2000200896 ns, Reaching safepoint: 21900 ns, Cleanup: 28535 ns, At safepoint: 12809 ns, Total: 63244 ns
[2025-10-15T19:13:46.915+0000][7][safepoint   ] Safepoint "Cleanup", Time since last: 2000224868 ns, Reaching safepoint: 7941 ns, Cleanup: 9152 ns, At safepoint: 6037 ns, Total: 23130 ns
[2025-10-15T19:13:47.915+0000][7][safepoint   ] Safepoint "Cleanup", Time since last: 1000104676 ns, Reaching safepoint: 8939 ns, Cleanup: 19934 ns, At safepoint: 4901 ns, Total: 33774 ns
[2025-10-15T19:13:48.915+0000][7][safepoint   ] Safepoint "Cleanup", Time since last: 1000090454 ns, Reaching safepoint: 6285 ns, Cleanup: 17261 ns, At safepoint: 2704 ns, Total: 26250 ns
[2025-10-15T19:13:49.915+0000][7][safepoint   ] Safepoint "Cleanup", Time since last: 1000096256 ns, Reaching safepoint: 10035 ns, Cleanup: 14305 ns, At safepoint: 6020 ns, Total: 30360 ns
[2025-10-15T19:13:50.826+0000][7][safepoint   ] Safepoint "ICBufferFull", Time since last: 911156669 ns, Reaching safepoint: 12347 ns, Cleanup: 96525 ns, At safepoint: 8755 ns, Total: 117627 ns
[2025-10-15T19:13:52.375+0000][7][safepoint   ] Safepoint "Cleanup", Time since last: 1548894575 ns, Reaching safepoint: 21435 ns, Cleanup: 97774 ns, At safepoint: 14308 ns, Total: 133517 ns
[2025-10-15T19:13:53.376+0000][7][safepoint   ] Safepoint "Cleanup", Time since last: 1000194493 ns, Reaching safepoint: 59118 ns, Cleanup: 27020 ns, At safepoint: 13483 ns, Total: 99621 ns
[2025-10-15T19:13:55.376+0000][7][safepoint   ] Safepoint "Cleanup", Time since last: 2000342477 ns, Reaching safepoint: 12665 ns, Cleanup: 14447 ns, At safepoint: 6995 ns, Total: 34107 ns
[2025-10-15T19:13:57.376+0000][7][safepoint   ] Safepoint "Cleanup", Time since last: 2000183431 ns, Reaching safepoint: 13358 ns, Cleanup: 17716 ns, At safepoint: 7508 ns, Total: 38582 ns
[2025-10-15T19:13:58.376+0000][7][safepoint   ] Safepoint "Cleanup", Time since last: 1000116734 ns, Reaching safepoint: 8598 ns, Cleanup: 39014 ns, At safepoint: 4786 ns, Total: 52398 ns
[2025-10-15T19:13:59.377+0000][7][safepoint   ] Safepoint "Cleanup", Time since last: 1000100675 ns, Reaching safepoint: 13932 ns, Cleanup: 34837 ns, At safepoint: 7727 ns, Total: 56496 ns
[2025-10-15T19:14:01.377+0000][7][safepoint   ] Safepoint "Cleanup", Time since last: 2000169679 ns, Reaching safepoint: 7641 ns, Cleanup: 6866 ns, At safepoint: 4973 ns, Total: 19480 ns
[2025-10-15T19:14:03.377+0000][7][safepoint   ] Safepoint "Cleanup", Time since last: 2000167122 ns, Reaching safepoint: 10439 ns, Cleanup: 14356 ns, At safepoint: 6098 ns, Total: 30893 ns
[2025-10-15T19:14:09.727+0000][7][safepoint   ] Safepoint "Cleanup", Time since last: 6350280833 ns, Reaching safepoint: 22092 ns, Cleanup: 8975 ns, At safepoint: 4852 ns, Total: 35919 ns
[2025-10-15T19:14:11.727+0000][7][safepoint   ] Safepoint "Cleanup", Time since last: 2000176224 ns, Reaching safepoint: 24899 ns, Cleanup: 7127 ns, At safepoint: 4185 ns, Total: 36211 ns
[2025-10-15T19:14:12.728+0000][7][safepoint   ] Safepoint "Cleanup", Time since last: 1000095707 ns, Reaching safepoint: 8794 ns, Cleanup: 9057 ns, At safepoint: 4322 ns, Total: 22173 ns
[2025-10-15T19:14:13.728+0000][7][safepoint   ] Safepoint "Cleanup", Time since last: 1000089622 ns, Reaching safepoint: 7106 ns, Cleanup: 7342 ns, At safepoint: 5282 ns, Total: 19730 ns
[2025-10-15T19:14:16.728+0000][7][safepoint   ] Safepoint "Cleanup", Time since last: 3000220231 ns, Reaching safepoint: 7466 ns, Cleanup: 7349 ns, At safepoint: 4671 ns, Total: 19486 ns
[2025-10-15T19:14:17.728+0000][7][safepoint   ] Safepoint "Cleanup", Time since last: 1000093500 ns, Reaching safepoint: 10039 ns, Cleanup: 8500 ns, At safepoint: 5596 ns, Total: 24135 ns
[2025-10-15T19:14:18.728+0000][7][safepoint   ] Safepoint "Cleanup", Time since last: 1000099862 ns, Reaching safepoint: 9121 ns, Cleanup: 10528 ns, At safepoint: 7474 ns, Total: 27123 ns
[2025-10-15T19:14:19.728+0000][7][safepoint   ] Safepoint "Cleanup", Time since last: 1000100640 ns, Reaching safepoint: 7784 ns, Cleanup: 8240 ns, At safepoint: 4991 ns, Total: 21015 ns
[2025-10-15T19:14:21.729+0000][7][safepoint   ] Safepoint "Cleanup", Time since last: 2000334747 ns, Reaching safepoint: 7760 ns, Cleanup: 9404 ns, At safepoint: 4284 ns, Total: 21448 ns
[2025-10-15T19:14:22.729+0000][7][safepoint   ] Safepoint "Cleanup", Time since last: 1000091106 ns, Reaching safepoint: 7095 ns, Cleanup: 7379 ns, At safepoint: 4403 ns, Total: 18877 ns
[2025-10-15T19:14:23.729+0000][7][safepoint   ] Safepoint "Cleanup", Time since last: 1000098772 ns, Reaching safepoint: 32769 ns, Cleanup: 16150 ns, At safepoint: 9337 ns, Total: 58256 ns
[2025-10-15T19:14:25.729+0000][7][safepoint   ] Safepoint "Cleanup", Time since last: 2000195182 ns, Reaching safepoint: 8542 ns, Cleanup: 8752 ns, At safepoint: 4454 ns, Total: 21748 ns
[2025-10-15T19:14:27.729+0000][7][safepoint   ] Safepoint "Cleanup", Time since last: 2000142700 ns, Reaching safepoint: 7595 ns, Cleanup: 7820 ns, At safepoint: 3936 ns, Total: 19351 ns
[2025-10-15T19:14:31.730+0000][7][safepoint   ] Safepoint "Cleanup", Time since last: 4000244415 ns, Reaching safepoint: 7502 ns, Cleanup: 7165 ns, At safepoint: 4466 ns, Total: 19133 ns
[2025-10-15T19:14:32.730+0000][7][safepoint   ] Safepoint "Cleanup", Time since last: 1000090274 ns, Reaching safepoint: 7909 ns, Cleanup: 6762 ns, At safepoint: 4366 ns, Total: 19037 ns
[2025-10-15T19:14:33.730+0000][7][safepoint   ] Safepoint "Cleanup", Time since last: 1000235096 ns, Reaching safepoint: 17611 ns, Cleanup: 29127 ns, At safepoint: 4239 ns, Total: 50977 ns
[2025-10-15T19:14:36.730+0000][7][safepoint   ] Safepoint "Cleanup", Time since last: 3000205458 ns, Reaching safepoint: 7288 ns, Cleanup: 7675 ns, At safepoint: 4582 ns, Total: 19545 ns
[2025-10-15T19:14:38.731+0000][7][safepoint   ] Safepoint "Cleanup", Time since last: 2000309684 ns, Reaching safepoint: 32118 ns, Cleanup: 24966 ns, At safepoint: 12989 ns, Total: 70073 ns
[2025-10-15T19:14:42.731+0000][7][safepoint   ] Safepoint "Cleanup", Time since last: 4000316439 ns, Reaching safepoint: 6752 ns, Cleanup: 7164 ns, At safepoint: 4436 ns, Total: 18352 ns
[2025-10-15T19:14:44.731+0000][7][safepoint   ] Safepoint "Cleanup", Time since last: 2000147736 ns, Reaching safepoint: 9046 ns, Cleanup: 10684 ns, At safepoint: 5428 ns, Total: 25158 ns
[2025-10-15T19:14:46.731+0000][7][safepoint   ] Safepoint "Cleanup", Time since last: 2000154936 ns, Reaching safepoint: 7864 ns, Cleanup: 7195 ns, At safepoint: 4015 ns, Total: 19074 ns
[2025-10-15T19:14:47.731+0000][7][safepoint   ] Safepoint "Cleanup", Time since last: 1000090491 ns, Reaching safepoint: 6982 ns, Cleanup: 7034 ns, At safepoint: 4767 ns, Total: 18783 ns
[2025-10-15T19:14:52.732+0000][7][safepoint   ] Safepoint "Cleanup", Time since last: 5000303749 ns, Reaching safepoint: 12767 ns, Cleanup: 10809 ns, At safepoint: 6749 ns, Total: 30325 ns
[2025-10-15T19:14:58.732+0000][7][safepoint   ] Safepoint "Cleanup", Time since last: 6000437928 ns, Reaching safepoint: 25158 ns, Cleanup: 12975 ns, At safepoint: 6626 ns, Total: 44759 ns
[2025-10-15T19:14:59.732+0000][7][safepoint   ] Safepoint "Cleanup", Time since last: 1000095155 ns, Reaching safepoint: 10431 ns, Cleanup: 11135 ns, At safepoint: 6542 ns, Total: 28108 ns
[2025-10-15T19:15:02.732+0000][7][safepoint   ] Safepoint "Cleanup", Time since last: 3000190394 ns, Reaching safepoint: 12079 ns, Cleanup: 14401 ns, At safepoint: 6920 ns, Total: 33400 ns
[2025-10-15T19:15:10.743+0000][7][safepoint   ] Safepoint "Cleanup", Time since last: 8010542356 ns, Reaching safepoint: 64353 ns, Cleanup: 20221 ns, At safepoint: 30179 ns, Total: 114753 ns
[2025-10-15T19:15:13.745+0000][7][safepoint   ] Safepoint "Cleanup", Time since last: 3001517321 ns, Reaching safepoint: 18564 ns, Cleanup: 14500 ns, At safepoint: 9040 ns, Total: 42104 ns
[2025-10-15T19:15:14.745+0000][7][safepoint   ] Safepoint "Cleanup", Time since last: 1000150076 ns, Reaching safepoint: 12676 ns, Cleanup: 13528 ns, At safepoint: 6463 ns, Total: 32667 ns
[2025-10-15T19:15:15.745+0000][7][safepoint   ] Safepoint "Cleanup", Time since last: 1000115754 ns, Reaching safepoint: 15574 ns, Cleanup: 13728 ns, At safepoint: 9476 ns, Total: 38778 ns
[2025-10-15T19:15:16.745+0000][7][safepoint   ] Safepoint "Cleanup", Time since last: 1000107585 ns, Reaching safepoint: 10166 ns, Cleanup: 10088 ns, At safepoint: 5386 ns, Total: 25640 ns
[2025-10-15T19:15:17.745+0000][7][safepoint   ] Safepoint "Cleanup", Time since last: 1000097583 ns, Reaching safepoint: 9185 ns, Cleanup: 9249 ns, At safepoint: 4170 ns, Total: 22604 ns
[2025-10-15T19:15:18.745+0000][7][safepoint   ] Safepoint "Cleanup", Time since last: 1000099932 ns, Reaching safepoint: 13577 ns, Cleanup: 21130 ns, At safepoint: 21413 ns, Total: 56120 ns
[2025-10-15T19:15:19.746+0000][7][safepoint   ] Safepoint "Cleanup", Time since last: 1000107166 ns, Reaching safepoint: 8939 ns, Cleanup: 11427 ns, At safepoint: 5571 ns, Total: 25937 ns
[2025-10-15T19:15:20.746+0000][7][safepoint   ] Safepoint "Cleanup", Time since last: 1000091859 ns, Reaching safepoint: 7538 ns, Cleanup: 10540 ns, At safepoint: 5179 ns, Total: 23257 ns
[2025-10-15T19:15:22.746+0000][7][safepoint   ] Safepoint "Cleanup", Time since last: 2000157549 ns, Reaching safepoint: 14884 ns, Cleanup: 14161 ns, At safepoint: 6787 ns, Total: 35832 ns
[2025-10-15T19:15:23.746+0000][7][safepoint   ] Safepoint "Cleanup", Time since last: 1000116756 ns, Reaching safepoint: 7885 ns, Cleanup: 8109 ns, At safepoint: 4399 ns, Total: 20393 ns
[2025-10-15T19:15:24.746+0000][7][safepoint   ] Safepoint "Cleanup", Time since last: 1000089548 ns, Reaching safepoint: 7305 ns, Cleanup: 12107 ns, At safepoint: 4369 ns, Total: 23781 ns
[2025-10-15T19:15:27.746+0000][7][safepoint   ] Safepoint "Cleanup", Time since last: 3000256152 ns, Reaching safepoint: 23358 ns, Cleanup: 8534 ns, At safepoint: 12091 ns, Total: 43983 ns
[2025-10-15T19:15:28.747+0000][7][safepoint   ] Safepoint "Cleanup", Time since last: 1000090765 ns, Reaching safepoint: 9782 ns, Cleanup: 8508 ns, At safepoint: 5398 ns, Total: 23688 ns
[2025-10-15T19:15:29.747+0000][7][safepoint   ] Safepoint "Cleanup", Time since last: 1000100315 ns, Reaching safepoint: 9957 ns, Cleanup: 9022 ns, At safepoint: 5827 ns, Total: 24806 ns
[2025-10-15T19:15:33.747+0000][7][safepoint   ] Safepoint "Cleanup", Time since last: 4000282436 ns, Reaching safepoint: 8726 ns, Cleanup: 9299 ns, At safepoint: 4846 ns, Total: 22871 ns
[2025-10-15T19:15:35.747+0000][7][safepoint   ] Safepoint "Cleanup", Time since last: 2000172689 ns, Reaching safepoint: 8524 ns, Cleanup: 11143 ns, At safepoint: 4351 ns, Total: 24018 ns
[2025-10-15T19:15:39.748+0000][7][safepoint   ] Safepoint "Cleanup", Time since last: 4000305445 ns, Reaching safepoint: 8025 ns, Cleanup: 7398 ns, At safepoint: 4845 ns, Total: 20268 ns
[2025-10-15T19:15:43.748+0000][7][safepoint   ] Safepoint "Cleanup", Time since last: 4000274257 ns, Reaching safepoint: 23373 ns, Cleanup: 13374 ns, At safepoint: 5014 ns, Total: 41761 ns
[2025-10-15T19:15:47.748+0000][7][safepoint   ] Safepoint "Cleanup", Time since last: 4000304176 ns, Reaching safepoint: 8986 ns, Cleanup: 11323 ns, At safepoint: 4689 ns, Total: 24998 ns
[2025-10-15T19:15:48.748+0000][7][safepoint   ] Safepoint "Cleanup", Time since last: 1000101372 ns, Reaching safepoint: 13316 ns, Cleanup: 9426 ns, At safepoint: 4887 ns, Total: 27629 ns
[2025-10-15T19:15:49.748+0000][7][safepoint   ] Safepoint "Cleanup", Time since last: 1000097451 ns, Reaching safepoint: 13832 ns, Cleanup: 14103 ns, At safepoint: 13209 ns, Total: 41144 ns
[2025-10-15T19:15:51.749+0000][7][safepoint   ] Safepoint "Cleanup", Time since last: 2000186856 ns, Reaching safepoint: 13136 ns, Cleanup: 11548 ns, At safepoint: 6725 ns, Total: 31409 ns
[2025-10-15T19:15:53.749+0000][7][safepoint   ] Safepoint "Cleanup", Time since last: 2000211047 ns, Reaching safepoint: 7781 ns, Cleanup: 8845 ns, At safepoint: 4641 ns, Total: 21267 ns
[2025-10-15T19:15:59.749+0000][7][safepoint   ] Safepoint "Cleanup", Time since last: 6000414149 ns, Reaching safepoint: 25457 ns, Cleanup: 10291 ns, At safepoint: 5515 ns, Total: 41263 ns
[2025-10-15T19:16:07.750+0000][7][safepoint   ] Safepoint "Cleanup", Time since last: 8000647118 ns, Reaching safepoint: 8345 ns, Cleanup: 11552 ns, At safepoint: 5149 ns, Total: 25046 ns
[2025-10-15T19:16:11.750+0000][7][safepoint   ] Safepoint "Cleanup", Time since last: 4000318634 ns, Reaching safepoint: 64065 ns, Cleanup: 12465 ns, At safepoint: 5620 ns, Total: 82150 ns
[2025-10-15T19:16:14.751+0000][7][safepoint   ] Safepoint "Cleanup", Time since last: 3000214757 ns, Reaching safepoint: 12547 ns, Cleanup: 14717 ns, At safepoint: 5850 ns, Total: 33114 ns
[2025-10-15T19:16:16.751+0000][7][safepoint   ] Safepoint "Cleanup", Time since last: 2000203071 ns, Reaching safepoint: 29099 ns, Cleanup: 22235 ns, At safepoint: 18884 ns, Total: 70218 ns
[2025-10-15T19:16:19.751+0000][7][safepoint   ] Safepoint "Cleanup", Time since last: 3000291707 ns, Reaching safepoint: 14053 ns, Cleanup: 13227 ns, At safepoint: 7993 ns, Total: 35273 ns
[2025-10-15T19:16:21.751+0000][7][safepoint   ] Safepoint "Cleanup", Time since last: 2000170369 ns, Reaching safepoint: 7859 ns, Cleanup: 17113 ns, At safepoint: 6112 ns, Total: 31084 ns
[2025-10-15T19:16:22.752+0000][7][safepoint   ] Safepoint "Cleanup", Time since last: 1000094652 ns, Reaching safepoint: 12400 ns, Cleanup: 10295 ns, At safepoint: 5431 ns, Total: 28126 ns
[2025-10-15T19:16:24.752+0000][7][safepoint   ] Safepoint "Cleanup", Time since last: 2000169548 ns, Reaching safepoint: 8535 ns, Cleanup: 8286 ns, At safepoint: 4189 ns, Total: 21010 ns
[2025-10-15T19:16:28.752+0000][7][safepoint   ] Safepoint "Cleanup", Time since last: 4000293265 ns, Reaching safepoint: 21425 ns, Cleanup: 8401 ns, At safepoint: 5349 ns, Total: 35175 ns
[2025-10-15T19:16:30.752+0000][7][safepoint   ] Safepoint "Cleanup", Time since last: 2000149033 ns, Reaching safepoint: 6588 ns, Cleanup: 8423 ns, At safepoint: 4043 ns, Total: 19054 ns
[2025-10-15T19:16:32.752+0000][7][safepoint   ] Safepoint "Cleanup", Time since last: 2000147042 ns, Reaching safepoint: 42299 ns, Cleanup: 14251 ns, At safepoint: 6951 ns, Total: 63501 ns
[2025-10-15T19:16:36.753+0000][7][safepoint   ] Safepoint "Cleanup", Time since last: 4000273822 ns, Reaching safepoint: 7489 ns, Cleanup: 8147 ns, At safepoint: 4853 ns, Total: 20489 ns
[2025-10-15T19:16:38.753+0000][7][safepoint   ] Safepoint "Cleanup", Time since last: 2000153763 ns, Reaching safepoint: 7630 ns, Cleanup: 10572 ns, At safepoint: 5161 ns, Total: 23363 ns
[2025-10-15T19:16:46.754+0000][7][safepoint   ] Safepoint "Cleanup", Time since last: 8000540525 ns, Reaching safepoint: 54892 ns, Cleanup: 18598 ns, At safepoint: 29852 ns, Total: 103342 ns
[2025-10-15T19:16:48.754+0000][7][safepoint   ] Safepoint "Cleanup", Time since last: 2000147502 ns, Reaching safepoint: 8957 ns, Cleanup: 10880 ns, At safepoint: 4533 ns, Total: 24370 ns
[2025-10-15T19:16:50.754+0000][7][safepoint   ] Safepoint "Cleanup", Time since last: 2000150502 ns, Reaching safepoint: 7801 ns, Cleanup: 8206 ns, At safepoint: 4299 ns, Total: 20306 ns
[2025-10-15T19:16:53.597+0000][7][safepoint   ] Safepoint "Cleanup", Time since last: 2843182494 ns, Reaching safepoint: 10843 ns, Cleanup: 10283 ns, At safepoint: 6314 ns, Total: 27440 ns
[2025-10-15T19:17:01.598+0000][7][safepoint   ] Safepoint "Cleanup", Time since last: 8000680085 ns, Reaching safepoint: 12947 ns, Cleanup: 15567 ns, At safepoint: 6055 ns, Total: 34569 ns
[2025-10-15T19:17:07.780+0000][7][safepoint   ] Safepoint "Cleanup", Time since last: 6181709790 ns, Reaching safepoint: 36599 ns, Cleanup: 15892 ns, At safepoint: 13515 ns, Total: 66006 ns
[2025-10-15T19:17:11.781+0000][7][safepoint   ] Safepoint "Cleanup", Time since last: 4000838938 ns, Reaching safepoint: 20710 ns, Cleanup: 22896 ns, At safepoint: 10345 ns, Total: 53951 ns
[2025-10-15T19:17:13.781+0000][7][safepoint   ] Safepoint "Cleanup", Time since last: 2000483533 ns, Reaching safepoint: 28453 ns, Cleanup: 49884 ns, At safepoint: 17016 ns, Total: 95353 ns
[2025-10-15T19:17:15.782+0000][7][safepoint   ] Safepoint "Cleanup", Time since last: 2000505198 ns, Reaching safepoint: 10747 ns, Cleanup: 14585 ns, At safepoint: 7138 ns, Total: 32470 ns
[2025-10-15T19:17:17.782+0000][7][safepoint   ] Safepoint "Cleanup", Time since last: 2000180503 ns, Reaching safepoint: 9492 ns, Cleanup: 14474 ns, At safepoint: 6212 ns, Total: 30178 ns
[2025-10-15T19:17:18.782+0000][7][safepoint   ] Safepoint "Cleanup", Time since last: 1000104909 ns, Reaching safepoint: 11751 ns, Cleanup: 10125 ns, At safepoint: 5612 ns, Total: 27488 ns
[2025-10-15T19:17:24.783+0000][7][safepoint   ] Safepoint "Cleanup", Time since last: 6000461743 ns, Reaching safepoint: 16307 ns, Cleanup: 34676 ns, At safepoint: 9438 ns, Total: 60421 ns
[2025-10-15T19:17:26.783+0000][7][safepoint   ] Safepoint "Cleanup", Time since last: 2000180656 ns, Reaching safepoint: 8184 ns, Cleanup: 9763 ns, At safepoint: 4539 ns, Total: 22486 ns
[2025-10-15T19:17:30.783+0000][7][safepoint   ] Safepoint "Cleanup", Time since last: 4000290343 ns, Reaching safepoint: 12386 ns, Cleanup: 34668 ns, At safepoint: 7281 ns, Total: 54335 ns
[2025-10-15T19:17:32.783+0000][7][safepoint   ] Safepoint "Cleanup", Time since last: 2000190662 ns, Reaching safepoint: 24217 ns, Cleanup: 9953 ns, At safepoint: 6390 ns, Total: 40560 ns
[2025-10-15T19:17:33.784+0000][7][safepoint   ] Safepoint "Cleanup", Time since last: 1000535803 ns, Reaching safepoint: 24267 ns, Cleanup: 9799 ns, At safepoint: 6319 ns, Total: 40385 ns
[2025-10-15T19:17:34.784+0000][7][safepoint   ] Safepoint "Cleanup", Time since last: 1000101641 ns, Reaching safepoint: 7607 ns, Cleanup: 7526 ns, At safepoint: 5212 ns, Total: 20345 ns
[2025-10-15T19:17:36.784+0000][7][safepoint   ] Safepoint "Cleanup", Time since last: 2000162961 ns, Reaching safepoint: 10135 ns, Cleanup: 10403 ns, At safepoint: 6625 ns, Total: 27163 ns
[2025-10-15T19:17:38.784+0000][7][safepoint   ] Safepoint "Cleanup", Time since last: 2000168890 ns, Reaching safepoint: 7965 ns, Cleanup: 8879 ns, At safepoint: 5072 ns, Total: 21916 ns
[2025-10-15T19:17:42.785+0000][7][safepoint   ] Safepoint "Cleanup", Time since last: 4000312307 ns, Reaching safepoint: 10177 ns, Cleanup: 8771 ns, At safepoint: 6708 ns, Total: 25656 ns
[2025-10-15T19:17:46.785+0000][7][safepoint   ] Safepoint "Cleanup", Time since last: 4000270166 ns, Reaching safepoint: 6976 ns, Cleanup: 7198 ns, At safepoint: 4293 ns, Total: 18467 ns
[2025-10-15T19:17:48.785+0000][7][safepoint   ] Safepoint "Cleanup", Time since last: 2000191535 ns, Reaching safepoint: 18035 ns, Cleanup: 9915 ns, At safepoint: 3818 ns, Total: 31768 ns
[2025-10-15T19:17:49.785+0000][7][safepoint   ] Safepoint "Cleanup", Time since last: 1000080381 ns, Reaching safepoint: 7639 ns, Cleanup: 7921 ns, At safepoint: 4564 ns, Total: 20124 ns
[2025-10-15T19:17:50.785+0000][7][safepoint   ] Safepoint "Cleanup", Time since last: 1000088391 ns, Reaching safepoint: 7183 ns, Cleanup: 6884 ns, At safepoint: 4583 ns, Total: 18650 ns
[2025-10-15T19:18:01.787+0000][7][safepoint   ] Safepoint "Cleanup", Time since last: 11001067036 ns, Reaching safepoint: 13398 ns, Cleanup: 18957 ns, At safepoint: 9203 ns, Total: 41558 ns
[2025-10-15T19:18:03.787+0000][7][safepoint   ] Safepoint "Cleanup", Time since last: 2000203300 ns, Reaching safepoint: 36549 ns, Cleanup: 13076 ns, At safepoint: 9637 ns, Total: 59262 ns
[2025-10-15T19:18:09.822+0000][7][safepoint   ] Safepoint "Cleanup", Time since last: 6034994900 ns, Reaching safepoint: 8412 ns, Cleanup: 8585 ns, At safepoint: 4801 ns, Total: 21798 ns
[2025-10-15T19:18:15.822+0000][7][safepoint   ] Safepoint "Cleanup", Time since last: 6000446526 ns, Reaching safepoint: 23057 ns, Cleanup: 13602 ns, At safepoint: 7286 ns, Total: 43945 ns
[2025-10-15T19:18:17.823+0000][7][safepoint   ] Safepoint "Cleanup", Time since last: 2000211034 ns, Reaching safepoint: 9514 ns, Cleanup: 9457 ns, At safepoint: 4690 ns, Total: 23661 ns
[2025-10-15T19:18:18.823+0000][7][safepoint   ] Safepoint "Cleanup", Time since last: 1000094993 ns, Reaching safepoint: 7457 ns, Cleanup: 9236 ns, At safepoint: 3956 ns, Total: 20649 ns
[2025-10-15T19:18:19.823+0000][7][safepoint   ] Safepoint "Cleanup", Time since last: 1000099466 ns, Reaching safepoint: 12365 ns, Cleanup: 9715 ns, At safepoint: 6370 ns, Total: 28450 ns
[2025-10-15T19:18:21.823+0000][7][safepoint   ] Safepoint "Cleanup", Time since last: 2000171513 ns, Reaching safepoint: 12059 ns, Cleanup: 8903 ns, At safepoint: 6151 ns, Total: 27113 ns
[2025-10-15T19:18:23.823+0000][7][safepoint   ] Safepoint "Cleanup", Time since last: 2000191079 ns, Reaching safepoint: 16816 ns, Cleanup: 19317 ns, At safepoint: 13781 ns, Total: 49914 ns
[2025-10-15T19:18:25.823+0000][7][safepoint   ] Safepoint "Cleanup", Time since last: 2000231495 ns, Reaching safepoint: 10133 ns, Cleanup: 10640 ns, At safepoint: 6272 ns, Total: 27045 ns
[2025-10-15T19:18:27.824+0000][7][safepoint   ] Safepoint "Cleanup", Time since last: 2000135918 ns, Reaching safepoint: 10771 ns, Cleanup: 14943 ns, At safepoint: 7208 ns, Total: 32922 ns
[2025-10-15T19:18:28.824+0000][7][safepoint   ] Safepoint "Cleanup", Time since last: 1000119019 ns, Reaching safepoint: 22014 ns, Cleanup: 8952 ns, At safepoint: 5448 ns, Total: 36414 ns
[2025-10-15T19:18:29.825+0000][7][safepoint   ] Safepoint "Cleanup", Time since last: 1001431539 ns, Reaching safepoint: 7842 ns, Cleanup: 8976 ns, At safepoint: 4628 ns, Total: 21446 ns
[2025-10-15T19:18:31.541+0000][7][safepoint   ] Safepoint "Cleanup", Time since last: 1715350276 ns, Reaching safepoint: 6774 ns, Cleanup: 77593 ns, At safepoint: 5324 ns, Total: 89691 ns
[2025-10-15T19:18:32.556+0000][7][safepoint   ] Safepoint "Cleanup", Time since last: 1015223110 ns, Reaching safepoint: 12769 ns, Cleanup: 50725 ns, At safepoint: 7109 ns, Total: 70603 ns
[2025-10-15T19:18:35.556+0000][7][safepoint   ] Safepoint "Cleanup", Time since last: 3000376194 ns, Reaching safepoint: 18132 ns, Cleanup: 30069 ns, At safepoint: 9685 ns, Total: 57886 ns
[2025-10-15T19:18:37.557+0000][7][safepoint   ] Safepoint "Cleanup", Time since last: 2000176145 ns, Reaching safepoint: 11178 ns, Cleanup: 17419 ns, At safepoint: 7913 ns, Total: 36510 ns
[2025-10-15T19:18:39.557+0000][7][safepoint   ] Safepoint "Cleanup", Time since last: 2000169687 ns, Reaching safepoint: 34528 ns, Cleanup: 42119 ns, At safepoint: 9788 ns, Total: 86435 ns
[2025-10-15T19:18:40.557+0000][7][safepoint   ] Safepoint "Cleanup", Time since last: 1000145219 ns, Reaching safepoint: 17333 ns, Cleanup: 41195 ns, At safepoint: 8269 ns, Total: 66797 ns
[2025-10-15T19:18:41.557+0000][7][safepoint   ] Safepoint "Cleanup", Time since last: 1000133674 ns, Reaching safepoint: 8816 ns, Cleanup: 11763 ns, At safepoint: 5284 ns, Total: 25863 ns
[2025-10-15T19:18:43.507+0000][7][safepoint   ] Safepoint "Cleanup", Time since last: 1949429815 ns, Reaching safepoint: 13278 ns, Cleanup: 60445 ns, At safepoint: 7109 ns, Total: 80832 ns
[2025-10-15T19:18:44.507+0000][7][safepoint   ] Safepoint "Cleanup", Time since last: 1000083652 ns, Reaching safepoint: 14171 ns, Cleanup: 43417 ns, At safepoint: 6430 ns, Total: 64018 ns
[2025-10-15T19:18:48.507+0000][7][safepoint   ] Safepoint "Cleanup", Time since last: 4000288964 ns, Reaching safepoint: 9485 ns, Cleanup: 7932 ns, At safepoint: 4189 ns, Total: 21606 ns
[2025-10-15T19:18:49.507+0000][7][safepoint   ] Safepoint "Cleanup", Time since last: 1000096695 ns, Reaching safepoint: 11406 ns, Cleanup: 13124 ns, At safepoint: 5414 ns, Total: 29944 ns
[2025-10-15T19:18:52.508+0000][7][safepoint   ] Safepoint "Cleanup", Time since last: 3000235604 ns, Reaching safepoint: 8653 ns, Cleanup: 8585 ns, At safepoint: 3915 ns, Total: 21153 ns
[2025-10-15T19:18:54.508+0000][7][safepoint   ] Safepoint "Cleanup", Time since last: 2000148251 ns, Reaching safepoint: 8993 ns, Cleanup: 7878 ns, At safepoint: 4306 ns, Total: 21177 ns
[2025-10-15T19:18:59.508+0000][7][safepoint   ] Safepoint "Cleanup", Time since last: 5000339620 ns, Reaching safepoint: 48582 ns, Cleanup: 15968 ns, At safepoint: 7001 ns, Total: 71551 ns
[2025-10-15T19:19:03.508+0000][7][safepoint   ] Safepoint "Cleanup", Time since last: 4000256659 ns, Reaching safepoint: 19577 ns, Cleanup: 8568 ns, At safepoint: 4064 ns, Total: 32209 ns
[2025-10-15T19:19:04.845+0000][7][safepoint   ] Safepoint "Cleanup", Time since last: 1336460526 ns, Reaching safepoint: 18095 ns, Cleanup: 18494 ns, At safepoint: 9455 ns, Total: 46044 ns
[2025-10-15T19:19:11.847+0000][7][safepoint   ] Safepoint "Cleanup", Time since last: 7001486324 ns, Reaching safepoint: 25900 ns, Cleanup: 30971 ns, At safepoint: 11094 ns, Total: 67965 ns
[2025-10-15T19:19:12.847+0000][7][safepoint   ] Safepoint "Cleanup", Time since last: 1000151995 ns, Reaching safepoint: 12963 ns, Cleanup: 55992 ns, At safepoint: 10623 ns, Total: 79578 ns
[2025-10-15T19:19:14.847+0000][7][safepoint   ] Safepoint "Cleanup", Time since last: 2000266236 ns, Reaching safepoint: 9880 ns, Cleanup: 14431 ns, At safepoint: 5532 ns, Total: 29843 ns
[2025-10-15T19:19:16.847+0000][7][safepoint   ] Safepoint "Cleanup", Time since last: 2000182814 ns, Reaching safepoint: 32443 ns, Cleanup: 18420 ns, At safepoint: 6379 ns, Total: 57242 ns
[2025-10-15T19:19:17.848+0000][7][safepoint   ] Safepoint "Cleanup", Time since last: 1000142610 ns, Reaching safepoint: 23886 ns, Cleanup: 26250 ns, At safepoint: 14496 ns, Total: 64632 ns
[2025-10-15T19:19:18.848+0000][7][safepoint   ] Safepoint "Cleanup", Time since last: 1000134581 ns, Reaching safepoint: 9568 ns, Cleanup: 8851 ns, At safepoint: 4598 ns, Total: 23017 ns
[2025-10-15T19:19:19.848+0000][7][safepoint   ] Safepoint "Cleanup", Time since last: 1000210224 ns, Reaching safepoint: 11038 ns, Cleanup: 10277 ns, At safepoint: 7125 ns, Total: 28440 ns
[2025-10-15T19:19:25.848+0000][7][safepoint   ] Safepoint "Cleanup", Time since last: 6000440049 ns, Reaching safepoint: 18696 ns, Cleanup: 42404 ns, At safepoint: 4619 ns, Total: 65719 ns
[2025-10-15T19:19:27.849+0000][7][safepoint   ] Safepoint "Cleanup", Time since last: 2000164555 ns, Reaching safepoint: 13500 ns, Cleanup: 14863 ns, At safepoint: 5841 ns, Total: 34204 ns
[2025-10-15T19:19:28.849+0000][7][safepoint   ] Safepoint "Cleanup", Time since last: 1000105845 ns, Reaching safepoint: 9699 ns, Cleanup: 21337 ns, At safepoint: 5902 ns, Total: 36938 ns
[2025-10-15T19:19:30.849+0000][7][safepoint   ] Safepoint "Cleanup", Time since last: 2000166742 ns, Reaching safepoint: 28710 ns, Cleanup: 40615 ns, At safepoint: 5782 ns, Total: 75107 ns
[2025-10-15T19:19:31.855+0000][7][safepoint   ] Safepoint "ICBufferFull", Time since last: 1006013943 ns, Reaching safepoint: 14519 ns, Cleanup: 95802 ns, At safepoint: 10186 ns, Total: 120507 ns
[2025-10-15T19:19:32.526+0000][7][safepoint   ] Safepoint "ICBufferFull", Time since last: 670367704 ns, Reaching safepoint: 10995 ns, Cleanup: 80780 ns, At safepoint: 7271 ns, Total: 99046 ns
[2025-10-15T19:19:33.526+0000][7][safepoint   ] Safepoint "Cleanup", Time since last: 1000106711 ns, Reaching safepoint: 8391 ns, Cleanup: 15299 ns, At safepoint: 4658 ns, Total: 28348 ns
[2025-10-15T19:19:40.526+0000][7][safepoint   ] Safepoint "Cleanup", Time since last: 7000634061 ns, Reaching safepoint: 9221 ns, Cleanup: 8403 ns, At safepoint: 4831 ns, Total: 22455 ns
[2025-10-15T19:19:44.527+0000][7][safepoint   ] Safepoint "Cleanup", Time since last: 4000268571 ns, Reaching safepoint: 9727 ns, Cleanup: 7172 ns, At safepoint: 4685 ns, Total: 21584 ns
[2025-10-15T19:19:46.528+0000][7][safepoint   ] Safepoint "Cleanup", Time since last: 2001446785 ns, Reaching safepoint: 8504 ns, Cleanup: 7175 ns, At safepoint: 4067 ns, Total: 19746 ns
[2025-10-15T19:19:48.528+0000][7][safepoint   ] Safepoint "Cleanup", Time since last: 2000201377 ns, Reaching safepoint: 10326 ns, Cleanup: 10484 ns, At safepoint: 4880 ns, Total: 25690 ns
[2025-10-15T19:19:49.528+0000][7][safepoint   ] Safepoint "Cleanup", Time since last: 1000078302 ns, Reaching safepoint: 8840 ns, Cleanup: 9609 ns, At safepoint: 5839 ns, Total: 24288 ns
[2025-10-15T19:19:50.529+0000][7][safepoint   ] Safepoint "Cleanup", Time since last: 1000094602 ns, Reaching safepoint: 9553 ns, Cleanup: 7435 ns, At safepoint: 5330 ns, Total: 22318 ns
[2025-10-15T19:19:56.529+0000][7][safepoint   ] Safepoint "Cleanup", Time since last: 6000407627 ns, Reaching safepoint: 10548 ns, Cleanup: 11301 ns, At safepoint: 6236 ns, Total: 28085 ns
[2025-10-15T19:20:04.871+0000][7][safepoint   ] Safepoint "Cleanup", Time since last: 8341713952 ns, Reaching safepoint: 8804 ns, Cleanup: 8413 ns, At safepoint: 5033 ns, Total: 22250 ns
[2025-10-15T19:20:06.871+0000][7][safepoint   ] Safepoint "Cleanup", Time since last: 2000168173 ns, Reaching safepoint: 8664 ns, Cleanup: 8230 ns, At safepoint: 4482 ns, Total: 21376 ns
[2025-10-15T19:20:10.871+0000][7][safepoint   ] Safepoint "Cleanup", Time since last: 4000313821 ns, Reaching safepoint: 19765 ns, Cleanup: 12787 ns, At safepoint: 6547 ns, Total: 39099 ns
[2025-10-15T19:20:17.873+0000][7][safepoint   ] Safepoint "Cleanup", Time since last: 7001696830 ns, Reaching safepoint: 8203 ns, Cleanup: 7380 ns, At safepoint: 5164 ns, Total: 20747 ns
[2025-10-15T19:20:18.873+0000][7][safepoint   ] Safepoint "Cleanup", Time since last: 1000095223 ns, Reaching safepoint: 8910 ns, Cleanup: 7113 ns, At safepoint: 4813 ns, Total: 20836 ns
[2025-10-15T19:20:22.874+0000][7][safepoint   ] Safepoint "Cleanup", Time since last: 4000307985 ns, Reaching safepoint: 8303 ns, Cleanup: 33850 ns, At safepoint: 4528 ns, Total: 46681 ns
[2025-10-15T19:20:26.874+0000][7][safepoint   ] Safepoint "Cleanup", Time since last: 4000278767 ns, Reaching safepoint: 18909 ns, Cleanup: 8232 ns, At safepoint: 3673 ns, Total: 30814 ns
[2025-10-15T19:20:49.875+0000][7][safepoint   ] Safepoint "Cleanup", Time since last: 23001361704 ns, Reaching safepoint: 33874 ns, Cleanup: 18064 ns, At safepoint: 5780 ns, Total: 57718 ns
[2025-10-15T19:20:51.877+0000][7][safepoint   ] Safepoint "Cleanup", Time since last: 2001480829 ns, Reaching safepoint: 21839 ns, Cleanup: 8003 ns, At safepoint: 4653 ns, Total: 34495 ns
[2025-10-15T19:21:03.878+0000][7][safepoint   ] Safepoint "Cleanup", Time since last: 12000782252 ns, Reaching safepoint: 50133 ns, Cleanup: 30139 ns, At safepoint: 6600 ns, Total: 86872 ns
[2025-10-15T19:21:05.878+0000][7][safepoint   ] Safepoint "Cleanup", Time since last: 2000307466 ns, Reaching safepoint: 15133 ns, Cleanup: 73032 ns, At safepoint: 7346 ns, Total: 95511 ns
[2025-10-15T19:21:06.878+0000][7][safepoint   ] Safepoint "Cleanup", Time since last: 1000126603 ns, Reaching safepoint: 11318 ns, Cleanup: 19921 ns, At safepoint: 6138 ns, Total: 37377 ns
[2025-10-15T19:21:08.878+0000][7][safepoint   ] Safepoint "Cleanup", Time since last: 2000163080 ns, Reaching safepoint: 21517 ns, Cleanup: 15430 ns, At safepoint: 5188 ns, Total: 42135 ns
[2025-10-15T19:21:09.880+0000][7][safepoint   ] Safepoint "Cleanup", Time since last: 1001412364 ns, Reaching safepoint: 15918 ns, Cleanup: 78091 ns, At safepoint: 23608 ns, Total: 117617 ns
[2025-10-15T19:21:10.880+0000][7][safepoint   ] Safepoint "Cleanup", Time since last: 1000142963 ns, Reaching safepoint: 13103 ns, Cleanup: 15669 ns, At safepoint: 6731 ns, Total: 35503 ns
[2025-10-15T19:21:11.880+0000][7][safepoint   ] Safepoint "Cleanup", Time since last: 1000103961 ns, Reaching safepoint: 15981 ns, Cleanup: 13859 ns, At safepoint: 8589 ns, Total: 38429 ns
[2025-10-15T19:21:15.881+0000][7][safepoint   ] Safepoint "Cleanup", Time since last: 4000294709 ns, Reaching safepoint: 24229 ns, Cleanup: 30915 ns, At safepoint: 10972 ns, Total: 66116 ns
[2025-10-15T19:21:19.881+0000][7][safepoint   ] Safepoint "Cleanup", Time since last: 4000295466 ns, Reaching safepoint: 10109 ns, Cleanup: 8247 ns, At safepoint: 4491 ns, Total: 22847 ns
[2025-10-15T19:21:22.881+0000][7][safepoint   ] Safepoint "Cleanup", Time since last: 3000218185 ns, Reaching safepoint: 24009 ns, Cleanup: 14966 ns, At safepoint: 6018 ns, Total: 44993 ns
[2025-10-15T19:21:32.882+0000][7][safepoint   ] Safepoint "Cleanup", Time since last: 10000699719 ns, Reaching safepoint: 31462 ns, Cleanup: 11860 ns, At safepoint: 7939 ns, Total: 51261 ns
[2025-10-15T19:21:49.883+0000][7][safepoint   ] Safepoint "Cleanup", Time since last: 17001283729 ns, Reaching safepoint: 45514 ns, Cleanup: 14548 ns, At safepoint: 5974 ns, Total: 66036 ns
[2025-10-15T19:21:52.883+0000][7][safepoint   ] Safepoint "Cleanup", Time since last: 3000175668 ns, Reaching safepoint: 10044 ns, Cleanup: 8060 ns, At safepoint: 6126 ns, Total: 24230 ns
[2025-10-15T19:21:54.884+0000][7][safepoint   ] Safepoint "Cleanup", Time since last: 2000157056 ns, Reaching safepoint: 8335 ns, Cleanup: 7967 ns, At safepoint: 5166 ns, Total: 21468 ns
[2025-10-15T19:21:56.884+0000][7][safepoint   ] Safepoint "Cleanup", Time since last: 2000164284 ns, Reaching safepoint: 10431 ns, Cleanup: 10852 ns, At safepoint: 6267 ns, Total: 27550 ns
[2025-10-15T19:21:58.884+0000][7][safepoint   ] Safepoint "Cleanup", Time since last: 2000161894 ns, Reaching safepoint: 15196 ns, Cleanup: 10882 ns, At safepoint: 5862 ns, Total: 31940 ns
[2025-10-15T19:22:00.884+0000][7][safepoint   ] Safepoint "Cleanup", Time since last: 2000167734 ns, Reaching safepoint: 15549 ns, Cleanup: 15546 ns, At safepoint: 8967 ns, Total: 40062 ns
[2025-10-15T19:22:04.885+0000][7][safepoint   ] Safepoint "Cleanup", Time since last: 4000258713 ns, Reaching safepoint: 12715 ns, Cleanup: 9238 ns, At safepoint: 5103 ns, Total: 27056 ns
[2025-10-15T19:22:15.887+0000][7][safepoint   ] Safepoint "Cleanup", Time since last: 11002067963 ns, Reaching safepoint: 48754 ns, Cleanup: 36209 ns, At safepoint: 8885 ns, Total: 93848 ns
[2025-10-15T19:22:23.887+0000][7][safepoint   ] Safepoint "Cleanup", Time since last: 8000751267 ns, Reaching safepoint: 21262 ns, Cleanup: 8130 ns, At safepoint: 6703 ns, Total: 36095 ns
[2025-10-15T19:22:25.888+0000][7][safepoint   ] Safepoint "Cleanup", Time since last: 2000161309 ns, Reaching safepoint: 13527 ns, Cleanup: 10052 ns, At safepoint: 6226 ns, Total: 29805 ns
[2025-10-15T19:22:35.888+0000][7][safepoint   ] Safepoint "Cleanup", Time since last: 10000705911 ns, Reaching safepoint: 8123 ns, Cleanup: 6893 ns, At safepoint: 4559 ns, Total: 19575 ns
[2025-10-15T19:22:37.889+0000][7][safepoint   ] Safepoint "Cleanup", Time since last: 2000165109 ns, Reaching safepoint: 27420 ns, Cleanup: 11218 ns, At safepoint: 7681 ns, Total: 46319 ns
[2025-10-15T19:22:39.889+0000][7][safepoint   ] Safepoint "Cleanup", Time since last: 2000169643 ns, Reaching safepoint: 16456 ns, Cleanup: 12267 ns, At safepoint: 7440 ns, Total: 36163 ns
[2025-10-15T19:22:41.889+0000][7][safepoint   ] Safepoint "Cleanup", Time since last: 2000167238 ns, Reaching safepoint: 12447 ns, Cleanup: 11471 ns, At safepoint: 6223 ns, Total: 30141 ns
[2025-10-15T19:23:00.906+0000][7][safepoint   ] Safepoint "Cleanup", Time since last: 19005457079 ns, Reaching safepoint: 1147507 ns, Cleanup: 10023360 ns, At safepoint: 48275 ns, Total: 11219142 ns
[2025-10-15T19:23:02.912+0000][7][safepoint   ] Safepoint "Cleanup", Time since last: 2006151161 ns, Reaching safepoint: 16448 ns, Cleanup: 15894 ns, At safepoint: 7597 ns, Total: 39939 ns
[2025-10-15T19:23:08.913+0000][7][safepoint   ] Safepoint "Cleanup", Time since last: 6000612212 ns, Reaching safepoint: 51146 ns, Cleanup: 38088 ns, At safepoint: 12176 ns, Total: 101410 ns
[2025-10-15T19:23:12.913+0000][7][safepoint   ] Safepoint "Cleanup", Time since last: 4000538296 ns, Reaching safepoint: 10107 ns, Cleanup: 7839 ns, At safepoint: 6580 ns, Total: 24526 ns
[2025-10-15T19:23:18.915+0000][7][safepoint   ] Safepoint "Cleanup", Time since last: 6001311200 ns, Reaching safepoint: 21170 ns, Cleanup: 16805 ns, At safepoint: 12949 ns, Total: 50924 ns
[2025-10-15T19:23:31.918+0000][7][safepoint   ] Safepoint "Cleanup", Time since last: 13003453705 ns, Reaching safepoint: 37347 ns, Cleanup: 16063 ns, At safepoint: 7130 ns, Total: 60540 ns
[2025-10-15T19:23:50.919+0000][7][safepoint   ] Safepoint "Cleanup", Time since last: 19001394157 ns, Reaching safepoint: 31834 ns, Cleanup: 12677 ns, At safepoint: 4392 ns, Total: 48903 ns
[2025-10-15T19:23:58.921+0000][7][safepoint   ] Safepoint "Cleanup", Time since last: 8001864839 ns, Reaching safepoint: 22100 ns, Cleanup: 9013 ns, At safepoint: 4450 ns, Total: 35563 ns
[2025-10-15T19:24:17.951+0000][7][safepoint   ] Safepoint "Cleanup", Time since last: 19029408061 ns, Reaching safepoint: 28870 ns, Cleanup: 12170 ns, At safepoint: 5922 ns, Total: 46962 ns
[2025-10-15T19:24:18.951+0000][7][safepoint   ] Safepoint "Cleanup", Time since last: 1000168542 ns, Reaching safepoint: 10334 ns, Cleanup: 10391 ns, At safepoint: 6029 ns, Total: 26754 ns
[2025-10-15T19:24:23.951+0000][7][safepoint   ] Safepoint "Cleanup", Time since last: 5000324774 ns, Reaching safepoint: 7909 ns, Cleanup: 7915 ns, At safepoint: 4679 ns, Total: 20503 ns
[2025-10-15T19:24:30.952+0000][7][safepoint   ] Safepoint "Cleanup", Time since last: 7000553734 ns, Reaching safepoint: 10900 ns, Cleanup: 8396 ns, At safepoint: 4955 ns, Total: 24251 ns
[2025-10-15T19:24:32.952+0000][7][safepoint   ] Safepoint "Cleanup", Time since last: 2000147729 ns, Reaching safepoint: 20783 ns, Cleanup: 11497 ns, At safepoint: 4949 ns, Total: 37229 ns
[2025-10-15T19:25:01.954+0000][7][safepoint   ] Safepoint "Cleanup", Time since last: 29001806744 ns, Reaching safepoint: 21356 ns, Cleanup: 8517 ns, At safepoint: 4666 ns, Total: 34539 ns
[2025-10-15T19:25:03.957+0000][7][safepoint   ] Safepoint "Cleanup", Time since last: 2002494543 ns, Reaching safepoint: 42992 ns, Cleanup: 13463 ns, At safepoint: 12266 ns, Total: 68721 ns
[2025-10-15T19:25:13.969+0000][7][safepoint   ] Safepoint "Cleanup", Time since last: 10012529177 ns, Reaching safepoint: 23303 ns, Cleanup: 9304 ns, At safepoint: 6009 ns, Total: 38616 ns
[2025-10-15T19:25:39.993+0000][7][safepoint   ] Safepoint "Cleanup", Time since last: 26004755591 ns, Reaching safepoint: 9839655 ns, Cleanup: 29118 ns, At safepoint: 745335 ns, Total: 10614108 ns
[2025-10-15T19:25:53.997+0000][7][safepoint   ] Safepoint "Cleanup", Time since last: 14012180830 ns, Reaching safepoint: 21790 ns, Cleanup: 17522 ns, At safepoint: 7930 ns, Total: 47242 ns
[2025-10-15T19:26:08.038+0000][7][safepoint   ] Safepoint "Cleanup", Time since last: 14041584504 ns, Reaching safepoint: 24630 ns, Cleanup: 11655 ns, At safepoint: 8123 ns, Total: 44408 ns
[2025-10-15T19:26:13.040+0000][7][safepoint   ] Safepoint "Cleanup", Time since last: 5001335551 ns, Reaching safepoint: 17040 ns, Cleanup: 13357 ns, At safepoint: 5896 ns, Total: 36293 ns
[2025-10-15T19:26:14.093+0000][7][safepoint   ] Safepoint "Cleanup", Time since last: 1053135156 ns, Reaching safepoint: 8176 ns, Cleanup: 14973 ns, At safepoint: 4293 ns, Total: 27442 ns
[2025-10-15T19:26:15.093+0000][7][safepoint   ] Safepoint "Cleanup", Time since last: 1000083479 ns, Reaching safepoint: 8874 ns, Cleanup: 9242 ns, At safepoint: 4678 ns, Total: 22794 ns
[2025-10-15T19:26:16.093+0000][7][safepoint   ] Safepoint "Cleanup", Time since last: 1000089974 ns, Reaching safepoint: 15260 ns, Cleanup: 8782 ns, At safepoint: 4995 ns, Total: 29037 ns
[2025-10-15T19:26:17.094+0000][7][safepoint   ] Safepoint "Cleanup", Time since last: 1000727452 ns, Reaching safepoint: 8755 ns, Cleanup: 7994 ns, At safepoint: 4539 ns, Total: 21288 ns
[2025-10-15T19:26:19.094+0000][7][safepoint   ] Safepoint "Cleanup", Time since last: 2000164570 ns, Reaching safepoint: 9041 ns, Cleanup: 10383 ns, At safepoint: 5532 ns, Total: 24956 ns
[2025-10-15T19:26:20.094+0000][7][safepoint   ] Safepoint "Cleanup", Time since last: 1000101956 ns, Reaching safepoint: 11156 ns, Cleanup: 10199 ns, At safepoint: 5462 ns, Total: 26817 ns
[2025-10-15T19:26:23.094+0000][7][safepoint   ] Safepoint "Cleanup", Time since last: 3000222903 ns, Reaching safepoint: 22129 ns, Cleanup: 13366 ns, At safepoint: 6143 ns, Total: 41638 ns
[2025-10-15T19:26:25.095+0000][7][safepoint   ] Safepoint "Cleanup", Time since last: 2000405190 ns, Reaching safepoint: 23471 ns, Cleanup: 9546 ns, At safepoint: 5660 ns, Total: 38677 ns
[2025-10-15T19:26:27.095+0000][7][safepoint   ] Safepoint "Cleanup", Time since last: 2000162094 ns, Reaching safepoint: 12206 ns, Cleanup: 11232 ns, At safepoint: 6359 ns, Total: 29797 ns
[2025-10-15T19:26:29.095+0000][7][safepoint   ] Safepoint "Cleanup", Time since last: 2000165028 ns, Reaching safepoint: 16900 ns, Cleanup: 7692 ns, At safepoint: 5698 ns, Total: 30290 ns
[2025-10-15T19:26:31.095+0000][7][safepoint   ] Safepoint "Cleanup", Time since last: 2000159742 ns, Reaching safepoint: 19846 ns, Cleanup: 13252 ns, At safepoint: 7517 ns, Total: 40615 ns
[2025-10-15T19:26:50.097+0000][7][safepoint   ] Safepoint "Cleanup", Time since last: 19001408255 ns, Reaching safepoint: 21462 ns, Cleanup: 8182 ns, At safepoint: 5333 ns, Total: 34977 ns
[2025-10-15T19:27:26.061+0000][7][safepoint   ] Safepoint "Cleanup", Time since last: 35963782941 ns, Reaching safepoint: 27983 ns, Cleanup: 15405 ns, At safepoint: 40889 ns, Total: 84277 ns
[2025-10-15T19:27:42.070+0000][7][safepoint   ] Safepoint "Cleanup", Time since last: 16006858621 ns, Reaching safepoint: 2540964 ns, Cleanup: 15649 ns, At safepoint: 9130 ns, Total: 2565743 ns
[2025-10-15T19:27:54.083+0000][7][safepoint   ] Safepoint "Cleanup", Time since last: 12012696470 ns, Reaching safepoint: 11349 ns, Cleanup: 12917 ns, At safepoint: 5997 ns, Total: 30263 ns
[2025-10-15T19:28:09.084+0000][7][safepoint   ] Safepoint "Cleanup", Time since last: 15001019464 ns, Reaching safepoint: 9575 ns, Cleanup: 10837 ns, At safepoint: 4850 ns, Total: 25262 ns
[2025-10-15T19:28:11.091+0000][7][safepoint   ] Safepoint "Cleanup", Time since last: 2006644348 ns, Reaching safepoint: 8615 ns, Cleanup: 8085 ns, At safepoint: 5810 ns, Total: 22510 ns
[2025-10-15T19:28:34.092+0000][7][safepoint   ] Safepoint "Cleanup", Time since last: 23001651429 ns, Reaching safepoint: 17672 ns, Cleanup: 11991 ns, At safepoint: 4916 ns, Total: 34579 ns
[2025-10-15T19:28:42.093+0000][7][safepoint   ] Safepoint "Cleanup", Time since last: 8001116469 ns, Reaching safepoint: 19861 ns, Cleanup: 8632 ns, At safepoint: 4360 ns, Total: 32853 ns
[2025-10-15T19:28:45.094+0000][7][safepoint   ] Safepoint "Cleanup", Time since last: 3000211339 ns, Reaching safepoint: 9703 ns, Cleanup: 8267 ns, At safepoint: 4572 ns, Total: 22542 ns
[2025-10-15T19:28:49.094+0000][7][safepoint   ] Safepoint "Cleanup", Time since last: 4000285699 ns, Reaching safepoint: 19703 ns, Cleanup: 9005 ns, At safepoint: 5919 ns, Total: 34627 ns
[2025-10-15T19:28:57.095+0000][7][safepoint   ] Safepoint "Cleanup", Time since last: 8000493110 ns, Reaching safepoint: 10281 ns, Cleanup: 10686 ns, At safepoint: 5180 ns, Total: 26147 ns
[2025-10-15T19:28:58.095+0000][7][safepoint   ] Safepoint "Cleanup", Time since last: 1000116679 ns, Reaching safepoint: 8366 ns, Cleanup: 8573 ns, At safepoint: 5080 ns, Total: 22019 ns
[2025-10-15T19:28:59.095+0000][7][safepoint   ] Safepoint "Cleanup", Time since last: 1000087103 ns, Reaching safepoint: 7052 ns, Cleanup: 7411 ns, At safepoint: 3504 ns, Total: 17967 ns
[2025-10-15T19:29:03.095+0000][7][safepoint   ] Safepoint "Cleanup", Time since last: 4000274661 ns, Reaching safepoint: 25758 ns, Cleanup: 12667 ns, At safepoint: 7438 ns, Total: 45863 ns
[2025-10-15T19:29:05.097+0000][7][safepoint   ] Safepoint "Cleanup", Time since last: 2001619106 ns, Reaching safepoint: 8251 ns, Cleanup: 14240 ns, At safepoint: 5027 ns, Total: 27518 ns
[2025-10-15T19:29:09.097+0000][7][safepoint   ] Safepoint "Cleanup", Time since last: 4000301385 ns, Reaching safepoint: 23751 ns, Cleanup: 41892 ns, At safepoint: 8830 ns, Total: 74473 ns
[2025-10-15T19:29:19.099+0000][7][safepoint   ] Safepoint "Cleanup", Time since last: 10001580833 ns, Reaching safepoint: 21255 ns, Cleanup: 9002 ns, At safepoint: 4540 ns, Total: 34797 ns
[2025-10-15T19:29:49.101+0000][7][safepoint   ] Safepoint "Cleanup", Time since last: 30002027947 ns, Reaching safepoint: 43119 ns, Cleanup: 16953 ns, At safepoint: 9294 ns, Total: 69366 ns
[2025-10-15T19:29:52.102+0000][7][safepoint   ] Safepoint "Cleanup", Time since last: 3001584119 ns, Reaching safepoint: 29850 ns, Cleanup: 16391 ns, At safepoint: 7906 ns, Total: 54147 ns
[2025-10-15T19:30:47.109+0000][7][safepoint   ] Safepoint "Cleanup", Time since last: 55006913057 ns, Reaching safepoint: 21749 ns, Cleanup: 9750 ns, At safepoint: 5003 ns, Total: 36502 ns
[2025-10-15T19:30:56.111+0000][7][safepoint   ] Safepoint "Cleanup", Time since last: 9001704029 ns, Reaching safepoint: 28397 ns, Cleanup: 12768 ns, At safepoint: 6156 ns, Total: 47321 ns
[2025-10-15T19:31:20.123+0000][7][safepoint   ] Safepoint "Cleanup", Time since last: 24012026610 ns, Reaching safepoint: 21384 ns, Cleanup: 9103 ns, At safepoint: 6036 ns, Total: 36523 ns
[2025-10-15T19:31:24.124+0000][7][safepoint   ] Safepoint "Cleanup", Time since last: 4000270985 ns, Reaching safepoint: 8894 ns, Cleanup: 7121 ns, At safepoint: 4428 ns, Total: 20443 ns
[2025-10-15T19:31:53.125+0000][7][safepoint   ] Safepoint "Cleanup", Time since last: 29001900002 ns, Reaching safepoint: 19394 ns, Cleanup: 8662 ns, At safepoint: 6119 ns, Total: 34175 ns
[2025-10-15T19:32:01.127+0000][7][safepoint   ] Safepoint "Cleanup", Time since last: 8001941386 ns, Reaching safepoint: 44350 ns, Cleanup: 15597 ns, At safepoint: 7811 ns, Total: 67758 ns
[2025-10-15T19:32:28.129+0000][7][safepoint   ] Safepoint "Cleanup", Time since last: 27001874399 ns, Reaching safepoint: 9223 ns, Cleanup: 9645 ns, At safepoint: 5397 ns, Total: 24265 ns
[2025-10-15T19:32:30.130+0000][7][safepoint   ] Safepoint "Cleanup", Time since last: 2000766265 ns, Reaching safepoint: 9449 ns, Cleanup: 9077 ns, At safepoint: 4836 ns, Total: 23362 ns
[2025-10-15T19:32:50.132+0000][7][safepoint   ] Safepoint "Cleanup", Time since last: 20001291894 ns, Reaching safepoint: 24546 ns, Cleanup: 10061 ns, At safepoint: 6843 ns, Total: 41450 ns
[2025-10-15T19:33:07.133+0000][7][safepoint   ] Safepoint "Cleanup", Time since last: 17001350465 ns, Reaching safepoint: 20963 ns, Cleanup: 19807 ns, At safepoint: 9981 ns, Total: 50751 ns
[2025-10-15T19:33:09.134+0000][7][safepoint   ] Safepoint "Cleanup", Time since last: 2000954879 ns, Reaching safepoint: 23319 ns, Cleanup: 9594 ns, At safepoint: 6639 ns, Total: 39552 ns
[2025-10-15T19:33:12.134+0000][7][safepoint   ] Safepoint "Cleanup", Time since last: 3000217383 ns, Reaching safepoint: 26395 ns, Cleanup: 34135 ns, At safepoint: 5453 ns, Total: 65983 ns
[2025-10-15T19:33:13.134+0000][7][safepoint   ] Safepoint "Cleanup", Time since last: 1000100608 ns, Reaching safepoint: 17327 ns, Cleanup: 31483 ns, At safepoint: 8701 ns, Total: 57511 ns
[2025-10-15T19:33:14.135+0000][7][safepoint   ] Safepoint "Cleanup", Time since last: 1000596403 ns, Reaching safepoint: 12573 ns, Cleanup: 22333 ns, At safepoint: 6024 ns, Total: 40930 ns
[2025-10-15T19:33:20.135+0000][7][safepoint   ] Safepoint "Cleanup", Time since last: 6000448296 ns, Reaching safepoint: 30893 ns, Cleanup: 12062 ns, At safepoint: 6003 ns, Total: 48958 ns
[2025-10-15T19:33:21.136+0000][7][safepoint   ] Safepoint "Cleanup", Time since last: 1000097518 ns, Reaching safepoint: 12720 ns, Cleanup: 10768 ns, At safepoint: 5676 ns, Total: 29164 ns
[2025-10-15T19:33:24.136+0000][7][safepoint   ] Safepoint "Cleanup", Time since last: 3000227046 ns, Reaching safepoint: 17943 ns, Cleanup: 34752 ns, At safepoint: 7462 ns, Total: 60157 ns
[2025-10-15T19:33:25.136+0000][7][safepoint   ] Safepoint "Cleanup", Time since last: 1000107159 ns, Reaching safepoint: 12666 ns, Cleanup: 15774 ns, At safepoint: 6357 ns, Total: 34797 ns
[2025-10-15T19:33:28.137+0000][7][safepoint   ] Safepoint "Cleanup", Time since last: 3000429392 ns, Reaching safepoint: 14357 ns, Cleanup: 17184 ns, At safepoint: 7889 ns, Total: 39430 ns
[2025-10-15T19:33:30.137+0000][7][safepoint   ] Safepoint "Cleanup", Time since last: 2000176537 ns, Reaching safepoint: 8054 ns, Cleanup: 8227 ns, At safepoint: 5282 ns, Total: 21563 ns
[2025-10-15T19:33:38.137+0000][7][safepoint   ] Safepoint "Cleanup", Time since last: 8000522110 ns, Reaching safepoint: 22451 ns, Cleanup: 7786 ns, At safepoint: 4642 ns, Total: 34879 ns
[2025-10-15T19:33:49.138+0000][7][safepoint   ] Safepoint "Cleanup", Time since last: 11000709511 ns, Reaching safepoint: 19640 ns, Cleanup: 16690 ns, At safepoint: 7985 ns, Total: 44315 ns
[2025-10-15T19:33:50.138+0000][7][safepoint   ] Safepoint "Cleanup", Time since last: 1000341709 ns, Reaching safepoint: 35737 ns, Cleanup: 29169 ns, At safepoint: 12183 ns, Total: 77089 ns
[2025-10-15T19:33:51.139+0000][7][safepoint   ] Safepoint "Cleanup", Time since last: 1000169790 ns, Reaching safepoint: 21066 ns, Cleanup: 8053 ns, At safepoint: 6734 ns, Total: 35853 ns
[2025-10-15T19:34:15.172+0000][7][safepoint   ] Safepoint "Cleanup", Time since last: 24032740145 ns, Reaching safepoint: 83392 ns, Cleanup: 27299 ns, At safepoint: 14403 ns, Total: 125094 ns
[2025-10-15T19:34:20.172+0000][7][safepoint   ] Safepoint "Cleanup", Time since last: 5000586342 ns, Reaching safepoint: 8142 ns, Cleanup: 7406 ns, At safepoint: 4800 ns, Total: 20348 ns
[2025-10-15T19:34:38.174+0000][7][safepoint   ] Safepoint "Cleanup", Time since last: 18001262567 ns, Reaching safepoint: 131849 ns, Cleanup: 46376 ns, At safepoint: 16474 ns, Total: 194699 ns
[2025-10-15T19:34:41.174+0000][7][safepoint   ] Safepoint "Cleanup", Time since last: 3000293506 ns, Reaching safepoint: 17032 ns, Cleanup: 16690 ns, At safepoint: 8144 ns, Total: 41866 ns
[2025-10-15T19:34:43.174+0000][7][safepoint   ] Safepoint "Cleanup", Time since last: 2000173042 ns, Reaching safepoint: 10487 ns, Cleanup: 7598 ns, At safepoint: 5190 ns, Total: 23275 ns
[2025-10-15T19:35:08.176+0000][7][safepoint   ] Safepoint "Cleanup", Time since last: 25001589793 ns, Reaching safepoint: 39267 ns, Cleanup: 28016 ns, At safepoint: 15672 ns, Total: 82955 ns
[2025-10-15T19:35:12.177+0000][7][safepoint   ] Safepoint "Cleanup", Time since last: 4000720694 ns, Reaching safepoint: 72207 ns, Cleanup: 33451 ns, At safepoint: 11770 ns, Total: 117428 ns
[2025-10-15T19:35:19.177+0000][7][safepoint   ] Safepoint "Cleanup", Time since last: 7000639968 ns, Reaching safepoint: 9792 ns, Cleanup: 10300 ns, At safepoint: 6556 ns, Total: 26648 ns
[2025-10-15T19:35:20.177+0000][7][safepoint   ] Safepoint "Cleanup", Time since last: 1000096649 ns, Reaching safepoint: 8333 ns, Cleanup: 7545 ns, At safepoint: 5545 ns, Total: 21423 ns
[2025-10-15T19:36:26.182+0000][7][safepoint   ] Safepoint "Cleanup", Time since last: 66004207319 ns, Reaching safepoint: 22484 ns, Cleanup: 9638 ns, At safepoint: 5269 ns, Total: 37391 ns
[2025-10-15T19:36:52.185+0000][7][safepoint   ] Safepoint "Cleanup", Time since last: 26002918781 ns, Reaching safepoint: 19669 ns, Cleanup: 19891 ns, At safepoint: 5604 ns, Total: 45164 ns
[2025-10-15T19:38:13.227+0000][7][safepoint   ] Safepoint "Cleanup", Time since last: 81041858418 ns, Reaching safepoint: 24499 ns, Cleanup: 8702 ns, At safepoint: 5493 ns, Total: 38694 ns
[2025-10-15T19:38:25.228+0000][7][safepoint   ] Safepoint "Cleanup", Time since last: 12001258367 ns, Reaching safepoint: 8869 ns, Cleanup: 12784 ns, At safepoint: 16844 ns, Total: 38497 ns
[2025-10-15T19:38:28.228+0000][7][safepoint   ] Safepoint "Cleanup", Time since last: 3000211313 ns, Reaching safepoint: 13090 ns, Cleanup: 7789 ns, At safepoint: 5843 ns, Total: 26722 ns
[2025-10-15T19:38:29.228+0000][7][safepoint   ] Safepoint "Cleanup", Time since last: 1000102447 ns, Reaching safepoint: 16854 ns, Cleanup: 12667 ns, At safepoint: 8932 ns, Total: 38453 ns
[2025-10-15T19:38:33.229+0000][7][safepoint   ] Safepoint "Cleanup", Time since last: 4000304550 ns, Reaching safepoint: 31557 ns, Cleanup: 17638 ns, At safepoint: 12477 ns, Total: 61672 ns
[2025-10-15T19:39:00.231+0000][7][safepoint   ] Safepoint "Cleanup", Time since last: 27002563074 ns, Reaching safepoint: 15300 ns, Cleanup: 14663 ns, At safepoint: 7847 ns, Total: 37810 ns
[2025-10-15T19:39:07.263+0000][7][safepoint   ] Safepoint "Cleanup", Time since last: 7031608233 ns, Reaching safepoint: 15368 ns, Cleanup: 14610 ns, At safepoint: 7121 ns, Total: 37099 ns
[2025-10-15T19:39:27.265+0000][7][safepoint   ] Safepoint "Cleanup", Time since last: 20002428134 ns, Reaching safepoint: 25574 ns, Cleanup: 10695 ns, At safepoint: 6507 ns, Total: 42776 ns
[2025-10-15T19:39:31.266+0000][7][safepoint   ] Safepoint "Cleanup", Time since last: 4000343478 ns, Reaching safepoint: 13854 ns, Cleanup: 13057 ns, At safepoint: 7914 ns, Total: 34825 ns
[2025-10-15T19:39:35.266+0000][7][safepoint   ] Safepoint "Cleanup", Time since last: 4000280648 ns, Reaching safepoint: 22213 ns, Cleanup: 12683 ns, At safepoint: 4643 ns, Total: 39539 ns
[2025-10-15T19:40:19.284+0000][7][safepoint   ] Safepoint "Cleanup", Time since last: 44018242105 ns, Reaching safepoint: 28473 ns, Cleanup: 12133 ns, At safepoint: 5805 ns, Total: 46411 ns
[2025-10-15T19:40:20.284+0000][7][safepoint   ] Safepoint "Cleanup", Time since last: 1000122339 ns, Reaching safepoint: 8301 ns, Cleanup: 7199 ns, At safepoint: 5176 ns, Total: 20676 ns
[2025-10-15T19:40:27.285+0000][7][safepoint   ] Safepoint "Cleanup", Time since last: 7000616125 ns, Reaching safepoint: 13789 ns, Cleanup: 13022 ns, At safepoint: 7733 ns, Total: 34544 ns
[2025-10-15T19:40:47.294+0000][7][safepoint   ] Safepoint "Cleanup", Time since last: 20009159482 ns, Reaching safepoint: 25248 ns, Cleanup: 8887 ns, At safepoint: 6550 ns, Total: 40685 ns
[2025-10-15T19:40:49.296+0000][7][safepoint   ] Safepoint "Cleanup", Time since last: 2001643652 ns, Reaching safepoint: 10953 ns, Cleanup: 9110 ns, At safepoint: 6205 ns, Total: 26268 ns
[2025-10-15T19:40:50.296+0000][7][safepoint   ] Safepoint "Cleanup", Time since last: 1000098279 ns, Reaching safepoint: 10544 ns, Cleanup: 7760 ns, At safepoint: 4946 ns, Total: 23250 ns
[2025-10-15T19:41:00.297+0000][7][safepoint   ] Safepoint "Cleanup", Time since last: 10000693614 ns, Reaching safepoint: 20189 ns, Cleanup: 9437 ns, At safepoint: 5337 ns, Total: 34963 ns
[2025-10-15T19:41:13.304+0000][7][safepoint   ] Safepoint "Cleanup", Time since last: 13007395943 ns, Reaching safepoint: 12364 ns, Cleanup: 10500 ns, At safepoint: 6465 ns, Total: 29329 ns
[2025-10-15T19:41:14.306+0000][7][safepoint   ] Safepoint "Cleanup", Time since last: 1001441579 ns, Reaching safepoint: 8351 ns, Cleanup: 6946 ns, At safepoint: 16143 ns, Total: 31440 ns
[2025-10-15T19:41:16.306+0000][7][safepoint   ] Safepoint "Cleanup", Time since last: 2000146857 ns, Reaching safepoint: 27317 ns, Cleanup: 7321 ns, At safepoint: 5719 ns, Total: 40357 ns
[2025-10-15T19:41:19.306+0000][7][safepoint   ] Safepoint "Cleanup", Time since last: 3000220231 ns, Reaching safepoint: 11576 ns, Cleanup: 10135 ns, At safepoint: 6038 ns, Total: 27749 ns
[2025-10-15T19:41:53.308+0000][7][safepoint   ] Safepoint "Cleanup", Time since last: 34002164204 ns, Reaching safepoint: 19284 ns, Cleanup: 8840 ns, At safepoint: 4083 ns, Total: 32207 ns
[2025-10-15T19:42:36.321+0000][7][safepoint   ] Safepoint "Cleanup", Time since last: 43012984697 ns, Reaching safepoint: 22434 ns, Cleanup: 9056 ns, At safepoint: 6239 ns, Total: 37729 ns
[2025-10-15T19:42:42.323+0000][7][safepoint   ] Safepoint "Cleanup", Time since last: 6001752624 ns, Reaching safepoint: 12956 ns, Cleanup: 10215 ns, At safepoint: 7087 ns, Total: 30258 ns
[2025-10-15T19:42:50.324+0000][7][safepoint   ] Safepoint "Cleanup", Time since last: 8000641615 ns, Reaching safepoint: 43934 ns, Cleanup: 22313 ns, At safepoint: 10229 ns, Total: 76476 ns
[2025-10-15T19:42:56.324+0000][7][safepoint   ] Safepoint "Cleanup", Time since last: 6000462247 ns, Reaching safepoint: 41664 ns, Cleanup: 20372 ns, At safepoint: 14313 ns, Total: 76349 ns
[2025-10-15T19:43:04.325+0000][7][safepoint   ] Safepoint "Cleanup", Time since last: 8000555750 ns, Reaching safepoint: 11844 ns, Cleanup: 7379 ns, At safepoint: 4694 ns, Total: 23917 ns
[2025-10-15T19:43:08.325+0000][7][safepoint   ] Safepoint "Cleanup", Time since last: 4000335263 ns, Reaching safepoint: 11709 ns, Cleanup: 8278 ns, At safepoint: 6827 ns, Total: 26814 ns
[2025-10-15T19:43:23.326+0000][7][safepoint   ] Safepoint "Cleanup", Time since last: 15001020869 ns, Reaching safepoint: 26348 ns, Cleanup: 13159 ns, At safepoint: 6241 ns, Total: 45748 ns
[2025-10-15T19:43:24.327+0000][7][safepoint   ] Safepoint "Cleanup", Time since last: 1000264047 ns, Reaching safepoint: 12913 ns, Cleanup: 73317 ns, At safepoint: 10341 ns, Total: 96571 ns
[2025-10-15T19:43:25.327+0000][7][safepoint   ] Safepoint "Cleanup", Time since last: 1000337784 ns, Reaching safepoint: 26743 ns, Cleanup: 39616 ns, At safepoint: 11440 ns, Total: 77799 ns
[2025-10-15T19:43:27.327+0000][7][safepoint   ] Safepoint "Cleanup", Time since last: 2000201905 ns, Reaching safepoint: 25966 ns, Cleanup: 17978 ns, At safepoint: 7311 ns, Total: 51255 ns
[2025-10-15T19:43:28.327+0000][7][safepoint   ] Safepoint "Cleanup", Time since last: 1000071493 ns, Reaching safepoint: 9707 ns, Cleanup: 13244 ns, At safepoint: 5822 ns, Total: 28773 ns
[2025-10-15T19:43:37.328+0000][7][safepoint   ] Safepoint "Cleanup", Time since last: 9000609732 ns, Reaching safepoint: 8004 ns, Cleanup: 41082 ns, At safepoint: 4324 ns, Total: 53410 ns
[2025-10-15T19:43:39.328+0000][7][safepoint   ] Safepoint "Cleanup", Time since last: 2000202791 ns, Reaching safepoint: 26450 ns, Cleanup: 10576 ns, At safepoint: 4625 ns, Total: 41651 ns
[2025-10-15T19:43:48.329+0000][7][safepoint   ] Safepoint "Cleanup", Time since last: 9000558504 ns, Reaching safepoint: 37609 ns, Cleanup: 11592 ns, At safepoint: 9311 ns, Total: 58512 ns
[2025-10-15T19:43:49.331+0000][7][safepoint   ] Safepoint "Cleanup", Time since last: 1001499337 ns, Reaching safepoint: 8424 ns, Cleanup: 8199 ns, At safepoint: 4573 ns, Total: 21196 ns
[2025-10-15T19:43:51.331+0000][7][safepoint   ] Safepoint "Cleanup", Time since last: 2000161915 ns, Reaching safepoint: 8408 ns, Cleanup: 18861 ns, At safepoint: 5460 ns, Total: 32729 ns
[2025-10-15T19:43:52.331+0000][7][safepoint   ] Safepoint "Cleanup", Time since last: 1000092136 ns, Reaching safepoint: 8448 ns, Cleanup: 9695 ns, At safepoint: 4987 ns, Total: 23130 ns
[2025-10-15T19:43:53.331+0000][7][safepoint   ] Safepoint "Cleanup", Time since last: 1000092691 ns, Reaching safepoint: 11814 ns, Cleanup: 9157 ns, At safepoint: 6102 ns, Total: 27073 ns
[2025-10-15T19:44:06.352+0000][7][safepoint   ] Safepoint "Cleanup", Time since last: 13021466729 ns, Reaching safepoint: 27342 ns, Cleanup: 17791 ns, At safepoint: 7736 ns, Total: 52869 ns
[2025-10-15T19:44:07.353+0000][7][safepoint   ] Safepoint "Cleanup", Time since last: 1000095735 ns, Reaching safepoint: 11407 ns, Cleanup: 12694 ns, At safepoint: 4041 ns, Total: 28142 ns
[2025-10-15T19:44:12.353+0000][7][safepoint   ] Safepoint "Cleanup", Time since last: 5000336356 ns, Reaching safepoint: 9034 ns, Cleanup: 8774 ns, At safepoint: 5054 ns, Total: 22862 ns
[2025-10-15T19:45:19.382+0000][7][safepoint   ] Safepoint "Cleanup", Time since last: 67028440983 ns, Reaching safepoint: 99503 ns, Cleanup: 10356 ns, At safepoint: 7330 ns, Total: 117189 ns
[2025-10-15T19:45:38.385+0000][7][safepoint   ] Safepoint "Cleanup", Time since last: 19003163501 ns, Reaching safepoint: 33193 ns, Cleanup: 13013 ns, At safepoint: 9086 ns, Total: 55292 ns
[2025-10-15T19:45:42.387+0000][7][safepoint   ] Safepoint "Cleanup", Time since last: 4002522468 ns, Reaching safepoint: 7937 ns, Cleanup: 8531 ns, At safepoint: 4919 ns, Total: 21387 ns
[2025-10-15T19:46:15.390+0000][7][safepoint   ] Safepoint "Cleanup", Time since last: 33002328154 ns, Reaching safepoint: 9279 ns, Cleanup: 11501 ns, At safepoint: 4619 ns, Total: 25399 ns
[2025-10-15T19:46:47.392+0000][7][safepoint   ] Safepoint "Cleanup", Time since last: 32002292340 ns, Reaching safepoint: 21375 ns, Cleanup: 7805 ns, At safepoint: 4464 ns, Total: 33644 ns
[2025-10-15T19:46:56.395+0000][7][safepoint   ] Safepoint "Cleanup", Time since last: 9002752478 ns, Reaching safepoint: 15466 ns, Cleanup: 12060 ns, At safepoint: 8047 ns, Total: 35573 ns
[2025-10-15T19:47:32.415+0000][7][safepoint   ] Safepoint "Cleanup", Time since last: 36019810014 ns, Reaching safepoint: 22838 ns, Cleanup: 9032 ns, At safepoint: 5515 ns, Total: 37385 ns
[2025-10-15T19:47:51.417+0000][7][safepoint   ] Safepoint "Cleanup", Time since last: 19002677656 ns, Reaching safepoint: 32932 ns, Cleanup: 13066 ns, At safepoint: 5929 ns, Total: 51927 ns
[2025-10-15T19:48:19.421+0000][7][safepoint   ] Safepoint "Cleanup", Time since last: 28003904394 ns, Reaching safepoint: 44316 ns, Cleanup: 23225 ns, At safepoint: 12319 ns, Total: 79860 ns
[2025-10-15T19:48:21.422+0000][7][safepoint   ] Safepoint "Cleanup", Time since last: 2001035733 ns, Reaching safepoint: 9147 ns, Cleanup: 10880 ns, At safepoint: 4184 ns, Total: 24211 ns
[2025-10-15T19:48:58.426+0000][7][safepoint   ] Safepoint "Cleanup", Time since last: 37002810677 ns, Reaching safepoint: 42090 ns, Cleanup: 46459 ns, At safepoint: 16807 ns, Total: 105356 ns
[2025-10-15T19:49:25.455+0000][7][safepoint   ] Safepoint "Cleanup", Time since last: 27029493222 ns, Reaching safepoint: 49409 ns, Cleanup: 10518 ns, At safepoint: 5397 ns, Total: 65324 ns
[2025-10-15T19:49:33.455+0000][7][safepoint   ] Safepoint "Cleanup", Time since last: 8000549980 ns, Reaching safepoint: 21233 ns, Cleanup: 7723 ns, At safepoint: 4290 ns, Total: 33246 ns
[2025-10-15T19:50:00.459+0000][7][safepoint   ] Safepoint "Cleanup", Time since last: 27003238690 ns, Reaching safepoint: 31906 ns, Cleanup: 17505 ns, At safepoint: 7496 ns, Total: 56907 ns
[2025-10-15T19:50:14.461+0000][7][safepoint   ] Safepoint "Cleanup", Time since last: 14002190863 ns, Reaching safepoint: 18347 ns, Cleanup: 11877 ns, At safepoint: 4509 ns, Total: 34733 ns
[2025-10-15T19:50:15.461+0000][7][safepoint   ] Safepoint "Cleanup", Time since last: 1000084547 ns, Reaching safepoint: 7778 ns, Cleanup: 6600 ns, At safepoint: 3945 ns, Total: 18323 ns
[2025-10-15T19:50:18.461+0000][7][safepoint   ] Safepoint "Cleanup", Time since last: 3000375716 ns, Reaching safepoint: 13368 ns, Cleanup: 7107 ns, At safepoint: 5257 ns, Total: 25732 ns
[2025-10-15T19:50:48.464+0000][7][safepoint   ] Safepoint "Cleanup", Time since last: 30002152520 ns, Reaching safepoint: 24811 ns, Cleanup: 8837 ns, At safepoint: 7546 ns, Total: 41194 ns
[2025-10-15T19:51:01.466+0000][7][safepoint   ] Safepoint "Cleanup", Time since last: 13002307633 ns, Reaching safepoint: 22508 ns, Cleanup: 21925 ns, At safepoint: 15480 ns, Total: 59913 ns
[2025-10-15T19:51:03.466+0000][7][safepoint   ] Safepoint "Cleanup", Time since last: 2000304565 ns, Reaching safepoint: 20393 ns, Cleanup: 8166 ns, At safepoint: 6365 ns, Total: 34924 ns
[2025-10-15T19:51:18.486+0000][7][safepoint   ] Safepoint "Cleanup", Time since last: 15019868419 ns, Reaching safepoint: 21513 ns, Cleanup: 8119 ns, At safepoint: 4775 ns, Total: 34407 ns
[2025-10-15T19:51:20.486+0000][7][safepoint   ] Safepoint "Cleanup", Time since last: 2000198860 ns, Reaching safepoint: 9248 ns, Cleanup: 9115 ns, At safepoint: 4678 ns, Total: 23041 ns
[2025-10-15T19:51:30.487+0000][7][safepoint   ] Safepoint "Cleanup", Time since last: 10000726676 ns, Reaching safepoint: 78979 ns, Cleanup: 7795 ns, At safepoint: 8479 ns, Total: 95253 ns
[2025-10-15T19:52:19.491+0000][7][safepoint   ] Safepoint "Cleanup", Time since last: 49003204633 ns, Reaching safepoint: 22659 ns, Cleanup: 9162 ns, At safepoint: 6190 ns, Total: 38011 ns
[2025-10-15T19:52:41.494+0000][7][safepoint   ] Safepoint "Cleanup", Time since last: 22003168724 ns, Reaching safepoint: 18853 ns, Cleanup: 8124 ns, At safepoint: 5113 ns, Total: 32090 ns
[2025-10-15T19:52:43.495+0000][7][safepoint   ] Safepoint "Cleanup", Time since last: 2001489811 ns, Reaching safepoint: 18747 ns, Cleanup: 17663 ns, At safepoint: 15458 ns, Total: 51868 ns
[2025-10-15T19:53:16.499+0000][7][safepoint   ] Safepoint "Cleanup", Time since last: 33004099605 ns, Reaching safepoint: 27746 ns, Cleanup: 10762 ns, At safepoint: 7144 ns, Total: 45652 ns
[2025-10-15T19:53:45.504+0000][7][safepoint   ] Safepoint "Cleanup", Time since last: 29004604398 ns, Reaching safepoint: 27433 ns, Cleanup: 16296 ns, At safepoint: 7127 ns, Total: 50856 ns
[2025-10-15T19:53:51.506+0000][7][safepoint   ] Safepoint "Cleanup", Time since last: 6001396230 ns, Reaching safepoint: 36665 ns, Cleanup: 26315 ns, At safepoint: 12768 ns, Total: 75748 ns
[2025-10-15T19:54:49.553+0000][7][safepoint   ] Safepoint "Cleanup", Time since last: 58046926265 ns, Reaching safepoint: 28426 ns, Cleanup: 25099 ns, At safepoint: 7554 ns, Total: 61079 ns
[2025-10-15T19:55:12.574+0000][7][safepoint   ] Safepoint "Cleanup", Time since last: 23021556870 ns, Reaching safepoint: 29473 ns, Cleanup: 11563 ns, At safepoint: 6791 ns, Total: 47827 ns
[2025-10-15T19:55:18.575+0000][7][safepoint   ] Safepoint "Cleanup", Time since last: 6000753529 ns, Reaching safepoint: 19416 ns, Cleanup: 17944 ns, At safepoint: 13967 ns, Total: 51327 ns
[2025-10-15T19:55:23.575+0000][7][safepoint   ] Safepoint "Cleanup", Time since last: 5000387473 ns, Reaching safepoint: 9600 ns, Cleanup: 7458 ns, At safepoint: 4820 ns, Total: 21878 ns
[2025-10-15T19:56:18.593+0000][7][safepoint   ] Safepoint "Cleanup", Time since last: 55017569487 ns, Reaching safepoint: 23016 ns, Cleanup: 9944 ns, At safepoint: 5209 ns, Total: 38169 ns
[2025-10-15T19:57:48.602+0000][7][safepoint   ] Safepoint "Cleanup", Time since last: 90008225495 ns, Reaching safepoint: 202028 ns, Cleanup: 203454 ns, At safepoint: 13453 ns, Total: 418935 ns
[2025-10-15T19:57:51.603+0000][7][safepoint   ] Safepoint "Cleanup", Time since last: 3001053296 ns, Reaching safepoint: 9084 ns, Cleanup: 8833 ns, At safepoint: 5842 ns, Total: 23759 ns
[2025-10-15T19:58:04.604+0000][7][safepoint   ] Safepoint "Cleanup", Time since last: 13000950144 ns, Reaching safepoint: 16800 ns, Cleanup: 610789 ns, At safepoint: 18797 ns, Total: 646386 ns
[2025-10-15T19:58:04.711+0000][7][gc,heap,exit] Heap
[2025-10-15T19:58:04.711+0000][7][gc,heap,exit]  garbage-first heap   total reserved 3145728K, committed 3145728K, used 1098716K [0x0000000740000000, 0x0000000800000000)
[2025-10-15T19:58:04.711+0000][7][gc,heap,exit]   region size 4096K, 266 young (1089536K), 20 survivors (81920K)
[2025-10-15T19:58:04.711+0000][7][gc,heap,exit]  Metaspace       used 110530K, committed 113408K, reserved 1179648K
[2025-10-15T19:58:04.711+0000][7][gc,heap,exit]   class space    used 15522K, committed 16832K, reserved 1048576K
