[2025-10-16T05:37:40.999+0000][7][gc,init] CardTable entry size: 512
[2025-10-16T05:37:40.999+0000][7][gc     ] Using G1
[2025-10-16T05:37:41.253+0000][7][gc,init] Version: 22.0.2+9-70 (release)
[2025-10-16T05:37:41.253+0000][7][gc,init] CPUs: 8 total, 8 available
[2025-10-16T05:37:41.253+0000][7][gc,init] Memory: 15822M
[2025-10-16T05:37:41.253+0000][7][gc,init] Large Page Support: Disabled
[2025-10-16T05:37:41.253+0000][7][gc,init] NUMA Support: Disabled
[2025-10-16T05:37:41.253+0000][7][gc,init] Compressed Oops: Enabled (Zero based)
[2025-10-16T05:37:41.253+0000][7][gc,init] Heap Region Size: 4M
[2025-10-16T05:37:41.253+0000][7][gc,init] Heap Min Capacity: 3G
[2025-10-16T05:37:41.253+0000][7][gc,init] Heap Initial Capacity: 3G
[2025-10-16T05:37:41.253+0000][7][gc,init] Heap Max Capacity: 3G
[2025-10-16T05:37:41.253+0000][7][gc,init] Pre-touch: Enabled
[2025-10-16T05:37:41.253+0000][7][gc,init] Parallel Workers: 8
[2025-10-16T05:37:41.253+0000][7][gc,init] Concurrent Workers: 2
[2025-10-16T05:37:41.253+0000][7][gc,init] Concurrent Refinement Workers: 8
[2025-10-16T05:37:41.253+0000][7][gc,init] Periodic GC: Disabled
[2025-10-16T05:37:41.263+0000][7][gc,metaspace] CDS archive(s) mapped at: [0x00007fbafa000000-0x00007fbafac78000-0x00007fbafac78000), size 13074432, SharedBaseAddress: 0x00007fbafa000000, ArchiveRelocationMode: 1.
[2025-10-16T05:37:41.263+0000][7][gc,metaspace] Compressed class space mapped at: 0x00007fbafb000000-0x00007fbb3b000000, reserved size: 1073741824
[2025-10-16T05:37:41.263+0000][7][gc,metaspace] Narrow klass base: 0x00007fbafa000000, Narrow klass shift: 0, Narrow klass range: 0x100000000
[2025-10-16T05:37:42.245+0000][7][safepoint   ] Safepoint "ICBufferFull", Time since last: 973000167 ns, Reaching safepoint: 4701 ns, Cleanup: 87684 ns, At safepoint: 6022 ns, Total: 98407 ns
[2025-10-16T05:37:43.286+0000][7][safepoint   ] Safepoint "Cleanup", Time since last: 1040924897 ns, Reaching safepoint: 2142 ns, Cleanup: 76990 ns, At safepoint: 2977 ns, Total: 82109 ns
[2025-10-16T05:37:44.464+0000][7][safepoint   ] Safepoint "Cleanup", Time since last: 1177999268 ns, Reaching safepoint: 2358 ns, Cleanup: 73344 ns, At safepoint: 4027 ns, Total: 79729 ns
[2025-10-16T05:37:45.467+0000][7][safepoint   ] Safepoint "Cleanup", Time since last: 1002813271 ns, Reaching safepoint: 456354 ns, Cleanup: 49754 ns, At safepoint: 12009 ns, Total: 518117 ns
[2025-10-16T05:37:46.467+0000][7][safepoint   ] Safepoint "Cleanup", Time since last: 1000095754 ns, Reaching safepoint: 258396 ns, Cleanup: 39418 ns, At safepoint: 12348 ns, Total: 310162 ns
[2025-10-16T05:37:46.497+0000][7][gc,start    ] GC(0) Pause Young (Normal) (G1 Evacuation Pause)
[2025-10-16T05:37:46.497+0000][7][gc,task     ] GC(0) Using 8 workers of 8 for evacuation
[2025-10-16T05:37:46.497+0000][7][gc,age      ] GC(0) Desired survivor size 10485760 bytes, new threshold 15 (max threshold 15)
[2025-10-16T05:37:46.574+0000][7][gc,phases   ] GC(0)   Pre Evacuate Collection Set: 0.25ms
[2025-10-16T05:37:46.574+0000][7][gc,phases   ] GC(0)   Merge Heap Roots: 0.35ms
[2025-10-16T05:37:46.574+0000][7][gc,phases   ] GC(0)   Evacuate Collection Set: 73.63ms
[2025-10-16T05:37:46.574+0000][7][gc,phases   ] GC(0)   Post Evacuate Collection Set: 2.47ms
[2025-10-16T05:37:46.574+0000][7][gc,phases   ] GC(0)   Other: 0.08ms
[2025-10-16T05:37:46.574+0000][7][gc,age      ] GC(0) Age table with threshold 15 (max threshold 15)
[2025-10-16T05:37:46.574+0000][7][gc,age      ] GC(0) - age   1:    8779624 bytes,    8779624 total
[2025-10-16T05:37:46.574+0000][7][gc,heap     ] GC(0) Eden regions: 38->0(35)
[2025-10-16T05:37:46.574+0000][7][gc,heap     ] GC(0) Survivor regions: 0->3(5)
[2025-10-16T05:37:46.574+0000][7][gc,heap     ] GC(0) Old regions: 1->1
[2025-10-16T05:37:46.574+0000][7][gc,heap     ] GC(0) Humongous regions: 0->0
[2025-10-16T05:37:46.574+0000][7][gc,metaspace] GC(0) Metaspace: 16622K(16960K)->16622K(16960K) NonClass: 14676K(14848K)->14676K(14848K) Class: 1946K(2112K)->1946K(2112K)
[2025-10-16T05:37:46.574+0000][7][gc          ] GC(0) Pause Young (Normal) (G1 Evacuation Pause) 153M->9M(3072M) 76.953ms
[2025-10-16T05:37:46.574+0000][7][gc,cpu      ] GC(0) User=0.08s Sys=0.00s Real=0.07s
[2025-10-16T05:37:46.574+0000][7][safepoint   ] Safepoint "G1CollectForAllocation", Time since last: 29772358 ns, Reaching safepoint: 3659 ns, Cleanup: 10282 ns, At safepoint: 77021014 ns, Total: 77034955 ns
[2025-10-16T05:37:47.659+0000][7][gc,start    ] GC(1) Pause Young (Normal) (G1 Evacuation Pause)
[2025-10-16T05:37:47.659+0000][7][gc,task     ] GC(1) Using 8 workers of 8 for evacuation
[2025-10-16T05:37:47.659+0000][7][gc,age      ] GC(1) Desired survivor size 10485760 bytes, new threshold 15 (max threshold 15)
[2025-10-16T05:37:47.675+0000][7][gc,phases   ] GC(1)   Pre Evacuate Collection Set: 0.33ms
[2025-10-16T05:37:47.675+0000][7][gc,phases   ] GC(1)   Merge Heap Roots: 0.07ms
[2025-10-16T05:37:47.675+0000][7][gc,phases   ] GC(1)   Evacuate Collection Set: 13.73ms
[2025-10-16T05:37:47.675+0000][7][gc,phases   ] GC(1)   Post Evacuate Collection Set: 1.13ms
[2025-10-16T05:37:47.675+0000][7][gc,phases   ] GC(1)   Other: 0.07ms
[2025-10-16T05:37:47.675+0000][7][gc,age      ] GC(1) Age table with threshold 15 (max threshold 15)
[2025-10-16T05:37:47.675+0000][7][gc,age      ] GC(1) - age   1:    4669088 bytes,    4669088 total
[2025-10-16T05:37:47.675+0000][7][gc,age      ] GC(1) - age   2:    8088488 bytes,   12757576 total
[2025-10-16T05:37:47.675+0000][7][gc,heap     ] GC(1) Eden regions: 35->0(39)
[2025-10-16T05:37:47.675+0000][7][gc,heap     ] GC(1) Survivor regions: 3->4(5)
[2025-10-16T05:37:47.675+0000][7][gc,heap     ] GC(1) Old regions: 1->1
[2025-10-16T05:37:47.675+0000][7][gc,heap     ] GC(1) Humongous regions: 0->0
[2025-10-16T05:37:47.675+0000][7][gc,metaspace] GC(1) Metaspace: 18517K(18944K)->18517K(18944K) NonClass: 16305K(16512K)->16305K(16512K) Class: 2212K(2432K)->2212K(2432K)
[2025-10-16T05:37:47.675+0000][7][gc          ] GC(1) Pause Young (Normal) (G1 Evacuation Pause) 149M->14M(3072M) 15.482ms
[2025-10-16T05:37:47.675+0000][7][gc,cpu      ] GC(1) User=0.03s Sys=0.00s Real=0.02s
[2025-10-16T05:37:47.675+0000][7][safepoint   ] Safepoint "G1CollectForAllocation", Time since last: 1085023025 ns, Reaching safepoint: 4422 ns, Cleanup: 71159 ns, At safepoint: 16136915 ns, Total: 16212496 ns
[2025-10-16T05:37:48.260+0000][7][gc,start    ] GC(2) Pause Young (Normal) (G1 Evacuation Pause)
[2025-10-16T05:37:48.260+0000][7][gc,task     ] GC(2) Using 8 workers of 8 for evacuation
[2025-10-16T05:37:48.260+0000][7][gc,age      ] GC(2) Desired survivor size 12582912 bytes, new threshold 2 (max threshold 15)
[2025-10-16T05:37:48.287+0000][7][gc,phases   ] GC(2)   Pre Evacuate Collection Set: 2.07ms
[2025-10-16T05:37:48.287+0000][7][gc,phases   ] GC(2)   Merge Heap Roots: 0.06ms
[2025-10-16T05:37:48.287+0000][7][gc,phases   ] GC(2)   Evacuate Collection Set: 23.48ms
[2025-10-16T05:37:48.287+0000][7][gc,phases   ] GC(2)   Post Evacuate Collection Set: 0.53ms
[2025-10-16T05:37:48.287+0000][7][gc,phases   ] GC(2)   Other: 0.47ms
[2025-10-16T05:37:48.287+0000][7][gc,age      ] GC(2) Age table with threshold 2 (max threshold 15)
[2025-10-16T05:37:48.287+0000][7][gc,age      ] GC(2) - age   1:    1929624 bytes,    1929624 total
[2025-10-16T05:37:48.287+0000][7][gc,age      ] GC(2) - age   2:    3008352 bytes,    4937976 total
[2025-10-16T05:37:48.287+0000][7][gc,heap     ] GC(2) Eden regions: 39->0(458)
[2025-10-16T05:37:48.287+0000][7][gc,heap     ] GC(2) Survivor regions: 4->2(6)
[2025-10-16T05:37:48.287+0000][7][gc,heap     ] GC(2) Old regions: 1->4
[2025-10-16T05:37:48.287+0000][7][gc,heap     ] GC(2) Humongous regions: 0->0
[2025-10-16T05:37:48.287+0000][7][gc,metaspace] GC(2) Metaspace: 18993K(19392K)->18993K(19392K) NonClass: 16692K(16896K)->16692K(16896K) Class: 2300K(2496K)->2300K(2496K)
[2025-10-16T05:37:48.287+0000][7][gc          ] GC(2) Pause Young (Normal) (G1 Evacuation Pause) 170M->15M(3072M) 26.748ms
[2025-10-16T05:37:48.287+0000][7][gc,cpu      ] GC(2) User=0.03s Sys=0.00s Real=0.03s
[2025-10-16T05:37:48.287+0000][7][safepoint   ] Safepoint "G1CollectForAllocation", Time since last: 584888053 ns, Reaching safepoint: 4918 ns, Cleanup: 39502 ns, At safepoint: 26803170 ns, Total: 26847590 ns
[2025-10-16T05:37:49.287+0000][7][safepoint   ] Safepoint "Cleanup", Time since last: 1000093074 ns, Reaching safepoint: 72029 ns, Cleanup: 50654 ns, At safepoint: 9432 ns, Total: 132115 ns
[2025-10-16T05:37:49.906+0000][7][gc,start    ] GC(3) Pause Young (Concurrent Start) (Metadata GC Threshold)
[2025-10-16T05:37:49.906+0000][7][gc,task     ] GC(3) Using 8 workers of 8 for evacuation
[2025-10-16T05:37:49.906+0000][7][gc,age      ] GC(3) Desired survivor size 121634816 bytes, new threshold 15 (max threshold 15)
[2025-10-16T05:37:49.918+0000][7][gc,phases   ] GC(3)   Pre Evacuate Collection Set: 1.31ms
[2025-10-16T05:37:49.918+0000][7][gc,phases   ] GC(3)   Merge Heap Roots: 0.11ms
[2025-10-16T05:37:49.918+0000][7][gc,phases   ] GC(3)   Evacuate Collection Set: 9.28ms
[2025-10-16T05:37:49.918+0000][7][gc,phases   ] GC(3)   Post Evacuate Collection Set: 0.65ms
[2025-10-16T05:37:49.918+0000][7][gc,phases   ] GC(3)   Other: 0.15ms
[2025-10-16T05:37:49.918+0000][7][gc,age      ] GC(3) Age table with threshold 15 (max threshold 15)
[2025-10-16T05:37:49.918+0000][7][gc,age      ] GC(3) - age   1:    5382584 bytes,    5382584 total
[2025-10-16T05:37:49.918+0000][7][gc,age      ] GC(3) - age   2:     933536 bytes,    6316120 total
[2025-10-16T05:37:49.918+0000][7][gc,age      ] GC(3) - age   3:    3006320 bytes,    9322440 total
[2025-10-16T05:37:49.918+0000][7][gc,heap     ] GC(3) Eden regions: 176->0(457)
[2025-10-16T05:37:49.918+0000][7][gc,heap     ] GC(3) Survivor regions: 2->3(58)
[2025-10-16T05:37:49.918+0000][7][gc,heap     ] GC(3) Old regions: 4->4
[2025-10-16T05:37:49.918+0000][7][gc,heap     ] GC(3) Humongous regions: 0->0
[2025-10-16T05:37:49.918+0000][7][gc,metaspace] GC(3) Metaspace: 21012K(21504K)->21012K(21504K) NonClass: 18444K(18752K)->18444K(18752K) Class: 2567K(2752K)->2567K(2752K)
[2025-10-16T05:37:49.918+0000][7][gc          ] GC(3) Pause Young (Concurrent Start) (Metadata GC Threshold) 719M->19M(3072M) 11.656ms
[2025-10-16T05:37:49.918+0000][7][gc          ] GC(4) Concurrent Mark Cycle
[2025-10-16T05:37:49.918+0000][7][gc,marking  ] GC(4) Concurrent Scan Root Regions
[2025-10-16T05:37:49.918+0000][7][gc,cpu      ] GC(3) User=0.01s Sys=0.01s Real=0.01s
[2025-10-16T05:37:49.918+0000][7][safepoint   ] Safepoint "CollectForMetadataAllocation", Time since last: 618930935 ns, Reaching safepoint: 3585 ns, Cleanup: 37370 ns, At safepoint: 12131080 ns, Total: 12172035 ns
[2025-10-16T05:37:49.921+0000][7][gc,marking  ] GC(4) Concurrent Scan Root Regions 2.670ms
[2025-10-16T05:37:49.921+0000][7][gc,marking  ] GC(4) Concurrent Mark
[2025-10-16T05:37:49.921+0000][7][gc,marking  ] GC(4) Concurrent Mark From Roots
[2025-10-16T05:37:49.921+0000][7][gc,task     ] GC(4) Using 2 workers of 2 for marking
[2025-10-16T05:37:49.929+0000][7][gc,marking  ] GC(4) Concurrent Mark From Roots 7.831ms
[2025-10-16T05:37:49.929+0000][7][gc,marking  ] GC(4) Concurrent Preclean
[2025-10-16T05:37:49.929+0000][7][gc,marking  ] GC(4) Concurrent Preclean 0.039ms
[2025-10-16T05:37:49.929+0000][7][gc,start    ] GC(4) Pause Remark
[2025-10-16T05:37:49.934+0000][7][gc          ] GC(4) Pause Remark 23M->23M(3072M) 5.432ms
[2025-10-16T05:37:49.934+0000][7][gc,cpu      ] GC(4) User=0.01s Sys=0.00s Real=0.00s
[2025-10-16T05:37:49.934+0000][7][safepoint   ] Safepoint "G1PauseRemark", Time since last: 10216875 ns, Reaching safepoint: 3631 ns, Cleanup: 6761 ns, At safepoint: 5488783 ns, Total: 5499175 ns
[2025-10-16T05:37:49.934+0000][7][gc,marking  ] GC(4) Concurrent Mark 13.449ms
[2025-10-16T05:37:49.934+0000][7][gc,marking  ] GC(4) Concurrent Rebuild Remembered Sets and Scrub Regions
[2025-10-16T05:37:49.939+0000][7][gc,marking  ] GC(4) Concurrent Rebuild Remembered Sets and Scrub Regions 4.418ms
[2025-10-16T05:37:49.939+0000][7][gc,start    ] GC(4) Pause Cleanup
[2025-10-16T05:37:49.939+0000][7][gc          ] GC(4) Pause Cleanup 23M->23M(3072M) 0.178ms
[2025-10-16T05:37:49.939+0000][7][gc,cpu      ] GC(4) User=0.01s Sys=0.00s Real=0.00s
[2025-10-16T05:37:49.939+0000][7][safepoint   ] Safepoint "G1PauseCleanup", Time since last: 4486517 ns, Reaching safepoint: 70330 ns, Cleanup: 2315 ns, At safepoint: 208432 ns, Total: 281077 ns
[2025-10-16T05:37:49.939+0000][7][gc,marking  ] GC(4) Concurrent Clear Claimed Marks
[2025-10-16T05:37:49.939+0000][7][gc,marking  ] GC(4) Concurrent Clear Claimed Marks 0.029ms
[2025-10-16T05:37:49.939+0000][7][gc,marking  ] GC(4) Concurrent Cleanup for Next Mark
[2025-10-16T05:37:49.942+0000][7][gc,marking  ] GC(4) Concurrent Cleanup for Next Mark 3.221ms
[2025-10-16T05:37:49.942+0000][7][gc          ] GC(4) Concurrent Mark Cycle 24.225ms
[2025-10-16T05:37:50.958+0000][7][safepoint   ] Safepoint "ICBufferFull", Time since last: 1018487651 ns, Reaching safepoint: 4193 ns, Cleanup: 96465 ns, At safepoint: 5809 ns, Total: 106467 ns
[2025-10-16T05:37:51.833+0000][7][safepoint   ] Safepoint "ICBufferFull", Time since last: 875317515 ns, Reaching safepoint: 3915 ns, Cleanup: 85318 ns, At safepoint: 7470 ns, Total: 96703 ns
[2025-10-16T05:37:52.833+0000][7][safepoint   ] Safepoint "Cleanup", Time since last: 1000099825 ns, Reaching safepoint: 118740 ns, Cleanup: 43309 ns, At safepoint: 12486 ns, Total: 174535 ns
[2025-10-16T05:37:53.540+0000][7][gc,start    ] GC(5) Pause Young (Prepare Mixed) (Metadata GC Threshold)
[2025-10-16T05:37:53.540+0000][7][gc,task     ] GC(5) Using 8 workers of 8 for evacuation
[2025-10-16T05:37:53.540+0000][7][gc,age      ] GC(5) Desired survivor size 121634816 bytes, new threshold 15 (max threshold 15)
[2025-10-16T05:37:53.562+0000][7][gc,phases   ] GC(5)   Pre Evacuate Collection Set: 0.14ms
[2025-10-16T05:37:53.562+0000][7][gc,phases   ] GC(5)   Merge Heap Roots: 0.07ms
[2025-10-16T05:37:53.562+0000][7][gc,phases   ] GC(5)   Evacuate Collection Set: 19.94ms
[2025-10-16T05:37:53.562+0000][7][gc,phases   ] GC(5)   Post Evacuate Collection Set: 1.38ms
[2025-10-16T05:37:53.562+0000][7][gc,phases   ] GC(5)   Other: 0.06ms
[2025-10-16T05:37:53.562+0000][7][gc,age      ] GC(5) Age table with threshold 15 (max threshold 15)
[2025-10-16T05:37:53.562+0000][7][gc,age      ] GC(5) - age   1:   28665288 bytes,   28665288 total
[2025-10-16T05:37:53.562+0000][7][gc,age      ] GC(5) - age   2:    5346312 bytes,   34011600 total
[2025-10-16T05:37:53.562+0000][7][gc,age      ] GC(5) - age   3:     928288 bytes,   34939888 total
[2025-10-16T05:37:53.562+0000][7][gc,age      ] GC(5) - age   4:    2971376 bytes,   37911264 total
[2025-10-16T05:37:53.562+0000][7][gc,heap     ] GC(5) Eden regions: 192->0(230)
[2025-10-16T05:37:53.562+0000][7][gc,heap     ] GC(5) Survivor regions: 3->10(58)
[2025-10-16T05:37:53.562+0000][7][gc,heap     ] GC(5) Old regions: 4->4
[2025-10-16T05:37:53.562+0000][7][gc,heap     ] GC(5) Humongous regions: 0->0
[2025-10-16T05:37:53.562+0000][7][gc,metaspace] GC(5) Metaspace: 35132K(36096K)->35132K(36096K) NonClass: 30482K(31040K)->30482K(31040K) Class: 4650K(5056K)->4650K(5056K)
[2025-10-16T05:37:53.562+0000][7][gc          ] GC(5) Pause Young (Prepare Mixed) (Metadata GC Threshold) 787M->47M(3072M) 21.695ms
[2025-10-16T05:37:53.562+0000][7][gc,cpu      ] GC(5) User=0.09s Sys=0.00s Real=0.02s
[2025-10-16T05:37:53.562+0000][7][safepoint   ] Safepoint "CollectForMetadataAllocation", Time since last: 707032590 ns, Reaching safepoint: 3153 ns, Cleanup: 37867 ns, At safepoint: 21755702 ns, Total: 21796722 ns
[2025-10-16T05:37:53.575+0000][7][gc,start    ] GC(6) Pause Young (Mixed) (Metadata GC Threshold)
[2025-10-16T05:37:53.576+0000][7][gc,task     ] GC(6) Using 8 workers of 8 for evacuation
[2025-10-16T05:37:53.576+0000][7][gc,age      ] GC(6) Desired survivor size 62914560 bytes, new threshold 15 (max threshold 15)
[2025-10-16T05:37:53.597+0000][7][gc,phases   ] GC(6)   Pre Evacuate Collection Set: 0.20ms
[2025-10-16T05:37:53.597+0000][7][gc,phases   ] GC(6)   Merge Heap Roots: 0.07ms
[2025-10-16T05:37:53.597+0000][7][gc,phases   ] GC(6)   Evacuate Collection Set: 20.24ms
[2025-10-16T05:37:53.597+0000][7][gc,phases   ] GC(6)   Post Evacuate Collection Set: 0.94ms
[2025-10-16T05:37:53.597+0000][7][gc,phases   ] GC(6)   Other: 0.05ms
[2025-10-16T05:37:53.597+0000][7][gc,age      ] GC(6) Age table with threshold 15 (max threshold 15)
[2025-10-16T05:37:53.597+0000][7][gc,age      ] GC(6) - age   1:      36112 bytes,      36112 total
[2025-10-16T05:37:53.597+0000][7][gc,age      ] GC(6) - age   2:   28507480 bytes,   28543592 total
[2025-10-16T05:37:53.597+0000][7][gc,age      ] GC(6) - age   3:    5341384 bytes,   33884976 total
[2025-10-16T05:37:53.597+0000][7][gc,age      ] GC(6) - age   4:     928160 bytes,   34813136 total
[2025-10-16T05:37:53.597+0000][7][gc,age      ] GC(6) - age   5:    2971312 bytes,   37784448 total
[2025-10-16T05:37:53.597+0000][7][gc,heap     ] GC(6) Eden regions: 1->0(49)
[2025-10-16T05:37:53.597+0000][7][gc,heap     ] GC(6) Survivor regions: 10->10(30)
[2025-10-16T05:37:53.597+0000][7][gc,heap     ] GC(6) Old regions: 4->3
[2025-10-16T05:37:53.597+0000][7][gc,heap     ] GC(6) Humongous regions: 0->0
[2025-10-16T05:37:53.597+0000][7][gc,metaspace] GC(6) Metaspace: 35482K(36416K)->35482K(36416K) NonClass: 30800K(31360K)->30800K(31360K) Class: 4681K(5056K)->4681K(5056K)
[2025-10-16T05:37:53.597+0000][7][gc          ] GC(6) Pause Young (Mixed) (Metadata GC Threshold) 51M->48M(3072M) 21.620ms
[2025-10-16T05:37:53.597+0000][7][gc,cpu      ] GC(6) User=0.08s Sys=0.00s Real=0.02s
[2025-10-16T05:37:53.597+0000][7][safepoint   ] Safepoint "CollectForMetadataAllocation", Time since last: 13326799 ns, Reaching safepoint: 44607 ns, Cleanup: 9983 ns, At safepoint: 21674777 ns, Total: 21729367 ns
[2025-10-16T05:37:53.619+0000][7][gc,start    ] GC(7) Pause Young (Concurrent Start) (Metadata GC Threshold)
[2025-10-16T05:37:53.619+0000][7][gc,task     ] GC(7) Using 8 workers of 8 for evacuation
[2025-10-16T05:37:53.619+0000][7][gc,age      ] GC(7) Desired survivor size 16777216 bytes, new threshold 2 (max threshold 15)
[2025-10-16T05:37:53.634+0000][7][gc,phases   ] GC(7)   Pre Evacuate Collection Set: 0.20ms
[2025-10-16T05:37:53.635+0000][7][gc,phases   ] GC(7)   Merge Heap Roots: 0.03ms
[2025-10-16T05:37:53.635+0000][7][gc,phases   ] GC(7)   Evacuate Collection Set: 15.12ms
[2025-10-16T05:37:53.635+0000][7][gc,phases   ] GC(7)   Post Evacuate Collection Set: 0.39ms
[2025-10-16T05:37:53.635+0000][7][gc,phases   ] GC(7)   Other: 0.05ms
[2025-10-16T05:37:53.635+0000][7][gc,age      ] GC(7) Age table with threshold 2 (max threshold 15)
[2025-10-16T05:37:53.635+0000][7][gc,age      ] GC(7) - age   1:      48904 bytes,      48904 total
[2025-10-16T05:37:53.635+0000][7][gc,age      ] GC(7) - age   2:      35296 bytes,      84200 total
[2025-10-16T05:37:53.635+0000][7][gc,heap     ] GC(7) Eden regions: 1->0(419)
[2025-10-16T05:37:53.635+0000][7][gc,heap     ] GC(7) Survivor regions: 10->2(8)
[2025-10-16T05:37:53.635+0000][7][gc,heap     ] GC(7) Old regions: 3->12
[2025-10-16T05:37:53.635+0000][7][gc,heap     ] GC(7) Humongous regions: 0->0
[2025-10-16T05:37:53.635+0000][7][gc,metaspace] GC(7) Metaspace: 35769K(36736K)->35769K(36736K) NonClass: 31057K(31616K)->31057K(31616K) Class: 4712K(5120K)->4712K(5120K)
[2025-10-16T05:37:53.635+0000][7][gc          ] GC(7) Pause Young (Concurrent Start) (Metadata GC Threshold) 52M->53M(3072M) 15.931ms
[2025-10-16T05:37:53.635+0000][7][gc,cpu      ] GC(7) User=0.07s Sys=0.00s Real=0.02s
[2025-10-16T05:37:53.635+0000][7][gc          ] GC(8) Concurrent Mark Cycle
[2025-10-16T05:37:53.635+0000][7][gc,marking  ] GC(8) Concurrent Scan Root Regions
[2025-10-16T05:37:53.635+0000][7][safepoint   ] Safepoint "CollectForMetadataAllocation", Time since last: 21513056 ns, Reaching safepoint: 4894 ns, Cleanup: 9891 ns, At safepoint: 16001169 ns, Total: 16015954 ns
[2025-10-16T05:37:53.648+0000][7][gc,marking  ] GC(8) Concurrent Scan Root Regions 12.892ms
[2025-10-16T05:37:53.648+0000][7][gc,marking  ] GC(8) Concurrent Mark
[2025-10-16T05:37:53.648+0000][7][gc,marking  ] GC(8) Concurrent Mark From Roots
[2025-10-16T05:37:53.648+0000][7][gc,task     ] GC(8) Using 2 workers of 2 for marking
[2025-10-16T05:37:53.654+0000][7][gc,marking  ] GC(8) Concurrent Mark From Roots 6.387ms
[2025-10-16T05:37:53.654+0000][7][gc,marking  ] GC(8) Concurrent Preclean
[2025-10-16T05:37:53.654+0000][7][gc,marking  ] GC(8) Concurrent Preclean 0.061ms
[2025-10-16T05:37:53.654+0000][7][gc,start    ] GC(8) Pause Remark
[2025-10-16T05:37:53.658+0000][7][gc          ] GC(8) Pause Remark 56M->56M(3072M) 3.592ms
[2025-10-16T05:37:53.658+0000][7][gc,cpu      ] GC(8) User=0.01s Sys=0.00s Real=0.01s
[2025-10-16T05:37:53.658+0000][7][safepoint   ] Safepoint "G1PauseRemark", Time since last: 19401836 ns, Reaching safepoint: 134198 ns, Cleanup: 10063 ns, At safepoint: 3630971 ns, Total: 3775232 ns
[2025-10-16T05:37:53.658+0000][7][gc,marking  ] GC(8) Concurrent Mark 10.297ms
[2025-10-16T05:37:53.658+0000][7][gc,marking  ] GC(8) Concurrent Rebuild Remembered Sets and Scrub Regions
[2025-10-16T05:37:53.671+0000][7][gc,marking  ] GC(8) Concurrent Rebuild Remembered Sets and Scrub Regions 13.518ms
[2025-10-16T05:37:53.674+0000][7][gc,start    ] GC(8) Pause Cleanup
[2025-10-16T05:37:53.674+0000][7][gc          ] GC(8) Pause Cleanup 57M->57M(3072M) 0.114ms
[2025-10-16T05:37:53.674+0000][7][gc,cpu      ] GC(8) User=0.00s Sys=0.00s Real=0.00s
[2025-10-16T05:37:53.674+0000][7][safepoint   ] Safepoint "G1PauseCleanup", Time since last: 13588076 ns, Reaching safepoint: 2064560 ns, Cleanup: 14991 ns, At safepoint: 140279 ns, Total: 2219830 ns
[2025-10-16T05:37:53.674+0000][7][gc,marking  ] GC(8) Concurrent Clear Claimed Marks
[2025-10-16T05:37:53.674+0000][7][gc,marking  ] GC(8) Concurrent Clear Claimed Marks 0.053ms
[2025-10-16T05:37:53.674+0000][7][gc,marking  ] GC(8) Concurrent Cleanup for Next Mark
[2025-10-16T05:37:53.676+0000][7][gc,marking  ] GC(8) Concurrent Cleanup for Next Mark 2.738ms
[2025-10-16T05:37:53.677+0000][7][gc          ] GC(8) Concurrent Mark Cycle 41.902ms
[2025-10-16T05:37:55.108+0000][7][safepoint   ] Safepoint "Cleanup", Time since last: 1433854136 ns, Reaching safepoint: 3071 ns, Cleanup: 80370 ns, At safepoint: 2161 ns, Total: 85602 ns
[2025-10-16T05:37:56.157+0000][7][safepoint   ] Safepoint "Cleanup", Time since last: 1047884528 ns, Reaching safepoint: 74186 ns, Cleanup: 997103 ns, At safepoint: 15226 ns, Total: 1086515 ns
[2025-10-16T05:37:57.159+0000][7][safepoint   ] Safepoint "Cleanup", Time since last: 1000899029 ns, Reaching safepoint: 1014769 ns, Cleanup: 29659 ns, At safepoint: 15175 ns, Total: 1059603 ns
[2025-10-16T05:37:59.034+0000][7][safepoint   ] Safepoint "Cleanup", Time since last: 1875047507 ns, Reaching safepoint: 311998 ns, Cleanup: 93509 ns, At safepoint: 9671 ns, Total: 415178 ns
[2025-10-16T05:38:00.256+0000][7][safepoint   ] Safepoint "Cleanup", Time since last: 1222297461 ns, Reaching safepoint: 3416 ns, Cleanup: 77731 ns, At safepoint: 16365 ns, Total: 97512 ns
[2025-10-16T05:38:00.284+0000][7][gc,start    ] GC(9) Pause Young (Concurrent Start) (Metadata GC Threshold)
[2025-10-16T05:38:00.284+0000][7][gc,task     ] GC(9) Using 8 workers of 8 for evacuation
[2025-10-16T05:38:00.284+0000][7][gc,age      ] GC(9) Desired survivor size 111149056 bytes, new threshold 15 (max threshold 15)
[2025-10-16T05:38:00.305+0000][7][gc,phases   ] GC(9)   Pre Evacuate Collection Set: 0.40ms
[2025-10-16T05:38:00.306+0000][7][gc,phases   ] GC(9)   Merge Heap Roots: 0.09ms
[2025-10-16T05:38:00.306+0000][7][gc,phases   ] GC(9)   Evacuate Collection Set: 14.28ms
[2025-10-16T05:38:00.306+0000][7][gc,phases   ] GC(9)   Post Evacuate Collection Set: 6.28ms
[2025-10-16T05:38:00.306+0000][7][gc,phases   ] GC(9)   Other: 0.11ms
[2025-10-16T05:38:00.306+0000][7][gc,age      ] GC(9) Age table with threshold 15 (max threshold 15)
[2025-10-16T05:38:00.306+0000][7][gc,age      ] GC(9) - age   1:   11659440 bytes,   11659440 total
[2025-10-16T05:38:00.306+0000][7][gc,age      ] GC(9) - age   2:      44672 bytes,   11704112 total
[2025-10-16T05:38:00.306+0000][7][gc,age      ] GC(9) - age   3:      35112 bytes,   11739224 total
[2025-10-16T05:38:00.306+0000][7][gc,heap     ] GC(9) Eden regions: 114->0(403)
[2025-10-16T05:38:00.306+0000][7][gc,heap     ] GC(9) Survivor regions: 2->4(53)
[2025-10-16T05:38:00.306+0000][7][gc,heap     ] GC(9) Old regions: 12->12
[2025-10-16T05:38:00.306+0000][7][gc,heap     ] GC(9) Humongous regions: 0->0
[2025-10-16T05:38:00.306+0000][7][gc,metaspace] GC(9) Metaspace: 60494K(61760K)->60494K(61760K) NonClass: 52280K(53056K)->52280K(53056K) Class: 8213K(8704K)->8213K(8704K)
[2025-10-16T05:38:00.306+0000][7][gc          ] GC(9) Pause Young (Concurrent Start) (Metadata GC Threshold) 509M->59M(3072M) 21.349ms
[2025-10-16T05:38:00.306+0000][7][gc,cpu      ] GC(9) User=0.04s Sys=0.00s Real=0.03s
[2025-10-16T05:38:00.306+0000][7][gc          ] GC(10) Concurrent Mark Cycle
[2025-10-16T05:38:00.306+0000][7][gc,marking  ] GC(10) Concurrent Scan Root Regions
[2025-10-16T05:38:00.306+0000][7][safepoint   ] Safepoint "CollectForMetadataAllocation", Time since last: 27864108 ns, Reaching safepoint: 4309 ns, Cleanup: 8790 ns, At safepoint: 21585192 ns, Total: 21598291 ns
[2025-10-16T05:38:00.324+0000][7][gc,marking  ] GC(10) Concurrent Scan Root Regions 18.395ms
[2025-10-16T05:38:00.324+0000][7][gc,marking  ] GC(10) Concurrent Mark
[2025-10-16T05:38:00.324+0000][7][gc,marking  ] GC(10) Concurrent Mark From Roots
[2025-10-16T05:38:00.324+0000][7][gc,task     ] GC(10) Using 2 workers of 2 for marking
[2025-10-16T05:38:00.507+0000][7][safepoint   ] Safepoint "CollectForMetadataAllocation", Time since last: 200636392 ns, Reaching safepoint: 134553 ns, Cleanup: 19775 ns, At safepoint: 407694 ns, Total: 562022 ns
[2025-10-16T05:38:00.513+0000][7][gc,marking  ] GC(10) Concurrent Mark From Roots 188.683ms
[2025-10-16T05:38:00.513+0000][7][gc,marking  ] GC(10) Concurrent Preclean
[2025-10-16T05:38:00.514+0000][7][gc,marking  ] GC(10) Concurrent Preclean 0.574ms
[2025-10-16T05:38:00.514+0000][7][gc,start    ] GC(10) Pause Remark
[2025-10-16T05:38:00.526+0000][7][gc          ] GC(10) Pause Remark 63M->63M(3072M) 11.415ms
[2025-10-16T05:38:00.526+0000][7][gc,cpu      ] GC(10) User=0.03s Sys=0.00s Real=0.02s
[2025-10-16T05:38:00.526+0000][7][safepoint   ] Safepoint "G1PauseRemark", Time since last: 6984184 ns, Reaching safepoint: 72866 ns, Cleanup: 10262 ns, At safepoint: 11485794 ns, Total: 11568922 ns
[2025-10-16T05:38:00.526+0000][7][gc,marking  ] GC(10) Concurrent Mark 202.331ms
[2025-10-16T05:38:00.526+0000][7][gc,marking  ] GC(10) Concurrent Rebuild Remembered Sets and Scrub Regions
[2025-10-16T05:38:00.594+0000][7][gc,marking  ] GC(10) Concurrent Rebuild Remembered Sets and Scrub Regions 67.128ms
[2025-10-16T05:38:00.595+0000][7][gc,start    ] GC(10) Pause Cleanup
[2025-10-16T05:38:00.596+0000][7][gc          ] GC(10) Pause Cleanup 65M->65M(3072M) 1.203ms
[2025-10-16T05:38:00.596+0000][7][gc,cpu      ] GC(10) User=0.00s Sys=0.00s Real=0.00s
[2025-10-16T05:38:00.596+0000][7][safepoint   ] Safepoint "G1PauseCleanup", Time since last: 69125176 ns, Reaching safepoint: 6970 ns, Cleanup: 27924 ns, At safepoint: 1288017 ns, Total: 1322911 ns
[2025-10-16T05:38:00.597+0000][7][gc,marking  ] GC(10) Concurrent Clear Claimed Marks
[2025-10-16T05:38:00.597+0000][7][gc,marking  ] GC(10) Concurrent Clear Claimed Marks 0.097ms
[2025-10-16T05:38:00.597+0000][7][gc,marking  ] GC(10) Concurrent Cleanup for Next Mark
[2025-10-16T05:38:00.607+0000][7][gc,marking  ] GC(10) Concurrent Cleanup for Next Mark 9.276ms
[2025-10-16T05:38:00.607+0000][7][gc          ] GC(10) Concurrent Mark Cycle 300.901ms
[2025-10-16T05:38:01.597+0000][7][safepoint   ] Safepoint "Cleanup", Time since last: 1000424553 ns, Reaching safepoint: 522664 ns, Cleanup: 31003 ns, At safepoint: 34470 ns, Total: 588137 ns
[2025-10-16T05:38:02.850+0000][7][safepoint   ] Safepoint "Cleanup", Time since last: 1253335170 ns, Reaching safepoint: 3511 ns, Cleanup: 43048 ns, At safepoint: 2492 ns, Total: 49051 ns
[2025-10-16T05:38:03.888+0000][7][safepoint   ] Safepoint "ICBufferFull", Time since last: 1037141363 ns, Reaching safepoint: 4447 ns, Cleanup: 86922 ns, At safepoint: 4597 ns, Total: 95966 ns
[2025-10-16T05:38:04.577+0000][7][safepoint   ] Safepoint "ICBufferFull", Time since last: 689582826 ns, Reaching safepoint: 4863 ns, Cleanup: 156659 ns, At safepoint: 9865 ns, Total: 171387 ns
[2025-10-16T05:38:05.197+0000][7][safepoint   ] Safepoint "ICBufferFull", Time since last: 618894669 ns, Reaching safepoint: 191116 ns, Cleanup: 130076 ns, At safepoint: 17012 ns, Total: 338204 ns
[2025-10-16T05:38:05.576+0000][7][safepoint   ] Safepoint "ICBufferFull", Time since last: 378775356 ns, Reaching safepoint: 12096 ns, Cleanup: 85930 ns, At safepoint: 6064 ns, Total: 104090 ns
[2025-10-16T05:38:06.229+0000][7][safepoint   ] Safepoint "ICBufferFull", Time since last: 651177719 ns, Reaching safepoint: 1915805 ns, Cleanup: 111573 ns, At safepoint: 722665 ns, Total: 2750043 ns
[2025-10-16T05:38:06.358+0000][7][gc,start    ] GC(11) Pause Young (Concurrent Start) (Metadata GC Threshold)
[2025-10-16T05:38:06.358+0000][7][gc,task     ] GC(11) Using 8 workers of 8 for evacuation
[2025-10-16T05:38:06.358+0000][7][gc,age      ] GC(11) Desired survivor size 100663296 bytes, new threshold 15 (max threshold 15)
[2025-10-16T05:38:06.405+0000][7][gc,phases   ] GC(11)   Pre Evacuate Collection Set: 0.39ms
[2025-10-16T05:38:06.405+0000][7][gc,phases   ] GC(11)   Merge Heap Roots: 0.18ms
[2025-10-16T05:38:06.405+0000][7][gc,phases   ] GC(11)   Evacuate Collection Set: 41.73ms
[2025-10-16T05:38:06.405+0000][7][gc,phases   ] GC(11)   Post Evacuate Collection Set: 4.70ms
[2025-10-16T05:38:06.405+0000][7][gc,phases   ] GC(11)   Other: 0.15ms
[2025-10-16T05:38:06.405+0000][7][gc,age      ] GC(11) Age table with threshold 15 (max threshold 15)
[2025-10-16T05:38:06.405+0000][7][gc,age      ] GC(11) - age   1:   22259152 bytes,   22259152 total
[2025-10-16T05:38:06.405+0000][7][gc,age      ] GC(11) - age   2:   10918608 bytes,   33177760 total
[2025-10-16T05:38:06.405+0000][7][gc,age      ] GC(11) - age   3:      44040 bytes,   33221800 total
[2025-10-16T05:38:06.405+0000][7][gc,age      ] GC(11) - age   4:      34744 bytes,   33256544 total
[2025-10-16T05:38:06.405+0000][7][gc,heap     ] GC(11) Eden regions: 94->0(297)
[2025-10-16T05:38:06.405+0000][7][gc,heap     ] GC(11) Survivor regions: 4->9(48)
[2025-10-16T05:38:06.405+0000][7][gc,heap     ] GC(11) Old regions: 12->12
[2025-10-16T05:38:06.405+0000][7][gc,heap     ] GC(11) Humongous regions: 2->2
[2025-10-16T05:38:06.405+0000][7][gc,metaspace] GC(11) Metaspace: 100908K(103616K)->100908K(103616K) NonClass: 86347K(87808K)->86347K(87808K) Class: 14560K(15808K)->14560K(15808K)
[2025-10-16T05:38:06.405+0000][7][gc          ] GC(11) Pause Young (Concurrent Start) (Metadata GC Threshold) 442M->89M(3072M) 47.336ms
[2025-10-16T05:38:06.405+0000][7][gc,cpu      ] GC(11) User=0.10s Sys=0.01s Real=0.05s
[2025-10-16T05:38:06.406+0000][7][gc          ] GC(12) Concurrent Mark Cycle
[2025-10-16T05:38:06.406+0000][7][gc,marking  ] GC(12) Concurrent Scan Root Regions
[2025-10-16T05:38:06.407+0000][7][safepoint   ] Safepoint "CollectForMetadataAllocation", Time since last: 128014919 ns, Reaching safepoint: 16439 ns, Cleanup: 32593 ns, At safepoint: 49913721 ns, Total: 49962753 ns
[2025-10-16T05:38:06.431+0000][7][gc,marking  ] GC(12) Concurrent Scan Root Regions 25.331ms
[2025-10-16T05:38:06.431+0000][7][gc,marking  ] GC(12) Concurrent Mark
[2025-10-16T05:38:06.431+0000][7][gc,marking  ] GC(12) Concurrent Mark From Roots
[2025-10-16T05:38:06.431+0000][7][gc,task     ] GC(12) Using 2 workers of 2 for marking
[2025-10-16T05:38:06.538+0000][7][gc,marking  ] GC(12) Concurrent Mark From Roots 106.193ms
[2025-10-16T05:38:06.538+0000][7][gc,marking  ] GC(12) Concurrent Preclean
[2025-10-16T05:38:06.538+0000][7][gc,marking  ] GC(12) Concurrent Preclean 0.284ms
[2025-10-16T05:38:06.539+0000][7][gc,start    ] GC(12) Pause Remark
[2025-10-16T05:38:06.554+0000][7][gc          ] GC(12) Pause Remark 109M->109M(3072M) 14.387ms
[2025-10-16T05:38:06.554+0000][7][gc,cpu      ] GC(12) User=0.03s Sys=0.00s Real=0.01s
[2025-10-16T05:38:06.554+0000][7][safepoint   ] Safepoint "G1PauseRemark", Time since last: 130441568 ns, Reaching safepoint: 1563107 ns, Cleanup: 23355 ns, At safepoint: 14734995 ns, Total: 16321457 ns
[2025-10-16T05:38:06.554+0000][7][gc,marking  ] GC(12) Concurrent Mark 123.136ms
[2025-10-16T05:38:06.554+0000][7][gc,marking  ] GC(12) Concurrent Rebuild Remembered Sets and Scrub Regions
[2025-10-16T05:38:06.611+0000][7][gc,marking  ] GC(12) Concurrent Rebuild Remembered Sets and Scrub Regions 56.445ms
[2025-10-16T05:38:06.617+0000][7][gc,start    ] GC(12) Pause Cleanup
[2025-10-16T05:38:06.617+0000][7][gc          ] GC(12) Pause Cleanup 117M->117M(3072M) 0.140ms
[2025-10-16T05:38:06.617+0000][7][gc,cpu      ] GC(12) User=0.00s Sys=0.00s Real=0.00s
[2025-10-16T05:38:06.617+0000][7][safepoint   ] Safepoint "G1PauseCleanup", Time since last: 56752148 ns, Reaching safepoint: 5548342 ns, Cleanup: 16801 ns, At safepoint: 185801 ns, Total: 5750944 ns
[2025-10-16T05:38:06.618+0000][7][gc,marking  ] GC(12) Concurrent Clear Claimed Marks
[2025-10-16T05:38:06.618+0000][7][gc,marking  ] GC(12) Concurrent Clear Claimed Marks 0.184ms
[2025-10-16T05:38:06.618+0000][7][gc,marking  ] GC(12) Concurrent Cleanup for Next Mark
[2025-10-16T05:38:06.646+0000][7][gc,marking  ] GC(12) Concurrent Cleanup for Next Mark 27.394ms
[2025-10-16T05:38:06.646+0000][7][gc          ] GC(12) Concurrent Mark Cycle 239.741ms
[2025-10-16T05:38:07.641+0000][7][safepoint   ] Safepoint "Cleanup", Time since last: 1023933370 ns, Reaching safepoint: 47691 ns, Cleanup: 83961 ns, At safepoint: 14004 ns, Total: 145656 ns
[2025-10-16T05:38:08.641+0000][7][safepoint   ] Safepoint "Cleanup", Time since last: 1000127669 ns, Reaching safepoint: 10077 ns, Cleanup: 22511 ns, At safepoint: 7678 ns, Total: 40266 ns
[2025-10-16T05:38:09.641+0000][7][safepoint   ] Safepoint "Cleanup", Time since last: 1000100059 ns, Reaching safepoint: 9209 ns, Cleanup: 46926 ns, At safepoint: 5805 ns, Total: 61940 ns
[2025-10-16T05:38:10.641+0000][7][safepoint   ] Safepoint "Cleanup", Time since last: 1000103708 ns, Reaching safepoint: 9818 ns, Cleanup: 18993 ns, At safepoint: 7399 ns, Total: 36210 ns
[2025-10-16T05:38:11.641+0000][7][safepoint   ] Safepoint "Cleanup", Time since last: 1000100157 ns, Reaching safepoint: 6287 ns, Cleanup: 9577 ns, At safepoint: 4489 ns, Total: 20353 ns
[2025-10-16T05:38:12.641+0000][7][safepoint   ] Safepoint "Cleanup", Time since last: 1000090536 ns, Reaching safepoint: 10407 ns, Cleanup: 10698 ns, At safepoint: 8684 ns, Total: 29789 ns
[2025-10-16T05:38:13.642+0000][7][safepoint   ] Safepoint "Cleanup", Time since last: 1000105775 ns, Reaching safepoint: 9855 ns, Cleanup: 12209 ns, At safepoint: 6200 ns, Total: 28264 ns
[2025-10-16T05:38:14.642+0000][7][safepoint   ] Safepoint "Cleanup", Time since last: 1000094426 ns, Reaching safepoint: 6800 ns, Cleanup: 18065 ns, At safepoint: 4250 ns, Total: 29115 ns
[2025-10-16T05:38:16.642+0000][7][safepoint   ] Safepoint "Cleanup", Time since last: 2000176456 ns, Reaching safepoint: 6790 ns, Cleanup: 7460 ns, At safepoint: 4388 ns, Total: 18638 ns
[2025-10-16T05:38:17.421+0000][7][safepoint   ] Safepoint "ICBufferFull", Time since last: 778757734 ns, Reaching safepoint: 71900 ns, Cleanup: 96077 ns, At safepoint: 6031 ns, Total: 174008 ns
[2025-10-16T05:38:19.025+0000][7][safepoint   ] Safepoint "Cleanup", Time since last: 1603742280 ns, Reaching safepoint: 8198 ns, Cleanup: 69520 ns, At safepoint: 5873 ns, Total: 83591 ns
[2025-10-16T05:38:21.025+0000][7][safepoint   ] Safepoint "Cleanup", Time since last: 2000150504 ns, Reaching safepoint: 17519 ns, Cleanup: 19012 ns, At safepoint: 5783 ns, Total: 42314 ns
[2025-10-16T05:38:22.025+0000][7][safepoint   ] Safepoint "Cleanup", Time since last: 1000092524 ns, Reaching safepoint: 9994 ns, Cleanup: 41472 ns, At safepoint: 6587 ns, Total: 58053 ns
[2025-10-16T05:38:23.025+0000][7][safepoint   ] Safepoint "Cleanup", Time since last: 1000094957 ns, Reaching safepoint: 24464 ns, Cleanup: 30091 ns, At safepoint: 6530 ns, Total: 61085 ns
[2025-10-16T05:38:24.025+0000][7][safepoint   ] Safepoint "Cleanup", Time since last: 1000085780 ns, Reaching safepoint: 7382 ns, Cleanup: 14547 ns, At safepoint: 4423 ns, Total: 26352 ns
[2025-10-16T05:38:25.025+0000][7][safepoint   ] Safepoint "Cleanup", Time since last: 1000083988 ns, Reaching safepoint: 7975 ns, Cleanup: 9430 ns, At safepoint: 4213 ns, Total: 21618 ns
[2025-10-16T05:38:29.306+0000][7][safepoint   ] Safepoint "Cleanup", Time since last: 2000171951 ns, Reaching safepoint: 7494 ns, Cleanup: 9675 ns, At safepoint: 4583 ns, Total: 21752 ns
[2025-10-16T05:38:30.306+0000][7][safepoint   ] Safepoint "Cleanup", Time since last: 1000085000 ns, Reaching safepoint: 9102 ns, Cleanup: 7006 ns, At safepoint: 5243 ns, Total: 21351 ns
[2025-10-16T05:38:33.307+0000][7][safepoint   ] Safepoint "Cleanup", Time since last: 3000202996 ns, Reaching safepoint: 11631 ns, Cleanup: 11501 ns, At safepoint: 6682 ns, Total: 29814 ns
[2025-10-16T05:38:35.307+0000][7][safepoint   ] Safepoint "Cleanup", Time since last: 2000189640 ns, Reaching safepoint: 12098 ns, Cleanup: 9534 ns, At safepoint: 5209 ns, Total: 26841 ns
[2025-10-16T05:38:36.307+0000][7][safepoint   ] Safepoint "Cleanup", Time since last: 1000251911 ns, Reaching safepoint: 12510 ns, Cleanup: 6512 ns, At safepoint: 4286 ns, Total: 23308 ns
[2025-10-16T05:38:37.307+0000][7][safepoint   ] Safepoint "Cleanup", Time since last: 1000082964 ns, Reaching safepoint: 7346 ns, Cleanup: 7239 ns, At safepoint: 5161 ns, Total: 19746 ns
[2025-10-16T05:38:38.307+0000][7][safepoint   ] Safepoint "Cleanup", Time since last: 1000083355 ns, Reaching safepoint: 7948 ns, Cleanup: 24258 ns, At safepoint: 4892 ns, Total: 37098 ns
[2025-10-16T05:38:40.307+0000][7][safepoint   ] Safepoint "Cleanup", Time since last: 2000153769 ns, Reaching safepoint: 7153 ns, Cleanup: 9398 ns, At safepoint: 4371 ns, Total: 20922 ns
[2025-10-16T05:38:41.308+0000][7][safepoint   ] Safepoint "Cleanup", Time since last: 1000083686 ns, Reaching safepoint: 19077 ns, Cleanup: 9200 ns, At safepoint: 5082 ns, Total: 33359 ns
[2025-10-16T05:38:43.308+0000][7][safepoint   ] Safepoint "Cleanup", Time since last: 2000140692 ns, Reaching safepoint: 8108 ns, Cleanup: 8270 ns, At safepoint: 4988 ns, Total: 21366 ns
[2025-10-16T05:38:44.412+0000][7][safepoint   ] Safepoint "Cleanup", Time since last: 1104279748 ns, Reaching safepoint: 11071 ns, Cleanup: 13778 ns, At safepoint: 10566 ns, Total: 35415 ns
[2025-10-16T05:38:48.414+0000][7][safepoint   ] Safepoint "Cleanup", Time since last: 4002023366 ns, Reaching safepoint: 12075 ns, Cleanup: 10908 ns, At safepoint: 6856 ns, Total: 29839 ns
[2025-10-16T05:38:50.414+0000][7][safepoint   ] Safepoint "Cleanup", Time since last: 2000180301 ns, Reaching safepoint: 11958 ns, Cleanup: 14186 ns, At safepoint: 5852 ns, Total: 31996 ns
[2025-10-16T05:38:52.415+0000][7][safepoint   ] Safepoint "Cleanup", Time since last: 2000169518 ns, Reaching safepoint: 24351 ns, Cleanup: 10500 ns, At safepoint: 6532 ns, Total: 41383 ns
[2025-10-16T05:38:54.415+0000][7][safepoint   ] Safepoint "Cleanup", Time since last: 2000253391 ns, Reaching safepoint: 9328 ns, Cleanup: 14033 ns, At safepoint: 5725 ns, Total: 29086 ns
[2025-10-16T05:38:56.415+0000][7][safepoint   ] Safepoint "Cleanup", Time since last: 2000178094 ns, Reaching safepoint: 11402 ns, Cleanup: 12363 ns, At safepoint: 6592 ns, Total: 30357 ns
[2025-10-16T05:39:02.416+0000][7][safepoint   ] Safepoint "Cleanup", Time since last: 6000479843 ns, Reaching safepoint: 16891 ns, Cleanup: 20993 ns, At safepoint: 9722 ns, Total: 47606 ns
[2025-10-16T05:39:03.416+0000][7][safepoint   ] Safepoint "Cleanup", Time since last: 1000123572 ns, Reaching safepoint: 16703 ns, Cleanup: 23283 ns, At safepoint: 10502 ns, Total: 50488 ns
[2025-10-16T05:39:05.416+0000][7][safepoint   ] Safepoint "Cleanup", Time since last: 2000180741 ns, Reaching safepoint: 9801 ns, Cleanup: 10034 ns, At safepoint: 4805 ns, Total: 24640 ns
[2025-10-16T05:39:06.416+0000][7][safepoint   ] Safepoint "Cleanup", Time since last: 1000094173 ns, Reaching safepoint: 7596 ns, Cleanup: 9447 ns, At safepoint: 4627 ns, Total: 21670 ns
[2025-10-16T05:39:07.416+0000][7][safepoint   ] Safepoint "Cleanup", Time since last: 1000126376 ns, Reaching safepoint: 79778 ns, Cleanup: 31138 ns, At safepoint: 18071 ns, Total: 128987 ns
[2025-10-16T05:39:08.416+0000][7][safepoint   ] Safepoint "Cleanup", Time since last: 1000145502 ns, Reaching safepoint: 6724 ns, Cleanup: 7097 ns, At safepoint: 3053 ns, Total: 16874 ns
[2025-10-16T05:39:10.417+0000][7][safepoint   ] Safepoint "Cleanup", Time since last: 2000155262 ns, Reaching safepoint: 7444 ns, Cleanup: 9502 ns, At safepoint: 4519 ns, Total: 21465 ns
[2025-10-16T05:39:12.417+0000][7][safepoint   ] Safepoint "Cleanup", Time since last: 2000150527 ns, Reaching safepoint: 7373 ns, Cleanup: 7770 ns, At safepoint: 4887 ns, Total: 20030 ns
[2025-10-16T05:39:14.417+0000][7][safepoint   ] Safepoint "Cleanup", Time since last: 2000147492 ns, Reaching safepoint: 7349 ns, Cleanup: 7481 ns, At safepoint: 4233 ns, Total: 19063 ns
[2025-10-16T05:39:16.417+0000][7][safepoint   ] Safepoint "Cleanup", Time since last: 2000150906 ns, Reaching safepoint: 6819 ns, Cleanup: 7031 ns, At safepoint: 5817 ns, Total: 19667 ns
[2025-10-16T05:39:18.417+0000][7][safepoint   ] Safepoint "Cleanup", Time since last: 2000206573 ns, Reaching safepoint: 29968 ns, Cleanup: 20152 ns, At safepoint: 5619 ns, Total: 55739 ns
[2025-10-16T05:39:20.418+0000][7][safepoint   ] Safepoint "Cleanup", Time since last: 2000157692 ns, Reaching safepoint: 7220 ns, Cleanup: 7125 ns, At safepoint: 4045 ns, Total: 18390 ns
[2025-10-16T05:39:21.418+0000][7][safepoint   ] Safepoint "Cleanup", Time since last: 1000091771 ns, Reaching safepoint: 7485 ns, Cleanup: 6226 ns, At safepoint: 4249 ns, Total: 17960 ns
[2025-10-16T05:39:24.418+0000][7][safepoint   ] Safepoint "Cleanup", Time since last: 3000209543 ns, Reaching safepoint: 19997 ns, Cleanup: 8957 ns, At safepoint: 4455 ns, Total: 33409 ns
[2025-10-16T05:39:25.418+0000][7][safepoint   ] Safepoint "Cleanup", Time since last: 1000086604 ns, Reaching safepoint: 7595 ns, Cleanup: 8068 ns, At safepoint: 4494 ns, Total: 20157 ns
[2025-10-16T05:39:26.418+0000][7][safepoint   ] Safepoint "Cleanup", Time since last: 1000221896 ns, Reaching safepoint: 9674 ns, Cleanup: 8793 ns, At safepoint: 5156 ns, Total: 23623 ns
[2025-10-16T05:39:28.418+0000][7][safepoint   ] Safepoint "Cleanup", Time since last: 2000160342 ns, Reaching safepoint: 9259 ns, Cleanup: 9239 ns, At safepoint: 4936 ns, Total: 23434 ns
[2025-10-16T05:39:35.419+0000][7][safepoint   ] Safepoint "Cleanup", Time since last: 7000451790 ns, Reaching safepoint: 8075 ns, Cleanup: 7684 ns, At safepoint: 4376 ns, Total: 20135 ns
[2025-10-16T05:39:37.419+0000][7][safepoint   ] Safepoint "Cleanup", Time since last: 2000137971 ns, Reaching safepoint: 8788 ns, Cleanup: 10543 ns, At safepoint: 4400 ns, Total: 23731 ns
[2025-10-16T05:39:39.419+0000][7][safepoint   ] Safepoint "Cleanup", Time since last: 2000165272 ns, Reaching safepoint: 8352 ns, Cleanup: 9887 ns, At safepoint: 4549 ns, Total: 22788 ns
[2025-10-16T05:39:43.420+0000][7][safepoint   ] Safepoint "Cleanup", Time since last: 4000262253 ns, Reaching safepoint: 7207 ns, Cleanup: 7594 ns, At safepoint: 4352 ns, Total: 19153 ns
[2025-10-16T05:39:45.441+0000][7][safepoint   ] Safepoint "Cleanup", Time since last: 2021238515 ns, Reaching safepoint: 7360 ns, Cleanup: 8695 ns, At safepoint: 4212 ns, Total: 20267 ns
[2025-10-16T05:39:48.441+0000][7][safepoint   ] Safepoint "Cleanup", Time since last: 3000197123 ns, Reaching safepoint: 7037 ns, Cleanup: 11316 ns, At safepoint: 3984 ns, Total: 22337 ns
[2025-10-16T05:39:49.441+0000][7][safepoint   ] Safepoint "Cleanup", Time since last: 1000089386 ns, Reaching safepoint: 10206 ns, Cleanup: 8534 ns, At safepoint: 6284 ns, Total: 25024 ns
[2025-10-16T05:39:53.441+0000][7][safepoint   ] Safepoint "Cleanup", Time since last: 4000262655 ns, Reaching safepoint: 19715 ns, Cleanup: 9325 ns, At safepoint: 5031 ns, Total: 34071 ns
[2025-10-16T05:39:55.442+0000][7][safepoint   ] Safepoint "Cleanup", Time since last: 2000144128 ns, Reaching safepoint: 8495 ns, Cleanup: 10019 ns, At safepoint: 4480 ns, Total: 22994 ns
[2025-10-16T05:40:03.442+0000][7][safepoint   ] Safepoint "Cleanup", Time since last: 8000487744 ns, Reaching safepoint: 12252 ns, Cleanup: 10914 ns, At safepoint: 7573 ns, Total: 30739 ns
[2025-10-16T05:40:04.442+0000][7][safepoint   ] Safepoint "Cleanup", Time since last: 1000113290 ns, Reaching safepoint: 9231 ns, Cleanup: 9780 ns, At safepoint: 5554 ns, Total: 24565 ns
[2025-10-16T05:40:05.442+0000][7][safepoint   ] Safepoint "Cleanup", Time since last: 1000110299 ns, Reaching safepoint: 10029 ns, Cleanup: 11013 ns, At safepoint: 5464 ns, Total: 26506 ns
[2025-10-16T05:40:07.443+0000][7][safepoint   ] Safepoint "Cleanup", Time since last: 2000159249 ns, Reaching safepoint: 7761 ns, Cleanup: 9741 ns, At safepoint: 4533 ns, Total: 22035 ns
[2025-10-16T05:40:08.443+0000][7][safepoint   ] Safepoint "Cleanup", Time since last: 1000089585 ns, Reaching safepoint: 7299 ns, Cleanup: 7660 ns, At safepoint: 4081 ns, Total: 19040 ns
[2025-10-16T05:40:09.443+0000][7][safepoint   ] Safepoint "Cleanup", Time since last: 1000089997 ns, Reaching safepoint: 19816 ns, Cleanup: 7134 ns, At safepoint: 4984 ns, Total: 31934 ns
[2025-10-16T05:40:10.443+0000][7][safepoint   ] Safepoint "Cleanup", Time since last: 1000085642 ns, Reaching safepoint: 7404 ns, Cleanup: 8907 ns, At safepoint: 4247 ns, Total: 20558 ns
[2025-10-16T05:40:11.443+0000][7][safepoint   ] Safepoint "Cleanup", Time since last: 1000093903 ns, Reaching safepoint: 17460 ns, Cleanup: 25871 ns, At safepoint: 5221 ns, Total: 48552 ns
[2025-10-16T05:40:13.443+0000][7][safepoint   ] Safepoint "Cleanup", Time since last: 2000156444 ns, Reaching safepoint: 9756 ns, Cleanup: 9735 ns, At safepoint: 5085 ns, Total: 24576 ns
[2025-10-16T05:40:14.443+0000][7][safepoint   ] Safepoint "Cleanup", Time since last: 1000092587 ns, Reaching safepoint: 8033 ns, Cleanup: 9534 ns, At safepoint: 4543 ns, Total: 22110 ns
[2025-10-16T05:40:15.444+0000][7][safepoint   ] Safepoint "Cleanup", Time since last: 1000088753 ns, Reaching safepoint: 9543 ns, Cleanup: 11226 ns, At safepoint: 4599 ns, Total: 25368 ns
[2025-10-16T05:40:22.444+0000][7][safepoint   ] Safepoint "Cleanup", Time since last: 7000477002 ns, Reaching safepoint: 7118 ns, Cleanup: 9771 ns, At safepoint: 4342 ns, Total: 21231 ns
[2025-10-16T05:40:33.445+0000][7][safepoint   ] Safepoint "Cleanup", Time since last: 11000666579 ns, Reaching safepoint: 19513 ns, Cleanup: 13392 ns, At safepoint: 5433 ns, Total: 38338 ns
[2025-10-16T05:40:34.445+0000][7][safepoint   ] Safepoint "Cleanup", Time since last: 1000098378 ns, Reaching safepoint: 9608 ns, Cleanup: 9958 ns, At safepoint: 5645 ns, Total: 25211 ns
[2025-10-16T05:40:36.445+0000][7][safepoint   ] Safepoint "Cleanup", Time since last: 2000183311 ns, Reaching safepoint: 10214 ns, Cleanup: 8067 ns, At safepoint: 5562 ns, Total: 23843 ns
[2025-10-16T05:40:38.445+0000][7][safepoint   ] Safepoint "Cleanup", Time since last: 2000259673 ns, Reaching safepoint: 7700 ns, Cleanup: 9050 ns, At safepoint: 4617 ns, Total: 21367 ns
[2025-10-16T05:40:46.456+0000][7][safepoint   ] Safepoint "Cleanup", Time since last: 8010316414 ns, Reaching safepoint: 10406 ns, Cleanup: 9407 ns, At safepoint: 5487 ns, Total: 25300 ns
[2025-10-16T05:40:48.456+0000][7][safepoint   ] Safepoint "Cleanup", Time since last: 2000167475 ns, Reaching safepoint: 9852 ns, Cleanup: 9732 ns, At safepoint: 5529 ns, Total: 25113 ns
[2025-10-16T05:40:56.456+0000][7][safepoint   ] Safepoint "Cleanup", Time since last: 8000539083 ns, Reaching safepoint: 23836 ns, Cleanup: 9757 ns, At safepoint: 5839 ns, Total: 39432 ns
[2025-10-16T05:40:58.457+0000][7][safepoint   ] Safepoint "Cleanup", Time since last: 2000151319 ns, Reaching safepoint: 9367 ns, Cleanup: 10745 ns, At safepoint: 5759 ns, Total: 25871 ns
[2025-10-16T05:41:00.457+0000][7][safepoint   ] Safepoint "Cleanup", Time since last: 2000645261 ns, Reaching safepoint: 11124 ns, Cleanup: 8870 ns, At safepoint: 6272 ns, Total: 26266 ns
[2025-10-16T05:41:02.457+0000][7][safepoint   ] Safepoint "Cleanup", Time since last: 2000163903 ns, Reaching safepoint: 8091 ns, Cleanup: 8336 ns, At safepoint: 3925 ns, Total: 20352 ns
[2025-10-16T05:41:03.458+0000][7][safepoint   ] Safepoint "Cleanup", Time since last: 1000086975 ns, Reaching safepoint: 9122 ns, Cleanup: 8719 ns, At safepoint: 6025 ns, Total: 23866 ns
[2025-10-16T05:41:04.458+0000][7][safepoint   ] Safepoint "Cleanup", Time since last: 1000051459 ns, Reaching safepoint: 7762 ns, Cleanup: 8498 ns, At safepoint: 4262 ns, Total: 20522 ns
[2025-10-16T05:41:05.458+0000][7][safepoint   ] Safepoint "Cleanup", Time since last: 1000099860 ns, Reaching safepoint: 10097 ns, Cleanup: 7694 ns, At safepoint: 4528 ns, Total: 22319 ns
[2025-10-16T05:41:06.458+0000][7][safepoint   ] Safepoint "Cleanup", Time since last: 1000096390 ns, Reaching safepoint: 11812 ns, Cleanup: 10140 ns, At safepoint: 4248 ns, Total: 26200 ns
[2025-10-16T05:41:07.458+0000][7][safepoint   ] Safepoint "Cleanup", Time since last: 1000089441 ns, Reaching safepoint: 13758 ns, Cleanup: 14666 ns, At safepoint: 5197 ns, Total: 33621 ns
[2025-10-16T05:41:08.458+0000][7][safepoint   ] Safepoint "Cleanup", Time since last: 1000062646 ns, Reaching safepoint: 11932 ns, Cleanup: 11326 ns, At safepoint: 5112 ns, Total: 28370 ns
[2025-10-16T05:41:11.458+0000][7][safepoint   ] Safepoint "Cleanup", Time since last: 3000225112 ns, Reaching safepoint: 21463 ns, Cleanup: 9239 ns, At safepoint: 4781 ns, Total: 35483 ns
[2025-10-16T05:41:16.459+0000][7][safepoint   ] Safepoint "Cleanup", Time since last: 5000318368 ns, Reaching safepoint: 7665 ns, Cleanup: 7069 ns, At safepoint: 4456 ns, Total: 19190 ns
[2025-10-16T05:41:17.459+0000][7][safepoint   ] Safepoint "Cleanup", Time since last: 1000089670 ns, Reaching safepoint: 7953 ns, Cleanup: 8085 ns, At safepoint: 5153 ns, Total: 21191 ns
[2025-10-16T05:41:19.459+0000][7][safepoint   ] Safepoint "Cleanup", Time since last: 2000155794 ns, Reaching safepoint: 8056 ns, Cleanup: 6947 ns, At safepoint: 4288 ns, Total: 19291 ns
[2025-10-16T05:41:21.459+0000][7][safepoint   ] Safepoint "Cleanup", Time since last: 2000157548 ns, Reaching safepoint: 19763 ns, Cleanup: 19449 ns, At safepoint: 7618 ns, Total: 46830 ns
[2025-10-16T05:41:23.459+0000][7][safepoint   ] Safepoint "Cleanup", Time since last: 2000174456 ns, Reaching safepoint: 7195 ns, Cleanup: 8594 ns, At safepoint: 4018 ns, Total: 19807 ns
[2025-10-16T05:41:29.460+0000][7][safepoint   ] Safepoint "Cleanup", Time since last: 6000378079 ns, Reaching safepoint: 29943 ns, Cleanup: 9558 ns, At safepoint: 5202 ns, Total: 44703 ns
[2025-10-16T05:41:35.460+0000][7][safepoint   ] Safepoint "Cleanup", Time since last: 6000334764 ns, Reaching safepoint: 26058 ns, Cleanup: 8609 ns, At safepoint: 7480 ns, Total: 42147 ns
[2025-10-16T05:41:37.460+0000][7][safepoint   ] Safepoint "Cleanup", Time since last: 2000186933 ns, Reaching safepoint: 9668 ns, Cleanup: 15300 ns, At safepoint: 6392 ns, Total: 31360 ns
[2025-10-16T05:41:39.461+0000][7][safepoint   ] Safepoint "Cleanup", Time since last: 2000206554 ns, Reaching safepoint: 7572 ns, Cleanup: 8727 ns, At safepoint: 5333 ns, Total: 21632 ns
[2025-10-16T05:41:41.461+0000][7][safepoint   ] Safepoint "Cleanup", Time since last: 2000155415 ns, Reaching safepoint: 14121 ns, Cleanup: 13435 ns, At safepoint: 8207 ns, Total: 35763 ns
[2025-10-16T05:41:51.462+0000][7][safepoint   ] Safepoint "Cleanup", Time since last: 10000825149 ns, Reaching safepoint: 27553 ns, Cleanup: 9706 ns, At safepoint: 6777 ns, Total: 44036 ns
[2025-10-16T05:41:52.462+0000][7][safepoint   ] Safepoint "Cleanup", Time since last: 1000109180 ns, Reaching safepoint: 11464 ns, Cleanup: 9422 ns, At safepoint: 5936 ns, Total: 26822 ns
[2025-10-16T05:41:54.462+0000][7][safepoint   ] Safepoint "Cleanup", Time since last: 2000173411 ns, Reaching safepoint: 11411 ns, Cleanup: 12883 ns, At safepoint: 6174 ns, Total: 30468 ns
[2025-10-16T05:42:00.464+0000][7][safepoint   ] Safepoint "Cleanup", Time since last: 6002187096 ns, Reaching safepoint: 17402 ns, Cleanup: 15287 ns, At safepoint: 9421 ns, Total: 42110 ns
[2025-10-16T05:42:04.465+0000][7][safepoint   ] Safepoint "Cleanup", Time since last: 4000879000 ns, Reaching safepoint: 24373 ns, Cleanup: 8697 ns, At safepoint: 4971 ns, Total: 38041 ns
[2025-10-16T05:42:06.465+0000][7][safepoint   ] Safepoint "Cleanup", Time since last: 2000156134 ns, Reaching safepoint: 10886 ns, Cleanup: 14376 ns, At safepoint: 7185 ns, Total: 32447 ns
[2025-10-16T05:42:07.466+0000][7][safepoint   ] Safepoint "Cleanup", Time since last: 1000103366 ns, Reaching safepoint: 11405 ns, Cleanup: 11085 ns, At safepoint: 5707 ns, Total: 28197 ns
[2025-10-16T05:42:08.466+0000][7][safepoint   ] Safepoint "Cleanup", Time since last: 1000117480 ns, Reaching safepoint: 10037 ns, Cleanup: 21634 ns, At safepoint: 5570 ns, Total: 37241 ns
[2025-10-16T05:42:14.466+0000][7][safepoint   ] Safepoint "Cleanup", Time since last: 6000413170 ns, Reaching safepoint: 7866 ns, Cleanup: 6966 ns, At safepoint: 4031 ns, Total: 18863 ns
[2025-10-16T05:42:18.466+0000][7][safepoint   ] Safepoint "Cleanup", Time since last: 4000300655 ns, Reaching safepoint: 21269 ns, Cleanup: 9243 ns, At safepoint: 4342 ns, Total: 34854 ns
[2025-10-16T05:42:20.467+0000][7][safepoint   ] Safepoint "Cleanup", Time since last: 2000143779 ns, Reaching safepoint: 7865 ns, Cleanup: 8428 ns, At safepoint: 4654 ns, Total: 20947 ns
[2025-10-16T05:42:22.467+0000][7][safepoint   ] Safepoint "Cleanup", Time since last: 2000162225 ns, Reaching safepoint: 7912 ns, Cleanup: 9751 ns, At safepoint: 6030 ns, Total: 23693 ns
[2025-10-16T05:42:23.467+0000][7][safepoint   ] Safepoint "Cleanup", Time since last: 1000134118 ns, Reaching safepoint: 7544 ns, Cleanup: 8221 ns, At safepoint: 4888 ns, Total: 20653 ns
[2025-10-16T05:42:24.467+0000][7][safepoint   ] Safepoint "Cleanup", Time since last: 1000089162 ns, Reaching safepoint: 7458 ns, Cleanup: 7342 ns, At safepoint: 4188 ns, Total: 18988 ns
[2025-10-16T05:42:25.467+0000][7][safepoint   ] Safepoint "Cleanup", Time since last: 1000297487 ns, Reaching safepoint: 9763 ns, Cleanup: 8350 ns, At safepoint: 5247 ns, Total: 23360 ns
[2025-10-16T05:42:28.468+0000][7][safepoint   ] Safepoint "Cleanup", Time since last: 3000226207 ns, Reaching safepoint: 8707 ns, Cleanup: 9314 ns, At safepoint: 4087 ns, Total: 22108 ns
[2025-10-16T05:42:33.468+0000][7][safepoint   ] Safepoint "Cleanup", Time since last: 5000332220 ns, Reaching safepoint: 17189 ns, Cleanup: 7773 ns, At safepoint: 4848 ns, Total: 29810 ns
[2025-10-16T05:42:35.468+0000][7][safepoint   ] Safepoint "Cleanup", Time since last: 2000143262 ns, Reaching safepoint: 7603 ns, Cleanup: 7810 ns, At safepoint: 5637 ns, Total: 21050 ns
[2025-10-16T05:42:37.468+0000][7][safepoint   ] Safepoint "Cleanup", Time since last: 2000164159 ns, Reaching safepoint: 26493 ns, Cleanup: 30909 ns, At safepoint: 13691 ns, Total: 71093 ns
[2025-10-16T05:42:39.469+0000][7][safepoint   ] Safepoint "Cleanup", Time since last: 2000135792 ns, Reaching safepoint: 10855 ns, Cleanup: 8438 ns, At safepoint: 5667 ns, Total: 24960 ns
[2025-10-16T05:42:45.469+0000][7][safepoint   ] Safepoint "Cleanup", Time since last: 6000877401 ns, Reaching safepoint: 9730 ns, Cleanup: 7897 ns, At safepoint: 5443 ns, Total: 23070 ns
[2025-10-16T05:42:49.470+0000][7][safepoint   ] Safepoint "Cleanup", Time since last: 4000270174 ns, Reaching safepoint: 22110 ns, Cleanup: 8906 ns, At safepoint: 4455 ns, Total: 35471 ns
[2025-10-16T05:42:53.470+0000][7][safepoint   ] Safepoint "Cleanup", Time since last: 4000326856 ns, Reaching safepoint: 9755 ns, Cleanup: 8076 ns, At safepoint: 5619 ns, Total: 23450 ns
[2025-10-16T05:42:55.470+0000][7][safepoint   ] Safepoint "Cleanup", Time since last: 2000224475 ns, Reaching safepoint: 7906 ns, Cleanup: 7281 ns, At safepoint: 5565 ns, Total: 20752 ns
[2025-10-16T05:42:57.471+0000][7][safepoint   ] Safepoint "Cleanup", Time since last: 2000150871 ns, Reaching safepoint: 7137 ns, Cleanup: 6811 ns, At safepoint: 4618 ns, Total: 18566 ns
[2025-10-16T05:43:01.471+0000][7][safepoint   ] Safepoint "Cleanup", Time since last: 4000283295 ns, Reaching safepoint: 11233 ns, Cleanup: 9928 ns, At safepoint: 6100 ns, Total: 27261 ns
[2025-10-16T05:43:07.471+0000][7][safepoint   ] Safepoint "Cleanup", Time since last: 6000385610 ns, Reaching safepoint: 7560 ns, Cleanup: 8207 ns, At safepoint: 4072 ns, Total: 19839 ns
[2025-10-16T05:43:09.471+0000][7][safepoint   ] Safepoint "Cleanup", Time since last: 2000149845 ns, Reaching safepoint: 8514 ns, Cleanup: 8569 ns, At safepoint: 4333 ns, Total: 21416 ns
[2025-10-16T05:43:10.472+0000][7][safepoint   ] Safepoint "Cleanup", Time since last: 1000102297 ns, Reaching safepoint: 12558 ns, Cleanup: 11597 ns, At safepoint: 4992 ns, Total: 29147 ns
[2025-10-16T05:43:11.472+0000][7][safepoint   ] Safepoint "Cleanup", Time since last: 1000102803 ns, Reaching safepoint: 8947 ns, Cleanup: 8442 ns, At safepoint: 5277 ns, Total: 22666 ns
[2025-10-16T05:43:24.473+0000][7][safepoint   ] Safepoint "Cleanup", Time since last: 13000837315 ns, Reaching safepoint: 20585 ns, Cleanup: 6359 ns, At safepoint: 4675 ns, Total: 31619 ns
[2025-10-16T05:43:26.473+0000][7][safepoint   ] Safepoint "Cleanup", Time since last: 2000149666 ns, Reaching safepoint: 10408 ns, Cleanup: 11685 ns, At safepoint: 7574 ns, Total: 29667 ns
[2025-10-16T05:43:28.473+0000][7][safepoint   ] Safepoint "Cleanup", Time since last: 2000166688 ns, Reaching safepoint: 9266 ns, Cleanup: 8858 ns, At safepoint: 5423 ns, Total: 23547 ns
[2025-10-16T05:43:30.473+0000][7][safepoint   ] Safepoint "Cleanup", Time since last: 2000161150 ns, Reaching safepoint: 13817 ns, Cleanup: 12865 ns, At safepoint: 5522 ns, Total: 32204 ns
[2025-10-16T05:43:33.474+0000][7][safepoint   ] Safepoint "Cleanup", Time since last: 3000249722 ns, Reaching safepoint: 420043 ns, Cleanup: 45836 ns, At safepoint: 21432 ns, Total: 487311 ns
[2025-10-16T05:43:37.474+0000][7][safepoint   ] Safepoint "Cleanup", Time since last: 4000316701 ns, Reaching safepoint: 8947 ns, Cleanup: 9393 ns, At safepoint: 4748 ns, Total: 23088 ns
[2025-10-16T05:43:38.474+0000][7][safepoint   ] Safepoint "Cleanup", Time since last: 1000097064 ns, Reaching safepoint: 9503 ns, Cleanup: 9390 ns, At safepoint: 5121 ns, Total: 24014 ns
[2025-10-16T05:43:40.474+0000][7][safepoint   ] Safepoint "Cleanup", Time since last: 2000159591 ns, Reaching safepoint: 10236 ns, Cleanup: 12157 ns, At safepoint: 6773 ns, Total: 29166 ns
[2025-10-16T05:43:42.475+0000][7][safepoint   ] Safepoint "Cleanup", Time since last: 2000161885 ns, Reaching safepoint: 10224 ns, Cleanup: 13858 ns, At safepoint: 5474 ns, Total: 29556 ns
[2025-10-16T05:43:46.475+0000][7][safepoint   ] Safepoint "Cleanup", Time since last: 4000299593 ns, Reaching safepoint: 15632 ns, Cleanup: 19554 ns, At safepoint: 6657 ns, Total: 41843 ns
[2025-10-16T05:43:48.475+0000][7][safepoint   ] Safepoint "Cleanup", Time since last: 2000160834 ns, Reaching safepoint: 29736 ns, Cleanup: 12802 ns, At safepoint: 6908 ns, Total: 49446 ns
[2025-10-16T05:43:50.475+0000][7][safepoint   ] Safepoint "Cleanup", Time since last: 2000159146 ns, Reaching safepoint: 11379 ns, Cleanup: 9621 ns, At safepoint: 5427 ns, Total: 26427 ns
[2025-10-16T05:43:56.476+0000][7][safepoint   ] Safepoint "Cleanup", Time since last: 6000478859 ns, Reaching safepoint: 30567 ns, Cleanup: 102412 ns, At safepoint: 16405 ns, Total: 149384 ns
[2025-10-16T05:44:07.477+0000][7][safepoint   ] Safepoint "Cleanup", Time since last: 11001016671 ns, Reaching safepoint: 49264 ns, Cleanup: 16365 ns, At safepoint: 8233 ns, Total: 73862 ns
[2025-10-16T05:44:08.477+0000][7][safepoint   ] Safepoint "Cleanup", Time since last: 1000108389 ns, Reaching safepoint: 11338 ns, Cleanup: 8081 ns, At safepoint: 5299 ns, Total: 24718 ns
[2025-10-16T05:44:15.478+0000][7][safepoint   ] Safepoint "Cleanup", Time since last: 7000473906 ns, Reaching safepoint: 14042 ns, Cleanup: 14735 ns, At safepoint: 6089 ns, Total: 34866 ns
[2025-10-16T05:44:17.478+0000][7][safepoint   ] Safepoint "Cleanup", Time since last: 2000163031 ns, Reaching safepoint: 7954 ns, Cleanup: 10157 ns, At safepoint: 6472 ns, Total: 24583 ns
[2025-10-16T05:44:31.479+0000][7][safepoint   ] Safepoint "Cleanup", Time since last: 14000962341 ns, Reaching safepoint: 28640 ns, Cleanup: 10624 ns, At safepoint: 7197 ns, Total: 46461 ns
[2025-10-16T05:44:37.479+0000][7][safepoint   ] Safepoint "Cleanup", Time since last: 6000455184 ns, Reaching safepoint: 15696 ns, Cleanup: 8518 ns, At safepoint: 3597 ns, Total: 27811 ns
[2025-10-16T05:44:39.480+0000][7][safepoint   ] Safepoint "Cleanup", Time since last: 2000139334 ns, Reaching safepoint: 7410 ns, Cleanup: 10482 ns, At safepoint: 4511 ns, Total: 22403 ns
[2025-10-16T05:44:43.480+0000][7][safepoint   ] Safepoint "Cleanup", Time since last: 4000398037 ns, Reaching safepoint: 12156 ns, Cleanup: 11709 ns, At safepoint: 5127 ns, Total: 28992 ns
[2025-10-16T05:44:45.480+0000][7][safepoint   ] Safepoint "Cleanup", Time since last: 2000205945 ns, Reaching safepoint: 10287 ns, Cleanup: 10382 ns, At safepoint: 5457 ns, Total: 26126 ns
[2025-10-16T05:44:47.480+0000][7][safepoint   ] Safepoint "Cleanup", Time since last: 2000165775 ns, Reaching safepoint: 8261 ns, Cleanup: 9445 ns, At safepoint: 4709 ns, Total: 22415 ns
[2025-10-16T05:44:59.481+0000][7][safepoint   ] Safepoint "Cleanup", Time since last: 12000948270 ns, Reaching safepoint: 23007 ns, Cleanup: 7297 ns, At safepoint: 4519 ns, Total: 34823 ns
[2025-10-16T05:45:01.482+0000][7][safepoint   ] Safepoint "Cleanup", Time since last: 2000163747 ns, Reaching safepoint: 8561 ns, Cleanup: 7313 ns, At safepoint: 4615 ns, Total: 20489 ns
[2025-10-16T05:45:02.482+0000][7][safepoint   ] Safepoint "Cleanup", Time since last: 1000120889 ns, Reaching safepoint: 18213 ns, Cleanup: 18190 ns, At safepoint: 13939 ns, Total: 50342 ns
[2025-10-16T05:45:04.482+0000][7][safepoint   ] Safepoint "Cleanup", Time since last: 2000236918 ns, Reaching safepoint: 18029 ns, Cleanup: 40688 ns, At safepoint: 26275 ns, Total: 84992 ns
[2025-10-16T05:45:07.482+0000][7][safepoint   ] Safepoint "Cleanup", Time since last: 3000238850 ns, Reaching safepoint: 7435 ns, Cleanup: 8333 ns, At safepoint: 4864 ns, Total: 20632 ns
[2025-10-16T05:45:20.483+0000][7][safepoint   ] Safepoint "Cleanup", Time since last: 13001011834 ns, Reaching safepoint: 18750 ns, Cleanup: 7771 ns, At safepoint: 5087 ns, Total: 31608 ns
[2025-10-16T05:45:22.484+0000][7][safepoint   ] Safepoint "Cleanup", Time since last: 2000205207 ns, Reaching safepoint: 8256 ns, Cleanup: 7213 ns, At safepoint: 4414 ns, Total: 19883 ns
[2025-10-16T05:45:36.485+0000][7][safepoint   ] Safepoint "Cleanup", Time since last: 14000962858 ns, Reaching safepoint: 20809 ns, Cleanup: 8242 ns, At safepoint: 4209 ns, Total: 33260 ns
[2025-10-16T05:45:37.485+0000][7][safepoint   ] Safepoint "Cleanup", Time since last: 1000090465 ns, Reaching safepoint: 34204 ns, Cleanup: 12977 ns, At safepoint: 5654 ns, Total: 52835 ns
[2025-10-16T05:46:03.565+0000][7][safepoint   ] Safepoint "Cleanup", Time since last: 26080252758 ns, Reaching safepoint: 20756 ns, Cleanup: 24547 ns, At safepoint: 8251 ns, Total: 53554 ns
[2025-10-16T05:46:07.565+0000][7][safepoint   ] Safepoint "Cleanup", Time since last: 4000366130 ns, Reaching safepoint: 7348 ns, Cleanup: 10450 ns, At safepoint: 4800 ns, Total: 22598 ns
[2025-10-16T05:46:28.567+0000][7][safepoint   ] Safepoint "Cleanup", Time since last: 21001453483 ns, Reaching safepoint: 20694 ns, Cleanup: 11557 ns, At safepoint: 5829 ns, Total: 38080 ns
[2025-10-16T05:46:30.567+0000][7][safepoint   ] Safepoint "Cleanup", Time since last: 2000224517 ns, Reaching safepoint: 16512 ns, Cleanup: 7318 ns, At safepoint: 5796 ns, Total: 29626 ns
[2025-10-16T05:46:37.568+0000][7][safepoint   ] Safepoint "Cleanup", Time since last: 7000467798 ns, Reaching safepoint: 7826 ns, Cleanup: 9917 ns, At safepoint: 5100 ns, Total: 22843 ns
[2025-10-16T05:46:38.568+0000][7][safepoint   ] Safepoint "Cleanup", Time since last: 1000123557 ns, Reaching safepoint: 28592 ns, Cleanup: 9253 ns, At safepoint: 6487 ns, Total: 44332 ns
[2025-10-16T05:46:46.578+0000][7][safepoint   ] Safepoint "Cleanup", Time since last: 8010489853 ns, Reaching safepoint: 46097 ns, Cleanup: 12318 ns, At safepoint: 5340 ns, Total: 63755 ns
[2025-10-16T05:46:48.579+0000][7][safepoint   ] Safepoint "Cleanup", Time since last: 2000159371 ns, Reaching safepoint: 14412 ns, Cleanup: 17785 ns, At safepoint: 6469 ns, Total: 38666 ns
[2025-10-16T05:46:50.579+0000][7][safepoint   ] Safepoint "Cleanup", Time since last: 2000200274 ns, Reaching safepoint: 18749 ns, Cleanup: 18431 ns, At safepoint: 9879 ns, Total: 47059 ns
[2025-10-16T05:46:52.579+0000][7][safepoint   ] Safepoint "Cleanup", Time since last: 2000177267 ns, Reaching safepoint: 44563 ns, Cleanup: 11190 ns, At safepoint: 7283 ns, Total: 63036 ns
[2025-10-16T05:46:54.579+0000][7][safepoint   ] Safepoint "Cleanup", Time since last: 2000198198 ns, Reaching safepoint: 14337 ns, Cleanup: 11529 ns, At safepoint: 6678 ns, Total: 32544 ns
[2025-10-16T05:46:56.580+0000][7][safepoint   ] Safepoint "Cleanup", Time since last: 2000168277 ns, Reaching safepoint: 11343 ns, Cleanup: 15331 ns, At safepoint: 6411 ns, Total: 33085 ns
[2025-10-16T05:47:07.580+0000][7][safepoint   ] Safepoint "Cleanup", Time since last: 11000795889 ns, Reaching safepoint: 21262 ns, Cleanup: 8610 ns, At safepoint: 4807 ns, Total: 34679 ns
[2025-10-16T05:47:12.581+0000][7][safepoint   ] Safepoint "Cleanup", Time since last: 5000355964 ns, Reaching safepoint: 17576 ns, Cleanup: 17583 ns, At safepoint: 13042 ns, Total: 48201 ns
[2025-10-16T05:47:14.581+0000][7][safepoint   ] Safepoint "Cleanup", Time since last: 2000221017 ns, Reaching safepoint: 17712 ns, Cleanup: 18484 ns, At safepoint: 16277 ns, Total: 52473 ns
[2025-10-16T05:47:19.581+0000][7][safepoint   ] Safepoint "Cleanup", Time since last: 5000393637 ns, Reaching safepoint: 20493 ns, Cleanup: 7872 ns, At safepoint: 4031 ns, Total: 32396 ns
[2025-10-16T05:47:25.582+0000][7][safepoint   ] Safepoint "Cleanup", Time since last: 6000414550 ns, Reaching safepoint: 6895 ns, Cleanup: 9597 ns, At safepoint: 4171 ns, Total: 20663 ns
[2025-10-16T05:47:30.582+0000][7][safepoint   ] Safepoint "Cleanup", Time since last: 5000372282 ns, Reaching safepoint: 7346 ns, Cleanup: 8893 ns, At safepoint: 4652 ns, Total: 20891 ns
[2025-10-16T05:47:43.583+0000][7][safepoint   ] Safepoint "Cleanup", Time since last: 13000947818 ns, Reaching safepoint: 36433 ns, Cleanup: 9891 ns, At safepoint: 6850 ns, Total: 53174 ns
[2025-10-16T05:47:47.584+0000][7][safepoint   ] Safepoint "Cleanup", Time since last: 4000316540 ns, Reaching safepoint: 20501 ns, Cleanup: 9728 ns, At safepoint: 5747 ns, Total: 35976 ns
[2025-10-16T05:47:55.584+0000][7][safepoint   ] Safepoint "Cleanup", Time since last: 8000732890 ns, Reaching safepoint: 8208 ns, Cleanup: 10665 ns, At safepoint: 4798 ns, Total: 23671 ns
[2025-10-16T05:48:14.586+0000][7][safepoint   ] Safepoint "Cleanup", Time since last: 19001430626 ns, Reaching safepoint: 8118 ns, Cleanup: 10246 ns, At safepoint: 4502 ns, Total: 22866 ns
[2025-10-16T05:48:18.586+0000][7][safepoint   ] Safepoint "Cleanup", Time since last: 4000376035 ns, Reaching safepoint: 19054 ns, Cleanup: 13194 ns, At safepoint: 4256 ns, Total: 36504 ns
[2025-10-16T05:48:19.586+0000][7][safepoint   ] Safepoint "Cleanup", Time since last: 1000087041 ns, Reaching safepoint: 8387 ns, Cleanup: 30037 ns, At safepoint: 4834 ns, Total: 43258 ns
[2025-10-16T05:48:24.587+0000][7][safepoint   ] Safepoint "Cleanup", Time since last: 5000357117 ns, Reaching safepoint: 18670 ns, Cleanup: 24376 ns, At safepoint: 14286 ns, Total: 57332 ns
[2025-10-16T05:48:36.588+0000][7][safepoint   ] Safepoint "Cleanup", Time since last: 12000810131 ns, Reaching safepoint: 21166 ns, Cleanup: 16679 ns, At safepoint: 6340 ns, Total: 44185 ns
[2025-10-16T05:48:38.588+0000][7][safepoint   ] Safepoint "Cleanup", Time since last: 2000182110 ns, Reaching safepoint: 33097 ns, Cleanup: 8338 ns, At safepoint: 4354 ns, Total: 45789 ns
[2025-10-16T05:48:53.516+0000][7][safepoint   ] Safepoint "Cleanup", Time since last: 14928041633 ns, Reaching safepoint: 7800 ns, Cleanup: 9189 ns, At safepoint: 4845 ns, Total: 21834 ns
[2025-10-16T05:49:03.517+0000][7][safepoint   ] Safepoint "Cleanup", Time since last: 10000648263 ns, Reaching safepoint: 10024 ns, Cleanup: 10403 ns, At safepoint: 5409 ns, Total: 25836 ns
[2025-10-16T05:49:05.517+0000][7][safepoint   ] Safepoint "Cleanup", Time since last: 2000179218 ns, Reaching safepoint: 34695 ns, Cleanup: 12304 ns, At safepoint: 10970 ns, Total: 57969 ns
[2025-10-16T05:49:11.517+0000][7][safepoint   ] Safepoint "Cleanup", Time since last: 6000436930 ns, Reaching safepoint: 15642 ns, Cleanup: 11717 ns, At safepoint: 10647 ns, Total: 38006 ns
[2025-10-16T05:49:13.518+0000][7][safepoint   ] Safepoint "Cleanup", Time since last: 2000188213 ns, Reaching safepoint: 18203 ns, Cleanup: 17316 ns, At safepoint: 14187 ns, Total: 49706 ns
[2025-10-16T05:49:21.518+0000][7][safepoint   ] Safepoint "Cleanup", Time since last: 8000674780 ns, Reaching safepoint: 26479 ns, Cleanup: 9746 ns, At safepoint: 5614 ns, Total: 41839 ns
[2025-10-16T05:49:29.519+0000][7][safepoint   ] Safepoint "Cleanup", Time since last: 8000865671 ns, Reaching safepoint: 47044 ns, Cleanup: 46035 ns, At safepoint: 20118 ns, Total: 113197 ns
[2025-10-16T05:49:36.520+0000][7][safepoint   ] Safepoint "Cleanup", Time since last: 7000989462 ns, Reaching safepoint: 7487 ns, Cleanup: 14155 ns, At safepoint: 5141 ns, Total: 26783 ns
[2025-10-16T05:49:37.520+0000][7][safepoint   ] Safepoint "Cleanup", Time since last: 1000097806 ns, Reaching safepoint: 11749 ns, Cleanup: 45393 ns, At safepoint: 6774 ns, Total: 63916 ns
[2025-10-16T05:49:38.034+0000][7][safepoint   ] Safepoint "ICBufferFull", Time since last: 513344453 ns, Reaching safepoint: 8123 ns, Cleanup: 95735 ns, At safepoint: 9116 ns, Total: 112974 ns
[2025-10-16T05:49:39.035+0000][7][safepoint   ] Safepoint "Cleanup", Time since last: 1001063634 ns, Reaching safepoint: 10164 ns, Cleanup: 27869 ns, At safepoint: 5116 ns, Total: 43149 ns
[2025-10-16T05:49:41.035+0000][7][safepoint   ] Safepoint "Cleanup", Time since last: 2000157700 ns, Reaching safepoint: 8117 ns, Cleanup: 14852 ns, At safepoint: 4992 ns, Total: 27961 ns
[2025-10-16T05:49:42.035+0000][7][safepoint   ] Safepoint "Cleanup", Time since last: 1000098589 ns, Reaching safepoint: 9527 ns, Cleanup: 31723 ns, At safepoint: 5484 ns, Total: 46734 ns
[2025-10-16T05:49:58.641+0000][7][safepoint   ] Safepoint "Cleanup", Time since last: 16605178597 ns, Reaching safepoint: 51857 ns, Cleanup: 20738 ns, At safepoint: 34619 ns, Total: 107214 ns
[2025-10-16T05:50:08.641+0000][7][safepoint   ] Safepoint "Cleanup", Time since last: 10000695146 ns, Reaching safepoint: 19244 ns, Cleanup: 6705 ns, At safepoint: 4749 ns, Total: 30698 ns
[2025-10-16T05:50:16.642+0000][7][safepoint   ] Safepoint "Cleanup", Time since last: 8000508267 ns, Reaching safepoint: 13443 ns, Cleanup: 8655 ns, At safepoint: 5100 ns, Total: 27198 ns
[2025-10-16T05:50:22.642+0000][7][safepoint   ] Safepoint "Cleanup", Time since last: 6000429731 ns, Reaching safepoint: 22856 ns, Cleanup: 11986 ns, At safepoint: 26958 ns, Total: 61800 ns
[2025-10-16T05:50:24.643+0000][7][safepoint   ] Safepoint "Cleanup", Time since last: 2000148376 ns, Reaching safepoint: 7279 ns, Cleanup: 10204 ns, At safepoint: 4394 ns, Total: 21877 ns
[2025-10-16T05:50:25.643+0000][7][safepoint   ] Safepoint "Cleanup", Time since last: 1000091843 ns, Reaching safepoint: 7332 ns, Cleanup: 7262 ns, At safepoint: 4664 ns, Total: 19258 ns
[2025-10-16T05:50:37.644+0000][7][safepoint   ] Safepoint "Cleanup", Time since last: 12000884693 ns, Reaching safepoint: 12433 ns, Cleanup: 12639 ns, At safepoint: 6144 ns, Total: 31216 ns
[2025-10-16T05:50:38.644+0000][7][safepoint   ] Safepoint "Cleanup", Time since last: 1000101578 ns, Reaching safepoint: 7808 ns, Cleanup: 9709 ns, At safepoint: 4326 ns, Total: 21843 ns
[2025-10-16T05:50:39.644+0000][7][safepoint   ] Safepoint "Cleanup", Time since last: 1000089138 ns, Reaching safepoint: 8216 ns, Cleanup: 7516 ns, At safepoint: 4582 ns, Total: 20314 ns
[2025-10-16T05:50:42.644+0000][7][safepoint   ] Safepoint "Cleanup", Time since last: 3000261399 ns, Reaching safepoint: 25235 ns, Cleanup: 20338 ns, At safepoint: 13981 ns, Total: 59554 ns
[2025-10-16T05:50:56.659+0000][7][safepoint   ] Safepoint "Cleanup", Time since last: 14014596071 ns, Reaching safepoint: 26982 ns, Cleanup: 11039 ns, At safepoint: 8122 ns, Total: 46143 ns
[2025-10-16T05:51:01.659+0000][7][safepoint   ] Safepoint "Cleanup", Time since last: 5000405376 ns, Reaching safepoint: 10686 ns, Cleanup: 13800 ns, At safepoint: 6621 ns, Total: 31107 ns
[2025-10-16T05:51:05.660+0000][7][safepoint   ] Safepoint "Cleanup", Time since last: 4000282835 ns, Reaching safepoint: 7003 ns, Cleanup: 7395 ns, At safepoint: 4322 ns, Total: 18720 ns
[2025-10-16T05:51:07.660+0000][7][safepoint   ] Safepoint "Cleanup", Time since last: 2000155796 ns, Reaching safepoint: 20706 ns, Cleanup: 9527 ns, At safepoint: 5040 ns, Total: 35273 ns
[2025-10-16T05:51:13.660+0000][7][safepoint   ] Safepoint "Cleanup", Time since last: 6000369389 ns, Reaching safepoint: 7251 ns, Cleanup: 6221 ns, At safepoint: 4461 ns, Total: 17933 ns
[2025-10-16T05:51:15.660+0000][7][safepoint   ] Safepoint "Cleanup", Time since last: 2000176370 ns, Reaching safepoint: 7583 ns, Cleanup: 12902 ns, At safepoint: 4989 ns, Total: 25474 ns
[2025-10-16T05:51:16.660+0000][7][safepoint   ] Safepoint "Cleanup", Time since last: 1000090809 ns, Reaching safepoint: 8683 ns, Cleanup: 8239 ns, At safepoint: 4858 ns, Total: 21780 ns
[2025-10-16T05:51:21.661+0000][7][safepoint   ] Safepoint "Cleanup", Time since last: 5000332953 ns, Reaching safepoint: 17686 ns, Cleanup: 22381 ns, At safepoint: 13596 ns, Total: 53663 ns
[2025-10-16T05:51:36.662+0000][7][safepoint   ] Safepoint "Cleanup", Time since last: 15000972332 ns, Reaching safepoint: 22976 ns, Cleanup: 7811 ns, At safepoint: 4543 ns, Total: 35330 ns
[2025-10-16T05:51:37.662+0000][7][safepoint   ] Safepoint "Cleanup", Time since last: 1000097173 ns, Reaching safepoint: 7716 ns, Cleanup: 9747 ns, At safepoint: 4905 ns, Total: 22368 ns
[2025-10-16T05:51:38.662+0000][7][safepoint   ] Safepoint "Cleanup", Time since last: 1000091700 ns, Reaching safepoint: 7574 ns, Cleanup: 10691 ns, At safepoint: 3789 ns, Total: 22054 ns
[2025-10-16T05:51:45.673+0000][7][safepoint   ] Safepoint "Cleanup", Time since last: 7011018854 ns, Reaching safepoint: 17748 ns, Cleanup: 8109 ns, At safepoint: 5635 ns, Total: 31492 ns
[2025-10-16T05:51:46.673+0000][7][safepoint   ] Safepoint "Cleanup", Time since last: 1000086379 ns, Reaching safepoint: 7218 ns, Cleanup: 12526 ns, At safepoint: 4286 ns, Total: 24030 ns
[2025-10-16T05:51:50.674+0000][7][safepoint   ] Safepoint "Cleanup", Time since last: 4000264463 ns, Reaching safepoint: 7694 ns, Cleanup: 8340 ns, At safepoint: 4775 ns, Total: 20809 ns
[2025-10-16T05:52:06.675+0000][7][safepoint   ] Safepoint "Cleanup", Time since last: 16000994578 ns, Reaching safepoint: 23603 ns, Cleanup: 8712 ns, At safepoint: 5002 ns, Total: 37317 ns
[2025-10-16T05:52:08.675+0000][7][safepoint   ] Safepoint "Cleanup", Time since last: 2000318256 ns, Reaching safepoint: 10925 ns, Cleanup: 8883 ns, At safepoint: 6105 ns, Total: 25913 ns
[2025-10-16T05:52:11.675+0000][7][safepoint   ] Safepoint "Cleanup", Time since last: 3000304763 ns, Reaching safepoint: 38884 ns, Cleanup: 42222 ns, At safepoint: 18260 ns, Total: 99366 ns
[2025-10-16T05:52:31.677+0000][7][safepoint   ] Safepoint "Cleanup", Time since last: 20001516769 ns, Reaching safepoint: 19087 ns, Cleanup: 9161 ns, At safepoint: 5232 ns, Total: 33480 ns
[2025-10-16T05:52:45.690+0000][7][safepoint   ] Safepoint "Cleanup", Time since last: 14013439240 ns, Reaching safepoint: 9354 ns, Cleanup: 8475 ns, At safepoint: 5063 ns, Total: 22892 ns
[2025-10-16T05:52:56.691+0000][7][safepoint   ] Safepoint "Cleanup", Time since last: 11000755086 ns, Reaching safepoint: 39413 ns, Cleanup: 9486 ns, At safepoint: 7744 ns, Total: 56643 ns
[2025-10-16T05:53:04.692+0000][7][safepoint   ] Safepoint "Cleanup", Time since last: 8000504120 ns, Reaching safepoint: 8167 ns, Cleanup: 8477 ns, At safepoint: 4944 ns, Total: 21588 ns
[2025-10-16T05:53:06.692+0000][7][safepoint   ] Safepoint "Cleanup", Time since last: 2000168659 ns, Reaching safepoint: 17405 ns, Cleanup: 7300 ns, At safepoint: 4702 ns, Total: 29407 ns
[2025-10-16T05:53:07.692+0000][7][safepoint   ] Safepoint "Cleanup", Time since last: 1000082418 ns, Reaching safepoint: 7541 ns, Cleanup: 6924 ns, At safepoint: 3359 ns, Total: 17824 ns
[2025-10-16T05:53:18.693+0000][7][safepoint   ] Safepoint "Cleanup", Time since last: 11000742498 ns, Reaching safepoint: 8732 ns, Cleanup: 8922 ns, At safepoint: 5416 ns, Total: 23070 ns
[2025-10-16T05:53:20.693+0000][7][safepoint   ] Safepoint "Cleanup", Time since last: 2000181472 ns, Reaching safepoint: 17229 ns, Cleanup: 7286 ns, At safepoint: 5792 ns, Total: 30307 ns
[2025-10-16T05:53:24.694+0000][7][safepoint   ] Safepoint "Cleanup", Time since last: 4001266281 ns, Reaching safepoint: 7457 ns, Cleanup: 6791 ns, At safepoint: 4142 ns, Total: 18390 ns
[2025-10-16T05:53:36.695+0000][7][safepoint   ] Safepoint "Cleanup", Time since last: 12000751774 ns, Reaching safepoint: 19527 ns, Cleanup: 9797 ns, At safepoint: 6177 ns, Total: 35501 ns
[2025-10-16T05:54:01.697+0000][7][safepoint   ] Safepoint "Cleanup", Time since last: 25001585704 ns, Reaching safepoint: 27580 ns, Cleanup: 10345 ns, At safepoint: 6072 ns, Total: 43997 ns
[2025-10-16T05:54:05.697+0000][7][safepoint   ] Safepoint "Cleanup", Time since last: 4000300084 ns, Reaching safepoint: 11860 ns, Cleanup: 8669 ns, At safepoint: 6503 ns, Total: 27032 ns
[2025-10-16T05:54:32.699+0000][7][safepoint   ] Safepoint "Cleanup", Time since last: 27001612601 ns, Reaching safepoint: 24740 ns, Cleanup: 9944 ns, At safepoint: 5540 ns, Total: 40224 ns
[2025-10-16T05:54:38.699+0000][7][safepoint   ] Safepoint "Cleanup", Time since last: 6000438133 ns, Reaching safepoint: 20756 ns, Cleanup: 7460 ns, At safepoint: 11622 ns, Total: 39838 ns
[2025-10-16T05:54:44.699+0000][7][safepoint   ] Safepoint "Cleanup", Time since last: 6000383465 ns, Reaching safepoint: 10277 ns, Cleanup: 9889 ns, At safepoint: 6658 ns, Total: 26824 ns
[2025-10-16T05:54:46.700+0000][7][safepoint   ] Safepoint "Cleanup", Time since last: 2000158592 ns, Reaching safepoint: 8288 ns, Cleanup: 7580 ns, At safepoint: 4266 ns, Total: 20134 ns
[2025-10-16T05:55:14.701+0000][7][safepoint   ] Safepoint "Cleanup", Time since last: 28001692821 ns, Reaching safepoint: 25308 ns, Cleanup: 9939 ns, At safepoint: 5224 ns, Total: 40471 ns
[2025-10-16T05:55:29.702+0000][7][safepoint   ] Safepoint "Cleanup", Time since last: 15001049639 ns, Reaching safepoint: 20385 ns, Cleanup: 12456 ns, At safepoint: 5438 ns, Total: 38279 ns
[2025-10-16T05:55:37.703+0000][7][safepoint   ] Safepoint "Cleanup", Time since last: 8000501683 ns, Reaching safepoint: 7677 ns, Cleanup: 7277 ns, At safepoint: 4492 ns, Total: 19446 ns
[2025-10-16T05:55:39.703+0000][7][safepoint   ] Safepoint "Cleanup", Time since last: 2000141308 ns, Reaching safepoint: 23860 ns, Cleanup: 8161 ns, At safepoint: 5819 ns, Total: 37840 ns
[2025-10-16T05:55:55.704+0000][7][safepoint   ] Safepoint "Cleanup", Time since last: 16000989843 ns, Reaching safepoint: 24151 ns, Cleanup: 9142 ns, At safepoint: 4518 ns, Total: 37811 ns
[2025-10-16T05:55:56.704+0000][7][safepoint   ] Safepoint "Cleanup", Time since last: 1000091207 ns, Reaching safepoint: 7400 ns, Cleanup: 7443 ns, At safepoint: 5462 ns, Total: 20305 ns
[2025-10-16T05:56:00.705+0000][7][safepoint   ] Safepoint "Cleanup", Time since last: 4000279743 ns, Reaching safepoint: 10589 ns, Cleanup: 7821 ns, At safepoint: 4986 ns, Total: 23396 ns
[2025-10-16T05:56:22.706+0000][7][safepoint   ] Safepoint "Cleanup", Time since last: 22001416950 ns, Reaching safepoint: 18866 ns, Cleanup: 13043 ns, At safepoint: 4722 ns, Total: 36631 ns
[2025-10-16T05:56:40.707+0000][7][safepoint   ] Safepoint "Cleanup", Time since last: 18001270050 ns, Reaching safepoint: 22536 ns, Cleanup: 7158 ns, At safepoint: 7096 ns, Total: 36790 ns
[2025-10-16T05:57:03.709+0000][7][safepoint   ] Safepoint "Cleanup", Time since last: 23001733043 ns, Reaching safepoint: 44727 ns, Cleanup: 8094 ns, At safepoint: 5539 ns, Total: 58360 ns
[2025-10-16T05:57:19.710+0000][7][safepoint   ] Safepoint "Cleanup", Time since last: 16001271510 ns, Reaching safepoint: 21221 ns, Cleanup: 10639 ns, At safepoint: 4537 ns, Total: 36397 ns
[2025-10-16T05:57:21.711+0000][7][safepoint   ] Safepoint "Cleanup", Time since last: 2000143471 ns, Reaching safepoint: 8041 ns, Cleanup: 7613 ns, At safepoint: 4680 ns, Total: 20334 ns
[2025-10-16T05:57:23.711+0000][7][safepoint   ] Safepoint "Cleanup", Time since last: 2000184939 ns, Reaching safepoint: 8231 ns, Cleanup: 7107 ns, At safepoint: 5216 ns, Total: 20554 ns
[2025-10-16T05:57:41.712+0000][7][safepoint   ] Safepoint "Cleanup", Time since last: 18001324666 ns, Reaching safepoint: 8013 ns, Cleanup: 7509 ns, At safepoint: 4628 ns, Total: 20150 ns
[2025-10-16T05:57:49.767+0000][7][safepoint   ] Safepoint "Cleanup", Time since last: 8055127498 ns, Reaching safepoint: 10955 ns, Cleanup: 47231 ns, At safepoint: 5958 ns, Total: 64144 ns
[2025-10-16T05:58:02.768+0000][7][safepoint   ] Safepoint "Cleanup", Time since last: 13000837621 ns, Reaching safepoint: 37902 ns, Cleanup: 15274 ns, At safepoint: 7900 ns, Total: 61076 ns
[2025-10-16T05:58:05.769+0000][7][safepoint   ] Safepoint "Cleanup", Time since last: 3000218218 ns, Reaching safepoint: 7523 ns, Cleanup: 7652 ns, At safepoint: 3539 ns, Total: 18714 ns
[2025-10-16T05:58:08.769+0000][7][safepoint   ] Safepoint "Cleanup", Time since last: 3000239010 ns, Reaching safepoint: 7696 ns, Cleanup: 7807 ns, At safepoint: 5034 ns, Total: 20537 ns
[2025-10-16T05:58:12.769+0000][7][safepoint   ] Safepoint "Cleanup", Time since last: 4000352693 ns, Reaching safepoint: 49944 ns, Cleanup: 32182 ns, At safepoint: 39258 ns, Total: 121384 ns
[2025-10-16T05:58:19.770+0000][7][safepoint   ] Safepoint "Cleanup", Time since last: 7000475031 ns, Reaching safepoint: 8670 ns, Cleanup: 11164 ns, At safepoint: 5650 ns, Total: 25484 ns
[2025-10-16T05:58:45.772+0000][7][safepoint   ] Safepoint "Cleanup", Time since last: 26001767857 ns, Reaching safepoint: 9527 ns, Cleanup: 10716 ns, At safepoint: 5265 ns, Total: 25508 ns
[2025-10-16T05:59:05.774+0000][7][safepoint   ] Safepoint "Cleanup", Time since last: 20002149224 ns, Reaching safepoint: 18735 ns, Cleanup: 8767 ns, At safepoint: 5201 ns, Total: 32703 ns
[2025-10-16T05:59:15.774+0000][7][safepoint   ] Safepoint "Cleanup", Time since last: 10000669819 ns, Reaching safepoint: 50345 ns, Cleanup: 7561 ns, At safepoint: 5737 ns, Total: 63643 ns
[2025-10-16T05:59:23.775+0000][7][safepoint   ] Safepoint "Cleanup", Time since last: 8000699198 ns, Reaching safepoint: 17848 ns, Cleanup: 58559 ns, At safepoint: 4659 ns, Total: 81066 ns
[2025-10-16T05:59:25.775+0000][7][safepoint   ] Safepoint "Cleanup", Time since last: 2000205142 ns, Reaching safepoint: 7185 ns, Cleanup: 7190 ns, At safepoint: 4171 ns, Total: 18546 ns
[2025-10-16T05:59:30.776+0000][7][safepoint   ] Safepoint "Cleanup", Time since last: 5000362813 ns, Reaching safepoint: 20651 ns, Cleanup: 7668 ns, At safepoint: 3902 ns, Total: 32221 ns
[2025-10-16T05:59:31.776+0000][7][safepoint   ] Safepoint "Cleanup", Time since last: 1000113091 ns, Reaching safepoint: 18828 ns, Cleanup: 20417 ns, At safepoint: 15306 ns, Total: 54551 ns
[2025-10-16T05:59:36.777+0000][7][safepoint   ] Safepoint "Cleanup", Time since last: 5000556040 ns, Reaching safepoint: 9526 ns, Cleanup: 9157 ns, At safepoint: 6273 ns, Total: 24956 ns
[2025-10-16T05:59:37.777+0000][7][safepoint   ] Safepoint "Cleanup", Time since last: 1000095339 ns, Reaching safepoint: 7483 ns, Cleanup: 9655 ns, At safepoint: 23301 ns, Total: 40439 ns
[2025-10-16T05:59:48.778+0000][7][safepoint   ] Safepoint "Cleanup", Time since last: 11000729694 ns, Reaching safepoint: 22638 ns, Cleanup: 9656 ns, At safepoint: 5627 ns, Total: 37921 ns
[2025-10-16T05:59:50.778+0000][7][safepoint   ] Safepoint "Cleanup", Time since last: 2000217301 ns, Reaching safepoint: 18332 ns, Cleanup: 34453 ns, At safepoint: 4764 ns, Total: 57549 ns
[2025-10-16T06:00:00.779+0000][7][safepoint   ] Safepoint "Cleanup", Time since last: 10000813532 ns, Reaching safepoint: 26316 ns, Cleanup: 10212 ns, At safepoint: 7035 ns, Total: 43563 ns
[2025-10-16T06:00:07.779+0000][7][safepoint   ] Safepoint "Cleanup", Time since last: 7000520309 ns, Reaching safepoint: 18509 ns, Cleanup: 18667 ns, At safepoint: 27559 ns, Total: 64735 ns
[2025-10-16T06:00:08.779+0000][7][safepoint   ] Safepoint "Cleanup", Time since last: 1000109960 ns, Reaching safepoint: 7290 ns, Cleanup: 7349 ns, At safepoint: 4480 ns, Total: 19119 ns
[2025-10-16T06:00:12.780+0000][7][safepoint   ] Safepoint "Cleanup", Time since last: 4000315686 ns, Reaching safepoint: 7629 ns, Cleanup: 6831 ns, At safepoint: 4970 ns, Total: 19430 ns
[2025-10-16T06:00:37.781+0000][7][safepoint   ] Safepoint "Cleanup", Time since last: 25001668139 ns, Reaching safepoint: 20028 ns, Cleanup: 9164 ns, At safepoint: 5343 ns, Total: 34535 ns
[2025-10-16T06:01:05.783+0000][7][safepoint   ] Safepoint "Cleanup", Time since last: 28002013361 ns, Reaching safepoint: 21465 ns, Cleanup: 11501 ns, At safepoint: 5088 ns, Total: 38054 ns
[2025-10-16T06:01:32.786+0000][7][safepoint   ] Safepoint "Cleanup", Time since last: 27002099327 ns, Reaching safepoint: 20674 ns, Cleanup: 7360 ns, At safepoint: 6064 ns, Total: 34098 ns
[2025-10-16T06:01:38.786+0000][7][safepoint   ] Safepoint "Cleanup", Time since last: 6000581527 ns, Reaching safepoint: 7706 ns, Cleanup: 7311 ns, At safepoint: 4221 ns, Total: 19238 ns
[2025-10-16T06:01:40.786+0000][7][safepoint   ] Safepoint "Cleanup", Time since last: 2000174185 ns, Reaching safepoint: 12086 ns, Cleanup: 9903 ns, At safepoint: 5496 ns, Total: 27485 ns
[2025-10-16T06:01:42.787+0000][7][safepoint   ] Safepoint "Cleanup", Time since last: 2000159072 ns, Reaching safepoint: 7164 ns, Cleanup: 7377 ns, At safepoint: 5120 ns, Total: 19661 ns
[2025-10-16T06:01:46.787+0000][7][safepoint   ] Safepoint "Cleanup", Time since last: 4000451698 ns, Reaching safepoint: 8251 ns, Cleanup: 9583 ns, At safepoint: 5039 ns, Total: 22873 ns
[2025-10-16T06:02:02.788+0000][7][safepoint   ] Safepoint "Cleanup", Time since last: 16001140415 ns, Reaching safepoint: 28190 ns, Cleanup: 8715 ns, At safepoint: 6282 ns, Total: 43187 ns
[2025-10-16T06:02:07.789+0000][7][safepoint   ] Safepoint "Cleanup", Time since last: 5000370916 ns, Reaching safepoint: 20543 ns, Cleanup: 8469 ns, At safepoint: 5160 ns, Total: 34172 ns
[2025-10-16T06:02:08.789+0000][7][safepoint   ] Safepoint "Cleanup", Time since last: 1000088702 ns, Reaching safepoint: 7677 ns, Cleanup: 8800 ns, At safepoint: 5302 ns, Total: 21779 ns
[2025-10-16T06:02:29.790+0000][7][safepoint   ] Safepoint "Cleanup", Time since last: 21001393511 ns, Reaching safepoint: 22203 ns, Cleanup: 7443 ns, At safepoint: 4926 ns, Total: 34572 ns
[2025-10-16T06:02:35.791+0000][7][safepoint   ] Safepoint "Cleanup", Time since last: 6000460243 ns, Reaching safepoint: 21109 ns, Cleanup: 9021 ns, At safepoint: 4782 ns, Total: 34912 ns
[2025-10-16T06:02:37.791+0000][7][safepoint   ] Safepoint "Cleanup", Time since last: 2000249262 ns, Reaching safepoint: 18528 ns, Cleanup: 22048 ns, At safepoint: 13838 ns, Total: 54414 ns
[2025-10-16T06:02:38.791+0000][7][safepoint   ] Safepoint "Cleanup", Time since last: 1000107367 ns, Reaching safepoint: 7255 ns, Cleanup: 6857 ns, At safepoint: 16134 ns, Total: 30246 ns
[2025-10-16T06:02:49.792+0000][7][safepoint   ] Safepoint "Cleanup", Time since last: 11000800638 ns, Reaching safepoint: 56182 ns, Cleanup: 54854 ns, At safepoint: 5986 ns, Total: 117022 ns
[2025-10-16T06:03:02.793+0000][7][safepoint   ] Safepoint "Cleanup", Time since last: 13000867268 ns, Reaching safepoint: 7985 ns, Cleanup: 7354 ns, At safepoint: 4627 ns, Total: 19966 ns
[2025-10-16T06:03:05.793+0000][7][safepoint   ] Safepoint "Cleanup", Time since last: 3000316947 ns, Reaching safepoint: 28603 ns, Cleanup: 10304 ns, At safepoint: 7077 ns, Total: 45984 ns
[2025-10-16T06:03:07.793+0000][7][safepoint   ] Safepoint "Cleanup", Time since last: 2000172670 ns, Reaching safepoint: 8946 ns, Cleanup: 8942 ns, At safepoint: 5887 ns, Total: 23775 ns
[2025-10-16T06:03:11.794+0000][7][safepoint   ] Safepoint "Cleanup", Time since last: 4000384590 ns, Reaching safepoint: 8123 ns, Cleanup: 7569 ns, At safepoint: 4738 ns, Total: 20430 ns
[2025-10-16T06:03:48.797+0000][7][safepoint   ] Safepoint "Cleanup", Time since last: 37002805223 ns, Reaching safepoint: 7178 ns, Cleanup: 8853 ns, At safepoint: 5284 ns, Total: 21315 ns
[2025-10-16T06:04:07.798+0000][7][safepoint   ] Safepoint "Cleanup", Time since last: 19001288056 ns, Reaching safepoint: 53113 ns, Cleanup: 45258 ns, At safepoint: 5266 ns, Total: 103637 ns
[2025-10-16T06:04:11.798+0000][7][safepoint   ] Safepoint "Cleanup", Time since last: 4000272950 ns, Reaching safepoint: 8377 ns, Cleanup: 15318 ns, At safepoint: 5492 ns, Total: 29187 ns
[2025-10-16T06:04:13.799+0000][7][safepoint   ] Safepoint "Cleanup", Time since last: 2000240339 ns, Reaching safepoint: 9200 ns, Cleanup: 7725 ns, At safepoint: 5399 ns, Total: 22324 ns
[2025-10-16T06:04:28.800+0000][7][safepoint   ] Safepoint "Cleanup", Time since last: 15001105802 ns, Reaching safepoint: 22665 ns, Cleanup: 11047 ns, At safepoint: 4974 ns, Total: 38686 ns
[2025-10-16T06:04:42.801+0000][7][safepoint   ] Safepoint "Cleanup", Time since last: 14000951190 ns, Reaching safepoint: 56315 ns, Cleanup: 18805 ns, At safepoint: 27990 ns, Total: 103110 ns
[2025-10-16T06:06:00.806+0000][7][safepoint   ] Safepoint "Cleanup", Time since last: 78005546136 ns, Reaching safepoint: 19210 ns, Cleanup: 11346 ns, At safepoint: 5997 ns, Total: 36553 ns
[2025-10-16T06:06:02.807+0000][7][safepoint   ] Safepoint "Cleanup", Time since last: 2000138761 ns, Reaching safepoint: 7251 ns, Cleanup: 10016 ns, At safepoint: 4425 ns, Total: 21692 ns
[2025-10-16T06:06:03.807+0000][7][safepoint   ] Safepoint "Cleanup", Time since last: 1000121313 ns, Reaching safepoint: 20882 ns, Cleanup: 20760 ns, At safepoint: 15943 ns, Total: 57585 ns
[2025-10-16T06:06:06.807+0000][7][safepoint   ] Safepoint "Cleanup", Time since last: 3000267784 ns, Reaching safepoint: 8289 ns, Cleanup: 43975 ns, At safepoint: 5740 ns, Total: 58004 ns
[2025-10-16T06:06:11.808+0000][7][safepoint   ] Safepoint "Cleanup", Time since last: 5000382254 ns, Reaching safepoint: 52467 ns, Cleanup: 32905 ns, At safepoint: 4424 ns, Total: 89796 ns
[2025-10-16T06:06:12.808+0000][7][safepoint   ] Safepoint "Cleanup", Time since last: 1000088911 ns, Reaching safepoint: 12015 ns, Cleanup: 24474 ns, At safepoint: 33735 ns, Total: 70224 ns
[2025-10-16T06:06:20.808+0000][7][safepoint   ] Safepoint "Cleanup", Time since last: 8000557020 ns, Reaching safepoint: 7660 ns, Cleanup: 28300 ns, At safepoint: 4398 ns, Total: 40358 ns
[2025-10-16T06:06:23.809+0000][7][safepoint   ] Safepoint "Cleanup", Time since last: 3000237214 ns, Reaching safepoint: 18830 ns, Cleanup: 26390 ns, At safepoint: 14425 ns, Total: 59645 ns
[2025-10-16T06:06:24.809+0000][7][safepoint   ] Safepoint "Cleanup", Time since last: 1000137752 ns, Reaching safepoint: 27322 ns, Cleanup: 10778 ns, At safepoint: 8255 ns, Total: 46355 ns
[2025-10-16T06:06:25.809+0000][7][safepoint   ] Safepoint "Cleanup", Time since last: 1000104370 ns, Reaching safepoint: 7040 ns, Cleanup: 6947 ns, At safepoint: 4217 ns, Total: 18204 ns
[2025-10-16T06:06:26.809+0000][7][safepoint   ] Safepoint "Cleanup", Time since last: 1000085705 ns, Reaching safepoint: 7894 ns, Cleanup: 12166 ns, At safepoint: 4280 ns, Total: 24340 ns
[2025-10-16T06:06:27.809+0000][7][safepoint   ] Safepoint "Cleanup", Time since last: 1000091962 ns, Reaching safepoint: 34036 ns, Cleanup: 10393 ns, At safepoint: 6459 ns, Total: 50888 ns
[2025-10-16T06:06:28.809+0000][7][safepoint   ] Safepoint "Cleanup", Time since last: 1000135895 ns, Reaching safepoint: 8453 ns, Cleanup: 46778 ns, At safepoint: 5554 ns, Total: 60785 ns
[2025-10-16T06:06:38.810+0000][7][safepoint   ] Safepoint "Cleanup", Time since last: 10000759731 ns, Reaching safepoint: 19688 ns, Cleanup: 12388 ns, At safepoint: 4179 ns, Total: 36255 ns
[2025-10-16T06:06:39.810+0000][7][safepoint   ] Safepoint "Cleanup", Time since last: 1000083486 ns, Reaching safepoint: 8154 ns, Cleanup: 10437 ns, At safepoint: 4557 ns, Total: 23148 ns
[2025-10-16T06:06:44.921+0000][7][safepoint   ] Safepoint "Cleanup", Time since last: 5111031528 ns, Reaching safepoint: 12840 ns, Cleanup: 10858 ns, At safepoint: 6391 ns, Total: 30089 ns
[2025-10-16T06:06:45.922+0000][7][safepoint   ] Safepoint "Cleanup", Time since last: 1000143168 ns, Reaching safepoint: 7395 ns, Cleanup: 12462 ns, At safepoint: 5601 ns, Total: 25458 ns
[2025-10-16T06:06:46.922+0000][7][safepoint   ] Safepoint "Cleanup", Time since last: 1000087087 ns, Reaching safepoint: 6920 ns, Cleanup: 9501 ns, At safepoint: 4923 ns, Total: 21344 ns
[2025-10-16T06:06:48.922+0000][7][safepoint   ] Safepoint "Cleanup", Time since last: 2000217665 ns, Reaching safepoint: 59199 ns, Cleanup: 47172 ns, At safepoint: 6328 ns, Total: 112699 ns
[2025-10-16T06:06:49.922+0000][7][safepoint   ] Safepoint "Cleanup", Time since last: 1000121593 ns, Reaching safepoint: 9764 ns, Cleanup: 14157 ns, At safepoint: 5683 ns, Total: 29604 ns
[2025-10-16T06:06:50.922+0000][7][safepoint   ] Safepoint "Cleanup", Time since last: 1000093095 ns, Reaching safepoint: 7439 ns, Cleanup: 13767 ns, At safepoint: 4967 ns, Total: 26173 ns
[2025-10-16T06:06:59.923+0000][7][safepoint   ] Safepoint "Cleanup", Time since last: 9000655935 ns, Reaching safepoint: 74122 ns, Cleanup: 14336 ns, At safepoint: 5948 ns, Total: 94406 ns
[2025-10-16T06:07:00.923+0000][7][safepoint   ] Safepoint "Cleanup", Time since last: 1000142389 ns, Reaching safepoint: 22485 ns, Cleanup: 24907 ns, At safepoint: 15423 ns, Total: 62815 ns
[2025-10-16T06:07:04.924+0000][7][safepoint   ] Safepoint "Cleanup", Time since last: 4000353093 ns, Reaching safepoint: 23324 ns, Cleanup: 7732 ns, At safepoint: 4514 ns, Total: 35570 ns
[2025-10-16T06:07:10.924+0000][7][safepoint   ] Safepoint "Cleanup", Time since last: 6000413988 ns, Reaching safepoint: 8071 ns, Cleanup: 6601 ns, At safepoint: 4472 ns, Total: 19144 ns
[2025-10-16T06:07:33.926+0000][7][safepoint   ] Safepoint "Cleanup", Time since last: 23002275308 ns, Reaching safepoint: 14391 ns, Cleanup: 9430 ns, At safepoint: 23452 ns, Total: 47273 ns
[2025-10-16T06:07:38.927+0000][7][safepoint   ] Safepoint "Cleanup", Time since last: 5000378136 ns, Reaching safepoint: 10272 ns, Cleanup: 9028 ns, At safepoint: 4698 ns, Total: 23998 ns
[2025-10-16T06:07:41.927+0000][7][safepoint   ] Safepoint "Cleanup", Time since last: 3000196961 ns, Reaching safepoint: 6371 ns, Cleanup: 5690 ns, At safepoint: 4093 ns, Total: 16154 ns
[2025-10-16T06:07:57.928+0000][7][safepoint   ] Safepoint "Cleanup", Time since last: 16001110172 ns, Reaching safepoint: 96051 ns, Cleanup: 28201 ns, At safepoint: 3725 ns, Total: 127977 ns
[2025-10-16T06:08:07.929+0000][7][safepoint   ] Safepoint "Cleanup", Time since last: 10000662796 ns, Reaching safepoint: 23826 ns, Cleanup: 10183 ns, At safepoint: 4702 ns, Total: 38711 ns
[2025-10-16T06:08:19.930+0000][7][safepoint   ] Safepoint "Cleanup", Time since last: 12000749842 ns, Reaching safepoint: 21163 ns, Cleanup: 7826 ns, At safepoint: 4987 ns, Total: 33976 ns
[2025-10-16T06:08:28.930+0000][7][safepoint   ] Safepoint "Cleanup", Time since last: 9000636756 ns, Reaching safepoint: 9990 ns, Cleanup: 9318 ns, At safepoint: 4923 ns, Total: 24231 ns
[2025-10-16T06:08:36.931+0000][7][safepoint   ] Safepoint "Cleanup", Time since last: 8000548396 ns, Reaching safepoint: 21382 ns, Cleanup: 8223 ns, At safepoint: 4997 ns, Total: 34602 ns
[2025-10-16T06:08:41.931+0000][7][safepoint   ] Safepoint "Cleanup", Time since last: 5000420001 ns, Reaching safepoint: 9841 ns, Cleanup: 8072 ns, At safepoint: 4916 ns, Total: 22829 ns
[2025-10-16T06:08:42.932+0000][7][safepoint   ] Safepoint "Cleanup", Time since last: 1000144645 ns, Reaching safepoint: 8005 ns, Cleanup: 8085 ns, At safepoint: 5757 ns, Total: 21847 ns
[2025-10-16T06:09:45.936+0000][7][safepoint   ] Safepoint "Cleanup", Time since last: 63004423734 ns, Reaching safepoint: 8206 ns, Cleanup: 8106 ns, At safepoint: 5032 ns, Total: 21344 ns
[2025-10-16T06:10:08.938+0000][7][safepoint   ] Safepoint "Cleanup", Time since last: 23001514345 ns, Reaching safepoint: 20291 ns, Cleanup: 7298 ns, At safepoint: 4546 ns, Total: 32135 ns
[2025-10-16T06:10:20.938+0000][7][safepoint   ] Safepoint "Cleanup", Time since last: 12000893820 ns, Reaching safepoint: 8109 ns, Cleanup: 7014 ns, At safepoint: 4356 ns, Total: 19479 ns
[2025-10-16T06:10:32.939+0000][7][safepoint   ] Safepoint "Cleanup", Time since last: 12000774744 ns, Reaching safepoint: 25020 ns, Cleanup: 8682 ns, At safepoint: 4754 ns, Total: 38456 ns
[2025-10-16T06:10:37.940+0000][7][safepoint   ] Safepoint "Cleanup", Time since last: 5000371684 ns, Reaching safepoint: 65131 ns, Cleanup: 8295 ns, At safepoint: 9730 ns, Total: 83156 ns
[2025-10-16T06:10:38.940+0000][7][safepoint   ] Safepoint "Cleanup", Time since last: 1000119113 ns, Reaching safepoint: 19040 ns, Cleanup: 35451 ns, At safepoint: 15144 ns, Total: 69635 ns
[2025-10-16T06:11:07.942+0000][7][safepoint   ] Safepoint "Cleanup", Time since last: 29002164508 ns, Reaching safepoint: 76707 ns, Cleanup: 24324 ns, At safepoint: 7153 ns, Total: 108184 ns
[2025-10-16T06:11:31.944+0000][7][safepoint   ] Safepoint "Cleanup", Time since last: 24001538911 ns, Reaching safepoint: 22242 ns, Cleanup: 7261 ns, At safepoint: 4709 ns, Total: 34212 ns
[2025-10-16T06:11:38.944+0000][7][safepoint   ] Safepoint "Cleanup", Time since last: 7000541151 ns, Reaching safepoint: 26863 ns, Cleanup: 8900 ns, At safepoint: 6855 ns, Total: 42618 ns
[2025-10-16T06:11:52.945+0000][7][safepoint   ] Safepoint "Cleanup", Time since last: 14001021468 ns, Reaching safepoint: 8862 ns, Cleanup: 10322 ns, At safepoint: 4618 ns, Total: 23802 ns
[2025-10-16T06:12:06.946+0000][7][safepoint   ] Safepoint "Cleanup", Time since last: 14001006992 ns, Reaching safepoint: 20001 ns, Cleanup: 7276 ns, At safepoint: 4957 ns, Total: 32234 ns
[2025-10-16T06:12:10.947+0000][7][safepoint   ] Safepoint "Cleanup", Time since last: 4000283607 ns, Reaching safepoint: 23915 ns, Cleanup: 8212 ns, At safepoint: 6953 ns, Total: 39080 ns
[2025-10-16T06:12:49.949+0000][7][safepoint   ] Safepoint "Cleanup", Time since last: 39002525442 ns, Reaching safepoint: 7775 ns, Cleanup: 7261 ns, At safepoint: 4421 ns, Total: 19457 ns
[2025-10-16T06:12:53.950+0000][7][safepoint   ] Safepoint "Cleanup", Time since last: 4000325469 ns, Reaching safepoint: 19225 ns, Cleanup: 20260 ns, At safepoint: 14073 ns, Total: 53558 ns
[2025-10-16T06:12:59.950+0000][7][safepoint   ] Safepoint "Cleanup", Time since last: 6000617991 ns, Reaching safepoint: 22442 ns, Cleanup: 8552 ns, At safepoint: 5015 ns, Total: 36009 ns
[2025-10-16T06:14:04.955+0000][7][safepoint   ] Safepoint "Cleanup", Time since last: 65004373444 ns, Reaching safepoint: 57188 ns, Cleanup: 35244 ns, At safepoint: 5013 ns, Total: 97445 ns
[2025-10-16T06:14:08.955+0000][7][safepoint   ] Safepoint "Cleanup", Time since last: 4000309451 ns, Reaching safepoint: 7886 ns, Cleanup: 10182 ns, At safepoint: 3836 ns, Total: 21904 ns
[2025-10-16T08:56:42.594+0000][7][safepoint   ] Safepoint "Cleanup", Time since last: 7630097167 ns, Reaching safepoint: 9060576 ns, Cleanup: 15394 ns, At safepoint: 17800 ns, Total: 9093770 ns
[2025-10-16T08:56:49.595+0000][7][safepoint   ] Safepoint "Cleanup", Time since last: 7000485776 ns, Reaching safepoint: 30564 ns, Cleanup: 12477 ns, At safepoint: 7280 ns, Total: 50321 ns
[2025-10-16T08:57:03.596+0000][7][safepoint   ] Safepoint "Cleanup", Time since last: 14000880759 ns, Reaching safepoint: 19132 ns, Cleanup: 10723 ns, At safepoint: 5766 ns, Total: 35621 ns
[2025-10-16T08:57:18.089+0000][7][safepoint   ] Safepoint "Cleanup", Time since last: 14492722798 ns, Reaching safepoint: 36344 ns, Cleanup: 9073 ns, At safepoint: 5856 ns, Total: 51273 ns
[2025-10-16T08:57:22.089+0000][7][safepoint   ] Safepoint "Cleanup", Time since last: 4000286663 ns, Reaching safepoint: 22730 ns, Cleanup: 10094 ns, At safepoint: 6589 ns, Total: 39413 ns
[2025-10-16T08:57:37.090+0000][7][safepoint   ] Safepoint "Cleanup", Time since last: 15001377956 ns, Reaching safepoint: 25539 ns, Cleanup: 8565 ns, At safepoint: 6602 ns, Total: 40706 ns
[2025-10-16T08:57:39.090+0000][7][safepoint   ] Safepoint "Cleanup", Time since last: 2000173085 ns, Reaching safepoint: 19148 ns, Cleanup: 8761 ns, At safepoint: 7604 ns, Total: 35513 ns
[2025-10-16T08:57:43.091+0000][7][safepoint   ] Safepoint "Cleanup", Time since last: 4000290521 ns, Reaching safepoint: 19674 ns, Cleanup: 7771 ns, At safepoint: 7148 ns, Total: 34593 ns
[2025-10-16T08:58:04.093+0000][7][safepoint   ] Safepoint "Cleanup", Time since last: 21002003676 ns, Reaching safepoint: 44730 ns, Cleanup: 16463 ns, At safepoint: 19743 ns, Total: 80936 ns
[2025-10-16T08:58:13.094+0000][7][safepoint   ] Safepoint "Cleanup", Time since last: 9000637225 ns, Reaching safepoint: 7004 ns, Cleanup: 5806 ns, At safepoint: 5019 ns, Total: 17829 ns
[2025-10-16T08:58:25.094+0000][7][safepoint   ] Safepoint "Cleanup", Time since last: 12000812872 ns, Reaching safepoint: 15097 ns, Cleanup: 17800 ns, At safepoint: 7674 ns, Total: 40571 ns
[2025-10-16T08:58:29.095+0000][7][safepoint   ] Safepoint "Cleanup", Time since last: 4000450323 ns, Reaching safepoint: 15051 ns, Cleanup: 43156 ns, At safepoint: 7634 ns, Total: 65841 ns
[2025-10-16T08:58:30.095+0000][7][safepoint   ] Safepoint "Cleanup", Time since last: 1000143172 ns, Reaching safepoint: 35105 ns, Cleanup: 87366 ns, At safepoint: 9720 ns, Total: 132191 ns
[2025-10-16T08:59:05.098+0000][7][safepoint   ] Safepoint "Cleanup", Time since last: 35003202734 ns, Reaching safepoint: 8501 ns, Cleanup: 11012 ns, At safepoint: 5666 ns, Total: 25179 ns
[2025-10-16T08:59:25.127+0000][7][safepoint   ] Safepoint "Cleanup", Time since last: 20028825633 ns, Reaching safepoint: 19154 ns, Cleanup: 7361 ns, At safepoint: 4489 ns, Total: 31004 ns
[2025-10-16T08:59:38.129+0000][7][safepoint   ] Safepoint "Cleanup", Time since last: 13001883163 ns, Reaching safepoint: 23198 ns, Cleanup: 8980 ns, At safepoint: 5781 ns, Total: 37959 ns
[2025-10-16T08:59:44.130+0000][7][safepoint   ] Safepoint "Cleanup", Time since last: 6000420130 ns, Reaching safepoint: 17646 ns, Cleanup: 8660 ns, At safepoint: 6023 ns, Total: 32329 ns
[2025-10-16T09:00:23.132+0000][7][safepoint   ] Safepoint "Cleanup", Time since last: 39002807806 ns, Reaching safepoint: 8020 ns, Cleanup: 7190 ns, At safepoint: 5231 ns, Total: 20441 ns
[2025-10-16T09:00:39.134+0000][7][safepoint   ] Safepoint "Cleanup", Time since last: 16001220959 ns, Reaching safepoint: 20145 ns, Cleanup: 13339 ns, At safepoint: 6082 ns, Total: 39566 ns
[2025-10-16T09:00:46.134+0000][7][safepoint   ] Safepoint "Cleanup", Time since last: 7000572716 ns, Reaching safepoint: 19402 ns, Cleanup: 6588 ns, At safepoint: 4489 ns, Total: 30479 ns
[2025-10-16T09:01:50.165+0000][7][safepoint   ] Safepoint "Cleanup", Time since last: 64030597959 ns, Reaching safepoint: 62532 ns, Cleanup: 11297 ns, At safepoint: 4538 ns, Total: 78367 ns
[2025-10-16T09:02:04.168+0000][7][safepoint   ] Safepoint "Cleanup", Time since last: 14002500882 ns, Reaching safepoint: 25958 ns, Cleanup: 11206 ns, At safepoint: 5368 ns, Total: 42532 ns
[2025-10-16T09:02:23.169+0000][7][safepoint   ] Safepoint "Cleanup", Time since last: 19001301258 ns, Reaching safepoint: 80777 ns, Cleanup: 53988 ns, At safepoint: 11514 ns, Total: 146279 ns
[2025-10-16T09:02:23.199+0000][7][gc,start    ] GC(13) Pause Young (Normal) (G1 Evacuation Pause)
[2025-10-16T09:02:23.199+0000][7][gc,task     ] GC(13) Using 8 workers of 8 for evacuation
[2025-10-16T09:02:23.199+0000][7][gc,age      ] GC(13) Desired survivor size 75497472 bytes, new threshold 15 (max threshold 15)
[2025-10-16T09:02:23.241+0000][7][gc,phases   ] GC(13)   Pre Evacuate Collection Set: 0.46ms
[2025-10-16T09:02:23.241+0000][7][gc,phases   ] GC(13)   Merge Heap Roots: 0.37ms
[2025-10-16T09:02:23.241+0000][7][gc,phases   ] GC(13)   Evacuate Collection Set: 37.56ms
[2025-10-16T09:02:23.241+0000][7][gc,phases   ] GC(13)   Post Evacuate Collection Set: 4.10ms
[2025-10-16T09:02:23.241+0000][7][gc,phases   ] GC(13)   Other: 0.13ms
[2025-10-16T09:02:23.241+0000][7][gc,age      ] GC(13) Age table with threshold 15 (max threshold 15)
[2025-10-16T09:02:23.241+0000][7][gc,age      ] GC(13) - age   1:   12101840 bytes,   12101840 total
[2025-10-16T09:02:23.241+0000][7][gc,age      ] GC(13) - age   2:   18397872 bytes,   30499712 total
[2025-10-16T09:02:23.241+0000][7][gc,age      ] GC(13) - age   3:   10873272 bytes,   41372984 total
[2025-10-16T09:02:23.241+0000][7][gc,age      ] GC(13) - age   4:      43976 bytes,   41416960 total
[2025-10-16T09:02:23.241+0000][7][gc,age      ] GC(13) - age   5:      34680 bytes,   41451640 total
[2025-10-16T09:02:23.241+0000][7][gc,heap     ] GC(13) Eden regions: 278->0(449)
[2025-10-16T09:02:23.241+0000][7][gc,heap     ] GC(13) Survivor regions: 9->11(36)
[2025-10-16T09:02:23.241+0000][7][gc,heap     ] GC(13) Old regions: 12->12
[2025-10-16T09:02:23.241+0000][7][gc,heap     ] GC(13) Humongous regions: 2->2
[2025-10-16T09:02:23.241+0000][7][gc,metaspace] GC(13) Metaspace: 108460K(111296K)->108460K(111296K) NonClass: 93186K(94720K)->93186K(94720K) Class: 15274K(16576K)->15274K(16576K)
[2025-10-16T09:02:23.242+0000][7][gc          ] GC(13) Pause Young (Normal) (G1 Evacuation Pause) 1201M->97M(3072M) 42.862ms
[2025-10-16T09:02:23.242+0000][7][gc,cpu      ] GC(13) User=0.09s Sys=0.01s Real=0.04s
[2025-10-16T09:02:23.242+0000][7][safepoint   ] Safepoint "G1CollectForAllocation", Time since last: 29569791 ns, Reaching safepoint: 10364 ns, Cleanup: 11806 ns, At safepoint: 43162594 ns, Total: 43184764 ns
[2025-10-16T09:02:24.242+0000][7][safepoint   ] Safepoint "Cleanup", Time since last: 1000197016 ns, Reaching safepoint: 11114 ns, Cleanup: 25058 ns, At safepoint: 7539 ns, Total: 43711 ns
[2025-10-16T09:02:34.243+0000][7][safepoint   ] Safepoint "Cleanup", Time since last: 10000785626 ns, Reaching safepoint: 19158 ns, Cleanup: 20784 ns, At safepoint: 15533 ns, Total: 55475 ns
[2025-10-16T09:02:54.244+0000][7][safepoint   ] Safepoint "Cleanup", Time since last: 20001279299 ns, Reaching safepoint: 27835 ns, Cleanup: 8822 ns, At safepoint: 5703 ns, Total: 42360 ns
[2025-10-16T09:03:03.245+0000][7][safepoint   ] Safepoint "Cleanup", Time since last: 9000828131 ns, Reaching safepoint: 7400 ns, Cleanup: 7390 ns, At safepoint: 3650 ns, Total: 18440 ns
[2025-10-16T09:03:04.245+0000][7][safepoint   ] Safepoint "Cleanup", Time since last: 1000072495 ns, Reaching safepoint: 7094 ns, Cleanup: 7309 ns, At safepoint: 4645 ns, Total: 19048 ns
[2025-10-16T09:03:05.245+0000][7][safepoint   ] Safepoint "Cleanup", Time since last: 1000088226 ns, Reaching safepoint: 6700 ns, Cleanup: 6530 ns, At safepoint: 4205 ns, Total: 17435 ns
[2025-10-16T09:03:23.229+0000][7][safepoint   ] Safepoint "Cleanup", Time since last: 17983617525 ns, Reaching safepoint: 24898 ns, Cleanup: 9147 ns, At safepoint: 7583 ns, Total: 41628 ns
[2025-10-16T09:03:34.230+0000][7][safepoint   ] Safepoint "Cleanup", Time since last: 11000894505 ns, Reaching safepoint: 17278 ns, Cleanup: 27061 ns, At safepoint: 14370 ns, Total: 58709 ns
[2025-10-16T09:03:49.231+0000][7][safepoint   ] Safepoint "Cleanup", Time since last: 15001119773 ns, Reaching safepoint: 15319 ns, Cleanup: 8550 ns, At safepoint: 5571 ns, Total: 29440 ns
[2025-10-16T09:04:04.233+0000][7][safepoint   ] Safepoint "Cleanup", Time since last: 15001796602 ns, Reaching safepoint: 21575 ns, Cleanup: 8186 ns, At safepoint: 5233 ns, Total: 34994 ns
[2025-10-16T09:04:05.233+0000][7][safepoint   ] Safepoint "Cleanup", Time since last: 1000256029 ns, Reaching safepoint: 6976 ns, Cleanup: 13348 ns, At safepoint: 5227 ns, Total: 25551 ns
[2025-10-16T09:04:09.233+0000][7][safepoint   ] Safepoint "Cleanup", Time since last: 4000296076 ns, Reaching safepoint: 12995 ns, Cleanup: 7146 ns, At safepoint: 4610 ns, Total: 24751 ns
[2025-10-16T09:04:17.234+0000][7][safepoint   ] Safepoint "Cleanup", Time since last: 8000543696 ns, Reaching safepoint: 9552 ns, Cleanup: 7767 ns, At safepoint: 5672 ns, Total: 22991 ns
[2025-10-16T09:04:38.236+0000][7][safepoint   ] Safepoint "Cleanup", Time since last: 21001811790 ns, Reaching safepoint: 50347 ns, Cleanup: 28983 ns, At safepoint: 4916 ns, Total: 84246 ns
[2025-10-16T09:04:54.237+0000][7][safepoint   ] Safepoint "Cleanup", Time since last: 16001552871 ns, Reaching safepoint: 22467 ns, Cleanup: 8457 ns, At safepoint: 5811 ns, Total: 36735 ns
[2025-10-16T09:05:22.240+0000][7][safepoint   ] Safepoint "Cleanup", Time since last: 28002161648 ns, Reaching safepoint: 50866 ns, Cleanup: 18970 ns, At safepoint: 16198 ns, Total: 86034 ns
[2025-10-16T09:05:22.782+0000][7][gc,heap,exit] Heap
[2025-10-16T09:05:22.783+0000][7][gc,heap,exit]  garbage-first heap   total reserved 3145728K, committed 3145728K, used 220352K [0x0000000740000000, 0x0000000800000000)
[2025-10-16T09:05:22.783+0000][7][gc,heap,exit]   region size 4096K, 41 young (167936K), 11 survivors (45056K)
[2025-10-16T09:05:22.783+0000][7][gc,heap,exit]  Metaspace       used 108665K, committed 111424K, reserved 1179648K
[2025-10-16T09:05:22.783+0000][7][gc,heap,exit]   class space    used 15310K, committed 16576K, reserved 1048576K
