[2025-10-16T03:26:56.428+0000][7][gc,init] CardTable entry size: 512
[2025-10-16T03:26:56.429+0000][7][gc     ] Using G1
[2025-10-16T03:26:56.820+0000][7][gc,init] Version: 22.0.2+9-70 (release)
[2025-10-16T03:26:56.820+0000][7][gc,init] CPUs: 8 total, 8 available
[2025-10-16T03:26:56.820+0000][7][gc,init] Memory: 15822M
[2025-10-16T03:26:56.820+0000][7][gc,init] Large Page Support: Disabled
[2025-10-16T03:26:56.820+0000][7][gc,init] NUMA Support: Disabled
[2025-10-16T03:26:56.820+0000][7][gc,init] Compressed Oops: Enabled (Zero based)
[2025-10-16T03:26:56.820+0000][7][gc,init] Heap Region Size: 4M
[2025-10-16T03:26:56.820+0000][7][gc,init] Heap Min Capacity: 3G
[2025-10-16T03:26:56.820+0000][7][gc,init] Heap Initial Capacity: 3G
[2025-10-16T03:26:56.820+0000][7][gc,init] Heap Max Capacity: 3G
[2025-10-16T03:26:56.820+0000][7][gc,init] Pre-touch: Enabled
[2025-10-16T03:26:56.820+0000][7][gc,init] Parallel Workers: 8
[2025-10-16T03:26:56.820+0000][7][gc,init] Concurrent Workers: 2
[2025-10-16T03:26:56.820+0000][7][gc,init] Concurrent Refinement Workers: 8
[2025-10-16T03:26:56.820+0000][7][gc,init] Periodic GC: Disabled
[2025-10-16T03:26:56.833+0000][7][gc,metaspace] CDS archive(s) mapped at: [0x00007f638a000000-0x00007f638ac78000-0x00007f638ac78000), size 13074432, SharedBaseAddress: 0x00007f638a000000, ArchiveRelocationMode: 1.
[2025-10-16T03:26:56.833+0000][7][gc,metaspace] Compressed class space mapped at: 0x00007f638b000000-0x00007f63cb000000, reserved size: 1073741824
[2025-10-16T03:26:56.833+0000][7][gc,metaspace] Narrow klass base: 0x00007f638a000000, Narrow klass shift: 0, Narrow klass range: 0x100000000
[2025-10-16T03:26:57.335+0000][7][safepoint   ] Safepoint "ICBufferFull", Time since last: 496337453 ns, Reaching safepoint: 2525 ns, Cleanup: 68259 ns, At safepoint: 4292 ns, Total: 75076 ns
[2025-10-16T03:26:57.775+0000][7][safepoint   ] Safepoint "ICBufferFull", Time since last: 439769011 ns, Reaching safepoint: 26931 ns, Cleanup: 57537 ns, At safepoint: 4422 ns, Total: 88890 ns
[2025-10-16T03:26:58.255+0000][7][safepoint   ] Safepoint "ICBufferFull", Time since last: 479862255 ns, Reaching safepoint: 69956 ns, Cleanup: 64197 ns, At safepoint: 4577 ns, Total: 138730 ns
[2025-10-16T03:26:59.204+0000][7][gc,start    ] GC(0) Pause Young (Normal) (G1 Evacuation Pause)
[2025-10-16T03:26:59.205+0000][7][gc,task     ] GC(0) Using 8 workers of 8 for evacuation
[2025-10-16T03:26:59.205+0000][7][gc,age      ] GC(0) Desired survivor size 10485760 bytes, new threshold 15 (max threshold 15)
[2025-10-16T03:26:59.217+0000][7][gc,phases   ] GC(0)   Pre Evacuate Collection Set: 0.21ms
[2025-10-16T03:26:59.217+0000][7][gc,phases   ] GC(0)   Merge Heap Roots: 0.11ms
[2025-10-16T03:26:59.217+0000][7][gc,phases   ] GC(0)   Evacuate Collection Set: 10.68ms
[2025-10-16T03:26:59.217+0000][7][gc,phases   ] GC(0)   Post Evacuate Collection Set: 0.67ms
[2025-10-16T03:26:59.217+0000][7][gc,phases   ] GC(0)   Other: 0.45ms
[2025-10-16T03:26:59.217+0000][7][gc,age      ] GC(0) Age table with threshold 15 (max threshold 15)
[2025-10-16T03:26:59.217+0000][7][gc,age      ] GC(0) - age   1:    9664680 bytes,    9664680 total
[2025-10-16T03:26:59.217+0000][7][gc,heap     ] GC(0) Eden regions: 38->0(35)
[2025-10-16T03:26:59.217+0000][7][gc,heap     ] GC(0) Survivor regions: 0->3(5)
[2025-10-16T03:26:59.217+0000][7][gc,heap     ] GC(0) Old regions: 1->1
[2025-10-16T03:26:59.217+0000][7][gc,heap     ] GC(0) Humongous regions: 0->0
[2025-10-16T03:26:59.217+0000][7][gc,metaspace] GC(0) Metaspace: 16658K(17024K)->16658K(17024K) NonClass: 14711K(14912K)->14711K(14912K) Class: 1946K(2112K)->1946K(2112K)
[2025-10-16T03:26:59.217+0000][7][gc          ] GC(0) Pause Young (Normal) (G1 Evacuation Pause) 153M->10M(3072M) 12.900ms
[2025-10-16T03:26:59.217+0000][7][gc,cpu      ] GC(0) User=0.04s Sys=0.00s Real=0.01s
[2025-10-16T03:26:59.218+0000][7][safepoint   ] Safepoint "G1CollectForAllocation", Time since last: 949704924 ns, Reaching safepoint: 4458 ns, Cleanup: 75825 ns, At safepoint: 14105765 ns, Total: 14186048 ns
[2025-10-16T03:26:59.781+0000][7][gc,start    ] GC(1) Pause Young (Normal) (G1 Evacuation Pause)
[2025-10-16T03:26:59.781+0000][7][gc,task     ] GC(1) Using 8 workers of 8 for evacuation
[2025-10-16T03:26:59.781+0000][7][gc,age      ] GC(1) Desired survivor size 10485760 bytes, new threshold 15 (max threshold 15)
[2025-10-16T03:26:59.790+0000][7][gc,phases   ] GC(1)   Pre Evacuate Collection Set: 0.27ms
[2025-10-16T03:26:59.790+0000][7][gc,phases   ] GC(1)   Merge Heap Roots: 0.03ms
[2025-10-16T03:26:59.790+0000][7][gc,phases   ] GC(1)   Evacuate Collection Set: 7.48ms
[2025-10-16T03:26:59.790+0000][7][gc,phases   ] GC(1)   Post Evacuate Collection Set: 0.53ms
[2025-10-16T03:26:59.790+0000][7][gc,phases   ] GC(1)   Other: 0.04ms
[2025-10-16T03:26:59.790+0000][7][gc,age      ] GC(1) Age table with threshold 15 (max threshold 15)
[2025-10-16T03:26:59.790+0000][7][gc,age      ] GC(1) - age   1:    3848680 bytes,    3848680 total
[2025-10-16T03:26:59.790+0000][7][gc,age      ] GC(1) - age   2:    8089144 bytes,   11937824 total
[2025-10-16T03:26:59.790+0000][7][gc,heap     ] GC(1) Eden regions: 35->0(39)
[2025-10-16T03:26:59.790+0000][7][gc,heap     ] GC(1) Survivor regions: 3->4(5)
[2025-10-16T03:26:59.790+0000][7][gc,heap     ] GC(1) Old regions: 1->1
[2025-10-16T03:26:59.790+0000][7][gc,heap     ] GC(1) Humongous regions: 0->0
[2025-10-16T03:26:59.790+0000][7][gc,metaspace] GC(1) Metaspace: 18590K(19008K)->18590K(19008K) NonClass: 16371K(16576K)->16371K(16576K) Class: 2218K(2432K)->2218K(2432K)
[2025-10-16T03:26:59.790+0000][7][gc          ] GC(1) Pause Young (Normal) (G1 Evacuation Pause) 150M->13M(3072M) 8.504ms
[2025-10-16T03:26:59.790+0000][7][gc,cpu      ] GC(1) User=0.03s Sys=0.00s Real=0.01s
[2025-10-16T03:26:59.790+0000][7][safepoint   ] Safepoint "G1CollectForAllocation", Time since last: 562751859 ns, Reaching safepoint: 3944 ns, Cleanup: 57606 ns, At safepoint: 8535904 ns, Total: 8597454 ns
[2025-10-16T03:27:00.188+0000][7][gc,start    ] GC(2) Pause Young (Normal) (G1 Evacuation Pause)
[2025-10-16T03:27:00.188+0000][7][gc,task     ] GC(2) Using 8 workers of 8 for evacuation
[2025-10-16T03:27:00.188+0000][7][gc,age      ] GC(2) Desired survivor size 12582912 bytes, new threshold 15 (max threshold 15)
[2025-10-16T03:27:00.196+0000][7][gc,phases   ] GC(2)   Pre Evacuate Collection Set: 0.31ms
[2025-10-16T03:27:00.196+0000][7][gc,phases   ] GC(2)   Merge Heap Roots: 0.05ms
[2025-10-16T03:27:00.196+0000][7][gc,phases   ] GC(2)   Evacuate Collection Set: 6.64ms
[2025-10-16T03:27:00.196+0000][7][gc,phases   ] GC(2)   Post Evacuate Collection Set: 0.99ms
[2025-10-16T03:27:00.196+0000][7][gc,phases   ] GC(2)   Other: 0.21ms
[2025-10-16T03:27:00.196+0000][7][gc,age      ] GC(2) Age table with threshold 15 (max threshold 15)
[2025-10-16T03:27:00.196+0000][7][gc,age      ] GC(2) - age   1:    2984448 bytes,    2984448 total
[2025-10-16T03:27:00.196+0000][7][gc,age      ] GC(2) - age   2:    3247464 bytes,    6231912 total
[2025-10-16T03:27:00.196+0000][7][gc,age      ] GC(2) - age   3:    8084432 bytes,   14316344 total
[2025-10-16T03:27:00.196+0000][7][gc,heap     ] GC(2) Eden regions: 39->0(456)
[2025-10-16T03:27:00.196+0000][7][gc,heap     ] GC(2) Survivor regions: 4->4(6)
[2025-10-16T03:27:00.196+0000][7][gc,heap     ] GC(2) Old regions: 1->1
[2025-10-16T03:27:00.196+0000][7][gc,heap     ] GC(2) Humongous regions: 0->0
[2025-10-16T03:27:00.196+0000][7][gc,metaspace] GC(2) Metaspace: 19280K(19776K)->19280K(19776K) NonClass: 16953K(17216K)->16953K(17216K) Class: 2327K(2560K)->2327K(2560K)
[2025-10-16T03:27:00.197+0000][7][gc          ] GC(2) Pause Young (Normal) (G1 Evacuation Pause) 169M->16M(3072M) 8.913ms
[2025-10-16T03:27:00.197+0000][7][gc,cpu      ] GC(2) User=0.03s Sys=0.00s Real=0.01s
[2025-10-16T03:27:00.197+0000][7][safepoint   ] Safepoint "G1CollectForAllocation", Time since last: 397719147 ns, Reaching safepoint: 5262 ns, Cleanup: 31318 ns, At safepoint: 8952787 ns, Total: 8989367 ns
[2025-10-16T03:27:01.198+0000][7][safepoint   ] Safepoint "Cleanup", Time since last: 1000927260 ns, Reaching safepoint: 91571 ns, Cleanup: 76029 ns, At safepoint: 7483 ns, Total: 175083 ns
[2025-10-16T03:27:01.288+0000][7][gc,start    ] GC(3) Pause Young (Concurrent Start) (Metadata GC Threshold)
[2025-10-16T03:27:01.289+0000][7][gc,task     ] GC(3) Using 8 workers of 8 for evacuation
[2025-10-16T03:27:01.289+0000][7][gc,age      ] GC(3) Desired survivor size 121634816 bytes, new threshold 15 (max threshold 15)
[2025-10-16T03:27:01.307+0000][7][gc,phases   ] GC(3)   Pre Evacuate Collection Set: 0.34ms
[2025-10-16T03:27:01.307+0000][7][gc,phases   ] GC(3)   Merge Heap Roots: 0.50ms
[2025-10-16T03:27:01.307+0000][7][gc,phases   ] GC(3)   Evacuate Collection Set: 14.80ms
[2025-10-16T03:27:01.307+0000][7][gc,phases   ] GC(3)   Post Evacuate Collection Set: 3.09ms
[2025-10-16T03:27:01.307+0000][7][gc,phases   ] GC(3)   Other: 0.09ms
[2025-10-16T03:27:01.307+0000][7][gc,age      ] GC(3) Age table with threshold 15 (max threshold 15)
[2025-10-16T03:27:01.307+0000][7][gc,age      ] GC(3) - age   1:    3773000 bytes,    3773000 total
[2025-10-16T03:27:01.307+0000][7][gc,age      ] GC(3) - age   2:    2302472 bytes,    6075472 total
[2025-10-16T03:27:01.307+0000][7][gc,age      ] GC(3) - age   3:    3245872 bytes,    9321344 total
[2025-10-16T03:27:01.307+0000][7][gc,age      ] GC(3) - age   4:    8084256 bytes,   17405600 total
[2025-10-16T03:27:01.307+0000][7][gc,heap     ] GC(3) Eden regions: 127->0(455)
[2025-10-16T03:27:01.307+0000][7][gc,heap     ] GC(3) Survivor regions: 4->5(58)
[2025-10-16T03:27:01.307+0000][7][gc,heap     ] GC(3) Old regions: 1->1
[2025-10-16T03:27:01.307+0000][7][gc,heap     ] GC(3) Humongous regions: 0->0
[2025-10-16T03:27:01.307+0000][7][gc,metaspace] GC(3) Metaspace: 21017K(21504K)->21017K(21504K) NonClass: 18449K(18752K)->18449K(18752K) Class: 2567K(2752K)->2567K(2752K)
[2025-10-16T03:27:01.308+0000][7][gc          ] GC(3) Pause Young (Concurrent Start) (Metadata GC Threshold) 524M->19M(3072M) 19.012ms
[2025-10-16T03:27:01.308+0000][7][gc,cpu      ] GC(3) User=0.05s Sys=0.01s Real=0.02s
[2025-10-16T03:27:01.308+0000][7][safepoint   ] Safepoint "CollectForMetadataAllocation", Time since last: 90819798 ns, Reaching safepoint: 4014 ns, Cleanup: 11172 ns, At safepoint: 19092943 ns, Total: 19108129 ns
[2025-10-16T03:27:01.308+0000][7][gc          ] GC(4) Concurrent Mark Cycle
[2025-10-16T03:27:01.308+0000][7][gc,marking  ] GC(4) Concurrent Scan Root Regions
[2025-10-16T03:27:01.312+0000][7][gc,marking  ] GC(4) Concurrent Scan Root Regions 4.166ms
[2025-10-16T03:27:01.315+0000][7][gc,marking  ] GC(4) Concurrent Mark
[2025-10-16T03:27:01.315+0000][7][gc,marking  ] GC(4) Concurrent Mark From Roots
[2025-10-16T03:27:01.315+0000][7][gc,task     ] GC(4) Using 2 workers of 2 for marking
[2025-10-16T03:27:01.318+0000][7][gc,marking  ] GC(4) Concurrent Mark From Roots 2.387ms
[2025-10-16T03:27:01.318+0000][7][gc,marking  ] GC(4) Concurrent Preclean
[2025-10-16T03:27:01.318+0000][7][gc,marking  ] GC(4) Concurrent Preclean 0.007ms
[2025-10-16T03:27:01.318+0000][7][gc,start    ] GC(4) Pause Remark
[2025-10-16T03:27:01.321+0000][7][gc          ] GC(4) Pause Remark 25M->25M(3072M) 3.187ms
[2025-10-16T03:27:01.321+0000][7][gc,cpu      ] GC(4) User=0.01s Sys=0.00s Real=0.00s
[2025-10-16T03:27:01.322+0000][7][safepoint   ] Safepoint "G1PauseRemark", Time since last: 10323026 ns, Reaching safepoint: 195116 ns, Cleanup: 9889 ns, At safepoint: 3676434 ns, Total: 3881439 ns
[2025-10-16T03:27:01.322+0000][7][gc,marking  ] GC(4) Concurrent Mark 6.742ms
[2025-10-16T03:27:01.322+0000][7][gc,marking  ] GC(4) Concurrent Rebuild Remembered Sets and Scrub Regions
[2025-10-16T03:27:01.322+0000][7][gc,marking  ] GC(4) Concurrent Rebuild Remembered Sets and Scrub Regions 0.591ms
[2025-10-16T03:27:01.323+0000][7][gc,start    ] GC(4) Pause Cleanup
[2025-10-16T03:27:01.324+0000][7][gc          ] GC(4) Pause Cleanup 25M->25M(3072M) 0.704ms
[2025-10-16T03:27:01.324+0000][7][gc,cpu      ] GC(4) User=0.00s Sys=0.00s Real=0.01s
[2025-10-16T03:27:01.324+0000][7][safepoint   ] Safepoint "G1PauseCleanup", Time since last: 655724 ns, Reaching safepoint: 976619 ns, Cleanup: 8883 ns, At safepoint: 767567 ns, Total: 1753069 ns
[2025-10-16T03:27:01.324+0000][7][gc,marking  ] GC(4) Concurrent Clear Claimed Marks
[2025-10-16T03:27:01.324+0000][7][gc,marking  ] GC(4) Concurrent Clear Claimed Marks 0.041ms
[2025-10-16T03:27:01.324+0000][7][gc,marking  ] GC(4) Concurrent Cleanup for Next Mark
[2025-10-16T03:27:01.334+0000][7][gc,marking  ] GC(4) Concurrent Cleanup for Next Mark 10.068ms
[2025-10-16T03:27:01.335+0000][7][gc          ] GC(4) Concurrent Mark Cycle 27.283ms
[2025-10-16T03:27:02.357+0000][7][safepoint   ] Safepoint "Cleanup", Time since last: 1032459861 ns, Reaching safepoint: 4571 ns, Cleanup: 80595 ns, At safepoint: 7094 ns, Total: 92260 ns
[2025-10-16T03:27:03.933+0000][7][safepoint   ] Safepoint "Cleanup", Time since last: 1575879564 ns, Reaching safepoint: 5181 ns, Cleanup: 77652 ns, At safepoint: 8382 ns, Total: 91215 ns
[2025-10-16T03:27:05.132+0000][7][safepoint   ] Safepoint "Cleanup", Time since last: 1190750808 ns, Reaching safepoint: 3173461 ns, Cleanup: 81766 ns, At safepoint: 4794058 ns, Total: 8049285 ns
[2025-10-16T03:27:06.134+0000][7][safepoint   ] Safepoint "Cleanup", Time since last: 1001002686 ns, Reaching safepoint: 517911 ns, Cleanup: 33548 ns, At safepoint: 1098888 ns, Total: 1650347 ns
[2025-10-16T03:27:07.136+0000][7][safepoint   ] Safepoint "Cleanup", Time since last: 1001301947 ns, Reaching safepoint: 70259 ns, Cleanup: 18580 ns, At safepoint: 9047 ns, Total: 97886 ns
[2025-10-16T03:27:08.141+0000][7][safepoint   ] Safepoint "Cleanup", Time since last: 1004983979 ns, Reaching safepoint: 6320 ns, Cleanup: 33543 ns, At safepoint: 6148 ns, Total: 46011 ns
[2025-10-16T03:27:08.533+0000][7][gc,start    ] GC(5) Pause Young (Prepare Mixed) (Metadata GC Threshold)
[2025-10-16T03:27:08.533+0000][7][gc,task     ] GC(5) Using 8 workers of 8 for evacuation
[2025-10-16T03:27:08.533+0000][7][gc,age      ] GC(5) Desired survivor size 121634816 bytes, new threshold 15 (max threshold 15)
[2025-10-16T03:27:08.583+0000][7][gc,phases   ] GC(5)   Pre Evacuate Collection Set: 0.31ms
[2025-10-16T03:27:08.583+0000][7][gc,phases   ] GC(5)   Merge Heap Roots: 0.13ms
[2025-10-16T03:27:08.583+0000][7][gc,phases   ] GC(5)   Evacuate Collection Set: 42.20ms
[2025-10-16T03:27:08.583+0000][7][gc,phases   ] GC(5)   Post Evacuate Collection Set: 7.15ms
[2025-10-16T03:27:08.583+0000][7][gc,phases   ] GC(5)   Other: 0.09ms
[2025-10-16T03:27:08.583+0000][7][gc,age      ] GC(5) Age table with threshold 15 (max threshold 15)
[2025-10-16T03:27:08.583+0000][7][gc,age      ] GC(5) - age   1:   28648880 bytes,   28648880 total
[2025-10-16T03:27:08.583+0000][7][gc,age      ] GC(5) - age   2:    3716488 bytes,   32365368 total
[2025-10-16T03:27:08.583+0000][7][gc,age      ] GC(5) - age   3:    2288376 bytes,   34653744 total
[2025-10-16T03:27:08.583+0000][7][gc,age      ] GC(5) - age   4:    3203312 bytes,   37857056 total
[2025-10-16T03:27:08.583+0000][7][gc,age      ] GC(5) - age   5:    7954904 bytes,   45811960 total
[2025-10-16T03:27:08.583+0000][7][gc,heap     ] GC(5) Eden regions: 169->0(203)
[2025-10-16T03:27:08.583+0000][7][gc,heap     ] GC(5) Survivor regions: 5->12(58)
[2025-10-16T03:27:08.583+0000][7][gc,heap     ] GC(5) Old regions: 1->1
[2025-10-16T03:27:08.583+0000][7][gc,heap     ] GC(5) Humongous regions: 0->0
[2025-10-16T03:27:08.583+0000][7][gc,metaspace] GC(5) Metaspace: 35097K(36096K)->35097K(36096K) NonClass: 30451K(31040K)->30451K(31040K) Class: 4645K(5056K)->4645K(5056K)
[2025-10-16T03:27:08.583+0000][7][gc          ] GC(5) Pause Young (Prepare Mixed) (Metadata GC Threshold) 695M->48M(3072M) 50.082ms
[2025-10-16T03:27:08.583+0000][7][gc,cpu      ] GC(5) User=0.13s Sys=0.00s Real=0.05s
[2025-10-16T03:27:08.583+0000][7][safepoint   ] Safepoint "CollectForMetadataAllocation", Time since last: 386885101 ns, Reaching safepoint: 5288908 ns, Cleanup: 25762 ns, At safepoint: 50176072 ns, Total: 55490742 ns
[2025-10-16T03:27:08.623+0000][7][gc,start    ] GC(6) Pause Young (Mixed) (Metadata GC Threshold)
[2025-10-16T03:27:08.624+0000][7][gc,task     ] GC(6) Using 8 workers of 8 for evacuation
[2025-10-16T03:27:08.624+0000][7][gc,age      ] GC(6) Desired survivor size 56623104 bytes, new threshold 15 (max threshold 15)
[2025-10-16T03:27:08.678+0000][7][gc,phases   ] GC(6)   Pre Evacuate Collection Set: 0.49ms
[2025-10-16T03:27:08.678+0000][7][gc,phases   ] GC(6)   Merge Heap Roots: 0.05ms
[2025-10-16T03:27:08.678+0000][7][gc,phases   ] GC(6)   Evacuate Collection Set: 49.29ms
[2025-10-16T03:27:08.678+0000][7][gc,phases   ] GC(6)   Post Evacuate Collection Set: 4.60ms
[2025-10-16T03:27:08.678+0000][7][gc,phases   ] GC(6)   Other: 0.22ms
[2025-10-16T03:27:08.678+0000][7][gc,age      ] GC(6) Age table with threshold 15 (max threshold 15)
[2025-10-16T03:27:08.678+0000][7][gc,age      ] GC(6) - age   1:      52688 bytes,      52688 total
[2025-10-16T03:27:08.678+0000][7][gc,age      ] GC(6) - age   2:   28468768 bytes,   28521456 total
[2025-10-16T03:27:08.678+0000][7][gc,age      ] GC(6) - age   3:    3716456 bytes,   32237912 total
[2025-10-16T03:27:08.678+0000][7][gc,age      ] GC(6) - age   4:    2288376 bytes,   34526288 total
[2025-10-16T03:27:08.678+0000][7][gc,age      ] GC(6) - age   5:    3203312 bytes,   37729600 total
[2025-10-16T03:27:08.678+0000][7][gc,age      ] GC(6) - age   6:    7954904 bytes,   45684504 total
[2025-10-16T03:27:08.678+0000][7][gc,heap     ] GC(6) Eden regions: 1->0(26)
[2025-10-16T03:27:08.678+0000][7][gc,heap     ] GC(6) Survivor regions: 12->12(27)
[2025-10-16T03:27:08.678+0000][7][gc,heap     ] GC(6) Old regions: 1->1
[2025-10-16T03:27:08.678+0000][7][gc,heap     ] GC(6) Humongous regions: 0->0
[2025-10-16T03:27:08.678+0000][7][gc,metaspace] GC(6) Metaspace: 35449K(36416K)->35449K(36416K) NonClass: 30770K(31360K)->30770K(31360K) Class: 4678K(5056K)->4678K(5056K)
[2025-10-16T03:27:08.678+0000][7][gc          ] GC(6) Pause Young (Mixed) (Metadata GC Threshold) 52M->48M(3072M) 54.995ms
[2025-10-16T03:27:08.678+0000][7][gc,cpu      ] GC(6) User=0.11s Sys=0.00s Real=0.06s
[2025-10-16T03:27:08.680+0000][7][safepoint   ] Safepoint "CollectForMetadataAllocation", Time since last: 40311296 ns, Reaching safepoint: 4777 ns, Cleanup: 8464 ns, At safepoint: 57168375 ns, Total: 57181616 ns
[2025-10-16T03:27:08.746+0000][7][gc,start    ] GC(7) Pause Young (Concurrent Start) (Metadata GC Threshold)
[2025-10-16T03:27:08.746+0000][7][gc,task     ] GC(7) Using 8 workers of 8 for evacuation
[2025-10-16T03:27:08.746+0000][7][gc,age      ] GC(7) Desired survivor size 10485760 bytes, new threshold 2 (max threshold 15)
[2025-10-16T03:27:08.880+0000][7][gc,phases   ] GC(7)   Pre Evacuate Collection Set: 0.34ms
[2025-10-16T03:27:08.880+0000][7][gc,phases   ] GC(7)   Merge Heap Roots: 0.06ms
[2025-10-16T03:27:08.880+0000][7][gc,phases   ] GC(7)   Evacuate Collection Set: 119.91ms
[2025-10-16T03:27:08.880+0000][7][gc,phases   ] GC(7)   Post Evacuate Collection Set: 13.53ms
[2025-10-16T03:27:08.880+0000][7][gc,phases   ] GC(7)   Other: 0.11ms
[2025-10-16T03:27:08.880+0000][7][gc,age      ] GC(7) Age table with threshold 2 (max threshold 15)
[2025-10-16T03:27:08.880+0000][7][gc,age      ] GC(7) - age   1:      28656 bytes,      28656 total
[2025-10-16T03:27:08.880+0000][7][gc,age      ] GC(7) - age   2:      37040 bytes,      65696 total
[2025-10-16T03:27:08.880+0000][7][gc,heap     ] GC(7) Eden regions: 1->0(375)
[2025-10-16T03:27:08.880+0000][7][gc,heap     ] GC(7) Survivor regions: 12->2(5)
[2025-10-16T03:27:08.880+0000][7][gc,heap     ] GC(7) Old regions: 1->12
[2025-10-16T03:27:08.880+0000][7][gc,heap     ] GC(7) Humongous regions: 0->0
[2025-10-16T03:27:08.880+0000][7][gc,metaspace] GC(7) Metaspace: 35720K(36736K)->35720K(36736K) NonClass: 31024K(31616K)->31024K(31616K) Class: 4695K(5120K)->4695K(5120K)
[2025-10-16T03:27:08.880+0000][7][gc          ] GC(7) Pause Young (Concurrent Start) (Metadata GC Threshold) 52M->54M(3072M) 134.128ms
[2025-10-16T03:27:08.880+0000][7][gc,cpu      ] GC(7) User=0.09s Sys=0.00s Real=0.13s
[2025-10-16T03:27:08.880+0000][7][gc          ] GC(8) Concurrent Mark Cycle
[2025-10-16T03:27:08.880+0000][7][gc,marking  ] GC(8) Concurrent Scan Root Regions
[2025-10-16T03:27:08.880+0000][7][safepoint   ] Safepoint "CollectForMetadataAllocation", Time since last: 65654335 ns, Reaching safepoint: 4566 ns, Cleanup: 2960 ns, At safepoint: 134216007 ns, Total: 134223533 ns
[2025-10-16T03:27:08.957+0000][7][gc,marking  ] GC(8) Concurrent Scan Root Regions 76.557ms
[2025-10-16T03:27:08.957+0000][7][gc,marking  ] GC(8) Concurrent Mark
[2025-10-16T03:27:08.957+0000][7][gc,marking  ] GC(8) Concurrent Mark From Roots
[2025-10-16T03:27:08.957+0000][7][gc,task     ] GC(8) Using 2 workers of 2 for marking
[2025-10-16T03:27:08.960+0000][7][gc,marking  ] GC(8) Concurrent Mark From Roots 3.172ms
[2025-10-16T03:27:08.960+0000][7][gc,marking  ] GC(8) Concurrent Preclean
[2025-10-16T03:27:08.960+0000][7][gc,marking  ] GC(8) Concurrent Preclean 0.009ms
[2025-10-16T03:27:08.960+0000][7][gc,start    ] GC(8) Pause Remark
[2025-10-16T03:27:08.972+0000][7][gc          ] GC(8) Pause Remark 56M->56M(3072M) 12.236ms
[2025-10-16T03:27:08.972+0000][7][gc,cpu      ] GC(8) User=0.02s Sys=0.00s Real=0.01s
[2025-10-16T03:27:08.974+0000][7][safepoint   ] Safepoint "G1PauseRemark", Time since last: 79810726 ns, Reaching safepoint: 4802 ns, Cleanup: 11119 ns, At safepoint: 13505387 ns, Total: 13521308 ns
[2025-10-16T03:27:08.974+0000][7][gc,marking  ] GC(8) Concurrent Mark 17.215ms
[2025-10-16T03:27:08.974+0000][7][gc,marking  ] GC(8) Concurrent Rebuild Remembered Sets and Scrub Regions
[2025-10-16T03:27:09.096+0000][7][gc,marking  ] GC(8) Concurrent Rebuild Remembered Sets and Scrub Regions 121.890ms
[2025-10-16T03:27:09.097+0000][7][gc,start    ] GC(8) Pause Cleanup
[2025-10-16T03:27:09.097+0000][7][gc          ] GC(8) Pause Cleanup 56M->56M(3072M) 0.516ms
[2025-10-16T03:27:09.098+0000][7][gc,cpu      ] GC(8) User=0.00s Sys=0.00s Real=0.00s
[2025-10-16T03:27:09.098+0000][7][safepoint   ] Safepoint "G1PauseCleanup", Time since last: 122961951 ns, Reaching safepoint: 200785 ns, Cleanup: 8294 ns, At safepoint: 1141695 ns, Total: 1350774 ns
[2025-10-16T03:27:09.100+0000][7][gc,marking  ] GC(8) Concurrent Clear Claimed Marks
[2025-10-16T03:27:09.118+0000][7][gc,marking  ] GC(8) Concurrent Clear Claimed Marks 18.026ms
[2025-10-16T03:27:09.118+0000][7][gc,marking  ] GC(8) Concurrent Cleanup for Next Mark
[2025-10-16T03:27:09.132+0000][7][gc,marking  ] GC(8) Concurrent Cleanup for Next Mark 14.175ms
[2025-10-16T03:27:09.133+0000][7][gc          ] GC(8) Concurrent Mark Cycle 252.470ms
[2025-10-16T03:27:10.107+0000][7][safepoint   ] Safepoint "Cleanup", Time since last: 1004051433 ns, Reaching safepoint: 2423418 ns, Cleanup: 70155 ns, At safepoint: 2931870 ns, Total: 5425443 ns
[2025-10-16T03:27:11.860+0000][7][safepoint   ] Safepoint "Cleanup", Time since last: 1752442394 ns, Reaching safepoint: 74025 ns, Cleanup: 40690 ns, At safepoint: 9198 ns, Total: 123913 ns
[2025-10-16T03:27:12.952+0000][7][safepoint   ] Safepoint "Cleanup", Time since last: 1090439335 ns, Reaching safepoint: 73391 ns, Cleanup: 166694 ns, At safepoint: 1081996 ns, Total: 1322081 ns
[2025-10-16T03:27:14.151+0000][7][safepoint   ] Safepoint "Cleanup", Time since last: 1199538076 ns, Reaching safepoint: 3899 ns, Cleanup: 81531 ns, At safepoint: 3717 ns, Total: 89147 ns
[2025-10-16T03:27:15.153+0000][7][safepoint   ] Safepoint "Cleanup", Time since last: 1001146435 ns, Reaching safepoint: 6581 ns, Cleanup: 35059 ns, At safepoint: 6649 ns, Total: 48289 ns
[2025-10-16T03:27:16.161+0000][7][safepoint   ] Safepoint "Cleanup", Time since last: 1008428156 ns, Reaching safepoint: 6022 ns, Cleanup: 52391 ns, At safepoint: 351836 ns, Total: 410249 ns
[2025-10-16T03:27:16.683+0000][7][gc,start    ] GC(9) Pause Young (Concurrent Start) (Metadata GC Threshold)
[2025-10-16T03:27:16.683+0000][7][gc,task     ] GC(9) Using 8 workers of 8 for evacuation
[2025-10-16T03:27:16.684+0000][7][gc,age      ] GC(9) Desired survivor size 100663296 bytes, new threshold 15 (max threshold 15)
[2025-10-16T03:27:16.706+0000][7][gc,phases   ] GC(9)   Pre Evacuate Collection Set: 0.38ms
[2025-10-16T03:27:16.706+0000][7][gc,phases   ] GC(9)   Merge Heap Roots: 0.31ms
[2025-10-16T03:27:16.707+0000][7][gc,phases   ] GC(9)   Evacuate Collection Set: 17.86ms
[2025-10-16T03:27:16.707+0000][7][gc,phases   ] GC(9)   Post Evacuate Collection Set: 3.71ms
[2025-10-16T03:27:16.707+0000][7][gc,phases   ] GC(9)   Other: 0.49ms
[2025-10-16T03:27:16.707+0000][7][gc,age      ] GC(9) Age table with threshold 15 (max threshold 15)
[2025-10-16T03:27:16.707+0000][7][gc,age      ] GC(9) - age   1:   11566080 bytes,   11566080 total
[2025-10-16T03:27:16.707+0000][7][gc,age      ] GC(9) - age   2:      28344 bytes,   11594424 total
[2025-10-16T03:27:16.707+0000][7][gc,age      ] GC(9) - age   3:      36208 bytes,   11630632 total
[2025-10-16T03:27:16.708+0000][7][gc,heap     ] GC(9) Eden regions: 115->0(337)
[2025-10-16T03:27:16.708+0000][7][gc,heap     ] GC(9) Survivor regions: 2->4(48)
[2025-10-16T03:27:16.708+0000][7][gc,heap     ] GC(9) Old regions: 12->12
[2025-10-16T03:27:16.708+0000][7][gc,heap     ] GC(9) Humongous regions: 0->0
[2025-10-16T03:27:16.708+0000][7][gc,metaspace] GC(9) Metaspace: 60094K(61376K)->60094K(61376K) NonClass: 51927K(52672K)->51927K(52672K) Class: 8167K(8704K)->8167K(8704K)
[2025-10-16T03:27:16.708+0000][7][gc          ] GC(9) Pause Young (Concurrent Start) (Metadata GC Threshold) 514M->59M(3072M) 25.277ms
[2025-10-16T03:27:16.709+0000][7][gc,cpu      ] GC(9) User=0.04s Sys=0.00s Real=0.03s
[2025-10-16T03:27:16.709+0000][7][gc          ] GC(10) Concurrent Mark Cycle
[2025-10-16T03:27:16.710+0000][7][safepoint   ] Safepoint "CollectForMetadataAllocation", Time since last: 521689473 ns, Reaching safepoint: 4615 ns, Cleanup: 45091 ns, At safepoint: 27272721 ns, Total: 27322427 ns
[2025-10-16T03:27:16.712+0000][7][gc,marking  ] GC(10) Concurrent Scan Root Regions
[2025-10-16T03:27:16.745+0000][7][gc,marking  ] GC(10) Concurrent Scan Root Regions 32.692ms
[2025-10-16T03:27:16.745+0000][7][gc,marking  ] GC(10) Concurrent Mark
[2025-10-16T03:27:16.745+0000][7][gc,marking  ] GC(10) Concurrent Mark From Roots
[2025-10-16T03:27:16.745+0000][7][gc,task     ] GC(10) Using 2 workers of 2 for marking
[2025-10-16T03:27:16.779+0000][7][safepoint   ] Safepoint "CollectForMetadataAllocation", Time since last: 64513078 ns, Reaching safepoint: 3530238 ns, Cleanup: 20656 ns, At safepoint: 945524 ns, Total: 4496418 ns
[2025-10-16T03:27:16.840+0000][7][safepoint   ] Safepoint "CollectForMetadataAllocation", Time since last: 59002173 ns, Reaching safepoint: 1423496 ns, Cleanup: 10507 ns, At safepoint: 56217 ns, Total: 1490220 ns
[2025-10-16T03:27:16.854+0000][7][gc,marking  ] GC(10) Concurrent Mark From Roots 109.238ms
[2025-10-16T03:27:16.854+0000][7][gc,marking  ] GC(10) Concurrent Preclean
[2025-10-16T03:27:16.855+0000][7][gc,marking  ] GC(10) Concurrent Preclean 0.169ms
[2025-10-16T03:27:16.856+0000][7][gc,start    ] GC(10) Pause Remark
[2025-10-16T03:27:16.867+0000][7][gc          ] GC(10) Pause Remark 67M->67M(3072M) 10.599ms
[2025-10-16T03:27:16.867+0000][7][gc,cpu      ] GC(10) User=0.01s Sys=0.00s Real=0.01s
[2025-10-16T03:27:16.868+0000][7][safepoint   ] Safepoint "G1PauseRemark", Time since last: 14870245 ns, Reaching safepoint: 1619885 ns, Cleanup: 10141 ns, At safepoint: 11101493 ns, Total: 12731519 ns
[2025-10-16T03:27:16.871+0000][7][gc,marking  ] GC(10) Concurrent Mark 126.249ms
[2025-10-16T03:27:16.872+0000][7][gc,marking  ] GC(10) Concurrent Rebuild Remembered Sets and Scrub Regions
[2025-10-16T03:27:16.901+0000][7][gc,marking  ] GC(10) Concurrent Rebuild Remembered Sets and Scrub Regions 29.703ms
[2025-10-16T03:27:16.902+0000][7][gc,start    ] GC(10) Pause Cleanup
[2025-10-16T03:27:16.902+0000][7][gc          ] GC(10) Pause Cleanup 67M->67M(3072M) 0.370ms
[2025-10-16T03:27:16.902+0000][7][gc,cpu      ] GC(10) User=0.00s Sys=0.00s Real=0.00s
[2025-10-16T03:27:16.903+0000][7][safepoint   ] Safepoint "G1PauseCleanup", Time since last: 34119008 ns, Reaching safepoint: 73820 ns, Cleanup: 24895 ns, At safepoint: 761413 ns, Total: 860128 ns
[2025-10-16T03:27:16.904+0000][7][gc,marking  ] GC(10) Concurrent Clear Claimed Marks
[2025-10-16T03:27:16.905+0000][7][gc,marking  ] GC(10) Concurrent Clear Claimed Marks 0.276ms
[2025-10-16T03:27:16.905+0000][7][gc,marking  ] GC(10) Concurrent Cleanup for Next Mark
[2025-10-16T03:27:16.908+0000][7][gc,marking  ] GC(10) Concurrent Cleanup for Next Mark 3.462ms
[2025-10-16T03:27:16.909+0000][7][gc          ] GC(10) Concurrent Mark Cycle 199.754ms
[2025-10-16T03:27:17.905+0000][7][safepoint   ] Safepoint "Cleanup", Time since last: 1002620027 ns, Reaching safepoint: 5501 ns, Cleanup: 56441 ns, At safepoint: 228317 ns, Total: 290259 ns
[2025-10-16T03:27:19.645+0000][7][safepoint   ] Safepoint "Cleanup", Time since last: 1739962657 ns, Reaching safepoint: 3181 ns, Cleanup: 64434 ns, At safepoint: 2325 ns, Total: 69940 ns
[2025-10-16T03:27:21.615+0000][7][safepoint   ] Safepoint "Cleanup", Time since last: 1966091507 ns, Reaching safepoint: 3183098 ns, Cleanup: 127324 ns, At safepoint: 25583 ns, Total: 3336005 ns
[2025-10-16T03:27:22.615+0000][7][safepoint   ] Safepoint "Cleanup", Time since last: 1000129171 ns, Reaching safepoint: 74245 ns, Cleanup: 41637 ns, At safepoint: 15429 ns, Total: 131311 ns
[2025-10-16T03:27:23.864+0000][7][safepoint   ] Safepoint "Cleanup", Time since last: 1248334122 ns, Reaching safepoint: 3969 ns, Cleanup: 54262 ns, At safepoint: 3987 ns, Total: 62218 ns
[2025-10-16T03:27:25.058+0000][7][safepoint   ] Safepoint "ICBufferFull", Time since last: 1194119107 ns, Reaching safepoint: 3532 ns, Cleanup: 71522 ns, At safepoint: 4801 ns, Total: 79855 ns
[2025-10-16T03:27:25.598+0000][7][safepoint   ] Safepoint "ICBufferFull", Time since last: 540200455 ns, Reaching safepoint: 6510 ns, Cleanup: 87959 ns, At safepoint: 6119 ns, Total: 100588 ns
[2025-10-16T03:27:26.598+0000][7][safepoint   ] Safepoint "Cleanup", Time since last: 1000102966 ns, Reaching safepoint: 5287 ns, Cleanup: 63566 ns, At safepoint: 4005 ns, Total: 72858 ns
[2025-10-16T03:27:27.792+0000][7][safepoint   ] Safepoint "Cleanup", Time since last: 1193500310 ns, Reaching safepoint: 7821 ns, Cleanup: 20891 ns, At safepoint: 5628 ns, Total: 34340 ns
[2025-10-16T03:27:28.792+0000][7][safepoint   ] Safepoint "Cleanup", Time since last: 1000122719 ns, Reaching safepoint: 7586 ns, Cleanup: 14892 ns, At safepoint: 7426 ns, Total: 29904 ns
[2025-10-16T03:27:29.997+0000][7][safepoint   ] Safepoint "Cleanup", Time since last: 1000107981 ns, Reaching safepoint: 204982126 ns, Cleanup: 53656 ns, At safepoint: 8787 ns, Total: 205044569 ns
[2025-10-16T03:27:30.686+0000][7][gc,start    ] GC(11) Pause Young (Concurrent Start) (Metadata GC Threshold)
[2025-10-16T03:27:30.687+0000][7][gc,task     ] GC(11) Using 8 workers of 8 for evacuation
[2025-10-16T03:27:30.687+0000][7][gc,age      ] GC(11) Desired survivor size 73400320 bytes, new threshold 15 (max threshold 15)
[2025-10-16T03:27:30.707+0000][7][gc,phases   ] GC(11)   Pre Evacuate Collection Set: 0.39ms
[2025-10-16T03:27:30.707+0000][7][gc,phases   ] GC(11)   Merge Heap Roots: 0.24ms
[2025-10-16T03:27:30.707+0000][7][gc,phases   ] GC(11)   Evacuate Collection Set: 18.75ms
[2025-10-16T03:27:30.707+0000][7][gc,phases   ] GC(11)   Post Evacuate Collection Set: 1.31ms
[2025-10-16T03:27:30.707+0000][7][gc,phases   ] GC(11)   Other: 0.07ms
[2025-10-16T03:27:30.707+0000][7][gc,age      ] GC(11) Age table with threshold 15 (max threshold 15)
[2025-10-16T03:27:30.707+0000][7][gc,age      ] GC(11) - age   1:   18482600 bytes,   18482600 total
[2025-10-16T03:27:30.707+0000][7][gc,age      ] GC(11) - age   2:   10837464 bytes,   29320064 total
[2025-10-16T03:27:30.707+0000][7][gc,age      ] GC(11) - age   3:      27712 bytes,   29347776 total
[2025-10-16T03:27:30.707+0000][7][gc,age      ] GC(11) - age   4:      35504 bytes,   29383280 total
[2025-10-16T03:27:30.707+0000][7][gc,heap     ] GC(11) Eden regions: 86->0(365)
[2025-10-16T03:27:30.707+0000][7][gc,heap     ] GC(11) Survivor regions: 4->8(35)
[2025-10-16T03:27:30.707+0000][7][gc,heap     ] GC(11) Old regions: 12->12
[2025-10-16T03:27:30.707+0000][7][gc,heap     ] GC(11) Humongous regions: 2->2
[2025-10-16T03:27:30.707+0000][7][gc,metaspace] GC(11) Metaspace: 100639K(103488K)->100639K(103488K) NonClass: 86181K(87744K)->86181K(87744K) Class: 14457K(15744K)->14457K(15744K)
[2025-10-16T03:27:30.707+0000][7][gc          ] GC(11) Pause Young (Concurrent Start) (Metadata GC Threshold) 409M->86M(3072M) 20.974ms
[2025-10-16T03:27:30.707+0000][7][gc          ] GC(12) Concurrent Mark Cycle
[2025-10-16T03:27:30.707+0000][7][gc,cpu      ] GC(11) User=0.09s Sys=0.00s Real=0.02s
[2025-10-16T03:27:30.707+0000][7][gc,marking  ] GC(12) Concurrent Scan Root Regions
[2025-10-16T03:27:30.708+0000][7][safepoint   ] Safepoint "CollectForMetadataAllocation", Time since last: 689016144 ns, Reaching safepoint: 325544 ns, Cleanup: 32017 ns, At safepoint: 21090359 ns, Total: 21447920 ns
[2025-10-16T03:27:30.720+0000][7][gc,marking  ] GC(12) Concurrent Scan Root Regions 12.674ms
[2025-10-16T03:27:30.720+0000][7][gc,marking  ] GC(12) Concurrent Mark
[2025-10-16T03:27:30.720+0000][7][gc,marking  ] GC(12) Concurrent Mark From Roots
[2025-10-16T03:27:30.720+0000][7][gc,task     ] GC(12) Using 2 workers of 2 for marking
[2025-10-16T03:27:30.756+0000][7][gc,marking  ] GC(12) Concurrent Mark From Roots 36.206ms
[2025-10-16T03:27:30.756+0000][7][gc,marking  ] GC(12) Concurrent Preclean
[2025-10-16T03:27:30.757+0000][7][gc,marking  ] GC(12) Concurrent Preclean 0.139ms
[2025-10-16T03:27:30.757+0000][7][gc,start    ] GC(12) Pause Remark
[2025-10-16T03:27:30.760+0000][7][gc          ] GC(12) Pause Remark 97M->97M(3072M) 2.953ms
[2025-10-16T03:27:30.760+0000][7][gc,cpu      ] GC(12) User=0.01s Sys=0.00s Real=0.00s
[2025-10-16T03:27:30.760+0000][7][safepoint   ] Safepoint "G1PauseRemark", Time since last: 49102507 ns, Reaching safepoint: 4653 ns, Cleanup: 9911 ns, At safepoint: 3006243 ns, Total: 3020807 ns
[2025-10-16T03:27:30.760+0000][7][gc,marking  ] GC(12) Concurrent Mark 39.479ms
[2025-10-16T03:27:30.760+0000][7][gc,marking  ] GC(12) Concurrent Rebuild Remembered Sets and Scrub Regions
[2025-10-16T03:27:30.775+0000][7][gc,marking  ] GC(12) Concurrent Rebuild Remembered Sets and Scrub Regions 14.988ms
[2025-10-16T03:27:30.775+0000][7][gc,start    ] GC(12) Pause Cleanup
[2025-10-16T03:27:30.775+0000][7][gc          ] GC(12) Pause Cleanup 97M->97M(3072M) 0.076ms
[2025-10-16T03:27:30.775+0000][7][gc,cpu      ] GC(12) User=0.00s Sys=0.00s Real=0.00s
[2025-10-16T03:27:30.775+0000][7][safepoint   ] Safepoint "G1PauseCleanup", Time since last: 15099921 ns, Reaching safepoint: 4603 ns, Cleanup: 5145 ns, At safepoint: 124511 ns, Total: 134259 ns
[2025-10-16T03:27:30.775+0000][7][gc,marking  ] GC(12) Concurrent Clear Claimed Marks
[2025-10-16T03:27:30.775+0000][7][gc,marking  ] GC(12) Concurrent Clear Claimed Marks 0.165ms
[2025-10-16T03:27:30.775+0000][7][gc,marking  ] GC(12) Concurrent Cleanup for Next Mark
[2025-10-16T03:27:30.777+0000][7][gc,marking  ] GC(12) Concurrent Cleanup for Next Mark 1.928ms
[2025-10-16T03:27:30.777+0000][7][gc          ] GC(12) Concurrent Mark Cycle 69.590ms
[2025-10-16T03:27:31.775+0000][7][safepoint   ] Safepoint "Cleanup", Time since last: 1000067860 ns, Reaching safepoint: 5474 ns, Cleanup: 30369 ns, At safepoint: 5842 ns, Total: 41685 ns
[2025-10-16T03:27:32.775+0000][7][safepoint   ] Safepoint "Cleanup", Time since last: 1000123522 ns, Reaching safepoint: 5675 ns, Cleanup: 12075 ns, At safepoint: 5799 ns, Total: 23549 ns
[2025-10-16T03:27:34.104+0000][7][safepoint   ] Safepoint "Cleanup", Time since last: 1329164730 ns, Reaching safepoint: 5278 ns, Cleanup: 8613 ns, At safepoint: 5128 ns, Total: 19019 ns
[2025-10-16T03:27:35.876+0000][7][safepoint   ] Safepoint "Cleanup", Time since last: 1771642306 ns, Reaching safepoint: 4806 ns, Cleanup: 12194 ns, At safepoint: 2053 ns, Total: 19053 ns
[2025-10-16T03:27:37.071+0000][7][safepoint   ] Safepoint "Cleanup", Time since last: 1000847557 ns, Reaching safepoint: 194443319 ns, Cleanup: 66234 ns, At safepoint: 85900 ns, Total: 194595453 ns
[2025-10-16T03:27:38.728+0000][7][safepoint   ] Safepoint "Cleanup", Time since last: 1000168177 ns, Reaching safepoint: 655943795 ns, Cleanup: 22143 ns, At safepoint: 304369 ns, Total: 656270307 ns
[2025-10-16T03:27:39.728+0000][7][safepoint   ] Safepoint "Cleanup", Time since last: 1000304300 ns, Reaching safepoint: 20684 ns, Cleanup: 18906 ns, At safepoint: 6499 ns, Total: 46089 ns
[2025-10-16T03:27:41.433+0000][7][safepoint   ] Safepoint "Cleanup", Time since last: 1000116387 ns, Reaching safepoint: 704318078 ns, Cleanup: 8505 ns, At safepoint: 18518 ns, Total: 704345101 ns
[2025-10-16T03:27:42.544+0000][7][safepoint   ] Safepoint "Cleanup", Time since last: 1000098908 ns, Reaching safepoint: 111064067 ns, Cleanup: 48224 ns, At safepoint: 5920 ns, Total: 111118211 ns
[2025-10-16T03:27:44.544+0000][7][safepoint   ] Safepoint "Cleanup", Time since last: 2000178525 ns, Reaching safepoint: 6763 ns, Cleanup: 10376 ns, At safepoint: 5329 ns, Total: 22468 ns
[2025-10-16T03:27:48.544+0000][7][safepoint   ] Safepoint "Cleanup", Time since last: 4000305987 ns, Reaching safepoint: 9515 ns, Cleanup: 20029 ns, At safepoint: 7999 ns, Total: 37543 ns
[2025-10-16T03:27:49.545+0000][7][safepoint   ] Safepoint "Cleanup", Time since last: 1000115137 ns, Reaching safepoint: 8942 ns, Cleanup: 12297 ns, At safepoint: 6301 ns, Total: 27540 ns
[2025-10-16T03:27:51.520+0000][7][safepoint   ] Safepoint "Cleanup", Time since last: 1000089553 ns, Reaching safepoint: 974931249 ns, Cleanup: 12329 ns, At safepoint: 9027 ns, Total: 974952605 ns
[2025-10-16T03:27:53.029+0000][7][safepoint   ] Safepoint "Cleanup", Time since last: 1508818988 ns, Reaching safepoint: 33816 ns, Cleanup: 6988 ns, At safepoint: 5290 ns, Total: 46094 ns
[2025-10-16T03:27:54.238+0000][7][safepoint   ] Safepoint "Cleanup", Time since last: 1208868574 ns, Reaching safepoint: 143339 ns, Cleanup: 76521 ns, At safepoint: 5740 ns, Total: 225600 ns
[2025-10-16T03:27:55.238+0000][7][safepoint   ] Safepoint "Cleanup", Time since last: 1000289845 ns, Reaching safepoint: 11483 ns, Cleanup: 63946 ns, At safepoint: 7730 ns, Total: 83159 ns
[2025-10-16T03:27:56.238+0000][7][safepoint   ] Safepoint "Cleanup", Time since last: 1000106646 ns, Reaching safepoint: 7896 ns, Cleanup: 22596 ns, At safepoint: 4751 ns, Total: 35243 ns
[2025-10-16T03:27:57.595+0000][7][safepoint   ] Safepoint "Cleanup", Time since last: 1356500903 ns, Reaching safepoint: 10903 ns, Cleanup: 16022 ns, At safepoint: 5421 ns, Total: 32346 ns
[2025-10-16T03:27:59.595+0000][7][safepoint   ] Safepoint "Cleanup", Time since last: 2000187445 ns, Reaching safepoint: 7653 ns, Cleanup: 6232 ns, At safepoint: 4808 ns, Total: 18693 ns
[2025-10-16T03:28:00.595+0000][7][safepoint   ] Safepoint "Cleanup", Time since last: 1000398633 ns, Reaching safepoint: 12198 ns, Cleanup: 10221 ns, At safepoint: 7417 ns, Total: 29836 ns
[2025-10-16T03:28:02.595+0000][7][safepoint   ] Safepoint "Cleanup", Time since last: 2000164701 ns, Reaching safepoint: 9223 ns, Cleanup: 29361 ns, At safepoint: 5016 ns, Total: 43600 ns
[2025-10-16T03:28:03.596+0000][7][safepoint   ] Safepoint "Cleanup", Time since last: 1000100953 ns, Reaching safepoint: 11183 ns, Cleanup: 37505 ns, At safepoint: 6961 ns, Total: 55649 ns
[2025-10-16T03:28:04.992+0000][7][safepoint   ] Safepoint "Cleanup", Time since last: 1396255778 ns, Reaching safepoint: 10222 ns, Cleanup: 17409 ns, At safepoint: 5375 ns, Total: 33006 ns
[2025-10-16T03:28:05.992+0000][7][safepoint   ] Safepoint "Cleanup", Time since last: 1000102545 ns, Reaching safepoint: 9865 ns, Cleanup: 8086 ns, At safepoint: 5437 ns, Total: 23388 ns
[2025-10-16T03:28:09.044+0000][7][safepoint   ] Safepoint "Cleanup", Time since last: 3051552913 ns, Reaching safepoint: 7133 ns, Cleanup: 6419 ns, At safepoint: 5047 ns, Total: 18599 ns
[2025-10-16T03:28:13.044+0000][7][safepoint   ] Safepoint "Cleanup", Time since last: 4000301908 ns, Reaching safepoint: 17754 ns, Cleanup: 9818 ns, At safepoint: 5688 ns, Total: 33260 ns
[2025-10-16T03:28:15.044+0000][7][safepoint   ] Safepoint "Cleanup", Time since last: 2000180562 ns, Reaching safepoint: 7429 ns, Cleanup: 8840 ns, At safepoint: 5779 ns, Total: 22048 ns
[2025-10-16T03:28:17.044+0000][7][safepoint   ] Safepoint "Cleanup", Time since last: 2000275481 ns, Reaching safepoint: 29293 ns, Cleanup: 8736 ns, At safepoint: 4466 ns, Total: 42495 ns
[2025-10-16T03:28:18.045+0000][7][safepoint   ] Safepoint "Cleanup", Time since last: 1000086183 ns, Reaching safepoint: 7504 ns, Cleanup: 7269 ns, At safepoint: 3817 ns, Total: 18590 ns
[2025-10-16T03:28:19.045+0000][7][safepoint   ] Safepoint "Cleanup", Time since last: 1000092170 ns, Reaching safepoint: 7484 ns, Cleanup: 10557 ns, At safepoint: 3890 ns, Total: 21931 ns
[2025-10-16T03:28:20.153+0000][7][safepoint   ] Safepoint "Cleanup", Time since last: 1000095466 ns, Reaching safepoint: 107760674 ns, Cleanup: 13419 ns, At safepoint: 15666 ns, Total: 107789759 ns
[2025-10-16T03:28:24.357+0000][7][safepoint   ] Safepoint "Cleanup", Time since last: 4203882594 ns, Reaching safepoint: 14592 ns, Cleanup: 11860 ns, At safepoint: 4532 ns, Total: 30984 ns
[2025-10-16T03:28:25.357+0000][7][safepoint   ] Safepoint "Cleanup", Time since last: 1000094071 ns, Reaching safepoint: 11742 ns, Cleanup: 9500 ns, At safepoint: 5921 ns, Total: 27163 ns
[2025-10-16T03:28:26.357+0000][7][safepoint   ] Safepoint "Cleanup", Time since last: 1000093534 ns, Reaching safepoint: 8098 ns, Cleanup: 7863 ns, At safepoint: 3887 ns, Total: 19848 ns
[2025-10-16T03:28:30.357+0000][7][safepoint   ] Safepoint "Cleanup", Time since last: 4000326436 ns, Reaching safepoint: 19282 ns, Cleanup: 6941 ns, At safepoint: 5191 ns, Total: 31414 ns
[2025-10-16T03:28:32.389+0000][7][safepoint   ] Safepoint "Cleanup", Time since last: 2031841289 ns, Reaching safepoint: 18509 ns, Cleanup: 18789 ns, At safepoint: 15499 ns, Total: 52797 ns
[2025-10-16T03:28:36.389+0000][7][safepoint   ] Safepoint "Cleanup", Time since last: 4000313490 ns, Reaching safepoint: 7647 ns, Cleanup: 8913 ns, At safepoint: 3621 ns, Total: 20181 ns
[2025-10-16T03:28:38.390+0000][7][safepoint   ] Safepoint "Cleanup", Time since last: 2000230329 ns, Reaching safepoint: 17627 ns, Cleanup: 27963 ns, At safepoint: 17577 ns, Total: 63167 ns
[2025-10-16T03:28:42.597+0000][7][safepoint   ] Safepoint "Cleanup", Time since last: 4207103899 ns, Reaching safepoint: 18026 ns, Cleanup: 9492 ns, At safepoint: 4923 ns, Total: 32441 ns
[2025-10-16T03:28:43.597+0000][7][safepoint   ] Safepoint "Cleanup", Time since last: 1000475351 ns, Reaching safepoint: 6808 ns, Cleanup: 9996 ns, At safepoint: 5293 ns, Total: 22097 ns
[2025-10-16T03:28:44.598+0000][7][safepoint   ] Safepoint "Cleanup", Time since last: 1000311448 ns, Reaching safepoint: 8259 ns, Cleanup: 8360 ns, At safepoint: 6175 ns, Total: 22794 ns
[2025-10-16T03:28:47.598+0000][7][safepoint   ] Safepoint "Cleanup", Time since last: 3000241716 ns, Reaching safepoint: 6972 ns, Cleanup: 7379 ns, At safepoint: 5113 ns, Total: 19464 ns
[2025-10-16T03:28:48.598+0000][7][safepoint   ] Safepoint "Cleanup", Time since last: 1000138761 ns, Reaching safepoint: 16857 ns, Cleanup: 19151 ns, At safepoint: 15053 ns, Total: 51061 ns
[2025-10-16T03:28:50.599+0000][7][safepoint   ] Safepoint "Cleanup", Time since last: 2000423676 ns, Reaching safepoint: 14091 ns, Cleanup: 11665 ns, At safepoint: 7514 ns, Total: 33270 ns
[2025-10-16T03:28:53.599+0000][7][safepoint   ] Safepoint "Cleanup", Time since last: 3000222548 ns, Reaching safepoint: 20001 ns, Cleanup: 7710 ns, At safepoint: 4647 ns, Total: 32358 ns
[2025-10-16T03:28:55.678+0000][7][safepoint   ] Safepoint "Cleanup", Time since last: 2000143919 ns, Reaching safepoint: 79097275 ns, Cleanup: 11014 ns, At safepoint: 6307 ns, Total: 79114596 ns
[2025-10-16T03:28:59.678+0000][7][safepoint   ] Safepoint "Cleanup", Time since last: 4000294993 ns, Reaching safepoint: 19153 ns, Cleanup: 9862 ns, At safepoint: 4881 ns, Total: 33896 ns
[2025-10-16T03:29:01.679+0000][7][safepoint   ] Safepoint "Cleanup", Time since last: 2000889492 ns, Reaching safepoint: 12405 ns, Cleanup: 12538 ns, At safepoint: 6637 ns, Total: 31580 ns
[2025-10-16T03:29:03.679+0000][7][safepoint   ] Safepoint "Cleanup", Time since last: 2000188752 ns, Reaching safepoint: 20150 ns, Cleanup: 12086 ns, At safepoint: 6169 ns, Total: 38405 ns
[2025-10-16T03:29:07.680+0000][7][safepoint   ] Safepoint "Cleanup", Time since last: 4000269734 ns, Reaching safepoint: 20605 ns, Cleanup: 8784 ns, At safepoint: 5329 ns, Total: 34718 ns
[2025-10-16T03:29:09.682+0000][7][safepoint   ] Safepoint "Cleanup", Time since last: 2002536066 ns, Reaching safepoint: 13891 ns, Cleanup: 7701 ns, At safepoint: 5190 ns, Total: 26782 ns
[2025-10-16T03:29:12.683+0000][7][safepoint   ] Safepoint "Cleanup", Time since last: 3000226850 ns, Reaching safepoint: 8498 ns, Cleanup: 7617 ns, At safepoint: 4452 ns, Total: 20567 ns
[2025-10-16T03:29:16.683+0000][7][safepoint   ] Safepoint "Cleanup", Time since last: 4000311944 ns, Reaching safepoint: 7603 ns, Cleanup: 9030 ns, At safepoint: 4580 ns, Total: 21213 ns
[2025-10-16T03:29:19.899+0000][7][safepoint   ] Safepoint "Cleanup", Time since last: 3215770942 ns, Reaching safepoint: 7346 ns, Cleanup: 7248 ns, At safepoint: 3999 ns, Total: 18593 ns
[2025-10-16T03:29:20.979+0000][7][safepoint   ] Safepoint "Cleanup", Time since last: 1080225072 ns, Reaching safepoint: 11421 ns, Cleanup: 10780 ns, At safepoint: 5967 ns, Total: 28168 ns
[2025-10-16T03:29:22.988+0000][7][safepoint   ] Safepoint "Cleanup", Time since last: 2008618913 ns, Reaching safepoint: 10434 ns, Cleanup: 13428 ns, At safepoint: 5266 ns, Total: 29128 ns
[2025-10-16T03:29:24.019+0000][7][safepoint   ] Safepoint "Cleanup", Time since last: 1031180319 ns, Reaching safepoint: 10106 ns, Cleanup: 10796 ns, At safepoint: 4914 ns, Total: 25816 ns
[2025-10-16T03:29:25.019+0000][7][safepoint   ] Safepoint "Cleanup", Time since last: 1000103410 ns, Reaching safepoint: 7672 ns, Cleanup: 8284 ns, At safepoint: 4144 ns, Total: 20100 ns
[2025-10-16T03:29:26.019+0000][7][safepoint   ] Safepoint "Cleanup", Time since last: 1000084751 ns, Reaching safepoint: 16884 ns, Cleanup: 12823 ns, At safepoint: 4832 ns, Total: 34539 ns
[2025-10-16T03:29:27.019+0000][7][safepoint   ] Safepoint "Cleanup", Time since last: 1000086140 ns, Reaching safepoint: 7632 ns, Cleanup: 11399 ns, At safepoint: 4927 ns, Total: 23958 ns
[2025-10-16T03:29:30.433+0000][7][safepoint   ] Safepoint "Cleanup", Time since last: 3413674541 ns, Reaching safepoint: 10202 ns, Cleanup: 12588 ns, At safepoint: 5516 ns, Total: 28306 ns
[2025-10-16T03:29:31.433+0000][7][safepoint   ] Safepoint "Cleanup", Time since last: 1000105888 ns, Reaching safepoint: 7371 ns, Cleanup: 11213 ns, At safepoint: 4673 ns, Total: 23257 ns
[2025-10-16T03:29:37.434+0000][7][safepoint   ] Safepoint "Cleanup", Time since last: 6000661925 ns, Reaching safepoint: 18040 ns, Cleanup: 7614 ns, At safepoint: 4593 ns, Total: 30247 ns
[2025-10-16T03:29:39.434+0000][7][safepoint   ] Safepoint "Cleanup", Time since last: 2000149429 ns, Reaching safepoint: 10883 ns, Cleanup: 15834 ns, At safepoint: 5355 ns, Total: 32072 ns
[2025-10-16T03:29:41.435+0000][7][safepoint   ] Safepoint "Cleanup", Time since last: 2000747074 ns, Reaching safepoint: 9317 ns, Cleanup: 9697 ns, At safepoint: 4259 ns, Total: 23273 ns
[2025-10-16T03:29:43.436+0000][7][safepoint   ] Safepoint "Cleanup", Time since last: 2000867600 ns, Reaching safepoint: 9871 ns, Cleanup: 12747 ns, At safepoint: 5719 ns, Total: 28337 ns
[2025-10-16T03:29:47.443+0000][7][safepoint   ] Safepoint "Cleanup", Time since last: 4000264565 ns, Reaching safepoint: 6655999 ns, Cleanup: 28368 ns, At safepoint: 5379 ns, Total: 6689746 ns
[2025-10-16T03:29:50.444+0000][7][safepoint   ] Safepoint "Cleanup", Time since last: 3001780522 ns, Reaching safepoint: 7796 ns, Cleanup: 10055 ns, At safepoint: 4545 ns, Total: 22396 ns
[2025-10-16T03:29:51.977+0000][7][safepoint   ] Safepoint "Cleanup", Time since last: 1532507300 ns, Reaching safepoint: 7054 ns, Cleanup: 7034 ns, At safepoint: 4686 ns, Total: 18774 ns
[2025-10-16T03:29:56.052+0000][7][safepoint   ] Safepoint "Cleanup", Time since last: 4000340174 ns, Reaching safepoint: 74981471 ns, Cleanup: 14193 ns, At safepoint: 14020 ns, Total: 75009684 ns
[2025-10-16T03:30:03.053+0000][7][safepoint   ] Safepoint "Cleanup", Time since last: 7000446516 ns, Reaching safepoint: 18164 ns, Cleanup: 7818 ns, At safepoint: 5320 ns, Total: 31302 ns
[2025-10-16T03:30:09.106+0000][7][safepoint   ] Safepoint "Cleanup", Time since last: 6053608641 ns, Reaching safepoint: 12576 ns, Cleanup: 9775 ns, At safepoint: 4233 ns, Total: 26584 ns
[2025-10-16T03:30:11.107+0000][7][safepoint   ] Safepoint "Cleanup", Time since last: 2000215800 ns, Reaching safepoint: 12252 ns, Cleanup: 10628 ns, At safepoint: 6902 ns, Total: 29782 ns
[2025-10-16T03:30:13.107+0000][7][safepoint   ] Safepoint "Cleanup", Time since last: 2000193885 ns, Reaching safepoint: 15070 ns, Cleanup: 7097 ns, At safepoint: 6173 ns, Total: 28340 ns
[2025-10-16T03:30:23.108+0000][7][safepoint   ] Safepoint "Cleanup", Time since last: 10001041611 ns, Reaching safepoint: 7515 ns, Cleanup: 10029 ns, At safepoint: 4451 ns, Total: 21995 ns
[2025-10-16T03:30:25.108+0000][7][safepoint   ] Safepoint "Cleanup", Time since last: 2000180447 ns, Reaching safepoint: 18415 ns, Cleanup: 17362 ns, At safepoint: 15765 ns, Total: 51542 ns
[2025-10-16T03:30:26.108+0000][7][safepoint   ] Safepoint "Cleanup", Time since last: 1000286272 ns, Reaching safepoint: 7614 ns, Cleanup: 7723 ns, At safepoint: 4765 ns, Total: 20102 ns
[2025-10-16T03:30:28.109+0000][7][safepoint   ] Safepoint "Cleanup", Time since last: 2000308728 ns, Reaching safepoint: 50763 ns, Cleanup: 19532 ns, At safepoint: 8177 ns, Total: 78472 ns
[2025-10-16T03:30:29.109+0000][7][safepoint   ] Safepoint "Cleanup", Time since last: 1000100181 ns, Reaching safepoint: 7285 ns, Cleanup: 7955 ns, At safepoint: 4575 ns, Total: 19815 ns
[2025-10-16T03:30:35.109+0000][7][safepoint   ] Safepoint "Cleanup", Time since last: 6000516871 ns, Reaching safepoint: 16661 ns, Cleanup: 7135 ns, At safepoint: 4111 ns, Total: 27907 ns
[2025-10-16T03:30:39.110+0000][7][safepoint   ] Safepoint "Cleanup", Time since last: 4000344876 ns, Reaching safepoint: 39325 ns, Cleanup: 31660 ns, At safepoint: 19754 ns, Total: 90739 ns
[2025-10-16T03:30:42.110+0000][7][safepoint   ] Safepoint "Cleanup", Time since last: 3000308318 ns, Reaching safepoint: 8833 ns, Cleanup: 9666 ns, At safepoint: 4577 ns, Total: 23076 ns
[2025-10-16T03:30:47.111+0000][7][safepoint   ] Safepoint "Cleanup", Time since last: 5000488084 ns, Reaching safepoint: 35681 ns, Cleanup: 14686 ns, At safepoint: 7131 ns, Total: 57498 ns
[2025-10-16T03:30:48.111+0000][7][safepoint   ] Safepoint "Cleanup", Time since last: 1000173568 ns, Reaching safepoint: 18216 ns, Cleanup: 17712 ns, At safepoint: 13783 ns, Total: 49711 ns
[2025-10-16T03:30:50.111+0000][7][safepoint   ] Safepoint "Cleanup", Time since last: 2000193845 ns, Reaching safepoint: 15979 ns, Cleanup: 11164 ns, At safepoint: 8815 ns, Total: 35958 ns
[2025-10-16T03:30:52.111+0000][7][safepoint   ] Safepoint "Cleanup", Time since last: 2000202117 ns, Reaching safepoint: 31210 ns, Cleanup: 28245 ns, At safepoint: 24486 ns, Total: 83941 ns
[2025-10-16T03:30:56.112+0000][7][safepoint   ] Safepoint "Cleanup", Time since last: 4000275645 ns, Reaching safepoint: 7929 ns, Cleanup: 11037 ns, At safepoint: 3325 ns, Total: 22291 ns
[2025-10-16T03:31:00.112+0000][7][safepoint   ] Safepoint "Cleanup", Time since last: 4000261972 ns, Reaching safepoint: 28265 ns, Cleanup: 10477 ns, At safepoint: 6089 ns, Total: 44831 ns
[2025-10-16T03:31:06.114+0000][7][safepoint   ] Safepoint "Cleanup", Time since last: 6001886960 ns, Reaching safepoint: 9545 ns, Cleanup: 7033 ns, At safepoint: 4956 ns, Total: 21534 ns
[2025-10-16T03:31:08.114+0000][7][safepoint   ] Safepoint "Cleanup", Time since last: 2000152750 ns, Reaching safepoint: 9258 ns, Cleanup: 10607 ns, At safepoint: 4614 ns, Total: 24479 ns
[2025-10-16T03:31:13.115+0000][7][safepoint   ] Safepoint "Cleanup", Time since last: 5000462187 ns, Reaching safepoint: 19765 ns, Cleanup: 7319 ns, At safepoint: 6462 ns, Total: 33546 ns
[2025-10-16T03:31:20.115+0000][7][safepoint   ] Safepoint "Cleanup", Time since last: 7000604406 ns, Reaching safepoint: 7333 ns, Cleanup: 6661 ns, At safepoint: 3816 ns, Total: 17810 ns
[2025-10-16T03:31:22.116+0000][7][safepoint   ] Safepoint "Cleanup", Time since last: 2000178252 ns, Reaching safepoint: 8620 ns, Cleanup: 23363 ns, At safepoint: 4791 ns, Total: 36774 ns
[2025-10-16T03:31:23.116+0000][7][safepoint   ] Safepoint "Cleanup", Time since last: 1000099322 ns, Reaching safepoint: 12255 ns, Cleanup: 12518 ns, At safepoint: 6962 ns, Total: 31735 ns
[2025-10-16T03:31:24.117+0000][7][safepoint   ] Safepoint "Cleanup", Time since last: 1001414878 ns, Reaching safepoint: 7507 ns, Cleanup: 8576 ns, At safepoint: 4489 ns, Total: 20572 ns
[2025-10-16T03:31:26.117+0000][7][safepoint   ] Safepoint "Cleanup", Time since last: 2000159215 ns, Reaching safepoint: 15428 ns, Cleanup: 13569 ns, At safepoint: 6380 ns, Total: 35377 ns
[2025-10-16T03:31:29.118+0000][7][safepoint   ] Safepoint "Cleanup", Time since last: 3000247657 ns, Reaching safepoint: 7951 ns, Cleanup: 8616 ns, At safepoint: 4835 ns, Total: 21402 ns
[2025-10-16T03:31:31.118+0000][7][safepoint   ] Safepoint "Cleanup", Time since last: 2000175527 ns, Reaching safepoint: 33851 ns, Cleanup: 11701 ns, At safepoint: 7698 ns, Total: 53250 ns
[2025-10-16T03:31:33.118+0000][7][safepoint   ] Safepoint "Cleanup", Time since last: 2000192008 ns, Reaching safepoint: 8612 ns, Cleanup: 10605 ns, At safepoint: 6202 ns, Total: 25419 ns
[2025-10-16T03:31:37.118+0000][7][safepoint   ] Safepoint "Cleanup", Time since last: 4000338309 ns, Reaching safepoint: 8154 ns, Cleanup: 7769 ns, At safepoint: 5743 ns, Total: 21666 ns
[2025-10-16T03:31:47.120+0000][7][safepoint   ] Safepoint "Cleanup", Time since last: 10001271728 ns, Reaching safepoint: 44294 ns, Cleanup: 11028 ns, At safepoint: 4936 ns, Total: 60258 ns
[2025-10-16T03:31:48.120+0000][7][safepoint   ] Safepoint "Cleanup", Time since last: 1000121042 ns, Reaching safepoint: 7717 ns, Cleanup: 7586 ns, At safepoint: 4775 ns, Total: 20078 ns
[2025-10-16T03:31:49.120+0000][7][safepoint   ] Safepoint "Cleanup", Time since last: 1000099544 ns, Reaching safepoint: 7335 ns, Cleanup: 8279 ns, At safepoint: 3346 ns, Total: 18960 ns
[2025-10-16T03:31:53.121+0000][7][safepoint   ] Safepoint "Cleanup", Time since last: 4000594274 ns, Reaching safepoint: 14289 ns, Cleanup: 11443 ns, At safepoint: 7827 ns, Total: 33559 ns
[2025-10-16T03:31:56.121+0000][7][safepoint   ] Safepoint "Cleanup", Time since last: 3000328874 ns, Reaching safepoint: 18639 ns, Cleanup: 21223 ns, At safepoint: 15139 ns, Total: 55001 ns
[2025-10-16T03:31:57.121+0000][7][safepoint   ] Safepoint "Cleanup", Time since last: 1000190552 ns, Reaching safepoint: 18251 ns, Cleanup: 20664 ns, At safepoint: 25051 ns, Total: 63966 ns
[2025-10-16T03:32:01.122+0000][7][safepoint   ] Safepoint "Cleanup", Time since last: 4000349987 ns, Reaching safepoint: 39879 ns, Cleanup: 21836 ns, At safepoint: 7645 ns, Total: 69360 ns
[2025-10-16T03:32:05.122+0000][7][safepoint   ] Safepoint "Cleanup", Time since last: 4000314477 ns, Reaching safepoint: 22701 ns, Cleanup: 8437 ns, At safepoint: 6596 ns, Total: 37734 ns
[2025-10-16T03:32:20.123+0000][7][safepoint   ] Safepoint "Cleanup", Time since last: 15001172106 ns, Reaching safepoint: 8149 ns, Cleanup: 8573 ns, At safepoint: 4656 ns, Total: 21378 ns
[2025-10-16T03:32:24.124+0000][7][safepoint   ] Safepoint "Cleanup", Time since last: 4000380691 ns, Reaching safepoint: 15089 ns, Cleanup: 7667 ns, At safepoint: 6024 ns, Total: 28780 ns
[2025-10-16T03:32:26.124+0000][7][safepoint   ] Safepoint "Cleanup", Time since last: 2000186781 ns, Reaching safepoint: 7229 ns, Cleanup: 7078 ns, At safepoint: 4655 ns, Total: 18962 ns
[2025-10-16T03:32:28.124+0000][7][safepoint   ] Safepoint "Cleanup", Time since last: 2000200221 ns, Reaching safepoint: 7414 ns, Cleanup: 6737 ns, At safepoint: 3661 ns, Total: 17812 ns
[2025-10-16T03:32:34.125+0000][7][safepoint   ] Safepoint "Cleanup", Time since last: 6000432976 ns, Reaching safepoint: 39805 ns, Cleanup: 25674 ns, At safepoint: 20704 ns, Total: 86183 ns
[2025-10-16T03:32:36.125+0000][7][safepoint   ] Safepoint "Cleanup", Time since last: 2000183959 ns, Reaching safepoint: 17860 ns, Cleanup: 9561 ns, At safepoint: 4169 ns, Total: 31590 ns
[2025-10-16T03:32:40.125+0000][7][safepoint   ] Safepoint "Cleanup", Time since last: 4000280881 ns, Reaching safepoint: 18747 ns, Cleanup: 18168 ns, At safepoint: 12192 ns, Total: 49107 ns
[2025-10-16T03:32:52.126+0000][7][safepoint   ] Safepoint "Cleanup", Time since last: 12000889018 ns, Reaching safepoint: 55064 ns, Cleanup: 40980 ns, At safepoint: 5173 ns, Total: 101217 ns
[2025-10-16T03:32:56.128+0000][7][safepoint   ] Safepoint "Cleanup", Time since last: 4001969637 ns, Reaching safepoint: 18187 ns, Cleanup: 21372 ns, At safepoint: 11987 ns, Total: 51546 ns
[2025-10-16T03:32:57.128+0000][7][safepoint   ] Safepoint "Cleanup", Time since last: 1000125947 ns, Reaching safepoint: 7525 ns, Cleanup: 7581 ns, At safepoint: 3913 ns, Total: 19019 ns
[2025-10-16T03:33:03.129+0000][7][safepoint   ] Safepoint "Cleanup", Time since last: 6000791216 ns, Reaching safepoint: 21536 ns, Cleanup: 7231 ns, At safepoint: 4645 ns, Total: 33412 ns
[2025-10-16T03:33:09.130+0000][7][safepoint   ] Safepoint "Cleanup", Time since last: 6000592812 ns, Reaching safepoint: 7314 ns, Cleanup: 12338 ns, At safepoint: 4046 ns, Total: 23698 ns
[2025-10-16T03:33:11.130+0000][7][safepoint   ] Safepoint "Cleanup", Time since last: 2000156842 ns, Reaching safepoint: 7412 ns, Cleanup: 9457 ns, At safepoint: 4729 ns, Total: 21598 ns
[2025-10-16T03:33:17.130+0000][7][safepoint   ] Safepoint "Cleanup", Time since last: 6000575387 ns, Reaching safepoint: 16938 ns, Cleanup: 13163 ns, At safepoint: 4303 ns, Total: 34404 ns
[2025-10-16T03:33:19.131+0000][7][safepoint   ] Safepoint "Cleanup", Time since last: 2000151466 ns, Reaching safepoint: 7939 ns, Cleanup: 8532 ns, At safepoint: 4174 ns, Total: 20645 ns
[2025-10-16T03:33:21.131+0000][7][safepoint   ] Safepoint "Cleanup", Time since last: 2000143589 ns, Reaching safepoint: 7276 ns, Cleanup: 8385 ns, At safepoint: 4658 ns, Total: 20319 ns
[2025-10-16T03:33:24.131+0000][7][safepoint   ] Safepoint "Cleanup", Time since last: 3000414683 ns, Reaching safepoint: 7485 ns, Cleanup: 6762 ns, At safepoint: 5178 ns, Total: 19425 ns
[2025-10-16T03:33:38.132+0000][7][safepoint   ] Safepoint "Cleanup", Time since last: 14001025493 ns, Reaching safepoint: 85574 ns, Cleanup: 7282 ns, At safepoint: 4108 ns, Total: 96964 ns
[2025-10-16T03:33:43.133+0000][7][safepoint   ] Safepoint "Cleanup", Time since last: 5000558246 ns, Reaching safepoint: 12226 ns, Cleanup: 23058 ns, At safepoint: 9568 ns, Total: 44852 ns
[2025-10-16T03:33:45.133+0000][7][safepoint   ] Safepoint "Cleanup", Time since last: 2000169151 ns, Reaching safepoint: 10118 ns, Cleanup: 10550 ns, At safepoint: 6681 ns, Total: 27349 ns
[2025-10-16T03:33:49.133+0000][7][safepoint   ] Safepoint "Cleanup", Time since last: 4000313510 ns, Reaching safepoint: 19135 ns, Cleanup: 15070 ns, At safepoint: 4644 ns, Total: 38849 ns
[2025-10-16T03:33:56.134+0000][7][safepoint   ] Safepoint "Cleanup", Time since last: 7000626046 ns, Reaching safepoint: 7576 ns, Cleanup: 8410 ns, At safepoint: 4687 ns, Total: 20673 ns
[2025-10-16T03:33:58.135+0000][7][safepoint   ] Safepoint "Cleanup", Time since last: 2000354691 ns, Reaching safepoint: 37533 ns, Cleanup: 8329 ns, At safepoint: 6052 ns, Total: 51914 ns
[2025-10-16T03:34:00.135+0000][7][safepoint   ] Safepoint "Cleanup", Time since last: 2000142706 ns, Reaching safepoint: 7577 ns, Cleanup: 6917 ns, At safepoint: 4243 ns, Total: 18737 ns
[2025-10-16T03:34:04.135+0000][7][safepoint   ] Safepoint "Cleanup", Time since last: 4000303982 ns, Reaching safepoint: 34619 ns, Cleanup: 17771 ns, At safepoint: 12900 ns, Total: 65290 ns
[2025-10-16T03:34:08.136+0000][7][safepoint   ] Safepoint "Cleanup", Time since last: 4000389040 ns, Reaching safepoint: 58122 ns, Cleanup: 18071 ns, At safepoint: 14811 ns, Total: 91004 ns
[2025-10-16T03:34:10.136+0000][7][safepoint   ] Safepoint "Cleanup", Time since last: 2000426621 ns, Reaching safepoint: 8846 ns, Cleanup: 7916 ns, At safepoint: 6523 ns, Total: 23285 ns
[2025-10-16T03:34:18.137+0000][7][safepoint   ] Safepoint "Cleanup", Time since last: 8000629983 ns, Reaching safepoint: 43191 ns, Cleanup: 10201 ns, At safepoint: 6002 ns, Total: 59394 ns
[2025-10-16T03:34:23.137+0000][7][safepoint   ] Safepoint "Cleanup", Time since last: 5000394701 ns, Reaching safepoint: 22692 ns, Cleanup: 7513 ns, At safepoint: 4926 ns, Total: 35131 ns
[2025-10-16T03:34:26.138+0000][7][safepoint   ] Safepoint "Cleanup", Time since last: 3000340354 ns, Reaching safepoint: 23560 ns, Cleanup: 9621 ns, At safepoint: 5368 ns, Total: 38549 ns
[2025-10-16T03:34:29.138+0000][7][safepoint   ] Safepoint "Cleanup", Time since last: 3000253375 ns, Reaching safepoint: 23001 ns, Cleanup: 8498 ns, At safepoint: 6380 ns, Total: 37879 ns
[2025-10-16T03:34:31.138+0000][7][safepoint   ] Safepoint "Cleanup", Time since last: 2000170751 ns, Reaching safepoint: 11269 ns, Cleanup: 11218 ns, At safepoint: 5600 ns, Total: 28087 ns
[2025-10-16T03:34:43.139+0000][7][safepoint   ] Safepoint "Cleanup", Time since last: 12000971213 ns, Reaching safepoint: 20355 ns, Cleanup: 10222 ns, At safepoint: 6724 ns, Total: 37301 ns
[2025-10-16T03:34:51.141+0000][7][safepoint   ] Safepoint "Cleanup", Time since last: 8002041425 ns, Reaching safepoint: 25804 ns, Cleanup: 9989 ns, At safepoint: 7632 ns, Total: 43425 ns
[2025-10-16T03:34:53.141+0000][7][safepoint   ] Safepoint "Cleanup", Time since last: 2000155126 ns, Reaching safepoint: 19457 ns, Cleanup: 7359 ns, At safepoint: 5706 ns, Total: 32522 ns
[2025-10-16T03:35:04.142+0000][7][safepoint   ] Safepoint "Cleanup", Time since last: 11000761439 ns, Reaching safepoint: 9655 ns, Cleanup: 7698 ns, At safepoint: 5727 ns, Total: 23080 ns
[2025-10-16T03:35:26.144+0000][7][safepoint   ] Safepoint "Cleanup", Time since last: 22001806646 ns, Reaching safepoint: 14656 ns, Cleanup: 15923 ns, At safepoint: 6385 ns, Total: 36964 ns
[2025-10-16T03:35:27.144+0000][7][safepoint   ] Safepoint "Cleanup", Time since last: 1000559942 ns, Reaching safepoint: 10319 ns, Cleanup: 8529 ns, At safepoint: 5059 ns, Total: 23907 ns
[2025-10-16T03:35:28.145+0000][7][safepoint   ] Safepoint "Cleanup", Time since last: 1000090431 ns, Reaching safepoint: 9921 ns, Cleanup: 8058 ns, At safepoint: 4995 ns, Total: 22974 ns
[2025-10-16T03:35:34.145+0000][7][safepoint   ] Safepoint "Cleanup", Time since last: 6000412162 ns, Reaching safepoint: 7371 ns, Cleanup: 12702 ns, At safepoint: 4553 ns, Total: 24626 ns
[2025-10-16T03:35:39.145+0000][7][safepoint   ] Safepoint "Cleanup", Time since last: 5000351882 ns, Reaching safepoint: 7891 ns, Cleanup: 7306 ns, At safepoint: 4710 ns, Total: 19907 ns
[2025-10-16T03:35:44.733+0000][7][gc,heap,exit] Heap
[2025-10-16T03:35:44.733+0000][7][gc,heap,exit]  garbage-first heap   total reserved 3145728K, committed 3145728K, used 466231K [0x0000000740000000, 0x0000000800000000)
[2025-10-16T03:35:44.733+0000][7][gc,heap,exit]   region size 4096K, 101 young (413696K), 8 survivors (32768K)
[2025-10-16T03:35:44.733+0000][7][gc,heap,exit]  Metaspace       used 106366K, committed 109248K, reserved 1179648K
[2025-10-16T03:35:44.733+0000][7][gc,heap,exit]   class space    used 15159K, committed 16448K, reserved 1048576K
