[2026-02-06T10:48:57.817+0000][6][gc,init] CardTable entry size: 512
[2026-02-06T10:48:57.818+0000][6][gc     ] Using G1
[2026-02-06T10:48:58.151+0000][6][gc,init] Version: 22.0.2+9-70 (release)
[2026-02-06T10:48:58.151+0000][6][gc,init] CPUs: 8 total, 8 available
[2026-02-06T10:48:58.151+0000][6][gc,init] Memory: 15822M
[2026-02-06T10:48:58.151+0000][6][gc,init] Large Page Support: Disabled
[2026-02-06T10:48:58.151+0000][6][gc,init] NUMA Support: Disabled
[2026-02-06T10:48:58.151+0000][6][gc,init] Compressed Oops: Enabled (Zero based)
[2026-02-06T10:48:58.151+0000][6][gc,init] Heap Region Size: 4M
[2026-02-06T10:48:58.151+0000][6][gc,init] Heap Min Capacity: 3G
[2026-02-06T10:48:58.151+0000][6][gc,init] Heap Initial Capacity: 3G
[2026-02-06T10:48:58.151+0000][6][gc,init] Heap Max Capacity: 3G
[2026-02-06T10:48:58.151+0000][6][gc,init] Pre-touch: Enabled
[2026-02-06T10:48:58.151+0000][6][gc,init] Parallel Workers: 8
[2026-02-06T10:48:58.151+0000][6][gc,init] Concurrent Workers: 2
[2026-02-06T10:48:58.151+0000][6][gc,init] Concurrent Refinement Workers: 8
[2026-02-06T10:48:58.151+0000][6][gc,init] Periodic GC: Disabled
[2026-02-06T10:48:58.157+0000][6][gc,metaspace] CDS archive(s) mapped at: [0x00007fb4e6000000-0x00007fb4e6c78000-0x00007fb4e6c78000), size 13074432, SharedBaseAddress: 0x00007fb4e6000000, ArchiveRelocationMode: 1.
[2026-02-06T10:48:58.157+0000][6][gc,metaspace] Compressed class space mapped at: 0x00007fb4e7000000-0x00007fb527000000, reserved size: 1073741824
[2026-02-06T10:48:58.157+0000][6][gc,metaspace] Narrow klass base: 0x00007fb4e6000000, Narrow klass shift: 0, Narrow klass range: 0x100000000
[2026-02-06T10:48:58.490+0000][6][safepoint   ] Safepoint "ICBufferFull", Time since last: 330527581 ns, Reaching safepoint: 3010 ns, Cleanup: 71933 ns, At safepoint: 4548 ns, Total: 79491 ns
[2026-02-06T10:48:58.960+0000][6][safepoint   ] Safepoint "ICBufferFull", Time since last: 469954336 ns, Reaching safepoint: 66788 ns, Cleanup: 48701 ns, At safepoint: 22738 ns, Total: 138227 ns
[2026-02-06T10:48:59.547+0000][6][safepoint   ] Safepoint "ICBufferFull", Time since last: 587497372 ns, Reaching safepoint: 2331 ns, Cleanup: 62893 ns, At safepoint: 4810 ns, Total: 70034 ns
[2026-02-06T10:49:00.117+0000][6][gc,start    ] GC(0) Pause Young (Normal) (G1 Evacuation Pause)
[2026-02-06T10:49:00.117+0000][6][gc,task     ] GC(0) Using 8 workers of 8 for evacuation
[2026-02-06T10:49:00.117+0000][6][gc,age      ] GC(0) Desired survivor size 10485760 bytes, new threshold 15 (max threshold 15)
[2026-02-06T10:49:00.121+0000][6][gc,phases   ] GC(0)   Pre Evacuate Collection Set: 0.10ms
[2026-02-06T10:49:00.121+0000][6][gc,phases   ] GC(0)   Merge Heap Roots: 0.05ms
[2026-02-06T10:49:00.121+0000][6][gc,phases   ] GC(0)   Evacuate Collection Set: 2.95ms
[2026-02-06T10:49:00.121+0000][6][gc,phases   ] GC(0)   Post Evacuate Collection Set: 0.46ms
[2026-02-06T10:49:00.121+0000][6][gc,phases   ] GC(0)   Other: 0.04ms
[2026-02-06T10:49:00.121+0000][6][gc,age      ] GC(0) Age table with threshold 15 (max threshold 15)
[2026-02-06T10:49:00.121+0000][6][gc,age      ] GC(0) - age   1:    8871288 bytes,    8871288 total
[2026-02-06T10:49:00.121+0000][6][gc,heap     ] GC(0) Eden regions: 38->0(37)
[2026-02-06T10:49:00.121+0000][6][gc,heap     ] GC(0) Survivor regions: 0->3(5)
[2026-02-06T10:49:00.121+0000][6][gc,heap     ] GC(0) Old regions: 1->1
[2026-02-06T10:49:00.121+0000][6][gc,heap     ] GC(0) Humongous regions: 0->0
[2026-02-06T10:49:00.121+0000][6][gc,metaspace] GC(0) Metaspace: 16597K(16960K)->16597K(16960K) NonClass: 14656K(14848K)->14656K(14848K) Class: 1940K(2112K)->1940K(2112K)
[2026-02-06T10:49:00.121+0000][6][gc          ] GC(0) Pause Young (Normal) (G1 Evacuation Pause) 153M->9M(3072M) 3.803ms
[2026-02-06T10:49:00.121+0000][6][gc,cpu      ] GC(0) User=0.02s Sys=0.00s Real=0.00s
[2026-02-06T10:49:00.121+0000][6][safepoint   ] Safepoint "G1CollectForAllocation", Time since last: 569399263 ns, Reaching safepoint: 3673 ns, Cleanup: 77048 ns, At safepoint: 3836891 ns, Total: 3917612 ns
[2026-02-06T10:49:00.598+0000][6][gc,start    ] GC(1) Pause Young (Normal) (G1 Evacuation Pause)
[2026-02-06T10:49:00.598+0000][6][gc,task     ] GC(1) Using 8 workers of 8 for evacuation
[2026-02-06T10:49:00.598+0000][6][gc,age      ] GC(1) Desired survivor size 10485760 bytes, new threshold 15 (max threshold 15)
[2026-02-06T10:49:00.603+0000][6][gc,phases   ] GC(1)   Pre Evacuate Collection Set: 0.11ms
[2026-02-06T10:49:00.603+0000][6][gc,phases   ] GC(1)   Merge Heap Roots: 0.07ms
[2026-02-06T10:49:00.603+0000][6][gc,phases   ] GC(1)   Evacuate Collection Set: 4.02ms
[2026-02-06T10:49:00.603+0000][6][gc,phases   ] GC(1)   Post Evacuate Collection Set: 0.55ms
[2026-02-06T10:49:00.603+0000][6][gc,phases   ] GC(1)   Other: 0.04ms
[2026-02-06T10:49:00.603+0000][6][gc,age      ] GC(1) Age table with threshold 15 (max threshold 15)
[2026-02-06T10:49:00.603+0000][6][gc,age      ] GC(1) - age   1:    3976272 bytes,    3976272 total
[2026-02-06T10:49:00.603+0000][6][gc,age      ] GC(1) - age   2:    8078864 bytes,   12055136 total
[2026-02-06T10:49:00.603+0000][6][gc,heap     ] GC(1) Eden regions: 37->0(40)
[2026-02-06T10:49:00.603+0000][6][gc,heap     ] GC(1) Survivor regions: 3->4(5)
[2026-02-06T10:49:00.603+0000][6][gc,heap     ] GC(1) Old regions: 1->1
[2026-02-06T10:49:00.603+0000][6][gc,heap     ] GC(1) Humongous regions: 0->0
[2026-02-06T10:49:00.603+0000][6][gc,metaspace] GC(1) Metaspace: 18473K(18944K)->18473K(18944K) NonClass: 16266K(16512K)->16266K(16512K) Class: 2206K(2432K)->2206K(2432K)
[2026-02-06T10:49:00.603+0000][6][gc          ] GC(1) Pause Young (Normal) (G1 Evacuation Pause) 157M->13M(3072M) 4.948ms
[2026-02-06T10:49:00.603+0000][6][gc,cpu      ] GC(1) User=0.03s Sys=0.00s Real=0.00s
[2026-02-06T10:49:00.603+0000][6][safepoint   ] Safepoint "G1CollectForAllocation", Time since last: 477153494 ns, Reaching safepoint: 3324 ns, Cleanup: 73624 ns, At safepoint: 4974032 ns, Total: 5050980 ns
[2026-02-06T10:49:00.815+0000][6][gc,start    ] GC(2) Pause Young (Normal) (G1 Evacuation Pause)
[2026-02-06T10:49:00.815+0000][6][gc,task     ] GC(2) Using 8 workers of 8 for evacuation
[2026-02-06T10:49:00.815+0000][6][gc,age      ] GC(2) Desired survivor size 12582912 bytes, new threshold 15 (max threshold 15)
[2026-02-06T10:49:00.820+0000][6][gc,phases   ] GC(2)   Pre Evacuate Collection Set: 0.12ms
[2026-02-06T10:49:00.820+0000][6][gc,phases   ] GC(2)   Merge Heap Roots: 0.03ms
[2026-02-06T10:49:00.820+0000][6][gc,phases   ] GC(2)   Evacuate Collection Set: 3.76ms
[2026-02-06T10:49:00.820+0000][6][gc,phases   ] GC(2)   Post Evacuate Collection Set: 0.51ms
[2026-02-06T10:49:00.820+0000][6][gc,phases   ] GC(2)   Other: 0.06ms
[2026-02-06T10:49:00.820+0000][6][gc,age      ] GC(2) Age table with threshold 15 (max threshold 15)
[2026-02-06T10:49:00.820+0000][6][gc,age      ] GC(2) - age   1:    1606888 bytes,    1606888 total
[2026-02-06T10:49:00.820+0000][6][gc,age      ] GC(2) - age   2:    3025912 bytes,    4632800 total
[2026-02-06T10:49:00.820+0000][6][gc,age      ] GC(2) - age   3:    8078464 bytes,   12711264 total
[2026-02-06T10:49:00.820+0000][6][gc,heap     ] GC(2) Eden regions: 40->0(456)
[2026-02-06T10:49:00.820+0000][6][gc,heap     ] GC(2) Survivor regions: 4->4(6)
[2026-02-06T10:49:00.820+0000][6][gc,heap     ] GC(2) Old regions: 1->1
[2026-02-06T10:49:00.820+0000][6][gc,heap     ] GC(2) Humongous regions: 0->0
[2026-02-06T10:49:00.820+0000][6][gc,metaspace] GC(2) Metaspace: 18954K(19456K)->18954K(19456K) NonClass: 16659K(16960K)->16659K(16960K) Class: 2294K(2496K)->2294K(2496K)
[2026-02-06T10:49:00.820+0000][6][gc          ] GC(2) Pause Young (Normal) (G1 Evacuation Pause) 173M->14M(3072M) 4.654ms
[2026-02-06T10:49:00.820+0000][6][gc,cpu      ] GC(2) User=0.03s Sys=0.00s Real=0.00s
[2026-02-06T10:49:00.820+0000][6][safepoint   ] Safepoint "G1CollectForAllocation", Time since last: 211889166 ns, Reaching safepoint: 3911 ns, Cleanup: 39239 ns, At safepoint: 4683535 ns, Total: 4726685 ns
[2026-02-06T10:49:01.531+0000][6][gc,start    ] GC(3) Pause Young (Concurrent Start) (Metadata GC Threshold)
[2026-02-06T10:49:01.531+0000][6][gc,task     ] GC(3) Using 8 workers of 8 for evacuation
[2026-02-06T10:49:01.531+0000][6][gc,age      ] GC(3) Desired survivor size 121634816 bytes, new threshold 15 (max threshold 15)
[2026-02-06T10:49:01.536+0000][6][gc,phases   ] GC(3)   Pre Evacuate Collection Set: 0.12ms
[2026-02-06T10:49:01.536+0000][6][gc,phases   ] GC(3)   Merge Heap Roots: 0.04ms
[2026-02-06T10:49:01.536+0000][6][gc,phases   ] GC(3)   Evacuate Collection Set: 4.18ms
[2026-02-06T10:49:01.536+0000][6][gc,phases   ] GC(3)   Post Evacuate Collection Set: 0.46ms
[2026-02-06T10:49:01.536+0000][6][gc,phases   ] GC(3)   Other: 0.06ms
[2026-02-06T10:49:01.536+0000][6][gc,age      ] GC(3) Age table with threshold 15 (max threshold 15)
[2026-02-06T10:49:01.536+0000][6][gc,age      ] GC(3) - age   1:    5299512 bytes,    5299512 total
[2026-02-06T10:49:01.536+0000][6][gc,age      ] GC(3) - age   2:    1007128 bytes,    6306640 total
[2026-02-06T10:49:01.536+0000][6][gc,age      ] GC(3) - age   3:    3023880 bytes,    9330520 total
[2026-02-06T10:49:01.536+0000][6][gc,age      ] GC(3) - age   4:    8073904 bytes,   17404424 total
[2026-02-06T10:49:01.536+0000][6][gc,heap     ] GC(3) Eden regions: 173->0(455)
[2026-02-06T10:49:01.536+0000][6][gc,heap     ] GC(3) Survivor regions: 4->5(58)
[2026-02-06T10:49:01.536+0000][6][gc,heap     ] GC(3) Old regions: 1->1
[2026-02-06T10:49:01.536+0000][6][gc,heap     ] GC(3) Humongous regions: 0->0
[2026-02-06T10:49:01.536+0000][6][gc,metaspace] GC(3) Metaspace: 21012K(21504K)->21012K(21504K) NonClass: 18451K(18752K)->18451K(18752K) Class: 2561K(2752K)->2561K(2752K)
[2026-02-06T10:49:01.536+0000][6][gc          ] GC(3) Pause Young (Concurrent Start) (Metadata GC Threshold) 706M->19M(3072M) 4.996ms
[2026-02-06T10:49:01.536+0000][6][gc,cpu      ] GC(3) User=0.03s Sys=0.00s Real=0.01s
[2026-02-06T10:49:01.536+0000][6][gc          ] GC(4) Concurrent Mark Cycle
[2026-02-06T10:49:01.536+0000][6][gc,marking  ] GC(4) Concurrent Scan Root Regions
[2026-02-06T10:49:01.536+0000][6][safepoint   ] Safepoint "CollectForMetadataAllocation", Time since last: 711584747 ns, Reaching safepoint: 67651 ns, Cleanup: 51273 ns, At safepoint: 5053296 ns, Total: 5172220 ns
[2026-02-06T10:49:01.540+0000][6][gc,marking  ] GC(4) Concurrent Scan Root Regions 4.074ms
[2026-02-06T10:49:01.540+0000][6][gc,marking  ] GC(4) Concurrent Mark
[2026-02-06T10:49:01.540+0000][6][gc,marking  ] GC(4) Concurrent Mark From Roots
[2026-02-06T10:49:01.540+0000][6][gc,task     ] GC(4) Using 2 workers of 2 for marking
[2026-02-06T10:49:01.542+0000][6][gc,marking  ] GC(4) Concurrent Mark From Roots 1.157ms
[2026-02-06T10:49:01.542+0000][6][gc,marking  ] GC(4) Concurrent Preclean
[2026-02-06T10:49:01.542+0000][6][gc,marking  ] GC(4) Concurrent Preclean 0.006ms
[2026-02-06T10:49:01.542+0000][6][gc,start    ] GC(4) Pause Remark
[2026-02-06T10:49:01.543+0000][6][gc          ] GC(4) Pause Remark 23M->23M(3072M) 1.645ms
[2026-02-06T10:49:01.543+0000][6][gc,cpu      ] GC(4) User=0.01s Sys=0.00s Real=0.00s
[2026-02-06T10:49:01.543+0000][6][safepoint   ] Safepoint "G1PauseRemark", Time since last: 5307096 ns, Reaching safepoint: 111289 ns, Cleanup: 6429 ns, At safepoint: 1683632 ns, Total: 1801350 ns
[2026-02-06T10:49:01.543+0000][6][gc,marking  ] GC(4) Concurrent Mark 3.040ms
[2026-02-06T10:49:01.544+0000][6][gc,marking  ] GC(4) Concurrent Rebuild Remembered Sets and Scrub Regions
[2026-02-06T10:49:01.544+0000][6][gc,marking  ] GC(4) Concurrent Rebuild Remembered Sets and Scrub Regions 0.557ms
[2026-02-06T10:49:01.544+0000][6][gc,start    ] GC(4) Pause Cleanup
[2026-02-06T10:49:01.544+0000][6][gc          ] GC(4) Pause Cleanup 23M->23M(3072M) 0.070ms
[2026-02-06T10:49:01.544+0000][6][gc,cpu      ] GC(4) User=0.00s Sys=0.00s Real=0.00s
[2026-02-06T10:49:01.544+0000][6][safepoint   ] Safepoint "G1PauseCleanup", Time since last: 600762 ns, Reaching safepoint: 65634 ns, Cleanup: 1306 ns, At safepoint: 87005 ns, Total: 153945 ns
[2026-02-06T10:49:01.544+0000][6][gc,marking  ] GC(4) Concurrent Clear Claimed Marks
[2026-02-06T10:49:01.544+0000][6][gc,marking  ] GC(4) Concurrent Clear Claimed Marks 0.024ms
[2026-02-06T10:49:01.544+0000][6][gc,marking  ] GC(4) Concurrent Cleanup for Next Mark
[2026-02-06T10:49:01.546+0000][6][gc,marking  ] GC(4) Concurrent Cleanup for Next Mark 2.087ms
[2026-02-06T10:49:01.546+0000][6][gc          ] GC(4) Concurrent Mark Cycle 10.086ms
[2026-02-06T10:49:02.120+0000][6][safepoint   ] Safepoint "ICBufferFull", Time since last: 575771539 ns, Reaching safepoint: 2302 ns, Cleanup: 66079 ns, At safepoint: 3126 ns, Total: 71507 ns
[2026-02-06T10:49:02.641+0000][6][safepoint   ] Safepoint "ICBufferFull", Time since last: 520885007 ns, Reaching safepoint: 3044 ns, Cleanup: 67055 ns, At safepoint: 4407 ns, Total: 74506 ns
[2026-02-06T10:49:03.641+0000][6][safepoint   ] Safepoint "Cleanup", Time since last: 1000092034 ns, Reaching safepoint: 73161 ns, Cleanup: 69787 ns, At safepoint: 8802 ns, Total: 151750 ns
[2026-02-06T10:49:03.805+0000][6][gc,start    ] GC(5) Pause Young (Prepare Mixed) (Metadata GC Threshold)
[2026-02-06T10:49:03.805+0000][6][gc,task     ] GC(5) Using 8 workers of 8 for evacuation
[2026-02-06T10:49:03.805+0000][6][gc,age      ] GC(5) Desired survivor size 121634816 bytes, new threshold 15 (max threshold 15)
[2026-02-06T10:49:03.828+0000][6][gc,phases   ] GC(5)   Pre Evacuate Collection Set: 0.17ms
[2026-02-06T10:49:03.828+0000][6][gc,phases   ] GC(5)   Merge Heap Roots: 0.07ms
[2026-02-06T10:49:03.828+0000][6][gc,phases   ] GC(5)   Evacuate Collection Set: 19.83ms
[2026-02-06T10:49:03.828+0000][6][gc,phases   ] GC(5)   Post Evacuate Collection Set: 2.32ms
[2026-02-06T10:49:03.828+0000][6][gc,phases   ] GC(5)   Other: 0.07ms
[2026-02-06T10:49:03.828+0000][6][gc,age      ] GC(5) Age table with threshold 15 (max threshold 15)
[2026-02-06T10:49:03.828+0000][6][gc,age      ] GC(5) - age   1:   28677344 bytes,   28677344 total
[2026-02-06T10:49:03.828+0000][6][gc,age      ] GC(5) - age   2:    5234192 bytes,   33911536 total
[2026-02-06T10:49:03.828+0000][6][gc,age      ] GC(5) - age   3:     996704 bytes,   34908240 total
[2026-02-06T10:49:03.828+0000][6][gc,age      ] GC(5) - age   4:    2982616 bytes,   37890856 total
[2026-02-06T10:49:03.828+0000][6][gc,age      ] GC(5) - age   5:    7944488 bytes,   45835344 total
[2026-02-06T10:49:03.828+0000][6][gc,heap     ] GC(5) Eden regions: 192->0(237)
[2026-02-06T10:49:03.828+0000][6][gc,heap     ] GC(5) Survivor regions: 5->12(58)
[2026-02-06T10:49:03.828+0000][6][gc,heap     ] GC(5) Old regions: 1->1
[2026-02-06T10:49:03.828+0000][6][gc,heap     ] GC(5) Humongous regions: 0->0
[2026-02-06T10:49:03.828+0000][6][gc,metaspace] GC(5) Metaspace: 35158K(36160K)->35158K(36160K) NonClass: 30509K(31104K)->30509K(31104K) Class: 4649K(5056K)->4649K(5056K)
[2026-02-06T10:49:03.828+0000][6][gc          ] GC(5) Pause Young (Prepare Mixed) (Metadata GC Threshold) 787M->47M(3072M) 22.631ms
[2026-02-06T10:49:03.828+0000][6][gc,cpu      ] GC(5) User=0.09s Sys=0.00s Real=0.02s
[2026-02-06T10:49:03.828+0000][6][safepoint   ] Safepoint "CollectForMetadataAllocation", Time since last: 164037663 ns, Reaching safepoint: 3659 ns, Cleanup: 21747 ns, At safepoint: 22706254 ns, Total: 22731660 ns
[2026-02-06T10:49:03.841+0000][6][gc,start    ] GC(6) Pause Young (Mixed) (Metadata GC Threshold)
[2026-02-06T10:49:03.841+0000][6][gc,task     ] GC(6) Using 8 workers of 8 for evacuation
[2026-02-06T10:49:03.841+0000][6][gc,age      ] GC(6) Desired survivor size 67108864 bytes, new threshold 15 (max threshold 15)
[2026-02-06T10:49:03.865+0000][6][gc,phases   ] GC(6)   Pre Evacuate Collection Set: 0.14ms
[2026-02-06T10:49:03.865+0000][6][gc,phases   ] GC(6)   Merge Heap Roots: 0.03ms
[2026-02-06T10:49:03.865+0000][6][gc,phases   ] GC(6)   Evacuate Collection Set: 23.07ms
[2026-02-06T10:49:03.865+0000][6][gc,phases   ] GC(6)   Post Evacuate Collection Set: 0.97ms
[2026-02-06T10:49:03.865+0000][6][gc,phases   ] GC(6)   Other: 0.05ms
[2026-02-06T10:49:03.865+0000][6][gc,age      ] GC(6) Age table with threshold 15 (max threshold 15)
[2026-02-06T10:49:03.865+0000][6][gc,age      ] GC(6) - age   1:      46456 bytes,      46456 total
[2026-02-06T10:49:03.865+0000][6][gc,age      ] GC(6) - age   2:   28485600 bytes,   28532056 total
[2026-02-06T10:49:03.865+0000][6][gc,age      ] GC(6) - age   3:    5229200 bytes,   33761256 total
[2026-02-06T10:49:03.865+0000][6][gc,age      ] GC(6) - age   4:     996576 bytes,   34757832 total
[2026-02-06T10:49:03.865+0000][6][gc,age      ] GC(6) - age   5:    2982552 bytes,   37740384 total
[2026-02-06T10:49:03.865+0000][6][gc,age      ] GC(6) - age   6:    7942824 bytes,   45683208 total
[2026-02-06T10:49:03.865+0000][6][gc,heap     ] GC(6) Eden regions: 1->0(34)
[2026-02-06T10:49:03.865+0000][6][gc,heap     ] GC(6) Survivor regions: 12->12(32)
[2026-02-06T10:49:03.865+0000][6][gc,heap     ] GC(6) Old regions: 1->1
[2026-02-06T10:49:03.865+0000][6][gc,heap     ] GC(6) Humongous regions: 0->0
[2026-02-06T10:49:03.865+0000][6][gc,metaspace] GC(6) Metaspace: 35507K(36480K)->35507K(36480K) NonClass: 30829K(31424K)->30829K(31424K) Class: 4678K(5056K)->4678K(5056K)
[2026-02-06T10:49:03.865+0000][6][gc          ] GC(6) Pause Young (Mixed) (Metadata GC Threshold) 51M->49M(3072M) 24.438ms
[2026-02-06T10:49:03.865+0000][6][gc,cpu      ] GC(6) User=0.10s Sys=0.00s Real=0.03s
[2026-02-06T10:49:03.865+0000][6][safepoint   ] Safepoint "CollectForMetadataAllocation", Time since last: 12430970 ns, Reaching safepoint: 3067 ns, Cleanup: 7744 ns, At safepoint: 24533451 ns, Total: 24544262 ns
[2026-02-06T10:49:03.880+0000][6][gc,start    ] GC(7) Pause Young (Concurrent Start) (Metadata GC Threshold)
[2026-02-06T10:49:03.880+0000][6][gc,task     ] GC(7) Using 8 workers of 8 for evacuation
[2026-02-06T10:49:03.880+0000][6][gc,age      ] GC(7) Desired survivor size 12582912 bytes, new threshold 2 (max threshold 15)
[2026-02-06T10:49:03.908+0000][6][gc,phases   ] GC(7)   Pre Evacuate Collection Set: 1.11ms
[2026-02-06T10:49:03.908+0000][6][gc,phases   ] GC(7)   Merge Heap Roots: 0.04ms
[2026-02-06T10:49:03.908+0000][6][gc,phases   ] GC(7)   Evacuate Collection Set: 26.29ms
[2026-02-06T10:49:03.908+0000][6][gc,phases   ] GC(7)   Post Evacuate Collection Set: 0.52ms
[2026-02-06T10:49:03.908+0000][6][gc,phases   ] GC(7)   Other: 0.09ms
[2026-02-06T10:49:03.908+0000][6][gc,age      ] GC(7) Age table with threshold 2 (max threshold 15)
[2026-02-06T10:49:03.908+0000][6][gc,age      ] GC(7) - age   1:      78440 bytes,      78440 total
[2026-02-06T10:49:03.908+0000][6][gc,age      ] GC(7) - age   2:      35672 bytes,     114112 total
[2026-02-06T10:49:03.908+0000][6][gc,heap     ] GC(7) Eden regions: 1->0(390)
[2026-02-06T10:49:03.908+0000][6][gc,heap     ] GC(7) Survivor regions: 12->2(6)
[2026-02-06T10:49:03.908+0000][6][gc,heap     ] GC(7) Old regions: 1->12
[2026-02-06T10:49:03.908+0000][6][gc,heap     ] GC(7) Humongous regions: 0->0
[2026-02-06T10:49:03.908+0000][6][gc,metaspace] GC(7) Metaspace: 35794K(36800K)->35794K(36800K) NonClass: 31083K(31680K)->31083K(31680K) Class: 4710K(5120K)->4710K(5120K)
[2026-02-06T10:49:03.908+0000][6][gc          ] GC(7) Pause Young (Concurrent Start) (Metadata GC Threshold) 53M->52M(3072M) 28.182ms
[2026-02-06T10:49:03.908+0000][6][gc          ] GC(8) Concurrent Mark Cycle
[2026-02-06T10:49:03.908+0000][6][gc,cpu      ] GC(7) User=0.09s Sys=0.00s Real=0.03s
[2026-02-06T10:49:03.908+0000][6][gc,marking  ] GC(8) Concurrent Scan Root Regions
[2026-02-06T10:49:03.908+0000][6][safepoint   ] Safepoint "CollectForMetadataAllocation", Time since last: 14462453 ns, Reaching safepoint: 4275 ns, Cleanup: 8428 ns, At safepoint: 28263890 ns, Total: 28276593 ns
[2026-02-06T10:49:03.919+0000][6][safepoint   ] Safepoint "CollectForMetadataAllocation", Time since last: 11617559 ns, Reaching safepoint: 2311 ns, Cleanup: 9064 ns, At safepoint: 27014 ns, Total: 38389 ns
[2026-02-06T10:49:03.922+0000][6][gc,marking  ] GC(8) Concurrent Scan Root Regions 14.267ms
[2026-02-06T10:49:03.922+0000][6][gc,marking  ] GC(8) Concurrent Mark
[2026-02-06T10:49:03.922+0000][6][gc,marking  ] GC(8) Concurrent Mark From Roots
[2026-02-06T10:49:03.922+0000][6][gc,task     ] GC(8) Using 2 workers of 2 for marking
[2026-02-06T10:49:03.923+0000][6][gc,marking  ] GC(8) Concurrent Mark From Roots 1.007ms
[2026-02-06T10:49:03.923+0000][6][gc,marking  ] GC(8) Concurrent Preclean
[2026-02-06T10:49:03.923+0000][6][gc,marking  ] GC(8) Concurrent Preclean 0.005ms
[2026-02-06T10:49:03.923+0000][6][gc,start    ] GC(8) Pause Remark
[2026-02-06T10:49:03.926+0000][6][gc          ] GC(8) Pause Remark 55M->55M(3072M) 2.382ms
[2026-02-06T10:49:03.926+0000][6][gc,cpu      ] GC(8) User=0.01s Sys=0.00s Real=0.01s
[2026-02-06T10:49:03.926+0000][6][safepoint   ] Safepoint "G1PauseRemark", Time since last: 3635475 ns, Reaching safepoint: 130885 ns, Cleanup: 1806 ns, At safepoint: 2411379 ns, Total: 2544070 ns
[2026-02-06T10:49:03.926+0000][6][gc,marking  ] GC(8) Concurrent Mark 3.607ms
[2026-02-06T10:49:03.926+0000][6][gc,marking  ] GC(8) Concurrent Rebuild Remembered Sets and Scrub Regions
[2026-02-06T10:49:03.936+0000][6][gc,marking  ] GC(8) Concurrent Rebuild Remembered Sets and Scrub Regions 10.092ms
[2026-02-06T10:49:03.936+0000][6][gc,start    ] GC(8) Pause Cleanup
[2026-02-06T10:49:03.936+0000][6][gc          ] GC(8) Pause Cleanup 56M->56M(3072M) 0.117ms
[2026-02-06T10:49:03.936+0000][6][gc,cpu      ] GC(8) User=0.00s Sys=0.00s Real=0.00s
[2026-02-06T10:49:03.936+0000][6][safepoint   ] Safepoint "G1PauseCleanup", Time since last: 10170522 ns, Reaching safepoint: 132158 ns, Cleanup: 10594 ns, At safepoint: 148422 ns, Total: 291174 ns
[2026-02-06T10:49:03.936+0000][6][gc,marking  ] GC(8) Concurrent Clear Claimed Marks
[2026-02-06T10:49:03.936+0000][6][gc,marking  ] GC(8) Concurrent Clear Claimed Marks 0.047ms
[2026-02-06T10:49:03.936+0000][6][gc,marking  ] GC(8) Concurrent Cleanup for Next Mark
[2026-02-06T10:49:03.939+0000][6][gc,marking  ] GC(8) Concurrent Cleanup for Next Mark 2.621ms
[2026-02-06T10:49:03.939+0000][6][gc          ] GC(8) Concurrent Mark Cycle 31.112ms
[2026-02-06T10:49:04.848+0000][6][safepoint   ] Safepoint "ICBufferFull", Time since last: 911979183 ns, Reaching safepoint: 3277 ns, Cleanup: 78923 ns, At safepoint: 4591 ns, Total: 86791 ns
[2026-02-06T10:49:05.641+0000][6][safepoint   ] Safepoint "ICBufferFull", Time since last: 792435629 ns, Reaching safepoint: 2393 ns, Cleanup: 68030 ns, At safepoint: 4827 ns, Total: 75250 ns
[2026-02-06T10:49:06.537+0000][6][gc,start    ] GC(9) Pause Young (Concurrent Start) (Metadata GC Threshold)
[2026-02-06T10:49:06.537+0000][6][gc,task     ] GC(9) Using 8 workers of 8 for evacuation
[2026-02-06T10:49:06.537+0000][6][gc,age      ] GC(9) Desired survivor size 102760448 bytes, new threshold 15 (max threshold 15)
[2026-02-06T10:49:06.544+0000][6][gc,phases   ] GC(9)   Pre Evacuate Collection Set: 0.15ms
[2026-02-06T10:49:06.544+0000][6][gc,phases   ] GC(9)   Merge Heap Roots: 0.05ms
[2026-02-06T10:49:06.544+0000][6][gc,phases   ] GC(9)   Evacuate Collection Set: 5.50ms
[2026-02-06T10:49:06.544+0000][6][gc,phases   ] GC(9)   Post Evacuate Collection Set: 0.81ms
[2026-02-06T10:49:06.544+0000][6][gc,phases   ] GC(9)   Other: 0.05ms
[2026-02-06T10:49:06.544+0000][6][gc,age      ] GC(9) Age table with threshold 15 (max threshold 15)
[2026-02-06T10:49:06.544+0000][6][gc,age      ] GC(9) - age   1:   11888640 bytes,   11888640 total
[2026-02-06T10:49:06.544+0000][6][gc,age      ] GC(9) - age   2:      44056 bytes,   11932696 total
[2026-02-06T10:49:06.544+0000][6][gc,age      ] GC(9) - age   3:      35552 bytes,   11968248 total
[2026-02-06T10:49:06.544+0000][6][gc,heap     ] GC(9) Eden regions: 116->0(403)
[2026-02-06T10:49:06.544+0000][6][gc,heap     ] GC(9) Survivor regions: 2->4(49)
[2026-02-06T10:49:06.544+0000][6][gc,heap     ] GC(9) Old regions: 12->12
[2026-02-06T10:49:06.544+0000][6][gc,heap     ] GC(9) Humongous regions: 0->0
[2026-02-06T10:49:06.544+0000][6][gc,metaspace] GC(9) Metaspace: 60903K(62208K)->60903K(62208K) NonClass: 52648K(53440K)->52648K(53440K) Class: 8254K(8768K)->8254K(8768K)
[2026-02-06T10:49:06.544+0000][6][gc          ] GC(9) Pause Young (Concurrent Start) (Metadata GC Threshold) 514M->59M(3072M) 6.681ms
[2026-02-06T10:49:06.544+0000][6][gc,cpu      ] GC(9) User=0.05s Sys=0.00s Real=0.01s
[2026-02-06T10:49:06.544+0000][6][gc          ] GC(10) Concurrent Mark Cycle
[2026-02-06T10:49:06.544+0000][6][gc,marking  ] GC(10) Concurrent Scan Root Regions
[2026-02-06T10:49:06.544+0000][6][safepoint   ] Safepoint "CollectForMetadataAllocation", Time since last: 896457428 ns, Reaching safepoint: 132222 ns, Cleanup: 68536 ns, At safepoint: 6751167 ns, Total: 6951925 ns
[2026-02-06T10:49:06.550+0000][6][gc,marking  ] GC(10) Concurrent Scan Root Regions 5.868ms
[2026-02-06T10:49:06.550+0000][6][gc,marking  ] GC(10) Concurrent Mark
[2026-02-06T10:49:06.550+0000][6][gc,marking  ] GC(10) Concurrent Mark From Roots
[2026-02-06T10:49:06.550+0000][6][gc,task     ] GC(10) Using 2 workers of 2 for marking
[2026-02-06T10:49:06.620+0000][6][safepoint   ] Safepoint "CollectForMetadataAllocation", Time since last: 75717126 ns, Reaching safepoint: 23279 ns, Cleanup: 8183 ns, At safepoint: 60052 ns, Total: 91514 ns
[2026-02-06T10:49:06.627+0000][6][gc,marking  ] GC(10) Concurrent Mark From Roots 77.371ms
[2026-02-06T10:49:06.627+0000][6][gc,marking  ] GC(10) Concurrent Preclean
[2026-02-06T10:49:06.627+0000][6][gc,marking  ] GC(10) Concurrent Preclean 0.147ms
[2026-02-06T10:49:06.628+0000][6][gc,start    ] GC(10) Pause Remark
[2026-02-06T10:49:06.631+0000][6][gc          ] GC(10) Pause Remark 65M->65M(3072M) 3.658ms
[2026-02-06T10:49:06.631+0000][6][gc,cpu      ] GC(10) User=0.02s Sys=0.00s Real=0.00s
[2026-02-06T10:49:06.631+0000][6][safepoint   ] Safepoint "G1PauseRemark", Time since last: 7656789 ns, Reaching safepoint: 3536 ns, Cleanup: 5957 ns, At safepoint: 3702410 ns, Total: 3711903 ns
[2026-02-06T10:49:06.631+0000][6][gc,marking  ] GC(10) Concurrent Mark 81.317ms
[2026-02-06T10:49:06.631+0000][6][gc,marking  ] GC(10) Concurrent Rebuild Remembered Sets and Scrub Regions
[2026-02-06T10:49:06.646+0000][6][gc,marking  ] GC(10) Concurrent Rebuild Remembered Sets and Scrub Regions 14.722ms
[2026-02-06T10:49:06.646+0000][6][gc,start    ] GC(10) Pause Cleanup
[2026-02-06T10:49:06.646+0000][6][gc          ] GC(10) Pause Cleanup 65M->65M(3072M) 0.104ms
[2026-02-06T10:49:06.646+0000][6][gc,cpu      ] GC(10) User=0.00s Sys=0.00s Real=0.00s
[2026-02-06T10:49:06.646+0000][6][safepoint   ] Safepoint "G1PauseCleanup", Time since last: 14786875 ns, Reaching safepoint: 67058 ns, Cleanup: 9586 ns, At safepoint: 129652 ns, Total: 206296 ns
[2026-02-06T10:49:06.646+0000][6][gc,marking  ] GC(10) Concurrent Clear Claimed Marks
[2026-02-06T10:49:06.646+0000][6][gc,marking  ] GC(10) Concurrent Clear Claimed Marks 0.053ms
[2026-02-06T10:49:06.646+0000][6][gc,marking  ] GC(10) Concurrent Cleanup for Next Mark
[2026-02-06T10:49:06.698+0000][6][gc,marking  ] GC(10) Concurrent Cleanup for Next Mark 51.670ms
[2026-02-06T10:49:06.698+0000][6][gc          ] GC(10) Concurrent Mark Cycle 154.059ms
[2026-02-06T10:49:07.555+0000][6][safepoint   ] Safepoint "ICBufferFull", Time since last: 908872598 ns, Reaching safepoint: 3082 ns, Cleanup: 78687 ns, At safepoint: 22955 ns, Total: 104724 ns
[2026-02-06T10:49:08.275+0000][6][safepoint   ] Safepoint "ICBufferFull", Time since last: 719460938 ns, Reaching safepoint: 4255 ns, Cleanup: 106721 ns, At safepoint: 5511 ns, Total: 116487 ns
[2026-02-06T10:49:08.672+0000][6][safepoint   ] Safepoint "ICBufferFull", Time since last: 396954470 ns, Reaching safepoint: 4919 ns, Cleanup: 118540 ns, At safepoint: 5655 ns, Total: 129114 ns
[2026-02-06T10:49:08.951+0000][6][safepoint   ] Safepoint "ICBufferFull", Time since last: 279403956 ns, Reaching safepoint: 3546 ns, Cleanup: 65158 ns, At safepoint: 4120 ns, Total: 72824 ns
[2026-02-06T10:49:09.207+0000][6][safepoint   ] Safepoint "ICBufferFull", Time since last: 255263957 ns, Reaching safepoint: 4303 ns, Cleanup: 63285 ns, At safepoint: 4040 ns, Total: 71628 ns
[2026-02-06T10:49:09.517+0000][6][safepoint   ] Safepoint "ICBufferFull", Time since last: 310065359 ns, Reaching safepoint: 6360 ns, Cleanup: 121814 ns, At safepoint: 6910 ns, Total: 135084 ns
[2026-02-06T10:49:10.640+0000][6][safepoint   ] Safepoint "Cleanup", Time since last: 1123481311 ns, Reaching safepoint: 5395 ns, Cleanup: 60223 ns, At safepoint: 4868 ns, Total: 70486 ns
[2026-02-06T10:49:12.641+0000][6][safepoint   ] Safepoint "Cleanup", Time since last: 2000353060 ns, Reaching safepoint: 5716 ns, Cleanup: 10569 ns, At safepoint: 5645 ns, Total: 21930 ns
[2026-02-06T10:49:13.316+0000][6][gc,start    ] GC(11) Pause Young (Concurrent Start) (Metadata GC Threshold)
[2026-02-06T10:49:13.316+0000][6][gc,task     ] GC(11) Using 8 workers of 8 for evacuation
[2026-02-06T10:49:13.316+0000][6][gc,age      ] GC(11) Desired survivor size 92274688 bytes, new threshold 15 (max threshold 15)
[2026-02-06T10:49:13.330+0000][6][gc,phases   ] GC(11)   Pre Evacuate Collection Set: 0.23ms
[2026-02-06T10:49:13.330+0000][6][gc,phases   ] GC(11)   Merge Heap Roots: 0.05ms
[2026-02-06T10:49:13.330+0000][6][gc,phases   ] GC(11)   Evacuate Collection Set: 13.07ms
[2026-02-06T10:49:13.330+0000][6][gc,phases   ] GC(11)   Post Evacuate Collection Set: 0.90ms
[2026-02-06T10:49:13.330+0000][6][gc,phases   ] GC(11)   Other: 0.14ms
[2026-02-06T10:49:13.330+0000][6][gc,age      ] GC(11) Age table with threshold 15 (max threshold 15)
[2026-02-06T10:49:13.330+0000][6][gc,age      ] GC(11) - age   1:   19411792 bytes,   19411792 total
[2026-02-06T10:49:13.330+0000][6][gc,age      ] GC(11) - age   2:   11118064 bytes,   30529856 total
[2026-02-06T10:49:13.330+0000][6][gc,age      ] GC(11) - age   3:      43216 bytes,   30573072 total
[2026-02-06T10:49:13.330+0000][6][gc,age      ] GC(11) - age   4:      35144 bytes,   30608216 total
[2026-02-06T10:49:13.330+0000][6][gc,heap     ] GC(11) Eden regions: 95->0(430)
[2026-02-06T10:49:13.330+0000][6][gc,heap     ] GC(11) Survivor regions: 4->8(44)
[2026-02-06T10:49:13.330+0000][6][gc,heap     ] GC(11) Old regions: 12->12
[2026-02-06T10:49:13.330+0000][6][gc,heap     ] GC(11) Humongous regions: 2->2
[2026-02-06T10:49:13.330+0000][6][gc,metaspace] GC(11) Metaspace: 101697K(104448K)->101697K(104448K) NonClass: 87032K(88512K)->87032K(88512K) Class: 14665K(15936K)->14665K(15936K)
[2026-02-06T10:49:13.330+0000][6][gc          ] GC(11) Pause Young (Concurrent Start) (Metadata GC Threshold) 447M->86M(3072M) 14.562ms
[2026-02-06T10:49:13.330+0000][6][gc,cpu      ] GC(11) User=0.08s Sys=0.00s Real=0.01s
[2026-02-06T10:49:13.330+0000][6][gc          ] GC(12) Concurrent Mark Cycle
[2026-02-06T10:49:13.330+0000][6][gc,marking  ] GC(12) Concurrent Scan Root Regions
[2026-02-06T10:49:13.330+0000][6][safepoint   ] Safepoint "CollectForMetadataAllocation", Time since last: 674810695 ns, Reaching safepoint: 4025 ns, Cleanup: 6058 ns, At safepoint: 14634188 ns, Total: 14644271 ns
[2026-02-06T10:49:13.343+0000][6][gc,marking  ] GC(12) Concurrent Scan Root Regions 12.270ms
[2026-02-06T10:49:13.343+0000][6][gc,marking  ] GC(12) Concurrent Mark
[2026-02-06T10:49:13.343+0000][6][gc,marking  ] GC(12) Concurrent Mark From Roots
[2026-02-06T10:49:13.343+0000][6][gc,task     ] GC(12) Using 2 workers of 2 for marking
[2026-02-06T10:49:13.350+0000][6][safepoint   ] Safepoint "CollectForMetadataAllocation", Time since last: 19485770 ns, Reaching safepoint: 15580 ns, Cleanup: 6326 ns, At safepoint: 32165 ns, Total: 54071 ns
[2026-02-06T10:49:13.365+0000][6][safepoint   ] Safepoint "CollectForMetadataAllocation", Time since last: 15266231 ns, Reaching safepoint: 21484 ns, Cleanup: 1955 ns, At safepoint: 42173 ns, Total: 65612 ns
[2026-02-06T10:49:13.372+0000][6][gc,marking  ] GC(12) Concurrent Mark From Roots 29.127ms
[2026-02-06T10:49:13.372+0000][6][gc,marking  ] GC(12) Concurrent Preclean
[2026-02-06T10:49:13.372+0000][6][gc,marking  ] GC(12) Concurrent Preclean 0.269ms
[2026-02-06T10:49:13.372+0000][6][gc,start    ] GC(12) Pause Remark
[2026-02-06T10:49:13.375+0000][6][gc          ] GC(12) Pause Remark 98M->98M(3072M) 2.973ms
[2026-02-06T10:49:13.375+0000][6][gc,cpu      ] GC(12) User=0.01s Sys=0.00s Real=0.01s
[2026-02-06T10:49:13.375+0000][6][safepoint   ] Safepoint "G1PauseRemark", Time since last: 6901812 ns, Reaching safepoint: 7061 ns, Cleanup: 7942 ns, At safepoint: 3033770 ns, Total: 3048773 ns
[2026-02-06T10:49:13.375+0000][6][gc,marking  ] GC(12) Concurrent Mark 32.531ms
[2026-02-06T10:49:13.375+0000][6][gc,marking  ] GC(12) Concurrent Rebuild Remembered Sets and Scrub Regions
[2026-02-06T10:49:13.404+0000][6][gc,marking  ] GC(12) Concurrent Rebuild Remembered Sets and Scrub Regions 28.818ms
[2026-02-06T10:49:13.404+0000][6][gc,start    ] GC(12) Pause Cleanup
[2026-02-06T10:49:13.404+0000][6][gc          ] GC(12) Pause Cleanup 98M->98M(3072M) 0.097ms
[2026-02-06T10:49:13.404+0000][6][gc,cpu      ] GC(12) User=0.00s Sys=0.00s Real=0.00s
[2026-02-06T10:49:13.404+0000][6][safepoint   ] Safepoint "G1PauseCleanup", Time since last: 28899437 ns, Reaching safepoint: 82818 ns, Cleanup: 6975 ns, At safepoint: 136805 ns, Total: 226598 ns
[2026-02-06T10:49:13.404+0000][6][gc,marking  ] GC(12) Concurrent Clear Claimed Marks
[2026-02-06T10:49:13.404+0000][6][gc,marking  ] GC(12) Concurrent Clear Claimed Marks 0.148ms
[2026-02-06T10:49:13.404+0000][6][gc,marking  ] GC(12) Concurrent Cleanup for Next Mark
[2026-02-06T10:49:13.406+0000][6][gc,marking  ] GC(12) Concurrent Cleanup for Next Mark 1.829ms
[2026-02-06T10:49:13.406+0000][6][gc          ] GC(12) Concurrent Mark Cycle 76.036ms
[2026-02-06T10:49:14.404+0000][6][safepoint   ] Safepoint "Cleanup", Time since last: 1000068788 ns, Reaching safepoint: 18263 ns, Cleanup: 14827 ns, At safepoint: 6184 ns, Total: 39274 ns
[2026-02-06T10:49:16.405+0000][6][safepoint   ] Safepoint "Cleanup", Time since last: 2000186322 ns, Reaching safepoint: 6309 ns, Cleanup: 10494 ns, At safepoint: 5561 ns, Total: 22364 ns
[2026-02-06T10:49:17.405+0000][6][safepoint   ] Safepoint "Cleanup", Time since last: 1000095955 ns, Reaching safepoint: 7715 ns, Cleanup: 9986 ns, At safepoint: 6812 ns, Total: 24513 ns
[2026-02-06T10:49:18.405+0000][6][safepoint   ] Safepoint "Cleanup", Time since last: 1000139702 ns, Reaching safepoint: 7218 ns, Cleanup: 14106 ns, At safepoint: 6762 ns, Total: 28086 ns
[2026-02-06T10:49:20.405+0000][6][safepoint   ] Safepoint "Cleanup", Time since last: 2000168576 ns, Reaching safepoint: 11131 ns, Cleanup: 16243 ns, At safepoint: 8323 ns, Total: 35697 ns
[2026-02-06T10:49:21.407+0000][6][safepoint   ] Safepoint "Cleanup", Time since last: 1001795772 ns, Reaching safepoint: 6238 ns, Cleanup: 7921 ns, At safepoint: 4233 ns, Total: 18392 ns
[2026-02-06T10:49:22.407+0000][6][safepoint   ] Safepoint "Cleanup", Time since last: 1000090460 ns, Reaching safepoint: 7459 ns, Cleanup: 8000 ns, At safepoint: 3977 ns, Total: 19436 ns
[2026-02-06T10:49:24.407+0000][6][safepoint   ] Safepoint "Cleanup", Time since last: 2000163368 ns, Reaching safepoint: 7011 ns, Cleanup: 7942 ns, At safepoint: 4698 ns, Total: 19651 ns
[2026-02-06T10:49:25.407+0000][6][safepoint   ] Safepoint "Cleanup", Time since last: 1000052237 ns, Reaching safepoint: 8546 ns, Cleanup: 18498 ns, At safepoint: 6247 ns, Total: 33291 ns
[2026-02-06T10:49:26.407+0000][6][safepoint   ] Safepoint "Cleanup", Time since last: 1000117076 ns, Reaching safepoint: 23954 ns, Cleanup: 26278 ns, At safepoint: 7960 ns, Total: 58192 ns
[2026-02-06T10:49:30.408+0000][6][safepoint   ] Safepoint "Cleanup", Time since last: 4000245297 ns, Reaching safepoint: 8918 ns, Cleanup: 13710 ns, At safepoint: 6372 ns, Total: 29000 ns
[2026-02-06T10:49:31.408+0000][6][safepoint   ] Safepoint "Cleanup", Time since last: 1000205277 ns, Reaching safepoint: 9042 ns, Cleanup: 9502 ns, At safepoint: 5754 ns, Total: 24298 ns
[2026-02-06T10:49:32.373+0000][6][safepoint   ] Safepoint "ICBufferFull", Time since last: 965078360 ns, Reaching safepoint: 9243 ns, Cleanup: 67941 ns, At safepoint: 4951 ns, Total: 82135 ns
[2026-02-06T10:49:33.942+0000][6][safepoint   ] Safepoint "Cleanup", Time since last: 1568696087 ns, Reaching safepoint: 10748 ns, Cleanup: 78514 ns, At safepoint: 7062 ns, Total: 96324 ns
[2026-02-06T10:49:35.942+0000][6][safepoint   ] Safepoint "Cleanup", Time since last: 2000164800 ns, Reaching safepoint: 10497 ns, Cleanup: 8905 ns, At safepoint: 5647 ns, Total: 25049 ns
[2026-02-06T10:49:36.942+0000][6][safepoint   ] Safepoint "Cleanup", Time since last: 1000179386 ns, Reaching safepoint: 6689 ns, Cleanup: 36857 ns, At safepoint: 5516 ns, Total: 49062 ns
[2026-02-06T10:49:37.943+0000][6][safepoint   ] Safepoint "Cleanup", Time since last: 1000235403 ns, Reaching safepoint: 13308 ns, Cleanup: 30475 ns, At safepoint: 6050 ns, Total: 49833 ns
[2026-02-06T10:49:38.943+0000][6][safepoint   ] Safepoint "Cleanup", Time since last: 1000242482 ns, Reaching safepoint: 7499 ns, Cleanup: 15718 ns, At safepoint: 5084 ns, Total: 28301 ns
[2026-02-06T10:49:39.943+0000][6][safepoint   ] Safepoint "Cleanup", Time since last: 1000108263 ns, Reaching safepoint: 7113 ns, Cleanup: 13238 ns, At safepoint: 5376 ns, Total: 25727 ns
[2026-02-06T10:49:40.943+0000][6][safepoint   ] Safepoint "Cleanup", Time since last: 1000088035 ns, Reaching safepoint: 7687 ns, Cleanup: 8710 ns, At safepoint: 4886 ns, Total: 21283 ns
[2026-02-06T10:49:42.943+0000][6][safepoint   ] Safepoint "Cleanup", Time since last: 2000144862 ns, Reaching safepoint: 7333 ns, Cleanup: 7455 ns, At safepoint: 4957 ns, Total: 19745 ns
[2026-02-06T10:49:45.943+0000][6][safepoint   ] Safepoint "Cleanup", Time since last: 3000202368 ns, Reaching safepoint: 7121 ns, Cleanup: 7498 ns, At safepoint: 5216 ns, Total: 19835 ns
[2026-02-06T10:49:50.944+0000][6][safepoint   ] Safepoint "Cleanup", Time since last: 5000441972 ns, Reaching safepoint: 7325 ns, Cleanup: 6679 ns, At safepoint: 4891 ns, Total: 18895 ns
[2026-02-06T10:49:52.944+0000][6][safepoint   ] Safepoint "Cleanup", Time since last: 2000148869 ns, Reaching safepoint: 7051 ns, Cleanup: 10455 ns, At safepoint: 3226 ns, Total: 20732 ns
[2026-02-06T10:49:54.944+0000][6][safepoint   ] Safepoint "Cleanup", Time since last: 2000179738 ns, Reaching safepoint: 7291 ns, Cleanup: 6672 ns, At safepoint: 5401 ns, Total: 19364 ns
[2026-02-06T10:49:56.944+0000][6][safepoint   ] Safepoint "Cleanup", Time since last: 2000170411 ns, Reaching safepoint: 10328 ns, Cleanup: 12755 ns, At safepoint: 5267 ns, Total: 28350 ns
[2026-02-06T10:50:00.967+0000][6][safepoint   ] Safepoint "Cleanup", Time since last: 4022736732 ns, Reaching safepoint: 26873 ns, Cleanup: 8240 ns, At safepoint: 5167 ns, Total: 40280 ns
[2026-02-06T10:50:02.968+0000][6][safepoint   ] Safepoint "Cleanup", Time since last: 2000244968 ns, Reaching safepoint: 7200 ns, Cleanup: 8905 ns, At safepoint: 4392 ns, Total: 20497 ns
[2026-02-06T10:50:03.968+0000][6][safepoint   ] Safepoint "Cleanup", Time since last: 1000115644 ns, Reaching safepoint: 7675 ns, Cleanup: 8084 ns, At safepoint: 6103 ns, Total: 21862 ns
[2026-02-06T10:50:04.968+0000][6][safepoint   ] Safepoint "Cleanup", Time since last: 1000108667 ns, Reaching safepoint: 53732 ns, Cleanup: 33266 ns, At safepoint: 26044 ns, Total: 113042 ns
[2026-02-06T10:50:06.968+0000][6][safepoint   ] Safepoint "Cleanup", Time since last: 2000217185 ns, Reaching safepoint: 7729 ns, Cleanup: 7057 ns, At safepoint: 4816 ns, Total: 19602 ns
[2026-02-06T10:50:07.968+0000][6][safepoint   ] Safepoint "Cleanup", Time since last: 1000087804 ns, Reaching safepoint: 8689 ns, Cleanup: 8148 ns, At safepoint: 3914 ns, Total: 20751 ns
[2026-02-06T10:50:08.968+0000][6][safepoint   ] Safepoint "Cleanup", Time since last: 1000086989 ns, Reaching safepoint: 7808 ns, Cleanup: 8369 ns, At safepoint: 4259 ns, Total: 20436 ns
[2026-02-06T10:50:09.968+0000][6][safepoint   ] Safepoint "Cleanup", Time since last: 1000088357 ns, Reaching safepoint: 7995 ns, Cleanup: 7228 ns, At safepoint: 4075 ns, Total: 19298 ns
[2026-02-06T10:50:10.969+0000][6][safepoint   ] Safepoint "Cleanup", Time since last: 1000118539 ns, Reaching safepoint: 18628 ns, Cleanup: 30673 ns, At safepoint: 2781 ns, Total: 52082 ns
[2026-02-06T10:50:14.969+0000][6][safepoint   ] Safepoint "Cleanup", Time since last: 4000358998 ns, Reaching safepoint: 10484 ns, Cleanup: 9514 ns, At safepoint: 5320 ns, Total: 25318 ns
[2026-02-06T10:50:15.969+0000][6][safepoint   ] Safepoint "Cleanup", Time since last: 1000097693 ns, Reaching safepoint: 7862 ns, Cleanup: 8913 ns, At safepoint: 4416 ns, Total: 21191 ns
[2026-02-06T10:50:16.969+0000][6][safepoint   ] Safepoint "Cleanup", Time since last: 1000089704 ns, Reaching safepoint: 7763 ns, Cleanup: 8582 ns, At safepoint: 4335 ns, Total: 20680 ns
[2026-02-06T10:50:18.969+0000][6][safepoint   ] Safepoint "Cleanup", Time since last: 2000192827 ns, Reaching safepoint: 7492 ns, Cleanup: 12787 ns, At safepoint: 4454 ns, Total: 24733 ns
[2026-02-06T10:50:20.970+0000][6][safepoint   ] Safepoint "Cleanup", Time since last: 2000182811 ns, Reaching safepoint: 8125 ns, Cleanup: 34515 ns, At safepoint: 4775 ns, Total: 47415 ns
[2026-02-06T10:50:30.970+0000][6][safepoint   ] Safepoint "Cleanup", Time since last: 10000762221 ns, Reaching safepoint: 17785 ns, Cleanup: 23030 ns, At safepoint: 12452 ns, Total: 53267 ns
[2026-02-06T10:50:32.971+0000][6][safepoint   ] Safepoint "Cleanup", Time since last: 2000260394 ns, Reaching safepoint: 72668 ns, Cleanup: 5747 ns, At safepoint: 3878 ns, Total: 82293 ns
[2026-02-06T10:50:35.971+0000][6][safepoint   ] Safepoint "Cleanup", Time since last: 3000245663 ns, Reaching safepoint: 40346 ns, Cleanup: 7741 ns, At safepoint: 4519 ns, Total: 52606 ns
[2026-02-06T10:50:37.971+0000][6][safepoint   ] Safepoint "Cleanup", Time since last: 2000144864 ns, Reaching safepoint: 8100 ns, Cleanup: 7645 ns, At safepoint: 5275 ns, Total: 21020 ns
[2026-02-06T10:50:38.971+0000][6][safepoint   ] Safepoint "Cleanup", Time since last: 1000181380 ns, Reaching safepoint: 7316 ns, Cleanup: 8055 ns, At safepoint: 5256 ns, Total: 20627 ns
[2026-02-06T10:50:39.972+0000][6][safepoint   ] Safepoint "Cleanup", Time since last: 1000089840 ns, Reaching safepoint: 8661 ns, Cleanup: 10135 ns, At safepoint: 4538 ns, Total: 23334 ns
[2026-02-06T10:50:40.972+0000][6][safepoint   ] Safepoint "Cleanup", Time since last: 1000187212 ns, Reaching safepoint: 11878 ns, Cleanup: 8385 ns, At safepoint: 5301 ns, Total: 25564 ns
[2026-02-06T10:50:41.972+0000][6][safepoint   ] Safepoint "Cleanup", Time since last: 1000082267 ns, Reaching safepoint: 19079 ns, Cleanup: 18041 ns, At safepoint: 27031 ns, Total: 64151 ns
[2026-02-06T10:50:45.973+0000][6][safepoint   ] Safepoint "Cleanup", Time since last: 4000510385 ns, Reaching safepoint: 29470 ns, Cleanup: 7438 ns, At safepoint: 5235 ns, Total: 42143 ns
[2026-02-06T10:50:47.973+0000][6][safepoint   ] Safepoint "Cleanup", Time since last: 2000244732 ns, Reaching safepoint: 7337 ns, Cleanup: 7329 ns, At safepoint: 4341 ns, Total: 19007 ns
[2026-02-06T10:50:49.973+0000][6][safepoint   ] Safepoint "Cleanup", Time since last: 2000145906 ns, Reaching safepoint: 6940 ns, Cleanup: 6925 ns, At safepoint: 3831 ns, Total: 17696 ns
[2026-02-06T10:50:51.973+0000][6][safepoint   ] Safepoint "Cleanup", Time since last: 2000299580 ns, Reaching safepoint: 14771 ns, Cleanup: 7047 ns, At safepoint: 5236 ns, Total: 27054 ns
[2026-02-06T10:50:55.974+0000][6][safepoint   ] Safepoint "Cleanup", Time since last: 4000518338 ns, Reaching safepoint: 24240 ns, Cleanup: 10645 ns, At safepoint: 4981 ns, Total: 39866 ns
[2026-02-06T10:50:57.974+0000][6][safepoint   ] Safepoint "Cleanup", Time since last: 2000185400 ns, Reaching safepoint: 7219 ns, Cleanup: 6886 ns, At safepoint: 4189 ns, Total: 18294 ns
[2026-02-06T10:50:59.988+0000][6][safepoint   ] Safepoint "Cleanup", Time since last: 2013457790 ns, Reaching safepoint: 7674 ns, Cleanup: 9836 ns, At safepoint: 4364 ns, Total: 21874 ns
[2026-02-06T10:51:05.988+0000][6][safepoint   ] Safepoint "Cleanup", Time since last: 6000601704 ns, Reaching safepoint: 6972 ns, Cleanup: 7089 ns, At safepoint: 4041 ns, Total: 18102 ns
[2026-02-06T10:51:06.988+0000][6][safepoint   ] Safepoint "Cleanup", Time since last: 1000089014 ns, Reaching safepoint: 7436 ns, Cleanup: 8629 ns, At safepoint: 4165 ns, Total: 20230 ns
[2026-02-06T10:51:08.988+0000][6][safepoint   ] Safepoint "Cleanup", Time since last: 2000158916 ns, Reaching safepoint: 7408 ns, Cleanup: 9173 ns, At safepoint: 4427 ns, Total: 21008 ns
[2026-02-06T10:51:09.989+0000][6][safepoint   ] Safepoint "Cleanup", Time since last: 1000108035 ns, Reaching safepoint: 18119 ns, Cleanup: 24798 ns, At safepoint: 4238 ns, Total: 47155 ns
[2026-02-06T10:51:13.989+0000][6][safepoint   ] Safepoint "Cleanup", Time since last: 4000240358 ns, Reaching safepoint: 7683 ns, Cleanup: 6917 ns, At safepoint: 4422 ns, Total: 19022 ns
[2026-02-06T10:51:15.989+0000][6][safepoint   ] Safepoint "Cleanup", Time since last: 2000182324 ns, Reaching safepoint: 7554 ns, Cleanup: 10132 ns, At safepoint: 4363 ns, Total: 22049 ns
[2026-02-06T10:51:17.989+0000][6][safepoint   ] Safepoint "Cleanup", Time since last: 2000301718 ns, Reaching safepoint: 18467 ns, Cleanup: 27905 ns, At safepoint: 17505 ns, Total: 63877 ns
[2026-02-06T10:51:18.990+0000][6][safepoint   ] Safepoint "Cleanup", Time since last: 1000181487 ns, Reaching safepoint: 18377 ns, Cleanup: 18378 ns, At safepoint: 14985 ns, Total: 51740 ns
[2026-02-06T10:51:19.990+0000][6][safepoint   ] Safepoint "Cleanup", Time since last: 1000174515 ns, Reaching safepoint: 17782 ns, Cleanup: 18569 ns, At safepoint: 28916 ns, Total: 65267 ns
[2026-02-06T10:51:27.991+0000][6][safepoint   ] Safepoint "Cleanup", Time since last: 8000732404 ns, Reaching safepoint: 45504 ns, Cleanup: 8096 ns, At safepoint: 4601 ns, Total: 58201 ns
[2026-02-06T10:51:34.991+0000][6][safepoint   ] Safepoint "Cleanup", Time since last: 7000669702 ns, Reaching safepoint: 7481 ns, Cleanup: 11180 ns, At safepoint: 6011 ns, Total: 24672 ns
[2026-02-06T10:51:36.992+0000][6][safepoint   ] Safepoint "Cleanup", Time since last: 2000160581 ns, Reaching safepoint: 6971 ns, Cleanup: 6736 ns, At safepoint: 5084 ns, Total: 18791 ns
[2026-02-06T10:51:38.992+0000][6][safepoint   ] Safepoint "Cleanup", Time since last: 2000219604 ns, Reaching safepoint: 17875 ns, Cleanup: 19578 ns, At safepoint: 15035 ns, Total: 52488 ns
[2026-02-06T10:51:39.992+0000][6][safepoint   ] Safepoint "Cleanup", Time since last: 1000108911 ns, Reaching safepoint: 7512 ns, Cleanup: 7560 ns, At safepoint: 3717 ns, Total: 18789 ns
[2026-02-06T10:51:42.992+0000][6][safepoint   ] Safepoint "Cleanup", Time since last: 3000312068 ns, Reaching safepoint: 17750 ns, Cleanup: 23682 ns, At safepoint: 24273 ns, Total: 65705 ns
[2026-02-06T10:51:48.993+0000][6][safepoint   ] Safepoint "Cleanup", Time since last: 6000615139 ns, Reaching safepoint: 8744 ns, Cleanup: 6885 ns, At safepoint: 3869 ns, Total: 19498 ns
[2026-02-06T10:52:00.994+0000][6][safepoint   ] Safepoint "Cleanup", Time since last: 12001205300 ns, Reaching safepoint: 7275 ns, Cleanup: 7683 ns, At safepoint: 3615 ns, Total: 18573 ns
[2026-02-06T10:52:04.995+0000][6][safepoint   ] Safepoint "Cleanup", Time since last: 4000334270 ns, Reaching safepoint: 7151 ns, Cleanup: 8135 ns, At safepoint: 5611 ns, Total: 20897 ns
[2026-02-06T10:52:08.995+0000][6][safepoint   ] Safepoint "Cleanup", Time since last: 4000455476 ns, Reaching safepoint: 6829 ns, Cleanup: 6317 ns, At safepoint: 5076 ns, Total: 18222 ns
[2026-02-06T10:52:09.995+0000][6][safepoint   ] Safepoint "Cleanup", Time since last: 1000131908 ns, Reaching safepoint: 11328 ns, Cleanup: 9432 ns, At safepoint: 6469 ns, Total: 27229 ns
[2026-02-06T10:52:12.996+0000][6][safepoint   ] Safepoint "Cleanup", Time since last: 3000266043 ns, Reaching safepoint: 49996 ns, Cleanup: 26018 ns, At safepoint: 4281 ns, Total: 80295 ns
[2026-02-06T10:52:14.996+0000][6][safepoint   ] Safepoint "Cleanup", Time since last: 2000301903 ns, Reaching safepoint: 7079 ns, Cleanup: 7550 ns, At safepoint: 5173 ns, Total: 19802 ns
[2026-02-06T10:52:16.996+0000][6][safepoint   ] Safepoint "Cleanup", Time since last: 2000168426 ns, Reaching safepoint: 6876 ns, Cleanup: 8793 ns, At safepoint: 5463 ns, Total: 21132 ns
[2026-02-06T10:52:24.997+0000][6][safepoint   ] Safepoint "Cleanup", Time since last: 8001131290 ns, Reaching safepoint: 18890 ns, Cleanup: 24868 ns, At safepoint: 22981 ns, Total: 66739 ns
[2026-02-06T10:52:26.997+0000][6][safepoint   ] Safepoint "Cleanup", Time since last: 2000162554 ns, Reaching safepoint: 7482 ns, Cleanup: 6228 ns, At safepoint: 3389 ns, Total: 17099 ns
[2026-02-06T10:52:27.998+0000][6][safepoint   ] Safepoint "Cleanup", Time since last: 1000089725 ns, Reaching safepoint: 10964 ns, Cleanup: 7883 ns, At safepoint: 5998 ns, Total: 24845 ns
[2026-02-06T10:52:28.998+0000][6][safepoint   ] Safepoint "Cleanup", Time since last: 1000098446 ns, Reaching safepoint: 8517 ns, Cleanup: 9772 ns, At safepoint: 4323 ns, Total: 22612 ns
[2026-02-06T10:52:29.998+0000][6][safepoint   ] Safepoint "Cleanup", Time since last: 1000116222 ns, Reaching safepoint: 8575 ns, Cleanup: 7223 ns, At safepoint: 4028 ns, Total: 19826 ns
[2026-02-06T10:52:30.998+0000][6][safepoint   ] Safepoint "Cleanup", Time since last: 1000084429 ns, Reaching safepoint: 6795 ns, Cleanup: 5270 ns, At safepoint: 3694 ns, Total: 15759 ns
[2026-02-06T10:52:38.999+0000][6][safepoint   ] Safepoint "Cleanup", Time since last: 8000610961 ns, Reaching safepoint: 17515 ns, Cleanup: 19032 ns, At safepoint: 14955 ns, Total: 51502 ns
[2026-02-06T10:52:39.999+0000][6][safepoint   ] Safepoint "Cleanup", Time since last: 1000146695 ns, Reaching safepoint: 8144 ns, Cleanup: 7370 ns, At safepoint: 4791 ns, Total: 20305 ns
[2026-02-06T10:52:41.999+0000][6][safepoint   ] Safepoint "Cleanup", Time since last: 2000275733 ns, Reaching safepoint: 20030 ns, Cleanup: 8910 ns, At safepoint: 7046 ns, Total: 35986 ns
[2026-02-06T10:52:44.000+0000][6][safepoint   ] Safepoint "Cleanup", Time since last: 2000474663 ns, Reaching safepoint: 6911 ns, Cleanup: 6834 ns, At safepoint: 6178 ns, Total: 19923 ns
[2026-02-06T10:52:54.000+0000][6][safepoint   ] Safepoint "Cleanup", Time since last: 10000814740 ns, Reaching safepoint: 19343 ns, Cleanup: 19157 ns, At safepoint: 13572 ns, Total: 52072 ns
[2026-02-06T10:52:56.001+0000][6][safepoint   ] Safepoint "Cleanup", Time since last: 2000251202 ns, Reaching safepoint: 7778 ns, Cleanup: 6326 ns, At safepoint: 3726 ns, Total: 17830 ns
[2026-02-06T10:52:58.001+0000][6][safepoint   ] Safepoint "Cleanup", Time since last: 2000149817 ns, Reaching safepoint: 7918 ns, Cleanup: 6921 ns, At safepoint: 3851 ns, Total: 18690 ns
[2026-02-06T10:53:02.034+0000][6][safepoint   ] Safepoint "Cleanup", Time since last: 4032730052 ns, Reaching safepoint: 6902 ns, Cleanup: 7477 ns, At safepoint: 4672 ns, Total: 19051 ns
[2026-02-06T10:53:06.034+0000][6][safepoint   ] Safepoint "Cleanup", Time since last: 4000471123 ns, Reaching safepoint: 7140 ns, Cleanup: 10302 ns, At safepoint: 4481 ns, Total: 21923 ns
[2026-02-06T10:53:08.034+0000][6][safepoint   ] Safepoint "Cleanup", Time since last: 2000183782 ns, Reaching safepoint: 19508 ns, Cleanup: 29649 ns, At safepoint: 13096 ns, Total: 62253 ns
[2026-02-06T10:53:09.034+0000][6][safepoint   ] Safepoint "Cleanup", Time since last: 1000112292 ns, Reaching safepoint: 28742 ns, Cleanup: 6587 ns, At safepoint: 4343 ns, Total: 39672 ns
[2026-02-06T10:53:10.035+0000][6][safepoint   ] Safepoint "Cleanup", Time since last: 1000162509 ns, Reaching safepoint: 7136 ns, Cleanup: 8592 ns, At safepoint: 5050 ns, Total: 20778 ns
[2026-02-06T10:53:20.035+0000][6][safepoint   ] Safepoint "Cleanup", Time since last: 10000706122 ns, Reaching safepoint: 7630 ns, Cleanup: 8057 ns, At safepoint: 4709 ns, Total: 20396 ns
[2026-02-06T10:53:22.036+0000][6][safepoint   ] Safepoint "Cleanup", Time since last: 2000342991 ns, Reaching safepoint: 43317 ns, Cleanup: 25350 ns, At safepoint: 15807 ns, Total: 84474 ns
[2026-02-06T10:53:28.036+0000][6][safepoint   ] Safepoint "Cleanup", Time since last: 6000437609 ns, Reaching safepoint: 7769 ns, Cleanup: 7101 ns, At safepoint: 4244 ns, Total: 19114 ns
[2026-02-06T10:53:35.037+0000][6][safepoint   ] Safepoint "Cleanup", Time since last: 7000651423 ns, Reaching safepoint: 13919 ns, Cleanup: 7165 ns, At safepoint: 5307 ns, Total: 26391 ns
[2026-02-06T10:53:38.037+0000][6][safepoint   ] Safepoint "Cleanup", Time since last: 3000399630 ns, Reaching safepoint: 17635 ns, Cleanup: 18985 ns, At safepoint: 14961 ns, Total: 51581 ns
[2026-02-06T10:53:39.038+0000][6][safepoint   ] Safepoint "Cleanup", Time since last: 1000152373 ns, Reaching safepoint: 7633 ns, Cleanup: 7880 ns, At safepoint: 4726 ns, Total: 20239 ns
[2026-02-06T10:53:41.038+0000][6][safepoint   ] Safepoint "Cleanup", Time since last: 2000207409 ns, Reaching safepoint: 15338 ns, Cleanup: 16584 ns, At safepoint: 7311 ns, Total: 39233 ns
[2026-02-06T10:53:49.039+0000][6][safepoint   ] Safepoint "Cleanup", Time since last: 8000784151 ns, Reaching safepoint: 6998 ns, Cleanup: 7427 ns, At safepoint: 4575 ns, Total: 19000 ns
[2026-02-06T10:53:51.039+0000][6][safepoint   ] Safepoint "Cleanup", Time since last: 2000345846 ns, Reaching safepoint: 7010 ns, Cleanup: 6805 ns, At safepoint: 5176 ns, Total: 18991 ns
[2026-02-06T10:53:53.039+0000][6][safepoint   ] Safepoint "Cleanup", Time since last: 2000180090 ns, Reaching safepoint: 6648 ns, Cleanup: 7556 ns, At safepoint: 4909 ns, Total: 19113 ns
[2026-02-06T10:53:57.039+0000][6][safepoint   ] Safepoint "Cleanup", Time since last: 4000304727 ns, Reaching safepoint: 10367 ns, Cleanup: 10257 ns, At safepoint: 5122 ns, Total: 25746 ns
[2026-02-06T10:53:59.040+0000][6][safepoint   ] Safepoint "Cleanup", Time since last: 2000351448 ns, Reaching safepoint: 7337 ns, Cleanup: 7896 ns, At safepoint: 5457 ns, Total: 20690 ns
[2026-02-06T10:54:07.041+0000][6][safepoint   ] Safepoint "Cleanup", Time since last: 8000617478 ns, Reaching safepoint: 18402 ns, Cleanup: 9008 ns, At safepoint: 5825 ns, Total: 33235 ns
[2026-02-06T10:54:08.041+0000][6][safepoint   ] Safepoint "Cleanup", Time since last: 1000118970 ns, Reaching safepoint: 7468 ns, Cleanup: 7011 ns, At safepoint: 5068 ns, Total: 19547 ns
[2026-02-06T10:54:09.041+0000][6][safepoint   ] Safepoint "Cleanup", Time since last: 1000084866 ns, Reaching safepoint: 10084 ns, Cleanup: 8213 ns, At safepoint: 4820 ns, Total: 23117 ns
[2026-02-06T10:54:13.041+0000][6][safepoint   ] Safepoint "Cleanup", Time since last: 4000323952 ns, Reaching safepoint: 8532 ns, Cleanup: 7683 ns, At safepoint: 4533 ns, Total: 20748 ns
[2026-02-06T10:54:15.041+0000][6][safepoint   ] Safepoint "Cleanup", Time since last: 2000185284 ns, Reaching safepoint: 20665 ns, Cleanup: 30743 ns, At safepoint: 25052 ns, Total: 76460 ns
[2026-02-06T10:54:19.042+0000][6][safepoint   ] Safepoint "Cleanup", Time since last: 4000278315 ns, Reaching safepoint: 8645 ns, Cleanup: 10122 ns, At safepoint: 4355 ns, Total: 23122 ns
[2026-02-06T10:54:23.042+0000][6][safepoint   ] Safepoint "Cleanup", Time since last: 4000269154 ns, Reaching safepoint: 9759 ns, Cleanup: 7022 ns, At safepoint: 4275 ns, Total: 21056 ns
[2026-02-06T10:54:25.042+0000][6][safepoint   ] Safepoint "Cleanup", Time since last: 2000216897 ns, Reaching safepoint: 7691 ns, Cleanup: 9951 ns, At safepoint: 4192 ns, Total: 21834 ns
[2026-02-06T10:54:27.042+0000][6][safepoint   ] Safepoint "Cleanup", Time since last: 2000151738 ns, Reaching safepoint: 9285 ns, Cleanup: 10019 ns, At safepoint: 6100 ns, Total: 25404 ns
[2026-02-06T10:54:30.043+0000][6][safepoint   ] Safepoint "Cleanup", Time since last: 3000373365 ns, Reaching safepoint: 18949 ns, Cleanup: 21152 ns, At safepoint: 15217 ns, Total: 55318 ns
[2026-02-06T10:54:32.043+0000][6][safepoint   ] Safepoint "Cleanup", Time since last: 2000167297 ns, Reaching safepoint: 7949 ns, Cleanup: 6964 ns, At safepoint: 3868 ns, Total: 18781 ns
[2026-02-06T10:54:34.043+0000][6][safepoint   ] Safepoint "Cleanup", Time since last: 2000182274 ns, Reaching safepoint: 7340 ns, Cleanup: 7035 ns, At safepoint: 4390 ns, Total: 18765 ns
[2026-02-06T10:54:36.043+0000][6][safepoint   ] Safepoint "Cleanup", Time since last: 2000187481 ns, Reaching safepoint: 20986 ns, Cleanup: 17461 ns, At safepoint: 14400 ns, Total: 52847 ns
[2026-02-06T10:54:39.044+0000][6][safepoint   ] Safepoint "Cleanup", Time since last: 3000430653 ns, Reaching safepoint: 18715 ns, Cleanup: 7025 ns, At safepoint: 4422 ns, Total: 30162 ns
[2026-02-06T10:54:40.044+0000][6][safepoint   ] Safepoint "Cleanup", Time since last: 1000120106 ns, Reaching safepoint: 7299 ns, Cleanup: 9096 ns, At safepoint: 4739 ns, Total: 21134 ns
[2026-02-06T10:54:42.044+0000][6][safepoint   ] Safepoint "Cleanup", Time since last: 2000219723 ns, Reaching safepoint: 21027 ns, Cleanup: 44144 ns, At safepoint: 4696 ns, Total: 69867 ns
[2026-02-06T10:54:44.045+0000][6][safepoint   ] Safepoint "Cleanup", Time since last: 2000291071 ns, Reaching safepoint: 19531 ns, Cleanup: 9299 ns, At safepoint: 4708 ns, Total: 33538 ns
[2026-02-06T10:55:00.047+0000][6][safepoint   ] Safepoint "Cleanup", Time since last: 16002537931 ns, Reaching safepoint: 7270 ns, Cleanup: 6820 ns, At safepoint: 4780 ns, Total: 18870 ns
[2026-02-06T10:55:03.047+0000][6][safepoint   ] Safepoint "Cleanup", Time since last: 3000257223 ns, Reaching safepoint: 9604 ns, Cleanup: 8683 ns, At safepoint: 5436 ns, Total: 23723 ns
[2026-02-06T10:55:04.048+0000][6][safepoint   ] Safepoint "Cleanup", Time since last: 1000124538 ns, Reaching safepoint: 7214 ns, Cleanup: 7143 ns, At safepoint: 3959 ns, Total: 18316 ns
[2026-02-06T10:55:06.048+0000][6][safepoint   ] Safepoint "Cleanup", Time since last: 2000184420 ns, Reaching safepoint: 11691 ns, Cleanup: 9619 ns, At safepoint: 6640 ns, Total: 27950 ns
[2026-02-06T10:55:09.048+0000][6][safepoint   ] Safepoint "Cleanup", Time since last: 3000211058 ns, Reaching safepoint: 7478 ns, Cleanup: 9228 ns, At safepoint: 4800 ns, Total: 21506 ns
[2026-02-06T10:55:18.049+0000][6][safepoint   ] Safepoint "Cleanup", Time since last: 9000690842 ns, Reaching safepoint: 49789 ns, Cleanup: 38004 ns, At safepoint: 35121 ns, Total: 122914 ns
[2026-02-06T10:55:20.049+0000][6][safepoint   ] Safepoint "Cleanup", Time since last: 2000140676 ns, Reaching safepoint: 8470 ns, Cleanup: 8851 ns, At safepoint: 4170 ns, Total: 21491 ns
[2026-02-06T10:55:29.050+0000][6][safepoint   ] Safepoint "Cleanup", Time since last: 9000558324 ns, Reaching safepoint: 9305 ns, Cleanup: 6751 ns, At safepoint: 4159 ns, Total: 20215 ns
[2026-02-06T10:55:37.050+0000][6][safepoint   ] Safepoint "Cleanup", Time since last: 8000543434 ns, Reaching safepoint: 8119 ns, Cleanup: 7913 ns, At safepoint: 5138 ns, Total: 21170 ns
[2026-02-06T10:55:39.050+0000][6][safepoint   ] Safepoint "Cleanup", Time since last: 2000169280 ns, Reaching safepoint: 19574 ns, Cleanup: 31751 ns, At safepoint: 13771 ns, Total: 65096 ns
[2026-02-06T10:55:41.051+0000][6][safepoint   ] Safepoint "Cleanup", Time since last: 2000222921 ns, Reaching safepoint: 10558 ns, Cleanup: 9863 ns, At safepoint: 4417 ns, Total: 24838 ns
[2026-02-06T10:55:43.051+0000][6][safepoint   ] Safepoint "Cleanup", Time since last: 2000302930 ns, Reaching safepoint: 7690 ns, Cleanup: 8319 ns, At safepoint: 4471 ns, Total: 20480 ns
[2026-02-06T10:55:49.051+0000][6][safepoint   ] Safepoint "Cleanup", Time since last: 6000397465 ns, Reaching safepoint: 22754 ns, Cleanup: 11177 ns, At safepoint: 4894 ns, Total: 38825 ns
[2026-02-06T10:55:55.052+0000][6][safepoint   ] Safepoint "Cleanup", Time since last: 6000770915 ns, Reaching safepoint: 22365 ns, Cleanup: 7767 ns, At safepoint: 5773 ns, Total: 35905 ns
[2026-02-06T10:56:03.054+0000][6][safepoint   ] Safepoint "Cleanup", Time since last: 8001882651 ns, Reaching safepoint: 8255 ns, Cleanup: 8768 ns, At safepoint: 4253 ns, Total: 21276 ns
[2026-02-06T10:56:07.055+0000][6][safepoint   ] Safepoint "Cleanup", Time since last: 4000338404 ns, Reaching safepoint: 7750 ns, Cleanup: 29701 ns, At safepoint: 7345 ns, Total: 44796 ns
[2026-02-06T10:56:18.055+0000][6][safepoint   ] Safepoint "Cleanup", Time since last: 11000707472 ns, Reaching safepoint: 8956 ns, Cleanup: 7611 ns, At safepoint: 4906 ns, Total: 21473 ns
[2026-02-06T10:56:26.056+0000][6][safepoint   ] Safepoint "Cleanup", Time since last: 8000616608 ns, Reaching safepoint: 19760 ns, Cleanup: 9633 ns, At safepoint: 4816 ns, Total: 34209 ns
[2026-02-06T10:56:39.057+0000][6][safepoint   ] Safepoint "Cleanup", Time since last: 13001031639 ns, Reaching safepoint: 71863 ns, Cleanup: 6827 ns, At safepoint: 5007 ns, Total: 83697 ns
[2026-02-06T10:56:40.057+0000][6][safepoint   ] Safepoint "Cleanup", Time since last: 1000087543 ns, Reaching safepoint: 7229 ns, Cleanup: 6311 ns, At safepoint: 5335 ns, Total: 18875 ns
[2026-02-06T10:57:04.059+0000][6][safepoint   ] Safepoint "Cleanup", Time since last: 24001980086 ns, Reaching safepoint: 26712 ns, Cleanup: 6891 ns, At safepoint: 4971 ns, Total: 38574 ns
[2026-02-06T10:57:08.060+0000][6][safepoint   ] Safepoint "Cleanup", Time since last: 4000606377 ns, Reaching safepoint: 8925 ns, Cleanup: 8833 ns, At safepoint: 17493 ns, Total: 35251 ns
[2026-02-06T10:57:25.062+0000][6][safepoint   ] Safepoint "Cleanup", Time since last: 17001803786 ns, Reaching safepoint: 19746 ns, Cleanup: 8407 ns, At safepoint: 6159 ns, Total: 34312 ns
[2026-02-06T10:57:27.063+0000][6][safepoint   ] Safepoint "Cleanup", Time since last: 2001515058 ns, Reaching safepoint: 8104 ns, Cleanup: 7148 ns, At safepoint: 4590 ns, Total: 19842 ns
[2026-02-06T10:57:29.063+0000][6][safepoint   ] Safepoint "Cleanup", Time since last: 2000224568 ns, Reaching safepoint: 7054 ns, Cleanup: 10632 ns, At safepoint: 6174 ns, Total: 23860 ns
[2026-02-06T10:57:30.064+0000][6][safepoint   ] Safepoint "Cleanup", Time since last: 1000132562 ns, Reaching safepoint: 7125 ns, Cleanup: 6390 ns, At safepoint: 5381 ns, Total: 18896 ns
[2026-02-06T10:57:33.064+0000][6][safepoint   ] Safepoint "Cleanup", Time since last: 3000406229 ns, Reaching safepoint: 7342 ns, Cleanup: 8299 ns, At safepoint: 5511 ns, Total: 21152 ns
[2026-02-06T10:57:39.065+0000][6][safepoint   ] Safepoint "Cleanup", Time since last: 6000537088 ns, Reaching safepoint: 7619 ns, Cleanup: 8007 ns, At safepoint: 5005 ns, Total: 20631 ns
[2026-02-06T10:57:41.065+0000][6][safepoint   ] Safepoint "Cleanup", Time since last: 2000220556 ns, Reaching safepoint: 18000 ns, Cleanup: 24672 ns, At safepoint: 29437 ns, Total: 72109 ns
[2026-02-06T10:57:45.065+0000][6][safepoint   ] Safepoint "Cleanup", Time since last: 4000330433 ns, Reaching safepoint: 19260 ns, Cleanup: 8719 ns, At safepoint: 4995 ns, Total: 32974 ns
[2026-02-06T10:57:46.065+0000][6][safepoint   ] Safepoint "Cleanup", Time since last: 1000086059 ns, Reaching safepoint: 7639 ns, Cleanup: 6619 ns, At safepoint: 4286 ns, Total: 18544 ns
[2026-02-06T10:57:47.065+0000][6][safepoint   ] Safepoint "Cleanup", Time since last: 1000084099 ns, Reaching safepoint: 7551 ns, Cleanup: 7938 ns, At safepoint: 5143 ns, Total: 20632 ns
[2026-02-06T10:57:49.066+0000][6][safepoint   ] Safepoint "Cleanup", Time since last: 2000174535 ns, Reaching safepoint: 19488 ns, Cleanup: 19742 ns, At safepoint: 16154 ns, Total: 55384 ns
[2026-02-06T10:57:51.066+0000][6][safepoint   ] Safepoint "Cleanup", Time since last: 2000193512 ns, Reaching safepoint: 8739 ns, Cleanup: 7906 ns, At safepoint: 4841 ns, Total: 21486 ns
[2026-02-06T10:57:53.066+0000][6][safepoint   ] Safepoint "Cleanup", Time since last: 2000140046 ns, Reaching safepoint: 6832 ns, Cleanup: 6738 ns, At safepoint: 5177 ns, Total: 18747 ns
[2026-02-06T10:57:55.066+0000][6][safepoint   ] Safepoint "Cleanup", Time since last: 2000182562 ns, Reaching safepoint: 23273 ns, Cleanup: 8632 ns, At safepoint: 4431 ns, Total: 36336 ns
[2026-02-06T10:57:57.067+0000][6][safepoint   ] Safepoint "Cleanup", Time since last: 2000212467 ns, Reaching safepoint: 17615 ns, Cleanup: 17607 ns, At safepoint: 14527 ns, Total: 49749 ns
[2026-02-06T10:57:59.067+0000][6][safepoint   ] Safepoint "Cleanup", Time since last: 2000203923 ns, Reaching safepoint: 9311 ns, Cleanup: 7977 ns, At safepoint: 8926 ns, Total: 26214 ns
[2026-02-06T10:58:01.067+0000][6][safepoint   ] Safepoint "Cleanup", Time since last: 2000149606 ns, Reaching safepoint: 8765 ns, Cleanup: 7392 ns, At safepoint: 4326 ns, Total: 20483 ns
[2026-02-06T10:58:09.067+0000][6][safepoint   ] Safepoint "Cleanup", Time since last: 8000551353 ns, Reaching safepoint: 20821 ns, Cleanup: 9266 ns, At safepoint: 5333 ns, Total: 35420 ns
[2026-02-06T10:58:12.068+0000][6][safepoint   ] Safepoint "Cleanup", Time since last: 3000276244 ns, Reaching safepoint: 8350 ns, Cleanup: 7337 ns, At safepoint: 4032 ns, Total: 19719 ns
[2026-02-06T10:58:14.068+0000][6][safepoint   ] Safepoint "Cleanup", Time since last: 2000146411 ns, Reaching safepoint: 7320 ns, Cleanup: 6822 ns, At safepoint: 4670 ns, Total: 18812 ns
[2026-02-06T10:58:20.068+0000][6][safepoint   ] Safepoint "Cleanup", Time since last: 6000414370 ns, Reaching safepoint: 6974 ns, Cleanup: 6590 ns, At safepoint: 3430 ns, Total: 16994 ns
[2026-02-06T10:58:22.069+0000][6][safepoint   ] Safepoint "Cleanup", Time since last: 2000180354 ns, Reaching safepoint: 7683 ns, Cleanup: 7872 ns, At safepoint: 4917 ns, Total: 20472 ns
[2026-02-06T10:58:24.069+0000][6][safepoint   ] Safepoint "Cleanup", Time since last: 2000179862 ns, Reaching safepoint: 7970 ns, Cleanup: 7351 ns, At safepoint: 5660 ns, Total: 20981 ns
[2026-02-06T10:58:32.069+0000][6][safepoint   ] Safepoint "Cleanup", Time since last: 8000599413 ns, Reaching safepoint: 30283 ns, Cleanup: 11609 ns, At safepoint: 5216 ns, Total: 47108 ns
[2026-02-06T10:58:41.071+0000][6][safepoint   ] Safepoint "Cleanup", Time since last: 9001996815 ns, Reaching safepoint: 7184 ns, Cleanup: 6892 ns, At safepoint: 4468 ns, Total: 18544 ns
[2026-02-06T10:58:44.072+0000][6][safepoint   ] Safepoint "Cleanup", Time since last: 3000298436 ns, Reaching safepoint: 7688 ns, Cleanup: 7304 ns, At safepoint: 5546 ns, Total: 20538 ns
[2026-02-06T10:58:48.072+0000][6][safepoint   ] Safepoint "Cleanup", Time since last: 4000276798 ns, Reaching safepoint: 10438 ns, Cleanup: 9453 ns, At safepoint: 6192 ns, Total: 26083 ns
[2026-02-06T10:58:54.073+0000][6][safepoint   ] Safepoint "Cleanup", Time since last: 6000441980 ns, Reaching safepoint: 19305 ns, Cleanup: 9620 ns, At safepoint: 7084 ns, Total: 36009 ns
[2026-02-06T10:59:00.073+0000][6][safepoint   ] Safepoint "Cleanup", Time since last: 6000450448 ns, Reaching safepoint: 7861 ns, Cleanup: 6817 ns, At safepoint: 4321 ns, Total: 18999 ns
[2026-02-06T10:59:32.075+0000][6][safepoint   ] Safepoint "Cleanup", Time since last: 32002284827 ns, Reaching safepoint: 9725 ns, Cleanup: 34009 ns, At safepoint: 5200 ns, Total: 48934 ns
[2026-02-06T10:59:33.076+0000][6][safepoint   ] Safepoint "Cleanup", Time since last: 1000182685 ns, Reaching safepoint: 24411 ns, Cleanup: 8358 ns, At safepoint: 6559 ns, Total: 39328 ns
[2026-02-06T10:59:37.076+0000][6][safepoint   ] Safepoint "Cleanup", Time since last: 4000224932 ns, Reaching safepoint: 26987 ns, Cleanup: 9615 ns, At safepoint: 4756 ns, Total: 41358 ns
[2026-02-06T10:59:39.076+0000][6][safepoint   ] Safepoint "Cleanup", Time since last: 2000199395 ns, Reaching safepoint: 7767 ns, Cleanup: 7394 ns, At safepoint: 4738 ns, Total: 19899 ns
[2026-02-06T10:59:40.076+0000][6][safepoint   ] Safepoint "Cleanup", Time since last: 1000087748 ns, Reaching safepoint: 8414 ns, Cleanup: 7826 ns, At safepoint: 4001 ns, Total: 20241 ns
[2026-02-06T11:00:04.163+0000][6][safepoint   ] Safepoint "Cleanup", Time since last: 24087178902 ns, Reaching safepoint: 10227 ns, Cleanup: 8944 ns, At safepoint: 5932 ns, Total: 25103 ns
[2026-02-06T11:00:22.166+0000][6][safepoint   ] Safepoint "Cleanup", Time since last: 18002433792 ns, Reaching safepoint: 19324 ns, Cleanup: 6861 ns, At safepoint: 6000 ns, Total: 32185 ns
[2026-02-06T11:00:40.167+0000][6][safepoint   ] Safepoint "Cleanup", Time since last: 18001079598 ns, Reaching safepoint: 25049 ns, Cleanup: 8567 ns, At safepoint: 7182 ns, Total: 40798 ns
[2026-02-06T11:01:03.169+0000][6][safepoint   ] Safepoint "Cleanup", Time since last: 23001611111 ns, Reaching safepoint: 7964 ns, Cleanup: 7393 ns, At safepoint: 4903 ns, Total: 20260 ns
[2026-02-06T11:01:09.170+0000][6][safepoint   ] Safepoint "Cleanup", Time since last: 6001715666 ns, Reaching safepoint: 28114 ns, Cleanup: 11235 ns, At safepoint: 5306 ns, Total: 44655 ns
[2026-02-06T11:01:19.171+0000][6][safepoint   ] Safepoint "Cleanup", Time since last: 10000654996 ns, Reaching safepoint: 11289 ns, Cleanup: 9614 ns, At safepoint: 6128 ns, Total: 27031 ns
[2026-02-06T11:01:21.171+0000][6][safepoint   ] Safepoint "Cleanup", Time since last: 2000224310 ns, Reaching safepoint: 13637 ns, Cleanup: 11497 ns, At safepoint: 7297 ns, Total: 32431 ns
[2026-02-06T11:01:35.172+0000][6][safepoint   ] Safepoint "Cleanup", Time since last: 14000971845 ns, Reaching safepoint: 9754 ns, Cleanup: 10732 ns, At safepoint: 4847 ns, Total: 25333 ns
[2026-02-06T11:01:38.173+0000][6][safepoint   ] Safepoint "Cleanup", Time since last: 3000419280 ns, Reaching safepoint: 17970 ns, Cleanup: 13443 ns, At safepoint: 8461 ns, Total: 39874 ns
[2026-02-06T11:01:39.173+0000][6][safepoint   ] Safepoint "Cleanup", Time since last: 1000083269 ns, Reaching safepoint: 7969 ns, Cleanup: 7388 ns, At safepoint: 5030 ns, Total: 20387 ns
[2026-02-06T11:01:48.174+0000][6][safepoint   ] Safepoint "Cleanup", Time since last: 9000784117 ns, Reaching safepoint: 8837 ns, Cleanup: 9028 ns, At safepoint: 4653 ns, Total: 22518 ns
[2026-02-06T11:01:50.174+0000][6][safepoint   ] Safepoint "Cleanup", Time since last: 2000150267 ns, Reaching safepoint: 11258 ns, Cleanup: 9601 ns, At safepoint: 5174 ns, Total: 26033 ns
[2026-02-06T11:01:52.174+0000][6][safepoint   ] Safepoint "Cleanup", Time since last: 2000179187 ns, Reaching safepoint: 7141 ns, Cleanup: 8084 ns, At safepoint: 4621 ns, Total: 19846 ns
[2026-02-06T11:01:58.174+0000][6][safepoint   ] Safepoint "Cleanup", Time since last: 6000384005 ns, Reaching safepoint: 23394 ns, Cleanup: 8080 ns, At safepoint: 4967 ns, Total: 36441 ns
[2026-02-06T11:02:00.194+0000][6][safepoint   ] Safepoint "Cleanup", Time since last: 2019711499 ns, Reaching safepoint: 10637 ns, Cleanup: 9560 ns, At safepoint: 5183 ns, Total: 25380 ns
[2026-02-06T11:02:08.195+0000][6][safepoint   ] Safepoint "Cleanup", Time since last: 8000594087 ns, Reaching safepoint: 6967 ns, Cleanup: 6755 ns, At safepoint: 4231 ns, Total: 17953 ns
[2026-02-06T11:02:12.195+0000][6][safepoint   ] Safepoint "Cleanup", Time since last: 4000266337 ns, Reaching safepoint: 8260 ns, Cleanup: 7158 ns, At safepoint: 4021 ns, Total: 19439 ns
[2026-02-06T11:02:14.195+0000][6][safepoint   ] Safepoint "Cleanup", Time since last: 2000168739 ns, Reaching safepoint: 18872 ns, Cleanup: 23836 ns, At safepoint: 12460 ns, Total: 55168 ns
[2026-02-06T11:02:16.196+0000][6][safepoint   ] Safepoint "Cleanup", Time since last: 2000342709 ns, Reaching safepoint: 10874 ns, Cleanup: 8295 ns, At safepoint: 5424 ns, Total: 24593 ns
[2026-02-06T11:02:27.196+0000][6][safepoint   ] Safepoint "Cleanup", Time since last: 11000704969 ns, Reaching safepoint: 17427 ns, Cleanup: 10671 ns, At safepoint: 3929 ns, Total: 32027 ns
[2026-02-06T11:02:29.197+0000][6][safepoint   ] Safepoint "Cleanup", Time since last: 2000223943 ns, Reaching safepoint: 16095 ns, Cleanup: 10334 ns, At safepoint: 5060 ns, Total: 31489 ns
[2026-02-06T11:02:30.001+0000][6][gc,heap,exit] Heap
[2026-02-06T11:02:30.001+0000][6][gc,heap,exit]  garbage-first heap   total reserved 3145728K, committed 3145728K, used 372926K [0x0000000740000000, 0x0000000800000000)
[2026-02-06T11:02:30.001+0000][6][gc,heap,exit]   region size 4096K, 78 young (319488K), 8 survivors (32768K)
[2026-02-06T11:02:30.001+0000][6][gc,heap,exit]  Metaspace       used 106607K, committed 109376K, reserved 1179648K
[2026-02-06T11:02:30.001+0000][6][gc,heap,exit]   class space    used 15145K, committed 16384K, reserved 1048576K
