[2025-10-21T13:02:31.409+0000][7][gc,init] CardTable entry size: 512
[2025-10-21T13:02:31.409+0000][7][gc     ] Using G1
[2025-10-21T13:02:31.700+0000][7][gc,init] Version: 22.0.2+9-70 (release)
[2025-10-21T13:02:31.700+0000][7][gc,init] CPUs: 8 total, 8 available
[2025-10-21T13:02:31.700+0000][7][gc,init] Memory: 15822M
[2025-10-21T13:02:31.700+0000][7][gc,init] Large Page Support: Disabled
[2025-10-21T13:02:31.700+0000][7][gc,init] NUMA Support: Disabled
[2025-10-21T13:02:31.700+0000][7][gc,init] Compressed Oops: Enabled (Zero based)
[2025-10-21T13:02:31.700+0000][7][gc,init] Heap Region Size: 4M
[2025-10-21T13:02:31.700+0000][7][gc,init] Heap Min Capacity: 3G
[2025-10-21T13:02:31.700+0000][7][gc,init] Heap Initial Capacity: 3G
[2025-10-21T13:02:31.700+0000][7][gc,init] Heap Max Capacity: 3G
[2025-10-21T13:02:31.700+0000][7][gc,init] Pre-touch: Enabled
[2025-10-21T13:02:31.700+0000][7][gc,init] Parallel Workers: 8
[2025-10-21T13:02:31.700+0000][7][gc,init] Concurrent Workers: 2
[2025-10-21T13:02:31.700+0000][7][gc,init] Concurrent Refinement Workers: 8
[2025-10-21T13:02:31.700+0000][7][gc,init] Periodic GC: Disabled
[2025-10-21T13:02:31.715+0000][7][gc,metaspace] CDS archive(s) mapped at: [0x00007f181e000000-0x00007f181ec78000-0x00007f181ec78000), size 13074432, SharedBaseAddress: 0x00007f181e000000, ArchiveRelocationMode: 1.
[2025-10-21T13:02:31.715+0000][7][gc,metaspace] Compressed class space mapped at: 0x00007f181f000000-0x00007f185f000000, reserved size: 1073741824
[2025-10-21T13:02:31.715+0000][7][gc,metaspace] Narrow klass base: 0x00007f181e000000, Narrow klass shift: 0, Narrow klass range: 0x100000000
[2025-10-21T13:02:33.018+0000][7][safepoint   ] Safepoint "Cleanup", Time since last: 1293503864 ns, Reaching safepoint: 2974 ns, Cleanup: 96560 ns, At safepoint: 3746 ns, Total: 103280 ns
[2025-10-21T13:02:34.210+0000][7][safepoint   ] Safepoint "Cleanup", Time since last: 1191655663 ns, Reaching safepoint: 73066 ns, Cleanup: 73654 ns, At safepoint: 11928 ns, Total: 158648 ns
[2025-10-21T13:02:35.420+0000][7][safepoint   ] Safepoint "Cleanup", Time since last: 1207542191 ns, Reaching safepoint: 74682 ns, Cleanup: 94238 ns, At safepoint: 2085281 ns, Total: 2254201 ns
[2025-10-21T13:02:36.533+0000][7][safepoint   ] Safepoint "Cleanup", Time since last: 1095105198 ns, Reaching safepoint: 17727544 ns, Cleanup: 78573 ns, At safepoint: 22470 ns, Total: 17828587 ns
[2025-10-21T13:02:37.537+0000][7][safepoint   ] Safepoint "Cleanup", Time since last: 1000119545 ns, Reaching safepoint: 3529990 ns, Cleanup: 63230 ns, At safepoint: 25813 ns, Total: 3619033 ns
[2025-10-21T13:02:38.341+0000][7][gc,start    ] GC(0) Pause Young (Normal) (G1 Evacuation Pause)
[2025-10-21T13:02:38.341+0000][7][gc,task     ] GC(0) Using 8 workers of 8 for evacuation
[2025-10-21T13:02:38.341+0000][7][gc,age      ] GC(0) Desired survivor size 10485760 bytes, new threshold 15 (max threshold 15)
[2025-10-21T13:02:38.376+0000][7][gc,phases   ] GC(0)   Pre Evacuate Collection Set: 0.60ms
[2025-10-21T13:02:38.377+0000][7][gc,phases   ] GC(0)   Merge Heap Roots: 0.15ms
[2025-10-21T13:02:38.377+0000][7][gc,phases   ] GC(0)   Evacuate Collection Set: 30.69ms
[2025-10-21T13:02:38.377+0000][7][gc,phases   ] GC(0)   Post Evacuate Collection Set: 3.82ms
[2025-10-21T13:02:38.377+0000][7][gc,phases   ] GC(0)   Other: 0.09ms
[2025-10-21T13:02:38.377+0000][7][gc,age      ] GC(0) Age table with threshold 15 (max threshold 15)
[2025-10-21T13:02:38.377+0000][7][gc,age      ] GC(0) - age   1:    8897488 bytes,    8897488 total
[2025-10-21T13:02:38.377+0000][7][gc,heap     ] GC(0) Eden regions: 38->0(35)
[2025-10-21T13:02:38.377+0000][7][gc,heap     ] GC(0) Survivor regions: 0->3(5)
[2025-10-21T13:02:38.377+0000][7][gc,heap     ] GC(0) Old regions: 1->1
[2025-10-21T13:02:38.377+0000][7][gc,heap     ] GC(0) Humongous regions: 0->0
[2025-10-21T13:02:38.377+0000][7][gc,metaspace] GC(0) Metaspace: 16614K(16960K)->16614K(16960K) NonClass: 14672K(14848K)->14672K(14848K) Class: 1941K(2112K)->1941K(2112K)
[2025-10-21T13:02:38.377+0000][7][gc          ] GC(0) Pause Young (Normal) (G1 Evacuation Pause) 153M->9M(3072M) 35.615ms
[2025-10-21T13:02:38.377+0000][7][gc,cpu      ] GC(0) User=0.05s Sys=0.00s Real=0.04s
[2025-10-21T13:02:38.377+0000][7][safepoint   ] Safepoint "G1CollectForAllocation", Time since last: 804272508 ns, Reaching safepoint: 4680 ns, Cleanup: 29260 ns, At safepoint: 35672712 ns, Total: 35706652 ns
[2025-10-21T13:02:39.379+0000][7][safepoint   ] Safepoint "Cleanup", Time since last: 1002631080 ns, Reaching safepoint: 4972 ns, Cleanup: 71779 ns, At safepoint: 9382 ns, Total: 86133 ns
[2025-10-21T13:02:39.851+0000][7][gc,start    ] GC(1) Pause Young (Normal) (G1 Evacuation Pause)
[2025-10-21T13:02:39.851+0000][7][gc,task     ] GC(1) Using 8 workers of 8 for evacuation
[2025-10-21T13:02:39.851+0000][7][gc,age      ] GC(1) Desired survivor size 10485760 bytes, new threshold 15 (max threshold 15)
[2025-10-21T13:02:39.881+0000][7][gc,phases   ] GC(1)   Pre Evacuate Collection Set: 0.38ms
[2025-10-21T13:02:39.881+0000][7][gc,phases   ] GC(1)   Merge Heap Roots: 0.09ms
[2025-10-21T13:02:39.881+0000][7][gc,phases   ] GC(1)   Evacuate Collection Set: 25.88ms
[2025-10-21T13:02:39.881+0000][7][gc,phases   ] GC(1)   Post Evacuate Collection Set: 4.28ms
[2025-10-21T13:02:39.882+0000][7][gc,phases   ] GC(1)   Other: 0.09ms
[2025-10-21T13:02:39.882+0000][7][gc,age      ] GC(1) Age table with threshold 15 (max threshold 15)
[2025-10-21T13:02:39.882+0000][7][gc,age      ] GC(1) - age   1:    5061872 bytes,    5061872 total
[2025-10-21T13:02:39.882+0000][7][gc,age      ] GC(1) - age   2:    8079056 bytes,   13140928 total
[2025-10-21T13:02:39.882+0000][7][gc,heap     ] GC(1) Eden regions: 35->0(37)
[2025-10-21T13:02:39.882+0000][7][gc,heap     ] GC(1) Survivor regions: 3->4(5)
[2025-10-21T13:02:39.882+0000][7][gc,heap     ] GC(1) Old regions: 1->1
[2025-10-21T13:02:39.882+0000][7][gc,heap     ] GC(1) Humongous regions: 0->0
[2025-10-21T13:02:39.882+0000][7][gc,metaspace] GC(1) Metaspace: 18471K(18880K)->18471K(18880K) NonClass: 16264K(16448K)->16264K(16448K) Class: 2206K(2432K)->2206K(2432K)
[2025-10-21T13:02:39.882+0000][7][gc          ] GC(1) Pause Young (Normal) (G1 Evacuation Pause) 149M->15M(3072M) 30.960ms
[2025-10-21T13:02:39.882+0000][7][gc,cpu      ] GC(1) User=0.07s Sys=0.00s Real=0.03s
[2025-10-21T13:02:39.882+0000][7][safepoint   ] Safepoint "G1CollectForAllocation", Time since last: 471198252 ns, Reaching safepoint: 4025 ns, Cleanup: 33044 ns, At safepoint: 31016274 ns, Total: 31053343 ns
[2025-10-21T13:02:40.885+0000][7][safepoint   ] Safepoint "Cleanup", Time since last: 1001413552 ns, Reaching safepoint: 1804419 ns, Cleanup: 35416 ns, At safepoint: 13752 ns, Total: 1853587 ns
[2025-10-21T13:02:40.955+0000][7][gc,start    ] GC(2) Pause Young (Normal) (G1 Evacuation Pause)
[2025-10-21T13:02:40.955+0000][7][gc,task     ] GC(2) Using 8 workers of 8 for evacuation
[2025-10-21T13:02:40.955+0000][7][gc,age      ] GC(2) Desired survivor size 12582912 bytes, new threshold 2 (max threshold 15)
[2025-10-21T13:02:40.981+0000][7][gc,phases   ] GC(2)   Pre Evacuate Collection Set: 0.36ms
[2025-10-21T13:02:40.981+0000][7][gc,phases   ] GC(2)   Merge Heap Roots: 0.10ms
[2025-10-21T13:02:40.981+0000][7][gc,phases   ] GC(2)   Evacuate Collection Set: 24.05ms
[2025-10-21T13:02:40.981+0000][7][gc,phases   ] GC(2)   Post Evacuate Collection Set: 0.68ms
[2025-10-21T13:02:40.981+0000][7][gc,phases   ] GC(2)   Other: 0.07ms
[2025-10-21T13:02:40.981+0000][7][gc,age      ] GC(2) Age table with threshold 2 (max threshold 15)
[2025-10-21T13:02:40.981+0000][7][gc,age      ] GC(2) - age   1:    1101568 bytes,    1101568 total
[2025-10-21T13:02:40.981+0000][7][gc,age      ] GC(2) - age   2:    3007992 bytes,    4109560 total
[2025-10-21T13:02:40.981+0000][7][gc,heap     ] GC(2) Eden regions: 37->0(54)
[2025-10-21T13:02:40.981+0000][7][gc,heap     ] GC(2) Survivor regions: 4->2(6)
[2025-10-21T13:02:40.981+0000][7][gc,heap     ] GC(2) Old regions: 1->4
[2025-10-21T13:02:40.981+0000][7][gc,heap     ] GC(2) Humongous regions: 0->0
[2025-10-21T13:02:40.981+0000][7][gc,metaspace] GC(2) Metaspace: 18957K(19392K)->18957K(19392K) NonClass: 16662K(16896K)->16662K(16896K) Class: 2294K(2496K)->2294K(2496K)
[2025-10-21T13:02:40.981+0000][7][gc          ] GC(2) Pause Young (Normal) (G1 Evacuation Pause) 163M->14M(3072M) 25.476ms
[2025-10-21T13:02:40.981+0000][7][gc,cpu      ] GC(2) User=0.05s Sys=0.01s Real=0.02s
[2025-10-21T13:02:40.981+0000][7][safepoint   ] Safepoint "G1CollectForAllocation", Time since last: 70461982 ns, Reaching safepoint: 5043 ns, Cleanup: 3850 ns, At safepoint: 25525577 ns, Total: 25534470 ns
[2025-10-21T13:02:41.984+0000][7][safepoint   ] Safepoint "Cleanup", Time since last: 1000642723 ns, Reaching safepoint: 2121269 ns, Cleanup: 28234 ns, At safepoint: 22518 ns, Total: 2172021 ns
[2025-10-21T13:02:42.054+0000][7][gc,start    ] GC(3) Pause Young (Normal) (G1 Evacuation Pause)
[2025-10-21T13:02:42.054+0000][7][gc,task     ] GC(3) Using 8 workers of 8 for evacuation
[2025-10-21T13:02:42.054+0000][7][gc,age      ] GC(3) Desired survivor size 14680064 bytes, new threshold 15 (max threshold 15)
[2025-10-21T13:02:42.066+0000][7][gc,phases   ] GC(3)   Pre Evacuate Collection Set: 0.32ms
[2025-10-21T13:02:42.066+0000][7][gc,phases   ] GC(3)   Merge Heap Roots: 0.06ms
[2025-10-21T13:02:42.066+0000][7][gc,phases   ] GC(3)   Evacuate Collection Set: 11.54ms
[2025-10-21T13:02:42.066+0000][7][gc,phases   ] GC(3)   Post Evacuate Collection Set: 0.63ms
[2025-10-21T13:02:42.066+0000][7][gc,phases   ] GC(3)   Other: 0.08ms
[2025-10-21T13:02:42.066+0000][7][gc,age      ] GC(3) Age table with threshold 15 (max threshold 15)
[2025-10-21T13:02:42.066+0000][7][gc,age      ] GC(3) - age   1:    5001368 bytes,    5001368 total
[2025-10-21T13:02:42.066+0000][7][gc,age      ] GC(3) - age   2:     937552 bytes,    5938920 total
[2025-10-21T13:02:42.066+0000][7][gc,age      ] GC(3) - age   3:    3007368 bytes,    8946288 total
[2025-10-21T13:02:42.066+0000][7][gc,heap     ] GC(3) Eden regions: 54->0(457)
[2025-10-21T13:02:42.066+0000][7][gc,heap     ] GC(3) Survivor regions: 2->3(7)
[2025-10-21T13:02:42.066+0000][7][gc,heap     ] GC(3) Old regions: 4->4
[2025-10-21T13:02:42.066+0000][7][gc,heap     ] GC(3) Humongous regions: 0->0
[2025-10-21T13:02:42.066+0000][7][gc,metaspace] GC(3) Metaspace: 19388K(19840K)->19388K(19840K) NonClass: 17050K(17280K)->17050K(17280K) Class: 2337K(2560K)->2337K(2560K)
[2025-10-21T13:02:42.066+0000][7][gc          ] GC(3) Pause Young (Normal) (G1 Evacuation Pause) 230M->18M(3072M) 12.846ms
[2025-10-21T13:02:42.066+0000][7][gc,cpu      ] GC(3) User=0.03s Sys=0.00s Real=0.01s
[2025-10-21T13:02:42.067+0000][7][safepoint   ] Safepoint "G1CollectForAllocation", Time since last: 69839930 ns, Reaching safepoint: 5693 ns, Cleanup: 16576 ns, At safepoint: 12895936 ns, Total: 12918205 ns
[2025-10-21T13:02:43.068+0000][7][safepoint   ] Safepoint "Cleanup", Time since last: 1001071179 ns, Reaching safepoint: 75724 ns, Cleanup: 63806 ns, At safepoint: 10378 ns, Total: 149908 ns
[2025-10-21T13:02:43.589+0000][7][gc,start    ] GC(4) Pause Young (Concurrent Start) (Metadata GC Threshold)
[2025-10-21T13:02:43.589+0000][7][gc,task     ] GC(4) Using 8 workers of 8 for evacuation
[2025-10-21T13:02:43.589+0000][7][gc,age      ] GC(4) Desired survivor size 121634816 bytes, new threshold 15 (max threshold 15)
[2025-10-21T13:02:43.600+0000][7][gc,phases   ] GC(4)   Pre Evacuate Collection Set: 0.41ms
[2025-10-21T13:02:43.600+0000][7][gc,phases   ] GC(4)   Merge Heap Roots: 0.14ms
[2025-10-21T13:02:43.600+0000][7][gc,phases   ] GC(4)   Evacuate Collection Set: 9.41ms
[2025-10-21T13:02:43.600+0000][7][gc,phases   ] GC(4)   Post Evacuate Collection Set: 0.53ms
[2025-10-21T13:02:43.600+0000][7][gc,phases   ] GC(4)   Other: 0.16ms
[2025-10-21T13:02:43.600+0000][7][gc,age      ] GC(4) Age table with threshold 15 (max threshold 15)
[2025-10-21T13:02:43.600+0000][7][gc,age      ] GC(4) - age   1:    2265888 bytes,    2265888 total
[2025-10-21T13:02:43.600+0000][7][gc,age      ] GC(4) - age   2:    3126080 bytes,    5391968 total
[2025-10-21T13:02:43.600+0000][7][gc,age      ] GC(4) - age   3:     933544 bytes,    6325512 total
[2025-10-21T13:02:43.600+0000][7][gc,age      ] GC(4) - age   4:    3005928 bytes,    9331440 total
[2025-10-21T13:02:43.600+0000][7][gc,heap     ] GC(4) Eden regions: 125->0(457)
[2025-10-21T13:02:43.600+0000][7][gc,heap     ] GC(4) Survivor regions: 3->3(58)
[2025-10-21T13:02:43.600+0000][7][gc,heap     ] GC(4) Old regions: 4->4
[2025-10-21T13:02:43.600+0000][7][gc,heap     ] GC(4) Humongous regions: 0->0
[2025-10-21T13:02:43.600+0000][7][gc,metaspace] GC(4) Metaspace: 21028K(21504K)->21028K(21504K) NonClass: 18462K(18752K)->18462K(18752K) Class: 2566K(2752K)->2566K(2752K)
[2025-10-21T13:02:43.600+0000][7][gc          ] GC(4) Pause Young (Concurrent Start) (Metadata GC Threshold) 516M->19M(3072M) 10.902ms
[2025-10-21T13:02:43.600+0000][7][gc,cpu      ] GC(4) User=0.02s Sys=0.01s Real=0.01s
[2025-10-21T13:02:43.600+0000][7][gc          ] GC(5) Concurrent Mark Cycle
[2025-10-21T13:02:43.600+0000][7][gc,marking  ] GC(5) Concurrent Scan Root Regions
[2025-10-21T13:02:43.601+0000][7][safepoint   ] Safepoint "CollectForMetadataAllocation", Time since last: 520980033 ns, Reaching safepoint: 74900 ns, Cleanup: 20214 ns, At safepoint: 11784609 ns, Total: 11879723 ns
[2025-10-21T13:02:43.603+0000][7][gc,marking  ] GC(5) Concurrent Scan Root Regions 2.735ms
[2025-10-21T13:02:43.603+0000][7][gc,marking  ] GC(5) Concurrent Mark
[2025-10-21T13:02:43.603+0000][7][gc,marking  ] GC(5) Concurrent Mark From Roots
[2025-10-21T13:02:43.603+0000][7][gc,task     ] GC(5) Using 2 workers of 2 for marking
[2025-10-21T13:02:43.642+0000][7][gc,marking  ] GC(5) Concurrent Mark From Roots 39.374ms
[2025-10-21T13:02:43.642+0000][7][gc,marking  ] GC(5) Concurrent Preclean
[2025-10-21T13:02:43.642+0000][7][gc,marking  ] GC(5) Concurrent Preclean 0.050ms
[2025-10-21T13:02:43.642+0000][7][gc,start    ] GC(5) Pause Remark
[2025-10-21T13:02:43.649+0000][7][gc          ] GC(5) Pause Remark 23M->23M(3072M) 6.932ms
[2025-10-21T13:02:43.649+0000][7][gc,cpu      ] GC(5) User=0.02s Sys=0.00s Real=0.01s
[2025-10-21T13:02:43.650+0000][7][safepoint   ] Safepoint "G1PauseRemark", Time since last: 41464302 ns, Reaching safepoint: 268417 ns, Cleanup: 14640 ns, At safepoint: 7239472 ns, Total: 7522529 ns
[2025-10-21T13:02:43.651+0000][7][gc,marking  ] GC(5) Concurrent Mark 48.031ms
[2025-10-21T13:02:43.651+0000][7][gc,marking  ] GC(5) Concurrent Rebuild Remembered Sets and Scrub Regions
[2025-10-21T13:02:43.664+0000][7][gc,marking  ] GC(5) Concurrent Rebuild Remembered Sets and Scrub Regions 13.236ms
[2025-10-21T13:02:43.664+0000][7][gc,start    ] GC(5) Pause Cleanup
[2025-10-21T13:02:43.664+0000][7][gc          ] GC(5) Pause Cleanup 25M->25M(3072M) 0.217ms
[2025-10-21T13:02:43.664+0000][7][gc,cpu      ] GC(5) User=0.00s Sys=0.00s Real=0.00s
[2025-10-21T13:02:43.664+0000][7][safepoint   ] Safepoint "G1PauseCleanup", Time since last: 14309581 ns, Reaching safepoint: 75268 ns, Cleanup: 9376 ns, At safepoint: 258674 ns, Total: 343318 ns
[2025-10-21T13:02:43.665+0000][7][gc,marking  ] GC(5) Concurrent Clear Claimed Marks
[2025-10-21T13:02:43.665+0000][7][gc,marking  ] GC(5) Concurrent Clear Claimed Marks 0.040ms
[2025-10-21T13:02:43.665+0000][7][gc,marking  ] GC(5) Concurrent Cleanup for Next Mark
[2025-10-21T13:02:43.671+0000][7][gc,marking  ] GC(5) Concurrent Cleanup for Next Mark 6.350ms
[2025-10-21T13:02:43.671+0000][7][gc          ] GC(5) Concurrent Mark Cycle 71.281ms
[2025-10-21T13:02:44.665+0000][7][safepoint   ] Safepoint "Cleanup", Time since last: 1000406240 ns, Reaching safepoint: 71528 ns, Cleanup: 27177 ns, At safepoint: 6747 ns, Total: 105452 ns
[2025-10-21T13:02:45.609+0000][7][safepoint   ] Safepoint "ICBufferFull", Time since last: 944233811 ns, Reaching safepoint: 5962 ns, Cleanup: 141038 ns, At safepoint: 16325 ns, Total: 163325 ns
[2025-10-21T13:02:46.612+0000][7][safepoint   ] Safepoint "Cleanup", Time since last: 1000436298 ns, Reaching safepoint: 1996844 ns, Cleanup: 105112 ns, At safepoint: 14993 ns, Total: 2116949 ns
[2025-10-21T13:02:47.613+0000][7][safepoint   ] Safepoint "Cleanup", Time since last: 1000886257 ns, Reaching safepoint: 76087 ns, Cleanup: 23753 ns, At safepoint: 8019 ns, Total: 107859 ns
[2025-10-21T13:02:48.369+0000][7][gc,start    ] GC(6) Pause Young (Prepare Mixed) (Metadata GC Threshold)
[2025-10-21T13:02:48.370+0000][7][gc,task     ] GC(6) Using 8 workers of 8 for evacuation
[2025-10-21T13:02:48.370+0000][7][gc,age      ] GC(6) Desired survivor size 121634816 bytes, new threshold 15 (max threshold 15)
[2025-10-21T13:02:48.389+0000][7][gc,phases   ] GC(6)   Pre Evacuate Collection Set: 0.15ms
[2025-10-21T13:02:48.389+0000][7][gc,phases   ] GC(6)   Merge Heap Roots: 0.05ms
[2025-10-21T13:02:48.389+0000][7][gc,phases   ] GC(6)   Evacuate Collection Set: 16.70ms
[2025-10-21T13:02:48.389+0000][7][gc,phases   ] GC(6)   Post Evacuate Collection Set: 2.78ms
[2025-10-21T13:02:48.389+0000][7][gc,phases   ] GC(6)   Other: 0.07ms
[2025-10-21T13:02:48.389+0000][7][gc,age      ] GC(6) Age table with threshold 15 (max threshold 15)
[2025-10-21T13:02:48.389+0000][7][gc,age      ] GC(6) - age   1:   28675480 bytes,   28675480 total
[2025-10-21T13:02:48.389+0000][7][gc,age      ] GC(6) - age   2:    2234832 bytes,   30910312 total
[2025-10-21T13:02:48.389+0000][7][gc,age      ] GC(6) - age   3:    3121544 bytes,   34031856 total
[2025-10-21T13:02:48.389+0000][7][gc,age      ] GC(6) - age   4:     928328 bytes,   34960184 total
[2025-10-21T13:02:48.389+0000][7][gc,age      ] GC(6) - age   5:    2971048 bytes,   37931232 total
[2025-10-21T13:02:48.389+0000][7][gc,heap     ] GC(6) Eden regions: 192->0(283)
[2025-10-21T13:02:48.389+0000][7][gc,heap     ] GC(6) Survivor regions: 3->10(58)
[2025-10-21T13:02:48.389+0000][7][gc,heap     ] GC(6) Old regions: 4->4
[2025-10-21T13:02:48.389+0000][7][gc,heap     ] GC(6) Humongous regions: 0->0
[2025-10-21T13:02:48.389+0000][7][gc,metaspace] GC(6) Metaspace: 35162K(36160K)->35162K(36160K) NonClass: 30510K(31104K)->30510K(31104K) Class: 4652K(5056K)->4652K(5056K)
[2025-10-21T13:02:48.389+0000][7][gc          ] GC(6) Pause Young (Prepare Mixed) (Metadata GC Threshold) 787M->47M(3072M) 19.908ms
[2025-10-21T13:02:48.389+0000][7][gc,cpu      ] GC(6) User=0.08s Sys=0.00s Real=0.02s
[2025-10-21T13:02:48.392+0000][7][safepoint   ] Safepoint "CollectForMetadataAllocation", Time since last: 756737536 ns, Reaching safepoint: 2869 ns, Cleanup: 37027 ns, At safepoint: 22105460 ns, Total: 22145356 ns
[2025-10-21T13:02:48.406+0000][7][gc,start    ] GC(7) Pause Young (Mixed) (Metadata GC Threshold)
[2025-10-21T13:02:48.406+0000][7][gc,task     ] GC(7) Using 8 workers of 8 for evacuation
[2025-10-21T13:02:48.406+0000][7][gc,age      ] GC(7) Desired survivor size 77594624 bytes, new threshold 15 (max threshold 15)
[2025-10-21T13:02:48.427+0000][7][gc,phases   ] GC(7)   Pre Evacuate Collection Set: 0.19ms
[2025-10-21T13:02:48.427+0000][7][gc,phases   ] GC(7)   Merge Heap Roots: 0.10ms
[2025-10-21T13:02:48.427+0000][7][gc,phases   ] GC(7)   Evacuate Collection Set: 18.88ms
[2025-10-21T13:02:48.427+0000][7][gc,phases   ] GC(7)   Post Evacuate Collection Set: 0.93ms
[2025-10-21T13:02:48.427+0000][7][gc,phases   ] GC(7)   Other: 0.05ms
[2025-10-21T13:02:48.427+0000][7][gc,age      ] GC(7) Age table with threshold 15 (max threshold 15)
[2025-10-21T13:02:48.427+0000][7][gc,age      ] GC(7) - age   1:     111160 bytes,     111160 total
[2025-10-21T13:02:48.427+0000][7][gc,age      ] GC(7) - age   2:   28511824 bytes,   28622984 total
[2025-10-21T13:02:48.427+0000][7][gc,age      ] GC(7) - age   3:    2234672 bytes,   30857656 total
[2025-10-21T13:02:48.427+0000][7][gc,age      ] GC(7) - age   4:    3116776 bytes,   33974432 total
[2025-10-21T13:02:48.427+0000][7][gc,age      ] GC(7) - age   5:     928200 bytes,   34902632 total
[2025-10-21T13:02:48.427+0000][7][gc,age      ] GC(7) - age   6:    2970984 bytes,   37873616 total
[2025-10-21T13:02:48.427+0000][7][gc,heap     ] GC(7) Eden regions: 1->0(198)
[2025-10-21T13:02:48.427+0000][7][gc,heap     ] GC(7) Survivor regions: 10->10(37)
[2025-10-21T13:02:48.427+0000][7][gc,heap     ] GC(7) Old regions: 4->3
[2025-10-21T13:02:48.427+0000][7][gc,heap     ] GC(7) Humongous regions: 0->0
[2025-10-21T13:02:48.427+0000][7][gc,metaspace] GC(7) Metaspace: 35503K(36480K)->35503K(36480K) NonClass: 30822K(31424K)->30822K(31424K) Class: 4680K(5056K)->4680K(5056K)
[2025-10-21T13:02:48.427+0000][7][gc          ] GC(7) Pause Young (Mixed) (Metadata GC Threshold) 51M->49M(3072M) 20.286ms
[2025-10-21T13:02:48.427+0000][7][gc,cpu      ] GC(7) User=0.09s Sys=0.00s Real=0.02s
[2025-10-21T13:02:48.427+0000][7][safepoint   ] Safepoint "CollectForMetadataAllocation", Time since last: 14839715 ns, Reaching safepoint: 4796 ns, Cleanup: 7981 ns, At safepoint: 20344385 ns, Total: 20357162 ns
[2025-10-21T13:02:48.441+0000][7][gc,start    ] GC(8) Pause Young (Concurrent Start) (Metadata GC Threshold)
[2025-10-21T13:02:48.441+0000][7][gc,task     ] GC(8) Using 8 workers of 8 for evacuation
[2025-10-21T13:02:48.441+0000][7][gc,age      ] GC(8) Desired survivor size 54525952 bytes, new threshold 15 (max threshold 15)
[2025-10-21T13:02:48.464+0000][7][gc,phases   ] GC(8)   Pre Evacuate Collection Set: 0.17ms
[2025-10-21T13:02:48.464+0000][7][gc,phases   ] GC(8)   Merge Heap Roots: 0.03ms
[2025-10-21T13:02:48.464+0000][7][gc,phases   ] GC(8)   Evacuate Collection Set: 19.59ms
[2025-10-21T13:02:48.464+0000][7][gc,phases   ] GC(8)   Post Evacuate Collection Set: 3.18ms
[2025-10-21T13:02:48.464+0000][7][gc,phases   ] GC(8)   Other: 0.07ms
[2025-10-21T13:02:48.464+0000][7][gc,age      ] GC(8) Age table with threshold 15 (max threshold 15)
[2025-10-21T13:02:48.464+0000][7][gc,age      ] GC(8) - age   1:      77368 bytes,      77368 total
[2025-10-21T13:02:48.464+0000][7][gc,age      ] GC(8) - age   2:      35864 bytes,     113232 total
[2025-10-21T13:02:48.464+0000][7][gc,age      ] GC(8) - age   3:   28511704 bytes,   28624936 total
[2025-10-21T13:02:48.464+0000][7][gc,age      ] GC(8) - age   4:    2234672 bytes,   30859608 total
[2025-10-21T13:02:48.464+0000][7][gc,age      ] GC(8) - age   5:    3116776 bytes,   33976384 total
[2025-10-21T13:02:48.464+0000][7][gc,age      ] GC(8) - age   6:     928200 bytes,   34904584 total
[2025-10-21T13:02:48.464+0000][7][gc,age      ] GC(8) - age   7:    2970984 bytes,   37875568 total
[2025-10-21T13:02:48.464+0000][7][gc,heap     ] GC(8) Eden regions: 1->0(278)
[2025-10-21T13:02:48.464+0000][7][gc,heap     ] GC(8) Survivor regions: 10->11(26)
[2025-10-21T13:02:48.464+0000][7][gc,heap     ] GC(8) Old regions: 3->3
[2025-10-21T13:02:48.464+0000][7][gc,heap     ] GC(8) Humongous regions: 0->0
[2025-10-21T13:02:48.464+0000][7][gc,metaspace] GC(8) Metaspace: 35798K(36800K)->35798K(36800K) NonClass: 31086K(31680K)->31086K(31680K) Class: 4712K(5120K)->4712K(5120K)
[2025-10-21T13:02:48.464+0000][7][gc          ] GC(8) Pause Young (Concurrent Start) (Metadata GC Threshold) 53M->51M(3072M) 23.203ms
[2025-10-21T13:02:48.464+0000][7][gc,cpu      ] GC(8) User=0.07s Sys=0.01s Real=0.03s
[2025-10-21T13:02:48.464+0000][7][gc          ] GC(9) Concurrent Mark Cycle
[2025-10-21T13:02:48.464+0000][7][gc,marking  ] GC(9) Concurrent Scan Root Regions
[2025-10-21T13:02:48.464+0000][7][safepoint   ] Safepoint "CollectForMetadataAllocation", Time since last: 13922276 ns, Reaching safepoint: 17800 ns, Cleanup: 18407 ns, At safepoint: 23294584 ns, Total: 23330791 ns
[2025-10-21T13:02:48.489+0000][7][gc,marking  ] GC(9) Concurrent Scan Root Regions 25.199ms
[2025-10-21T13:02:48.489+0000][7][gc,marking  ] GC(9) Concurrent Mark
[2025-10-21T13:02:48.489+0000][7][gc,marking  ] GC(9) Concurrent Mark From Roots
[2025-10-21T13:02:48.489+0000][7][gc,task     ] GC(9) Using 2 workers of 2 for marking
[2025-10-21T13:02:48.496+0000][7][gc,marking  ] GC(9) Concurrent Mark From Roots 6.707ms
[2025-10-21T13:02:48.496+0000][7][gc,marking  ] GC(9) Concurrent Preclean
[2025-10-21T13:02:48.496+0000][7][gc,marking  ] GC(9) Concurrent Preclean 0.054ms
[2025-10-21T13:02:48.496+0000][7][gc,start    ] GC(9) Pause Remark
[2025-10-21T13:02:48.501+0000][7][gc          ] GC(9) Pause Remark 55M->55M(3072M) 5.377ms
[2025-10-21T13:02:48.501+0000][7][gc,cpu      ] GC(9) User=0.01s Sys=0.00s Real=0.00s
[2025-10-21T13:02:48.501+0000][7][safepoint   ] Safepoint "G1PauseRemark", Time since last: 32003020 ns, Reaching safepoint: 3948 ns, Cleanup: 2131 ns, At safepoint: 5430776 ns, Total: 5436855 ns
[2025-10-21T13:02:48.501+0000][7][gc,marking  ] GC(9) Concurrent Mark 12.281ms
[2025-10-21T13:02:48.501+0000][7][gc,marking  ] GC(9) Concurrent Rebuild Remembered Sets and Scrub Regions
[2025-10-21T13:02:48.505+0000][7][gc,marking  ] GC(9) Concurrent Rebuild Remembered Sets and Scrub Regions 3.574ms
[2025-10-21T13:02:48.505+0000][7][gc,start    ] GC(9) Pause Cleanup
[2025-10-21T13:02:48.506+0000][7][gc          ] GC(9) Pause Cleanup 55M->55M(3072M) 0.123ms
[2025-10-21T13:02:48.506+0000][7][gc,cpu      ] GC(9) User=0.00s Sys=0.00s Real=0.00s
[2025-10-21T13:02:48.506+0000][7][safepoint   ] Safepoint "G1PauseCleanup", Time since last: 3652317 ns, Reaching safepoint: 259409 ns, Cleanup: 17906 ns, At safepoint: 152497 ns, Total: 429812 ns
[2025-10-21T13:02:48.506+0000][7][gc,marking  ] GC(9) Concurrent Clear Claimed Marks
[2025-10-21T13:02:48.506+0000][7][gc,marking  ] GC(9) Concurrent Clear Claimed Marks 0.061ms
[2025-10-21T13:02:48.506+0000][7][gc,marking  ] GC(9) Concurrent Cleanup for Next Mark
[2025-10-21T13:02:48.518+0000][7][gc,marking  ] GC(9) Concurrent Cleanup for Next Mark 12.842ms
[2025-10-21T13:02:48.519+0000][7][gc          ] GC(9) Concurrent Mark Cycle 54.554ms
[2025-10-21T13:02:49.653+0000][7][safepoint   ] Safepoint "Cleanup", Time since last: 1147032490 ns, Reaching safepoint: 96823 ns, Cleanup: 70708 ns, At safepoint: 8288 ns, Total: 175819 ns
[2025-10-21T13:02:50.670+0000][7][safepoint   ] Safepoint "Cleanup", Time since last: 1017254894 ns, Reaching safepoint: 70314 ns, Cleanup: 85384 ns, At safepoint: 9397 ns, Total: 165095 ns
[2025-10-21T13:02:51.672+0000][7][safepoint   ] Safepoint "Cleanup", Time since last: 1000100664 ns, Reaching safepoint: 70970 ns, Cleanup: 17351 ns, At safepoint: 1962541 ns, Total: 2050862 ns
[2025-10-21T13:02:53.316+0000][7][safepoint   ] Safepoint "ICBufferFull", Time since last: 1643105177 ns, Reaching safepoint: 5673 ns, Cleanup: 87417 ns, At safepoint: 5777 ns, Total: 98867 ns
[2025-10-21T13:02:53.700+0000][7][gc,start    ] GC(10) Pause Young (Concurrent Start) (Metadata GC Threshold)
[2025-10-21T13:02:53.700+0000][7][gc,task     ] GC(10) Using 8 workers of 8 for evacuation
[2025-10-21T13:02:53.700+0000][7][gc,age      ] GC(10) Desired survivor size 77594624 bytes, new threshold 15 (max threshold 15)
[2025-10-21T13:02:53.763+0000][7][gc,phases   ] GC(10)   Pre Evacuate Collection Set: 0.21ms
[2025-10-21T13:02:53.763+0000][7][gc,phases   ] GC(10)   Merge Heap Roots: 0.11ms
[2025-10-21T13:02:53.763+0000][7][gc,phases   ] GC(10)   Evacuate Collection Set: 58.21ms
[2025-10-21T13:02:53.763+0000][7][gc,phases   ] GC(10)   Post Evacuate Collection Set: 3.62ms
[2025-10-21T13:02:53.763+0000][7][gc,phases   ] GC(10)   Other: 0.10ms
[2025-10-21T13:02:53.763+0000][7][gc,age      ] GC(10) Age table with threshold 15 (max threshold 15)
[2025-10-21T13:02:53.763+0000][7][gc,age      ] GC(10) - age   1:   11651016 bytes,   11651016 total
[2025-10-21T13:02:53.763+0000][7][gc,age      ] GC(10) - age   2:      42888 bytes,   11693904 total
[2025-10-21T13:02:53.763+0000][7][gc,age      ] GC(10) - age   3:      35616 bytes,   11729520 total
[2025-10-21T13:02:53.763+0000][7][gc,age      ] GC(10) - age   4:   28277120 bytes,   40006640 total
[2025-10-21T13:02:53.763+0000][7][gc,age      ] GC(10) - age   5:    2203448 bytes,   42210088 total
[2025-10-21T13:02:53.763+0000][7][gc,age      ] GC(10) - age   6:    3107432 bytes,   45317520 total
[2025-10-21T13:02:53.763+0000][7][gc,age      ] GC(10) - age   7:     915248 bytes,   46232768 total
[2025-10-21T13:02:53.763+0000][7][gc,age      ] GC(10) - age   8:    2960888 bytes,   49193656 total
[2025-10-21T13:02:53.763+0000][7][gc,heap     ] GC(10) Eden regions: 115->0(291)
[2025-10-21T13:02:53.763+0000][7][gc,heap     ] GC(10) Survivor regions: 11->13(37)
[2025-10-21T13:02:53.763+0000][7][gc,heap     ] GC(10) Old regions: 3->3
[2025-10-21T13:02:53.763+0000][7][gc,heap     ] GC(10) Humongous regions: 0->0
[2025-10-21T13:02:53.763+0000][7][gc,metaspace] GC(10) Metaspace: 60594K(61888K)->60594K(61888K) NonClass: 52376K(53120K)->52376K(53120K) Class: 8217K(8768K)->8217K(8768K)
[2025-10-21T13:02:53.763+0000][7][gc          ] GC(10) Pause Young (Concurrent Start) (Metadata GC Threshold) 509M->60M(3072M) 62.451ms
[2025-10-21T13:02:53.763+0000][7][gc,cpu      ] GC(10) User=0.15s Sys=0.00s Real=0.06s
[2025-10-21T13:02:53.763+0000][7][safepoint   ] Safepoint "CollectForMetadataAllocation", Time since last: 384773696 ns, Reaching safepoint: 4706 ns, Cleanup: 44278 ns, At safepoint: 62534373 ns, Total: 62583357 ns
[2025-10-21T13:02:53.763+0000][7][gc          ] GC(11) Concurrent Mark Cycle
[2025-10-21T13:02:53.763+0000][7][gc,marking  ] GC(11) Concurrent Scan Root Regions
[2025-10-21T13:02:53.844+0000][7][safepoint   ] Safepoint "CollectForMetadataAllocation", Time since last: 81198393 ns, Reaching safepoint: 4109 ns, Cleanup: 20501 ns, At safepoint: 47688 ns, Total: 72298 ns
[2025-10-21T13:02:53.868+0000][7][gc,marking  ] GC(11) Concurrent Scan Root Regions 104.844ms
[2025-10-21T13:02:53.868+0000][7][gc,marking  ] GC(11) Concurrent Mark
[2025-10-21T13:02:53.868+0000][7][gc,marking  ] GC(11) Concurrent Mark From Roots
[2025-10-21T13:02:53.868+0000][7][gc,task     ] GC(11) Using 2 workers of 2 for marking
[2025-10-21T13:02:53.892+0000][7][gc,marking  ] GC(11) Concurrent Mark From Roots 24.413ms
[2025-10-21T13:02:53.892+0000][7][gc,marking  ] GC(11) Concurrent Preclean
[2025-10-21T13:02:53.892+0000][7][gc,marking  ] GC(11) Concurrent Preclean 0.054ms
[2025-10-21T13:02:53.893+0000][7][gc,start    ] GC(11) Pause Remark
[2025-10-21T13:02:53.907+0000][7][gc          ] GC(11) Pause Remark 66M->66M(3072M) 13.966ms
[2025-10-21T13:02:53.907+0000][7][gc,cpu      ] GC(11) User=0.02s Sys=0.00s Real=0.02s
[2025-10-21T13:02:53.909+0000][7][safepoint   ] Safepoint "G1PauseRemark", Time since last: 48417206 ns, Reaching safepoint: 5046 ns, Cleanup: 21237 ns, At safepoint: 16009593 ns, Total: 16035876 ns
[2025-10-21T13:02:53.909+0000][7][gc,marking  ] GC(11) Concurrent Mark 40.870ms
[2025-10-21T13:02:53.909+0000][7][gc,marking  ] GC(11) Concurrent Rebuild Remembered Sets and Scrub Regions
[2025-10-21T13:02:53.942+0000][7][gc,marking  ] GC(11) Concurrent Rebuild Remembered Sets and Scrub Regions 33.811ms
[2025-10-21T13:02:53.945+0000][7][gc,start    ] GC(11) Pause Cleanup
[2025-10-21T13:02:53.945+0000][7][gc          ] GC(11) Pause Cleanup 66M->66M(3072M) 0.152ms
[2025-10-21T13:02:53.945+0000][7][gc,cpu      ] GC(11) User=0.00s Sys=0.00s Real=0.00s
[2025-10-21T13:02:53.945+0000][7][safepoint   ] Safepoint "G1PauseCleanup", Time since last: 35974024 ns, Reaching safepoint: 5206 ns, Cleanup: 15415 ns, At safepoint: 188156 ns, Total: 208777 ns
[2025-10-21T13:02:53.945+0000][7][gc,marking  ] GC(11) Concurrent Clear Claimed Marks
[2025-10-21T13:02:53.945+0000][7][gc,marking  ] GC(11) Concurrent Clear Claimed Marks 0.061ms
[2025-10-21T13:02:53.945+0000][7][gc,marking  ] GC(11) Concurrent Cleanup for Next Mark
[2025-10-21T13:02:53.949+0000][7][gc,marking  ] GC(11) Concurrent Cleanup for Next Mark 3.715ms
[2025-10-21T13:02:53.949+0000][7][gc          ] GC(11) Concurrent Mark Cycle 185.737ms
[2025-10-21T13:02:55.062+0000][7][safepoint   ] Safepoint "Cleanup", Time since last: 1116891110 ns, Reaching safepoint: 2010 ns, Cleanup: 85200 ns, At safepoint: 2946 ns, Total: 90156 ns
[2025-10-21T13:02:55.821+0000][7][safepoint   ] Safepoint "ICBufferFull", Time since last: 758715036 ns, Reaching safepoint: 3602 ns, Cleanup: 60186 ns, At safepoint: 4861 ns, Total: 68649 ns
[2025-10-21T13:02:56.354+0000][7][safepoint   ] Safepoint "ICBufferFull", Time since last: 533715114 ns, Reaching safepoint: 4384 ns, Cleanup: 79065 ns, At safepoint: 5625 ns, Total: 89074 ns
[2025-10-21T13:02:56.780+0000][7][safepoint   ] Safepoint "ICBufferFull", Time since last: 425981655 ns, Reaching safepoint: 6445 ns, Cleanup: 84547 ns, At safepoint: 12264 ns, Total: 103256 ns
[2025-10-21T13:02:57.331+0000][7][safepoint   ] Safepoint "ICBufferFull", Time since last: 550906453 ns, Reaching safepoint: 9366 ns, Cleanup: 106704 ns, At safepoint: 6622 ns, Total: 122692 ns
[2025-10-21T13:02:57.649+0000][7][safepoint   ] Safepoint "ICBufferFull", Time since last: 317039720 ns, Reaching safepoint: 417641 ns, Cleanup: 83738 ns, At safepoint: 12131 ns, Total: 513510 ns
[2025-10-21T13:02:58.663+0000][7][safepoint   ] Safepoint "Cleanup", Time since last: 1013886338 ns, Reaching safepoint: 25538 ns, Cleanup: 86938 ns, At safepoint: 6190 ns, Total: 118666 ns
[2025-10-21T13:02:58.677+0000][7][gc,start    ] GC(12) Pause Young (Concurrent Start) (Metadata GC Threshold)
[2025-10-21T13:02:58.677+0000][7][gc,task     ] GC(12) Using 8 workers of 8 for evacuation
[2025-10-21T13:02:58.677+0000][7][gc,age      ] GC(12) Desired survivor size 79691776 bytes, new threshold 15 (max threshold 15)
[2025-10-21T13:02:58.727+0000][7][gc,phases   ] GC(12)   Pre Evacuate Collection Set: 0.18ms
[2025-10-21T13:02:58.727+0000][7][gc,phases   ] GC(12)   Merge Heap Roots: 0.05ms
[2025-10-21T13:02:58.727+0000][7][gc,phases   ] GC(12)   Evacuate Collection Set: 48.75ms
[2025-10-21T13:02:58.727+0000][7][gc,phases   ] GC(12)   Post Evacuate Collection Set: 1.31ms
[2025-10-21T13:02:58.727+0000][7][gc,phases   ] GC(12)   Other: 0.05ms
[2025-10-21T13:02:58.727+0000][7][gc,age      ] GC(12) Age table with threshold 15 (max threshold 15)
[2025-10-21T13:02:58.727+0000][7][gc,age      ] GC(12) - age   1:   21792576 bytes,   21792576 total
[2025-10-21T13:02:58.727+0000][7][gc,age      ] GC(12) - age   2:   10854672 bytes,   32647248 total
[2025-10-21T13:02:58.727+0000][7][gc,age      ] GC(12) - age   3:      42152 bytes,   32689400 total
[2025-10-21T13:02:58.727+0000][7][gc,age      ] GC(12) - age   4:      35232 bytes,   32724632 total
[2025-10-21T13:02:58.727+0000][7][gc,age      ] GC(12) - age   5:   28151952 bytes,   60876584 total
[2025-10-21T13:02:58.727+0000][7][gc,age      ] GC(12) - age   6:    2192056 bytes,   63068640 total
[2025-10-21T13:02:58.727+0000][7][gc,age      ] GC(12) - age   7:    3104800 bytes,   66173440 total
[2025-10-21T13:02:58.727+0000][7][gc,age      ] GC(12) - age   8:     909616 bytes,   67083056 total
[2025-10-21T13:02:58.727+0000][7][gc,age      ] GC(12) - age   9:    2953528 bytes,   70036584 total
[2025-10-21T13:02:58.727+0000][7][gc,heap     ] GC(12) Eden regions: 126->0(286)
[2025-10-21T13:02:58.727+0000][7][gc,heap     ] GC(12) Survivor regions: 13->19(38)
[2025-10-21T13:02:58.727+0000][7][gc,heap     ] GC(12) Old regions: 3->3
[2025-10-21T13:02:58.727+0000][7][gc,heap     ] GC(12) Humongous regions: 2->2
[2025-10-21T13:02:58.727+0000][7][gc,metaspace] GC(12) Metaspace: 101230K(104000K)->101230K(104000K) NonClass: 86664K(88128K)->86664K(88128K) Class: 14566K(15872K)->14566K(15872K)
[2025-10-21T13:02:58.727+0000][7][gc          ] GC(12) Pause Young (Concurrent Start) (Metadata GC Threshold) 572M->90M(3072M) 50.464ms
[2025-10-21T13:02:58.727+0000][7][gc          ] GC(13) Concurrent Mark Cycle
[2025-10-21T13:02:58.727+0000][7][gc,cpu      ] GC(12) User=0.18s Sys=0.00s Real=0.05s
[2025-10-21T13:02:58.727+0000][7][gc,marking  ] GC(13) Concurrent Scan Root Regions
[2025-10-21T13:02:58.727+0000][7][safepoint   ] Safepoint "CollectForMetadataAllocation", Time since last: 13589596 ns, Reaching safepoint: 5091 ns, Cleanup: 5533 ns, At safepoint: 50542928 ns, Total: 50553552 ns
[2025-10-21T13:02:58.738+0000][7][safepoint   ] Safepoint "CollectForMetadataAllocation", Time since last: 10619408 ns, Reaching safepoint: 6002 ns, Cleanup: 2336 ns, At safepoint: 41217 ns, Total: 49555 ns
[2025-10-21T13:02:58.748+0000][7][gc,marking  ] GC(13) Concurrent Scan Root Regions 20.806ms
[2025-10-21T13:02:58.748+0000][7][gc,marking  ] GC(13) Concurrent Mark
[2025-10-21T13:02:58.748+0000][7][gc,marking  ] GC(13) Concurrent Mark From Roots
[2025-10-21T13:02:58.748+0000][7][gc,task     ] GC(13) Using 2 workers of 2 for marking
[2025-10-21T13:02:58.754+0000][7][gc,marking  ] GC(13) Concurrent Mark From Roots 5.650ms
[2025-10-21T13:02:58.754+0000][7][gc,marking  ] GC(13) Concurrent Preclean
[2025-10-21T13:02:58.754+0000][7][gc,marking  ] GC(13) Concurrent Preclean 0.024ms
[2025-10-21T13:02:58.754+0000][7][gc,start    ] GC(13) Pause Remark
[2025-10-21T13:02:58.757+0000][7][gc          ] GC(13) Pause Remark 96M->96M(3072M) 2.976ms
[2025-10-21T13:02:58.757+0000][7][gc,cpu      ] GC(13) User=0.01s Sys=0.00s Real=0.00s
[2025-10-21T13:02:58.757+0000][7][safepoint   ] Safepoint "G1PauseRemark", Time since last: 15833631 ns, Reaching safepoint: 67324 ns, Cleanup: 5001 ns, At safepoint: 3023839 ns, Total: 3096164 ns
[2025-10-21T13:02:58.757+0000][7][gc,marking  ] GC(13) Concurrent Mark 8.828ms
[2025-10-21T13:02:58.757+0000][7][gc,marking  ] GC(13) Concurrent Rebuild Remembered Sets and Scrub Regions
[2025-10-21T13:02:58.760+0000][7][gc,marking  ] GC(13) Concurrent Rebuild Remembered Sets and Scrub Regions 3.185ms
[2025-10-21T13:02:58.760+0000][7][gc,start    ] GC(13) Pause Cleanup
[2025-10-21T13:02:58.760+0000][7][gc          ] GC(13) Pause Cleanup 96M->96M(3072M) 0.058ms
[2025-10-21T13:02:58.760+0000][7][gc,cpu      ] GC(13) User=0.00s Sys=0.00s Real=0.00s
[2025-10-21T13:02:58.760+0000][7][safepoint   ] Safepoint "G1PauseCleanup", Time since last: 3227940 ns, Reaching safepoint: 69047 ns, Cleanup: 3336 ns, At safepoint: 78191 ns, Total: 150574 ns
[2025-10-21T13:02:58.760+0000][7][gc,marking  ] GC(13) Concurrent Clear Claimed Marks
[2025-10-21T13:02:58.760+0000][7][gc,marking  ] GC(13) Concurrent Clear Claimed Marks 0.126ms
[2025-10-21T13:02:58.760+0000][7][gc,marking  ] GC(13) Concurrent Cleanup for Next Mark
[2025-10-21T13:02:58.762+0000][7][gc,marking  ] GC(13) Concurrent Cleanup for Next Mark 1.491ms
[2025-10-21T13:02:58.762+0000][7][gc          ] GC(13) Concurrent Mark Cycle 34.697ms
[2025-10-21T13:02:59.817+0000][7][safepoint   ] Safepoint "Cleanup", Time since last: 1000092699 ns, Reaching safepoint: 56393673 ns, Cleanup: 19642 ns, At safepoint: 5035 ns, Total: 56418350 ns
[2025-10-21T13:03:00.820+0000][7][safepoint   ] Safepoint "Cleanup", Time since last: 1003634658 ns, Reaching safepoint: 11141 ns, Cleanup: 34963 ns, At safepoint: 9953 ns, Total: 56057 ns
[2025-10-21T13:03:01.820+0000][7][safepoint   ] Safepoint "Cleanup", Time since last: 1000102912 ns, Reaching safepoint: 9290 ns, Cleanup: 18316 ns, At safepoint: 5739 ns, Total: 33345 ns
[2025-10-21T13:03:02.821+0000][7][safepoint   ] Safepoint "Cleanup", Time since last: 1000141000 ns, Reaching safepoint: 6375 ns, Cleanup: 11475 ns, At safepoint: 5222 ns, Total: 23072 ns
[2025-10-21T13:03:03.821+0000][7][safepoint   ] Safepoint "Cleanup", Time since last: 1000083739 ns, Reaching safepoint: 7540 ns, Cleanup: 13164 ns, At safepoint: 5530 ns, Total: 26234 ns
[2025-10-21T13:03:04.821+0000][7][safepoint   ] Safepoint "Cleanup", Time since last: 1000087757 ns, Reaching safepoint: 6645 ns, Cleanup: 12221 ns, At safepoint: 4971 ns, Total: 23837 ns
[2025-10-21T13:03:05.821+0000][7][safepoint   ] Safepoint "Cleanup", Time since last: 1000081508 ns, Reaching safepoint: 7163 ns, Cleanup: 7403 ns, At safepoint: 4930 ns, Total: 19496 ns
[2025-10-21T13:03:06.858+0000][7][safepoint   ] Safepoint "Cleanup", Time since last: 1036405834 ns, Reaching safepoint: 136184 ns, Cleanup: 66103 ns, At safepoint: 5333 ns, Total: 207620 ns
[2025-10-21T13:03:07.682+0000][7][safepoint   ] Safepoint "ICBufferFull", Time since last: 824447661 ns, Reaching safepoint: 11346 ns, Cleanup: 88556 ns, At safepoint: 9941 ns, Total: 109843 ns
[2025-10-21T13:03:08.682+0000][7][safepoint   ] Safepoint "Cleanup", Time since last: 1000092673 ns, Reaching safepoint: 10150 ns, Cleanup: 12492 ns, At safepoint: 5386 ns, Total: 28028 ns
[2025-10-21T13:03:09.682+0000][7][safepoint   ] Safepoint "Cleanup", Time since last: 1000118492 ns, Reaching safepoint: 7636 ns, Cleanup: 6843 ns, At safepoint: 5513 ns, Total: 19992 ns
[2025-10-21T13:03:10.687+0000][7][safepoint   ] Safepoint "Cleanup", Time since last: 1004190467 ns, Reaching safepoint: 232620 ns, Cleanup: 39575 ns, At safepoint: 10304 ns, Total: 282499 ns
[2025-10-21T13:03:11.687+0000][7][safepoint   ] Safepoint "Cleanup", Time since last: 1000099197 ns, Reaching safepoint: 7406 ns, Cleanup: 27200 ns, At safepoint: 5474 ns, Total: 40080 ns
[2025-10-21T13:03:12.687+0000][7][safepoint   ] Safepoint "Cleanup", Time since last: 1000253002 ns, Reaching safepoint: 7080 ns, Cleanup: 6468 ns, At safepoint: 5338 ns, Total: 18886 ns
[2025-10-21T13:03:13.687+0000][7][safepoint   ] Safepoint "Cleanup", Time since last: 1000117936 ns, Reaching safepoint: 6307 ns, Cleanup: 4758 ns, At safepoint: 4251 ns, Total: 15316 ns
[2025-10-21T13:03:15.688+0000][7][safepoint   ] Safepoint "Cleanup", Time since last: 2000221105 ns, Reaching safepoint: 8233 ns, Cleanup: 7555 ns, At safepoint: 4682 ns, Total: 20470 ns
[2025-10-21T13:03:17.688+0000][7][safepoint   ] Safepoint "Cleanup", Time since last: 2000167903 ns, Reaching safepoint: 30681 ns, Cleanup: 12024 ns, At safepoint: 5673 ns, Total: 48378 ns
[2025-10-21T13:03:19.688+0000][7][safepoint   ] Safepoint "Cleanup", Time since last: 2000149100 ns, Reaching safepoint: 7854 ns, Cleanup: 8515 ns, At safepoint: 4734 ns, Total: 21103 ns
[2025-10-21T13:03:21.688+0000][7][safepoint   ] Safepoint "Cleanup", Time since last: 2000149733 ns, Reaching safepoint: 8497 ns, Cleanup: 8434 ns, At safepoint: 5270 ns, Total: 22201 ns
[2025-10-21T13:03:22.688+0000][7][safepoint   ] Safepoint "Cleanup", Time since last: 1000098555 ns, Reaching safepoint: 12453 ns, Cleanup: 46939 ns, At safepoint: 7416 ns, Total: 66808 ns
[2025-10-21T13:03:23.689+0000][7][safepoint   ] Safepoint "Cleanup", Time since last: 1000116743 ns, Reaching safepoint: 34777 ns, Cleanup: 26205 ns, At safepoint: 6138 ns, Total: 67120 ns
[2025-10-21T13:03:24.689+0000][7][safepoint   ] Safepoint "Cleanup", Time since last: 1000183644 ns, Reaching safepoint: 15591 ns, Cleanup: 22094 ns, At safepoint: 7271 ns, Total: 44956 ns
[2025-10-21T13:03:26.025+0000][7][safepoint   ] Safepoint "Cleanup", Time since last: 1335741968 ns, Reaching safepoint: 7631 ns, Cleanup: 63341 ns, At safepoint: 4874 ns, Total: 75846 ns
[2025-10-21T13:03:26.871+0000][7][safepoint   ] Safepoint "ICBufferFull", Time since last: 846533339 ns, Reaching safepoint: 13954 ns, Cleanup: 95051 ns, At safepoint: 8201 ns, Total: 117206 ns
[2025-10-21T13:03:27.656+0000][7][safepoint   ] Safepoint "ICBufferFull", Time since last: 785037870 ns, Reaching safepoint: 7506 ns, Cleanup: 64899 ns, At safepoint: 4275 ns, Total: 76680 ns
[2025-10-21T13:03:27.774+0000][7][safepoint   ] Safepoint "ICBufferFull", Time since last: 117570780 ns, Reaching safepoint: 7651 ns, Cleanup: 48149 ns, At safepoint: 4409 ns, Total: 60209 ns
[2025-10-21T13:03:28.774+0000][7][safepoint   ] Safepoint "Cleanup", Time since last: 1000076596 ns, Reaching safepoint: 7097 ns, Cleanup: 12582 ns, At safepoint: 5297 ns, Total: 24976 ns
[2025-10-21T13:03:29.774+0000][7][safepoint   ] Safepoint "Cleanup", Time since last: 1000130636 ns, Reaching safepoint: 8420 ns, Cleanup: 9381 ns, At safepoint: 91907 ns, Total: 109708 ns
[2025-10-21T13:03:30.766+0000][7][safepoint   ] Safepoint "ICBufferFull", Time since last: 991471021 ns, Reaching safepoint: 11711 ns, Cleanup: 76152 ns, At safepoint: 5365 ns, Total: 93228 ns
[2025-10-21T13:03:32.433+0000][7][safepoint   ] Safepoint "Cleanup", Time since last: 1666537256 ns, Reaching safepoint: 8482 ns, Cleanup: 49236 ns, At safepoint: 3975 ns, Total: 61693 ns
[2025-10-21T13:03:34.433+0000][7][safepoint   ] Safepoint "Cleanup", Time since last: 2000117555 ns, Reaching safepoint: 8089 ns, Cleanup: 8497 ns, At safepoint: 3851 ns, Total: 20437 ns
[2025-10-21T13:03:35.433+0000][7][safepoint   ] Safepoint "Cleanup", Time since last: 1000080151 ns, Reaching safepoint: 7607 ns, Cleanup: 6975 ns, At safepoint: 4166 ns, Total: 18748 ns
[2025-10-21T13:03:36.433+0000][7][safepoint   ] Safepoint "Cleanup", Time since last: 1000085074 ns, Reaching safepoint: 11903 ns, Cleanup: 14698 ns, At safepoint: 5564 ns, Total: 32165 ns
[2025-10-21T13:03:38.433+0000][7][safepoint   ] Safepoint "Cleanup", Time since last: 2000181818 ns, Reaching safepoint: 30405 ns, Cleanup: 10698 ns, At safepoint: 6517 ns, Total: 47620 ns
[2025-10-21T13:03:39.433+0000][7][safepoint   ] Safepoint "Cleanup", Time since last: 1000153153 ns, Reaching safepoint: 19021 ns, Cleanup: 17971 ns, At safepoint: 18564 ns, Total: 55556 ns
[2025-10-21T13:03:40.433+0000][7][safepoint   ] Safepoint "Cleanup", Time since last: 1000123737 ns, Reaching safepoint: 9487 ns, Cleanup: 9914 ns, At safepoint: 4967 ns, Total: 24368 ns
[2025-10-21T13:03:42.434+0000][7][safepoint   ] Safepoint "Cleanup", Time since last: 2000190431 ns, Reaching safepoint: 8818 ns, Cleanup: 9888 ns, At safepoint: 4767 ns, Total: 23473 ns
[2025-10-21T13:03:46.894+0000][7][safepoint   ] Safepoint "Cleanup", Time since last: 3000266194 ns, Reaching safepoint: 32734 ns, Cleanup: 7793 ns, At safepoint: 4591 ns, Total: 45118 ns
[2025-10-21T13:03:47.894+0000][7][safepoint   ] Safepoint "Cleanup", Time since last: 1000127025 ns, Reaching safepoint: 7474 ns, Cleanup: 8863 ns, At safepoint: 4647 ns, Total: 20984 ns
[2025-10-21T13:03:49.894+0000][7][safepoint   ] Safepoint "Cleanup", Time since last: 2000217984 ns, Reaching safepoint: 17856 ns, Cleanup: 17484 ns, At safepoint: 9802 ns, Total: 45142 ns
[2025-10-21T13:03:51.895+0000][7][safepoint   ] Safepoint "Cleanup", Time since last: 2000258214 ns, Reaching safepoint: 7722 ns, Cleanup: 7937 ns, At safepoint: 4109 ns, Total: 19768 ns
[2025-10-21T13:03:52.897+0000][7][safepoint   ] Safepoint "Cleanup", Time since last: 1001911158 ns, Reaching safepoint: 15754 ns, Cleanup: 9473 ns, At safepoint: 6367 ns, Total: 31594 ns
[2025-10-21T13:03:53.897+0000][7][safepoint   ] Safepoint "Cleanup", Time since last: 1000106114 ns, Reaching safepoint: 26876 ns, Cleanup: 11286 ns, At safepoint: 8189 ns, Total: 46351 ns
[2025-10-21T13:03:54.897+0000][7][safepoint   ] Safepoint "Cleanup", Time since last: 1000085288 ns, Reaching safepoint: 9499 ns, Cleanup: 12460 ns, At safepoint: 5040 ns, Total: 26999 ns
[2025-10-21T13:03:55.897+0000][7][safepoint   ] Safepoint "Cleanup", Time since last: 1000086356 ns, Reaching safepoint: 8154 ns, Cleanup: 8962 ns, At safepoint: 3940 ns, Total: 21056 ns
[2025-10-21T13:03:56.897+0000][7][safepoint   ] Safepoint "Cleanup", Time since last: 1000085771 ns, Reaching safepoint: 8139 ns, Cleanup: 8407 ns, At safepoint: 5049 ns, Total: 21595 ns
[2025-10-21T13:03:58.897+0000][7][safepoint   ] Safepoint "Cleanup", Time since last: 2000161209 ns, Reaching safepoint: 12760 ns, Cleanup: 9458 ns, At safepoint: 5773 ns, Total: 27991 ns
[2025-10-21T13:03:59.897+0000][7][safepoint   ] Safepoint "Cleanup", Time since last: 1000110801 ns, Reaching safepoint: 8137 ns, Cleanup: 7141 ns, At safepoint: 4600 ns, Total: 19878 ns
[2025-10-21T13:04:05.898+0000][7][safepoint   ] Safepoint "Cleanup", Time since last: 6000450222 ns, Reaching safepoint: 9587 ns, Cleanup: 11818 ns, At safepoint: 5036 ns, Total: 26441 ns
[2025-10-21T13:04:06.898+0000][7][safepoint   ] Safepoint "Cleanup", Time since last: 1000109439 ns, Reaching safepoint: 23611 ns, Cleanup: 17365 ns, At safepoint: 10072 ns, Total: 51048 ns
[2025-10-21T13:04:07.898+0000][7][safepoint   ] Safepoint "Cleanup", Time since last: 1000107155 ns, Reaching safepoint: 17604 ns, Cleanup: 11496 ns, At safepoint: 5785 ns, Total: 34885 ns
[2025-10-21T13:04:10.898+0000][7][safepoint   ] Safepoint "Cleanup", Time since last: 3000235244 ns, Reaching safepoint: 19485 ns, Cleanup: 8797 ns, At safepoint: 4163 ns, Total: 32445 ns
[2025-10-21T13:04:12.899+0000][7][safepoint   ] Safepoint "Cleanup", Time since last: 2000143404 ns, Reaching safepoint: 19346 ns, Cleanup: 25064 ns, At safepoint: 16997 ns, Total: 61407 ns
[2025-10-21T13:04:16.899+0000][7][safepoint   ] Safepoint "Cleanup", Time since last: 4000329244 ns, Reaching safepoint: 12990 ns, Cleanup: 10023 ns, At safepoint: 6089 ns, Total: 29102 ns
[2025-10-21T13:04:24.901+0000][7][safepoint   ] Safepoint "Cleanup", Time since last: 8001478971 ns, Reaching safepoint: 19588 ns, Cleanup: 8969 ns, At safepoint: 5917 ns, Total: 34474 ns
[2025-10-21T13:04:26.901+0000][7][safepoint   ] Safepoint "Cleanup", Time since last: 2000106766 ns, Reaching safepoint: 11761 ns, Cleanup: 12358 ns, At safepoint: 5710 ns, Total: 29829 ns
[2025-10-21T13:04:32.901+0000][7][safepoint   ] Safepoint "Cleanup", Time since last: 6000400773 ns, Reaching safepoint: 8305 ns, Cleanup: 8637 ns, At safepoint: 4239 ns, Total: 21181 ns
[2025-10-21T13:04:36.912+0000][7][safepoint   ] Safepoint "Cleanup", Time since last: 4010673875 ns, Reaching safepoint: 8579 ns, Cleanup: 7049 ns, At safepoint: 5010 ns, Total: 20638 ns
[2025-10-21T13:04:40.912+0000][7][safepoint   ] Safepoint "Cleanup", Time since last: 4000263348 ns, Reaching safepoint: 20305 ns, Cleanup: 10539 ns, At safepoint: 4416 ns, Total: 35260 ns
[2025-10-21T13:04:48.913+0000][7][safepoint   ] Safepoint "Cleanup", Time since last: 8000470867 ns, Reaching safepoint: 9201 ns, Cleanup: 8804 ns, At safepoint: 4164 ns, Total: 22169 ns
[2025-10-21T13:04:56.913+0000][7][safepoint   ] Safepoint "Cleanup", Time since last: 8000485108 ns, Reaching safepoint: 28455 ns, Cleanup: 10953 ns, At safepoint: 7154 ns, Total: 46562 ns
[2025-10-21T13:04:57.913+0000][7][safepoint   ] Safepoint "Cleanup", Time since last: 1000085129 ns, Reaching safepoint: 11034 ns, Cleanup: 11340 ns, At safepoint: 5254 ns, Total: 27628 ns
[2025-10-21T13:04:58.913+0000][7][safepoint   ] Safepoint "Cleanup", Time since last: 1000090939 ns, Reaching safepoint: 9153 ns, Cleanup: 9414 ns, At safepoint: 4799 ns, Total: 23366 ns
[2025-10-21T13:04:59.913+0000][7][safepoint   ] Safepoint "Cleanup", Time since last: 1000091441 ns, Reaching safepoint: 13518 ns, Cleanup: 11617 ns, At safepoint: 6589 ns, Total: 31724 ns
[2025-10-21T13:05:03.914+0000][7][safepoint   ] Safepoint "Cleanup", Time since last: 4000292801 ns, Reaching safepoint: 9470 ns, Cleanup: 10059 ns, At safepoint: 4662 ns, Total: 24191 ns
[2025-10-21T13:05:05.914+0000][7][safepoint   ] Safepoint "Cleanup", Time since last: 2000156316 ns, Reaching safepoint: 9608 ns, Cleanup: 12136 ns, At safepoint: 5490 ns, Total: 27234 ns
[2025-10-21T13:05:07.914+0000][7][safepoint   ] Safepoint "Cleanup", Time since last: 2000152837 ns, Reaching safepoint: 9789 ns, Cleanup: 10996 ns, At safepoint: 4717 ns, Total: 25502 ns
[2025-10-21T13:05:08.914+0000][7][safepoint   ] Safepoint "Cleanup", Time since last: 1000088137 ns, Reaching safepoint: 8571 ns, Cleanup: 7393 ns, At safepoint: 4533 ns, Total: 20497 ns
[2025-10-21T13:05:09.914+0000][7][safepoint   ] Safepoint "Cleanup", Time since last: 1000089327 ns, Reaching safepoint: 12612 ns, Cleanup: 9731 ns, At safepoint: 5523 ns, Total: 27866 ns
[2025-10-21T13:05:10.915+0000][7][safepoint   ] Safepoint "Cleanup", Time since last: 1000095339 ns, Reaching safepoint: 27689 ns, Cleanup: 9779 ns, At safepoint: 14118 ns, Total: 51586 ns
[2025-10-21T13:05:14.915+0000][7][safepoint   ] Safepoint "Cleanup", Time since last: 4000232135 ns, Reaching safepoint: 8408 ns, Cleanup: 8221 ns, At safepoint: 4112 ns, Total: 20741 ns
[2025-10-21T13:05:17.915+0000][7][safepoint   ] Safepoint "Cleanup", Time since last: 3000208999 ns, Reaching safepoint: 8657 ns, Cleanup: 7604 ns, At safepoint: 4309 ns, Total: 20570 ns
[2025-10-21T13:05:24.916+0000][7][safepoint   ] Safepoint "Cleanup", Time since last: 7000463876 ns, Reaching safepoint: 9645 ns, Cleanup: 10360 ns, At safepoint: 5058 ns, Total: 25063 ns
[2025-10-21T13:05:25.916+0000][7][safepoint   ] Safepoint "Cleanup", Time since last: 1000084861 ns, Reaching safepoint: 8033 ns, Cleanup: 7344 ns, At safepoint: 4225 ns, Total: 19602 ns
[2025-10-21T13:05:27.916+0000][7][safepoint   ] Safepoint "Cleanup", Time since last: 2000143459 ns, Reaching safepoint: 20494 ns, Cleanup: 7879 ns, At safepoint: 4234 ns, Total: 32607 ns
[2025-10-21T13:05:28.916+0000][7][safepoint   ] Safepoint "Cleanup", Time since last: 1000082129 ns, Reaching safepoint: 8626 ns, Cleanup: 9935 ns, At safepoint: 4578 ns, Total: 23139 ns
[2025-10-21T13:05:29.916+0000][7][safepoint   ] Safepoint "Cleanup", Time since last: 1000085034 ns, Reaching safepoint: 8208 ns, Cleanup: 6842 ns, At safepoint: 4164 ns, Total: 19214 ns
[2025-10-21T13:05:31.916+0000][7][safepoint   ] Safepoint "Cleanup", Time since last: 2000152254 ns, Reaching safepoint: 8979 ns, Cleanup: 35181 ns, At safepoint: 5254 ns, Total: 49414 ns
[2025-10-21T13:05:32.916+0000][7][safepoint   ] Safepoint "Cleanup", Time since last: 1000087695 ns, Reaching safepoint: 8532 ns, Cleanup: 26262 ns, At safepoint: 4907 ns, Total: 39701 ns
[2025-10-21T13:05:33.927+0000][7][safepoint   ] Safepoint "Cleanup", Time since last: 1010638978 ns, Reaching safepoint: 9421 ns, Cleanup: 22638 ns, At safepoint: 4694 ns, Total: 36753 ns
[2025-10-21T13:05:44.928+0000][7][safepoint   ] Safepoint "Cleanup", Time since last: 11000735514 ns, Reaching safepoint: 28937 ns, Cleanup: 23030 ns, At safepoint: 11576 ns, Total: 63543 ns
[2025-10-21T13:05:46.928+0000][7][safepoint   ] Safepoint "Cleanup", Time since last: 2000206506 ns, Reaching safepoint: 9167 ns, Cleanup: 10860 ns, At safepoint: 6218 ns, Total: 26245 ns
[2025-10-21T13:05:50.928+0000][7][safepoint   ] Safepoint "Cleanup", Time since last: 4000267366 ns, Reaching safepoint: 7882 ns, Cleanup: 8116 ns, At safepoint: 4164 ns, Total: 20162 ns
[2025-10-21T13:05:54.929+0000][7][safepoint   ] Safepoint "Cleanup", Time since last: 4000358198 ns, Reaching safepoint: 18963 ns, Cleanup: 255037 ns, At safepoint: 22240 ns, Total: 296240 ns
[2025-10-21T13:05:56.929+0000][7][safepoint   ] Safepoint "Cleanup", Time since last: 2000248734 ns, Reaching safepoint: 105777 ns, Cleanup: 40009 ns, At safepoint: 25846 ns, Total: 171632 ns
[2025-10-21T13:05:57.930+0000][7][safepoint   ] Safepoint "Cleanup", Time since last: 1000148698 ns, Reaching safepoint: 20098 ns, Cleanup: 35039 ns, At safepoint: 8655 ns, Total: 63792 ns
[2025-10-21T13:05:58.930+0000][7][safepoint   ] Safepoint "Cleanup", Time since last: 1000124690 ns, Reaching safepoint: 19006 ns, Cleanup: 19443 ns, At safepoint: 6847 ns, Total: 45296 ns
[2025-10-21T13:06:01.930+0000][7][safepoint   ] Safepoint "Cleanup", Time since last: 3000370456 ns, Reaching safepoint: 33528 ns, Cleanup: 15945 ns, At safepoint: 6897 ns, Total: 56370 ns
[2025-10-21T13:06:02.932+0000][7][safepoint   ] Safepoint "Cleanup", Time since last: 1001554237 ns, Reaching safepoint: 30858 ns, Cleanup: 26400 ns, At safepoint: 13165 ns, Total: 70423 ns
[2025-10-21T13:06:10.932+0000][7][safepoint   ] Safepoint "Cleanup", Time since last: 8000597579 ns, Reaching safepoint: 34739 ns, Cleanup: 12331 ns, At safepoint: 8159 ns, Total: 55229 ns
[2025-10-21T13:06:14.933+0000][7][safepoint   ] Safepoint "Cleanup", Time since last: 4000305578 ns, Reaching safepoint: 8178 ns, Cleanup: 9638 ns, At safepoint: 4437 ns, Total: 22253 ns
[2025-10-21T13:06:17.933+0000][7][safepoint   ] Safepoint "Cleanup", Time since last: 3000272835 ns, Reaching safepoint: 8424 ns, Cleanup: 8479 ns, At safepoint: 4358 ns, Total: 21261 ns
[2025-10-21T13:06:28.935+0000][7][safepoint   ] Safepoint "Cleanup", Time since last: 11001426783 ns, Reaching safepoint: 22322 ns, Cleanup: 10315 ns, At safepoint: 4891 ns, Total: 37528 ns
[2025-10-21T13:06:31.935+0000][7][safepoint   ] Safepoint "Cleanup", Time since last: 3000229620 ns, Reaching safepoint: 12627 ns, Cleanup: 8863 ns, At safepoint: 5810 ns, Total: 27300 ns
[2025-10-21T13:06:33.947+0000][7][safepoint   ] Safepoint "Cleanup", Time since last: 2012077577 ns, Reaching safepoint: 37337 ns, Cleanup: 29216 ns, At safepoint: 11599 ns, Total: 78152 ns
[2025-10-21T13:06:39.948+0000][7][safepoint   ] Safepoint "Cleanup", Time since last: 6000487813 ns, Reaching safepoint: 19389 ns, Cleanup: 11777 ns, At safepoint: 4807 ns, Total: 35973 ns
[2025-10-21T13:06:49.948+0000][7][safepoint   ] Safepoint "Cleanup", Time since last: 10000762350 ns, Reaching safepoint: 8704 ns, Cleanup: 8799 ns, At safepoint: 4461 ns, Total: 21964 ns
[2025-10-21T13:06:51.948+0000][7][safepoint   ] Safepoint "Cleanup", Time since last: 2000170703 ns, Reaching safepoint: 8065 ns, Cleanup: 6570 ns, At safepoint: 4877 ns, Total: 19512 ns
[2025-10-21T13:06:53.949+0000][7][safepoint   ] Safepoint "Cleanup", Time since last: 2000189791 ns, Reaching safepoint: 9255 ns, Cleanup: 10274 ns, At safepoint: 4683 ns, Total: 24212 ns
[2025-10-21T13:06:58.949+0000][7][safepoint   ] Safepoint "Cleanup", Time since last: 5000342361 ns, Reaching safepoint: 48466 ns, Cleanup: 8318 ns, At safepoint: 4288 ns, Total: 61072 ns
[2025-10-21T13:07:06.950+0000][7][safepoint   ] Safepoint "Cleanup", Time since last: 8000495842 ns, Reaching safepoint: 8717 ns, Cleanup: 7227 ns, At safepoint: 4860 ns, Total: 20804 ns
[2025-10-21T13:07:12.950+0000][7][safepoint   ] Safepoint "Cleanup", Time since last: 6000447046 ns, Reaching safepoint: 25977 ns, Cleanup: 8175 ns, At safepoint: 5094 ns, Total: 39246 ns
[2025-10-21T13:07:16.950+0000][7][safepoint   ] Safepoint "Cleanup", Time since last: 4000277180 ns, Reaching safepoint: 20944 ns, Cleanup: 16488 ns, At safepoint: 7102 ns, Total: 44534 ns
[2025-10-21T13:07:26.951+0000][7][safepoint   ] Safepoint "Cleanup", Time since last: 10000664858 ns, Reaching safepoint: 19982 ns, Cleanup: 8099 ns, At safepoint: 3897 ns, Total: 31978 ns
[2025-10-21T13:07:28.951+0000][7][safepoint   ] Safepoint "Cleanup", Time since last: 2000143717 ns, Reaching safepoint: 9475 ns, Cleanup: 13261 ns, At safepoint: 5501 ns, Total: 28237 ns
[2025-10-21T13:07:31.952+0000][7][safepoint   ] Safepoint "Cleanup", Time since last: 3000206029 ns, Reaching safepoint: 9177 ns, Cleanup: 8837 ns, At safepoint: 3794 ns, Total: 21808 ns
[2025-10-21T13:07:32.952+0000][7][safepoint   ] Safepoint "Cleanup", Time since last: 1000079639 ns, Reaching safepoint: 8866 ns, Cleanup: 9154 ns, At safepoint: 6185 ns, Total: 24205 ns
[2025-10-21T13:07:34.952+0000][7][safepoint   ] Safepoint "Cleanup", Time since last: 2000163044 ns, Reaching safepoint: 8503 ns, Cleanup: 7595 ns, At safepoint: 4536 ns, Total: 20634 ns
[2025-10-21T13:07:36.952+0000][7][safepoint   ] Safepoint "Cleanup", Time since last: 2000144896 ns, Reaching safepoint: 8479 ns, Cleanup: 7582 ns, At safepoint: 5027 ns, Total: 21088 ns
[2025-10-21T13:07:40.952+0000][7][safepoint   ] Safepoint "Cleanup", Time since last: 4000372750 ns, Reaching safepoint: 48983 ns, Cleanup: 18065 ns, At safepoint: 28120 ns, Total: 95168 ns
[2025-10-21T13:07:44.953+0000][7][safepoint   ] Safepoint "Cleanup", Time since last: 4000266225 ns, Reaching safepoint: 7927 ns, Cleanup: 6631 ns, At safepoint: 4639 ns, Total: 19197 ns
[2025-10-21T13:07:51.953+0000][7][safepoint   ] Safepoint "Cleanup", Time since last: 7000455331 ns, Reaching safepoint: 8612 ns, Cleanup: 7567 ns, At safepoint: 4526 ns, Total: 20705 ns
[2025-10-21T13:07:53.953+0000][7][safepoint   ] Safepoint "Cleanup", Time since last: 2000155565 ns, Reaching safepoint: 11393 ns, Cleanup: 8407 ns, At safepoint: 5760 ns, Total: 25560 ns
[2025-10-21T13:07:55.954+0000][7][safepoint   ] Safepoint "Cleanup", Time since last: 2000162329 ns, Reaching safepoint: 12652 ns, Cleanup: 129550 ns, At safepoint: 10688 ns, Total: 152890 ns
[2025-10-21T13:07:57.954+0000][7][safepoint   ] Safepoint "Cleanup", Time since last: 2000161113 ns, Reaching safepoint: 21648 ns, Cleanup: 12287 ns, At safepoint: 4597 ns, Total: 38532 ns
[2025-10-21T13:07:58.954+0000][7][safepoint   ] Safepoint "Cleanup", Time since last: 1000085532 ns, Reaching safepoint: 11222 ns, Cleanup: 11154 ns, At safepoint: 4761 ns, Total: 27137 ns
[2025-10-21T13:08:07.955+0000][7][safepoint   ] Safepoint "Cleanup", Time since last: 9001079955 ns, Reaching safepoint: 31497 ns, Cleanup: 31587 ns, At safepoint: 13531 ns, Total: 76615 ns
[2025-10-21T13:08:11.955+0000][7][safepoint   ] Safepoint "Cleanup", Time since last: 4000287858 ns, Reaching safepoint: 19257 ns, Cleanup: 7753 ns, At safepoint: 5572 ns, Total: 32582 ns
[2025-10-21T13:08:17.956+0000][7][safepoint   ] Safepoint "Cleanup", Time since last: 6000436155 ns, Reaching safepoint: 15284 ns, Cleanup: 12440 ns, At safepoint: 6962 ns, Total: 34686 ns
[2025-10-21T13:08:36.980+0000][7][safepoint   ] Safepoint "Cleanup", Time since last: 19024348366 ns, Reaching safepoint: 8377 ns, Cleanup: 11976 ns, At safepoint: 5510 ns, Total: 25863 ns
[2025-10-21T13:08:38.981+0000][7][safepoint   ] Safepoint "Cleanup", Time since last: 2000342697 ns, Reaching safepoint: 9056 ns, Cleanup: 7363 ns, At safepoint: 4406 ns, Total: 20825 ns
[2025-10-21T13:08:40.981+0000][7][safepoint   ] Safepoint "Cleanup", Time since last: 2000160042 ns, Reaching safepoint: 17756 ns, Cleanup: 13144 ns, At safepoint: 9388 ns, Total: 40288 ns
[2025-10-21T13:08:44.981+0000][7][safepoint   ] Safepoint "Cleanup", Time since last: 4000323565 ns, Reaching safepoint: 19886 ns, Cleanup: 11118 ns, At safepoint: 4690 ns, Total: 35694 ns
[2025-10-21T13:09:02.984+0000][7][safepoint   ] Safepoint "Cleanup", Time since last: 18002643779 ns, Reaching safepoint: 19997 ns, Cleanup: 7305 ns, At safepoint: 4601 ns, Total: 31903 ns
[2025-10-21T13:09:08.984+0000][7][safepoint   ] Safepoint "Cleanup", Time since last: 6000442674 ns, Reaching safepoint: 10265 ns, Cleanup: 9805 ns, At safepoint: 5099 ns, Total: 25169 ns
[2025-10-21T13:09:13.986+0000][7][safepoint   ] Safepoint "Cleanup", Time since last: 5001152232 ns, Reaching safepoint: 34653 ns, Cleanup: 11688 ns, At safepoint: 9387 ns, Total: 55728 ns
[2025-10-21T13:09:27.987+0000][7][safepoint   ] Safepoint "Cleanup", Time since last: 14001050040 ns, Reaching safepoint: 9485 ns, Cleanup: 10260 ns, At safepoint: 5244 ns, Total: 24989 ns
[2025-10-21T13:09:28.987+0000][7][safepoint   ] Safepoint "Cleanup", Time since last: 1000089425 ns, Reaching safepoint: 22260 ns, Cleanup: 10701 ns, At safepoint: 5578 ns, Total: 38539 ns
[2025-10-21T13:09:33.998+0000][7][safepoint   ] Safepoint "Cleanup", Time since last: 5010771180 ns, Reaching safepoint: 9634 ns, Cleanup: 7931 ns, At safepoint: 5261 ns, Total: 22826 ns
[2025-10-21T13:09:35.998+0000][7][safepoint   ] Safepoint "Cleanup", Time since last: 2000160054 ns, Reaching safepoint: 11652 ns, Cleanup: 9509 ns, At safepoint: 5643 ns, Total: 26804 ns
[2025-10-21T13:09:37.998+0000][7][safepoint   ] Safepoint "Cleanup", Time since last: 2000163403 ns, Reaching safepoint: 8666 ns, Cleanup: 7691 ns, At safepoint: 4513 ns, Total: 20870 ns
[2025-10-21T13:09:39.998+0000][7][safepoint   ] Safepoint "Cleanup", Time since last: 2000167992 ns, Reaching safepoint: 20015 ns, Cleanup: 14428 ns, At safepoint: 9491 ns, Total: 43934 ns
[2025-10-21T13:09:51.999+0000][7][safepoint   ] Safepoint "Cleanup", Time since last: 12000798747 ns, Reaching safepoint: 34138 ns, Cleanup: 10291 ns, At safepoint: 7527 ns, Total: 51956 ns
[2025-10-21T13:10:01.000+0000][7][safepoint   ] Safepoint "Cleanup", Time since last: 9000558432 ns, Reaching safepoint: 9684 ns, Cleanup: 8205 ns, At safepoint: 4958 ns, Total: 22847 ns
[2025-10-21T13:10:05.001+0000][7][safepoint   ] Safepoint "Cleanup", Time since last: 4001582810 ns, Reaching safepoint: 8087 ns, Cleanup: 7634 ns, At safepoint: 4410 ns, Total: 20131 ns
[2025-10-21T13:10:07.002+0000][7][safepoint   ] Safepoint "Cleanup", Time since last: 2000243920 ns, Reaching safepoint: 66718 ns, Cleanup: 71985 ns, At safepoint: 28599 ns, Total: 167302 ns
[2025-10-21T13:10:09.002+0000][7][safepoint   ] Safepoint "Cleanup", Time since last: 2000223268 ns, Reaching safepoint: 8873 ns, Cleanup: 8642 ns, At safepoint: 4665 ns, Total: 22180 ns
[2025-10-21T13:10:13.002+0000][7][safepoint   ] Safepoint "Cleanup", Time since last: 4000297221 ns, Reaching safepoint: 23222 ns, Cleanup: 22251 ns, At safepoint: 15206 ns, Total: 60679 ns
[2025-10-21T13:10:19.003+0000][7][safepoint   ] Safepoint "Cleanup", Time since last: 6000427261 ns, Reaching safepoint: 9267 ns, Cleanup: 32611 ns, At safepoint: 4705 ns, Total: 46583 ns
[2025-10-21T13:10:20.003+0000][7][safepoint   ] Safepoint "Cleanup", Time since last: 1000087026 ns, Reaching safepoint: 9662 ns, Cleanup: 9395 ns, At safepoint: 4671 ns, Total: 23728 ns
[2025-10-21T13:10:21.003+0000][7][safepoint   ] Safepoint "Cleanup", Time since last: 1000079985 ns, Reaching safepoint: 8699 ns, Cleanup: 16798 ns, At safepoint: 4781 ns, Total: 30278 ns
[2025-10-21T13:10:22.003+0000][7][safepoint   ] Safepoint "Cleanup", Time since last: 1000088601 ns, Reaching safepoint: 9115 ns, Cleanup: 20469 ns, At safepoint: 5239 ns, Total: 34823 ns
[2025-10-21T13:10:23.003+0000][7][safepoint   ] Safepoint "Cleanup", Time since last: 1000087174 ns, Reaching safepoint: 9991 ns, Cleanup: 7445 ns, At safepoint: 4267 ns, Total: 21703 ns
[2025-10-21T13:10:28.004+0000][7][safepoint   ] Safepoint "Cleanup", Time since last: 5000342993 ns, Reaching safepoint: 10225 ns, Cleanup: 9470 ns, At safepoint: 9289 ns, Total: 28984 ns
[2025-10-21T13:10:29.004+0000][7][safepoint   ] Safepoint "Cleanup", Time since last: 1000058140 ns, Reaching safepoint: 8995 ns, Cleanup: 7935 ns, At safepoint: 5859 ns, Total: 22789 ns
[2025-10-21T13:10:38.016+0000][7][safepoint   ] Safepoint "Cleanup", Time since last: 9012140877 ns, Reaching safepoint: 10112 ns, Cleanup: 10385 ns, At safepoint: 6776 ns, Total: 27273 ns
[2025-10-21T13:10:46.017+0000][7][safepoint   ] Safepoint "Cleanup", Time since last: 8001175690 ns, Reaching safepoint: 29207 ns, Cleanup: 10415 ns, At safepoint: 8877 ns, Total: 48499 ns
[2025-10-21T13:10:58.018+0000][7][safepoint   ] Safepoint "Cleanup", Time since last: 12001128936 ns, Reaching safepoint: 35066 ns, Cleanup: 22600 ns, At safepoint: 11845 ns, Total: 69511 ns
[2025-10-21T13:10:59.019+0000][7][safepoint   ] Safepoint "Cleanup", Time since last: 1000942955 ns, Reaching safepoint: 25284 ns, Cleanup: 17463 ns, At safepoint: 10834 ns, Total: 53581 ns
[2025-10-21T13:11:00.019+0000][7][safepoint   ] Safepoint "Cleanup", Time since last: 1000162790 ns, Reaching safepoint: 42000 ns, Cleanup: 38623 ns, At safepoint: 18573 ns, Total: 99196 ns
[2025-10-21T13:11:04.020+0000][7][safepoint   ] Safepoint "Cleanup", Time since last: 4000315157 ns, Reaching safepoint: 29384 ns, Cleanup: 10875 ns, At safepoint: 7684 ns, Total: 47943 ns
[2025-10-21T13:11:06.020+0000][7][safepoint   ] Safepoint "Cleanup", Time since last: 2000205922 ns, Reaching safepoint: 33025 ns, Cleanup: 21625 ns, At safepoint: 12457 ns, Total: 67107 ns
[2025-10-21T13:11:14.021+0000][7][safepoint   ] Safepoint "Cleanup", Time since last: 8000616785 ns, Reaching safepoint: 14703 ns, Cleanup: 14354 ns, At safepoint: 6965 ns, Total: 36022 ns
[2025-10-21T13:11:23.022+0000][7][safepoint   ] Safepoint "Cleanup", Time since last: 9000738112 ns, Reaching safepoint: 20343 ns, Cleanup: 6962 ns, At safepoint: 4966 ns, Total: 32271 ns
[2025-10-21T13:11:29.022+0000][7][safepoint   ] Safepoint "Cleanup", Time since last: 6000352726 ns, Reaching safepoint: 12389 ns, Cleanup: 13121 ns, At safepoint: 6976 ns, Total: 32486 ns
[2025-10-21T13:11:35.022+0000][7][safepoint   ] Safepoint "Cleanup", Time since last: 6000429928 ns, Reaching safepoint: 20464 ns, Cleanup: 18786 ns, At safepoint: 14599 ns, Total: 53849 ns
[2025-10-21T13:11:37.023+0000][7][safepoint   ] Safepoint "Cleanup", Time since last: 2000201639 ns, Reaching safepoint: 8805 ns, Cleanup: 8613 ns, At safepoint: 5437 ns, Total: 22855 ns
[2025-10-21T13:11:39.023+0000][7][safepoint   ] Safepoint "Cleanup", Time since last: 2000161663 ns, Reaching safepoint: 8026 ns, Cleanup: 7474 ns, At safepoint: 4245 ns, Total: 19745 ns
[2025-10-21T13:11:43.023+0000][7][safepoint   ] Safepoint "Cleanup", Time since last: 4000266291 ns, Reaching safepoint: 8690 ns, Cleanup: 7616 ns, At safepoint: 4666 ns, Total: 20972 ns
[2025-10-21T13:11:45.023+0000][7][safepoint   ] Safepoint "Cleanup", Time since last: 2000142041 ns, Reaching safepoint: 8631 ns, Cleanup: 7986 ns, At safepoint: 4812 ns, Total: 21429 ns
[2025-10-21T13:11:56.024+0000][7][safepoint   ] Safepoint "Cleanup", Time since last: 11000682745 ns, Reaching safepoint: 32210 ns, Cleanup: 13583 ns, At safepoint: 7070 ns, Total: 52863 ns
[2025-10-21T13:11:59.024+0000][7][safepoint   ] Safepoint "Cleanup", Time since last: 3000272116 ns, Reaching safepoint: 17370 ns, Cleanup: 13947 ns, At safepoint: 7531 ns, Total: 38848 ns
[2025-10-21T13:12:06.025+0000][7][safepoint   ] Safepoint "Cleanup", Time since last: 7000552003 ns, Reaching safepoint: 45389 ns, Cleanup: 17745 ns, At safepoint: 10629 ns, Total: 73763 ns
[2025-10-21T13:12:09.025+0000][7][safepoint   ] Safepoint "Cleanup", Time since last: 3000267961 ns, Reaching safepoint: 9049 ns, Cleanup: 7748 ns, At safepoint: 4592 ns, Total: 21389 ns
[2025-10-21T13:12:10.025+0000][7][safepoint   ] Safepoint "Cleanup", Time since last: 1000111204 ns, Reaching safepoint: 21801 ns, Cleanup: 17393 ns, At safepoint: 8967 ns, Total: 48161 ns
[2025-10-21T13:12:18.026+0000][7][safepoint   ] Safepoint "Cleanup", Time since last: 8000574000 ns, Reaching safepoint: 24245 ns, Cleanup: 10549 ns, At safepoint: 5504 ns, Total: 40298 ns
[2025-10-21T13:12:28.027+0000][7][safepoint   ] Safepoint "Cleanup", Time since last: 10000679166 ns, Reaching safepoint: 9923 ns, Cleanup: 7858 ns, At safepoint: 5171 ns, Total: 22952 ns
[2025-10-21T13:12:29.027+0000][7][safepoint   ] Safepoint "Cleanup", Time since last: 1000097353 ns, Reaching safepoint: 16008 ns, Cleanup: 15405 ns, At safepoint: 8418 ns, Total: 39831 ns
[2025-10-21T13:12:30.027+0000][7][safepoint   ] Safepoint "Cleanup", Time since last: 1000098909 ns, Reaching safepoint: 8802 ns, Cleanup: 9728 ns, At safepoint: 4381 ns, Total: 22911 ns
[2025-10-21T13:13:01.029+0000][7][safepoint   ] Safepoint "Cleanup", Time since last: 31002114643 ns, Reaching safepoint: 9660 ns, Cleanup: 11673 ns, At safepoint: 4870 ns, Total: 26203 ns
[2025-10-21T13:13:05.030+0000][7][safepoint   ] Safepoint "Cleanup", Time since last: 4000354077 ns, Reaching safepoint: 165761 ns, Cleanup: 56530 ns, At safepoint: 29716 ns, Total: 252007 ns
[2025-10-21T13:13:09.030+0000][7][safepoint   ] Safepoint "Cleanup", Time since last: 4000364924 ns, Reaching safepoint: 8694 ns, Cleanup: 8723 ns, At safepoint: 4347 ns, Total: 21764 ns
[2025-10-21T13:13:13.030+0000][7][safepoint   ] Safepoint "Cleanup", Time since last: 4000268955 ns, Reaching safepoint: 9654 ns, Cleanup: 9194 ns, At safepoint: 4629 ns, Total: 23477 ns
[2025-10-21T13:13:15.031+0000][7][safepoint   ] Safepoint "Cleanup", Time since last: 2000142749 ns, Reaching safepoint: 9098 ns, Cleanup: 12918 ns, At safepoint: 4215 ns, Total: 26231 ns
[2025-10-21T13:13:18.031+0000][7][safepoint   ] Safepoint "Cleanup", Time since last: 3000192941 ns, Reaching safepoint: 29686 ns, Cleanup: 21083 ns, At safepoint: 10135 ns, Total: 60904 ns
[2025-10-21T13:13:19.031+0000][7][safepoint   ] Safepoint "Cleanup", Time since last: 1000119493 ns, Reaching safepoint: 20299 ns, Cleanup: 9964 ns, At safepoint: 3981 ns, Total: 34244 ns
[2025-10-21T13:13:50.069+0000][7][safepoint   ] Safepoint "Cleanup", Time since last: 31038020176 ns, Reaching safepoint: 209270 ns, Cleanup: 8006 ns, At safepoint: 7950 ns, Total: 225226 ns
[2025-10-21T13:13:59.071+0000][7][safepoint   ] Safepoint "Cleanup", Time since last: 9001892410 ns, Reaching safepoint: 8633 ns, Cleanup: 8377 ns, At safepoint: 4535 ns, Total: 21545 ns
[2025-10-21T13:14:05.072+0000][7][safepoint   ] Safepoint "Cleanup", Time since last: 6000403961 ns, Reaching safepoint: 38186 ns, Cleanup: 18470 ns, At safepoint: 18506 ns, Total: 75162 ns
[2025-10-21T13:14:19.073+0000][7][safepoint   ] Safepoint "Cleanup", Time since last: 14000916699 ns, Reaching safepoint: 10947 ns, Cleanup: 8391 ns, At safepoint: 5204 ns, Total: 24542 ns
[2025-10-21T13:14:21.073+0000][7][safepoint   ] Safepoint "Cleanup", Time since last: 2000144436 ns, Reaching safepoint: 36156 ns, Cleanup: 14255 ns, At safepoint: 8027 ns, Total: 58438 ns
[2025-10-21T13:14:23.073+0000][7][safepoint   ] Safepoint "Cleanup", Time since last: 2000174796 ns, Reaching safepoint: 25510 ns, Cleanup: 25078 ns, At safepoint: 10123 ns, Total: 60711 ns
[2025-10-21T13:14:33.074+0000][7][safepoint   ] Safepoint "Cleanup", Time since last: 10000709969 ns, Reaching safepoint: 9207 ns, Cleanup: 12536 ns, At safepoint: 4711 ns, Total: 26454 ns
[2025-10-21T13:14:52.075+0000][7][safepoint   ] Safepoint "Cleanup", Time since last: 19001181816 ns, Reaching safepoint: 22013 ns, Cleanup: 12282 ns, At safepoint: 4914 ns, Total: 39209 ns
[2025-10-21T13:14:58.075+0000][7][safepoint   ] Safepoint "Cleanup", Time since last: 6000408290 ns, Reaching safepoint: 9566 ns, Cleanup: 7575 ns, At safepoint: 16197 ns, Total: 33338 ns
[2025-10-21T13:14:59.075+0000][7][safepoint   ] Safepoint "Cleanup", Time since last: 1000044637 ns, Reaching safepoint: 8934 ns, Cleanup: 8438 ns, At safepoint: 4542 ns, Total: 21914 ns
[2025-10-21T13:15:00.076+0000][7][safepoint   ] Safepoint "Cleanup", Time since last: 1000087071 ns, Reaching safepoint: 9103 ns, Cleanup: 8188 ns, At safepoint: 6013 ns, Total: 23304 ns
[2025-10-21T13:15:16.077+0000][7][safepoint   ] Safepoint "Cleanup", Time since last: 16000975655 ns, Reaching safepoint: 9488 ns, Cleanup: 7469 ns, At safepoint: 4677 ns, Total: 21634 ns
[2025-10-21T13:15:19.077+0000][7][safepoint   ] Safepoint "Cleanup", Time since last: 3000179545 ns, Reaching safepoint: 13317 ns, Cleanup: 9183 ns, At safepoint: 6113 ns, Total: 28613 ns
[2025-10-21T13:15:24.077+0000][7][safepoint   ] Safepoint "Cleanup", Time since last: 5000367870 ns, Reaching safepoint: 25860 ns, Cleanup: 20882 ns, At safepoint: 6489 ns, Total: 53231 ns
[2025-10-21T13:15:26.077+0000][7][safepoint   ] Safepoint "Cleanup", Time since last: 2000196692 ns, Reaching safepoint: 8728 ns, Cleanup: 7559 ns, At safepoint: 4519 ns, Total: 20806 ns
[2025-10-21T13:15:29.078+0000][7][safepoint   ] Safepoint "Cleanup", Time since last: 3000200422 ns, Reaching safepoint: 8538 ns, Cleanup: 7811 ns, At safepoint: 4286 ns, Total: 20635 ns
[2025-10-21T13:15:31.078+0000][7][safepoint   ] Safepoint "Cleanup", Time since last: 2000116476 ns, Reaching safepoint: 8573 ns, Cleanup: 7424 ns, At safepoint: 4995 ns, Total: 20992 ns
[2025-10-21T13:15:32.078+0000][7][safepoint   ] Safepoint "Cleanup", Time since last: 1000107898 ns, Reaching safepoint: 11352 ns, Cleanup: 9316 ns, At safepoint: 4827 ns, Total: 25495 ns
[2025-10-21T13:15:33.078+0000][7][safepoint   ] Safepoint "Cleanup", Time since last: 1000091421 ns, Reaching safepoint: 11693 ns, Cleanup: 9529 ns, At safepoint: 5381 ns, Total: 26603 ns
[2025-10-21T13:15:48.100+0000][7][safepoint   ] Safepoint "Cleanup", Time since last: 15022077837 ns, Reaching safepoint: 20844 ns, Cleanup: 7708 ns, At safepoint: 4592 ns, Total: 33144 ns
[2025-10-21T13:15:59.101+0000][7][safepoint   ] Safepoint "Cleanup", Time since last: 11000679306 ns, Reaching safepoint: 20782 ns, Cleanup: 23139 ns, At safepoint: 6247 ns, Total: 50168 ns
[2025-10-21T13:16:01.101+0000][7][safepoint   ] Safepoint "Cleanup", Time since last: 2000167055 ns, Reaching safepoint: 19390 ns, Cleanup: 9517 ns, At safepoint: 5242 ns, Total: 34149 ns
[2025-10-21T13:16:05.101+0000][7][safepoint   ] Safepoint "Cleanup", Time since last: 4000266052 ns, Reaching safepoint: 10387 ns, Cleanup: 9693 ns, At safepoint: 4675 ns, Total: 24755 ns
[2025-10-21T13:16:07.102+0000][7][safepoint   ] Safepoint "Cleanup", Time since last: 2000147950 ns, Reaching safepoint: 8536 ns, Cleanup: 9025 ns, At safepoint: 5447 ns, Total: 23008 ns
[2025-10-21T13:16:09.102+0000][7][safepoint   ] Safepoint "Cleanup", Time since last: 2000188256 ns, Reaching safepoint: 16701 ns, Cleanup: 12969 ns, At safepoint: 8997 ns, Total: 38667 ns
[2025-10-21T13:16:11.102+0000][7][safepoint   ] Safepoint "Cleanup", Time since last: 2000179889 ns, Reaching safepoint: 16961 ns, Cleanup: 10480 ns, At safepoint: 8686 ns, Total: 36127 ns
[2025-10-21T13:16:32.105+0000][7][safepoint   ] Safepoint "Cleanup", Time since last: 21002914375 ns, Reaching safepoint: 22518 ns, Cleanup: 9154 ns, At safepoint: 5844 ns, Total: 37516 ns
[2025-10-21T13:16:52.107+0000][7][safepoint   ] Safepoint "Cleanup", Time since last: 20001704409 ns, Reaching safepoint: 8948 ns, Cleanup: 26317 ns, At safepoint: 4799 ns, Total: 40064 ns
[2025-10-21T13:16:57.107+0000][7][safepoint   ] Safepoint "Cleanup", Time since last: 5000338878 ns, Reaching safepoint: 9096 ns, Cleanup: 10147 ns, At safepoint: 5017 ns, Total: 24260 ns
[2025-10-21T13:17:03.108+0000][7][safepoint   ] Safepoint "Cleanup", Time since last: 6000443100 ns, Reaching safepoint: 33519 ns, Cleanup: 24709 ns, At safepoint: 9532 ns, Total: 67760 ns
[2025-10-21T13:17:29.109+0000][7][safepoint   ] Safepoint "Cleanup", Time since last: 26001872138 ns, Reaching safepoint: 10720 ns, Cleanup: 9198 ns, At safepoint: 4956 ns, Total: 24874 ns
[2025-10-21T13:17:35.131+0000][7][safepoint   ] Safepoint "Cleanup", Time since last: 6021691967 ns, Reaching safepoint: 10360 ns, Cleanup: 9987 ns, At safepoint: 5531 ns, Total: 25878 ns
[2025-10-21T13:17:42.132+0000][7][safepoint   ] Safepoint "Cleanup", Time since last: 7000472201 ns, Reaching safepoint: 13111 ns, Cleanup: 20101 ns, At safepoint: 7650 ns, Total: 40862 ns
[2025-10-21T13:17:44.133+0000][7][safepoint   ] Safepoint "Cleanup", Time since last: 2000955450 ns, Reaching safepoint: 25668 ns, Cleanup: 8231 ns, At safepoint: 5418 ns, Total: 39317 ns
[2025-10-21T13:17:46.133+0000][7][safepoint   ] Safepoint "Cleanup", Time since last: 2000174286 ns, Reaching safepoint: 12698 ns, Cleanup: 9145 ns, At safepoint: 6534 ns, Total: 28377 ns
[2025-10-21T13:17:59.134+0000][7][safepoint   ] Safepoint "Cleanup", Time since last: 13000892967 ns, Reaching safepoint: 9346 ns, Cleanup: 8593 ns, At safepoint: 5292 ns, Total: 23231 ns
[2025-10-21T13:18:02.134+0000][7][safepoint   ] Safepoint "Cleanup", Time since last: 3000510382 ns, Reaching safepoint: 21249 ns, Cleanup: 11627 ns, At safepoint: 38474 ns, Total: 71350 ns
[2025-10-21T13:18:09.135+0000][7][safepoint   ] Safepoint "Cleanup", Time since last: 7000942784 ns, Reaching safepoint: 24390 ns, Cleanup: 8136 ns, At safepoint: 5579 ns, Total: 38105 ns
[2025-10-21T13:18:21.137+0000][7][safepoint   ] Safepoint "Cleanup", Time since last: 12001281843 ns, Reaching safepoint: 295220 ns, Cleanup: 11033 ns, At safepoint: 6099 ns, Total: 312352 ns
[2025-10-21T13:18:29.138+0000][7][safepoint   ] Safepoint "Cleanup", Time since last: 8000567152 ns, Reaching safepoint: 13971 ns, Cleanup: 10509 ns, At safepoint: 7046 ns, Total: 31526 ns
[2025-10-21T13:18:46.152+0000][7][safepoint   ] Safepoint "Cleanup", Time since last: 17014073727 ns, Reaching safepoint: 32145 ns, Cleanup: 11094 ns, At safepoint: 9365 ns, Total: 52604 ns
[2025-10-21T13:19:14.154+0000][7][safepoint   ] Safepoint "Cleanup", Time since last: 28002044093 ns, Reaching safepoint: 40911 ns, Cleanup: 13242 ns, At safepoint: 8014 ns, Total: 62167 ns
[2025-10-21T13:19:41.156+0000][7][safepoint   ] Safepoint "Cleanup", Time since last: 27002263288 ns, Reaching safepoint: 35592 ns, Cleanup: 12181 ns, At safepoint: 9920 ns, Total: 57693 ns
[2025-10-21T13:19:43.157+0000][7][safepoint   ] Safepoint "Cleanup", Time since last: 2000558435 ns, Reaching safepoint: 14451 ns, Cleanup: 10285 ns, At safepoint: 10381 ns, Total: 35117 ns
[2025-10-21T13:19:45.157+0000][7][safepoint   ] Safepoint "Cleanup", Time since last: 2000180089 ns, Reaching safepoint: 17658 ns, Cleanup: 15349 ns, At safepoint: 10733 ns, Total: 43740 ns
[2025-10-21T13:20:02.159+0000][7][safepoint   ] Safepoint "Cleanup", Time since last: 17001973508 ns, Reaching safepoint: 34180 ns, Cleanup: 8946 ns, At safepoint: 4743 ns, Total: 47869 ns
[2025-10-21T13:20:04.159+0000][7][safepoint   ] Safepoint "Cleanup", Time since last: 2000414947 ns, Reaching safepoint: 8776 ns, Cleanup: 7406 ns, At safepoint: 4778 ns, Total: 20960 ns
[2025-10-21T13:20:06.160+0000][7][safepoint   ] Safepoint "Cleanup", Time since last: 2000143091 ns, Reaching safepoint: 8500 ns, Cleanup: 7221 ns, At safepoint: 3813 ns, Total: 19534 ns
[2025-10-21T13:20:14.160+0000][7][safepoint   ] Safepoint "Cleanup", Time since last: 8000537315 ns, Reaching safepoint: 23202 ns, Cleanup: 11437 ns, At safepoint: 5734 ns, Total: 40373 ns
[2025-10-21T13:20:24.161+0000][7][safepoint   ] Safepoint "Cleanup", Time since last: 10001060472 ns, Reaching safepoint: 26658 ns, Cleanup: 8679 ns, At safepoint: 9412 ns, Total: 44749 ns
[2025-10-21T13:20:28.161+0000][7][safepoint   ] Safepoint "Cleanup", Time since last: 4000265452 ns, Reaching safepoint: 8341 ns, Cleanup: 7180 ns, At safepoint: 4051 ns, Total: 19572 ns
[2025-10-21T13:20:30.162+0000][7][safepoint   ] Safepoint "Cleanup", Time since last: 2000119907 ns, Reaching safepoint: 8892 ns, Cleanup: 8769 ns, At safepoint: 4588 ns, Total: 22249 ns
[2025-10-21T13:20:34.192+0000][7][safepoint   ] Safepoint "Cleanup", Time since last: 4030626436 ns, Reaching safepoint: 8749 ns, Cleanup: 9451 ns, At safepoint: 4892 ns, Total: 23092 ns
[2025-10-21T13:20:36.192+0000][7][safepoint   ] Safepoint "Cleanup", Time since last: 2000150779 ns, Reaching safepoint: 8077 ns, Cleanup: 7209 ns, At safepoint: 4731 ns, Total: 20017 ns
[2025-10-21T13:20:41.193+0000][7][safepoint   ] Safepoint "Cleanup", Time since last: 5000346610 ns, Reaching safepoint: 34669 ns, Cleanup: 13479 ns, At safepoint: 6577 ns, Total: 54725 ns
[2025-10-21T13:21:19.197+0000][7][safepoint   ] Safepoint "Cleanup", Time since last: 38003768938 ns, Reaching safepoint: 19853 ns, Cleanup: 17837 ns, At safepoint: 15917 ns, Total: 53607 ns
[2025-10-21T13:21:28.197+0000][7][safepoint   ] Safepoint "Cleanup", Time since last: 9000638756 ns, Reaching safepoint: 58996 ns, Cleanup: 16983 ns, At safepoint: 7757 ns, Total: 83736 ns
[2025-10-21T13:21:29.198+0000][7][safepoint   ] Safepoint "Cleanup", Time since last: 1000126403 ns, Reaching safepoint: 20504 ns, Cleanup: 11405 ns, At safepoint: 9977 ns, Total: 41886 ns
[2025-10-21T13:21:36.209+0000][7][safepoint   ] Safepoint "Cleanup", Time since last: 7011046057 ns, Reaching safepoint: 12938 ns, Cleanup: 9765 ns, At safepoint: 7277 ns, Total: 29980 ns
[2025-10-21T13:21:48.209+0000][7][safepoint   ] Safepoint "Cleanup", Time since last: 12000800129 ns, Reaching safepoint: 8515 ns, Cleanup: 9583 ns, At safepoint: 5122 ns, Total: 23220 ns
[2025-10-21T13:21:52.210+0000][7][safepoint   ] Safepoint "Cleanup", Time since last: 4000285734 ns, Reaching safepoint: 17891 ns, Cleanup: 14697 ns, At safepoint: 8362 ns, Total: 40950 ns
[2025-10-21T13:21:58.210+0000][7][safepoint   ] Safepoint "Cleanup", Time since last: 6000442197 ns, Reaching safepoint: 21021 ns, Cleanup: 9862 ns, At safepoint: 5196 ns, Total: 36079 ns
[2025-10-21T13:21:59.210+0000][7][safepoint   ] Safepoint "Cleanup", Time since last: 1000091198 ns, Reaching safepoint: 13192 ns, Cleanup: 13075 ns, At safepoint: 6750 ns, Total: 33017 ns
[2025-10-21T13:22:07.211+0000][7][safepoint   ] Safepoint "Cleanup", Time since last: 8000614143 ns, Reaching safepoint: 10786 ns, Cleanup: 8678 ns, At safepoint: 5983 ns, Total: 25447 ns
[2025-10-21T13:22:09.211+0000][7][safepoint   ] Safepoint "Cleanup", Time since last: 2000161094 ns, Reaching safepoint: 8189 ns, Cleanup: 7614 ns, At safepoint: 4311 ns, Total: 20114 ns
[2025-10-21T13:22:24.212+0000][7][safepoint   ] Safepoint "Cleanup", Time since last: 15000928304 ns, Reaching safepoint: 20659 ns, Cleanup: 20756 ns, At safepoint: 5533 ns, Total: 46948 ns
[2025-10-21T13:22:27.213+0000][7][safepoint   ] Safepoint "Cleanup", Time since last: 3000301910 ns, Reaching safepoint: 30995 ns, Cleanup: 10880 ns, At safepoint: 8461 ns, Total: 50336 ns
[2025-10-21T13:22:29.213+0000][7][safepoint   ] Safepoint "Cleanup", Time since last: 2000244061 ns, Reaching safepoint: 26414 ns, Cleanup: 8526 ns, At safepoint: 7118 ns, Total: 42058 ns
[2025-10-21T13:22:37.228+0000][7][safepoint   ] Safepoint "Cleanup", Time since last: 8015317282 ns, Reaching safepoint: 11866 ns, Cleanup: 14199 ns, At safepoint: 5718 ns, Total: 31783 ns
[2025-10-21T13:22:39.228+0000][7][safepoint   ] Safepoint "Cleanup", Time since last: 2000159325 ns, Reaching safepoint: 10874 ns, Cleanup: 10720 ns, At safepoint: 5317 ns, Total: 26911 ns
[2025-10-21T13:22:45.229+0000][7][safepoint   ] Safepoint "Cleanup", Time since last: 6000375106 ns, Reaching safepoint: 27907 ns, Cleanup: 9673 ns, At safepoint: 5694 ns, Total: 43274 ns
[2025-10-21T13:22:59.230+0000][7][safepoint   ] Safepoint "Cleanup", Time since last: 14000889483 ns, Reaching safepoint: 18875 ns, Cleanup: 7842 ns, At safepoint: 4421 ns, Total: 31138 ns
[2025-10-21T13:23:02.230+0000][7][safepoint   ] Safepoint "Cleanup", Time since last: 3000210889 ns, Reaching safepoint: 10609 ns, Cleanup: 10787 ns, At safepoint: 4444 ns, Total: 25840 ns
[2025-10-21T13:23:06.230+0000][7][safepoint   ] Safepoint "Cleanup", Time since last: 4000343895 ns, Reaching safepoint: 8389 ns, Cleanup: 8988 ns, At safepoint: 4210 ns, Total: 21587 ns
[2025-10-21T13:23:09.231+0000][7][safepoint   ] Safepoint "Cleanup", Time since last: 3000225918 ns, Reaching safepoint: 8482 ns, Cleanup: 18134 ns, At safepoint: 5233 ns, Total: 31849 ns
[2025-10-21T13:23:20.231+0000][7][safepoint   ] Safepoint "Cleanup", Time since last: 11000731139 ns, Reaching safepoint: 18514 ns, Cleanup: 8505 ns, At safepoint: 4499 ns, Total: 31518 ns
[2025-10-21T13:23:29.232+0000][7][safepoint   ] Safepoint "Cleanup", Time since last: 9000576281 ns, Reaching safepoint: 22241 ns, Cleanup: 8227 ns, At safepoint: 4365 ns, Total: 34833 ns
[2025-10-21T13:23:32.232+0000][7][safepoint   ] Safepoint "Cleanup", Time since last: 3000215706 ns, Reaching safepoint: 8493 ns, Cleanup: 7830 ns, At safepoint: 4576 ns, Total: 20899 ns
[2025-10-21T13:23:34.232+0000][7][safepoint   ] Safepoint "Cleanup", Time since last: 2000165743 ns, Reaching safepoint: 8385 ns, Cleanup: 9016 ns, At safepoint: 4641 ns, Total: 22042 ns
[2025-10-21T13:23:39.233+0000][7][safepoint   ] Safepoint "Cleanup", Time since last: 5000330911 ns, Reaching safepoint: 21366 ns, Cleanup: 28948 ns, At safepoint: 5562 ns, Total: 55876 ns
[2025-10-21T13:23:59.234+0000][7][safepoint   ] Safepoint "Cleanup", Time since last: 20001524345 ns, Reaching safepoint: 9575 ns, Cleanup: 8639 ns, At safepoint: 5065 ns, Total: 23279 ns
[2025-10-21T13:24:07.235+0000][7][safepoint   ] Safepoint "Cleanup", Time since last: 8000489522 ns, Reaching safepoint: 8659 ns, Cleanup: 8758 ns, At safepoint: 4320 ns, Total: 21737 ns
[2025-10-21T13:24:19.236+0000][7][safepoint   ] Safepoint "Cleanup", Time since last: 12000821019 ns, Reaching safepoint: 57436 ns, Cleanup: 7977 ns, At safepoint: 4990 ns, Total: 70403 ns
[2025-10-21T13:24:24.236+0000][7][safepoint   ] Safepoint "Cleanup", Time since last: 5000322961 ns, Reaching safepoint: 8488 ns, Cleanup: 7387 ns, At safepoint: 5134 ns, Total: 21009 ns
[2025-10-21T13:24:28.236+0000][7][safepoint   ] Safepoint "Cleanup", Time since last: 4000274971 ns, Reaching safepoint: 8573 ns, Cleanup: 9134 ns, At safepoint: 4944 ns, Total: 22651 ns
[2025-10-21T13:24:42.261+0000][7][safepoint   ] Safepoint "Cleanup", Time since last: 14024402391 ns, Reaching safepoint: 12598 ns, Cleanup: 9991 ns, At safepoint: 6394 ns, Total: 28983 ns
[2025-10-21T13:24:44.261+0000][7][safepoint   ] Safepoint "Cleanup", Time since last: 2000177126 ns, Reaching safepoint: 21883 ns, Cleanup: 9521 ns, At safepoint: 5552 ns, Total: 36956 ns
[2025-10-21T13:24:46.261+0000][7][safepoint   ] Safepoint "Cleanup", Time since last: 2000220307 ns, Reaching safepoint: 11137 ns, Cleanup: 8909 ns, At safepoint: 4919 ns, Total: 24965 ns
[2025-10-21T13:24:58.262+0000][7][safepoint   ] Safepoint "Cleanup", Time since last: 12000750769 ns, Reaching safepoint: 9096 ns, Cleanup: 8370 ns, At safepoint: 5280 ns, Total: 22746 ns
[2025-10-21T13:25:21.264+0000][7][safepoint   ] Safepoint "Cleanup", Time since last: 23001585076 ns, Reaching safepoint: 90260 ns, Cleanup: 8558 ns, At safepoint: 6345 ns, Total: 105163 ns
[2025-10-21T13:25:57.267+0000][7][safepoint   ] Safepoint "Cleanup", Time since last: 36002821889 ns, Reaching safepoint: 20858 ns, Cleanup: 7901 ns, At safepoint: 5061 ns, Total: 33820 ns
[2025-10-21T13:26:00.267+0000][7][safepoint   ] Safepoint "Cleanup", Time since last: 3000171976 ns, Reaching safepoint: 8830 ns, Cleanup: 7757 ns, At safepoint: 4561 ns, Total: 21148 ns
[2025-10-21T13:26:18.268+0000][7][safepoint   ] Safepoint "Cleanup", Time since last: 18001307853 ns, Reaching safepoint: 19813 ns, Cleanup: 8935 ns, At safepoint: 4488 ns, Total: 33236 ns
[2025-10-21T13:26:20.268+0000][7][safepoint   ] Safepoint "Cleanup", Time since last: 2000188905 ns, Reaching safepoint: 25554 ns, Cleanup: 18256 ns, At safepoint: 14383 ns, Total: 58193 ns
[2025-10-21T13:26:28.269+0000][7][safepoint   ] Safepoint "Cleanup", Time since last: 8000580054 ns, Reaching safepoint: 8620 ns, Cleanup: 8549 ns, At safepoint: 4674 ns, Total: 21843 ns
[2025-10-21T13:26:29.269+0000][7][safepoint   ] Safepoint "Cleanup", Time since last: 1000088620 ns, Reaching safepoint: 8471 ns, Cleanup: 7037 ns, At safepoint: 5208 ns, Total: 20716 ns
[2025-10-21T13:26:46.270+0000][7][safepoint   ] Safepoint "Cleanup", Time since last: 17001349283 ns, Reaching safepoint: 9904 ns, Cleanup: 7847 ns, At safepoint: 5116 ns, Total: 22867 ns
[2025-10-21T13:26:58.271+0000][7][safepoint   ] Safepoint "Cleanup", Time since last: 12000813104 ns, Reaching safepoint: 60106 ns, Cleanup: 32707 ns, At safepoint: 5529 ns, Total: 98342 ns
[2025-10-21T13:27:34.274+0000][7][safepoint   ] Safepoint "Cleanup", Time since last: 36002567239 ns, Reaching safepoint: 30233 ns, Cleanup: 9754 ns, At safepoint: 19125 ns, Total: 59112 ns
[2025-10-21T13:27:42.274+0000][7][safepoint   ] Safepoint "Cleanup", Time since last: 8000520431 ns, Reaching safepoint: 10930 ns, Cleanup: 13979 ns, At safepoint: 6428 ns, Total: 31337 ns
[2025-10-21T13:27:46.275+0000][7][safepoint   ] Safepoint "Cleanup", Time since last: 4000341396 ns, Reaching safepoint: 10004 ns, Cleanup: 9881 ns, At safepoint: 5707 ns, Total: 25592 ns
[2025-10-21T13:28:16.277+0000][7][safepoint   ] Safepoint "Cleanup", Time since last: 30002138380 ns, Reaching safepoint: 23471 ns, Cleanup: 10057 ns, At safepoint: 5272 ns, Total: 38800 ns
[2025-10-21T13:29:03.280+0000][7][safepoint   ] Safepoint "Cleanup", Time since last: 47003010995 ns, Reaching safepoint: 58479 ns, Cleanup: 14392 ns, At safepoint: 9434 ns, Total: 82305 ns
[2025-10-21T13:29:07.280+0000][7][safepoint   ] Safepoint "Cleanup", Time since last: 4000295853 ns, Reaching safepoint: 35149 ns, Cleanup: 15928 ns, At safepoint: 5682 ns, Total: 56759 ns
[2025-10-21T13:29:11.281+0000][7][safepoint   ] Safepoint "Cleanup", Time since last: 4000247090 ns, Reaching safepoint: 8557 ns, Cleanup: 9503 ns, At safepoint: 4415 ns, Total: 22475 ns
[2025-10-21T13:29:28.282+0000][7][safepoint   ] Safepoint "Cleanup", Time since last: 17001060358 ns, Reaching safepoint: 24197 ns, Cleanup: 10228 ns, At safepoint: 6044 ns, Total: 40469 ns
[2025-10-21T13:30:39.356+0000][7][safepoint   ] Safepoint "Cleanup", Time since last: 71074364188 ns, Reaching safepoint: 11972 ns, Cleanup: 8989 ns, At safepoint: 5502 ns, Total: 26463 ns
[2025-10-21T13:31:49.450+0000][7][safepoint   ] Safepoint "Cleanup", Time since last: 70093409218 ns, Reaching safepoint: 274549 ns, Cleanup: 8059 ns, At safepoint: 4440 ns, Total: 287048 ns
[2025-10-21T13:31:50.450+0000][7][safepoint   ] Safepoint "Cleanup", Time since last: 1000395476 ns, Reaching safepoint: 9299 ns, Cleanup: 8766 ns, At safepoint: 4630 ns, Total: 22695 ns
[2025-10-21T13:31:56.451+0000][7][safepoint   ] Safepoint "Cleanup", Time since last: 6000358676 ns, Reaching safepoint: 10783 ns, Cleanup: 8784 ns, At safepoint: 4949 ns, Total: 24516 ns
[2025-10-21T13:31:58.452+0000][7][safepoint   ] Safepoint "Cleanup", Time since last: 2000924851 ns, Reaching safepoint: 12372 ns, Cleanup: 8950 ns, At safepoint: 6732 ns, Total: 28054 ns
[2025-10-21T13:31:59.452+0000][7][safepoint   ] Safepoint "Cleanup", Time since last: 1000150977 ns, Reaching safepoint: 92777 ns, Cleanup: 35277 ns, At safepoint: 26443 ns, Total: 154497 ns
[2025-10-21T13:32:13.453+0000][7][safepoint   ] Safepoint "Cleanup", Time since last: 14001051901 ns, Reaching safepoint: 10591 ns, Cleanup: 8157 ns, At safepoint: 5319 ns, Total: 24067 ns
[2025-10-21T13:32:27.454+0000][7][safepoint   ] Safepoint "Cleanup", Time since last: 14001101590 ns, Reaching safepoint: 22412 ns, Cleanup: 7053 ns, At safepoint: 4446 ns, Total: 33911 ns
[2025-10-21T13:32:28.454+0000][7][safepoint   ] Safepoint "Cleanup", Time since last: 1000085374 ns, Reaching safepoint: 10683 ns, Cleanup: 9840 ns, At safepoint: 6779 ns, Total: 27302 ns
[2025-10-21T13:32:35.455+0000][7][safepoint   ] Safepoint "Cleanup", Time since last: 7000535630 ns, Reaching safepoint: 9840 ns, Cleanup: 8513 ns, At safepoint: 4503 ns, Total: 22856 ns
[2025-10-21T13:32:37.455+0000][7][safepoint   ] Safepoint "Cleanup", Time since last: 2000191831 ns, Reaching safepoint: 12144 ns, Cleanup: 8083 ns, At safepoint: 4899 ns, Total: 25126 ns
[2025-10-21T13:32:49.456+0000][7][safepoint   ] Safepoint "Cleanup", Time since last: 12000724342 ns, Reaching safepoint: 27953 ns, Cleanup: 10585 ns, At safepoint: 5677 ns, Total: 44215 ns
[2025-10-21T13:32:58.457+0000][7][safepoint   ] Safepoint "Cleanup", Time since last: 9000624445 ns, Reaching safepoint: 15941 ns, Cleanup: 10912 ns, At safepoint: 5280 ns, Total: 32133 ns
[2025-10-21T13:32:59.457+0000][7][safepoint   ] Safepoint "Cleanup", Time since last: 1000093242 ns, Reaching safepoint: 29364 ns, Cleanup: 12818 ns, At safepoint: 7360 ns, Total: 49542 ns
[2025-10-21T13:33:08.457+0000][7][safepoint   ] Safepoint "Cleanup", Time since last: 9000718474 ns, Reaching safepoint: 71911 ns, Cleanup: 17532 ns, At safepoint: 8549 ns, Total: 97992 ns
[2025-10-21T13:33:16.458+0000][7][safepoint   ] Safepoint "Cleanup", Time since last: 8000526885 ns, Reaching safepoint: 24632 ns, Cleanup: 12346 ns, At safepoint: 6508 ns, Total: 43486 ns
[2025-10-21T13:33:33.459+0000][7][safepoint   ] Safepoint "Cleanup", Time since last: 17001164466 ns, Reaching safepoint: 22635 ns, Cleanup: 8891 ns, At safepoint: 5313 ns, Total: 36839 ns
[2025-10-21T13:33:37.482+0000][7][safepoint   ] Safepoint "Cleanup", Time since last: 4022417857 ns, Reaching safepoint: 17900 ns, Cleanup: 66165 ns, At safepoint: 14916 ns, Total: 98981 ns
[2025-10-21T13:34:11.484+0000][7][safepoint   ] Safepoint "Cleanup", Time since last: 34002381883 ns, Reaching safepoint: 21187 ns, Cleanup: 7123 ns, At safepoint: 4686 ns, Total: 32996 ns
[2025-10-21T13:34:29.486+0000][7][safepoint   ] Safepoint "Cleanup", Time since last: 18001658238 ns, Reaching safepoint: 23868 ns, Cleanup: 9014 ns, At safepoint: 5410 ns, Total: 38292 ns
[2025-10-21T13:35:00.488+0000][7][safepoint   ] Safepoint "Cleanup", Time since last: 31002550277 ns, Reaching safepoint: 29030 ns, Cleanup: 16015 ns, At safepoint: 8650 ns, Total: 53695 ns
[2025-10-21T13:35:21.490+0000][7][safepoint   ] Safepoint "Cleanup", Time since last: 21001668059 ns, Reaching safepoint: 51517 ns, Cleanup: 20271 ns, At safepoint: 27572 ns, Total: 99360 ns
[2025-10-21T13:35:29.491+0000][7][safepoint   ] Safepoint "Cleanup", Time since last: 8000531704 ns, Reaching safepoint: 11065 ns, Cleanup: 7896 ns, At safepoint: 4786 ns, Total: 23747 ns
[2025-10-21T13:35:45.492+0000][7][safepoint   ] Safepoint "Cleanup", Time since last: 16001166493 ns, Reaching safepoint: 21281 ns, Cleanup: 7205 ns, At safepoint: 3568 ns, Total: 32054 ns
[2025-10-21T13:35:59.496+0000][7][safepoint   ] Safepoint "Cleanup", Time since last: 14003863758 ns, Reaching safepoint: 20947 ns, Cleanup: 9667 ns, At safepoint: 7045 ns, Total: 37659 ns
[2025-10-21T13:36:32.500+0000][7][safepoint   ] Safepoint "Cleanup", Time since last: 33004182213 ns, Reaching safepoint: 50604 ns, Cleanup: 24038 ns, At safepoint: 5870 ns, Total: 80512 ns
[2025-10-21T13:37:01.543+0000][7][safepoint   ] Safepoint "Cleanup", Time since last: 29042465871 ns, Reaching safepoint: 18707 ns, Cleanup: 5237 ns, At safepoint: 4689 ns, Total: 28633 ns
[2025-10-21T13:37:38.547+0000][7][safepoint   ] Safepoint "Cleanup", Time since last: 37004443767 ns, Reaching safepoint: 27466 ns, Cleanup: 9343 ns, At safepoint: 20756 ns, Total: 57565 ns
[2025-10-21T13:37:42.548+0000][7][safepoint   ] Safepoint "Cleanup", Time since last: 4000399555 ns, Reaching safepoint: 42499 ns, Cleanup: 13601 ns, At safepoint: 6312 ns, Total: 62412 ns
[2025-10-21T13:37:52.549+0000][7][safepoint   ] Safepoint "Cleanup", Time since last: 10000904308 ns, Reaching safepoint: 102944 ns, Cleanup: 55473 ns, At safepoint: 25036 ns, Total: 183453 ns
[2025-10-21T13:38:08.550+0000][7][safepoint   ] Safepoint "Cleanup", Time since last: 16001074901 ns, Reaching safepoint: 26002 ns, Cleanup: 7660 ns, At safepoint: 7712 ns, Total: 41374 ns
[2025-10-21T13:39:14.581+0000][7][safepoint   ] Safepoint "Cleanup", Time since last: 66030890969 ns, Reaching safepoint: 32187 ns, Cleanup: 8557 ns, At safepoint: 5323 ns, Total: 46067 ns
[2025-10-21T13:39:20.581+0000][7][safepoint   ] Safepoint "Cleanup", Time since last: 6000641076 ns, Reaching safepoint: 9787 ns, Cleanup: 8450 ns, At safepoint: 6300 ns, Total: 24537 ns
[2025-10-21T13:39:22.582+0000][7][safepoint   ] Safepoint "Cleanup", Time since last: 2000355928 ns, Reaching safepoint: 7913 ns, Cleanup: 32759 ns, At safepoint: 5318 ns, Total: 45990 ns
[2025-10-21T13:39:36.583+0000][7][safepoint   ] Safepoint "Cleanup", Time since last: 14001060852 ns, Reaching safepoint: 8004 ns, Cleanup: 20871 ns, At safepoint: 4849 ns, Total: 33724 ns
[2025-10-21T13:39:49.584+0000][7][safepoint   ] Safepoint "Cleanup", Time since last: 13001014416 ns, Reaching safepoint: 21531 ns, Cleanup: 7040 ns, At safepoint: 4742 ns, Total: 33313 ns
[2025-10-21T13:40:00.585+0000][7][safepoint   ] Safepoint "Cleanup", Time since last: 11000869456 ns, Reaching safepoint: 24372 ns, Cleanup: 8645 ns, At safepoint: 5813 ns, Total: 38830 ns
[2025-10-21T13:40:15.587+0000][7][safepoint   ] Safepoint "Cleanup", Time since last: 15001846382 ns, Reaching safepoint: 33231 ns, Cleanup: 9318 ns, At safepoint: 6221 ns, Total: 48770 ns
[2025-10-21T13:40:18.588+0000][7][safepoint   ] Safepoint "Cleanup", Time since last: 3001638515 ns, Reaching safepoint: 9817 ns, Cleanup: 6691 ns, At safepoint: 5738 ns, Total: 22246 ns
[2025-10-21T13:40:28.589+0000][7][safepoint   ] Safepoint "Cleanup", Time since last: 10000819928 ns, Reaching safepoint: 39281 ns, Cleanup: 9981 ns, At safepoint: 7516 ns, Total: 56778 ns
[2025-10-21T13:40:35.590+0000][7][safepoint   ] Safepoint "Cleanup", Time since last: 7000692341 ns, Reaching safepoint: 21774 ns, Cleanup: 10989 ns, At safepoint: 5342 ns, Total: 38105 ns
[2025-10-21T13:40:44.591+0000][7][safepoint   ] Safepoint "Cleanup", Time since last: 9000749774 ns, Reaching safepoint: 23864 ns, Cleanup: 8336 ns, At safepoint: 4393 ns, Total: 36593 ns
[2025-10-21T13:41:09.593+0000][7][safepoint   ] Safepoint "Cleanup", Time since last: 25001675048 ns, Reaching safepoint: 36271 ns, Cleanup: 18891 ns, At safepoint: 8010 ns, Total: 63172 ns
[2025-10-21T13:41:14.593+0000][7][safepoint   ] Safepoint "Cleanup", Time since last: 5000344540 ns, Reaching safepoint: 25729 ns, Cleanup: 27274 ns, At safepoint: 7390 ns, Total: 60393 ns
[2025-10-21T13:41:15.593+0000][7][safepoint   ] Safepoint "Cleanup", Time since last: 1000098152 ns, Reaching safepoint: 30889 ns, Cleanup: 47238 ns, At safepoint: 7987 ns, Total: 86114 ns
[2025-10-21T13:41:49.635+0000][7][safepoint   ] Safepoint "Cleanup", Time since last: 34041499951 ns, Reaching safepoint: 20277 ns, Cleanup: 8900 ns, At safepoint: 5730 ns, Total: 34907 ns
[2025-10-21T13:42:01.637+0000][7][safepoint   ] Safepoint "Cleanup", Time since last: 12002134005 ns, Reaching safepoint: 21160 ns, Cleanup: 8244 ns, At safepoint: 4586 ns, Total: 33990 ns
[2025-10-21T13:42:13.638+0000][7][safepoint   ] Safepoint "Cleanup", Time since last: 12000728812 ns, Reaching safepoint: 20657 ns, Cleanup: 24762 ns, At safepoint: 6441 ns, Total: 51860 ns
[2025-10-21T13:42:16.266+0000][7][safepoint   ] Safepoint "Cleanup", Time since last: 2628334102 ns, Reaching safepoint: 13910 ns, Cleanup: 127836 ns, At safepoint: 8827 ns, Total: 150573 ns
[2025-10-21T13:42:17.305+0000][7][safepoint   ] Safepoint "Cleanup", Time since last: 1039033012 ns, Reaching safepoint: 11545 ns, Cleanup: 44412 ns, At safepoint: 4467 ns, Total: 60424 ns
[2025-10-21T13:42:18.305+0000][7][safepoint   ] Safepoint "Cleanup", Time since last: 1000090602 ns, Reaching safepoint: 10540 ns, Cleanup: 7337 ns, At safepoint: 4832 ns, Total: 22709 ns
[2025-10-21T13:42:28.306+0000][7][safepoint   ] Safepoint "Cleanup", Time since last: 10000701786 ns, Reaching safepoint: 56078 ns, Cleanup: 8263 ns, At safepoint: 5529 ns, Total: 69870 ns
[2025-10-21T13:42:38.655+0000][7][safepoint   ] Safepoint "Cleanup", Time since last: 10349196247 ns, Reaching safepoint: 12325 ns, Cleanup: 11649 ns, At safepoint: 5443 ns, Total: 29417 ns
[2025-10-21T13:42:40.656+0000][7][safepoint   ] Safepoint "Cleanup", Time since last: 2000159165 ns, Reaching safepoint: 21652 ns, Cleanup: 27160 ns, At safepoint: 7870 ns, Total: 56682 ns
[2025-10-21T13:42:44.656+0000][7][safepoint   ] Safepoint "Cleanup", Time since last: 4000516163 ns, Reaching safepoint: 18833 ns, Cleanup: 17089 ns, At safepoint: 14678 ns, Total: 50600 ns
[2025-10-21T13:43:06.658+0000][7][safepoint   ] Safepoint "Cleanup", Time since last: 22001713618 ns, Reaching safepoint: 29833 ns, Cleanup: 12357 ns, At safepoint: 4808 ns, Total: 46998 ns
[2025-10-21T13:43:08.658+0000][7][safepoint   ] Safepoint "Cleanup", Time since last: 2000171423 ns, Reaching safepoint: 19291 ns, Cleanup: 10433 ns, At safepoint: 5960 ns, Total: 35684 ns
[2025-10-21T13:43:15.660+0000][7][safepoint   ] Safepoint "Cleanup", Time since last: 7001975261 ns, Reaching safepoint: 24454 ns, Cleanup: 8580 ns, At safepoint: 5631 ns, Total: 38665 ns
[2025-10-21T13:43:22.695+0000][7][safepoint   ] Safepoint "Cleanup", Time since last: 7034884167 ns, Reaching safepoint: 14708 ns, Cleanup: 42277 ns, At safepoint: 9036 ns, Total: 66021 ns
[2025-10-21T13:43:28.696+0000][7][safepoint   ] Safepoint "Cleanup", Time since last: 6000618647 ns, Reaching safepoint: 18591 ns, Cleanup: 7585 ns, At safepoint: 5031 ns, Total: 31207 ns
[2025-10-21T13:43:48.673+0000][7][safepoint   ] Safepoint "Cleanup", Time since last: 19977298818 ns, Reaching safepoint: 45392 ns, Cleanup: 9313 ns, At safepoint: 5111 ns, Total: 59816 ns
[2025-10-21T13:44:36.676+0000][7][safepoint   ] Safepoint "Cleanup", Time since last: 48003153733 ns, Reaching safepoint: 28437 ns, Cleanup: 9505 ns, At safepoint: 6522 ns, Total: 44464 ns
[2025-10-21T13:44:38.677+0000][7][safepoint   ] Safepoint "Cleanup", Time since last: 2000345443 ns, Reaching safepoint: 16595 ns, Cleanup: 10774 ns, At safepoint: 5704 ns, Total: 33073 ns
[2025-10-21T13:44:40.677+0000][7][safepoint   ] Safepoint "Cleanup", Time since last: 2000167951 ns, Reaching safepoint: 11231 ns, Cleanup: 7585 ns, At safepoint: 4672 ns, Total: 23488 ns
[2025-10-21T13:44:55.678+0000][7][safepoint   ] Safepoint "Cleanup", Time since last: 15001052025 ns, Reaching safepoint: 37754 ns, Cleanup: 28060 ns, At safepoint: 8427 ns, Total: 74241 ns
[2025-10-21T13:44:57.678+0000][7][safepoint   ] Safepoint "Cleanup", Time since last: 2000149107 ns, Reaching safepoint: 8572 ns, Cleanup: 9572 ns, At safepoint: 4404 ns, Total: 22548 ns
[2025-10-21T13:45:09.679+0000][7][safepoint   ] Safepoint "Cleanup", Time since last: 12001224460 ns, Reaching safepoint: 18702 ns, Cleanup: 6581 ns, At safepoint: 5565 ns, Total: 30848 ns
[2025-10-21T13:45:25.681+0000][7][safepoint   ] Safepoint "Cleanup", Time since last: 16001107679 ns, Reaching safepoint: 25369 ns, Cleanup: 6960 ns, At safepoint: 5130 ns, Total: 37459 ns
[2025-10-21T13:45:28.681+0000][7][safepoint   ] Safepoint "Cleanup", Time since last: 3000218166 ns, Reaching safepoint: 13229 ns, Cleanup: 8869 ns, At safepoint: 6736 ns, Total: 28834 ns
[2025-10-21T13:45:58.683+0000][7][safepoint   ] Safepoint "Cleanup", Time since last: 30002452118 ns, Reaching safepoint: 23012 ns, Cleanup: 9977 ns, At safepoint: 4633 ns, Total: 37622 ns
[2025-10-21T13:46:12.603+0000][7][gc,start    ] GC(14) Pause Young (Normal) (G1 Evacuation Pause)
[2025-10-21T13:46:12.604+0000][7][gc,task     ] GC(14) Using 8 workers of 8 for evacuation
[2025-10-21T13:46:12.604+0000][7][gc,age      ] GC(14) Desired survivor size 81788928 bytes, new threshold 15 (max threshold 15)
[2025-10-21T13:46:12.699+0000][7][gc,phases   ] GC(14)   Pre Evacuate Collection Set: 1.82ms
[2025-10-21T13:46:12.699+0000][7][gc,phases   ] GC(14)   Merge Heap Roots: 0.28ms
[2025-10-21T13:46:12.699+0000][7][gc,phases   ] GC(14)   Evacuate Collection Set: 75.10ms
[2025-10-21T13:46:12.699+0000][7][gc,phases   ] GC(14)   Post Evacuate Collection Set: 2.86ms
[2025-10-21T13:46:12.699+0000][7][gc,phases   ] GC(14)   Other: 15.70ms
[2025-10-21T13:46:12.699+0000][7][gc,age      ] GC(14) Age table with threshold 15 (max threshold 15)
[2025-10-21T13:46:12.699+0000][7][gc,age      ] GC(14) - age   1:   12822744 bytes,   12822744 total
[2025-10-21T13:46:12.699+0000][7][gc,age      ] GC(14) - age   2:   18011536 bytes,   30834280 total
[2025-10-21T13:46:12.699+0000][7][gc,age      ] GC(14) - age   3:   10843768 bytes,   41678048 total
[2025-10-21T13:46:12.699+0000][7][gc,age      ] GC(14) - age   4:      42152 bytes,   41720200 total
[2025-10-21T13:46:12.699+0000][7][gc,age      ] GC(14) - age   5:      35232 bytes,   41755432 total
[2025-10-21T13:46:12.699+0000][7][gc,age      ] GC(14) - age   6:   28148144 bytes,   69903576 total
[2025-10-21T13:46:12.699+0000][7][gc,age      ] GC(14) - age   7:    2191584 bytes,   72095160 total
[2025-10-21T13:46:12.699+0000][7][gc,age      ] GC(14) - age   8:    3104736 bytes,   75199896 total
[2025-10-21T13:46:12.699+0000][7][gc,age      ] GC(14) - age   9:     909584 bytes,   76109480 total
[2025-10-21T13:46:12.699+0000][7][gc,age      ] GC(14) - age  10:    2953176 bytes,   79062656 total
[2025-10-21T13:46:12.699+0000][7][gc,heap     ] GC(14) Eden regions: 286->0(265)
[2025-10-21T13:46:12.699+0000][7][gc,heap     ] GC(14) Survivor regions: 19->21(39)
[2025-10-21T13:46:12.699+0000][7][gc,heap     ] GC(14) Old regions: 3->3
[2025-10-21T13:46:12.699+0000][7][gc,heap     ] GC(14) Humongous regions: 2->2
[2025-10-21T13:46:12.699+0000][7][gc,metaspace] GC(14) Metaspace: 109839K(112640K)->109839K(112640K) NonClass: 94436K(95936K)->94436K(95936K) Class: 15402K(16704K)->15402K(16704K)
[2025-10-21T13:46:12.699+0000][7][gc          ] GC(14) Pause Young (Normal) (G1 Evacuation Pause) 1234M->100M(3072M) 97.821ms
[2025-10-21T13:46:12.699+0000][7][gc,cpu      ] GC(14) User=0.18s Sys=0.30s Real=0.10s
[2025-10-21T13:46:12.699+0000][7][safepoint   ] Safepoint "G1CollectForAllocation", Time since last: 13918267636 ns, Reaching safepoint: 21987 ns, Cleanup: 3605 ns, At safepoint: 97893881 ns, Total: 97919473 ns
[2025-10-21T13:46:28.701+0000][7][safepoint   ] Safepoint "Cleanup", Time since last: 16001587590 ns, Reaching safepoint: 26524 ns, Cleanup: 6402 ns, At safepoint: 5464 ns, Total: 38390 ns
[2025-10-21T13:46:31.702+0000][7][safepoint   ] Safepoint "Cleanup", Time since last: 3000550316 ns, Reaching safepoint: 8387 ns, Cleanup: 7273 ns, At safepoint: 5960 ns, Total: 21620 ns
[2025-10-21T13:46:43.703+0000][7][safepoint   ] Safepoint "Cleanup", Time since last: 12000851954 ns, Reaching safepoint: 22859 ns, Cleanup: 9045 ns, At safepoint: 5803 ns, Total: 37707 ns
[2025-10-21T13:46:58.704+0000][7][safepoint   ] Safepoint "Cleanup", Time since last: 15001036251 ns, Reaching safepoint: 42598 ns, Cleanup: 6503 ns, At safepoint: 6487 ns, Total: 55588 ns
[2025-10-21T13:47:34.707+0000][7][safepoint   ] Safepoint "Cleanup", Time since last: 36003615657 ns, Reaching safepoint: 12202 ns, Cleanup: 7204 ns, At safepoint: 4322 ns, Total: 23728 ns
[2025-10-21T13:47:53.709+0000][7][safepoint   ] Safepoint "Cleanup", Time since last: 19001350624 ns, Reaching safepoint: 39302 ns, Cleanup: 8178 ns, At safepoint: 5378 ns, Total: 52858 ns
[2025-10-21T13:48:02.710+0000][7][safepoint   ] Safepoint "Cleanup", Time since last: 9000834849 ns, Reaching safepoint: 99343 ns, Cleanup: 7277 ns, At safepoint: 4996 ns, Total: 111616 ns
[2025-10-21T13:48:17.711+0000][7][safepoint   ] Safepoint "Cleanup", Time since last: 15001186825 ns, Reaching safepoint: 29575 ns, Cleanup: 14807 ns, At safepoint: 6689 ns, Total: 51071 ns
[2025-10-21T13:48:27.712+0000][7][safepoint   ] Safepoint "Cleanup", Time since last: 10000743662 ns, Reaching safepoint: 26205 ns, Cleanup: 9914 ns, At safepoint: 6482 ns, Total: 42601 ns
[2025-10-21T13:48:28.712+0000][7][safepoint   ] Safepoint "Cleanup", Time since last: 1000096924 ns, Reaching safepoint: 15036 ns, Cleanup: 46227 ns, At safepoint: 6810 ns, Total: 68073 ns
[2025-10-21T13:48:37.713+0000][7][safepoint   ] Safepoint "Cleanup", Time since last: 9000791371 ns, Reaching safepoint: 17849 ns, Cleanup: 9872 ns, At safepoint: 5776 ns, Total: 33497 ns
[2025-10-21T13:48:59.714+0000][7][safepoint   ] Safepoint "Cleanup", Time since last: 22001515109 ns, Reaching safepoint: 94123 ns, Cleanup: 6775 ns, At safepoint: 5710 ns, Total: 106608 ns
[2025-10-21T13:49:00.716+0000][7][safepoint   ] Safepoint "Cleanup", Time since last: 1001591369 ns, Reaching safepoint: 15722 ns, Cleanup: 8758 ns, At safepoint: 5702 ns, Total: 30182 ns
[2025-10-21T13:49:49.719+0000][7][safepoint   ] Safepoint "Cleanup", Time since last: 49003160470 ns, Reaching safepoint: 47937 ns, Cleanup: 7776 ns, At safepoint: 6008 ns, Total: 61721 ns
[2025-10-21T13:49:57.721+0000][7][safepoint   ] Safepoint "Cleanup", Time since last: 8002002514 ns, Reaching safepoint: 51545 ns, Cleanup: 10332 ns, At safepoint: 7252 ns, Total: 69129 ns
[2025-10-21T13:50:25.723+0000][7][safepoint   ] Safepoint "Cleanup", Time since last: 28001915932 ns, Reaching safepoint: 29817 ns, Cleanup: 8369 ns, At safepoint: 5249 ns, Total: 43435 ns
[2025-10-21T13:50:54.727+0000][7][safepoint   ] Safepoint "Cleanup", Time since last: 29003534236 ns, Reaching safepoint: 12728 ns, Cleanup: 38353 ns, At safepoint: 5673 ns, Total: 56754 ns
[2025-10-21T13:50:59.728+0000][7][safepoint   ] Safepoint "Cleanup", Time since last: 5001574946 ns, Reaching safepoint: 11794 ns, Cleanup: 9382 ns, At safepoint: 5645 ns, Total: 26821 ns
[2025-10-21T13:51:18.730+0000][7][safepoint   ] Safepoint "Cleanup", Time since last: 19001549205 ns, Reaching safepoint: 20351 ns, Cleanup: 9041 ns, At safepoint: 4348 ns, Total: 33740 ns
[2025-10-21T13:51:53.813+0000][7][safepoint   ] Safepoint "Cleanup", Time since last: 35083264360 ns, Reaching safepoint: 20141 ns, Cleanup: 9018 ns, At safepoint: 4610 ns, Total: 33769 ns
[2025-10-21T13:53:02.819+0000][7][safepoint   ] Safepoint "Cleanup", Time since last: 69005502371 ns, Reaching safepoint: 35068 ns, Cleanup: 55661 ns, At safepoint: 6243 ns, Total: 96972 ns
[2025-10-21T13:53:04.820+0000][7][safepoint   ] Safepoint "Cleanup", Time since last: 2000810014 ns, Reaching safepoint: 17781 ns, Cleanup: 14103 ns, At safepoint: 6939 ns, Total: 38823 ns
[2025-10-21T13:53:08.820+0000][7][safepoint   ] Safepoint "Cleanup", Time since last: 4000302424 ns, Reaching safepoint: 13423 ns, Cleanup: 10481 ns, At safepoint: 5434 ns, Total: 29338 ns
[2025-10-21T13:53:53.823+0000][7][safepoint   ] Safepoint "Cleanup", Time since last: 45003154478 ns, Reaching safepoint: 152779 ns, Cleanup: 29113 ns, At safepoint: 10104 ns, Total: 191996 ns
[2025-10-21T13:55:09.830+0000][7][safepoint   ] Safepoint "Cleanup", Time since last: 76006697624 ns, Reaching safepoint: 379235 ns, Cleanup: 19979 ns, At safepoint: 5602 ns, Total: 404816 ns
[2025-10-21T13:55:11.832+0000][7][safepoint   ] Safepoint "Cleanup", Time since last: 2001681337 ns, Reaching safepoint: 61679 ns, Cleanup: 32122 ns, At safepoint: 6204 ns, Total: 100005 ns
[2025-10-21T13:55:23.833+0000][7][safepoint   ] Safepoint "Cleanup", Time since last: 12000884678 ns, Reaching safepoint: 10633 ns, Cleanup: 9224 ns, At safepoint: 4948 ns, Total: 24805 ns
[2025-10-21T13:55:25.833+0000][7][safepoint   ] Safepoint "Cleanup", Time since last: 2000192508 ns, Reaching safepoint: 9445 ns, Cleanup: 7764 ns, At safepoint: 5174 ns, Total: 22383 ns
[2025-10-21T13:55:35.834+0000][7][safepoint   ] Safepoint "Cleanup", Time since last: 10000651876 ns, Reaching safepoint: 21911 ns, Cleanup: 19301 ns, At safepoint: 24776 ns, Total: 65988 ns
[2025-10-21T13:55:40.835+0000][7][safepoint   ] Safepoint "Cleanup", Time since last: 5000387329 ns, Reaching safepoint: 42314 ns, Cleanup: 33675 ns, At safepoint: 6205 ns, Total: 82194 ns
[2025-10-21T13:55:46.835+0000][7][safepoint   ] Safepoint "Cleanup", Time since last: 6000382566 ns, Reaching safepoint: 21574 ns, Cleanup: 10265 ns, At safepoint: 4564 ns, Total: 36403 ns
[2025-10-21T13:55:47.835+0000][7][safepoint   ] Safepoint "Cleanup", Time since last: 1000083946 ns, Reaching safepoint: 9099 ns, Cleanup: 7341 ns, At safepoint: 4381 ns, Total: 20821 ns
[2025-10-21T13:55:56.836+0000][7][safepoint   ] Safepoint "Cleanup", Time since last: 9000604823 ns, Reaching safepoint: 9320 ns, Cleanup: 9314 ns, At safepoint: 3857 ns, Total: 22491 ns
[2025-10-21T13:56:37.839+0000][7][safepoint   ] Safepoint "Cleanup", Time since last: 41003220447 ns, Reaching safepoint: 40715 ns, Cleanup: 10510 ns, At safepoint: 4831 ns, Total: 56056 ns
[2025-10-21T13:57:22.842+0000][7][safepoint   ] Safepoint "Cleanup", Time since last: 45002998688 ns, Reaching safepoint: 50767 ns, Cleanup: 8187 ns, At safepoint: 5222 ns, Total: 64176 ns
[2025-10-21T13:57:37.845+0000][7][safepoint   ] Safepoint "Cleanup", Time since last: 15003036190 ns, Reaching safepoint: 13203 ns, Cleanup: 10542 ns, At safepoint: 5094 ns, Total: 28839 ns
[2025-10-21T13:57:52.846+0000][7][safepoint   ] Safepoint "Cleanup", Time since last: 15000989777 ns, Reaching safepoint: 19933 ns, Cleanup: 9200 ns, At safepoint: 4761 ns, Total: 33894 ns
[2025-10-21T13:57:58.847+0000][7][safepoint   ] Safepoint "Cleanup", Time since last: 6000430236 ns, Reaching safepoint: 30179 ns, Cleanup: 11094 ns, At safepoint: 13541 ns, Total: 54814 ns
[2025-10-21T13:58:00.847+0000][7][safepoint   ] Safepoint "Cleanup", Time since last: 2000176922 ns, Reaching safepoint: 14673 ns, Cleanup: 15622 ns, At safepoint: 7465 ns, Total: 37760 ns
[2025-10-21T13:59:38.943+0000][7][safepoint   ] Safepoint "Cleanup", Time since last: 98095714532 ns, Reaching safepoint: 12585 ns, Cleanup: 8379 ns, At safepoint: 4557 ns, Total: 25521 ns
[2025-10-21T13:59:53.945+0000][7][safepoint   ] Safepoint "Cleanup", Time since last: 15002778647 ns, Reaching safepoint: 22315 ns, Cleanup: 8403 ns, At safepoint: 4307 ns, Total: 35025 ns
[2025-10-21T13:59:58.946+0000][7][safepoint   ] Safepoint "Cleanup", Time since last: 5000344841 ns, Reaching safepoint: 8163 ns, Cleanup: 6978 ns, At safepoint: 4596 ns, Total: 19737 ns
[2025-10-21T14:00:11.947+0000][7][safepoint   ] Safepoint "Cleanup", Time since last: 13000920486 ns, Reaching safepoint: 77650 ns, Cleanup: 28665 ns, At safepoint: 18456 ns, Total: 124771 ns
[2025-10-21T14:00:15.947+0000][7][safepoint   ] Safepoint "Cleanup", Time since last: 4000335536 ns, Reaching safepoint: 155320 ns, Cleanup: 17677 ns, At safepoint: 5132 ns, Total: 178129 ns
[2025-10-21T14:01:41.978+0000][7][safepoint   ] Safepoint "Cleanup", Time since last: 86030389966 ns, Reaching safepoint: 11764 ns, Cleanup: 7970 ns, At safepoint: 5094 ns, Total: 24828 ns
[2025-10-21T14:01:57.980+0000][7][safepoint   ] Safepoint "Cleanup", Time since last: 16002711567 ns, Reaching safepoint: 30056 ns, Cleanup: 9752 ns, At safepoint: 5598 ns, Total: 45406 ns
[2025-10-21T14:03:07.985+0000][7][safepoint   ] Safepoint "Cleanup", Time since last: 70004579351 ns, Reaching safepoint: 208984 ns, Cleanup: 17799 ns, At safepoint: 5071 ns, Total: 231854 ns
[2025-10-21T14:03:08.987+0000][7][safepoint   ] Safepoint "Cleanup", Time since last: 1001440533 ns, Reaching safepoint: 11592 ns, Cleanup: 10265 ns, At safepoint: 5790 ns, Total: 27647 ns
[2025-10-21T14:03:25.988+0000][7][safepoint   ] Safepoint "Cleanup", Time since last: 17001303980 ns, Reaching safepoint: 28512 ns, Cleanup: 10889 ns, At safepoint: 5878 ns, Total: 45279 ns
[2025-10-21T14:03:37.989+0000][7][safepoint   ] Safepoint "Cleanup", Time since last: 12000753099 ns, Reaching safepoint: 81326 ns, Cleanup: 9285 ns, At safepoint: 4884 ns, Total: 95495 ns
[2025-10-21T14:03:50.991+0000][7][safepoint   ] Safepoint "Cleanup", Time since last: 13002320246 ns, Reaching safepoint: 29703 ns, Cleanup: 10254 ns, At safepoint: 6012 ns, Total: 45969 ns
[2025-10-21T14:03:52.991+0000][7][safepoint   ] Safepoint "Cleanup", Time since last: 2000150942 ns, Reaching safepoint: 9937 ns, Cleanup: 25195 ns, At safepoint: 4211 ns, Total: 39343 ns
[2025-10-21T14:03:56.992+0000][7][safepoint   ] Safepoint "Cleanup", Time since last: 4000226678 ns, Reaching safepoint: 8506 ns, Cleanup: 9585 ns, At safepoint: 4183 ns, Total: 22274 ns
[2025-10-21T14:04:26.994+0000][7][safepoint   ] Safepoint "Cleanup", Time since last: 30001808414 ns, Reaching safepoint: 23566 ns, Cleanup: 8377 ns, At safepoint: 11262 ns, Total: 43205 ns
[2025-10-21T14:04:28.994+0000][7][safepoint   ] Safepoint "Cleanup", Time since last: 2000170196 ns, Reaching safepoint: 12265 ns, Cleanup: 10018 ns, At safepoint: 5363 ns, Total: 27646 ns
[2025-10-21T14:04:32.994+0000][7][safepoint   ] Safepoint "Cleanup", Time since last: 4000272025 ns, Reaching safepoint: 21388 ns, Cleanup: 8455 ns, At safepoint: 4332 ns, Total: 34175 ns
[2025-10-21T14:04:58.996+0000][7][safepoint   ] Safepoint "Cleanup", Time since last: 26001735723 ns, Reaching safepoint: 21740 ns, Cleanup: 9793 ns, At safepoint: 4639 ns, Total: 36172 ns
[2025-10-21T14:05:13.997+0000][7][safepoint   ] Safepoint "Cleanup", Time since last: 15000910886 ns, Reaching safepoint: 66270 ns, Cleanup: 9443 ns, At safepoint: 7107 ns, Total: 82820 ns
[2025-10-21T14:05:28.998+0000][7][safepoint   ] Safepoint "Cleanup", Time since last: 15001031874 ns, Reaching safepoint: 23457 ns, Cleanup: 10983 ns, At safepoint: 4245 ns, Total: 38685 ns
[2025-10-21T14:05:59.000+0000][7][safepoint   ] Safepoint "Cleanup", Time since last: 30001760667 ns, Reaching safepoint: 30368 ns, Cleanup: 8812 ns, At safepoint: 4494 ns, Total: 43674 ns
[2025-10-21T14:06:36.002+0000][7][safepoint   ] Safepoint "Cleanup", Time since last: 37002194995 ns, Reaching safepoint: 10285 ns, Cleanup: 44164 ns, At safepoint: 5573 ns, Total: 60022 ns
[2025-10-21T14:06:54.003+0000][7][safepoint   ] Safepoint "Cleanup", Time since last: 18001179684 ns, Reaching safepoint: 39447 ns, Cleanup: 13246 ns, At safepoint: 10749 ns, Total: 63442 ns
[2025-10-21T14:06:59.005+0000][7][safepoint   ] Safepoint "Cleanup", Time since last: 5001441010 ns, Reaching safepoint: 17833 ns, Cleanup: 14358 ns, At safepoint: 5884 ns, Total: 38075 ns
[2025-10-21T14:07:54.076+0000][7][safepoint   ] Safepoint "Cleanup", Time since last: 55071402901 ns, Reaching safepoint: 28451 ns, Cleanup: 8458 ns, At safepoint: 5446 ns, Total: 42355 ns
[2025-10-21T14:07:59.077+0000][7][safepoint   ] Safepoint "Cleanup", Time since last: 5000683951 ns, Reaching safepoint: 21765 ns, Cleanup: 28352 ns, At safepoint: 5365 ns, Total: 55482 ns
[2025-10-21T14:08:20.082+0000][7][safepoint   ] Safepoint "Cleanup", Time since last: 21004884333 ns, Reaching safepoint: 29783 ns, Cleanup: 7711 ns, At safepoint: 4332 ns, Total: 41826 ns
[2025-10-21T14:08:29.083+0000][7][safepoint   ] Safepoint "Cleanup", Time since last: 9000851595 ns, Reaching safepoint: 28429 ns, Cleanup: 9503 ns, At safepoint: 5440 ns, Total: 43372 ns
[2025-10-21T14:08:51.091+0000][7][safepoint   ] Safepoint "Cleanup", Time since last: 22008386994 ns, Reaching safepoint: 25505 ns, Cleanup: 9567 ns, At safepoint: 5805 ns, Total: 40877 ns
[2025-10-21T14:08:59.092+0000][7][safepoint   ] Safepoint "Cleanup", Time since last: 8000588273 ns, Reaching safepoint: 34910 ns, Cleanup: 9819 ns, At safepoint: 7164 ns, Total: 51893 ns
[2025-10-21T14:09:29.094+0000][7][safepoint   ] Safepoint "Cleanup", Time since last: 30002306386 ns, Reaching safepoint: 26555 ns, Cleanup: 37612 ns, At safepoint: 5382 ns, Total: 69549 ns
[2025-10-21T14:11:36.141+0000][7][safepoint   ] Safepoint "Cleanup", Time since last: 127046562668 ns, Reaching safepoint: 11757 ns, Cleanup: 8190 ns, At safepoint: 4801 ns, Total: 24748 ns
[2025-10-21T14:12:28.149+0000][7][safepoint   ] Safepoint "Cleanup", Time since last: 52007723131 ns, Reaching safepoint: 27004 ns, Cleanup: 10767 ns, At safepoint: 7418 ns, Total: 45189 ns
[2025-10-21T14:12:29.150+0000][7][safepoint   ] Safepoint "Cleanup", Time since last: 1001538408 ns, Reaching safepoint: 15725 ns, Cleanup: 10357 ns, At safepoint: 5288 ns, Total: 31370 ns
[2025-10-21T14:12:49.151+0000][7][safepoint   ] Safepoint "Cleanup", Time since last: 20001288774 ns, Reaching safepoint: 58646 ns, Cleanup: 9400 ns, At safepoint: 7257 ns, Total: 75303 ns
[2025-10-21T14:13:09.153+0000][7][safepoint   ] Safepoint "Cleanup", Time since last: 20001473714 ns, Reaching safepoint: 45723 ns, Cleanup: 8192 ns, At safepoint: 4495 ns, Total: 58410 ns
[2025-10-21T14:13:13.153+0000][7][safepoint   ] Safepoint "Cleanup", Time since last: 4000285932 ns, Reaching safepoint: 11102 ns, Cleanup: 8205 ns, At safepoint: 4237 ns, Total: 23544 ns
[2025-10-21T14:13:15.153+0000][7][safepoint   ] Safepoint "Cleanup", Time since last: 2000165693 ns, Reaching safepoint: 14264 ns, Cleanup: 8624 ns, At safepoint: 5992 ns, Total: 28880 ns
[2025-10-21T14:13:48.176+0000][7][safepoint   ] Safepoint "Cleanup", Time since last: 33022298129 ns, Reaching safepoint: 16178 ns, Cleanup: 7884 ns, At safepoint: 4917 ns, Total: 28979 ns
[2025-10-21T14:13:50.176+0000][7][safepoint   ] Safepoint "Cleanup", Time since last: 2000373145 ns, Reaching safepoint: 9769 ns, Cleanup: 8576 ns, At safepoint: 6321 ns, Total: 24666 ns
[2025-10-21T14:14:58.192+0000][7][safepoint   ] Safepoint "Cleanup", Time since last: 68015750659 ns, Reaching safepoint: 27823 ns, Cleanup: 9481 ns, At safepoint: 6022 ns, Total: 43326 ns
[2025-10-21T14:14:59.194+0000][7][safepoint   ] Safepoint "Cleanup", Time since last: 1001946391 ns, Reaching safepoint: 8615 ns, Cleanup: 7741 ns, At safepoint: 4577 ns, Total: 20933 ns
[2025-10-21T14:16:09.209+0000][7][safepoint   ] Safepoint "Cleanup", Time since last: 70015147315 ns, Reaching safepoint: 25789 ns, Cleanup: 8068 ns, At safepoint: 5752 ns, Total: 39609 ns
[2025-10-21T14:16:38.213+0000][7][safepoint   ] Safepoint "Cleanup", Time since last: 29003585573 ns, Reaching safepoint: 41614 ns, Cleanup: 7881 ns, At safepoint: 6336 ns, Total: 55831 ns
[2025-10-21T14:16:45.214+0000][7][safepoint   ] Safepoint "Cleanup", Time since last: 7000855289 ns, Reaching safepoint: 10142 ns, Cleanup: 19369 ns, At safepoint: 5061 ns, Total: 34572 ns
[2025-10-21T14:17:59.219+0000][7][safepoint   ] Safepoint "Cleanup", Time since last: 74005027527 ns, Reaching safepoint: 162122 ns, Cleanup: 10305 ns, At safepoint: 9915 ns, Total: 182342 ns
[2025-10-21T14:18:12.221+0000][7][safepoint   ] Safepoint "Cleanup", Time since last: 13002399009 ns, Reaching safepoint: 101290 ns, Cleanup: 8638 ns, At safepoint: 6828 ns, Total: 116756 ns
[2025-10-21T14:18:26.223+0000][7][safepoint   ] Safepoint "Cleanup", Time since last: 14001267371 ns, Reaching safepoint: 71773 ns, Cleanup: 9102 ns, At safepoint: 4580 ns, Total: 85455 ns
[2025-10-21T14:19:54.229+0000][7][safepoint   ] Safepoint "Cleanup", Time since last: 88006555738 ns, Reaching safepoint: 133915 ns, Cleanup: 9492 ns, At safepoint: 7684 ns, Total: 151091 ns
[2025-10-21T14:20:59.236+0000][7][safepoint   ] Safepoint "Cleanup", Time since last: 65006506667 ns, Reaching safepoint: 29779 ns, Cleanup: 8098 ns, At safepoint: 6625 ns, Total: 44502 ns
[2025-10-21T14:21:46.241+0000][7][safepoint   ] Safepoint "Cleanup", Time since last: 47005233977 ns, Reaching safepoint: 28411 ns, Cleanup: 61998 ns, At safepoint: 5431 ns, Total: 95840 ns
[2025-10-21T14:23:09.249+0000][7][safepoint   ] Safepoint "Cleanup", Time since last: 83007816525 ns, Reaching safepoint: 63709 ns, Cleanup: 8936 ns, At safepoint: 4864 ns, Total: 77509 ns
[2025-10-21T14:23:29.252+0000][7][safepoint   ] Safepoint "Cleanup", Time since last: 20002671500 ns, Reaching safepoint: 27828 ns, Cleanup: 14472 ns, At safepoint: 5736 ns, Total: 48036 ns
[2025-10-21T14:24:07.256+0000][7][safepoint   ] Safepoint "Cleanup", Time since last: 38003923279 ns, Reaching safepoint: 38648 ns, Cleanup: 32557 ns, At safepoint: 8752 ns, Total: 79957 ns
[2025-10-21T14:24:57.363+0000][7][safepoint   ] Safepoint "Cleanup", Time since last: 50106834652 ns, Reaching safepoint: 27363 ns, Cleanup: 15307 ns, At safepoint: 28296 ns, Total: 70966 ns
[2025-10-21T14:25:10.365+0000][7][safepoint   ] Safepoint "Cleanup", Time since last: 13002422355 ns, Reaching safepoint: 99461 ns, Cleanup: 42274 ns, At safepoint: 5427 ns, Total: 147162 ns
[2025-10-21T14:25:51.379+0000][7][safepoint   ] Safepoint "Cleanup", Time since last: 41013023152 ns, Reaching safepoint: 28530 ns, Cleanup: 8588 ns, At safepoint: 5188 ns, Total: 42306 ns
[2025-10-21T14:26:46.393+0000][7][safepoint   ] Safepoint "Cleanup", Time since last: 55014527871 ns, Reaching safepoint: 70850 ns, Cleanup: 74029 ns, At safepoint: 5557 ns, Total: 150436 ns
[2025-10-21T14:26:54.395+0000][7][safepoint   ] Safepoint "Cleanup", Time since last: 8002011298 ns, Reaching safepoint: 13080 ns, Cleanup: 8725 ns, At safepoint: 5615 ns, Total: 27420 ns
[2025-10-21T14:27:25.398+0000][7][safepoint   ] Safepoint "Cleanup", Time since last: 31002761389 ns, Reaching safepoint: 47610 ns, Cleanup: 14725 ns, At safepoint: 7779 ns, Total: 70114 ns
[2025-10-21T14:27:38.409+0000][7][safepoint   ] Safepoint "Cleanup", Time since last: 13011004048 ns, Reaching safepoint: 20654 ns, Cleanup: 7767 ns, At safepoint: 6054 ns, Total: 34475 ns
[2025-10-21T14:28:53.414+0000][7][safepoint   ] Safepoint "Cleanup", Time since last: 75004962008 ns, Reaching safepoint: 385468 ns, Cleanup: 18004 ns, At safepoint: 5164 ns, Total: 408636 ns
[2025-10-21T14:29:04.417+0000][7][safepoint   ] Safepoint "Cleanup", Time since last: 11002112835 ns, Reaching safepoint: 30397 ns, Cleanup: 8491 ns, At safepoint: 7075 ns, Total: 45963 ns
[2025-10-21T14:29:28.419+0000][7][safepoint   ] Safepoint "Cleanup", Time since last: 24001649458 ns, Reaching safepoint: 251016 ns, Cleanup: 11595 ns, At safepoint: 9695 ns, Total: 272306 ns
[2025-10-21T14:29:57.443+0000][7][safepoint   ] Safepoint "Cleanup", Time since last: 29023932858 ns, Reaching safepoint: 200128 ns, Cleanup: 16938 ns, At safepoint: 7539 ns, Total: 224605 ns
[2025-10-21T14:30:27.446+0000][7][safepoint   ] Safepoint "Cleanup", Time since last: 30003472242 ns, Reaching safepoint: 28974 ns, Cleanup: 9014 ns, At safepoint: 5981 ns, Total: 43969 ns
[2025-10-21T14:31:30.451+0000][7][safepoint   ] Safepoint "Cleanup", Time since last: 63004476177 ns, Reaching safepoint: 233769 ns, Cleanup: 8051 ns, At safepoint: 5213 ns, Total: 247033 ns
[2025-10-21T14:32:02.454+0000][7][safepoint   ] Safepoint "Cleanup", Time since last: 32002964140 ns, Reaching safepoint: 495315 ns, Cleanup: 63569 ns, At safepoint: 10339 ns, Total: 569223 ns
[2025-10-21T14:32:09.456+0000][7][safepoint   ] Safepoint "Cleanup", Time since last: 7001189940 ns, Reaching safepoint: 29111 ns, Cleanup: 9521 ns, At safepoint: 8075 ns, Total: 46707 ns
[2025-10-21T14:32:58.491+0000][7][safepoint   ] Safepoint "Cleanup", Time since last: 49035277548 ns, Reaching safepoint: 33510 ns, Cleanup: 24538 ns, At safepoint: 8201 ns, Total: 66249 ns
[2025-10-21T14:33:02.493+0000][7][safepoint   ] Safepoint "Cleanup", Time since last: 4001667131 ns, Reaching safepoint: 15048 ns, Cleanup: 7658 ns, At safepoint: 3537 ns, Total: 26243 ns
[2025-10-21T14:33:09.493+0000][7][safepoint   ] Safepoint "Cleanup", Time since last: 7000461413 ns, Reaching safepoint: 20861 ns, Cleanup: 9990 ns, At safepoint: 6184 ns, Total: 37035 ns
[2025-10-21T14:33:45.505+0000][7][safepoint   ] Safepoint "Cleanup", Time since last: 36011820987 ns, Reaching safepoint: 18971 ns, Cleanup: 12878 ns, At safepoint: 8270 ns, Total: 40119 ns
[2025-10-21T14:34:34.509+0000][7][safepoint   ] Safepoint "Cleanup", Time since last: 49004029521 ns, Reaching safepoint: 38033 ns, Cleanup: 9308 ns, At safepoint: 6463 ns, Total: 53804 ns
[2025-10-21T14:35:09.523+0000][7][safepoint   ] Safepoint "Cleanup", Time since last: 35013829061 ns, Reaching safepoint: 23263 ns, Cleanup: 9065 ns, At safepoint: 4961 ns, Total: 37289 ns
[2025-10-21T14:35:28.526+0000][7][safepoint   ] Safepoint "Cleanup", Time since last: 19002791520 ns, Reaching safepoint: 29264 ns, Cleanup: 27820 ns, At safepoint: 6824 ns, Total: 63908 ns
[2025-10-21T14:36:25.073+0000][7][gc,start    ] GC(15) Pause Young (Normal) (G1 Evacuation Pause)
[2025-10-21T14:36:25.076+0000][7][gc,task     ] GC(15) Using 8 workers of 8 for evacuation
[2025-10-21T14:36:25.076+0000][7][gc,age      ] GC(15) Desired survivor size 75497472 bytes, new threshold 9 (max threshold 15)
[2025-10-21T14:36:25.313+0000][7][gc,mmu      ] GC(15) MMU target violated: 201.0ms (200.0ms/201.0ms)
[2025-10-21T14:36:25.313+0000][7][gc,phases   ] GC(15)   Pre Evacuate Collection Set: 2.06ms
[2025-10-21T14:36:25.313+0000][7][gc,phases   ] GC(15)   Merge Heap Roots: 0.27ms
[2025-10-21T14:36:25.313+0000][7][gc,phases   ] GC(15)   Evacuate Collection Set: 231.39ms
[2025-10-21T14:36:25.313+0000][7][gc,phases   ] GC(15)   Post Evacuate Collection Set: 3.69ms
[2025-10-21T14:36:25.313+0000][7][gc,phases   ] GC(15)   Other: 0.64ms
[2025-10-21T14:36:25.313+0000][7][gc,age      ] GC(15) Age table with threshold 9 (max threshold 15)
[2025-10-21T14:36:25.313+0000][7][gc,age      ] GC(15) - age   1:     568544 bytes,     568544 total
[2025-10-21T14:36:25.313+0000][7][gc,age      ] GC(15) - age   2:   12705784 bytes,   13274328 total
[2025-10-21T14:36:25.313+0000][7][gc,age      ] GC(15) - age   3:   18011248 bytes,   31285576 total
[2025-10-21T14:36:25.313+0000][7][gc,age      ] GC(15) - age   4:   10843512 bytes,   42129088 total
[2025-10-21T14:36:25.313+0000][7][gc,age      ] GC(15) - age   5:      42152 bytes,   42171240 total
[2025-10-21T14:36:25.313+0000][7][gc,age      ] GC(15) - age   6:      35232 bytes,   42206472 total
[2025-10-21T14:36:25.313+0000][7][gc,age      ] GC(15) - age   7:   28148144 bytes,   70354616 total
[2025-10-21T14:36:25.313+0000][7][gc,age      ] GC(15) - age   8:    2191584 bytes,   72546200 total
[2025-10-21T14:36:25.313+0000][7][gc,age      ] GC(15) - age   9:    3104736 bytes,   75650936 total
[2025-10-21T14:36:25.313+0000][7][gc,heap     ] GC(15) Eden regions: 265->0(50)
[2025-10-21T14:36:25.313+0000][7][gc,heap     ] GC(15) Survivor regions: 21->20(36)
[2025-10-21T14:36:25.313+0000][7][gc,heap     ] GC(15) Old regions: 3->4
[2025-10-21T14:36:25.313+0000][7][gc,heap     ] GC(15) Humongous regions: 2->2
[2025-10-21T14:36:25.313+0000][7][gc,metaspace] GC(15) Metaspace: 110148K(112896K)->110148K(112896K) NonClass: 94744K(96192K)->94744K(96192K) Class: 15404K(16704K)->15404K(16704K)
[2025-10-21T14:36:25.315+0000][7][gc          ] GC(15) Pause Young (Normal) (G1 Evacuation Pause) 1160M->100M(3072M) 239.977ms
[2025-10-21T14:36:25.315+0000][7][gc,cpu      ] GC(15) User=0.19s Sys=0.66s Real=0.25s
[2025-10-21T14:36:25.315+0000][7][safepoint   ] Safepoint "G1CollectForAllocation", Time since last: 56547288360 ns, Reaching safepoint: 169442 ns, Cleanup: 14401 ns, At safepoint: 241552554 ns, Total: 241736397 ns
[2025-10-21T14:36:26.315+0000][7][safepoint   ] Safepoint "Cleanup", Time since last: 1000111897 ns, Reaching safepoint: 92883 ns, Cleanup: 7586 ns, At safepoint: 7359 ns, Total: 107828 ns
[2025-10-21T14:36:29.316+0000][7][safepoint   ] Safepoint "Cleanup", Time since last: 3000306326 ns, Reaching safepoint: 71578 ns, Cleanup: 8573 ns, At safepoint: 6737 ns, Total: 86888 ns
[2025-10-21T14:36:35.554+0000][7][safepoint   ] Safepoint "Cleanup", Time since last: 6238747384 ns, Reaching safepoint: 20216 ns, Cleanup: 9275 ns, At safepoint: 6043 ns, Total: 35534 ns
[2025-10-21T14:36:49.556+0000][7][safepoint   ] Safepoint "Cleanup", Time since last: 14001486958 ns, Reaching safepoint: 30501 ns, Cleanup: 7817 ns, At safepoint: 6486 ns, Total: 44804 ns
[2025-10-21T14:37:29.559+0000][7][safepoint   ] Safepoint "Cleanup", Time since last: 40002705979 ns, Reaching safepoint: 26660 ns, Cleanup: 26858 ns, At safepoint: 6926 ns, Total: 60444 ns
[2025-10-21T14:37:32.559+0000][7][safepoint   ] Safepoint "Cleanup", Time since last: 3000373902 ns, Reaching safepoint: 30107 ns, Cleanup: 9516 ns, At safepoint: 6996 ns, Total: 46619 ns
[2025-10-21T14:37:58.573+0000][7][safepoint   ] Safepoint "Cleanup", Time since last: 26013157144 ns, Reaching safepoint: 289113 ns, Cleanup: 18541 ns, At safepoint: 6711 ns, Total: 314365 ns
[2025-10-21T14:38:10.575+0000][7][safepoint   ] Safepoint "Cleanup", Time since last: 12002263235 ns, Reaching safepoint: 30753 ns, Cleanup: 70688 ns, At safepoint: 6511 ns, Total: 107952 ns
[2025-10-21T14:38:54.588+0000][7][safepoint   ] Safepoint "Cleanup", Time since last: 44012651729 ns, Reaching safepoint: 35398 ns, Cleanup: 10908 ns, At safepoint: 6615 ns, Total: 52921 ns
[2025-10-21T14:38:59.589+0000][7][safepoint   ] Safepoint "Cleanup", Time since last: 5001750578 ns, Reaching safepoint: 24276 ns, Cleanup: 8614 ns, At safepoint: 4833 ns, Total: 37723 ns
[2025-10-21T14:39:00.590+0000][7][safepoint   ] Safepoint "Cleanup", Time since last: 1000095559 ns, Reaching safepoint: 15597 ns, Cleanup: 8963 ns, At safepoint: 6309 ns, Total: 30869 ns
