[2025-10-15T18:28:41.687+0000][7][gc,init] CardTable entry size: 512
[2025-10-15T18:28:41.687+0000][7][gc     ] Using G1
[2025-10-15T18:28:42.390+0000][7][gc,init] Version: 22.0.2+9-70 (release)
[2025-10-15T18:28:42.390+0000][7][gc,init] CPUs: 8 total, 8 available
[2025-10-15T18:28:42.390+0000][7][gc,init] Memory: 15822M
[2025-10-15T18:28:42.390+0000][7][gc,init] Large Page Support: Disabled
[2025-10-15T18:28:42.390+0000][7][gc,init] NUMA Support: Disabled
[2025-10-15T18:28:42.390+0000][7][gc,init] Compressed Oops: Enabled (Zero based)
[2025-10-15T18:28:42.390+0000][7][gc,init] Heap Region Size: 4M
[2025-10-15T18:28:42.390+0000][7][gc,init] Heap Min Capacity: 3G
[2025-10-15T18:28:42.390+0000][7][gc,init] Heap Initial Capacity: 3G
[2025-10-15T18:28:42.390+0000][7][gc,init] Heap Max Capacity: 3G
[2025-10-15T18:28:42.390+0000][7][gc,init] Pre-touch: Enabled
[2025-10-15T18:28:42.390+0000][7][gc,init] Parallel Workers: 8
[2025-10-15T18:28:42.390+0000][7][gc,init] Concurrent Workers: 2
[2025-10-15T18:28:42.390+0000][7][gc,init] Concurrent Refinement Workers: 8
[2025-10-15T18:28:42.390+0000][7][gc,init] Periodic GC: Disabled
[2025-10-15T18:28:42.423+0000][7][gc,metaspace] CDS archive(s) mapped at: [0x00007fc89a000000-0x00007fc89ac78000-0x00007fc89ac78000), size 13074432, SharedBaseAddress: 0x00007fc89a000000, ArchiveRelocationMode: 1.
[2025-10-15T18:28:42.423+0000][7][gc,metaspace] Compressed class space mapped at: 0x00007fc89b000000-0x00007fc8db000000, reserved size: 1073741824
[2025-10-15T18:28:42.423+0000][7][gc,metaspace] Narrow klass base: 0x00007fc89a000000, Narrow klass shift: 0, Narrow klass range: 0x100000000
[2025-10-15T18:28:44.275+0000][7][safepoint   ] Safepoint "Cleanup", Time since last: 1838945539 ns, Reaching safepoint: 5084 ns, Cleanup: 89125 ns, At safepoint: 4215 ns, Total: 98424 ns
[2025-10-15T18:28:45.434+0000][7][safepoint   ] Safepoint "Cleanup", Time since last: 1158751186 ns, Reaching safepoint: 69734 ns, Cleanup: 87079 ns, At safepoint: 6976 ns, Total: 163789 ns
[2025-10-15T18:28:46.587+0000][7][safepoint   ] Safepoint "ICBufferFull", Time since last: 1153375839 ns, Reaching safepoint: 4948 ns, Cleanup: 90884 ns, At safepoint: 5619 ns, Total: 101451 ns
[2025-10-15T18:28:47.678+0000][7][safepoint   ] Safepoint "Cleanup", Time since last: 1091135643 ns, Reaching safepoint: 4414 ns, Cleanup: 42683 ns, At safepoint: 8729 ns, Total: 55826 ns
[2025-10-15T18:28:48.679+0000][7][safepoint   ] Safepoint "Cleanup", Time since last: 1000265192 ns, Reaching safepoint: 672293 ns, Cleanup: 47297 ns, At safepoint: 19223 ns, Total: 738813 ns
[2025-10-15T18:28:48.797+0000][7][gc,start    ] GC(0) Pause Young (Normal) (G1 Evacuation Pause)
[2025-10-15T18:28:48.797+0000][7][gc,task     ] GC(0) Using 8 workers of 8 for evacuation
[2025-10-15T18:28:48.797+0000][7][gc,age      ] GC(0) Desired survivor size 10485760 bytes, new threshold 15 (max threshold 15)
[2025-10-15T18:28:48.817+0000][7][gc,phases   ] GC(0)   Pre Evacuate Collection Set: 1.70ms
[2025-10-15T18:28:48.817+0000][7][gc,phases   ] GC(0)   Merge Heap Roots: 0.09ms
[2025-10-15T18:28:48.817+0000][7][gc,phases   ] GC(0)   Evacuate Collection Set: 15.21ms
[2025-10-15T18:28:48.819+0000][7][gc,phases   ] GC(0)   Post Evacuate Collection Set: 2.41ms
[2025-10-15T18:28:48.819+0000][7][gc,phases   ] GC(0)   Other: 0.12ms
[2025-10-15T18:28:48.819+0000][7][gc,age      ] GC(0) Age table with threshold 15 (max threshold 15)
[2025-10-15T18:28:48.819+0000][7][gc,age      ] GC(0) - age   1:    8963272 bytes,    8963272 total
[2025-10-15T18:28:48.820+0000][7][gc,heap     ] GC(0) Eden regions: 38->0(35)
[2025-10-15T18:28:48.820+0000][7][gc,heap     ] GC(0) Survivor regions: 0->3(5)
[2025-10-15T18:28:48.820+0000][7][gc,heap     ] GC(0) Old regions: 1->1
[2025-10-15T18:28:48.820+0000][7][gc,heap     ] GC(0) Humongous regions: 0->0
[2025-10-15T18:28:48.820+0000][7][gc,metaspace] GC(0) Metaspace: 16669K(17024K)->16669K(17024K) NonClass: 14722K(14912K)->14722K(14912K) Class: 1946K(2112K)->1946K(2112K)
[2025-10-15T18:28:48.820+0000][7][gc          ] GC(0) Pause Young (Normal) (G1 Evacuation Pause) 153M->10M(3072M) 23.170ms
[2025-10-15T18:28:48.821+0000][7][gc,cpu      ] GC(0) User=0.04s Sys=0.00s Real=0.02s
[2025-10-15T18:28:48.821+0000][7][safepoint   ] Safepoint "G1CollectForAllocation", Time since last: 118079766 ns, Reaching safepoint: 4217 ns, Cleanup: 13011 ns, At safepoint: 24157325 ns, Total: 24174553 ns
[2025-10-15T18:28:49.825+0000][7][safepoint   ] Safepoint "Cleanup", Time since last: 1000800356 ns, Reaching safepoint: 3133204 ns, Cleanup: 56291 ns, At safepoint: 13168 ns, Total: 3202663 ns
[2025-10-15T18:28:50.507+0000][7][gc,start    ] GC(1) Pause Young (Normal) (G1 Evacuation Pause)
[2025-10-15T18:28:50.507+0000][7][gc,task     ] GC(1) Using 8 workers of 8 for evacuation
[2025-10-15T18:28:50.507+0000][7][gc,age      ] GC(1) Desired survivor size 10485760 bytes, new threshold 15 (max threshold 15)
[2025-10-15T18:28:50.537+0000][7][gc,phases   ] GC(1)   Pre Evacuate Collection Set: 0.29ms
[2025-10-15T18:28:50.537+0000][7][gc,phases   ] GC(1)   Merge Heap Roots: 0.05ms
[2025-10-15T18:28:50.537+0000][7][gc,phases   ] GC(1)   Evacuate Collection Set: 25.94ms
[2025-10-15T18:28:50.537+0000][7][gc,phases   ] GC(1)   Post Evacuate Collection Set: 3.18ms
[2025-10-15T18:28:50.537+0000][7][gc,phases   ] GC(1)   Other: 0.06ms
[2025-10-15T18:28:50.537+0000][7][gc,age      ] GC(1) Age table with threshold 15 (max threshold 15)
[2025-10-15T18:28:50.537+0000][7][gc,age      ] GC(1) - age   1:    4528928 bytes,    4528928 total
[2025-10-15T18:28:50.537+0000][7][gc,age      ] GC(1) - age   2:    8088488 bytes,   12617416 total
[2025-10-15T18:28:50.537+0000][7][gc,heap     ] GC(1) Eden regions: 35->0(38)
[2025-10-15T18:28:50.537+0000][7][gc,heap     ] GC(1) Survivor regions: 3->4(5)
[2025-10-15T18:28:50.537+0000][7][gc,heap     ] GC(1) Old regions: 1->1
[2025-10-15T18:28:50.537+0000][7][gc,heap     ] GC(1) Humongous regions: 0->0
[2025-10-15T18:28:50.537+0000][7][gc,metaspace] GC(1) Metaspace: 18533K(18944K)->18533K(18944K) NonClass: 16321K(16512K)->16321K(16512K) Class: 2212K(2432K)->2212K(2432K)
[2025-10-15T18:28:50.537+0000][7][gc          ] GC(1) Pause Young (Normal) (G1 Evacuation Pause) 150M->14M(3072M) 29.726ms
[2025-10-15T18:28:50.537+0000][7][gc,cpu      ] GC(1) User=0.04s Sys=0.01s Real=0.03s
[2025-10-15T18:28:50.537+0000][7][safepoint   ] Safepoint "G1CollectForAllocation", Time since last: 681777075 ns, Reaching safepoint: 4396 ns, Cleanup: 37732 ns, At safepoint: 29770212 ns, Total: 29812340 ns
[2025-10-15T18:28:51.510+0000][7][gc,start    ] GC(2) Pause Young (Normal) (G1 Evacuation Pause)
[2025-10-15T18:28:51.510+0000][7][gc,task     ] GC(2) Using 8 workers of 8 for evacuation
[2025-10-15T18:28:51.510+0000][7][gc,age      ] GC(2) Desired survivor size 12582912 bytes, new threshold 2 (max threshold 15)
[2025-10-15T18:28:51.533+0000][7][gc,phases   ] GC(2)   Pre Evacuate Collection Set: 0.48ms
[2025-10-15T18:28:51.533+0000][7][gc,phases   ] GC(2)   Merge Heap Roots: 0.75ms
[2025-10-15T18:28:51.533+0000][7][gc,phases   ] GC(2)   Evacuate Collection Set: 20.69ms
[2025-10-15T18:28:51.533+0000][7][gc,phases   ] GC(2)   Post Evacuate Collection Set: 1.19ms
[2025-10-15T18:28:51.533+0000][7][gc,phases   ] GC(2)   Other: 0.08ms
[2025-10-15T18:28:51.533+0000][7][gc,age      ] GC(2) Age table with threshold 2 (max threshold 15)
[2025-10-15T18:28:51.533+0000][7][gc,age      ] GC(2) - age   1:    1326704 bytes,    1326704 total
[2025-10-15T18:28:51.533+0000][7][gc,age      ] GC(2) - age   2:    3008224 bytes,    4334928 total
[2025-10-15T18:28:51.533+0000][7][gc,heap     ] GC(2) Eden regions: 38->0(55)
[2025-10-15T18:28:51.533+0000][7][gc,heap     ] GC(2) Survivor regions: 4->2(6)
[2025-10-15T18:28:51.533+0000][7][gc,heap     ] GC(2) Old regions: 1->3
[2025-10-15T18:28:51.533+0000][7][gc,heap     ] GC(2) Humongous regions: 0->0
[2025-10-15T18:28:51.533+0000][7][gc,metaspace] GC(2) Metaspace: 19021K(19456K)->19021K(19456K) NonClass: 16720K(16960K)->16720K(16960K) Class: 2300K(2496K)->2300K(2496K)
[2025-10-15T18:28:51.533+0000][7][gc          ] GC(2) Pause Young (Normal) (G1 Evacuation Pause) 166M->14M(3072M) 23.364ms
[2025-10-15T18:28:51.533+0000][7][gc,cpu      ] GC(2) User=0.03s Sys=0.00s Real=0.02s
[2025-10-15T18:28:51.533+0000][7][safepoint   ] Safepoint "G1CollectForAllocation", Time since last: 972771337 ns, Reaching safepoint: 8562 ns, Cleanup: 41928 ns, At safepoint: 23589589 ns, Total: 23640079 ns
[2025-10-15T18:28:52.536+0000][7][safepoint   ] Safepoint "Cleanup", Time since last: 1002014649 ns, Reaching safepoint: 139914 ns, Cleanup: 38436 ns, At safepoint: 19209 ns, Total: 197559 ns
[2025-10-15T18:28:52.816+0000][7][gc,start    ] GC(3) Pause Young (Normal) (G1 Evacuation Pause)
[2025-10-15T18:28:52.816+0000][7][gc,task     ] GC(3) Using 8 workers of 8 for evacuation
[2025-10-15T18:28:52.816+0000][7][gc,age      ] GC(3) Desired survivor size 16777216 bytes, new threshold 15 (max threshold 15)
[2025-10-15T18:28:52.826+0000][7][gc,phases   ] GC(3)   Pre Evacuate Collection Set: 0.43ms
[2025-10-15T18:28:52.826+0000][7][gc,phases   ] GC(3)   Merge Heap Roots: 0.10ms
[2025-10-15T18:28:52.826+0000][7][gc,phases   ] GC(3)   Evacuate Collection Set: 8.80ms
[2025-10-15T18:28:52.826+0000][7][gc,phases   ] GC(3)   Post Evacuate Collection Set: 0.57ms
[2025-10-15T18:28:52.826+0000][7][gc,phases   ] GC(3)   Other: 0.07ms
[2025-10-15T18:28:52.826+0000][7][gc,age      ] GC(3) Age table with threshold 15 (max threshold 15)
[2025-10-15T18:28:52.826+0000][7][gc,age      ] GC(3) - age   1:    3335928 bytes,    3335928 total
[2025-10-15T18:28:52.826+0000][7][gc,age      ] GC(3) - age   2:     937480 bytes,    4273408 total
[2025-10-15T18:28:52.826+0000][7][gc,age      ] GC(3) - age   3:    3007600 bytes,    7281008 total
[2025-10-15T18:28:52.826+0000][7][gc,heap     ] GC(3) Eden regions: 55->0(458)
[2025-10-15T18:28:52.826+0000][7][gc,heap     ] GC(3) Survivor regions: 2->2(8)
[2025-10-15T18:28:52.826+0000][7][gc,heap     ] GC(3) Old regions: 3->3
[2025-10-15T18:28:52.826+0000][7][gc,heap     ] GC(3) Humongous regions: 0->0
[2025-10-15T18:28:52.826+0000][7][gc,metaspace] GC(3) Metaspace: 19479K(19968K)->19479K(19968K) NonClass: 17133K(17408K)->17133K(17408K) Class: 2345K(2560K)->2345K(2560K)
[2025-10-15T18:28:52.826+0000][7][gc          ] GC(3) Pause Young (Normal) (G1 Evacuation Pause) 234M->16M(3072M) 10.157ms
[2025-10-15T18:28:52.826+0000][7][gc,cpu      ] GC(3) User=0.02s Sys=0.00s Real=0.01s
[2025-10-15T18:28:52.828+0000][7][safepoint   ] Safepoint "G1CollectForAllocation", Time since last: 280551638 ns, Reaching safepoint: 8116 ns, Cleanup: 17097 ns, At safepoint: 12212866 ns, Total: 12238079 ns
[2025-10-15T18:28:53.829+0000][7][safepoint   ] Safepoint "Cleanup", Time since last: 1000110608 ns, Reaching safepoint: 74623 ns, Cleanup: 52354 ns, At safepoint: 17922 ns, Total: 144899 ns
[2025-10-15T18:28:54.673+0000][7][gc,start    ] GC(4) Pause Young (Concurrent Start) (Metadata GC Threshold)
[2025-10-15T18:28:54.673+0000][7][gc,task     ] GC(4) Using 8 workers of 8 for evacuation
[2025-10-15T18:28:54.673+0000][7][gc,age      ] GC(4) Desired survivor size 121634816 bytes, new threshold 15 (max threshold 15)
[2025-10-15T18:28:54.713+0000][7][gc,phases   ] GC(4)   Pre Evacuate Collection Set: 20.32ms
[2025-10-15T18:28:54.713+0000][7][gc,phases   ] GC(4)   Merge Heap Roots: 0.10ms
[2025-10-15T18:28:54.713+0000][7][gc,phases   ] GC(4)   Evacuate Collection Set: 18.24ms
[2025-10-15T18:28:54.713+0000][7][gc,phases   ] GC(4)   Post Evacuate Collection Set: 0.81ms
[2025-10-15T18:28:54.713+0000][7][gc,phases   ] GC(4)   Other: 0.34ms
[2025-10-15T18:28:54.713+0000][7][gc,age      ] GC(4) Age table with threshold 15 (max threshold 15)
[2025-10-15T18:28:54.713+0000][7][gc,age      ] GC(4) - age   1:    2235296 bytes,    2235296 total
[2025-10-15T18:28:54.713+0000][7][gc,age      ] GC(4) - age   2:    3146456 bytes,    5381752 total
[2025-10-15T18:28:54.713+0000][7][gc,age      ] GC(4) - age   3:     933568 bytes,    6315320 total
[2025-10-15T18:28:54.713+0000][7][gc,age      ] GC(4) - age   4:    3006160 bytes,    9321480 total
[2025-10-15T18:28:54.713+0000][7][gc,heap     ] GC(4) Eden regions: 123->0(457)
[2025-10-15T18:28:54.713+0000][7][gc,heap     ] GC(4) Survivor regions: 2->3(58)
[2025-10-15T18:28:54.713+0000][7][gc,heap     ] GC(4) Old regions: 3->3
[2025-10-15T18:28:54.713+0000][7][gc,heap     ] GC(4) Humongous regions: 0->0
[2025-10-15T18:28:54.713+0000][7][gc,metaspace] GC(4) Metaspace: 21022K(21504K)->21022K(21504K) NonClass: 18454K(18752K)->18454K(18752K) Class: 2567K(2752K)->2567K(2752K)
[2025-10-15T18:28:54.713+0000][7][gc          ] GC(4) Pause Young (Concurrent Start) (Metadata GC Threshold) 506M->18M(3072M) 40.038ms
[2025-10-15T18:28:54.713+0000][7][gc,cpu      ] GC(4) User=0.01s Sys=0.00s Real=0.04s
[2025-10-15T18:28:54.713+0000][7][gc          ] GC(5) Concurrent Mark Cycle
[2025-10-15T18:28:54.713+0000][7][gc,marking  ] GC(5) Concurrent Scan Root Regions
[2025-10-15T18:28:54.713+0000][7][safepoint   ] Safepoint "CollectForMetadataAllocation", Time since last: 843805597 ns, Reaching safepoint: 8486 ns, Cleanup: 38014 ns, At safepoint: 40241274 ns, Total: 40287774 ns
[2025-10-15T18:28:54.716+0000][7][gc,marking  ] GC(5) Concurrent Scan Root Regions 2.845ms
[2025-10-15T18:28:54.716+0000][7][gc,marking  ] GC(5) Concurrent Mark
[2025-10-15T18:28:54.716+0000][7][gc,marking  ] GC(5) Concurrent Mark From Roots
[2025-10-15T18:28:54.716+0000][7][gc,task     ] GC(5) Using 2 workers of 2 for marking
[2025-10-15T18:28:54.741+0000][7][gc,marking  ] GC(5) Concurrent Mark From Roots 25.203ms
[2025-10-15T18:28:54.741+0000][7][gc,marking  ] GC(5) Concurrent Preclean
[2025-10-15T18:28:54.741+0000][7][gc,marking  ] GC(5) Concurrent Preclean 0.140ms
[2025-10-15T18:28:54.741+0000][7][gc,start    ] GC(5) Pause Remark
[2025-10-15T18:28:54.752+0000][7][gc          ] GC(5) Pause Remark 22M->22M(3072M) 10.588ms
[2025-10-15T18:28:54.752+0000][7][gc,cpu      ] GC(5) User=0.01s Sys=0.00s Real=0.01s
[2025-10-15T18:28:54.752+0000][7][safepoint   ] Safepoint "G1PauseRemark", Time since last: 28286391 ns, Reaching safepoint: 8176 ns, Cleanup: 13821 ns, At safepoint: 10995403 ns, Total: 11017400 ns
[2025-10-15T18:28:54.752+0000][7][gc,marking  ] GC(5) Concurrent Mark 36.548ms
[2025-10-15T18:28:54.752+0000][7][gc,marking  ] GC(5) Concurrent Rebuild Remembered Sets and Scrub Regions
[2025-10-15T18:28:54.764+0000][7][gc,marking  ] GC(5) Concurrent Rebuild Remembered Sets and Scrub Regions 11.450ms
[2025-10-15T18:28:54.764+0000][7][gc,start    ] GC(5) Pause Cleanup
[2025-10-15T18:28:54.764+0000][7][gc          ] GC(5) Pause Cleanup 22M->22M(3072M) 0.160ms
[2025-10-15T18:28:54.764+0000][7][gc,cpu      ] GC(5) User=0.00s Sys=0.00s Real=0.00s
[2025-10-15T18:28:54.764+0000][7][safepoint   ] Safepoint "G1PauseCleanup", Time since last: 11554480 ns, Reaching safepoint: 4919 ns, Cleanup: 3024 ns, At safepoint: 191987 ns, Total: 199930 ns
[2025-10-15T18:28:54.764+0000][7][gc,marking  ] GC(5) Concurrent Clear Claimed Marks
[2025-10-15T18:28:54.764+0000][7][gc,marking  ] GC(5) Concurrent Clear Claimed Marks 0.032ms
[2025-10-15T18:28:54.764+0000][7][gc,marking  ] GC(5) Concurrent Cleanup for Next Mark
[2025-10-15T18:28:54.771+0000][7][gc,marking  ] GC(5) Concurrent Cleanup for Next Mark 6.724ms
[2025-10-15T18:28:54.771+0000][7][gc          ] GC(5) Concurrent Mark Cycle 58.255ms
[2025-10-15T18:28:55.785+0000][7][safepoint   ] Safepoint "Cleanup", Time since last: 1019047229 ns, Reaching safepoint: 2099897 ns, Cleanup: 30739 ns, At safepoint: 12868 ns, Total: 2143504 ns
[2025-10-15T18:28:57.178+0000][7][safepoint   ] Safepoint "Cleanup", Time since last: 1392798998 ns, Reaching safepoint: 3615 ns, Cleanup: 90305 ns, At safepoint: 4432 ns, Total: 98352 ns
[2025-10-15T18:28:58.903+0000][7][safepoint   ] Safepoint "Cleanup", Time since last: 1723509846 ns, Reaching safepoint: 965703 ns, Cleanup: 204241 ns, At safepoint: 22671 ns, Total: 1192615 ns
[2025-10-15T18:28:59.904+0000][7][safepoint   ] Safepoint "Cleanup", Time since last: 1000558631 ns, Reaching safepoint: 409357 ns, Cleanup: 43190 ns, At safepoint: 10274 ns, Total: 462821 ns
[2025-10-15T18:29:00.843+0000][7][gc,start    ] GC(6) Pause Young (Prepare Mixed) (Metadata GC Threshold)
[2025-10-15T18:29:00.843+0000][7][gc,task     ] GC(6) Using 8 workers of 8 for evacuation
[2025-10-15T18:29:00.843+0000][7][gc,age      ] GC(6) Desired survivor size 121634816 bytes, new threshold 15 (max threshold 15)
[2025-10-15T18:29:00.874+0000][7][gc,phases   ] GC(6)   Pre Evacuate Collection Set: 0.43ms
[2025-10-15T18:29:00.874+0000][7][gc,phases   ] GC(6)   Merge Heap Roots: 0.11ms
[2025-10-15T18:29:00.874+0000][7][gc,phases   ] GC(6)   Evacuate Collection Set: 27.67ms
[2025-10-15T18:29:00.874+0000][7][gc,phases   ] GC(6)   Post Evacuate Collection Set: 2.58ms
[2025-10-15T18:29:00.874+0000][7][gc,phases   ] GC(6)   Other: 0.12ms
[2025-10-15T18:29:00.874+0000][7][gc,age      ] GC(6) Age table with threshold 15 (max threshold 15)
[2025-10-15T18:29:00.874+0000][7][gc,age      ] GC(6) - age   1:   28697096 bytes,   28697096 total
[2025-10-15T18:29:00.874+0000][7][gc,age      ] GC(6) - age   2:    2204328 bytes,   30901424 total
[2025-10-15T18:29:00.874+0000][7][gc,age      ] GC(6) - age   3:    3141920 bytes,   34043344 total
[2025-10-15T18:29:00.874+0000][7][gc,age      ] GC(6) - age   4:     928352 bytes,   34971696 total
[2025-10-15T18:29:00.874+0000][7][gc,age      ] GC(6) - age   5:    2971216 bytes,   37942912 total
[2025-10-15T18:29:00.874+0000][7][gc,heap     ] GC(6) Eden regions: 194->0(275)
[2025-10-15T18:29:00.874+0000][7][gc,heap     ] GC(6) Survivor regions: 3->10(58)
[2025-10-15T18:29:00.874+0000][7][gc,heap     ] GC(6) Old regions: 3->3
[2025-10-15T18:29:00.874+0000][7][gc,heap     ] GC(6) Humongous regions: 0->0
[2025-10-15T18:29:00.874+0000][7][gc,metaspace] GC(6) Metaspace: 35135K(36096K)->35135K(36096K) NonClass: 30482K(31040K)->30482K(31040K) Class: 4652K(5056K)->4652K(5056K)
[2025-10-15T18:29:00.874+0000][7][gc          ] GC(6) Pause Young (Prepare Mixed) (Metadata GC Threshold) 794M->48M(3072M) 31.096ms
[2025-10-15T18:29:00.874+0000][7][gc,cpu      ] GC(6) User=0.11s Sys=0.00s Real=0.04s
[2025-10-15T18:29:00.875+0000][7][safepoint   ] Safepoint "CollectForMetadataAllocation", Time since last: 939444356 ns, Reaching safepoint: 2874 ns, Cleanup: 43825 ns, At safepoint: 32318145 ns, Total: 32364844 ns
[2025-10-15T18:29:00.904+0000][7][gc,start    ] GC(7) Pause Young (Mixed) (Metadata GC Threshold)
[2025-10-15T18:29:00.904+0000][7][gc,task     ] GC(7) Using 8 workers of 8 for evacuation
[2025-10-15T18:29:00.904+0000][7][gc,age      ] GC(7) Desired survivor size 75497472 bytes, new threshold 15 (max threshold 15)
[2025-10-15T18:29:00.950+0000][7][gc,phases   ] GC(7)   Pre Evacuate Collection Set: 0.37ms
[2025-10-15T18:29:00.950+0000][7][gc,phases   ] GC(7)   Merge Heap Roots: 0.08ms
[2025-10-15T18:29:00.950+0000][7][gc,phases   ] GC(7)   Evacuate Collection Set: 42.69ms
[2025-10-15T18:29:00.950+0000][7][gc,phases   ] GC(7)   Post Evacuate Collection Set: 2.38ms
[2025-10-15T18:29:00.950+0000][7][gc,phases   ] GC(7)   Other: 0.06ms
[2025-10-15T18:29:00.950+0000][7][gc,age      ] GC(7) Age table with threshold 15 (max threshold 15)
[2025-10-15T18:29:00.950+0000][7][gc,age      ] GC(7) - age   1:      46456 bytes,      46456 total
[2025-10-15T18:29:00.950+0000][7][gc,age      ] GC(7) - age   2:   28511768 bytes,   28558224 total
[2025-10-15T18:29:00.950+0000][7][gc,age      ] GC(7) - age   3:    2204168 bytes,   30762392 total
[2025-10-15T18:29:00.950+0000][7][gc,age      ] GC(7) - age   4:    3137152 bytes,   33899544 total
[2025-10-15T18:29:00.950+0000][7][gc,age      ] GC(7) - age   5:     928224 bytes,   34827768 total
[2025-10-15T18:29:00.950+0000][7][gc,age      ] GC(7) - age   6:    2971152 bytes,   37798920 total
[2025-10-15T18:29:00.950+0000][7][gc,heap     ] GC(7) Eden regions: 1->0(193)
[2025-10-15T18:29:00.950+0000][7][gc,heap     ] GC(7) Survivor regions: 10->10(36)
[2025-10-15T18:29:00.950+0000][7][gc,heap     ] GC(7) Old regions: 3->3
[2025-10-15T18:29:00.950+0000][7][gc,heap     ] GC(7) Humongous regions: 0->0
[2025-10-15T18:29:00.950+0000][7][gc,metaspace] GC(7) Metaspace: 35483K(36416K)->35483K(36416K) NonClass: 30802K(31360K)->30802K(31360K) Class: 4681K(5056K)->4681K(5056K)
[2025-10-15T18:29:00.950+0000][7][gc          ] GC(7) Pause Young (Mixed) (Metadata GC Threshold) 52M->47M(3072M) 45.786ms
[2025-10-15T18:29:00.950+0000][7][gc,cpu      ] GC(7) User=0.10s Sys=0.00s Real=0.04s
[2025-10-15T18:29:00.950+0000][7][safepoint   ] Safepoint "CollectForMetadataAllocation", Time since last: 28475972 ns, Reaching safepoint: 76390 ns, Cleanup: 10438 ns, At safepoint: 45904775 ns, Total: 45991603 ns
[2025-10-15T18:29:00.986+0000][7][gc,start    ] GC(8) Pause Young (Concurrent Start) (Metadata GC Threshold)
[2025-10-15T18:29:00.988+0000][7][gc,task     ] GC(8) Using 8 workers of 8 for evacuation
[2025-10-15T18:29:00.989+0000][7][gc,age      ] GC(8) Desired survivor size 54525952 bytes, new threshold 15 (max threshold 15)
[2025-10-15T18:29:01.029+0000][7][gc,phases   ] GC(8)   Pre Evacuate Collection Set: 0.68ms
[2025-10-15T18:29:01.029+0000][7][gc,phases   ] GC(8)   Merge Heap Roots: 0.04ms
[2025-10-15T18:29:01.029+0000][7][gc,phases   ] GC(8)   Evacuate Collection Set: 36.27ms
[2025-10-15T18:29:01.029+0000][7][gc,phases   ] GC(8)   Post Evacuate Collection Set: 3.38ms
[2025-10-15T18:29:01.029+0000][7][gc,phases   ] GC(8)   Other: 2.56ms
[2025-10-15T18:29:01.029+0000][7][gc,age      ] GC(8) Age table with threshold 15 (max threshold 15)
[2025-10-15T18:29:01.029+0000][7][gc,age      ] GC(8) - age   1:      78440 bytes,      78440 total
[2025-10-15T18:29:01.029+0000][7][gc,age      ] GC(8) - age   2:      35672 bytes,     114112 total
[2025-10-15T18:29:01.029+0000][7][gc,age      ] GC(8) - age   3:   28511648 bytes,   28625760 total
[2025-10-15T18:29:01.029+0000][7][gc,age      ] GC(8) - age   4:    2204168 bytes,   30829928 total
[2025-10-15T18:29:01.029+0000][7][gc,age      ] GC(8) - age   5:    3137152 bytes,   33967080 total
[2025-10-15T18:29:01.029+0000][7][gc,age      ] GC(8) - age   6:     928224 bytes,   34895304 total
[2025-10-15T18:29:01.029+0000][7][gc,age      ] GC(8) - age   7:    2971152 bytes,   37866456 total
[2025-10-15T18:29:01.029+0000][7][gc,heap     ] GC(8) Eden regions: 1->0(251)
[2025-10-15T18:29:01.029+0000][7][gc,heap     ] GC(8) Survivor regions: 10->10(26)
[2025-10-15T18:29:01.029+0000][7][gc,heap     ] GC(8) Old regions: 3->3
[2025-10-15T18:29:01.029+0000][7][gc,heap     ] GC(8) Humongous regions: 0->0
[2025-10-15T18:29:01.029+0000][7][gc,metaspace] GC(8) Metaspace: 35770K(36736K)->35770K(36736K) NonClass: 31056K(31616K)->31056K(31616K) Class: 4714K(5120K)->4714K(5120K)
[2025-10-15T18:29:01.029+0000][7][gc          ] GC(8) Pause Young (Concurrent Start) (Metadata GC Threshold) 51M->48M(3072M) 43.156ms
[2025-10-15T18:29:01.029+0000][7][gc,cpu      ] GC(8) User=0.09s Sys=0.00s Real=0.04s
[2025-10-15T18:29:01.029+0000][7][safepoint   ] Safepoint "CollectForMetadataAllocation", Time since last: 35960849 ns, Reaching safepoint: 5329 ns, Cleanup: 12371 ns, At safepoint: 43265112 ns, Total: 43282812 ns
[2025-10-15T18:29:01.029+0000][7][gc          ] GC(9) Concurrent Mark Cycle
[2025-10-15T18:29:01.029+0000][7][gc,marking  ] GC(9) Concurrent Scan Root Regions
[2025-10-15T18:29:01.050+0000][7][gc,marking  ] GC(9) Concurrent Scan Root Regions 20.513ms
[2025-10-15T18:29:01.050+0000][7][gc,marking  ] GC(9) Concurrent Mark
[2025-10-15T18:29:01.050+0000][7][gc,marking  ] GC(9) Concurrent Mark From Roots
[2025-10-15T18:29:01.050+0000][7][gc,task     ] GC(9) Using 2 workers of 2 for marking
[2025-10-15T18:29:01.077+0000][7][safepoint   ] Safepoint "CollectForMetadataAllocation", Time since last: 46895481 ns, Reaching safepoint: 775716 ns, Cleanup: 24983 ns, At safepoint: 84576 ns, Total: 885275 ns
[2025-10-15T18:29:01.079+0000][7][gc,marking  ] GC(9) Concurrent Mark From Roots 29.595ms
[2025-10-15T18:29:01.080+0000][7][gc,marking  ] GC(9) Concurrent Preclean
[2025-10-15T18:29:01.080+0000][7][gc,marking  ] GC(9) Concurrent Preclean 0.090ms
[2025-10-15T18:29:01.080+0000][7][gc,start    ] GC(9) Pause Remark
[2025-10-15T18:29:01.088+0000][7][gc          ] GC(9) Pause Remark 51M->51M(3072M) 8.090ms
[2025-10-15T18:29:01.088+0000][7][gc,cpu      ] GC(9) User=0.01s Sys=0.00s Real=0.01s
[2025-10-15T18:29:01.088+0000][7][safepoint   ] Safepoint "G1PauseRemark", Time since last: 2693476 ns, Reaching safepoint: 466278 ns, Cleanup: 4659 ns, At safepoint: 8314903 ns, Total: 8785840 ns
[2025-10-15T18:29:01.089+0000][7][gc,marking  ] GC(9) Concurrent Mark 38.634ms
[2025-10-15T18:29:01.089+0000][7][gc,marking  ] GC(9) Concurrent Rebuild Remembered Sets and Scrub Regions
[2025-10-15T18:29:01.099+0000][7][gc,marking  ] GC(9) Concurrent Rebuild Remembered Sets and Scrub Regions 10.469ms
[2025-10-15T18:29:01.099+0000][7][gc,start    ] GC(9) Pause Cleanup
[2025-10-15T18:29:01.100+0000][7][gc          ] GC(9) Pause Cleanup 51M->51M(3072M) 0.291ms
[2025-10-15T18:29:01.100+0000][7][gc,cpu      ] GC(9) User=0.01s Sys=0.00s Real=0.00s
[2025-10-15T18:29:01.100+0000][7][safepoint   ] Safepoint "G1PauseCleanup", Time since last: 10765116 ns, Reaching safepoint: 69790 ns, Cleanup: 6040 ns, At safepoint: 331654 ns, Total: 407484 ns
[2025-10-15T18:29:01.100+0000][7][gc,marking  ] GC(9) Concurrent Clear Claimed Marks
[2025-10-15T18:29:01.100+0000][7][gc,marking  ] GC(9) Concurrent Clear Claimed Marks 0.066ms
[2025-10-15T18:29:01.100+0000][7][gc,marking  ] GC(9) Concurrent Cleanup for Next Mark
[2025-10-15T18:29:01.105+0000][7][gc,marking  ] GC(9) Concurrent Cleanup for Next Mark 5.214ms
[2025-10-15T18:29:01.105+0000][7][gc          ] GC(9) Concurrent Mark Cycle 76.138ms
[2025-10-15T18:29:02.737+0000][7][safepoint   ] Safepoint "Cleanup", Time since last: 1637251462 ns, Reaching safepoint: 74072 ns, Cleanup: 95550 ns, At safepoint: 7968 ns, Total: 177590 ns
[2025-10-15T18:29:03.873+0000][7][safepoint   ] Safepoint "Cleanup", Time since last: 1136072315 ns, Reaching safepoint: 74216 ns, Cleanup: 70095 ns, At safepoint: 12766 ns, Total: 157077 ns
[2025-10-15T18:29:04.938+0000][7][safepoint   ] Safepoint "Cleanup", Time since last: 1064259837 ns, Reaching safepoint: 633189 ns, Cleanup: 62251 ns, At safepoint: 11395 ns, Total: 706835 ns
[2025-10-15T18:29:05.939+0000][7][safepoint   ] Safepoint "Cleanup", Time since last: 1000140146 ns, Reaching safepoint: 116796 ns, Cleanup: 29406 ns, At safepoint: 9702 ns, Total: 155904 ns
[2025-10-15T18:29:06.793+0000][7][gc,start    ] GC(10) Pause Young (Concurrent Start) (Metadata GC Threshold)
[2025-10-15T18:29:06.793+0000][7][gc,task     ] GC(10) Using 8 workers of 8 for evacuation
[2025-10-15T18:29:06.793+0000][7][gc,age      ] GC(10) Desired survivor size 69206016 bytes, new threshold 15 (max threshold 15)
[2025-10-15T18:29:06.847+0000][7][gc,phases   ] GC(10)   Pre Evacuate Collection Set: 0.33ms
[2025-10-15T18:29:06.847+0000][7][gc,phases   ] GC(10)   Merge Heap Roots: 0.09ms
[2025-10-15T18:29:06.847+0000][7][gc,phases   ] GC(10)   Evacuate Collection Set: 47.96ms
[2025-10-15T18:29:06.847+0000][7][gc,phases   ] GC(10)   Post Evacuate Collection Set: 4.87ms
[2025-10-15T18:29:06.847+0000][7][gc,phases   ] GC(10)   Other: 0.28ms
[2025-10-15T18:29:06.847+0000][7][gc,age      ] GC(10) Age table with threshold 15 (max threshold 15)
[2025-10-15T18:29:06.847+0000][7][gc,age      ] GC(10) - age   1:   11660480 bytes,   11660480 total
[2025-10-15T18:29:06.847+0000][7][gc,age      ] GC(10) - age   2:      43992 bytes,   11704472 total
[2025-10-15T18:29:06.847+0000][7][gc,age      ] GC(10) - age   3:      35424 bytes,   11739896 total
[2025-10-15T18:29:06.847+0000][7][gc,age      ] GC(10) - age   4:   28278488 bytes,   40018384 total
[2025-10-15T18:29:06.847+0000][7][gc,age      ] GC(10) - age   5:    2173880 bytes,   42192264 total
[2025-10-15T18:29:06.847+0000][7][gc,age      ] GC(10) - age   6:    3127160 bytes,   45319424 total
[2025-10-15T18:29:06.847+0000][7][gc,age      ] GC(10) - age   7:     915144 bytes,   46234568 total
[2025-10-15T18:29:06.847+0000][7][gc,age      ] GC(10) - age   8:    2960960 bytes,   49195528 total
[2025-10-15T18:29:06.847+0000][7][gc,heap     ] GC(10) Eden regions: 118->0(298)
[2025-10-15T18:29:06.847+0000][7][gc,heap     ] GC(10) Survivor regions: 10->13(33)
[2025-10-15T18:29:06.847+0000][7][gc,heap     ] GC(10) Old regions: 3->3
[2025-10-15T18:29:06.847+0000][7][gc,heap     ] GC(10) Humongous regions: 0->0
[2025-10-15T18:29:06.847+0000][7][gc,metaspace] GC(10) Metaspace: 60601K(61888K)->60601K(61888K) NonClass: 52379K(53184K)->52379K(53184K) Class: 8222K(8704K)->8222K(8704K)
[2025-10-15T18:29:06.847+0000][7][gc          ] GC(10) Pause Young (Concurrent Start) (Metadata GC Threshold) 520M->60M(3072M) 53.886ms
[2025-10-15T18:29:06.847+0000][7][gc,cpu      ] GC(10) User=0.15s Sys=0.00s Real=0.06s
[2025-10-15T18:29:06.847+0000][7][gc          ] GC(11) Concurrent Mark Cycle
[2025-10-15T18:29:06.847+0000][7][gc,marking  ] GC(11) Concurrent Scan Root Regions
[2025-10-15T18:29:06.847+0000][7][safepoint   ] Safepoint "CollectForMetadataAllocation", Time since last: 854369487 ns, Reaching safepoint: 4957 ns, Cleanup: 101151 ns, At safepoint: 53989991 ns, Total: 54096099 ns
[2025-10-15T18:29:06.878+0000][7][gc,marking  ] GC(11) Concurrent Scan Root Regions 31.505ms
[2025-10-15T18:29:06.879+0000][7][gc,marking  ] GC(11) Concurrent Mark
[2025-10-15T18:29:06.879+0000][7][gc,marking  ] GC(11) Concurrent Mark From Roots
[2025-10-15T18:29:06.879+0000][7][gc,task     ] GC(11) Using 2 workers of 2 for marking
[2025-10-15T18:29:06.896+0000][7][gc,marking  ] GC(11) Concurrent Mark From Roots 16.712ms
[2025-10-15T18:29:06.896+0000][7][gc,marking  ] GC(11) Concurrent Preclean
[2025-10-15T18:29:06.896+0000][7][gc,marking  ] GC(11) Concurrent Preclean 0.266ms
[2025-10-15T18:29:06.897+0000][7][gc,start    ] GC(11) Pause Remark
[2025-10-15T18:29:06.903+0000][7][gc          ] GC(11) Pause Remark 66M->66M(3072M) 6.249ms
[2025-10-15T18:29:06.904+0000][7][gc,cpu      ] GC(11) User=0.01s Sys=0.00s Real=0.01s
[2025-10-15T18:29:06.904+0000][7][safepoint   ] Safepoint "G1PauseRemark", Time since last: 49962628 ns, Reaching safepoint: 4056 ns, Cleanup: 9503 ns, At safepoint: 6729133 ns, Total: 6742692 ns
[2025-10-15T18:29:06.904+0000][7][gc,marking  ] GC(11) Concurrent Mark 25.124ms
[2025-10-15T18:29:06.904+0000][7][gc,marking  ] GC(11) Concurrent Rebuild Remembered Sets and Scrub Regions
[2025-10-15T18:29:06.915+0000][7][gc,marking  ] GC(11) Concurrent Rebuild Remembered Sets and Scrub Regions 10.716ms
[2025-10-15T18:29:06.915+0000][7][gc,start    ] GC(11) Pause Cleanup
[2025-10-15T18:29:06.915+0000][7][gc          ] GC(11) Pause Cleanup 66M->66M(3072M) 0.295ms
[2025-10-15T18:29:06.916+0000][7][gc,cpu      ] GC(11) User=0.00s Sys=0.00s Real=0.00s
[2025-10-15T18:29:06.916+0000][7][safepoint   ] Safepoint "G1PauseCleanup", Time since last: 11230654 ns, Reaching safepoint: 73155 ns, Cleanup: 6847 ns, At safepoint: 659703 ns, Total: 739705 ns
[2025-10-15T18:29:06.917+0000][7][gc,marking  ] GC(11) Concurrent Clear Claimed Marks
[2025-10-15T18:29:06.917+0000][7][gc,marking  ] GC(11) Concurrent Clear Claimed Marks 0.136ms
[2025-10-15T18:29:06.917+0000][7][gc,marking  ] GC(11) Concurrent Cleanup for Next Mark
[2025-10-15T18:29:06.924+0000][7][gc,marking  ] GC(11) Concurrent Cleanup for Next Mark 7.059ms
[2025-10-15T18:29:06.924+0000][7][gc          ] GC(11) Concurrent Mark Cycle 76.909ms
[2025-10-15T18:29:07.917+0000][7][safepoint   ] Safepoint "Cleanup", Time since last: 1001038492 ns, Reaching safepoint: 9634 ns, Cleanup: 452225 ns, At safepoint: 12782 ns, Total: 474641 ns
[2025-10-15T18:29:09.050+0000][7][safepoint   ] Safepoint "Cleanup", Time since last: 1132097038 ns, Reaching safepoint: 4246 ns, Cleanup: 568465 ns, At safepoint: 337600 ns, Total: 910311 ns
[2025-10-15T18:29:10.263+0000][7][safepoint   ] Safepoint "ICBufferFull", Time since last: 1212168549 ns, Reaching safepoint: 25848 ns, Cleanup: 140133 ns, At safepoint: 8919 ns, Total: 174900 ns
[2025-10-15T18:29:11.266+0000][7][safepoint   ] Safepoint "Cleanup", Time since last: 1002904873 ns, Reaching safepoint: 11726 ns, Cleanup: 35191 ns, At safepoint: 10622 ns, Total: 57539 ns
[2025-10-15T18:29:12.266+0000][7][safepoint   ] Safepoint "Cleanup", Time since last: 1000325461 ns, Reaching safepoint: 73629 ns, Cleanup: 41895 ns, At safepoint: 8476 ns, Total: 124000 ns
[2025-10-15T18:29:13.080+0000][7][safepoint   ] Safepoint "ICBufferFull", Time since last: 813461609 ns, Reaching safepoint: 14620 ns, Cleanup: 125326 ns, At safepoint: 7494 ns, Total: 147440 ns
[2025-10-15T18:29:13.737+0000][7][safepoint   ] Safepoint "ICBufferFull", Time since last: 657655977 ns, Reaching safepoint: 5747 ns, Cleanup: 92429 ns, At safepoint: 8571 ns, Total: 106747 ns
[2025-10-15T18:29:14.416+0000][7][safepoint   ] Safepoint "ICBufferFull", Time since last: 678794397 ns, Reaching safepoint: 9575 ns, Cleanup: 102463 ns, At safepoint: 12591 ns, Total: 124629 ns
[2025-10-15T18:29:14.981+0000][7][safepoint   ] Safepoint "ICBufferFull", Time since last: 564079999 ns, Reaching safepoint: 73900 ns, Cleanup: 152468 ns, At safepoint: 12016 ns, Total: 238384 ns
[2025-10-15T18:29:15.107+0000][7][gc,start    ] GC(12) Pause Young (Concurrent Start) (Metadata GC Threshold)
[2025-10-15T18:29:15.108+0000][7][gc,task     ] GC(12) Using 8 workers of 8 for evacuation
[2025-10-15T18:29:15.108+0000][7][gc,age      ] GC(12) Desired survivor size 81788928 bytes, new threshold 15 (max threshold 15)
[2025-10-15T18:29:15.200+0000][7][gc,phases   ] GC(12)   Pre Evacuate Collection Set: 45.72ms
[2025-10-15T18:29:15.200+0000][7][gc,phases   ] GC(12)   Merge Heap Roots: 0.07ms
[2025-10-15T18:29:15.200+0000][7][gc,phases   ] GC(12)   Evacuate Collection Set: 41.59ms
[2025-10-15T18:29:15.200+0000][7][gc,phases   ] GC(12)   Post Evacuate Collection Set: 4.25ms
[2025-10-15T18:29:15.200+0000][7][gc,phases   ] GC(12)   Other: 0.50ms
[2025-10-15T18:29:15.200+0000][7][gc,age      ] GC(12) Age table with threshold 15 (max threshold 15)
[2025-10-15T18:29:15.200+0000][7][gc,age      ] GC(12) - age   1:   19302152 bytes,   19302152 total
[2025-10-15T18:29:15.200+0000][7][gc,age      ] GC(12) - age   2:   10854704 bytes,   30156856 total
[2025-10-15T18:29:15.200+0000][7][gc,age      ] GC(12) - age   3:      43152 bytes,   30200008 total
[2025-10-15T18:29:15.200+0000][7][gc,age      ] GC(12) - age   4:      35080 bytes,   30235088 total
[2025-10-15T18:29:15.200+0000][7][gc,age      ] GC(12) - age   5:   28152856 bytes,   58387944 total
[2025-10-15T18:29:15.200+0000][7][gc,age      ] GC(12) - age   6:    2163288 bytes,   60551232 total
[2025-10-15T18:29:15.200+0000][7][gc,age      ] GC(12) - age   7:    3123920 bytes,   63675152 total
[2025-10-15T18:29:15.200+0000][7][gc,age      ] GC(12) - age   8:     909544 bytes,   64584696 total
[2025-10-15T18:29:15.200+0000][7][gc,age      ] GC(12) - age   9:    2953664 bytes,   67538360 total
[2025-10-15T18:29:15.200+0000][7][gc,heap     ] GC(12) Eden regions: 87->0(204)
[2025-10-15T18:29:15.200+0000][7][gc,heap     ] GC(12) Survivor regions: 13->17(39)
[2025-10-15T18:29:15.200+0000][7][gc,heap     ] GC(12) Old regions: 3->3
[2025-10-15T18:29:15.200+0000][7][gc,heap     ] GC(12) Humongous regions: 2->2
[2025-10-15T18:29:15.200+0000][7][gc,metaspace] GC(12) Metaspace: 100839K(103616K)->100839K(103616K) NonClass: 86353K(87872K)->86353K(87872K) Class: 14485K(15744K)->14485K(15744K)
[2025-10-15T18:29:15.200+0000][7][gc          ] GC(12) Pause Young (Concurrent Start) (Metadata GC Threshold) 414M->83M(3072M) 93.822ms
[2025-10-15T18:29:15.200+0000][7][gc,cpu      ] GC(12) User=0.21s Sys=0.00s Real=0.09s
[2025-10-15T18:29:15.200+0000][7][gc          ] GC(13) Concurrent Mark Cycle
[2025-10-15T18:29:15.200+0000][7][gc,marking  ] GC(13) Concurrent Scan Root Regions
[2025-10-15T18:29:15.201+0000][7][safepoint   ] Safepoint "CollectForMetadataAllocation", Time since last: 125509369 ns, Reaching safepoint: 354404 ns, Cleanup: 50148 ns, At safepoint: 94978146 ns, Total: 95382698 ns
[2025-10-15T18:29:15.265+0000][7][gc,marking  ] GC(13) Concurrent Scan Root Regions 64.983ms
[2025-10-15T18:29:15.266+0000][7][gc,marking  ] GC(13) Concurrent Mark
[2025-10-15T18:29:15.266+0000][7][gc,marking  ] GC(13) Concurrent Mark From Roots
[2025-10-15T18:29:15.266+0000][7][gc,task     ] GC(13) Using 2 workers of 2 for marking
[2025-10-15T18:29:15.286+0000][7][safepoint   ] Safepoint "CollectForMetadataAllocation", Time since last: 83126891 ns, Reaching safepoint: 952034 ns, Cleanup: 13696 ns, At safepoint: 104553 ns, Total: 1070283 ns
[2025-10-15T18:29:15.289+0000][7][gc,marking  ] GC(13) Concurrent Mark From Roots 23.319ms
[2025-10-15T18:29:15.289+0000][7][gc,marking  ] GC(13) Concurrent Preclean
[2025-10-15T18:29:15.289+0000][7][gc,marking  ] GC(13) Concurrent Preclean 0.082ms
[2025-10-15T18:29:15.289+0000][7][gc,start    ] GC(13) Pause Remark
[2025-10-15T18:29:15.294+0000][7][gc          ] GC(13) Pause Remark 97M->97M(3072M) 4.889ms
[2025-10-15T18:29:15.294+0000][7][gc,cpu      ] GC(13) User=0.02s Sys=0.00s Real=0.01s
[2025-10-15T18:29:15.294+0000][7][safepoint   ] Safepoint "G1PauseRemark", Time since last: 3354973 ns, Reaching safepoint: 306901 ns, Cleanup: 8616 ns, At safepoint: 4973708 ns, Total: 5289225 ns
[2025-10-15T18:29:15.294+0000][7][gc,marking  ] GC(13) Concurrent Mark 28.826ms
[2025-10-15T18:29:15.294+0000][7][gc,marking  ] GC(13) Concurrent Rebuild Remembered Sets and Scrub Regions
[2025-10-15T18:29:15.302+0000][7][gc,marking  ] GC(13) Concurrent Rebuild Remembered Sets and Scrub Regions 7.310ms
[2025-10-15T18:29:15.302+0000][7][gc,start    ] GC(13) Pause Cleanup
[2025-10-15T18:29:15.302+0000][7][gc          ] GC(13) Pause Cleanup 99M->99M(3072M) 0.176ms
[2025-10-15T18:29:15.302+0000][7][gc,cpu      ] GC(13) User=0.01s Sys=0.00s Real=0.00s
[2025-10-15T18:29:15.303+0000][7][safepoint   ] Safepoint "G1PauseCleanup", Time since last: 7406455 ns, Reaching safepoint: 333541 ns, Cleanup: 14737 ns, At safepoint: 1415603 ns, Total: 1763881 ns
[2025-10-15T18:29:15.304+0000][7][gc,marking  ] GC(13) Concurrent Clear Claimed Marks
[2025-10-15T18:29:15.307+0000][7][gc,marking  ] GC(13) Concurrent Clear Claimed Marks 2.996ms
[2025-10-15T18:29:15.307+0000][7][gc,marking  ] GC(13) Concurrent Cleanup for Next Mark
[2025-10-15T18:29:15.316+0000][7][gc,marking  ] GC(13) Concurrent Cleanup for Next Mark 9.166ms
[2025-10-15T18:29:15.317+0000][7][gc          ] GC(13) Concurrent Mark Cycle 116.273ms
[2025-10-15T18:29:16.301+0000][7][safepoint   ] Safepoint "ICBufferFull", Time since last: 997756577 ns, Reaching safepoint: 9964 ns, Cleanup: 103863 ns, At safepoint: 9721 ns, Total: 123548 ns
[2025-10-15T18:29:17.303+0000][7][safepoint   ] Safepoint "Cleanup", Time since last: 1001770724 ns, Reaching safepoint: 40712 ns, Cleanup: 60697 ns, At safepoint: 9741 ns, Total: 111150 ns
[2025-10-15T18:29:18.307+0000][7][safepoint   ] Safepoint "Cleanup", Time since last: 1003703976 ns, Reaching safepoint: 7262 ns, Cleanup: 16786 ns, At safepoint: 5309 ns, Total: 29357 ns
[2025-10-15T18:29:20.307+0000][7][safepoint   ] Safepoint "Cleanup", Time since last: 2000430859 ns, Reaching safepoint: 9302 ns, Cleanup: 28431 ns, At safepoint: 6630 ns, Total: 44363 ns
[2025-10-15T18:29:24.309+0000][7][safepoint   ] Safepoint "Cleanup", Time since last: 4000922167 ns, Reaching safepoint: 941791 ns, Cleanup: 41224 ns, At safepoint: 14081 ns, Total: 997096 ns
[2025-10-15T18:29:25.309+0000][7][safepoint   ] Safepoint "Cleanup", Time since last: 1000092818 ns, Reaching safepoint: 7025 ns, Cleanup: 6922 ns, At safepoint: 5386 ns, Total: 19333 ns
[2025-10-15T18:29:26.310+0000][7][safepoint   ] Safepoint "Cleanup", Time since last: 1000099449 ns, Reaching safepoint: 10980 ns, Cleanup: 14383 ns, At safepoint: 6999 ns, Total: 32362 ns
[2025-10-15T18:29:27.310+0000][7][safepoint   ] Safepoint "Cleanup", Time since last: 1000134480 ns, Reaching safepoint: 19189 ns, Cleanup: 38685 ns, At safepoint: 10001 ns, Total: 67875 ns
[2025-10-15T18:29:28.051+0000][7][safepoint   ] Safepoint "ICBufferFull", Time since last: 740746843 ns, Reaching safepoint: 11460 ns, Cleanup: 102905 ns, At safepoint: 7789 ns, Total: 122154 ns
[2025-10-15T18:29:29.395+0000][7][safepoint   ] Safepoint "Cleanup", Time since last: 1344440421 ns, Reaching safepoint: 15696 ns, Cleanup: 78526 ns, At safepoint: 6181 ns, Total: 100403 ns
[2025-10-15T18:29:30.395+0000][7][safepoint   ] Safepoint "Cleanup", Time since last: 1000151498 ns, Reaching safepoint: 10415 ns, Cleanup: 8636 ns, At safepoint: 6047 ns, Total: 25098 ns
[2025-10-15T18:29:31.396+0000][7][safepoint   ] Safepoint "Cleanup", Time since last: 1000129616 ns, Reaching safepoint: 11694 ns, Cleanup: 8688 ns, At safepoint: 5887 ns, Total: 26269 ns
[2025-10-15T18:29:34.396+0000][7][safepoint   ] Safepoint "Cleanup", Time since last: 3000243707 ns, Reaching safepoint: 14021 ns, Cleanup: 47877 ns, At safepoint: 5584 ns, Total: 67482 ns
[2025-10-15T18:29:35.396+0000][7][safepoint   ] Safepoint "Cleanup", Time since last: 1000109980 ns, Reaching safepoint: 76594 ns, Cleanup: 37540 ns, At safepoint: 6465 ns, Total: 120599 ns
[2025-10-15T18:29:37.396+0000][7][safepoint   ] Safepoint "Cleanup", Time since last: 2000269774 ns, Reaching safepoint: 7764 ns, Cleanup: 8959 ns, At safepoint: 4163 ns, Total: 20886 ns
[2025-10-15T18:29:39.397+0000][7][safepoint   ] Safepoint "Cleanup", Time since last: 2000141875 ns, Reaching safepoint: 8514 ns, Cleanup: 8567 ns, At safepoint: 4575 ns, Total: 21656 ns
[2025-10-15T18:29:41.397+0000][7][safepoint   ] Safepoint "Cleanup", Time since last: 2000148175 ns, Reaching safepoint: 8031 ns, Cleanup: 8110 ns, At safepoint: 5004 ns, Total: 21145 ns
[2025-10-15T18:29:42.877+0000][7][safepoint   ] Safepoint "Cleanup", Time since last: 1479973378 ns, Reaching safepoint: 10063 ns, Cleanup: 14403 ns, At safepoint: 5907 ns, Total: 30373 ns
[2025-10-15T18:29:43.877+0000][7][safepoint   ] Safepoint "Cleanup", Time since last: 1000109274 ns, Reaching safepoint: 12493 ns, Cleanup: 23311 ns, At safepoint: 7938 ns, Total: 43742 ns
[2025-10-15T18:29:44.877+0000][7][safepoint   ] Safepoint "Cleanup", Time since last: 1000134143 ns, Reaching safepoint: 11951 ns, Cleanup: 13782 ns, At safepoint: 5837 ns, Total: 31570 ns
[2025-10-15T18:29:45.877+0000][7][safepoint   ] Safepoint "Cleanup", Time since last: 1000103027 ns, Reaching safepoint: 14073 ns, Cleanup: 15414 ns, At safepoint: 7396 ns, Total: 36883 ns
[2025-10-15T18:29:47.877+0000][7][safepoint   ] Safepoint "Cleanup", Time since last: 2000172084 ns, Reaching safepoint: 11970 ns, Cleanup: 11541 ns, At safepoint: 7322 ns, Total: 30833 ns
[2025-10-15T18:29:49.878+0000][7][safepoint   ] Safepoint "Cleanup", Time since last: 2000135347 ns, Reaching safepoint: 28818 ns, Cleanup: 10710 ns, At safepoint: 6031 ns, Total: 45559 ns
[2025-10-15T18:29:50.878+0000][7][safepoint   ] Safepoint "Cleanup", Time since last: 1000095616 ns, Reaching safepoint: 12895 ns, Cleanup: 10553 ns, At safepoint: 6400 ns, Total: 29848 ns
[2025-10-15T18:29:53.878+0000][7][safepoint   ] Safepoint "Cleanup", Time since last: 3000240624 ns, Reaching safepoint: 9122 ns, Cleanup: 11763 ns, At safepoint: 4625 ns, Total: 25510 ns
[2025-10-15T18:29:57.878+0000][7][safepoint   ] Safepoint "Cleanup", Time since last: 4000295298 ns, Reaching safepoint: 10921 ns, Cleanup: 7664 ns, At safepoint: 4457 ns, Total: 23042 ns
[2025-10-15T18:29:59.879+0000][7][safepoint   ] Safepoint "Cleanup", Time since last: 2000189804 ns, Reaching safepoint: 19492 ns, Cleanup: 25636 ns, At safepoint: 13830 ns, Total: 58958 ns
[2025-10-15T18:30:01.879+0000][7][safepoint   ] Safepoint "Cleanup", Time since last: 2000188986 ns, Reaching safepoint: 8358 ns, Cleanup: 5975 ns, At safepoint: 4526 ns, Total: 18859 ns
[2025-10-15T18:30:05.879+0000][7][safepoint   ] Safepoint "Cleanup", Time since last: 4000240431 ns, Reaching safepoint: 24020 ns, Cleanup: 12320 ns, At safepoint: 4582 ns, Total: 40922 ns
[2025-10-15T18:30:07.879+0000][7][safepoint   ] Safepoint "Cleanup", Time since last: 2000185609 ns, Reaching safepoint: 19412 ns, Cleanup: 43166 ns, At safepoint: 6099 ns, Total: 68677 ns
[2025-10-15T18:30:08.880+0000][7][safepoint   ] Safepoint "Cleanup", Time since last: 1000125915 ns, Reaching safepoint: 20858 ns, Cleanup: 46816 ns, At safepoint: 17935 ns, Total: 85609 ns
[2025-10-15T18:30:11.880+0000][7][safepoint   ] Safepoint "Cleanup", Time since last: 3000255117 ns, Reaching safepoint: 13124 ns, Cleanup: 9819 ns, At safepoint: 5678 ns, Total: 28621 ns
[2025-10-15T18:30:13.880+0000][7][safepoint   ] Safepoint "Cleanup", Time since last: 2000155361 ns, Reaching safepoint: 78893 ns, Cleanup: 6900 ns, At safepoint: 5035 ns, Total: 90828 ns
[2025-10-15T18:30:15.880+0000][7][safepoint   ] Safepoint "Cleanup", Time since last: 2000169755 ns, Reaching safepoint: 9585 ns, Cleanup: 9236 ns, At safepoint: 7160 ns, Total: 25981 ns
[2025-10-15T18:30:17.880+0000][7][safepoint   ] Safepoint "Cleanup", Time since last: 2000185461 ns, Reaching safepoint: 9009 ns, Cleanup: 7221 ns, At safepoint: 4714 ns, Total: 20944 ns
[2025-10-15T18:30:19.881+0000][7][safepoint   ] Safepoint "Cleanup", Time since last: 2000155116 ns, Reaching safepoint: 20840 ns, Cleanup: 8183 ns, At safepoint: 4700 ns, Total: 33723 ns
[2025-10-15T18:30:21.881+0000][7][safepoint   ] Safepoint "Cleanup", Time since last: 2000143218 ns, Reaching safepoint: 9201 ns, Cleanup: 30912 ns, At safepoint: 4651 ns, Total: 44764 ns
[2025-10-15T18:30:25.881+0000][7][safepoint   ] Safepoint "Cleanup", Time since last: 4000298112 ns, Reaching safepoint: 19204 ns, Cleanup: 19813 ns, At safepoint: 12940 ns, Total: 51957 ns
[2025-10-15T18:30:26.881+0000][7][safepoint   ] Safepoint "Cleanup", Time since last: 1000126361 ns, Reaching safepoint: 7648 ns, Cleanup: 7270 ns, At safepoint: 5080 ns, Total: 19998 ns
[2025-10-15T18:30:27.881+0000][7][safepoint   ] Safepoint "Cleanup", Time since last: 1000091351 ns, Reaching safepoint: 8011 ns, Cleanup: 8070 ns, At safepoint: 4647 ns, Total: 20728 ns
[2025-10-15T18:30:29.882+0000][7][safepoint   ] Safepoint "Cleanup", Time since last: 2000137660 ns, Reaching safepoint: 8381 ns, Cleanup: 7932 ns, At safepoint: 4980 ns, Total: 21293 ns
[2025-10-15T18:30:31.882+0000][7][safepoint   ] Safepoint "Cleanup", Time since last: 2000123200 ns, Reaching safepoint: 8800 ns, Cleanup: 5374 ns, At safepoint: 4112 ns, Total: 18286 ns
[2025-10-15T18:30:33.882+0000][7][safepoint   ] Safepoint "Cleanup", Time since last: 2000108332 ns, Reaching safepoint: 7983 ns, Cleanup: 8439 ns, At safepoint: 5439 ns, Total: 21861 ns
[2025-10-15T18:30:35.882+0000][7][safepoint   ] Safepoint "Cleanup", Time since last: 2000163886 ns, Reaching safepoint: 37891 ns, Cleanup: 11563 ns, At safepoint: 6401 ns, Total: 55855 ns
[2025-10-15T18:30:36.882+0000][7][safepoint   ] Safepoint "Cleanup", Time since last: 1000105188 ns, Reaching safepoint: 15604 ns, Cleanup: 12907 ns, At safepoint: 7048 ns, Total: 35559 ns
[2025-10-15T18:30:38.882+0000][7][safepoint   ] Safepoint "Cleanup", Time since last: 2000167997 ns, Reaching safepoint: 10556 ns, Cleanup: 14438 ns, At safepoint: 5069 ns, Total: 30063 ns
[2025-10-15T18:30:40.883+0000][7][safepoint   ] Safepoint "Cleanup", Time since last: 2000127915 ns, Reaching safepoint: 10298 ns, Cleanup: 9363 ns, At safepoint: 6373 ns, Total: 26034 ns
[2025-10-15T18:30:42.892+0000][7][safepoint   ] Safepoint "Cleanup", Time since last: 2009777337 ns, Reaching safepoint: 13731 ns, Cleanup: 11006 ns, At safepoint: 8020 ns, Total: 32757 ns
[2025-10-15T18:30:48.893+0000][7][safepoint   ] Safepoint "Cleanup", Time since last: 6000412270 ns, Reaching safepoint: 8889 ns, Cleanup: 9031 ns, At safepoint: 5680 ns, Total: 23600 ns
[2025-10-15T18:30:51.893+0000][7][safepoint   ] Safepoint "Cleanup", Time since last: 3000243975 ns, Reaching safepoint: 26319 ns, Cleanup: 7647 ns, At safepoint: 6710 ns, Total: 40676 ns
[2025-10-15T18:30:52.893+0000][7][safepoint   ] Safepoint "Cleanup", Time since last: 1000117439 ns, Reaching safepoint: 19202 ns, Cleanup: 20647 ns, At safepoint: 27216 ns, Total: 67065 ns
[2025-10-15T18:30:56.894+0000][7][safepoint   ] Safepoint "Cleanup", Time since last: 4000418560 ns, Reaching safepoint: 7437 ns, Cleanup: 8924 ns, At safepoint: 4285 ns, Total: 20646 ns
[2025-10-15T18:30:58.894+0000][7][safepoint   ] Safepoint "Cleanup", Time since last: 2000151614 ns, Reaching safepoint: 7784 ns, Cleanup: 9429 ns, At safepoint: 4619 ns, Total: 21832 ns
[2025-10-15T18:31:00.894+0000][7][safepoint   ] Safepoint "Cleanup", Time since last: 2000148593 ns, Reaching safepoint: 8500 ns, Cleanup: 6864 ns, At safepoint: 5121 ns, Total: 20485 ns
[2025-10-15T18:31:02.894+0000][7][safepoint   ] Safepoint "Cleanup", Time since last: 2000201399 ns, Reaching safepoint: 18059 ns, Cleanup: 18542 ns, At safepoint: 14121 ns, Total: 50722 ns
[2025-10-15T18:31:04.895+0000][7][safepoint   ] Safepoint "Cleanup", Time since last: 2000222160 ns, Reaching safepoint: 8004 ns, Cleanup: 11193 ns, At safepoint: 6521 ns, Total: 25718 ns
[2025-10-15T18:31:07.895+0000][7][safepoint   ] Safepoint "Cleanup", Time since last: 3000215265 ns, Reaching safepoint: 26096 ns, Cleanup: 8221 ns, At safepoint: 4954 ns, Total: 39271 ns
[2025-10-15T18:31:08.895+0000][7][safepoint   ] Safepoint "Cleanup", Time since last: 1000089699 ns, Reaching safepoint: 10802 ns, Cleanup: 10334 ns, At safepoint: 5785 ns, Total: 26921 ns
[2025-10-15T18:31:10.895+0000][7][safepoint   ] Safepoint "Cleanup", Time since last: 2000163212 ns, Reaching safepoint: 13422 ns, Cleanup: 10949 ns, At safepoint: 7781 ns, Total: 32152 ns
[2025-10-15T18:31:12.895+0000][7][safepoint   ] Safepoint "Cleanup", Time since last: 2000164272 ns, Reaching safepoint: 11325 ns, Cleanup: 16286 ns, At safepoint: 7764 ns, Total: 35375 ns
[2025-10-15T18:31:13.895+0000][7][safepoint   ] Safepoint "Cleanup", Time since last: 1000114776 ns, Reaching safepoint: 20442 ns, Cleanup: 12606 ns, At safepoint: 5489 ns, Total: 38537 ns
[2025-10-15T18:31:14.896+0000][7][safepoint   ] Safepoint "Cleanup", Time since last: 1000100096 ns, Reaching safepoint: 10852 ns, Cleanup: 12054 ns, At safepoint: 5338 ns, Total: 28244 ns
[2025-10-15T18:31:16.896+0000][7][safepoint   ] Safepoint "Cleanup", Time since last: 2000156334 ns, Reaching safepoint: 11738 ns, Cleanup: 9198 ns, At safepoint: 5450 ns, Total: 26386 ns
[2025-10-15T18:31:18.896+0000][7][safepoint   ] Safepoint "Cleanup", Time since last: 2000198153 ns, Reaching safepoint: 11818 ns, Cleanup: 10972 ns, At safepoint: 4797 ns, Total: 27587 ns
[2025-10-15T18:31:19.896+0000][7][safepoint   ] Safepoint "Cleanup", Time since last: 1000087574 ns, Reaching safepoint: 8052 ns, Cleanup: 7652 ns, At safepoint: 4139 ns, Total: 19843 ns
[2025-10-15T18:31:21.896+0000][7][safepoint   ] Safepoint "Cleanup", Time since last: 2000156046 ns, Reaching safepoint: 30058 ns, Cleanup: 12258 ns, At safepoint: 5537 ns, Total: 47853 ns
[2025-10-15T18:31:23.896+0000][7][safepoint   ] Safepoint "Cleanup", Time since last: 2000137179 ns, Reaching safepoint: 8027 ns, Cleanup: 5312 ns, At safepoint: 6719 ns, Total: 20058 ns
[2025-10-15T18:31:25.897+0000][7][safepoint   ] Safepoint "Cleanup", Time since last: 2000175718 ns, Reaching safepoint: 8108 ns, Cleanup: 7529 ns, At safepoint: 4498 ns, Total: 20135 ns
[2025-10-15T18:31:29.897+0000][7][safepoint   ] Safepoint "Cleanup", Time since last: 4000260703 ns, Reaching safepoint: 24194 ns, Cleanup: 8406 ns, At safepoint: 5919 ns, Total: 38519 ns
[2025-10-15T18:31:35.897+0000][7][safepoint   ] Safepoint "Cleanup", Time since last: 6000432572 ns, Reaching safepoint: 9804 ns, Cleanup: 11888 ns, At safepoint: 5780 ns, Total: 27472 ns
[2025-10-15T18:31:38.898+0000][7][safepoint   ] Safepoint "Cleanup", Time since last: 3000249496 ns, Reaching safepoint: 10959 ns, Cleanup: 12777 ns, At safepoint: 4908 ns, Total: 28644 ns
[2025-10-15T18:31:41.898+0000][7][safepoint   ] Safepoint "Cleanup", Time since last: 3000214046 ns, Reaching safepoint: 9887 ns, Cleanup: 9150 ns, At safepoint: 5815 ns, Total: 24852 ns
[2025-10-15T18:31:43.908+0000][7][safepoint   ] Safepoint "Cleanup", Time since last: 2010217430 ns, Reaching safepoint: 30459 ns, Cleanup: 13498 ns, At safepoint: 6953 ns, Total: 50910 ns
[2025-10-15T18:31:45.908+0000][7][safepoint   ] Safepoint "Cleanup", Time since last: 2000159388 ns, Reaching safepoint: 10901 ns, Cleanup: 8745 ns, At safepoint: 6383 ns, Total: 26029 ns
[2025-10-15T18:31:47.909+0000][7][safepoint   ] Safepoint "Cleanup", Time since last: 2000122597 ns, Reaching safepoint: 11188 ns, Cleanup: 9654 ns, At safepoint: 4636 ns, Total: 25478 ns
[2025-10-15T18:31:56.909+0000][7][safepoint   ] Safepoint "Cleanup", Time since last: 9000654281 ns, Reaching safepoint: 19114 ns, Cleanup: 23751 ns, At safepoint: 32945 ns, Total: 75810 ns
[2025-10-15T18:32:01.910+0000][7][safepoint   ] Safepoint "Cleanup", Time since last: 5000379083 ns, Reaching safepoint: 22129 ns, Cleanup: 10588 ns, At safepoint: 4987 ns, Total: 37704 ns
[2025-10-15T18:32:03.910+0000][7][safepoint   ] Safepoint "Cleanup", Time since last: 2000145958 ns, Reaching safepoint: 10520 ns, Cleanup: 7720 ns, At safepoint: 4440 ns, Total: 22680 ns
[2025-10-15T18:32:05.910+0000][7][safepoint   ] Safepoint "Cleanup", Time since last: 2000244312 ns, Reaching safepoint: 9199 ns, Cleanup: 8095 ns, At safepoint: 6509 ns, Total: 23803 ns
[2025-10-15T18:32:10.911+0000][7][safepoint   ] Safepoint "Cleanup", Time since last: 5000393357 ns, Reaching safepoint: 8535 ns, Cleanup: 8369 ns, At safepoint: 5799 ns, Total: 22703 ns
[2025-10-15T18:32:12.911+0000][7][safepoint   ] Safepoint "Cleanup", Time since last: 2000163078 ns, Reaching safepoint: 11367 ns, Cleanup: 9176 ns, At safepoint: 5868 ns, Total: 26411 ns
[2025-10-15T18:32:14.911+0000][7][safepoint   ] Safepoint "Cleanup", Time since last: 2000151192 ns, Reaching safepoint: 26980 ns, Cleanup: 9031 ns, At safepoint: 7300 ns, Total: 43311 ns
[2025-10-15T18:32:16.911+0000][7][safepoint   ] Safepoint "Cleanup", Time since last: 2000170247 ns, Reaching safepoint: 11595 ns, Cleanup: 9884 ns, At safepoint: 6900 ns, Total: 28379 ns
[2025-10-15T18:32:21.911+0000][7][safepoint   ] Safepoint "Cleanup", Time since last: 5000333762 ns, Reaching safepoint: 8059 ns, Cleanup: 7650 ns, At safepoint: 5011 ns, Total: 20720 ns
[2025-10-15T18:32:24.912+0000][7][safepoint   ] Safepoint "Cleanup", Time since last: 3000211120 ns, Reaching safepoint: 7813 ns, Cleanup: 9745 ns, At safepoint: 5145 ns, Total: 22703 ns
[2025-10-15T18:32:27.912+0000][7][safepoint   ] Safepoint "Cleanup", Time since last: 3000227269 ns, Reaching safepoint: 7834 ns, Cleanup: 7617 ns, At safepoint: 5013 ns, Total: 20464 ns
[2025-10-15T18:32:28.912+0000][7][safepoint   ] Safepoint "Cleanup", Time since last: 1000089079 ns, Reaching safepoint: 9429 ns, Cleanup: 8647 ns, At safepoint: 5826 ns, Total: 23902 ns
[2025-10-15T18:32:30.912+0000][7][safepoint   ] Safepoint "Cleanup", Time since last: 2000193222 ns, Reaching safepoint: 50479 ns, Cleanup: 19607 ns, At safepoint: 14192 ns, Total: 84278 ns
[2025-10-15T18:32:32.913+0000][7][safepoint   ] Safepoint "Cleanup", Time since last: 2000184591 ns, Reaching safepoint: 9475 ns, Cleanup: 10168 ns, At safepoint: 5481 ns, Total: 25124 ns
[2025-10-15T18:32:40.914+0000][7][safepoint   ] Safepoint "Cleanup", Time since last: 8001180925 ns, Reaching safepoint: 22006 ns, Cleanup: 25454 ns, At safepoint: 9974 ns, Total: 57434 ns
[2025-10-15T18:32:42.925+0000][7][safepoint   ] Safepoint "Cleanup", Time since last: 2010868140 ns, Reaching safepoint: 12459 ns, Cleanup: 10865 ns, At safepoint: 5497 ns, Total: 28821 ns
[2025-10-15T18:32:43.925+0000][7][safepoint   ] Safepoint "Cleanup", Time since last: 1000101536 ns, Reaching safepoint: 9948 ns, Cleanup: 10958 ns, At safepoint: 6123 ns, Total: 27029 ns
[2025-10-15T18:32:44.925+0000][7][safepoint   ] Safepoint "Cleanup", Time since last: 1000121350 ns, Reaching safepoint: 44764 ns, Cleanup: 16976 ns, At safepoint: 36089 ns, Total: 97829 ns
[2025-10-15T18:33:05.927+0000][7][safepoint   ] Safepoint "Cleanup", Time since last: 21002040468 ns, Reaching safepoint: 9546 ns, Cleanup: 12497 ns, At safepoint: 5992 ns, Total: 28035 ns
[2025-10-15T18:33:07.927+0000][7][safepoint   ] Safepoint "Cleanup", Time since last: 2000180947 ns, Reaching safepoint: 13565 ns, Cleanup: 11761 ns, At safepoint: 6651 ns, Total: 31977 ns
[2025-10-15T18:33:09.928+0000][7][safepoint   ] Safepoint "Cleanup", Time since last: 2000144502 ns, Reaching safepoint: 10850 ns, Cleanup: 15658 ns, At safepoint: 6283 ns, Total: 32791 ns
[2025-10-15T18:33:11.928+0000][7][safepoint   ] Safepoint "Cleanup", Time since last: 2000158668 ns, Reaching safepoint: 12521 ns, Cleanup: 9136 ns, At safepoint: 6894 ns, Total: 28551 ns
[2025-10-15T18:33:12.928+0000][7][safepoint   ] Safepoint "Cleanup", Time since last: 1000104075 ns, Reaching safepoint: 7881 ns, Cleanup: 6884 ns, At safepoint: 5271 ns, Total: 20036 ns
[2025-10-15T18:33:14.928+0000][7][safepoint   ] Safepoint "Cleanup", Time since last: 2000160396 ns, Reaching safepoint: 8412 ns, Cleanup: 8119 ns, At safepoint: 5161 ns, Total: 21692 ns
[2025-10-15T18:33:15.928+0000][7][safepoint   ] Safepoint "Cleanup", Time since last: 1000099160 ns, Reaching safepoint: 29531 ns, Cleanup: 11539 ns, At safepoint: 10417 ns, Total: 51487 ns
[2025-10-15T18:33:17.928+0000][7][safepoint   ] Safepoint "Cleanup", Time since last: 2000210189 ns, Reaching safepoint: 10408 ns, Cleanup: 10250 ns, At safepoint: 5273 ns, Total: 25931 ns
[2025-10-15T18:33:19.929+0000][7][safepoint   ] Safepoint "Cleanup", Time since last: 2000215527 ns, Reaching safepoint: 12353 ns, Cleanup: 28541 ns, At safepoint: 7739 ns, Total: 48633 ns
[2025-10-15T18:33:21.929+0000][7][safepoint   ] Safepoint "Cleanup", Time since last: 2000175403 ns, Reaching safepoint: 12442 ns, Cleanup: 10290 ns, At safepoint: 6891 ns, Total: 29623 ns
[2025-10-15T18:33:23.929+0000][7][safepoint   ] Safepoint "Cleanup", Time since last: 2000207705 ns, Reaching safepoint: 19617 ns, Cleanup: 24857 ns, At safepoint: 13189 ns, Total: 57663 ns
[2025-10-15T18:33:24.929+0000][7][safepoint   ] Safepoint "Cleanup", Time since last: 1000154618 ns, Reaching safepoint: 16159 ns, Cleanup: 14235 ns, At safepoint: 9834 ns, Total: 40228 ns
[2025-10-15T18:33:25.929+0000][7][safepoint   ] Safepoint "Cleanup", Time since last: 1000103204 ns, Reaching safepoint: 12663 ns, Cleanup: 21978 ns, At safepoint: 5881 ns, Total: 40522 ns
[2025-10-15T18:33:27.930+0000][7][safepoint   ] Safepoint "Cleanup", Time since last: 2000163793 ns, Reaching safepoint: 12706 ns, Cleanup: 12875 ns, At safepoint: 6890 ns, Total: 32471 ns
[2025-10-15T18:33:31.930+0000][7][safepoint   ] Safepoint "Cleanup", Time since last: 4000360102 ns, Reaching safepoint: 28392 ns, Cleanup: 12663 ns, At safepoint: 5448 ns, Total: 46503 ns
[2025-10-15T18:33:33.930+0000][7][safepoint   ] Safepoint "Cleanup", Time since last: 2000204796 ns, Reaching safepoint: 8246 ns, Cleanup: 8512 ns, At safepoint: 4400 ns, Total: 21158 ns
[2025-10-15T18:33:35.931+0000][7][safepoint   ] Safepoint "Cleanup", Time since last: 2000214096 ns, Reaching safepoint: 12528 ns, Cleanup: 8918 ns, At safepoint: 5533 ns, Total: 26979 ns
[2025-10-15T18:33:37.931+0000][7][safepoint   ] Safepoint "Cleanup", Time since last: 2000167103 ns, Reaching safepoint: 7855 ns, Cleanup: 7602 ns, At safepoint: 4132 ns, Total: 19589 ns
[2025-10-15T18:33:42.941+0000][7][safepoint   ] Safepoint "Cleanup", Time since last: 5009958175 ns, Reaching safepoint: 12018 ns, Cleanup: 10850 ns, At safepoint: 6113 ns, Total: 28981 ns
[2025-10-15T18:33:43.941+0000][7][safepoint   ] Safepoint "Cleanup", Time since last: 1000104280 ns, Reaching safepoint: 13428 ns, Cleanup: 16897 ns, At safepoint: 6494 ns, Total: 36819 ns
[2025-10-15T18:33:50.941+0000][7][safepoint   ] Safepoint "Cleanup", Time since last: 7000571789 ns, Reaching safepoint: 8998 ns, Cleanup: 10984 ns, At safepoint: 9605 ns, Total: 29587 ns
[2025-10-15T18:33:52.942+0000][7][safepoint   ] Safepoint "Cleanup", Time since last: 2000157217 ns, Reaching safepoint: 8467 ns, Cleanup: 8772 ns, At safepoint: 5220 ns, Total: 22459 ns
[2025-10-15T18:33:56.942+0000][7][safepoint   ] Safepoint "Cleanup", Time since last: 4000353154 ns, Reaching safepoint: 18621 ns, Cleanup: 18042 ns, At safepoint: 10267 ns, Total: 46930 ns
[2025-10-15T18:34:02.943+0000][7][safepoint   ] Safepoint "Cleanup", Time since last: 6000541280 ns, Reaching safepoint: 76171 ns, Cleanup: 21409 ns, At safepoint: 12755 ns, Total: 110335 ns
[2025-10-15T18:34:04.943+0000][7][safepoint   ] Safepoint "Cleanup", Time since last: 2000209092 ns, Reaching safepoint: 15542 ns, Cleanup: 17251 ns, At safepoint: 12173 ns, Total: 44966 ns
[2025-10-15T18:34:06.943+0000][7][safepoint   ] Safepoint "Cleanup", Time since last: 2000216478 ns, Reaching safepoint: 13422 ns, Cleanup: 10743 ns, At safepoint: 7938 ns, Total: 32103 ns
[2025-10-15T18:34:12.944+0000][7][safepoint   ] Safepoint "Cleanup", Time since last: 6000431726 ns, Reaching safepoint: 10280 ns, Cleanup: 8891 ns, At safepoint: 5440 ns, Total: 24611 ns
[2025-10-15T18:34:13.944+0000][7][safepoint   ] Safepoint "Cleanup", Time since last: 1000102153 ns, Reaching safepoint: 12162 ns, Cleanup: 9922 ns, At safepoint: 7665 ns, Total: 29749 ns
[2025-10-15T18:34:14.944+0000][7][safepoint   ] Safepoint "Cleanup", Time since last: 1000179786 ns, Reaching safepoint: 16691 ns, Cleanup: 11846 ns, At safepoint: 7610 ns, Total: 36147 ns
[2025-10-15T18:34:16.944+0000][7][safepoint   ] Safepoint "Cleanup", Time since last: 2000163437 ns, Reaching safepoint: 8745 ns, Cleanup: 10277 ns, At safepoint: 5466 ns, Total: 24488 ns
[2025-10-15T18:34:19.945+0000][7][safepoint   ] Safepoint "Cleanup", Time since last: 3000237282 ns, Reaching safepoint: 18981 ns, Cleanup: 48075 ns, At safepoint: 26226 ns, Total: 93282 ns
[2025-10-15T18:34:22.945+0000][7][safepoint   ] Safepoint "Cleanup", Time since last: 3000250148 ns, Reaching safepoint: 14547 ns, Cleanup: 16685 ns, At safepoint: 8518 ns, Total: 39750 ns
[2025-10-15T18:34:25.945+0000][7][safepoint   ] Safepoint "Cleanup", Time since last: 3000240853 ns, Reaching safepoint: 12769 ns, Cleanup: 11799 ns, At safepoint: 6279 ns, Total: 30847 ns
[2025-10-15T18:34:27.945+0000][7][safepoint   ] Safepoint "Cleanup", Time since last: 2000205629 ns, Reaching safepoint: 24687 ns, Cleanup: 22515 ns, At safepoint: 14495 ns, Total: 61697 ns
[2025-10-15T18:34:29.946+0000][7][safepoint   ] Safepoint "Cleanup", Time since last: 2000207148 ns, Reaching safepoint: 14873 ns, Cleanup: 17367 ns, At safepoint: 9099 ns, Total: 41339 ns
[2025-10-15T18:34:33.946+0000][7][safepoint   ] Safepoint "Cleanup", Time since last: 4000313376 ns, Reaching safepoint: 22949 ns, Cleanup: 10566 ns, At safepoint: 5616 ns, Total: 39131 ns
[2025-10-15T18:34:35.947+0000][7][safepoint   ] Safepoint "Cleanup", Time since last: 2001453835 ns, Reaching safepoint: 9118 ns, Cleanup: 9251 ns, At safepoint: 6319 ns, Total: 24688 ns
[2025-10-15T18:34:37.948+0000][7][safepoint   ] Safepoint "Cleanup", Time since last: 2000174486 ns, Reaching safepoint: 19024 ns, Cleanup: 14816 ns, At safepoint: 7779 ns, Total: 41619 ns
[2025-10-15T18:34:43.958+0000][7][safepoint   ] Safepoint "Cleanup", Time since last: 6010468519 ns, Reaching safepoint: 26393 ns, Cleanup: 23682 ns, At safepoint: 12438 ns, Total: 62513 ns
[2025-10-15T18:34:44.958+0000][7][safepoint   ] Safepoint "Cleanup", Time since last: 1000133686 ns, Reaching safepoint: 10075 ns, Cleanup: 11914 ns, At safepoint: 5973 ns, Total: 27962 ns
[2025-10-15T18:34:45.958+0000][7][safepoint   ] Safepoint "Cleanup", Time since last: 1000101619 ns, Reaching safepoint: 10803 ns, Cleanup: 12010 ns, At safepoint: 7738 ns, Total: 30551 ns
[2025-10-15T18:34:47.959+0000][7][safepoint   ] Safepoint "Cleanup", Time since last: 2000170097 ns, Reaching safepoint: 22276 ns, Cleanup: 9960 ns, At safepoint: 7947 ns, Total: 40183 ns
[2025-10-15T18:34:51.959+0000][7][safepoint   ] Safepoint "Cleanup", Time since last: 4000308538 ns, Reaching safepoint: 12729 ns, Cleanup: 11709 ns, At safepoint: 4980 ns, Total: 29418 ns
[2025-10-15T18:34:52.959+0000][7][safepoint   ] Safepoint "Cleanup", Time since last: 1000115196 ns, Reaching safepoint: 17700 ns, Cleanup: 15859 ns, At safepoint: 7508 ns, Total: 41067 ns
[2025-10-15T18:34:53.959+0000][7][safepoint   ] Safepoint "Cleanup", Time since last: 1000104966 ns, Reaching safepoint: 8977 ns, Cleanup: 11601 ns, At safepoint: 5715 ns, Total: 26293 ns
[2025-10-15T18:34:55.959+0000][7][safepoint   ] Safepoint "Cleanup", Time since last: 2000170626 ns, Reaching safepoint: 9457 ns, Cleanup: 11550 ns, At safepoint: 5216 ns, Total: 26223 ns
[2025-10-15T18:34:59.960+0000][7][safepoint   ] Safepoint "Cleanup", Time since last: 4000311007 ns, Reaching safepoint: 31410 ns, Cleanup: 9931 ns, At safepoint: 4458 ns, Total: 45799 ns
[2025-10-15T18:35:14.973+0000][7][safepoint   ] Safepoint "Cleanup", Time since last: 15012939614 ns, Reaching safepoint: 38469 ns, Cleanup: 17564 ns, At safepoint: 10206 ns, Total: 66239 ns
[2025-10-15T18:35:16.973+0000][7][safepoint   ] Safepoint "Cleanup", Time since last: 2000377207 ns, Reaching safepoint: 8704 ns, Cleanup: 8156 ns, At safepoint: 5528 ns, Total: 22388 ns
[2025-10-15T18:35:20.974+0000][7][safepoint   ] Safepoint "Cleanup", Time since last: 4000335994 ns, Reaching safepoint: 28841 ns, Cleanup: 13994 ns, At safepoint: 5992 ns, Total: 48827 ns
[2025-10-15T18:35:22.974+0000][7][safepoint   ] Safepoint "Cleanup", Time since last: 2000183813 ns, Reaching safepoint: 14933 ns, Cleanup: 10059 ns, At safepoint: 6707 ns, Total: 31699 ns
[2025-10-15T18:35:28.974+0000][7][safepoint   ] Safepoint "Cleanup", Time since last: 6000441139 ns, Reaching safepoint: 21620 ns, Cleanup: 39933 ns, At safepoint: 12293 ns, Total: 73846 ns
[2025-10-15T18:35:32.975+0000][7][safepoint   ] Safepoint "Cleanup", Time since last: 4000278553 ns, Reaching safepoint: 8145 ns, Cleanup: 8988 ns, At safepoint: 4604 ns, Total: 21737 ns
[2025-10-15T18:35:37.975+0000][7][safepoint   ] Safepoint "Cleanup", Time since last: 5000338886 ns, Reaching safepoint: 7327 ns, Cleanup: 12437 ns, At safepoint: 5029 ns, Total: 24793 ns
[2025-10-15T18:35:38.975+0000][7][safepoint   ] Safepoint "Cleanup", Time since last: 1000102170 ns, Reaching safepoint: 11911 ns, Cleanup: 48902 ns, At safepoint: 7826 ns, Total: 68639 ns
[2025-10-15T18:35:39.945+0000][7][safepoint   ] Safepoint "ICBufferFull", Time since last: 969484680 ns, Reaching safepoint: 35801 ns, Cleanup: 137866 ns, At safepoint: 10338 ns, Total: 184005 ns
[2025-10-15T18:35:40.946+0000][7][safepoint   ] Safepoint "Cleanup", Time since last: 1000928022 ns, Reaching safepoint: 11706 ns, Cleanup: 40026 ns, At safepoint: 6551 ns, Total: 58283 ns
[2025-10-15T18:35:43.976+0000][7][safepoint   ] Safepoint "Cleanup", Time since last: 3030218643 ns, Reaching safepoint: 14768 ns, Cleanup: 16204 ns, At safepoint: 11577 ns, Total: 42549 ns
[2025-10-15T18:35:44.976+0000][7][safepoint   ] Safepoint "Cleanup", Time since last: 1000124805 ns, Reaching safepoint: 12826 ns, Cleanup: 19960 ns, At safepoint: 6035 ns, Total: 38821 ns
[2025-10-15T18:35:46.977+0000][7][safepoint   ] Safepoint "Cleanup", Time since last: 2000221113 ns, Reaching safepoint: 18161 ns, Cleanup: 19051 ns, At safepoint: 8384 ns, Total: 45596 ns
[2025-10-15T18:35:47.977+0000][7][safepoint   ] Safepoint "Cleanup", Time since last: 1000188561 ns, Reaching safepoint: 19528 ns, Cleanup: 29752 ns, At safepoint: 11933 ns, Total: 61213 ns
[2025-10-15T18:35:51.977+0000][7][safepoint   ] Safepoint "Cleanup", Time since last: 4000358093 ns, Reaching safepoint: 27935 ns, Cleanup: 12565 ns, At safepoint: 5478 ns, Total: 45978 ns
[2025-10-15T18:35:59.978+0000][7][safepoint   ] Safepoint "Cleanup", Time since last: 8000514596 ns, Reaching safepoint: 11085 ns, Cleanup: 8937 ns, At safepoint: 5449 ns, Total: 25471 ns
[2025-10-15T18:36:09.979+0000][7][safepoint   ] Safepoint "Cleanup", Time since last: 10000724049 ns, Reaching safepoint: 45819 ns, Cleanup: 11875 ns, At safepoint: 6308 ns, Total: 64002 ns
[2025-10-15T18:36:13.979+0000][7][safepoint   ] Safepoint "Cleanup", Time since last: 4000419169 ns, Reaching safepoint: 8078 ns, Cleanup: 8607 ns, At safepoint: 4597 ns, Total: 21282 ns
[2025-10-15T18:36:25.980+0000][7][safepoint   ] Safepoint "Cleanup", Time since last: 12000844539 ns, Reaching safepoint: 26476 ns, Cleanup: 11320 ns, At safepoint: 4981 ns, Total: 42777 ns
[2025-10-15T18:36:34.980+0000][7][safepoint   ] Safepoint "Cleanup", Time since last: 9000585923 ns, Reaching safepoint: 24927 ns, Cleanup: 7238 ns, At safepoint: 4833 ns, Total: 36998 ns
[2025-10-15T18:36:42.992+0000][7][safepoint   ] Safepoint "Cleanup", Time since last: 8011516999 ns, Reaching safepoint: 10491 ns, Cleanup: 17495 ns, At safepoint: 5260 ns, Total: 33246 ns
[2025-10-15T18:36:44.992+0000][7][safepoint   ] Safepoint "Cleanup", Time since last: 2000174374 ns, Reaching safepoint: 8556 ns, Cleanup: 10494 ns, At safepoint: 4642 ns, Total: 23692 ns
[2025-10-15T18:36:48.993+0000][7][safepoint   ] Safepoint "Cleanup", Time since last: 4000359896 ns, Reaching safepoint: 22610 ns, Cleanup: 10008 ns, At safepoint: 4486 ns, Total: 37104 ns
[2025-10-15T18:37:08.994+0000][7][safepoint   ] Safepoint "Cleanup", Time since last: 20001265920 ns, Reaching safepoint: 23035 ns, Cleanup: 8966 ns, At safepoint: 4830 ns, Total: 36831 ns
[2025-10-15T18:37:10.994+0000][7][safepoint   ] Safepoint "Cleanup", Time since last: 2000160575 ns, Reaching safepoint: 14145 ns, Cleanup: 12020 ns, At safepoint: 8989 ns, Total: 35154 ns
[2025-10-15T18:37:14.994+0000][7][safepoint   ] Safepoint "Cleanup", Time since last: 4000300074 ns, Reaching safepoint: 7862 ns, Cleanup: 7422 ns, At safepoint: 4190 ns, Total: 19474 ns
[2025-10-15T18:37:21.995+0000][7][safepoint   ] Safepoint "Cleanup", Time since last: 7000537714 ns, Reaching safepoint: 31559 ns, Cleanup: 10210 ns, At safepoint: 5150 ns, Total: 46919 ns
[2025-10-15T18:37:41.997+0000][7][safepoint   ] Safepoint "Cleanup", Time since last: 20001363246 ns, Reaching safepoint: 91921 ns, Cleanup: 23755 ns, At safepoint: 14172 ns, Total: 129848 ns
[2025-10-15T18:37:44.009+0000][7][safepoint   ] Safepoint "Cleanup", Time since last: 2012109326 ns, Reaching safepoint: 22851 ns, Cleanup: 10283 ns, At safepoint: 4217 ns, Total: 37351 ns
[2025-10-15T18:37:45.009+0000][7][safepoint   ] Safepoint "Cleanup", Time since last: 1000087714 ns, Reaching safepoint: 9639 ns, Cleanup: 8735 ns, At safepoint: 4382 ns, Total: 22756 ns
[2025-10-15T18:37:46.009+0000][7][safepoint   ] Safepoint "Cleanup", Time since last: 1000205405 ns, Reaching safepoint: 6974 ns, Cleanup: 6215 ns, At safepoint: 4816 ns, Total: 18005 ns
[2025-10-15T18:37:48.009+0000][7][safepoint   ] Safepoint "Cleanup", Time since last: 2000198881 ns, Reaching safepoint: 10302 ns, Cleanup: 8339 ns, At safepoint: 5140 ns, Total: 23781 ns
[2025-10-15T18:37:50.010+0000][7][safepoint   ] Safepoint "Cleanup", Time since last: 2000180790 ns, Reaching safepoint: 17835 ns, Cleanup: 59586 ns, At safepoint: 12776 ns, Total: 90197 ns
[2025-10-15T18:37:52.010+0000][7][safepoint   ] Safepoint "Cleanup", Time since last: 2000196765 ns, Reaching safepoint: 8406 ns, Cleanup: 10233 ns, At safepoint: 4025 ns, Total: 22664 ns
[2025-10-15T18:38:00.010+0000][7][safepoint   ] Safepoint "Cleanup", Time since last: 8000596621 ns, Reaching safepoint: 24016 ns, Cleanup: 16580 ns, At safepoint: 6395 ns, Total: 46991 ns
[2025-10-15T18:38:13.011+0000][7][safepoint   ] Safepoint "Cleanup", Time since last: 13000885011 ns, Reaching safepoint: 8160 ns, Cleanup: 7590 ns, At safepoint: 5304 ns, Total: 21054 ns
[2025-10-15T18:38:17.012+0000][7][safepoint   ] Safepoint "Cleanup", Time since last: 4000295429 ns, Reaching safepoint: 8298 ns, Cleanup: 7002 ns, At safepoint: 4500 ns, Total: 19800 ns
[2025-10-15T18:38:19.012+0000][7][safepoint   ] Safepoint "Cleanup", Time since last: 2000163551 ns, Reaching safepoint: 15638 ns, Cleanup: 10035 ns, At safepoint: 7197 ns, Total: 32870 ns
[2025-10-15T18:38:39.013+0000][7][safepoint   ] Safepoint "Cleanup", Time since last: 20001496853 ns, Reaching safepoint: 59305 ns, Cleanup: 51080 ns, At safepoint: 5173 ns, Total: 115558 ns
[2025-10-15T18:38:40.013+0000][7][safepoint   ] Safepoint "Cleanup", Time since last: 1000077753 ns, Reaching safepoint: 7122 ns, Cleanup: 9191 ns, At safepoint: 4860 ns, Total: 21173 ns
[2025-10-15T18:38:44.025+0000][7][safepoint   ] Safepoint "Cleanup", Time since last: 4011356051 ns, Reaching safepoint: 8886 ns, Cleanup: 10303 ns, At safepoint: 5395 ns, Total: 24584 ns
[2025-10-15T18:38:49.025+0000][7][safepoint   ] Safepoint "Cleanup", Time since last: 5000366332 ns, Reaching safepoint: 39389 ns, Cleanup: 11656 ns, At safepoint: 12263 ns, Total: 63308 ns
[2025-10-15T18:38:53.026+0000][7][safepoint   ] Safepoint "Cleanup", Time since last: 4000335963 ns, Reaching safepoint: 15799 ns, Cleanup: 11139 ns, At safepoint: 8916 ns, Total: 35854 ns
[2025-10-15T18:38:56.026+0000][7][safepoint   ] Safepoint "Cleanup", Time since last: 3000268193 ns, Reaching safepoint: 11350 ns, Cleanup: 8069 ns, At safepoint: 4980 ns, Total: 24399 ns
[2025-10-15T18:39:00.026+0000][7][safepoint   ] Safepoint "Cleanup", Time since last: 4000330101 ns, Reaching safepoint: 22159 ns, Cleanup: 21455 ns, At safepoint: 14553 ns, Total: 58167 ns
[2025-10-15T18:39:02.027+0000][7][safepoint   ] Safepoint "Cleanup", Time since last: 2000226047 ns, Reaching safepoint: 20417 ns, Cleanup: 8292 ns, At safepoint: 6059 ns, Total: 34768 ns
[2025-10-15T18:39:06.027+0000][7][safepoint   ] Safepoint "Cleanup", Time since last: 4000316904 ns, Reaching safepoint: 9419 ns, Cleanup: 10952 ns, At safepoint: 6176 ns, Total: 26547 ns
[2025-10-15T18:39:28.029+0000][7][safepoint   ] Safepoint "Cleanup", Time since last: 22001444774 ns, Reaching safepoint: 19491 ns, Cleanup: 22597 ns, At safepoint: 44814 ns, Total: 86902 ns
[2025-10-15T18:39:30.029+0000][7][safepoint   ] Safepoint "Cleanup", Time since last: 2000175204 ns, Reaching safepoint: 7723 ns, Cleanup: 11914 ns, At safepoint: 4290 ns, Total: 23927 ns
[2025-10-15T18:39:32.029+0000][7][safepoint   ] Safepoint "Cleanup", Time since last: 2000151045 ns, Reaching safepoint: 19976 ns, Cleanup: 8008 ns, At safepoint: 4251 ns, Total: 32235 ns
[2025-10-15T18:39:57.042+0000][7][safepoint   ] Safepoint "Cleanup", Time since last: 25012839492 ns, Reaching safepoint: 27015 ns, Cleanup: 11302 ns, At safepoint: 6038 ns, Total: 44355 ns
[2025-10-15T18:40:15.043+0000][7][safepoint   ] Safepoint "Cleanup", Time since last: 18001162303 ns, Reaching safepoint: 28113 ns, Cleanup: 10594 ns, At safepoint: 5382 ns, Total: 44089 ns
[2025-10-15T18:40:44.046+0000][7][safepoint   ] Safepoint "Cleanup", Time since last: 29002535722 ns, Reaching safepoint: 18302 ns, Cleanup: 21028 ns, At safepoint: 29648 ns, Total: 68978 ns
[2025-10-15T18:40:45.046+0000][7][safepoint   ] Safepoint "Cleanup", Time since last: 1000112746 ns, Reaching safepoint: 7499 ns, Cleanup: 9984 ns, At safepoint: 4594 ns, Total: 22077 ns
[2025-10-15T18:40:54.046+0000][7][safepoint   ] Safepoint "Cleanup", Time since last: 9000667997 ns, Reaching safepoint: 48848 ns, Cleanup: 6889 ns, At safepoint: 4005 ns, Total: 59742 ns
[2025-10-15T18:40:56.047+0000][7][safepoint   ] Safepoint "Cleanup", Time since last: 2000145833 ns, Reaching safepoint: 7927 ns, Cleanup: 10138 ns, At safepoint: 5001 ns, Total: 23066 ns
[2025-10-15T18:41:04.047+0000][7][safepoint   ] Safepoint "Cleanup", Time since last: 8000577012 ns, Reaching safepoint: 37098 ns, Cleanup: 14902 ns, At safepoint: 8722 ns, Total: 60722 ns
[2025-10-15T18:41:08.048+0000][7][safepoint   ] Safepoint "Cleanup", Time since last: 4000292760 ns, Reaching safepoint: 14284 ns, Cleanup: 9101 ns, At safepoint: 7914 ns, Total: 31299 ns
[2025-10-15T18:41:14.048+0000][7][safepoint   ] Safepoint "Cleanup", Time since last: 6000353872 ns, Reaching safepoint: 19399 ns, Cleanup: 6708 ns, At safepoint: 4010 ns, Total: 30117 ns
[2025-10-15T18:41:55.051+0000][7][safepoint   ] Safepoint "Cleanup", Time since last: 41002594138 ns, Reaching safepoint: 24723 ns, Cleanup: 14562 ns, At safepoint: 4973 ns, Total: 44258 ns
[2025-10-15T18:42:03.051+0000][7][safepoint   ] Safepoint "Cleanup", Time since last: 8000553775 ns, Reaching safepoint: 8081 ns, Cleanup: 9673 ns, At safepoint: 5498 ns, Total: 23252 ns
[2025-10-15T18:42:07.052+0000][7][safepoint   ] Safepoint "Cleanup", Time since last: 4000329524 ns, Reaching safepoint: 20318 ns, Cleanup: 78700 ns, At safepoint: 5459 ns, Total: 104477 ns
[2025-10-15T18:42:09.052+0000][7][safepoint   ] Safepoint "Cleanup", Time since last: 2000160920 ns, Reaching safepoint: 19446 ns, Cleanup: 15283 ns, At safepoint: 10195 ns, Total: 44924 ns
[2025-10-15T18:42:10.052+0000][7][safepoint   ] Safepoint "Cleanup", Time since last: 1000100670 ns, Reaching safepoint: 36777 ns, Cleanup: 7429 ns, At safepoint: 6089 ns, Total: 50295 ns
[2025-10-15T18:42:12.052+0000][7][safepoint   ] Safepoint "Cleanup", Time since last: 2000182366 ns, Reaching safepoint: 14906 ns, Cleanup: 14382 ns, At safepoint: 6755 ns, Total: 36043 ns
[2025-10-15T18:42:13.052+0000][7][safepoint   ] Safepoint "Cleanup", Time since last: 1000122054 ns, Reaching safepoint: 15092 ns, Cleanup: 12450 ns, At safepoint: 7396 ns, Total: 34938 ns
[2025-10-15T18:42:18.053+0000][7][safepoint   ] Safepoint "Cleanup", Time since last: 5000424857 ns, Reaching safepoint: 8385 ns, Cleanup: 10475 ns, At safepoint: 4545 ns, Total: 23405 ns
[2025-10-15T18:42:22.053+0000][7][safepoint   ] Safepoint "Cleanup", Time since last: 4000301711 ns, Reaching safepoint: 11771 ns, Cleanup: 11897 ns, At safepoint: 5730 ns, Total: 29398 ns
[2025-10-15T18:42:26.053+0000][7][safepoint   ] Safepoint "Cleanup", Time since last: 4000336679 ns, Reaching safepoint: 28187 ns, Cleanup: 8073 ns, At safepoint: 8629 ns, Total: 44889 ns
[2025-10-15T18:42:41.055+0000][7][safepoint   ] Safepoint "Cleanup", Time since last: 15000988770 ns, Reaching safepoint: 22681 ns, Cleanup: 7398 ns, At safepoint: 4324 ns, Total: 34403 ns
[2025-10-15T18:42:43.055+0000][7][safepoint   ] Safepoint "Cleanup", Time since last: 2000160891 ns, Reaching safepoint: 12769 ns, Cleanup: 9203 ns, At safepoint: 6536 ns, Total: 28508 ns
[2025-10-15T18:42:46.055+0000][7][safepoint   ] Safepoint "Cleanup", Time since last: 3000224915 ns, Reaching safepoint: 7720 ns, Cleanup: 7761 ns, At safepoint: 4856 ns, Total: 20337 ns
[2025-10-15T18:42:52.055+0000][7][safepoint   ] Safepoint "Cleanup", Time since last: 6000496551 ns, Reaching safepoint: 15635 ns, Cleanup: 32471 ns, At safepoint: 4993 ns, Total: 53099 ns
[2025-10-15T18:43:03.056+0000][7][safepoint   ] Safepoint "Cleanup", Time since last: 11000828272 ns, Reaching safepoint: 33983 ns, Cleanup: 10746 ns, At safepoint: 7493 ns, Total: 52222 ns
[2025-10-15T18:43:13.057+0000][7][safepoint   ] Safepoint "Cleanup", Time since last: 10000709237 ns, Reaching safepoint: 29515 ns, Cleanup: 11927 ns, At safepoint: 9338 ns, Total: 50780 ns
[2025-10-15T18:43:39.059+0000][7][safepoint   ] Safepoint "Cleanup", Time since last: 26001896417 ns, Reaching safepoint: 25725 ns, Cleanup: 10516 ns, At safepoint: 6606 ns, Total: 42847 ns
[2025-10-15T18:43:44.060+0000][7][safepoint   ] Safepoint "Cleanup", Time since last: 5000397760 ns, Reaching safepoint: 19476 ns, Cleanup: 19630 ns, At safepoint: 50848 ns, Total: 89954 ns
[2025-10-15T18:44:14.062+0000][7][safepoint   ] Safepoint "Cleanup", Time since last: 30002371980 ns, Reaching safepoint: 9629 ns, Cleanup: 8154 ns, At safepoint: 6071 ns, Total: 23854 ns
[2025-10-15T18:44:15.062+0000][7][safepoint   ] Safepoint "Cleanup", Time since last: 1000102374 ns, Reaching safepoint: 10313 ns, Cleanup: 11451 ns, At safepoint: 5537 ns, Total: 27301 ns
[2025-10-15T18:44:41.064+0000][7][safepoint   ] Safepoint "Cleanup", Time since last: 26001914375 ns, Reaching safepoint: 10371 ns, Cleanup: 7948 ns, At safepoint: 6582 ns, Total: 24901 ns
[2025-10-15T18:44:43.134+0000][7][safepoint   ] Safepoint "Cleanup", Time since last: 2069874503 ns, Reaching safepoint: 8004 ns, Cleanup: 7609 ns, At safepoint: 4718 ns, Total: 20331 ns
[2025-10-15T18:44:45.134+0000][7][safepoint   ] Safepoint "Cleanup", Time since last: 2000156251 ns, Reaching safepoint: 11519 ns, Cleanup: 10905 ns, At safepoint: 6052 ns, Total: 28476 ns
[2025-10-15T18:44:55.135+0000][7][safepoint   ] Safepoint "Cleanup", Time since last: 10000928473 ns, Reaching safepoint: 47030 ns, Cleanup: 8790 ns, At safepoint: 6406 ns, Total: 62226 ns
[2025-10-15T18:45:05.136+0000][7][safepoint   ] Safepoint "Cleanup", Time since last: 10000638183 ns, Reaching safepoint: 18469 ns, Cleanup: 6942 ns, At safepoint: 4466 ns, Total: 29877 ns
[2025-10-15T18:45:07.136+0000][7][safepoint   ] Safepoint "Cleanup", Time since last: 2000180035 ns, Reaching safepoint: 29586 ns, Cleanup: 10187 ns, At safepoint: 5119 ns, Total: 44892 ns
[2025-10-15T18:45:09.136+0000][7][safepoint   ] Safepoint "Cleanup", Time since last: 2000179099 ns, Reaching safepoint: 7797 ns, Cleanup: 9165 ns, At safepoint: 4265 ns, Total: 21227 ns
[2025-10-15T18:45:15.137+0000][7][safepoint   ] Safepoint "Cleanup", Time since last: 6000435957 ns, Reaching safepoint: 10141 ns, Cleanup: 8911 ns, At safepoint: 5068 ns, Total: 24120 ns
[2025-10-15T18:45:16.137+0000][7][safepoint   ] Safepoint "Cleanup", Time since last: 1000099723 ns, Reaching safepoint: 11013 ns, Cleanup: 9511 ns, At safepoint: 5191 ns, Total: 25715 ns
[2025-10-15T18:45:59.140+0000][7][safepoint   ] Safepoint "Cleanup", Time since last: 43002736904 ns, Reaching safepoint: 65442 ns, Cleanup: 17450 ns, At safepoint: 9687 ns, Total: 92579 ns
[2025-10-15T18:46:09.142+0000][7][safepoint   ] Safepoint "Cleanup", Time since last: 10002099560 ns, Reaching safepoint: 22767 ns, Cleanup: 7420 ns, At safepoint: 6233 ns, Total: 36420 ns
[2025-10-15T18:46:43.144+0000][7][safepoint   ] Safepoint "Cleanup", Time since last: 34002337073 ns, Reaching safepoint: 9739 ns, Cleanup: 8332 ns, At safepoint: 4870 ns, Total: 22941 ns
[2025-10-15T18:46:45.144+0000][7][safepoint   ] Safepoint "Cleanup", Time since last: 2000166197 ns, Reaching safepoint: 13242 ns, Cleanup: 13622 ns, At safepoint: 6637 ns, Total: 33501 ns
[2025-10-15T18:46:50.145+0000][7][safepoint   ] Safepoint "Cleanup", Time since last: 5000372595 ns, Reaching safepoint: 20674 ns, Cleanup: 18418 ns, At safepoint: 8368 ns, Total: 47460 ns
[2025-10-15T18:47:32.148+0000][7][safepoint   ] Safepoint "Cleanup", Time since last: 42002917225 ns, Reaching safepoint: 39800 ns, Cleanup: 14448 ns, At safepoint: 8916 ns, Total: 63164 ns
[2025-10-15T18:47:45.149+0000][7][safepoint   ] Safepoint "Cleanup", Time since last: 13001032838 ns, Reaching safepoint: 10779 ns, Cleanup: 10023 ns, At safepoint: 5320 ns, Total: 26122 ns
[2025-10-15T18:47:47.149+0000][7][safepoint   ] Safepoint "Cleanup", Time since last: 2000237234 ns, Reaching safepoint: 8867 ns, Cleanup: 9270 ns, At safepoint: 4618 ns, Total: 22755 ns
[2025-10-15T18:48:11.151+0000][7][safepoint   ] Safepoint "Cleanup", Time since last: 24001524744 ns, Reaching safepoint: 34057 ns, Cleanup: 34823 ns, At safepoint: 10585 ns, Total: 79465 ns
[2025-10-15T18:48:13.151+0000][7][safepoint   ] Safepoint "Cleanup", Time since last: 2000164461 ns, Reaching safepoint: 10374 ns, Cleanup: 10468 ns, At safepoint: 5425 ns, Total: 26267 ns
[2025-10-15T18:48:46.201+0000][7][safepoint   ] Safepoint "Cleanup", Time since last: 33049668686 ns, Reaching safepoint: 11963 ns, Cleanup: 8816 ns, At safepoint: 4588 ns, Total: 25367 ns
[2025-10-15T18:48:48.201+0000][7][safepoint   ] Safepoint "Cleanup", Time since last: 2000162279 ns, Reaching safepoint: 11008 ns, Cleanup: 8702 ns, At safepoint: 4558 ns, Total: 24268 ns
[2025-10-15T18:49:00.202+0000][7][safepoint   ] Safepoint "Cleanup", Time since last: 12000944517 ns, Reaching safepoint: 20905 ns, Cleanup: 7604 ns, At safepoint: 4253 ns, Total: 32762 ns
[2025-10-15T18:49:08.202+0000][7][safepoint   ] Safepoint "Cleanup", Time since last: 8000551294 ns, Reaching safepoint: 7793 ns, Cleanup: 9250 ns, At safepoint: 4166 ns, Total: 21209 ns
[2025-10-15T18:49:09.202+0000][7][safepoint   ] Safepoint "Cleanup", Time since last: 1000091327 ns, Reaching safepoint: 8868 ns, Cleanup: 7382 ns, At safepoint: 4023 ns, Total: 20273 ns
[2025-10-15T18:49:10.202+0000][7][safepoint   ] Safepoint "Cleanup", Time since last: 1000105796 ns, Reaching safepoint: 10009 ns, Cleanup: 9461 ns, At safepoint: 5770 ns, Total: 25240 ns
[2025-10-15T18:49:17.203+0000][7][safepoint   ] Safepoint "Cleanup", Time since last: 7000566706 ns, Reaching safepoint: 57765 ns, Cleanup: 17305 ns, At safepoint: 7296 ns, Total: 82366 ns
[2025-10-15T18:49:28.204+0000][7][safepoint   ] Safepoint "Cleanup", Time since last: 11000904093 ns, Reaching safepoint: 70545 ns, Cleanup: 33063 ns, At safepoint: 16492 ns, Total: 120100 ns
[2025-10-15T18:49:31.204+0000][7][safepoint   ] Safepoint "Cleanup", Time since last: 3000266647 ns, Reaching safepoint: 13195 ns, Cleanup: 42619 ns, At safepoint: 5946 ns, Total: 61760 ns
[2025-10-15T18:49:35.205+0000][7][safepoint   ] Safepoint "Cleanup", Time since last: 4000342185 ns, Reaching safepoint: 10105 ns, Cleanup: 8057 ns, At safepoint: 4870 ns, Total: 23032 ns
[2025-10-15T18:49:45.207+0000][7][safepoint   ] Safepoint "Cleanup", Time since last: 10001605298 ns, Reaching safepoint: 25265 ns, Cleanup: 13852 ns, At safepoint: 8942 ns, Total: 48059 ns
[2025-10-15T18:50:03.208+0000][7][safepoint   ] Safepoint "Cleanup", Time since last: 18001360581 ns, Reaching safepoint: 52479 ns, Cleanup: 21846 ns, At safepoint: 13085 ns, Total: 87410 ns
[2025-10-15T18:50:05.208+0000][7][safepoint   ] Safepoint "Cleanup", Time since last: 2000169838 ns, Reaching safepoint: 7028 ns, Cleanup: 7899 ns, At safepoint: 4859 ns, Total: 19786 ns
[2025-10-15T18:50:15.209+0000][7][safepoint   ] Safepoint "Cleanup", Time since last: 10000703207 ns, Reaching safepoint: 8583 ns, Cleanup: 9331 ns, At safepoint: 4076 ns, Total: 21990 ns
[2025-10-15T18:50:30.210+0000][7][safepoint   ] Safepoint "Cleanup", Time since last: 15001043091 ns, Reaching safepoint: 21440 ns, Cleanup: 7316 ns, At safepoint: 4578 ns, Total: 33334 ns
[2025-10-15T18:50:32.210+0000][7][safepoint   ] Safepoint "Cleanup", Time since last: 2000149649 ns, Reaching safepoint: 27138 ns, Cleanup: 10838 ns, At safepoint: 5838 ns, Total: 43814 ns
[2025-10-15T18:50:38.211+0000][7][safepoint   ] Safepoint "Cleanup", Time since last: 6000383453 ns, Reaching safepoint: 7475 ns, Cleanup: 8787 ns, At safepoint: 4599 ns, Total: 20861 ns
[2025-10-15T18:50:40.211+0000][7][safepoint   ] Safepoint "Cleanup", Time since last: 2000158640 ns, Reaching safepoint: 7465 ns, Cleanup: 7316 ns, At safepoint: 6037 ns, Total: 20818 ns
[2025-10-15T18:50:53.236+0000][7][safepoint   ] Safepoint "Cleanup", Time since last: 13024830120 ns, Reaching safepoint: 133208 ns, Cleanup: 36737 ns, At safepoint: 26795 ns, Total: 196740 ns
[2025-10-15T18:50:55.236+0000][7][safepoint   ] Safepoint "Cleanup", Time since last: 2000292020 ns, Reaching safepoint: 7910 ns, Cleanup: 11261 ns, At safepoint: 4760 ns, Total: 23931 ns
[2025-10-15T18:51:05.237+0000][7][safepoint   ] Safepoint "Cleanup", Time since last: 10000636491 ns, Reaching safepoint: 21819 ns, Cleanup: 9299 ns, At safepoint: 4568 ns, Total: 35686 ns
[2025-10-15T18:51:14.237+0000][7][safepoint   ] Safepoint "Cleanup", Time since last: 9000690647 ns, Reaching safepoint: 8160 ns, Cleanup: 7292 ns, At safepoint: 8121 ns, Total: 23573 ns
[2025-10-15T18:51:31.239+0000][7][safepoint   ] Safepoint "Cleanup", Time since last: 17001110975 ns, Reaching safepoint: 20906 ns, Cleanup: 9276 ns, At safepoint: 5815 ns, Total: 35997 ns
[2025-10-15T18:51:41.239+0000][7][safepoint   ] Safepoint "Cleanup", Time since last: 10000717840 ns, Reaching safepoint: 32055 ns, Cleanup: 10128 ns, At safepoint: 6578 ns, Total: 48761 ns
[2025-10-15T18:51:44.240+0000][7][safepoint   ] Safepoint "Cleanup", Time since last: 3000305409 ns, Reaching safepoint: 7813 ns, Cleanup: 7300 ns, At safepoint: 4402 ns, Total: 19515 ns
[2025-10-15T18:51:48.240+0000][7][safepoint   ] Safepoint "Cleanup", Time since last: 4000369261 ns, Reaching safepoint: 19163 ns, Cleanup: 8369 ns, At safepoint: 5651 ns, Total: 33183 ns
[2025-10-15T18:51:48.700+0000][7][gc,heap,exit] Heap
[2025-10-15T18:51:48.700+0000][7][gc,heap,exit]  garbage-first heap   total reserved 3145728K, committed 3145728K, used 842886K [0x0000000740000000, 0x0000000800000000)
[2025-10-15T18:51:48.700+0000][7][gc,heap,exit]   region size 4096K, 202 young (827392K), 17 survivors (69632K)
[2025-10-15T18:51:48.700+0000][7][gc,heap,exit]  Metaspace       used 108049K, committed 110912K, reserved 1179648K
[2025-10-15T18:51:48.700+0000][7][gc,heap,exit]   class space    used 15305K, committed 16576K, reserved 1048576K
