[2025-10-18T02:04:32.497+0000][7][gc,init] CardTable entry size: 512
[2025-10-18T02:04:32.497+0000][7][gc     ] Using G1
[2025-10-18T02:04:32.741+0000][7][gc,init] Version: 22.0.2+9-70 (release)
[2025-10-18T02:04:32.741+0000][7][gc,init] CPUs: 8 total, 8 available
[2025-10-18T02:04:32.741+0000][7][gc,init] Memory: 15822M
[2025-10-18T02:04:32.741+0000][7][gc,init] Large Page Support: Disabled
[2025-10-18T02:04:32.741+0000][7][gc,init] NUMA Support: Disabled
[2025-10-18T02:04:32.741+0000][7][gc,init] Compressed Oops: Enabled (Zero based)
[2025-10-18T02:04:32.741+0000][7][gc,init] Heap Region Size: 4M
[2025-10-18T02:04:32.741+0000][7][gc,init] Heap Min Capacity: 3G
[2025-10-18T02:04:32.741+0000][7][gc,init] Heap Initial Capacity: 3G
[2025-10-18T02:04:32.741+0000][7][gc,init] Heap Max Capacity: 3G
[2025-10-18T02:04:32.741+0000][7][gc,init] Pre-touch: Enabled
[2025-10-18T02:04:32.741+0000][7][gc,init] Parallel Workers: 8
[2025-10-18T02:04:32.741+0000][7][gc,init] Concurrent Workers: 2
[2025-10-18T02:04:32.741+0000][7][gc,init] Concurrent Refinement Workers: 8
[2025-10-18T02:04:32.741+0000][7][gc,init] Periodic GC: Disabled
[2025-10-18T02:04:32.762+0000][7][gc,metaspace] CDS archive(s) mapped at: [0x00007f3706000000-0x00007f3706c78000-0x00007f3706c78000), size 13074432, SharedBaseAddress: 0x00007f3706000000, ArchiveRelocationMode: 1.
[2025-10-18T02:04:32.762+0000][7][gc,metaspace] Compressed class space mapped at: 0x00007f3707000000-0x00007f3747000000, reserved size: 1073741824
[2025-10-18T02:04:32.763+0000][7][gc,metaspace] Narrow klass base: 0x00007f3706000000, Narrow klass shift: 0, Narrow klass range: 0x100000000
[2025-10-18T02:04:33.804+0000][7][safepoint   ] Safepoint "ICBufferFull", Time since last: 1026002048 ns, Reaching safepoint: 3982 ns, Cleanup: 91186 ns, At safepoint: 5914 ns, Total: 101082 ns
[2025-10-18T02:04:34.867+0000][7][safepoint   ] Safepoint "ICBufferFull", Time since last: 1062907374 ns, Reaching safepoint: 3272 ns, Cleanup: 75874 ns, At safepoint: 5237 ns, Total: 84383 ns
[2025-10-18T02:04:35.919+0000][7][safepoint   ] Safepoint "Cleanup", Time since last: 1051855618 ns, Reaching safepoint: 2433 ns, Cleanup: 87102 ns, At safepoint: 4112 ns, Total: 93647 ns
[2025-10-18T02:04:36.919+0000][7][safepoint   ] Safepoint "Cleanup", Time since last: 1000097289 ns, Reaching safepoint: 71901 ns, Cleanup: 65688 ns, At safepoint: 10843 ns, Total: 148432 ns
[2025-10-18T02:04:37.560+0000][7][gc,start    ] GC(0) Pause Young (Normal) (G1 Evacuation Pause)
[2025-10-18T02:04:37.560+0000][7][gc,task     ] GC(0) Using 8 workers of 8 for evacuation
[2025-10-18T02:04:37.560+0000][7][gc,age      ] GC(0) Desired survivor size 10485760 bytes, new threshold 15 (max threshold 15)
[2025-10-18T02:04:37.580+0000][7][gc,phases   ] GC(0)   Pre Evacuate Collection Set: 4.20ms
[2025-10-18T02:04:37.580+0000][7][gc,phases   ] GC(0)   Merge Heap Roots: 0.09ms
[2025-10-18T02:04:37.580+0000][7][gc,phases   ] GC(0)   Evacuate Collection Set: 13.48ms
[2025-10-18T02:04:37.580+0000][7][gc,phases   ] GC(0)   Post Evacuate Collection Set: 2.34ms
[2025-10-18T02:04:37.580+0000][7][gc,phases   ] GC(0)   Other: 0.08ms
[2025-10-18T02:04:37.580+0000][7][gc,age      ] GC(0) Age table with threshold 15 (max threshold 15)
[2025-10-18T02:04:37.580+0000][7][gc,age      ] GC(0) - age   1:    8939320 bytes,    8939320 total
[2025-10-18T02:04:37.580+0000][7][gc,heap     ] GC(0) Eden regions: 38->0(35)
[2025-10-18T02:04:37.580+0000][7][gc,heap     ] GC(0) Survivor regions: 0->3(5)
[2025-10-18T02:04:37.580+0000][7][gc,heap     ] GC(0) Old regions: 1->1
[2025-10-18T02:04:37.580+0000][7][gc,heap     ] GC(0) Humongous regions: 0->0
[2025-10-18T02:04:37.580+0000][7][gc,metaspace] GC(0) Metaspace: 16585K(16960K)->16585K(16960K) NonClass: 14643K(14848K)->14643K(14848K) Class: 1941K(2112K)->1941K(2112K)
[2025-10-18T02:04:37.580+0000][7][gc          ] GC(0) Pause Young (Normal) (G1 Evacuation Pause) 153M->9M(3072M) 20.350ms
[2025-10-18T02:04:37.580+0000][7][gc,cpu      ] GC(0) User=0.04s Sys=0.00s Real=0.02s
[2025-10-18T02:04:37.580+0000][7][safepoint   ] Safepoint "G1CollectForAllocation", Time since last: 640575315 ns, Reaching safepoint: 3480 ns, Cleanup: 32068 ns, At safepoint: 20383526 ns, Total: 20419074 ns
[2025-10-18T02:04:38.730+0000][7][gc,start    ] GC(1) Pause Young (Normal) (G1 Evacuation Pause)
[2025-10-18T02:04:38.730+0000][7][gc,task     ] GC(1) Using 8 workers of 8 for evacuation
[2025-10-18T02:04:38.730+0000][7][gc,age      ] GC(1) Desired survivor size 10485760 bytes, new threshold 15 (max threshold 15)
[2025-10-18T02:04:38.761+0000][7][gc,phases   ] GC(1)   Pre Evacuate Collection Set: 1.74ms
[2025-10-18T02:04:38.761+0000][7][gc,phases   ] GC(1)   Merge Heap Roots: 0.07ms
[2025-10-18T02:04:38.761+0000][7][gc,phases   ] GC(1)   Evacuate Collection Set: 25.26ms
[2025-10-18T02:04:38.761+0000][7][gc,phases   ] GC(1)   Post Evacuate Collection Set: 3.62ms
[2025-10-18T02:04:38.761+0000][7][gc,phases   ] GC(1)   Other: 0.07ms
[2025-10-18T02:04:38.761+0000][7][gc,age      ] GC(1) Age table with threshold 15 (max threshold 15)
[2025-10-18T02:04:38.761+0000][7][gc,age      ] GC(1) - age   1:    4726080 bytes,    4726080 total
[2025-10-18T02:04:38.761+0000][7][gc,age      ] GC(1) - age   2:    8078648 bytes,   12804728 total
[2025-10-18T02:04:38.761+0000][7][gc,heap     ] GC(1) Eden regions: 35->0(38)
[2025-10-18T02:04:38.761+0000][7][gc,heap     ] GC(1) Survivor regions: 3->4(5)
[2025-10-18T02:04:38.761+0000][7][gc,heap     ] GC(1) Old regions: 1->1
[2025-10-18T02:04:38.761+0000][7][gc,heap     ] GC(1) Humongous regions: 0->0
[2025-10-18T02:04:38.761+0000][7][gc,metaspace] GC(1) Metaspace: 18456K(18944K)->18456K(18944K) NonClass: 16249K(16512K)->16249K(16512K) Class: 2207K(2432K)->2207K(2432K)
[2025-10-18T02:04:38.761+0000][7][gc          ] GC(1) Pause Young (Normal) (G1 Evacuation Pause) 149M->14M(3072M) 30.931ms
[2025-10-18T02:04:38.761+0000][7][gc,cpu      ] GC(1) User=0.06s Sys=0.00s Real=0.03s
[2025-10-18T02:04:38.761+0000][7][safepoint   ] Safepoint "G1CollectForAllocation", Time since last: 1150127472 ns, Reaching safepoint: 4593 ns, Cleanup: 73410 ns, At safepoint: 30978342 ns, Total: 31056345 ns
[2025-10-18T02:04:39.529+0000][7][gc,start    ] GC(2) Pause Young (Normal) (G1 Evacuation Pause)
[2025-10-18T02:04:39.529+0000][7][gc,task     ] GC(2) Using 8 workers of 8 for evacuation
[2025-10-18T02:04:39.529+0000][7][gc,age      ] GC(2) Desired survivor size 12582912 bytes, new threshold 2 (max threshold 15)
[2025-10-18T02:04:39.560+0000][7][gc,phases   ] GC(2)   Pre Evacuate Collection Set: 1.40ms
[2025-10-18T02:04:39.560+0000][7][gc,phases   ] GC(2)   Merge Heap Roots: 0.08ms
[2025-10-18T02:04:39.560+0000][7][gc,phases   ] GC(2)   Evacuate Collection Set: 28.40ms
[2025-10-18T02:04:39.560+0000][7][gc,phases   ] GC(2)   Post Evacuate Collection Set: 1.29ms
[2025-10-18T02:04:39.560+0000][7][gc,phases   ] GC(2)   Other: 0.10ms
[2025-10-18T02:04:39.560+0000][7][gc,age      ] GC(2) Age table with threshold 2 (max threshold 15)
[2025-10-18T02:04:39.560+0000][7][gc,age      ] GC(2) - age   1:    4359384 bytes,    4359384 total
[2025-10-18T02:04:39.560+0000][7][gc,age      ] GC(2) - age   2:    3025216 bytes,    7384600 total
[2025-10-18T02:04:39.560+0000][7][gc,heap     ] GC(2) Eden regions: 38->0(52)
[2025-10-18T02:04:39.560+0000][7][gc,heap     ] GC(2) Survivor regions: 4->2(6)
[2025-10-18T02:04:39.560+0000][7][gc,heap     ] GC(2) Old regions: 1->3
[2025-10-18T02:04:39.560+0000][7][gc,heap     ] GC(2) Humongous regions: 0->0
[2025-10-18T02:04:39.560+0000][7][gc,metaspace] GC(2) Metaspace: 19204K(19584K)->19204K(19584K) NonClass: 16883K(17088K)->16883K(17088K) Class: 2320K(2496K)->2320K(2496K)
[2025-10-18T02:04:39.560+0000][7][gc          ] GC(2) Pause Young (Normal) (G1 Evacuation Pause) 166M->16M(3072M) 31.481ms
[2025-10-18T02:04:39.560+0000][7][gc,cpu      ] GC(2) User=0.04s Sys=0.00s Real=0.03s
[2025-10-18T02:04:39.560+0000][7][safepoint   ] Safepoint "G1CollectForAllocation", Time since last: 767396335 ns, Reaching safepoint: 7781 ns, Cleanup: 61438 ns, At safepoint: 31538295 ns, Total: 31607514 ns
[2025-10-18T02:04:40.567+0000][7][safepoint   ] Safepoint "Cleanup", Time since last: 1004531204 ns, Reaching safepoint: 1992308 ns, Cleanup: 46600 ns, At safepoint: 14462 ns, Total: 2053370 ns
[2025-10-18T02:04:40.683+0000][7][gc,start    ] GC(3) Pause Young (Normal) (G1 Evacuation Pause)
[2025-10-18T02:04:40.683+0000][7][gc,task     ] GC(3) Using 8 workers of 8 for evacuation
[2025-10-18T02:04:40.683+0000][7][gc,age      ] GC(3) Desired survivor size 14680064 bytes, new threshold 15 (max threshold 15)
[2025-10-18T02:04:40.692+0000][7][gc,phases   ] GC(3)   Pre Evacuate Collection Set: 0.30ms
[2025-10-18T02:04:40.692+0000][7][gc,phases   ] GC(3)   Merge Heap Roots: 0.08ms
[2025-10-18T02:04:40.692+0000][7][gc,phases   ] GC(3)   Evacuate Collection Set: 7.60ms
[2025-10-18T02:04:40.692+0000][7][gc,phases   ] GC(3)   Post Evacuate Collection Set: 0.71ms
[2025-10-18T02:04:40.692+0000][7][gc,phases   ] GC(3)   Other: 0.15ms
[2025-10-18T02:04:40.692+0000][7][gc,age      ] GC(3) Age table with threshold 15 (max threshold 15)
[2025-10-18T02:04:40.692+0000][7][gc,age      ] GC(3) - age   1:    3619248 bytes,    3619248 total
[2025-10-18T02:04:40.692+0000][7][gc,age      ] GC(3) - age   2:    2304560 bytes,    5923808 total
[2025-10-18T02:04:40.692+0000][7][gc,age      ] GC(3) - age   3:    3025120 bytes,    8948928 total
[2025-10-18T02:04:40.692+0000][7][gc,heap     ] GC(3) Eden regions: 52->0(99)
[2025-10-18T02:04:40.692+0000][7][gc,heap     ] GC(3) Survivor regions: 2->3(7)
[2025-10-18T02:04:40.692+0000][7][gc,heap     ] GC(3) Old regions: 3->3
[2025-10-18T02:04:40.692+0000][7][gc,heap     ] GC(3) Humongous regions: 0->0
[2025-10-18T02:04:40.692+0000][7][gc,metaspace] GC(3) Metaspace: 19877K(20352K)->19877K(20352K) NonClass: 17475K(17728K)->17475K(17728K) Class: 2402K(2624K)->2402K(2624K)
[2025-10-18T02:04:40.692+0000][7][gc          ] GC(3) Pause Young (Normal) (G1 Evacuation Pause) 224M->18M(3072M) 8.989ms
[2025-10-18T02:04:40.692+0000][7][gc,cpu      ] GC(3) User=0.01s Sys=0.00s Real=0.01s
[2025-10-18T02:04:40.692+0000][7][safepoint   ] Safepoint "G1CollectForAllocation", Time since last: 116585294 ns, Reaching safepoint: 3630 ns, Cleanup: 8206 ns, At safepoint: 9028793 ns, Total: 9040629 ns
[2025-10-18T02:04:41.643+0000][7][gc,start    ] GC(4) Pause Young (Concurrent Start) (Metadata GC Threshold)
[2025-10-18T02:04:41.643+0000][7][gc,task     ] GC(4) Using 8 workers of 8 for evacuation
[2025-10-18T02:04:41.643+0000][7][gc,age      ] GC(4) Desired survivor size 27262976 bytes, new threshold 15 (max threshold 15)
[2025-10-18T02:04:41.655+0000][7][gc,phases   ] GC(4)   Pre Evacuate Collection Set: 0.44ms
[2025-10-18T02:04:41.655+0000][7][gc,phases   ] GC(4)   Merge Heap Roots: 0.08ms
[2025-10-18T02:04:41.655+0000][7][gc,phases   ] GC(4)   Evacuate Collection Set: 10.95ms
[2025-10-18T02:04:41.655+0000][7][gc,phases   ] GC(4)   Post Evacuate Collection Set: 0.77ms
[2025-10-18T02:04:41.655+0000][7][gc,phases   ] GC(4)   Other: 0.14ms
[2025-10-18T02:04:41.655+0000][7][gc,age      ] GC(4) Age table with threshold 15 (max threshold 15)
[2025-10-18T02:04:41.655+0000][7][gc,age      ] GC(4) - age   1:    1904808 bytes,    1904808 total
[2025-10-18T02:04:41.655+0000][7][gc,age      ] GC(4) - age   2:    2086600 bytes,    3991408 total
[2025-10-18T02:04:41.655+0000][7][gc,age      ] GC(4) - age   3:    2299784 bytes,    6291192 total
[2025-10-18T02:04:41.655+0000][7][gc,age      ] GC(4) - age   4:    3023680 bytes,    9314872 total
[2025-10-18T02:04:41.655+0000][7][gc,heap     ] GC(4) Eden regions: 78->0(457)
[2025-10-18T02:04:41.655+0000][7][gc,heap     ] GC(4) Survivor regions: 3->3(13)
[2025-10-18T02:04:41.655+0000][7][gc,heap     ] GC(4) Old regions: 3->4
[2025-10-18T02:04:41.655+0000][7][gc,heap     ] GC(4) Humongous regions: 0->0
[2025-10-18T02:04:41.655+0000][7][gc,metaspace] GC(4) Metaspace: 21022K(21504K)->21022K(21504K) NonClass: 18454K(18752K)->18454K(18752K) Class: 2568K(2752K)->2568K(2752K)
[2025-10-18T02:04:41.655+0000][7][gc          ] GC(4) Pause Young (Concurrent Start) (Metadata GC Threshold) (Evacuation Failure: Pinned) 328M->20M(3072M) 12.544ms
[2025-10-18T02:04:41.655+0000][7][gc          ] GC(5) Concurrent Mark Cycle
[2025-10-18T02:04:41.655+0000][7][gc,marking  ] GC(5) Concurrent Scan Root Regions
[2025-10-18T02:04:41.655+0000][7][gc,cpu      ] GC(4) User=0.03s Sys=0.00s Real=0.02s
[2025-10-18T02:04:41.656+0000][7][safepoint   ] Safepoint "CollectForMetadataAllocation", Time since last: 950325052 ns, Reaching safepoint: 5020 ns, Cleanup: 51690 ns, At safepoint: 12929337 ns, Total: 12986047 ns
[2025-10-18T02:04:41.661+0000][7][gc,marking  ] GC(5) Concurrent Scan Root Regions 5.343ms
[2025-10-18T02:04:41.661+0000][7][gc,marking  ] GC(5) Concurrent Mark
[2025-10-18T02:04:41.661+0000][7][gc,marking  ] GC(5) Concurrent Mark From Roots
[2025-10-18T02:04:41.661+0000][7][gc,task     ] GC(5) Using 2 workers of 2 for marking
[2025-10-18T02:04:41.690+0000][7][gc,marking  ] GC(5) Concurrent Mark From Roots 29.159ms
[2025-10-18T02:04:41.690+0000][7][gc,marking  ] GC(5) Concurrent Preclean
[2025-10-18T02:04:41.690+0000][7][gc,marking  ] GC(5) Concurrent Preclean 0.037ms
[2025-10-18T02:04:41.690+0000][7][gc,start    ] GC(5) Pause Remark
[2025-10-18T02:04:41.698+0000][7][gc          ] GC(5) Pause Remark 22M->22M(3072M) 7.701ms
[2025-10-18T02:04:41.698+0000][7][gc,cpu      ] GC(5) User=0.02s Sys=0.00s Real=0.01s
[2025-10-18T02:04:41.699+0000][7][safepoint   ] Safepoint "G1PauseRemark", Time since last: 34642863 ns, Reaching safepoint: 3464 ns, Cleanup: 2007 ns, At safepoint: 8349015 ns, Total: 8354486 ns
[2025-10-18T02:04:41.699+0000][7][gc,marking  ] GC(5) Concurrent Mark 37.984ms
[2025-10-18T02:04:41.699+0000][7][gc,marking  ] GC(5) Concurrent Rebuild Remembered Sets and Scrub Regions
[2025-10-18T02:04:41.708+0000][7][gc,marking  ] GC(5) Concurrent Rebuild Remembered Sets and Scrub Regions 9.691ms
[2025-10-18T02:04:41.709+0000][7][gc,start    ] GC(5) Pause Cleanup
[2025-10-18T02:04:41.709+0000][7][gc          ] GC(5) Pause Cleanup 22M->22M(3072M) 0.175ms
[2025-10-18T02:04:41.709+0000][7][gc,cpu      ] GC(5) User=0.00s Sys=0.00s Real=0.00s
[2025-10-18T02:04:41.709+0000][7][safepoint   ] Safepoint "G1PauseCleanup", Time since last: 9793539 ns, Reaching safepoint: 70466 ns, Cleanup: 6057 ns, At safepoint: 212852 ns, Total: 289375 ns
[2025-10-18T02:04:41.709+0000][7][gc,marking  ] GC(5) Concurrent Clear Claimed Marks
[2025-10-18T02:04:41.709+0000][7][gc,marking  ] GC(5) Concurrent Clear Claimed Marks 0.034ms
[2025-10-18T02:04:41.709+0000][7][gc,marking  ] GC(5) Concurrent Cleanup for Next Mark
[2025-10-18T02:04:41.715+0000][7][gc,marking  ] GC(5) Concurrent Cleanup for Next Mark 5.949ms
[2025-10-18T02:04:41.715+0000][7][gc          ] GC(5) Concurrent Mark Cycle 59.939ms
[2025-10-18T02:04:42.719+0000][7][safepoint   ] Safepoint "Cleanup", Time since last: 1010149488 ns, Reaching safepoint: 78558 ns, Cleanup: 50938 ns, At safepoint: 16265 ns, Total: 145761 ns
[2025-10-18T02:04:43.741+0000][7][safepoint   ] Safepoint "Cleanup", Time since last: 1021693540 ns, Reaching safepoint: 5868 ns, Cleanup: 119889 ns, At safepoint: 6525 ns, Total: 132282 ns
[2025-10-18T02:04:44.704+0000][7][safepoint   ] Safepoint "ICBufferFull", Time since last: 962823017 ns, Reaching safepoint: 5513 ns, Cleanup: 93495 ns, At safepoint: 6467 ns, Total: 105475 ns
[2025-10-18T02:04:45.706+0000][7][safepoint   ] Safepoint "Cleanup", Time since last: 1001808059 ns, Reaching safepoint: 130260 ns, Cleanup: 33349 ns, At safepoint: 8584 ns, Total: 172193 ns
[2025-10-18T02:04:46.710+0000][7][safepoint   ] Safepoint "Cleanup", Time since last: 1000105462 ns, Reaching safepoint: 4249133 ns, Cleanup: 28516 ns, At safepoint: 7734 ns, Total: 4285383 ns
[2025-10-18T02:04:47.732+0000][7][gc,start    ] GC(6) Pause Young (Prepare Mixed) (Metadata GC Threshold)
[2025-10-18T02:04:47.732+0000][7][gc,task     ] GC(6) Using 8 workers of 8 for evacuation
[2025-10-18T02:04:47.732+0000][7][gc,age      ] GC(6) Desired survivor size 121634816 bytes, new threshold 15 (max threshold 15)
[2025-10-18T02:04:47.875+0000][7][gc,phases   ] GC(6)   Pre Evacuate Collection Set: 0.60ms
[2025-10-18T02:04:47.875+0000][7][gc,phases   ] GC(6)   Merge Heap Roots: 0.23ms
[2025-10-18T02:04:47.875+0000][7][gc,phases   ] GC(6)   Evacuate Collection Set: 132.33ms
[2025-10-18T02:04:47.875+0000][7][gc,phases   ] GC(6)   Post Evacuate Collection Set: 10.34ms
[2025-10-18T02:04:47.875+0000][7][gc,phases   ] GC(6)   Other: 0.11ms
[2025-10-18T02:04:47.875+0000][7][gc,age      ] GC(6) Age table with threshold 15 (max threshold 15)
[2025-10-18T02:04:47.875+0000][7][gc,age      ] GC(6) - age   1:   28662792 bytes,   28662792 total
[2025-10-18T02:04:47.875+0000][7][gc,age      ] GC(6) - age   2:    1880080 bytes,   30542872 total
[2025-10-18T02:04:47.875+0000][7][gc,age      ] GC(6) - age   3:    2083880 bytes,   32626752 total
[2025-10-18T02:04:47.875+0000][7][gc,age      ] GC(6) - age   4:    2291912 bytes,   34918664 total
[2025-10-18T02:04:47.875+0000][7][gc,age      ] GC(6) - age   5:    2988376 bytes,   37907040 total
[2025-10-18T02:04:47.875+0000][7][gc,heap     ] GC(6) Eden regions: 168->0(30)
[2025-10-18T02:04:47.875+0000][7][gc,heap     ] GC(6) Survivor regions: 3->10(58)
[2025-10-18T02:04:47.875+0000][7][gc,heap     ] GC(6) Old regions: 4->3
[2025-10-18T02:04:47.875+0000][7][gc,heap     ] GC(6) Humongous regions: 0->0
[2025-10-18T02:04:47.875+0000][7][gc,metaspace] GC(6) Metaspace: 35163K(36160K)->35163K(36160K) NonClass: 30511K(31104K)->30511K(31104K) Class: 4652K(5056K)->4652K(5056K)
[2025-10-18T02:04:47.875+0000][7][gc          ] GC(6) Pause Young (Prepare Mixed) (Metadata GC Threshold) 692M->47M(3072M) 143.820ms
[2025-10-18T02:04:47.875+0000][7][gc,cpu      ] GC(6) User=0.15s Sys=0.00s Real=0.15s
[2025-10-18T02:04:47.877+0000][7][safepoint   ] Safepoint "CollectForMetadataAllocation", Time since last: 1021256681 ns, Reaching safepoint: 6415 ns, Cleanup: 48884 ns, At safepoint: 145228334 ns, Total: 145283633 ns
[2025-10-18T02:04:48.094+0000][7][gc,start    ] GC(7) Pause Young (Mixed) (Metadata GC Threshold)
[2025-10-18T02:04:48.094+0000][7][gc,task     ] GC(7) Using 8 workers of 8 for evacuation
[2025-10-18T02:04:48.094+0000][7][gc,age      ] GC(7) Desired survivor size 10485760 bytes, new threshold 1 (max threshold 15)
[2025-10-18T02:04:48.262+0000][7][gc,phases   ] GC(7)   Pre Evacuate Collection Set: 0.38ms
[2025-10-18T02:04:48.262+0000][7][gc,phases   ] GC(7)   Merge Heap Roots: 0.11ms
[2025-10-18T02:04:48.262+0000][7][gc,phases   ] GC(7)   Evacuate Collection Set: 164.90ms
[2025-10-18T02:04:48.262+0000][7][gc,phases   ] GC(7)   Post Evacuate Collection Set: 3.03ms
[2025-10-18T02:04:48.262+0000][7][gc,phases   ] GC(7)   Other: 0.07ms
[2025-10-18T02:04:48.262+0000][7][gc,age      ] GC(7) Age table with threshold 1 (max threshold 15)
[2025-10-18T02:04:48.262+0000][7][gc,age      ] GC(7) - age   1:     111744 bytes,     111744 total
[2025-10-18T02:04:48.262+0000][7][gc,heap     ] GC(7) Eden regions: 1->0(243)
[2025-10-18T02:04:48.262+0000][7][gc,heap     ] GC(7) Survivor regions: 10->2(5)
[2025-10-18T02:04:48.262+0000][7][gc,heap     ] GC(7) Old regions: 3->12
[2025-10-18T02:04:48.262+0000][7][gc,heap     ] GC(7) Humongous regions: 0->0
[2025-10-18T02:04:48.262+0000][7][gc,metaspace] GC(7) Metaspace: 35508K(36480K)->35508K(36480K) NonClass: 30827K(31424K)->30827K(31424K) Class: 4680K(5056K)->4680K(5056K)
[2025-10-18T02:04:48.262+0000][7][gc          ] GC(7) Pause Young (Mixed) (Metadata GC Threshold) 51M->51M(3072M) 168.630ms
[2025-10-18T02:04:48.262+0000][7][gc,cpu      ] GC(7) User=0.11s Sys=0.01s Real=0.17s
[2025-10-18T02:04:48.263+0000][7][safepoint   ] Safepoint "CollectForMetadataAllocation", Time since last: 216985068 ns, Reaching safepoint: 6118 ns, Cleanup: 10603 ns, At safepoint: 169099760 ns, Total: 169116481 ns
[2025-10-18T02:04:48.392+0000][7][gc,start    ] GC(8) Pause Young (Concurrent Start) (Metadata GC Threshold)
[2025-10-18T02:04:48.392+0000][7][gc,task     ] GC(8) Using 8 workers of 8 for evacuation
[2025-10-18T02:04:48.392+0000][7][gc,age      ] GC(8) Desired survivor size 65011712 bytes, new threshold 15 (max threshold 15)
[2025-10-18T02:04:48.395+0000][7][gc,phases   ] GC(8)   Pre Evacuate Collection Set: 0.34ms
[2025-10-18T02:04:48.395+0000][7][gc,phases   ] GC(8)   Merge Heap Roots: 0.06ms
[2025-10-18T02:04:48.395+0000][7][gc,phases   ] GC(8)   Evacuate Collection Set: 1.68ms
[2025-10-18T02:04:48.395+0000][7][gc,phases   ] GC(8)   Post Evacuate Collection Set: 0.53ms
[2025-10-18T02:04:48.395+0000][7][gc,phases   ] GC(8)   Other: 0.11ms
[2025-10-18T02:04:48.395+0000][7][gc,age      ] GC(8) Age table with threshold 15 (max threshold 15)
[2025-10-18T02:04:48.395+0000][7][gc,age      ] GC(8) - age   1:      51168 bytes,      51168 total
[2025-10-18T02:04:48.395+0000][7][gc,age      ] GC(8) - age   2:      36448 bytes,      87616 total
[2025-10-18T02:04:48.395+0000][7][gc,heap     ] GC(8) Eden regions: 1->0(386)
[2025-10-18T02:04:48.395+0000][7][gc,heap     ] GC(8) Survivor regions: 2->1(31)
[2025-10-18T02:04:48.395+0000][7][gc,heap     ] GC(8) Old regions: 12->12
[2025-10-18T02:04:48.395+0000][7][gc,heap     ] GC(8) Humongous regions: 0->0
[2025-10-18T02:04:48.395+0000][7][gc,metaspace] GC(8) Metaspace: 35802K(36800K)->35802K(36800K) NonClass: 31088K(31680K)->31088K(31680K) Class: 4713K(5120K)->4713K(5120K)
[2025-10-18T02:04:48.395+0000][7][gc          ] GC(8) Pause Young (Concurrent Start) (Metadata GC Threshold) 55M->46M(3072M) 2.878ms
[2025-10-18T02:04:48.395+0000][7][gc,cpu      ] GC(8) User=0.00s Sys=0.00s Real=0.01s
[2025-10-18T02:04:48.395+0000][7][gc          ] GC(9) Concurrent Mark Cycle
[2025-10-18T02:04:48.395+0000][7][gc,marking  ] GC(9) Concurrent Scan Root Regions
[2025-10-18T02:04:48.396+0000][7][safepoint   ] Safepoint "CollectForMetadataAllocation", Time since last: 129061743 ns, Reaching safepoint: 5037 ns, Cleanup: 11375 ns, At safepoint: 3719975 ns, Total: 3736387 ns
[2025-10-18T02:04:48.400+0000][7][gc,marking  ] GC(9) Concurrent Scan Root Regions 4.810ms
[2025-10-18T02:04:48.400+0000][7][gc,marking  ] GC(9) Concurrent Mark
[2025-10-18T02:04:48.400+0000][7][gc,marking  ] GC(9) Concurrent Mark From Roots
[2025-10-18T02:04:48.400+0000][7][gc,task     ] GC(9) Using 2 workers of 2 for marking
[2025-10-18T02:04:48.519+0000][7][safepoint   ] Safepoint "CollectForMetadataAllocation", Time since last: 123066715 ns, Reaching safepoint: 31548 ns, Cleanup: 3221 ns, At safepoint: 57067 ns, Total: 91836 ns
[2025-10-18T02:04:48.595+0000][7][gc,marking  ] GC(9) Concurrent Mark From Roots 195.620ms
[2025-10-18T02:04:48.595+0000][7][gc,marking  ] GC(9) Concurrent Preclean
[2025-10-18T02:04:48.596+0000][7][gc,marking  ] GC(9) Concurrent Preclean 0.480ms
[2025-10-18T02:04:48.596+0000][7][gc,start    ] GC(9) Pause Remark
[2025-10-18T02:04:48.607+0000][7][gc          ] GC(9) Pause Remark 52M->52M(3072M) 10.491ms
[2025-10-18T02:04:48.607+0000][7][gc,cpu      ] GC(9) User=0.01s Sys=0.00s Real=0.01s
[2025-10-18T02:04:48.610+0000][7][safepoint   ] Safepoint "G1PauseRemark", Time since last: 77126453 ns, Reaching safepoint: 70056 ns, Cleanup: 19010 ns, At safepoint: 13989535 ns, Total: 14078601 ns
[2025-10-18T02:04:48.611+0000][7][gc,marking  ] GC(9) Concurrent Mark 210.758ms
[2025-10-18T02:04:48.611+0000][7][gc,marking  ] GC(9) Concurrent Rebuild Remembered Sets and Scrub Regions
[2025-10-18T02:04:48.659+0000][7][gc,marking  ] GC(9) Concurrent Rebuild Remembered Sets and Scrub Regions 48.093ms
[2025-10-18T02:04:48.659+0000][7][gc,start    ] GC(9) Pause Cleanup
[2025-10-18T02:04:48.659+0000][7][gc          ] GC(9) Pause Cleanup 52M->52M(3072M) 0.140ms
[2025-10-18T02:04:48.659+0000][7][gc,cpu      ] GC(9) User=0.00s Sys=0.00s Real=0.00s
[2025-10-18T02:04:48.659+0000][7][safepoint   ] Safepoint "G1PauseCleanup", Time since last: 48655470 ns, Reaching safepoint: 52900 ns, Cleanup: 7401 ns, At safepoint: 167041 ns, Total: 227342 ns
[2025-10-18T02:04:48.660+0000][7][gc,marking  ] GC(9) Concurrent Clear Claimed Marks
[2025-10-18T02:04:48.660+0000][7][gc,marking  ] GC(9) Concurrent Clear Claimed Marks 0.085ms
[2025-10-18T02:04:48.660+0000][7][gc,marking  ] GC(9) Concurrent Cleanup for Next Mark
[2025-10-18T02:04:48.666+0000][7][gc,marking  ] GC(9) Concurrent Cleanup for Next Mark 5.905ms
[2025-10-18T02:04:48.666+0000][7][gc          ] GC(9) Concurrent Mark Cycle 270.875ms
[2025-10-18T02:04:50.591+0000][7][safepoint   ] Safepoint "Cleanup", Time since last: 1931695282 ns, Reaching safepoint: 75941 ns, Cleanup: 100215 ns, At safepoint: 10009 ns, Total: 186165 ns
[2025-10-18T02:04:51.639+0000][7][safepoint   ] Safepoint "Cleanup", Time since last: 1048184703 ns, Reaching safepoint: 69009 ns, Cleanup: 43570 ns, At safepoint: 10072 ns, Total: 122651 ns
[2025-10-18T02:04:52.645+0000][7][safepoint   ] Safepoint "Cleanup", Time since last: 1000522258 ns, Reaching safepoint: 5504562 ns, Cleanup: 50664 ns, At safepoint: 21542 ns, Total: 5576768 ns
[2025-10-18T02:04:53.645+0000][7][safepoint   ] Safepoint "Cleanup", Time since last: 1000104581 ns, Reaching safepoint: 72123 ns, Cleanup: 39759 ns, At safepoint: 8486 ns, Total: 120368 ns
[2025-10-18T02:04:55.050+0000][7][safepoint   ] Safepoint "Cleanup", Time since last: 1404453442 ns, Reaching safepoint: 74530 ns, Cleanup: 52952 ns, At safepoint: 9921 ns, Total: 137403 ns
[2025-10-18T02:04:56.050+0000][7][safepoint   ] Safepoint "Cleanup", Time since last: 1000123858 ns, Reaching safepoint: 74369 ns, Cleanup: 45107 ns, At safepoint: 9644 ns, Total: 129120 ns
[2025-10-18T02:04:56.809+0000][7][gc,start    ] GC(10) Pause Young (Concurrent Start) (Metadata GC Threshold)
[2025-10-18T02:04:56.809+0000][7][gc,task     ] GC(10) Using 8 workers of 8 for evacuation
[2025-10-18T02:04:56.809+0000][7][gc,age      ] GC(10) Desired survivor size 102760448 bytes, new threshold 15 (max threshold 15)
[2025-10-18T02:04:56.844+0000][7][gc,phases   ] GC(10)   Pre Evacuate Collection Set: 6.98ms
[2025-10-18T02:04:56.844+0000][7][gc,phases   ] GC(10)   Merge Heap Roots: 0.12ms
[2025-10-18T02:04:56.844+0000][7][gc,phases   ] GC(10)   Evacuate Collection Set: 23.92ms
[2025-10-18T02:04:56.844+0000][7][gc,phases   ] GC(10)   Post Evacuate Collection Set: 3.48ms
[2025-10-18T02:04:56.844+0000][7][gc,phases   ] GC(10)   Other: 0.15ms
[2025-10-18T02:04:56.844+0000][7][gc,age      ] GC(10) Age table with threshold 15 (max threshold 15)
[2025-10-18T02:04:56.844+0000][7][gc,age      ] GC(10) - age   1:   11911104 bytes,   11911104 total
[2025-10-18T02:04:56.844+0000][7][gc,age      ] GC(10) - age   2:      46008 bytes,   11957112 total
[2025-10-18T02:04:56.844+0000][7][gc,age      ] GC(10) - age   3:      36328 bytes,   11993440 total
[2025-10-18T02:04:56.844+0000][7][gc,heap     ] GC(10) Eden regions: 118->0(420)
[2025-10-18T02:04:56.844+0000][7][gc,heap     ] GC(10) Survivor regions: 1->4(49)
[2025-10-18T02:04:56.844+0000][7][gc,heap     ] GC(10) Old regions: 12->12
[2025-10-18T02:04:56.844+0000][7][gc,heap     ] GC(10) Humongous regions: 0->0
[2025-10-18T02:04:56.844+0000][7][gc,metaspace] GC(10) Metaspace: 61038K(62336K)->61038K(62336K) NonClass: 52768K(53504K)->52768K(53504K) Class: 8269K(8832K)->8269K(8832K)
[2025-10-18T02:04:56.844+0000][7][gc          ] GC(10) Pause Young (Concurrent Start) (Metadata GC Threshold) 518M->58M(3072M) 34.845ms
[2025-10-18T02:04:56.844+0000][7][gc          ] GC(11) Concurrent Mark Cycle
[2025-10-18T02:04:56.844+0000][7][gc,marking  ] GC(11) Concurrent Scan Root Regions
[2025-10-18T02:04:56.845+0000][7][gc,cpu      ] GC(10) User=0.04s Sys=0.00s Real=0.04s
[2025-10-18T02:04:56.845+0000][7][safepoint   ] Safepoint "CollectForMetadataAllocation", Time since last: 758813064 ns, Reaching safepoint: 8970 ns, Cleanup: 140315 ns, At safepoint: 35619608 ns, Total: 35768893 ns
[2025-10-18T02:04:56.887+0000][7][gc,marking  ] GC(11) Concurrent Scan Root Regions 42.653ms
[2025-10-18T02:04:56.887+0000][7][gc,marking  ] GC(11) Concurrent Mark
[2025-10-18T02:04:56.887+0000][7][gc,marking  ] GC(11) Concurrent Mark From Roots
[2025-10-18T02:04:56.887+0000][7][gc,task     ] GC(11) Using 2 workers of 2 for marking
[2025-10-18T02:04:56.950+0000][7][gc,marking  ] GC(11) Concurrent Mark From Roots 63.643ms
[2025-10-18T02:04:56.950+0000][7][gc,marking  ] GC(11) Concurrent Preclean
[2025-10-18T02:04:56.951+0000][7][gc,marking  ] GC(11) Concurrent Preclean 0.817ms
[2025-10-18T02:04:56.952+0000][7][gc,start    ] GC(11) Pause Remark
[2025-10-18T02:04:56.962+0000][7][gc          ] GC(11) Pause Remark 62M->62M(3072M) 10.744ms
[2025-10-18T02:04:56.962+0000][7][gc,cpu      ] GC(11) User=0.01s Sys=0.00s Real=0.01s
[2025-10-18T02:04:56.963+0000][7][safepoint   ] Safepoint "G1PauseRemark", Time since last: 106520132 ns, Reaching safepoint: 136541 ns, Cleanup: 8343 ns, At safepoint: 11209698 ns, Total: 11354582 ns
[2025-10-18T02:04:56.964+0000][7][gc,marking  ] GC(11) Concurrent Mark 77.257ms
[2025-10-18T02:04:56.964+0000][7][gc,marking  ] GC(11) Concurrent Rebuild Remembered Sets and Scrub Regions
[2025-10-18T02:04:57.015+0000][7][gc,marking  ] GC(11) Concurrent Rebuild Remembered Sets and Scrub Regions 51.117ms
[2025-10-18T02:04:57.015+0000][7][gc,start    ] GC(11) Pause Cleanup
[2025-10-18T02:04:57.015+0000][7][gc          ] GC(11) Pause Cleanup 62M->62M(3072M) 0.158ms
[2025-10-18T02:04:57.015+0000][7][gc,cpu      ] GC(11) User=0.00s Sys=0.00s Real=0.00s
[2025-10-18T02:04:57.015+0000][7][safepoint   ] Safepoint "G1PauseCleanup", Time since last: 52553717 ns, Reaching safepoint: 4392 ns, Cleanup: 14820 ns, At safepoint: 192389 ns, Total: 211601 ns
[2025-10-18T02:04:57.015+0000][7][gc,marking  ] GC(11) Concurrent Clear Claimed Marks
[2025-10-18T02:04:57.016+0000][7][gc,marking  ] GC(11) Concurrent Clear Claimed Marks 0.064ms
[2025-10-18T02:04:57.016+0000][7][gc,marking  ] GC(11) Concurrent Cleanup for Next Mark
[2025-10-18T02:04:57.021+0000][7][gc,marking  ] GC(11) Concurrent Cleanup for Next Mark 5.768ms
[2025-10-18T02:04:57.021+0000][7][gc          ] GC(11) Concurrent Mark Cycle 177.300ms
[2025-10-18T02:04:58.016+0000][7][safepoint   ] Safepoint "Cleanup", Time since last: 1000078552 ns, Reaching safepoint: 72427 ns, Cleanup: 27304 ns, At safepoint: 7984 ns, Total: 107715 ns
[2025-10-18T02:04:59.018+0000][7][safepoint   ] Safepoint "Cleanup", Time since last: 1000810544 ns, Reaching safepoint: 1092188 ns, Cleanup: 25478 ns, At safepoint: 18837 ns, Total: 1136503 ns
[2025-10-18T02:05:00.726+0000][7][safepoint   ] Safepoint "Cleanup", Time since last: 1704203894 ns, Reaching safepoint: 3683498 ns, Cleanup: 44431 ns, At safepoint: 17019 ns, Total: 3744948 ns
[2025-10-18T02:05:02.203+0000][7][safepoint   ] Safepoint "Cleanup", Time since last: 1477191132 ns, Reaching safepoint: 6597 ns, Cleanup: 94262 ns, At safepoint: 11473 ns, Total: 112332 ns
[2025-10-18T02:05:03.451+0000][7][safepoint   ] Safepoint "Cleanup", Time since last: 1248474086 ns, Reaching safepoint: 5483 ns, Cleanup: 47215 ns, At safepoint: 5607 ns, Total: 58305 ns
[2025-10-18T02:05:04.470+0000][7][safepoint   ] Safepoint "Cleanup", Time since last: 1017081580 ns, Reaching safepoint: 1308633 ns, Cleanup: 105083 ns, At safepoint: 32122 ns, Total: 1445838 ns
[2025-10-18T02:05:05.471+0000][7][safepoint   ] Safepoint "Cleanup", Time since last: 1000551028 ns, Reaching safepoint: 9852 ns, Cleanup: 29676 ns, At safepoint: 7979 ns, Total: 47507 ns
[2025-10-18T02:05:06.841+0000][7][safepoint   ] Safepoint "ICBufferFull", Time since last: 1370210214 ns, Reaching safepoint: 6784 ns, Cleanup: 106899 ns, At safepoint: 8946 ns, Total: 122629 ns
[2025-10-18T02:05:07.867+0000][7][safepoint   ] Safepoint "Cleanup", Time since last: 1025935386 ns, Reaching safepoint: 4675 ns, Cleanup: 69407 ns, At safepoint: 3115 ns, Total: 77197 ns
[2025-10-18T02:05:09.006+0000][7][safepoint   ] Safepoint "Cleanup", Time since last: 1137411028 ns, Reaching safepoint: 5163 ns, Cleanup: 1240248 ns, At safepoint: 15264 ns, Total: 1260675 ns
[2025-10-18T02:05:10.095+0000][7][safepoint   ] Safepoint "ICBufferFull", Time since last: 1088198660 ns, Reaching safepoint: 10830 ns, Cleanup: 984734 ns, At safepoint: 24561 ns, Total: 1020125 ns
[2025-10-18T02:05:11.060+0000][7][safepoint   ] Safepoint "ICBufferFull", Time since last: 964987744 ns, Reaching safepoint: 76862 ns, Cleanup: 118946 ns, At safepoint: 47776 ns, Total: 243584 ns
[2025-10-18T02:05:11.254+0000][7][gc,start    ] GC(12) Pause Young (Concurrent Start) (Metadata GC Threshold)
[2025-10-18T02:05:11.254+0000][7][gc,task     ] GC(12) Using 8 workers of 8 for evacuation
[2025-10-18T02:05:11.254+0000][7][gc,age      ] GC(12) Desired survivor size 96468992 bytes, new threshold 15 (max threshold 15)
[2025-10-18T02:05:11.454+0000][7][gc,phases   ] GC(12)   Pre Evacuate Collection Set: 0.72ms
[2025-10-18T02:05:11.454+0000][7][gc,phases   ] GC(12)   Merge Heap Roots: 0.22ms
[2025-10-18T02:05:11.454+0000][7][gc,phases   ] GC(12)   Evacuate Collection Set: 192.48ms
[2025-10-18T02:05:11.455+0000][7][gc,phases   ] GC(12)   Post Evacuate Collection Set: 6.23ms
[2025-10-18T02:05:11.455+0000][7][gc,phases   ] GC(12)   Other: 0.20ms
[2025-10-18T02:05:11.455+0000][7][gc,age      ] GC(12) Age table with threshold 15 (max threshold 15)
[2025-10-18T02:05:11.455+0000][7][gc,age      ] GC(12) - age   1:   21450704 bytes,   21450704 total
[2025-10-18T02:05:11.455+0000][7][gc,age      ] GC(12) - age   2:   11155824 bytes,   32606528 total
[2025-10-18T02:05:11.455+0000][7][gc,age      ] GC(12) - age   3:      45064 bytes,   32651592 total
[2025-10-18T02:05:11.461+0000][7][gc,age      ] GC(12) - age   4:      35880 bytes,   32687472 total
[2025-10-18T02:05:11.461+0000][7][gc,heap     ] GC(12) Eden regions: 92->0(68)
[2025-10-18T02:05:11.461+0000][7][gc,heap     ] GC(12) Survivor regions: 4->9(46)
[2025-10-18T02:05:11.462+0000][7][gc,heap     ] GC(12) Old regions: 12->12
[2025-10-18T02:05:11.462+0000][7][gc,heap     ] GC(12) Humongous regions: 2->2
[2025-10-18T02:05:11.462+0000][7][gc,metaspace] GC(12) Metaspace: 101529K(104320K)->101529K(104320K) NonClass: 86893K(88384K)->86893K(88384K) Class: 14635K(15936K)->14635K(15936K)
[2025-10-18T02:05:11.463+0000][7][gc          ] GC(12) Pause Young (Concurrent Start) (Metadata GC Threshold) 434M->89M(3072M) 209.214ms
[2025-10-18T02:05:11.464+0000][7][gc          ] GC(13) Concurrent Mark Cycle
[2025-10-18T02:05:11.465+0000][7][gc,marking  ] GC(13) Concurrent Scan Root Regions
[2025-10-18T02:05:11.467+0000][7][gc,cpu      ] GC(12) User=0.25s Sys=0.00s Real=0.22s
[2025-10-18T02:05:11.467+0000][7][safepoint   ] Safepoint "CollectForMetadataAllocation", Time since last: 193937267 ns, Reaching safepoint: 12029 ns, Cleanup: 46871 ns, At safepoint: 213014930 ns, Total: 213073830 ns
[2025-10-18T02:05:11.502+0000][7][safepoint   ] Safepoint "CollectForMetadataAllocation", Time since last: 27092504 ns, Reaching safepoint: 7515068 ns, Cleanup: 14947 ns, At safepoint: 25885 ns, Total: 7555900 ns
[2025-10-18T02:05:11.513+0000][7][safepoint   ] Safepoint "CollectForMetadataAllocation", Time since last: 9088294 ns, Reaching safepoint: 2107759 ns, Cleanup: 6282 ns, At safepoint: 25188 ns, Total: 2139229 ns
[2025-10-18T02:05:11.517+0000][7][safepoint   ] Safepoint "CollectForMetadataAllocation", Time since last: 3284139 ns, Reaching safepoint: 1061129 ns, Cleanup: 8002 ns, At safepoint: 15638 ns, Total: 1084769 ns
[2025-10-18T02:05:11.522+0000][7][safepoint   ] Safepoint "CollectForMetadataAllocation", Time since last: 74327 ns, Reaching safepoint: 70442 ns, Cleanup: 2166 ns, At safepoint: 4392570 ns, Total: 4465178 ns
[2025-10-18T02:05:11.548+0000][7][gc,marking  ] GC(13) Concurrent Scan Root Regions 83.308ms
[2025-10-18T02:05:11.548+0000][7][gc,marking  ] GC(13) Concurrent Mark
[2025-10-18T02:05:11.548+0000][7][gc,marking  ] GC(13) Concurrent Mark From Roots
[2025-10-18T02:05:11.548+0000][7][gc,task     ] GC(13) Using 2 workers of 2 for marking
[2025-10-18T02:05:11.592+0000][7][safepoint   ] Safepoint "CollectForMetadataAllocation", Time since last: 69136429 ns, Reaching safepoint: 903435 ns, Cleanup: 18641 ns, At safepoint: 142701 ns, Total: 1064777 ns
[2025-10-18T02:05:11.597+0000][7][safepoint   ] Safepoint "CollectForMetadataAllocation", Time since last: 2384999 ns, Reaching safepoint: 2458793 ns, Cleanup: 3937 ns, At safepoint: 19251 ns, Total: 2481981 ns
[2025-10-18T02:05:11.606+0000][7][safepoint   ] Safepoint "CollectForMetadataAllocation", Time since last: 6930896 ns, Reaching safepoint: 1023422 ns, Cleanup: 9491 ns, At safepoint: 910591 ns, Total: 1943504 ns
[2025-10-18T02:05:11.700+0000][7][safepoint   ] Safepoint "CollectForMetadataAllocation", Time since last: 82016251 ns, Reaching safepoint: 2703423 ns, Cleanup: 18785 ns, At safepoint: 9252833 ns, Total: 11975041 ns
[2025-10-18T02:05:11.710+0000][7][safepoint   ] Safepoint "CollectForMetadataAllocation", Time since last: 129114 ns, Reaching safepoint: 6223982 ns, Cleanup: 3375 ns, At safepoint: 3637408 ns, Total: 9864765 ns
[2025-10-18T02:05:11.716+0000][7][safepoint   ] Safepoint "CollectForMetadataAllocation", Time since last: 1017045 ns, Reaching safepoint: 4034139 ns, Cleanup: 4190 ns, At safepoint: 973537 ns, Total: 5011866 ns
[2025-10-18T02:05:11.752+0000][7][gc,marking  ] GC(13) Concurrent Mark From Roots 204.036ms
[2025-10-18T02:05:11.752+0000][7][gc,marking  ] GC(13) Concurrent Preclean
[2025-10-18T02:05:11.752+0000][7][gc,marking  ] GC(13) Concurrent Preclean 0.262ms
[2025-10-18T02:05:11.752+0000][7][gc,start    ] GC(13) Pause Remark
[2025-10-18T02:05:11.792+0000][7][gc          ] GC(13) Pause Remark 113M->113M(3072M) 39.516ms
[2025-10-18T02:05:11.793+0000][7][gc,cpu      ] GC(13) User=0.04s Sys=0.00s Real=0.04s
[2025-10-18T02:05:11.793+0000][7][safepoint   ] Safepoint "G1PauseRemark", Time since last: 36655454 ns, Reaching safepoint: 8909 ns, Cleanup: 7927 ns, At safepoint: 40373345 ns, Total: 40390181 ns
[2025-10-18T02:05:11.795+0000][7][gc,marking  ] GC(13) Concurrent Mark 247.483ms
[2025-10-18T02:05:11.796+0000][7][gc,marking  ] GC(13) Concurrent Rebuild Remembered Sets and Scrub Regions
[2025-10-18T02:05:11.844+0000][7][gc,marking  ] GC(13) Concurrent Rebuild Remembered Sets and Scrub Regions 48.633ms
[2025-10-18T02:05:11.844+0000][7][gc,start    ] GC(13) Pause Cleanup
[2025-10-18T02:05:11.844+0000][7][gc          ] GC(13) Pause Cleanup 114M->114M(3072M) 0.152ms
[2025-10-18T02:05:11.844+0000][7][gc,cpu      ] GC(13) User=0.00s Sys=0.00s Real=0.00s
[2025-10-18T02:05:11.844+0000][7][safepoint   ] Safepoint "G1PauseCleanup", Time since last: 51423248 ns, Reaching safepoint: 9474 ns, Cleanup: 12307 ns, At safepoint: 188987 ns, Total: 210768 ns
[2025-10-18T02:05:11.844+0000][7][gc,marking  ] GC(13) Concurrent Clear Claimed Marks
[2025-10-18T02:05:11.845+0000][7][gc,marking  ] GC(13) Concurrent Clear Claimed Marks 0.183ms
[2025-10-18T02:05:11.845+0000][7][gc,marking  ] GC(13) Concurrent Cleanup for Next Mark
[2025-10-18T02:05:11.849+0000][7][gc,marking  ] GC(13) Concurrent Cleanup for Next Mark 4.157ms
[2025-10-18T02:05:11.849+0000][7][gc          ] GC(13) Concurrent Mark Cycle 384.375ms
[2025-10-18T02:05:12.845+0000][7][safepoint   ] Safepoint "Cleanup", Time since last: 1000078862 ns, Reaching safepoint: 101481 ns, Cleanup: 64309 ns, At safepoint: 13030 ns, Total: 178820 ns
[2025-10-18T02:05:13.845+0000][7][safepoint   ] Safepoint "Cleanup", Time since last: 1000244882 ns, Reaching safepoint: 24920 ns, Cleanup: 34452 ns, At safepoint: 5950 ns, Total: 65322 ns
[2025-10-18T02:05:14.848+0000][7][safepoint   ] Safepoint "Cleanup", Time since last: 1002853649 ns, Reaching safepoint: 10907 ns, Cleanup: 19686 ns, At safepoint: 9527 ns, Total: 40120 ns
[2025-10-18T02:05:16.849+0000][7][safepoint   ] Safepoint "Cleanup", Time since last: 2000781059 ns, Reaching safepoint: 28437 ns, Cleanup: 51916 ns, At safepoint: 18779 ns, Total: 99132 ns
[2025-10-18T02:05:18.985+0000][7][safepoint   ] Safepoint "Cleanup", Time since last: 2135969251 ns, Reaching safepoint: 10696 ns, Cleanup: 10820 ns, At safepoint: 5918 ns, Total: 27434 ns
[2025-10-18T02:05:20.987+0000][7][safepoint   ] Safepoint "Cleanup", Time since last: 2001967534 ns, Reaching safepoint: 11530 ns, Cleanup: 9198 ns, At safepoint: 7548 ns, Total: 28276 ns
[2025-10-18T02:05:21.988+0000][7][safepoint   ] Safepoint "Cleanup", Time since last: 1001411493 ns, Reaching safepoint: 37548 ns, Cleanup: 33619 ns, At safepoint: 18405 ns, Total: 89572 ns
[2025-10-18T02:05:23.989+0000][7][safepoint   ] Safepoint "Cleanup", Time since last: 2000495770 ns, Reaching safepoint: 14163 ns, Cleanup: 20283 ns, At safepoint: 10147 ns, Total: 44593 ns
[2025-10-18T02:05:25.989+0000][7][safepoint   ] Safepoint "Cleanup", Time since last: 2000381670 ns, Reaching safepoint: 80768 ns, Cleanup: 29074 ns, At safepoint: 8555 ns, Total: 118397 ns
[2025-10-18T02:05:26.990+0000][7][safepoint   ] Safepoint "Cleanup", Time since last: 1000177350 ns, Reaching safepoint: 17298 ns, Cleanup: 18072 ns, At safepoint: 10035 ns, Total: 45405 ns
[2025-10-18T02:05:27.271+0000][7][gc,heap,exit] Heap
[2025-10-18T02:05:27.271+0000][7][gc,heap,exit]  garbage-first heap   total reserved 3145728K, committed 3145728K, used 306989K [0x0000000740000000, 0x0000000800000000)
[2025-10-18T02:05:27.271+0000][7][gc,heap,exit]   region size 4096K, 62 young (253952K), 9 survivors (36864K)
[2025-10-18T02:05:27.271+0000][7][gc,heap,exit]  Metaspace       used 103160K, committed 106048K, reserved 1179648K
[2025-10-18T02:05:27.271+0000][7][gc,heap,exit]   class space    used 14913K, committed 16256K, reserved 1048576K
