[2026-02-06T11:06:35.804+0000][7][gc,init] CardTable entry size: 512
[2026-02-06T11:06:35.805+0000][7][gc     ] Using G1
[2026-02-06T11:06:36.109+0000][7][gc,init] Version: 22.0.2+9-70 (release)
[2026-02-06T11:06:36.110+0000][7][gc,init] CPUs: 8 total, 8 available
[2026-02-06T11:06:36.110+0000][7][gc,init] Memory: 15822M
[2026-02-06T11:06:36.110+0000][7][gc,init] Large Page Support: Disabled
[2026-02-06T11:06:36.110+0000][7][gc,init] NUMA Support: Disabled
[2026-02-06T11:06:36.110+0000][7][gc,init] Compressed Oops: Enabled (Zero based)
[2026-02-06T11:06:36.110+0000][7][gc,init] Heap Region Size: 4M
[2026-02-06T11:06:36.110+0000][7][gc,init] Heap Min Capacity: 3G
[2026-02-06T11:06:36.110+0000][7][gc,init] Heap Initial Capacity: 3G
[2026-02-06T11:06:36.110+0000][7][gc,init] Heap Max Capacity: 3G
[2026-02-06T11:06:36.110+0000][7][gc,init] Pre-touch: Enabled
[2026-02-06T11:06:36.110+0000][7][gc,init] Parallel Workers: 8
[2026-02-06T11:06:36.110+0000][7][gc,init] Concurrent Workers: 2
[2026-02-06T11:06:36.110+0000][7][gc,init] Concurrent Refinement Workers: 8
[2026-02-06T11:06:36.110+0000][7][gc,init] Periodic GC: Disabled
[2026-02-06T11:06:36.116+0000][7][gc,metaspace] CDS archive(s) mapped at: [0x00007efbfa000000-0x00007efbfac78000-0x00007efbfac78000), size 13074432, SharedBaseAddress: 0x00007efbfa000000, ArchiveRelocationMode: 1.
[2026-02-06T11:06:36.116+0000][7][gc,metaspace] Compressed class space mapped at: 0x00007efbfb000000-0x00007efc3b000000, reserved size: 1073741824
[2026-02-06T11:06:36.116+0000][7][gc,metaspace] Narrow klass base: 0x00007efbfa000000, Narrow klass shift: 0, Narrow klass range: 0x100000000
[2026-02-06T11:06:36.514+0000][7][safepoint   ] Safepoint "ICBufferFull", Time since last: 393847999 ns, Reaching safepoint: 3326 ns, Cleanup: 76511 ns, At safepoint: 5589 ns, Total: 85426 ns
[2026-02-06T11:06:36.943+0000][7][safepoint   ] Safepoint "ICBufferFull", Time since last: 429475867 ns, Reaching safepoint: 3573 ns, Cleanup: 72546 ns, At safepoint: 4238 ns, Total: 80357 ns
[2026-02-06T11:06:37.327+0000][7][safepoint   ] Safepoint "ICBufferFull", Time since last: 383396732 ns, Reaching safepoint: 68492 ns, Cleanup: 59461 ns, At safepoint: 4649 ns, Total: 132602 ns
[2026-02-06T11:06:37.956+0000][7][gc,start    ] GC(0) Pause Young (Normal) (G1 Evacuation Pause)
[2026-02-06T11:06:37.956+0000][7][gc,task     ] GC(0) Using 8 workers of 8 for evacuation
[2026-02-06T11:06:37.956+0000][7][gc,age      ] GC(0) Desired survivor size 10485760 bytes, new threshold 15 (max threshold 15)
[2026-02-06T11:06:37.960+0000][7][gc,phases   ] GC(0)   Pre Evacuate Collection Set: 0.11ms
[2026-02-06T11:06:37.960+0000][7][gc,phases   ] GC(0)   Merge Heap Roots: 0.07ms
[2026-02-06T11:06:37.960+0000][7][gc,phases   ] GC(0)   Evacuate Collection Set: 3.73ms
[2026-02-06T11:06:37.960+0000][7][gc,phases   ] GC(0)   Post Evacuate Collection Set: 0.59ms
[2026-02-06T11:06:37.960+0000][7][gc,phases   ] GC(0)   Other: 0.06ms
[2026-02-06T11:06:37.961+0000][7][gc,age      ] GC(0) Age table with threshold 15 (max threshold 15)
[2026-02-06T11:06:37.961+0000][7][gc,age      ] GC(0) - age   1:    9008912 bytes,    9008912 total
[2026-02-06T11:06:37.961+0000][7][gc,heap     ] GC(0) Eden regions: 38->0(35)
[2026-02-06T11:06:37.961+0000][7][gc,heap     ] GC(0) Survivor regions: 0->3(5)
[2026-02-06T11:06:37.961+0000][7][gc,heap     ] GC(0) Old regions: 1->1
[2026-02-06T11:06:37.961+0000][7][gc,heap     ] GC(0) Humongous regions: 0->0
[2026-02-06T11:06:37.961+0000][7][gc,metaspace] GC(0) Metaspace: 16666K(17024K)->16666K(17024K) NonClass: 14720K(14912K)->14720K(14912K) Class: 1946K(2112K)->1946K(2112K)
[2026-02-06T11:06:37.961+0000][7][gc          ] GC(0) Pause Young (Normal) (G1 Evacuation Pause) 153M->10M(3072M) 4.712ms
[2026-02-06T11:06:37.961+0000][7][gc,cpu      ] GC(0) User=0.03s Sys=0.00s Real=0.00s
[2026-02-06T11:06:37.961+0000][7][safepoint   ] Safepoint "G1CollectForAllocation", Time since last: 629107951 ns, Reaching safepoint: 22827 ns, Cleanup: 90821 ns, At safepoint: 4739075 ns, Total: 4852723 ns
[2026-02-06T11:06:38.294+0000][7][gc,start    ] GC(1) Pause Young (Normal) (G1 Evacuation Pause)
[2026-02-06T11:06:38.294+0000][7][gc,task     ] GC(1) Using 8 workers of 8 for evacuation
[2026-02-06T11:06:38.294+0000][7][gc,age      ] GC(1) Desired survivor size 10485760 bytes, new threshold 15 (max threshold 15)
[2026-02-06T11:06:38.299+0000][7][gc,phases   ] GC(1)   Pre Evacuate Collection Set: 0.17ms
[2026-02-06T11:06:38.299+0000][7][gc,phases   ] GC(1)   Merge Heap Roots: 0.03ms
[2026-02-06T11:06:38.299+0000][7][gc,phases   ] GC(1)   Evacuate Collection Set: 4.00ms
[2026-02-06T11:06:38.299+0000][7][gc,phases   ] GC(1)   Post Evacuate Collection Set: 0.60ms
[2026-02-06T11:06:38.299+0000][7][gc,phases   ] GC(1)   Other: 0.04ms
[2026-02-06T11:06:38.299+0000][7][gc,age      ] GC(1) Age table with threshold 15 (max threshold 15)
[2026-02-06T11:06:38.299+0000][7][gc,age      ] GC(1) - age   1:    4878688 bytes,    4878688 total
[2026-02-06T11:06:38.299+0000][7][gc,age      ] GC(1) - age   2:    8088920 bytes,   12967608 total
[2026-02-06T11:06:38.299+0000][7][gc,heap     ] GC(1) Eden regions: 35->0(39)
[2026-02-06T11:06:38.299+0000][7][gc,heap     ] GC(1) Survivor regions: 3->4(5)
[2026-02-06T11:06:38.299+0000][7][gc,heap     ] GC(1) Old regions: 1->1
[2026-02-06T11:06:38.299+0000][7][gc,heap     ] GC(1) Humongous regions: 0->0
[2026-02-06T11:06:38.299+0000][7][gc,metaspace] GC(1) Metaspace: 18533K(18944K)->18533K(18944K) NonClass: 16321K(16512K)->16321K(16512K) Class: 2212K(2432K)->2212K(2432K)
[2026-02-06T11:06:38.299+0000][7][gc          ] GC(1) Pause Young (Normal) (G1 Evacuation Pause) 150M->14M(3072M) 4.972ms
[2026-02-06T11:06:38.299+0000][7][gc,cpu      ] GC(1) User=0.04s Sys=0.00s Real=0.01s
[2026-02-06T11:06:38.299+0000][7][safepoint   ] Safepoint "G1CollectForAllocation", Time since last: 332996096 ns, Reaching safepoint: 2678 ns, Cleanup: 62465 ns, At safepoint: 4997748 ns, Total: 5062891 ns
[2026-02-06T11:06:38.512+0000][7][gc,start    ] GC(2) Pause Young (Normal) (G1 Evacuation Pause)
[2026-02-06T11:06:38.512+0000][7][gc,task     ] GC(2) Using 8 workers of 8 for evacuation
[2026-02-06T11:06:38.512+0000][7][gc,age      ] GC(2) Desired survivor size 12582912 bytes, new threshold 2 (max threshold 15)
[2026-02-06T11:06:38.517+0000][7][gc,phases   ] GC(2)   Pre Evacuate Collection Set: 0.14ms
[2026-02-06T11:06:38.517+0000][7][gc,phases   ] GC(2)   Merge Heap Roots: 0.03ms
[2026-02-06T11:06:38.517+0000][7][gc,phases   ] GC(2)   Evacuate Collection Set: 3.95ms
[2026-02-06T11:06:38.517+0000][7][gc,phases   ] GC(2)   Post Evacuate Collection Set: 0.36ms
[2026-02-06T11:06:38.517+0000][7][gc,phases   ] GC(2)   Other: 0.05ms
[2026-02-06T11:06:38.517+0000][7][gc,age      ] GC(2) Age table with threshold 2 (max threshold 15)
[2026-02-06T11:06:38.517+0000][7][gc,age      ] GC(2) - age   1:    1879080 bytes,    1879080 total
[2026-02-06T11:06:38.517+0000][7][gc,age      ] GC(2) - age   2:    3007952 bytes,    4887032 total
[2026-02-06T11:06:38.517+0000][7][gc,heap     ] GC(2) Eden regions: 39->0(458)
[2026-02-06T11:06:38.517+0000][7][gc,heap     ] GC(2) Survivor regions: 4->2(6)
[2026-02-06T11:06:38.517+0000][7][gc,heap     ] GC(2) Old regions: 1->3
[2026-02-06T11:06:38.517+0000][7][gc,heap     ] GC(2) Humongous regions: 0->0
[2026-02-06T11:06:38.517+0000][7][gc,metaspace] GC(2) Metaspace: 19018K(19456K)->19018K(19456K) NonClass: 16717K(16960K)->16717K(16960K) Class: 2300K(2496K)->2300K(2496K)
[2026-02-06T11:06:38.517+0000][7][gc          ] GC(2) Pause Young (Normal) (G1 Evacuation Pause) 170M->14M(3072M) 4.655ms
[2026-02-06T11:06:38.517+0000][7][gc,cpu      ] GC(2) User=0.03s Sys=0.00s Real=0.01s
[2026-02-06T11:06:38.517+0000][7][safepoint   ] Safepoint "G1CollectForAllocation", Time since last: 213762767 ns, Reaching safepoint: 3607 ns, Cleanup: 31022 ns, At safepoint: 4683122 ns, Total: 4717751 ns
[2026-02-06T11:06:39.384+0000][7][gc,start    ] GC(3) Pause Young (Concurrent Start) (Metadata GC Threshold)
[2026-02-06T11:06:39.384+0000][7][gc,task     ] GC(3) Using 8 workers of 8 for evacuation
[2026-02-06T11:06:39.384+0000][7][gc,age      ] GC(3) Desired survivor size 121634816 bytes, new threshold 15 (max threshold 15)
[2026-02-06T11:06:39.387+0000][7][gc,phases   ] GC(3)   Pre Evacuate Collection Set: 0.20ms
[2026-02-06T11:06:39.387+0000][7][gc,phases   ] GC(3)   Merge Heap Roots: 0.04ms
[2026-02-06T11:06:39.387+0000][7][gc,phases   ] GC(3)   Evacuate Collection Set: 2.20ms
[2026-02-06T11:06:39.387+0000][7][gc,phases   ] GC(3)   Post Evacuate Collection Set: 0.37ms
[2026-02-06T11:06:39.387+0000][7][gc,phases   ] GC(3)   Other: 0.15ms
[2026-02-06T11:06:39.387+0000][7][gc,age      ] GC(3) Age table with threshold 15 (max threshold 15)
[2026-02-06T11:06:39.387+0000][7][gc,age      ] GC(3) - age   1:    5378040 bytes,    5378040 total
[2026-02-06T11:06:39.387+0000][7][gc,age      ] GC(3) - age   2:     933680 bytes,    6311720 total
[2026-02-06T11:06:39.387+0000][7][gc,age      ] GC(3) - age   3:    3005920 bytes,    9317640 total
[2026-02-06T11:06:39.387+0000][7][gc,heap     ] GC(3) Eden regions: 178->0(457)
[2026-02-06T11:06:39.387+0000][7][gc,heap     ] GC(3) Survivor regions: 2->3(58)
[2026-02-06T11:06:39.387+0000][7][gc,heap     ] GC(3) Old regions: 3->3
[2026-02-06T11:06:39.387+0000][7][gc,heap     ] GC(3) Humongous regions: 0->0
[2026-02-06T11:06:39.387+0000][7][gc,metaspace] GC(3) Metaspace: 21017K(21504K)->21017K(21504K) NonClass: 18451K(18752K)->18451K(18752K) Class: 2565K(2752K)->2565K(2752K)
[2026-02-06T11:06:39.387+0000][7][gc          ] GC(3) Pause Young (Concurrent Start) (Metadata GC Threshold) 724M->18M(3072M) 3.110ms
[2026-02-06T11:06:39.387+0000][7][gc,cpu      ] GC(3) User=0.02s Sys=0.00s Real=0.00s
[2026-02-06T11:06:39.387+0000][7][gc          ] GC(4) Concurrent Mark Cycle
[2026-02-06T11:06:39.387+0000][7][gc,marking  ] GC(4) Concurrent Scan Root Regions
[2026-02-06T11:06:39.387+0000][7][safepoint   ] Safepoint "CollectForMetadataAllocation", Time since last: 866984306 ns, Reaching safepoint: 2876 ns, Cleanup: 62807 ns, At safepoint: 3167282 ns, Total: 3232965 ns
[2026-02-06T11:06:39.389+0000][7][gc,marking  ] GC(4) Concurrent Scan Root Regions 1.307ms
[2026-02-06T11:06:39.389+0000][7][gc,marking  ] GC(4) Concurrent Mark
[2026-02-06T11:06:39.389+0000][7][gc,marking  ] GC(4) Concurrent Mark From Roots
[2026-02-06T11:06:39.389+0000][7][gc,task     ] GC(4) Using 2 workers of 2 for marking
[2026-02-06T11:06:39.395+0000][7][gc,marking  ] GC(4) Concurrent Mark From Roots 6.039ms
[2026-02-06T11:06:39.395+0000][7][gc,marking  ] GC(4) Concurrent Preclean
[2026-02-06T11:06:39.395+0000][7][gc,marking  ] GC(4) Concurrent Preclean 0.039ms
[2026-02-06T11:06:39.395+0000][7][gc,start    ] GC(4) Pause Remark
[2026-02-06T11:06:39.397+0000][7][gc          ] GC(4) Pause Remark 22M->22M(3072M) 2.438ms
[2026-02-06T11:06:39.397+0000][7][gc,cpu      ] GC(4) User=0.01s Sys=0.00s Real=0.00s
[2026-02-06T11:06:39.397+0000][7][safepoint   ] Safepoint "G1PauseRemark", Time since last: 7464906 ns, Reaching safepoint: 67188 ns, Cleanup: 4857 ns, At safepoint: 2476397 ns, Total: 2548442 ns
[2026-02-06T11:06:39.397+0000][7][gc,marking  ] GC(4) Concurrent Mark 8.711ms
[2026-02-06T11:06:39.397+0000][7][gc,marking  ] GC(4) Concurrent Rebuild Remembered Sets and Scrub Regions
[2026-02-06T11:06:39.401+0000][7][gc,marking  ] GC(4) Concurrent Rebuild Remembered Sets and Scrub Regions 3.515ms
[2026-02-06T11:06:39.401+0000][7][gc,start    ] GC(4) Pause Cleanup
[2026-02-06T11:06:39.401+0000][7][gc          ] GC(4) Pause Cleanup 22M->22M(3072M) 0.126ms
[2026-02-06T11:06:39.401+0000][7][gc,cpu      ] GC(4) User=0.00s Sys=0.00s Real=0.00s
[2026-02-06T11:06:39.401+0000][7][safepoint   ] Safepoint "G1PauseCleanup", Time since last: 3588863 ns, Reaching safepoint: 70406 ns, Cleanup: 5099 ns, At safepoint: 153935 ns, Total: 229440 ns
[2026-02-06T11:06:39.401+0000][7][gc,marking  ] GC(4) Concurrent Clear Claimed Marks
[2026-02-06T11:06:39.401+0000][7][gc,marking  ] GC(4) Concurrent Clear Claimed Marks 0.032ms
[2026-02-06T11:06:39.401+0000][7][gc,marking  ] GC(4) Concurrent Cleanup for Next Mark
[2026-02-06T11:06:39.404+0000][7][gc,marking  ] GC(4) Concurrent Cleanup for Next Mark 2.512ms
[2026-02-06T11:06:39.404+0000][7][gc          ] GC(4) Concurrent Mark Cycle 16.723ms
[2026-02-06T11:06:40.059+0000][7][safepoint   ] Safepoint "ICBufferFull", Time since last: 657862595 ns, Reaching safepoint: 66313 ns, Cleanup: 69918 ns, At safepoint: 3383 ns, Total: 139614 ns
[2026-02-06T11:06:40.483+0000][7][safepoint   ] Safepoint "ICBufferFull", Time since last: 424206112 ns, Reaching safepoint: 3097 ns, Cleanup: 61966 ns, At safepoint: 4550 ns, Total: 69613 ns
[2026-02-06T11:06:41.397+0000][7][gc,start    ] GC(5) Pause Young (Prepare Mixed) (Metadata GC Threshold)
[2026-02-06T11:06:41.397+0000][7][gc,task     ] GC(5) Using 8 workers of 8 for evacuation
[2026-02-06T11:06:41.397+0000][7][gc,age      ] GC(5) Desired survivor size 121634816 bytes, new threshold 15 (max threshold 15)
[2026-02-06T11:06:41.447+0000][7][gc,phases   ] GC(5)   Pre Evacuate Collection Set: 0.19ms
[2026-02-06T11:06:41.447+0000][7][gc,phases   ] GC(5)   Merge Heap Roots: 0.05ms
[2026-02-06T11:06:41.447+0000][7][gc,phases   ] GC(5)   Evacuate Collection Set: 44.31ms
[2026-02-06T11:06:41.447+0000][7][gc,phases   ] GC(5)   Post Evacuate Collection Set: 5.06ms
[2026-02-06T11:06:41.447+0000][7][gc,phases   ] GC(5)   Other: 0.06ms
[2026-02-06T11:06:41.447+0000][7][gc,age      ] GC(5) Age table with threshold 15 (max threshold 15)
[2026-02-06T11:06:41.447+0000][7][gc,age      ] GC(5) - age   1:   28667064 bytes,   28667064 total
[2026-02-06T11:06:41.447+0000][7][gc,age      ] GC(5) - age   2:    5342000 bytes,   34009064 total
[2026-02-06T11:06:41.447+0000][7][gc,age      ] GC(5) - age   3:     928432 bytes,   34937496 total
[2026-02-06T11:06:41.447+0000][7][gc,age      ] GC(5) - age   4:    2971008 bytes,   37908504 total
[2026-02-06T11:06:41.447+0000][7][gc,heap     ] GC(5) Eden regions: 193->0(241)
[2026-02-06T11:06:41.447+0000][7][gc,heap     ] GC(5) Survivor regions: 3->10(58)
[2026-02-06T11:06:41.447+0000][7][gc,heap     ] GC(5) Old regions: 3->3
[2026-02-06T11:06:41.447+0000][7][gc,heap     ] GC(5) Humongous regions: 0->0
[2026-02-06T11:06:41.447+0000][7][gc,metaspace] GC(5) Metaspace: 35118K(36160K)->35118K(36160K) NonClass: 30479K(31104K)->30479K(31104K) Class: 4639K(5056K)->4639K(5056K)
[2026-02-06T11:06:41.447+0000][7][gc          ] GC(5) Pause Young (Prepare Mixed) (Metadata GC Threshold) 790M->47M(3072M) 49.851ms
[2026-02-06T11:06:41.447+0000][7][gc,cpu      ] GC(5) User=0.08s Sys=0.00s Real=0.05s
[2026-02-06T11:06:41.447+0000][7][safepoint   ] Safepoint "CollectForMetadataAllocation", Time since last: 913505173 ns, Reaching safepoint: 2322 ns, Cleanup: 74675 ns, At safepoint: 49938831 ns, Total: 50015828 ns
[2026-02-06T11:06:41.510+0000][7][gc,start    ] GC(6) Pause Young (Mixed) (Metadata GC Threshold)
[2026-02-06T11:06:41.510+0000][7][gc,task     ] GC(6) Using 8 workers of 8 for evacuation
[2026-02-06T11:06:41.510+0000][7][gc,age      ] GC(6) Desired survivor size 67108864 bytes, new threshold 15 (max threshold 15)
[2026-02-06T11:06:41.530+0000][7][gc,phases   ] GC(6)   Pre Evacuate Collection Set: 0.28ms
[2026-02-06T11:06:41.530+0000][7][gc,phases   ] GC(6)   Merge Heap Roots: 0.10ms
[2026-02-06T11:06:41.530+0000][7][gc,phases   ] GC(6)   Evacuate Collection Set: 16.78ms
[2026-02-06T11:06:41.530+0000][7][gc,phases   ] GC(6)   Post Evacuate Collection Set: 2.92ms
[2026-02-06T11:06:41.530+0000][7][gc,phases   ] GC(6)   Other: 0.07ms
[2026-02-06T11:06:41.530+0000][7][gc,age      ] GC(6) Age table with threshold 15 (max threshold 15)
[2026-02-06T11:06:41.530+0000][7][gc,age      ] GC(6) - age   1:      59336 bytes,      59336 total
[2026-02-06T11:06:41.530+0000][7][gc,age      ] GC(6) - age   2:   28496616 bytes,   28555952 total
[2026-02-06T11:06:41.530+0000][7][gc,age      ] GC(6) - age   3:    5341968 bytes,   33897920 total
[2026-02-06T11:06:41.530+0000][7][gc,age      ] GC(6) - age   4:     928432 bytes,   34826352 total
[2026-02-06T11:06:41.530+0000][7][gc,age      ] GC(6) - age   5:    2971008 bytes,   37797360 total
[2026-02-06T11:06:41.530+0000][7][gc,heap     ] GC(6) Eden regions: 1->0(56)
[2026-02-06T11:06:41.530+0000][7][gc,heap     ] GC(6) Survivor regions: 10->10(32)
[2026-02-06T11:06:41.530+0000][7][gc,heap     ] GC(6) Old regions: 3->3
[2026-02-06T11:06:41.530+0000][7][gc,heap     ] GC(6) Humongous regions: 0->0
[2026-02-06T11:06:41.530+0000][7][gc,metaspace] GC(6) Metaspace: 35474K(36480K)->35474K(36480K) NonClass: 30800K(31424K)->30800K(31424K) Class: 4674K(5056K)->4674K(5056K)
[2026-02-06T11:06:41.530+0000][7][gc          ] GC(6) Pause Young (Mixed) (Metadata GC Threshold) 51M->48M(3072M) 20.326ms
[2026-02-06T11:06:41.530+0000][7][gc,cpu      ] GC(6) User=0.08s Sys=0.00s Real=0.02s
[2026-02-06T11:06:41.530+0000][7][safepoint   ] Safepoint "CollectForMetadataAllocation", Time since last: 62584817 ns, Reaching safepoint: 2482 ns, Cleanup: 8336 ns, At safepoint: 20432936 ns, Total: 20443754 ns
[2026-02-06T11:06:41.544+0000][7][gc,start    ] GC(7) Pause Young (Concurrent Start) (Metadata GC Threshold)
[2026-02-06T11:06:41.544+0000][7][gc,task     ] GC(7) Using 8 workers of 8 for evacuation
[2026-02-06T11:06:41.544+0000][7][gc,age      ] GC(7) Desired survivor size 18874368 bytes, new threshold 2 (max threshold 15)
[2026-02-06T11:06:41.558+0000][7][gc,phases   ] GC(7)   Pre Evacuate Collection Set: 0.26ms
[2026-02-06T11:06:41.558+0000][7][gc,phases   ] GC(7)   Merge Heap Roots: 0.04ms
[2026-02-06T11:06:41.558+0000][7][gc,phases   ] GC(7)   Evacuate Collection Set: 12.91ms
[2026-02-06T11:06:41.558+0000][7][gc,phases   ] GC(7)   Post Evacuate Collection Set: 0.32ms
[2026-02-06T11:06:41.558+0000][7][gc,phases   ] GC(7)   Other: 0.23ms
[2026-02-06T11:06:41.558+0000][7][gc,age      ] GC(7) Age table with threshold 2 (max threshold 15)
[2026-02-06T11:06:41.558+0000][7][gc,age      ] GC(7) - age   1:      53560 bytes,      53560 total
[2026-02-06T11:06:41.558+0000][7][gc,age      ] GC(7) - age   2:      35232 bytes,      88792 total
[2026-02-06T11:06:41.558+0000][7][gc,heap     ] GC(7) Eden regions: 1->0(429)
[2026-02-06T11:06:41.558+0000][7][gc,heap     ] GC(7) Survivor regions: 10->2(9)
[2026-02-06T11:06:41.558+0000][7][gc,heap     ] GC(7) Old regions: 3->12
[2026-02-06T11:06:41.558+0000][7][gc,heap     ] GC(7) Humongous regions: 0->0
[2026-02-06T11:06:41.558+0000][7][gc,metaspace] GC(7) Metaspace: 35778K(36800K)->35778K(36800K) NonClass: 31075K(31744K)->31075K(31744K) Class: 4702K(5056K)->4702K(5056K)
[2026-02-06T11:06:41.558+0000][7][gc          ] GC(7) Pause Young (Concurrent Start) (Metadata GC Threshold) 52M->52M(3072M) 13.899ms
[2026-02-06T11:06:41.558+0000][7][gc,cpu      ] GC(7) User=0.07s Sys=0.00s Real=0.01s
[2026-02-06T11:06:41.558+0000][7][gc          ] GC(8) Concurrent Mark Cycle
[2026-02-06T11:06:41.558+0000][7][gc,marking  ] GC(8) Concurrent Scan Root Regions
[2026-02-06T11:06:41.558+0000][7][safepoint   ] Safepoint "CollectForMetadataAllocation", Time since last: 13880527 ns, Reaching safepoint: 2591 ns, Cleanup: 4770 ns, At safepoint: 13964557 ns, Total: 13971918 ns
[2026-02-06T11:06:41.572+0000][7][gc,marking  ] GC(8) Concurrent Scan Root Regions 14.022ms
[2026-02-06T11:06:41.572+0000][7][gc,marking  ] GC(8) Concurrent Mark
[2026-02-06T11:06:41.572+0000][7][gc,marking  ] GC(8) Concurrent Mark From Roots
[2026-02-06T11:06:41.572+0000][7][gc,task     ] GC(8) Using 2 workers of 2 for marking
[2026-02-06T11:06:41.578+0000][7][safepoint   ] Safepoint "CollectForMetadataAllocation", Time since last: 20615083 ns, Reaching safepoint: 14756 ns, Cleanup: 9678 ns, At safepoint: 32424 ns, Total: 56858 ns
[2026-02-06T11:06:41.579+0000][7][gc,marking  ] GC(8) Concurrent Mark From Roots 6.681ms
[2026-02-06T11:06:41.579+0000][7][gc,marking  ] GC(8) Concurrent Preclean
[2026-02-06T11:06:41.579+0000][7][gc,marking  ] GC(8) Concurrent Preclean 0.039ms
[2026-02-06T11:06:41.579+0000][7][gc,start    ] GC(8) Pause Remark
[2026-02-06T11:06:41.581+0000][7][gc          ] GC(8) Pause Remark 55M->55M(3072M) 2.743ms
[2026-02-06T11:06:41.581+0000][7][gc,cpu      ] GC(8) User=0.01s Sys=0.00s Real=0.00s
[2026-02-06T11:06:41.581+0000][7][safepoint   ] Safepoint "G1PauseRemark", Time since last: 122689 ns, Reaching safepoint: 64895 ns, Cleanup: 694 ns, At safepoint: 2775938 ns, Total: 2841527 ns
[2026-02-06T11:06:41.581+0000][7][gc,marking  ] GC(8) Concurrent Mark 9.625ms
[2026-02-06T11:06:41.581+0000][7][gc,marking  ] GC(8) Concurrent Rebuild Remembered Sets and Scrub Regions
[2026-02-06T11:06:41.596+0000][7][gc,marking  ] GC(8) Concurrent Rebuild Remembered Sets and Scrub Regions 14.013ms
[2026-02-06T11:06:41.598+0000][7][gc,start    ] GC(8) Pause Cleanup
[2026-02-06T11:06:41.598+0000][7][gc          ] GC(8) Pause Cleanup 56M->56M(3072M) 0.129ms
[2026-02-06T11:06:41.598+0000][7][gc,cpu      ] GC(8) User=0.00s Sys=0.00s Real=0.00s
[2026-02-06T11:06:41.598+0000][7][safepoint   ] Safepoint "G1PauseCleanup", Time since last: 14080175 ns, Reaching safepoint: 2100902 ns, Cleanup: 18258 ns, At safepoint: 155070 ns, Total: 2274230 ns
[2026-02-06T11:06:41.598+0000][7][gc,marking  ] GC(8) Concurrent Clear Claimed Marks
[2026-02-06T11:06:41.598+0000][7][gc,marking  ] GC(8) Concurrent Clear Claimed Marks 0.047ms
[2026-02-06T11:06:41.598+0000][7][gc,marking  ] GC(8) Concurrent Cleanup for Next Mark
[2026-02-06T11:06:41.601+0000][7][gc,marking  ] GC(8) Concurrent Cleanup for Next Mark 2.808ms
[2026-02-06T11:06:41.601+0000][7][gc          ] GC(8) Concurrent Mark Cycle 42.990ms
[2026-02-06T11:06:42.427+0000][7][safepoint   ] Safepoint "ICBufferFull", Time since last: 829565249 ns, Reaching safepoint: 2545 ns, Cleanup: 63316 ns, At safepoint: 4692 ns, Total: 70553 ns
[2026-02-06T11:06:43.428+0000][7][safepoint   ] Safepoint "Cleanup", Time since last: 1000108869 ns, Reaching safepoint: 67125 ns, Cleanup: 55122 ns, At safepoint: 3920 ns, Total: 126167 ns
[2026-02-06T11:06:44.404+0000][7][safepoint   ] Safepoint "ICBufferFull", Time since last: 976077337 ns, Reaching safepoint: 2601 ns, Cleanup: 65418 ns, At safepoint: 26070 ns, Total: 94089 ns
[2026-02-06T11:06:44.572+0000][7][gc,start    ] GC(9) Pause Young (Concurrent Start) (Metadata GC Threshold)
[2026-02-06T11:06:44.572+0000][7][gc,task     ] GC(9) Using 8 workers of 8 for evacuation
[2026-02-06T11:06:44.572+0000][7][gc,age      ] GC(9) Desired survivor size 113246208 bytes, new threshold 15 (max threshold 15)
[2026-02-06T11:06:44.578+0000][7][gc,phases   ] GC(9)   Pre Evacuate Collection Set: 0.22ms
[2026-02-06T11:06:44.578+0000][7][gc,phases   ] GC(9)   Merge Heap Roots: 0.09ms
[2026-02-06T11:06:44.578+0000][7][gc,phases   ] GC(9)   Evacuate Collection Set: 4.52ms
[2026-02-06T11:06:44.578+0000][7][gc,phases   ] GC(9)   Post Evacuate Collection Set: 0.80ms
[2026-02-06T11:06:44.578+0000][7][gc,phases   ] GC(9)   Other: 0.08ms
[2026-02-06T11:06:44.578+0000][7][gc,age      ] GC(9) Age table with threshold 15 (max threshold 15)
[2026-02-06T11:06:44.578+0000][7][gc,age      ] GC(9) - age   1:   11698656 bytes,   11698656 total
[2026-02-06T11:06:44.578+0000][7][gc,age      ] GC(9) - age   2:      45872 bytes,   11744528 total
[2026-02-06T11:06:44.578+0000][7][gc,age      ] GC(9) - age   3:      35136 bytes,   11779664 total
[2026-02-06T11:06:44.578+0000][7][gc,heap     ] GC(9) Eden regions: 112->0(439)
[2026-02-06T11:06:44.578+0000][7][gc,heap     ] GC(9) Survivor regions: 2->4(54)
[2026-02-06T11:06:44.578+0000][7][gc,heap     ] GC(9) Old regions: 12->12
[2026-02-06T11:06:44.578+0000][7][gc,heap     ] GC(9) Humongous regions: 0->0
[2026-02-06T11:06:44.578+0000][7][gc,metaspace] GC(9) Metaspace: 60646K(62016K)->60646K(62016K) NonClass: 52424K(53184K)->52424K(53184K) Class: 8222K(8832K)->8222K(8832K)
[2026-02-06T11:06:44.578+0000][7][gc          ] GC(9) Pause Young (Concurrent Start) (Metadata GC Threshold) 500M->58M(3072M) 5.814ms
[2026-02-06T11:06:44.578+0000][7][gc,cpu      ] GC(9) User=0.04s Sys=0.00s Real=0.01s
[2026-02-06T11:06:44.578+0000][7][gc          ] GC(10) Concurrent Mark Cycle
[2026-02-06T11:06:44.578+0000][7][gc,marking  ] GC(10) Concurrent Scan Root Regions
[2026-02-06T11:06:44.578+0000][7][safepoint   ] Safepoint "CollectForMetadataAllocation", Time since last: 168005937 ns, Reaching safepoint: 2202 ns, Cleanup: 32634 ns, At safepoint: 5901362 ns, Total: 5936198 ns
[2026-02-06T11:06:44.583+0000][7][gc,marking  ] GC(10) Concurrent Scan Root Regions 5.633ms
[2026-02-06T11:06:44.583+0000][7][gc,marking  ] GC(10) Concurrent Mark
[2026-02-06T11:06:44.583+0000][7][gc,marking  ] GC(10) Concurrent Mark From Roots
[2026-02-06T11:06:44.583+0000][7][gc,task     ] GC(10) Using 2 workers of 2 for marking
[2026-02-06T11:06:44.605+0000][7][safepoint   ] Safepoint "CollectForMetadataAllocation", Time since last: 26919029 ns, Reaching safepoint: 102395 ns, Cleanup: 17931 ns, At safepoint: 28736 ns, Total: 149062 ns
[2026-02-06T11:06:44.612+0000][7][gc,marking  ] GC(10) Concurrent Mark From Roots 28.273ms
[2026-02-06T11:06:44.612+0000][7][gc,marking  ] GC(10) Concurrent Preclean
[2026-02-06T11:06:44.612+0000][7][gc,marking  ] GC(10) Concurrent Preclean 0.162ms
[2026-02-06T11:06:44.612+0000][7][gc,start    ] GC(10) Pause Remark
[2026-02-06T11:06:44.615+0000][7][gc          ] GC(10) Pause Remark 66M->66M(3072M) 2.955ms
[2026-02-06T11:06:44.615+0000][7][gc,cpu      ] GC(10) User=0.01s Sys=0.00s Real=0.01s
[2026-02-06T11:06:44.615+0000][7][safepoint   ] Safepoint "G1PauseRemark", Time since last: 7087340 ns, Reaching safepoint: 66631 ns, Cleanup: 5468 ns, At safepoint: 3009986 ns, Total: 3082085 ns
[2026-02-06T11:06:44.615+0000][7][gc,marking  ] GC(10) Concurrent Mark 31.611ms
[2026-02-06T11:06:44.615+0000][7][gc,marking  ] GC(10) Concurrent Rebuild Remembered Sets and Scrub Regions
[2026-02-06T11:06:44.646+0000][7][gc,marking  ] GC(10) Concurrent Rebuild Remembered Sets and Scrub Regions 30.685ms
[2026-02-06T11:06:44.646+0000][7][gc,start    ] GC(10) Pause Cleanup
[2026-02-06T11:06:44.646+0000][7][gc          ] GC(10) Pause Cleanup 66M->66M(3072M) 0.092ms
[2026-02-06T11:06:44.646+0000][7][gc,cpu      ] GC(10) User=0.00s Sys=0.00s Real=0.00s
[2026-02-06T11:06:44.646+0000][7][safepoint   ] Safepoint "G1PauseCleanup", Time since last: 30792108 ns, Reaching safepoint: 2345 ns, Cleanup: 5704 ns, At safepoint: 132224 ns, Total: 140273 ns
[2026-02-06T11:06:44.646+0000][7][gc,marking  ] GC(10) Concurrent Clear Claimed Marks
[2026-02-06T11:06:44.646+0000][7][gc,marking  ] GC(10) Concurrent Clear Claimed Marks 0.048ms
[2026-02-06T11:06:44.646+0000][7][gc,marking  ] GC(10) Concurrent Cleanup for Next Mark
[2026-02-06T11:06:44.648+0000][7][gc,marking  ] GC(10) Concurrent Cleanup for Next Mark 2.101ms
[2026-02-06T11:06:44.648+0000][7][gc          ] GC(10) Concurrent Mark Cycle 70.446ms
[2026-02-06T11:06:45.559+0000][7][safepoint   ] Safepoint "ICBufferFull", Time since last: 912526065 ns, Reaching safepoint: 3946 ns, Cleanup: 87001 ns, At safepoint: 5848 ns, Total: 96795 ns
[2026-02-06T11:06:46.216+0000][7][safepoint   ] Safepoint "ICBufferFull", Time since last: 657732153 ns, Reaching safepoint: 3628 ns, Cleanup: 72367 ns, At safepoint: 3658 ns, Total: 79653 ns
[2026-02-06T11:06:46.445+0000][7][safepoint   ] Safepoint "ICBufferFull", Time since last: 228753713 ns, Reaching safepoint: 2008 ns, Cleanup: 56732 ns, At safepoint: 2805 ns, Total: 61545 ns
[2026-02-06T11:06:46.768+0000][7][safepoint   ] Safepoint "ICBufferFull", Time since last: 322654740 ns, Reaching safepoint: 5825 ns, Cleanup: 66740 ns, At safepoint: 3951 ns, Total: 76516 ns
[2026-02-06T11:06:47.152+0000][7][safepoint   ] Safepoint "ICBufferFull", Time since last: 383786762 ns, Reaching safepoint: 136585 ns, Cleanup: 96606 ns, At safepoint: 26104 ns, Total: 259295 ns
[2026-02-06T11:06:47.152+0000][7][safepoint   ] Safepoint "ICBufferFull", Time since last: 82997 ns, Reaching safepoint: 66392 ns, Cleanup: 1014 ns, At safepoint: 3366 ns, Total: 70772 ns
[2026-02-06T11:06:47.366+0000][7][safepoint   ] Safepoint "ICBufferFull", Time since last: 213585073 ns, Reaching safepoint: 6874 ns, Cleanup: 101600 ns, At safepoint: 6559 ns, Total: 115033 ns
[2026-02-06T11:06:47.406+0000][7][gc,start    ] GC(11) Pause Young (Concurrent Start) (Metadata GC Threshold)
[2026-02-06T11:06:47.406+0000][7][gc,task     ] GC(11) Using 8 workers of 8 for evacuation
[2026-02-06T11:06:47.406+0000][7][gc,age      ] GC(11) Desired survivor size 109051904 bytes, new threshold 15 (max threshold 15)
[2026-02-06T11:06:47.497+0000][7][gc,phases   ] GC(11)   Pre Evacuate Collection Set: 0.20ms
[2026-02-06T11:06:47.497+0000][7][gc,phases   ] GC(11)   Merge Heap Roots: 0.09ms
[2026-02-06T11:06:47.497+0000][7][gc,phases   ] GC(11)   Evacuate Collection Set: 86.94ms
[2026-02-06T11:06:47.497+0000][7][gc,phases   ] GC(11)   Post Evacuate Collection Set: 3.31ms
[2026-02-06T11:06:47.497+0000][7][gc,phases   ] GC(11)   Other: 0.10ms
[2026-02-06T11:06:47.497+0000][7][gc,age      ] GC(11) Age table with threshold 15 (max threshold 15)
[2026-02-06T11:06:47.497+0000][7][gc,age      ] GC(11) - age   1:   19485752 bytes,   19485752 total
[2026-02-06T11:06:47.497+0000][7][gc,age      ] GC(11) - age   2:   10948744 bytes,   30434496 total
[2026-02-06T11:06:47.497+0000][7][gc,age      ] GC(11) - age   3:      45144 bytes,   30479640 total
[2026-02-06T11:06:47.497+0000][7][gc,age      ] GC(11) - age   4:      34568 bytes,   30514208 total
[2026-02-06T11:06:47.497+0000][7][gc,heap     ] GC(11) Eden regions: 89->0(270)
[2026-02-06T11:06:47.497+0000][7][gc,heap     ] GC(11) Survivor regions: 4->8(52)
[2026-02-06T11:06:47.497+0000][7][gc,heap     ] GC(11) Old regions: 12->12
[2026-02-06T11:06:47.497+0000][7][gc,heap     ] GC(11) Humongous regions: 2->2
[2026-02-06T11:06:47.497+0000][7][gc,metaspace] GC(11) Metaspace: 101143K(104000K)->101143K(104000K) NonClass: 86554K(88064K)->86554K(88064K) Class: 14588K(15936K)->14588K(15936K)
[2026-02-06T11:06:47.497+0000][7][gc          ] GC(11) Pause Young (Concurrent Start) (Metadata GC Threshold) 422M->85M(3072M) 90.900ms
[2026-02-06T11:06:47.497+0000][7][gc,cpu      ] GC(11) User=0.15s Sys=0.00s Real=0.09s
[2026-02-06T11:06:47.497+0000][7][gc          ] GC(12) Concurrent Mark Cycle
[2026-02-06T11:06:47.497+0000][7][gc,marking  ] GC(12) Concurrent Scan Root Regions
[2026-02-06T11:06:47.497+0000][7][safepoint   ] Safepoint "CollectForMetadataAllocation", Time since last: 40447029 ns, Reaching safepoint: 6803 ns, Cleanup: 16078 ns, At safepoint: 91135276 ns, Total: 91158157 ns
[2026-02-06T11:06:47.517+0000][7][gc,marking  ] GC(12) Concurrent Scan Root Regions 20.115ms
[2026-02-06T11:06:47.517+0000][7][gc,marking  ] GC(12) Concurrent Mark
[2026-02-06T11:06:47.517+0000][7][gc,marking  ] GC(12) Concurrent Mark From Roots
[2026-02-06T11:06:47.517+0000][7][gc,task     ] GC(12) Using 2 workers of 2 for marking
[2026-02-06T11:06:47.606+0000][7][gc,marking  ] GC(12) Concurrent Mark From Roots 88.264ms
[2026-02-06T11:06:47.606+0000][7][gc,marking  ] GC(12) Concurrent Preclean
[2026-02-06T11:06:47.606+0000][7][gc,marking  ] GC(12) Concurrent Preclean 0.221ms
[2026-02-06T11:06:47.611+0000][7][gc,start    ] GC(12) Pause Remark
[2026-02-06T11:06:47.644+0000][7][gc          ] GC(12) Pause Remark 109M->109M(3072M) 33.139ms
[2026-02-06T11:06:47.644+0000][7][gc,cpu      ] GC(12) User=0.03s Sys=0.00s Real=0.04s
[2026-02-06T11:06:47.645+0000][7][safepoint   ] Safepoint "G1PauseRemark", Time since last: 110279706 ns, Reaching safepoint: 3127746 ns, Cleanup: 41773 ns, At safepoint: 34533730 ns, Total: 37703249 ns
[2026-02-06T11:06:47.649+0000][7][gc,marking  ] GC(12) Concurrent Mark 131.276ms
[2026-02-06T11:06:47.649+0000][7][gc,marking  ] GC(12) Concurrent Rebuild Remembered Sets and Scrub Regions
[2026-02-06T11:06:47.672+0000][7][gc,marking  ] GC(12) Concurrent Rebuild Remembered Sets and Scrub Regions 22.925ms
[2026-02-06T11:06:47.672+0000][7][gc,start    ] GC(12) Pause Cleanup
[2026-02-06T11:06:47.672+0000][7][gc          ] GC(12) Pause Cleanup 111M->111M(3072M) 0.276ms
[2026-02-06T11:06:47.673+0000][7][gc,cpu      ] GC(12) User=0.00s Sys=0.00s Real=0.00s
[2026-02-06T11:06:47.673+0000][7][safepoint   ] Safepoint "G1PauseCleanup", Time since last: 26633279 ns, Reaching safepoint: 8549 ns, Cleanup: 16614 ns, At safepoint: 597644 ns, Total: 622807 ns
[2026-02-06T11:06:47.673+0000][7][gc,marking  ] GC(12) Concurrent Clear Claimed Marks
[2026-02-06T11:06:47.673+0000][7][gc,marking  ] GC(12) Concurrent Clear Claimed Marks 0.340ms
[2026-02-06T11:06:47.679+0000][7][gc,marking  ] GC(12) Concurrent Cleanup for Next Mark
[2026-02-06T11:06:47.683+0000][7][gc,marking  ] GC(12) Concurrent Cleanup for Next Mark 3.701ms
[2026-02-06T11:06:47.683+0000][7][gc          ] GC(12) Concurrent Mark Cycle 185.568ms
[2026-02-06T11:06:48.673+0000][7][safepoint   ] Safepoint "Cleanup", Time since last: 1000244805 ns, Reaching safepoint: 5997 ns, Cleanup: 18111 ns, At safepoint: 4917 ns, Total: 29025 ns
[2026-02-06T11:06:50.673+0000][7][safepoint   ] Safepoint "Cleanup", Time since last: 2000325260 ns, Reaching safepoint: 7535 ns, Cleanup: 15221 ns, At safepoint: 4456 ns, Total: 27212 ns
[2026-02-06T11:06:51.673+0000][7][safepoint   ] Safepoint "Cleanup", Time since last: 1000094122 ns, Reaching safepoint: 6863 ns, Cleanup: 14555 ns, At safepoint: 3917 ns, Total: 25335 ns
[2026-02-06T11:06:54.674+0000][7][safepoint   ] Safepoint "Cleanup", Time since last: 3000219278 ns, Reaching safepoint: 8922 ns, Cleanup: 9106 ns, At safepoint: 5633 ns, Total: 23661 ns
[2026-02-06T11:06:55.674+0000][7][safepoint   ] Safepoint "Cleanup", Time since last: 1000055279 ns, Reaching safepoint: 8451 ns, Cleanup: 13530 ns, At safepoint: 5189 ns, Total: 27170 ns
[2026-02-06T11:06:56.674+0000][7][safepoint   ] Safepoint "Cleanup", Time since last: 1000100384 ns, Reaching safepoint: 7966 ns, Cleanup: 8269 ns, At safepoint: 5157 ns, Total: 21392 ns
[2026-02-06T11:06:57.674+0000][7][safepoint   ] Safepoint "Cleanup", Time since last: 1000129363 ns, Reaching safepoint: 6500 ns, Cleanup: 10184 ns, At safepoint: 5415 ns, Total: 22099 ns
[2026-02-06T11:06:58.674+0000][7][safepoint   ] Safepoint "Cleanup", Time since last: 1000090654 ns, Reaching safepoint: 5788 ns, Cleanup: 8075 ns, At safepoint: 4310 ns, Total: 18173 ns
[2026-02-06T11:06:59.674+0000][7][safepoint   ] Safepoint "Cleanup", Time since last: 1000086095 ns, Reaching safepoint: 6446 ns, Cleanup: 11503 ns, At safepoint: 4765 ns, Total: 22714 ns
[2026-02-06T11:07:01.674+0000][7][safepoint   ] Safepoint "Cleanup", Time since last: 2000151034 ns, Reaching safepoint: 7196 ns, Cleanup: 15028 ns, At safepoint: 5416 ns, Total: 27640 ns
[2026-02-06T11:07:02.675+0000][7][safepoint   ] Safepoint "Cleanup", Time since last: 1000106461 ns, Reaching safepoint: 7239 ns, Cleanup: 14205 ns, At safepoint: 6303 ns, Total: 27747 ns
[2026-02-06T11:07:03.675+0000][7][safepoint   ] Safepoint "Cleanup", Time since last: 1000086923 ns, Reaching safepoint: 6130 ns, Cleanup: 11351 ns, At safepoint: 4746 ns, Total: 22227 ns
[2026-02-06T11:07:05.675+0000][7][safepoint   ] Safepoint "Cleanup", Time since last: 2000096879 ns, Reaching safepoint: 6621 ns, Cleanup: 9987 ns, At safepoint: 4963 ns, Total: 21571 ns
[2026-02-06T11:07:07.675+0000][7][safepoint   ] Safepoint "Cleanup", Time since last: 2000277181 ns, Reaching safepoint: 11205 ns, Cleanup: 12872 ns, At safepoint: 6469 ns, Total: 30546 ns
[2026-02-06T11:07:08.356+0000][7][safepoint   ] Safepoint "ICBufferFull", Time since last: 680334268 ns, Reaching safepoint: 9916 ns, Cleanup: 88339 ns, At safepoint: 7693 ns, Total: 105948 ns
[2026-02-06T11:07:09.944+0000][7][safepoint   ] Safepoint "Cleanup", Time since last: 1587930625 ns, Reaching safepoint: 9904 ns, Cleanup: 72868 ns, At safepoint: 6735 ns, Total: 89507 ns
[2026-02-06T11:07:10.944+0000][7][safepoint   ] Safepoint "Cleanup", Time since last: 1000219245 ns, Reaching safepoint: 18362 ns, Cleanup: 18197 ns, At safepoint: 23230 ns, Total: 59789 ns
[2026-02-06T11:07:11.944+0000][7][safepoint   ] Safepoint "Cleanup", Time since last: 1000132234 ns, Reaching safepoint: 8435 ns, Cleanup: 9566 ns, At safepoint: 5133 ns, Total: 23134 ns
[2026-02-06T11:07:12.944+0000][7][safepoint   ] Safepoint "Cleanup", Time since last: 1000098002 ns, Reaching safepoint: 10195 ns, Cleanup: 45183 ns, At safepoint: 6419 ns, Total: 61797 ns
[2026-02-06T11:07:13.944+0000][7][safepoint   ] Safepoint "Cleanup", Time since last: 1000088179 ns, Reaching safepoint: 12383 ns, Cleanup: 39318 ns, At safepoint: 7931 ns, Total: 59632 ns
[2026-02-06T11:07:15.945+0000][7][safepoint   ] Safepoint "Cleanup", Time since last: 2000188000 ns, Reaching safepoint: 7804 ns, Cleanup: 7808 ns, At safepoint: 5078 ns, Total: 20690 ns
[2026-02-06T11:07:16.945+0000][7][safepoint   ] Safepoint "Cleanup", Time since last: 1000093715 ns, Reaching safepoint: 10383 ns, Cleanup: 18362 ns, At safepoint: 6093 ns, Total: 34838 ns
[2026-02-06T11:07:17.945+0000][7][safepoint   ] Safepoint "Cleanup", Time since last: 1000093766 ns, Reaching safepoint: 7948 ns, Cleanup: 15533 ns, At safepoint: 4206 ns, Total: 27687 ns
[2026-02-06T11:07:18.945+0000][7][safepoint   ] Safepoint "Cleanup", Time since last: 1000087760 ns, Reaching safepoint: 7648 ns, Cleanup: 7168 ns, At safepoint: 4191 ns, Total: 19007 ns
[2026-02-06T11:07:19.945+0000][7][safepoint   ] Safepoint "Cleanup", Time since last: 1000095232 ns, Reaching safepoint: 17480 ns, Cleanup: 12756 ns, At safepoint: 9846 ns, Total: 40082 ns
[2026-02-06T11:07:23.945+0000][7][safepoint   ] Safepoint "Cleanup", Time since last: 4000450177 ns, Reaching safepoint: 7462 ns, Cleanup: 6822 ns, At safepoint: 4724 ns, Total: 19008 ns
[2026-02-06T11:07:27.946+0000][7][safepoint   ] Safepoint "Cleanup", Time since last: 4000362723 ns, Reaching safepoint: 28532 ns, Cleanup: 31931 ns, At safepoint: 20412 ns, Total: 80875 ns
[2026-02-06T11:07:29.946+0000][7][safepoint   ] Safepoint "Cleanup", Time since last: 2000352549 ns, Reaching safepoint: 7752 ns, Cleanup: 9360 ns, At safepoint: 3836 ns, Total: 20948 ns
[2026-02-06T11:07:31.946+0000][7][safepoint   ] Safepoint "Cleanup", Time since last: 2000172570 ns, Reaching safepoint: 8144 ns, Cleanup: 7279 ns, At safepoint: 4423 ns, Total: 19846 ns
[2026-02-06T11:07:33.947+0000][7][safepoint   ] Safepoint "Cleanup", Time since last: 2000187197 ns, Reaching safepoint: 28930 ns, Cleanup: 51465 ns, At safepoint: 29434 ns, Total: 109829 ns
[2026-02-06T11:07:38.910+0000][7][safepoint   ] Safepoint "Cleanup", Time since last: 4963315230 ns, Reaching safepoint: 7981 ns, Cleanup: 7318 ns, At safepoint: 4351 ns, Total: 19650 ns
[2026-02-06T11:07:39.910+0000][7][safepoint   ] Safepoint "Cleanup", Time since last: 1000090789 ns, Reaching safepoint: 10196 ns, Cleanup: 8709 ns, At safepoint: 5514 ns, Total: 24419 ns
[2026-02-06T11:07:41.750+0000][7][safepoint   ] Safepoint "Cleanup", Time since last: 1839624168 ns, Reaching safepoint: 3014 ns, Cleanup: 3446 ns, At safepoint: 1576 ns, Total: 8036 ns
[2026-02-06T11:07:42.750+0000][7][safepoint   ] Safepoint "Cleanup", Time since last: 1000079877 ns, Reaching safepoint: 7398 ns, Cleanup: 10456 ns, At safepoint: 4085 ns, Total: 21939 ns
[2026-02-06T11:07:44.750+0000][7][safepoint   ] Safepoint "Cleanup", Time since last: 2000223747 ns, Reaching safepoint: 18362 ns, Cleanup: 17506 ns, At safepoint: 14045 ns, Total: 49913 ns
[2026-02-06T11:07:45.750+0000][7][safepoint   ] Safepoint "Cleanup", Time since last: 1000123496 ns, Reaching safepoint: 7658 ns, Cleanup: 7228 ns, At safepoint: 3673 ns, Total: 18559 ns
[2026-02-06T11:07:46.751+0000][7][safepoint   ] Safepoint "Cleanup", Time since last: 1000112612 ns, Reaching safepoint: 18987 ns, Cleanup: 22979 ns, At safepoint: 13389 ns, Total: 55355 ns
[2026-02-06T11:07:47.751+0000][7][safepoint   ] Safepoint "Cleanup", Time since last: 1000205933 ns, Reaching safepoint: 19437 ns, Cleanup: 6533 ns, At safepoint: 4124 ns, Total: 30094 ns
[2026-02-06T11:07:48.751+0000][7][safepoint   ] Safepoint "Cleanup", Time since last: 1000081448 ns, Reaching safepoint: 7801 ns, Cleanup: 6885 ns, At safepoint: 4080 ns, Total: 18766 ns
[2026-02-06T11:07:50.751+0000][7][safepoint   ] Safepoint "Cleanup", Time since last: 2000145820 ns, Reaching safepoint: 7155 ns, Cleanup: 9105 ns, At safepoint: 3915 ns, Total: 20175 ns
[2026-02-06T11:07:52.751+0000][7][safepoint   ] Safepoint "Cleanup", Time since last: 2000151850 ns, Reaching safepoint: 10697 ns, Cleanup: 10583 ns, At safepoint: 5589 ns, Total: 26869 ns
[2026-02-06T11:07:54.751+0000][7][safepoint   ] Safepoint "Cleanup", Time since last: 2000158629 ns, Reaching safepoint: 7480 ns, Cleanup: 11174 ns, At safepoint: 4174 ns, Total: 22828 ns
[2026-02-06T11:07:56.752+0000][7][safepoint   ] Safepoint "Cleanup", Time since last: 2000256056 ns, Reaching safepoint: 18277 ns, Cleanup: 269291 ns, At safepoint: 5769 ns, Total: 293337 ns
[2026-02-06T11:08:04.753+0000][7][safepoint   ] Safepoint "Cleanup", Time since last: 8000591216 ns, Reaching safepoint: 12987 ns, Cleanup: 10938 ns, At safepoint: 5595 ns, Total: 29520 ns
[2026-02-06T11:08:06.753+0000][7][safepoint   ] Safepoint "Cleanup", Time since last: 2000235570 ns, Reaching safepoint: 9387 ns, Cleanup: 8411 ns, At safepoint: 6363 ns, Total: 24161 ns
[2026-02-06T11:08:07.753+0000][7][safepoint   ] Safepoint "Cleanup", Time since last: 1000100937 ns, Reaching safepoint: 10434 ns, Cleanup: 9274 ns, At safepoint: 5637 ns, Total: 25345 ns
[2026-02-06T11:08:14.754+0000][7][safepoint   ] Safepoint "Cleanup", Time since last: 7000505269 ns, Reaching safepoint: 15016 ns, Cleanup: 10958 ns, At safepoint: 6868 ns, Total: 32842 ns
[2026-02-06T11:08:16.754+0000][7][safepoint   ] Safepoint "Cleanup", Time since last: 2000171406 ns, Reaching safepoint: 7776 ns, Cleanup: 9770 ns, At safepoint: 4010 ns, Total: 21556 ns
[2026-02-06T11:08:18.754+0000][7][safepoint   ] Safepoint "Cleanup", Time since last: 2000189131 ns, Reaching safepoint: 36457 ns, Cleanup: 7774 ns, At safepoint: 5136 ns, Total: 49367 ns
[2026-02-06T11:08:19.754+0000][7][safepoint   ] Safepoint "Cleanup", Time since last: 1000116039 ns, Reaching safepoint: 7519 ns, Cleanup: 6917 ns, At safepoint: 4250 ns, Total: 18686 ns
[2026-02-06T11:08:23.754+0000][7][safepoint   ] Safepoint "Cleanup", Time since last: 4000238912 ns, Reaching safepoint: 7366 ns, Cleanup: 7769 ns, At safepoint: 4351 ns, Total: 19486 ns
[2026-02-06T11:08:24.754+0000][7][safepoint   ] Safepoint "Cleanup", Time since last: 1000087075 ns, Reaching safepoint: 7306 ns, Cleanup: 7555 ns, At safepoint: 4619 ns, Total: 19480 ns
[2026-02-06T11:08:26.755+0000][7][safepoint   ] Safepoint "Cleanup", Time since last: 2000198272 ns, Reaching safepoint: 7149 ns, Cleanup: 6975 ns, At safepoint: 4747 ns, Total: 18871 ns
[2026-02-06T11:08:28.755+0000][7][safepoint   ] Safepoint "Cleanup", Time since last: 2000170048 ns, Reaching safepoint: 23542 ns, Cleanup: 8316 ns, At safepoint: 4526 ns, Total: 36384 ns
[2026-02-06T11:08:30.755+0000][7][safepoint   ] Safepoint "Cleanup", Time since last: 2000147950 ns, Reaching safepoint: 7276 ns, Cleanup: 8127 ns, At safepoint: 5024 ns, Total: 20427 ns
[2026-02-06T11:08:32.755+0000][7][safepoint   ] Safepoint "Cleanup", Time since last: 2000165085 ns, Reaching safepoint: 7922 ns, Cleanup: 8023 ns, At safepoint: 4484 ns, Total: 20429 ns
[2026-02-06T11:08:34.756+0000][7][safepoint   ] Safepoint "Cleanup", Time since last: 2000356937 ns, Reaching safepoint: 12101 ns, Cleanup: 9262 ns, At safepoint: 5902 ns, Total: 27265 ns
[2026-02-06T11:08:36.928+0000][7][safepoint   ] Safepoint "Cleanup", Time since last: 2172495066 ns, Reaching safepoint: 10731 ns, Cleanup: 8306 ns, At safepoint: 4379 ns, Total: 23416 ns
[2026-02-06T11:08:42.929+0000][7][safepoint   ] Safepoint "Cleanup", Time since last: 6000492885 ns, Reaching safepoint: 7584 ns, Cleanup: 8452 ns, At safepoint: 4354 ns, Total: 20390 ns
[2026-02-06T11:08:44.929+0000][7][safepoint   ] Safepoint "Cleanup", Time since last: 2000141706 ns, Reaching safepoint: 22248 ns, Cleanup: 9731 ns, At safepoint: 4334 ns, Total: 36313 ns
[2026-02-06T11:08:45.929+0000][7][safepoint   ] Safepoint "Cleanup", Time since last: 1000164156 ns, Reaching safepoint: 13176 ns, Cleanup: 9677 ns, At safepoint: 6516 ns, Total: 29369 ns
[2026-02-06T11:08:46.929+0000][7][safepoint   ] Safepoint "Cleanup", Time since last: 1000135852 ns, Reaching safepoint: 7474 ns, Cleanup: 10508 ns, At safepoint: 4838 ns, Total: 22820 ns
[2026-02-06T11:08:47.929+0000][7][safepoint   ] Safepoint "Cleanup", Time since last: 1000123897 ns, Reaching safepoint: 7289 ns, Cleanup: 7513 ns, At safepoint: 4678 ns, Total: 19480 ns
[2026-02-06T11:08:49.930+0000][7][safepoint   ] Safepoint "Cleanup", Time since last: 2000189797 ns, Reaching safepoint: 7894 ns, Cleanup: 8329 ns, At safepoint: 4659 ns, Total: 20882 ns
[2026-02-06T11:08:51.930+0000][7][safepoint   ] Safepoint "Cleanup", Time since last: 2000198797 ns, Reaching safepoint: 14770 ns, Cleanup: 7738 ns, At safepoint: 4464 ns, Total: 26972 ns
[2026-02-06T11:08:52.930+0000][7][safepoint   ] Safepoint "Cleanup", Time since last: 1000100151 ns, Reaching safepoint: 12425 ns, Cleanup: 10644 ns, At safepoint: 6927 ns, Total: 29996 ns
[2026-02-06T11:08:53.930+0000][7][safepoint   ] Safepoint "Cleanup", Time since last: 1000128711 ns, Reaching safepoint: 9434 ns, Cleanup: 13137 ns, At safepoint: 5452 ns, Total: 28023 ns
[2026-02-06T11:08:54.930+0000][7][safepoint   ] Safepoint "Cleanup", Time since last: 1000103114 ns, Reaching safepoint: 9230 ns, Cleanup: 11607 ns, At safepoint: 5282 ns, Total: 26119 ns
[2026-02-06T11:08:55.930+0000][7][safepoint   ] Safepoint "Cleanup", Time since last: 1000122501 ns, Reaching safepoint: 44142 ns, Cleanup: 28543 ns, At safepoint: 20339 ns, Total: 93024 ns
[2026-02-06T11:08:56.931+0000][7][safepoint   ] Safepoint "Cleanup", Time since last: 1000334224 ns, Reaching safepoint: 6646 ns, Cleanup: 16639 ns, At safepoint: 5013 ns, Total: 28298 ns
[2026-02-06T11:08:59.931+0000][7][safepoint   ] Safepoint "Cleanup", Time since last: 3000240702 ns, Reaching safepoint: 12883 ns, Cleanup: 55100 ns, At safepoint: 9007 ns, Total: 76990 ns
[2026-02-06T11:09:00.931+0000][7][safepoint   ] Safepoint "Cleanup", Time since last: 1000136681 ns, Reaching safepoint: 20293 ns, Cleanup: 26790 ns, At safepoint: 14806 ns, Total: 61889 ns
[2026-02-06T11:09:01.931+0000][7][safepoint   ] Safepoint "Cleanup", Time since last: 1000122850 ns, Reaching safepoint: 7658 ns, Cleanup: 6311 ns, At safepoint: 4294 ns, Total: 18263 ns
[2026-02-06T11:09:07.932+0000][7][safepoint   ] Safepoint "Cleanup", Time since last: 6000409749 ns, Reaching safepoint: 7485 ns, Cleanup: 7673 ns, At safepoint: 3934 ns, Total: 19092 ns
[2026-02-06T11:09:12.932+0000][7][safepoint   ] Safepoint "Cleanup", Time since last: 5000319926 ns, Reaching safepoint: 20092 ns, Cleanup: 10952 ns, At safepoint: 6047 ns, Total: 37091 ns
[2026-02-06T11:09:17.933+0000][7][safepoint   ] Safepoint "Cleanup", Time since last: 5000420197 ns, Reaching safepoint: 8437 ns, Cleanup: 9003 ns, At safepoint: 5166 ns, Total: 22606 ns
[2026-02-06T11:09:21.933+0000][7][safepoint   ] Safepoint "Cleanup", Time since last: 4000240055 ns, Reaching safepoint: 7442 ns, Cleanup: 7143 ns, At safepoint: 3773 ns, Total: 18358 ns
[2026-02-06T11:09:23.933+0000][7][safepoint   ] Safepoint "Cleanup", Time since last: 2000191278 ns, Reaching safepoint: 7430 ns, Cleanup: 7188 ns, At safepoint: 4567 ns, Total: 19185 ns
[2026-02-06T11:09:25.933+0000][7][safepoint   ] Safepoint "Cleanup", Time since last: 2000150472 ns, Reaching safepoint: 8010 ns, Cleanup: 6817 ns, At safepoint: 4641 ns, Total: 19468 ns
[2026-02-06T11:09:27.933+0000][7][safepoint   ] Safepoint "Cleanup", Time since last: 2000164283 ns, Reaching safepoint: 8620 ns, Cleanup: 8544 ns, At safepoint: 4545 ns, Total: 21709 ns
[2026-02-06T11:09:29.934+0000][7][safepoint   ] Safepoint "Cleanup", Time since last: 2000146502 ns, Reaching safepoint: 7461 ns, Cleanup: 6902 ns, At safepoint: 4514 ns, Total: 18877 ns
[2026-02-06T11:09:31.640+0000][7][safepoint   ] Safepoint "Cleanup", Time since last: 1706709170 ns, Reaching safepoint: 14072 ns, Cleanup: 89387 ns, At safepoint: 8418 ns, Total: 111877 ns
[2026-02-06T11:09:32.641+0000][7][safepoint   ] Safepoint "Cleanup", Time since last: 1000159010 ns, Reaching safepoint: 7306 ns, Cleanup: 60116 ns, At safepoint: 6167 ns, Total: 73589 ns
[2026-02-06T11:09:34.641+0000][7][safepoint   ] Safepoint "Cleanup", Time since last: 2000112515 ns, Reaching safepoint: 9245 ns, Cleanup: 7880 ns, At safepoint: 5028 ns, Total: 22153 ns
[2026-02-06T11:09:35.641+0000][7][safepoint   ] Safepoint "Cleanup", Time since last: 1000081070 ns, Reaching safepoint: 7710 ns, Cleanup: 6981 ns, At safepoint: 4982 ns, Total: 19673 ns
[2026-02-06T11:09:39.949+0000][7][safepoint   ] Safepoint "Cleanup", Time since last: 4307756578 ns, Reaching safepoint: 8845 ns, Cleanup: 4935 ns, At safepoint: 4618 ns, Total: 18398 ns
[2026-02-06T11:09:40.949+0000][7][safepoint   ] Safepoint "Cleanup", Time since last: 1000061198 ns, Reaching safepoint: 32682 ns, Cleanup: 7330 ns, At safepoint: 4896 ns, Total: 44908 ns
[2026-02-06T11:09:44.949+0000][7][safepoint   ] Safepoint "Cleanup", Time since last: 4000256087 ns, Reaching safepoint: 20006 ns, Cleanup: 7071 ns, At safepoint: 4939 ns, Total: 32016 ns
[2026-02-06T11:09:46.949+0000][7][safepoint   ] Safepoint "Cleanup", Time since last: 2000187396 ns, Reaching safepoint: 51316 ns, Cleanup: 45272 ns, At safepoint: 4685 ns, Total: 101273 ns
[2026-02-06T11:09:47.950+0000][7][safepoint   ] Safepoint "Cleanup", Time since last: 1000257164 ns, Reaching safepoint: 7052 ns, Cleanup: 7392 ns, At safepoint: 5343 ns, Total: 19787 ns
[2026-02-06T11:09:48.950+0000][7][safepoint   ] Safepoint "Cleanup", Time since last: 1000095189 ns, Reaching safepoint: 9744 ns, Cleanup: 8540 ns, At safepoint: 4372 ns, Total: 22656 ns
[2026-02-06T11:09:49.950+0000][7][safepoint   ] Safepoint "Cleanup", Time since last: 1000103395 ns, Reaching safepoint: 16926 ns, Cleanup: 43503 ns, At safepoint: 7234 ns, Total: 67663 ns
[2026-02-06T11:09:51.950+0000][7][safepoint   ] Safepoint "Cleanup", Time since last: 2000437720 ns, Reaching safepoint: 52277 ns, Cleanup: 19320 ns, At safepoint: 23797 ns, Total: 95394 ns
[2026-02-06T11:09:53.951+0000][7][safepoint   ] Safepoint "Cleanup", Time since last: 2000168095 ns, Reaching safepoint: 9646 ns, Cleanup: 12059 ns, At safepoint: 4698 ns, Total: 26403 ns
[2026-02-06T11:09:55.951+0000][7][safepoint   ] Safepoint "Cleanup", Time since last: 2000167024 ns, Reaching safepoint: 19336 ns, Cleanup: 20186 ns, At safepoint: 15432 ns, Total: 54954 ns
[2026-02-06T11:09:56.951+0000][7][safepoint   ] Safepoint "Cleanup", Time since last: 1000143593 ns, Reaching safepoint: 8131 ns, Cleanup: 14338 ns, At safepoint: 3515 ns, Total: 25984 ns
[2026-02-06T11:09:58.951+0000][7][safepoint   ] Safepoint "Cleanup", Time since last: 2000194418 ns, Reaching safepoint: 8485 ns, Cleanup: 10964 ns, At safepoint: 4283 ns, Total: 23732 ns
[2026-02-06T11:10:00.951+0000][7][safepoint   ] Safepoint "Cleanup", Time since last: 2000144880 ns, Reaching safepoint: 8724 ns, Cleanup: 9513 ns, At safepoint: 4185 ns, Total: 22422 ns
[2026-02-06T11:10:01.952+0000][7][safepoint   ] Safepoint "Cleanup", Time since last: 1000096839 ns, Reaching safepoint: 21642 ns, Cleanup: 11445 ns, At safepoint: 7938 ns, Total: 41025 ns
[2026-02-06T11:10:02.952+0000][7][safepoint   ] Safepoint "Cleanup", Time since last: 1000132061 ns, Reaching safepoint: 49262 ns, Cleanup: 11969 ns, At safepoint: 3975 ns, Total: 65206 ns
[2026-02-06T11:10:03.952+0000][7][safepoint   ] Safepoint "Cleanup", Time since last: 1000086687 ns, Reaching safepoint: 7912 ns, Cleanup: 9091 ns, At safepoint: 3142 ns, Total: 20145 ns
[2026-02-06T11:10:04.952+0000][7][safepoint   ] Safepoint "Cleanup", Time since last: 1000116343 ns, Reaching safepoint: 7739 ns, Cleanup: 9052 ns, At safepoint: 4405 ns, Total: 21196 ns
[2026-02-06T11:10:06.952+0000][7][safepoint   ] Safepoint "Cleanup", Time since last: 2000147075 ns, Reaching safepoint: 9540 ns, Cleanup: 11183 ns, At safepoint: 4742 ns, Total: 25465 ns
[2026-02-06T11:10:10.952+0000][7][safepoint   ] Safepoint "Cleanup", Time since last: 4000287865 ns, Reaching safepoint: 8326 ns, Cleanup: 8250 ns, At safepoint: 3774 ns, Total: 20350 ns
[2026-02-06T11:10:16.953+0000][7][safepoint   ] Safepoint "Cleanup", Time since last: 6000497477 ns, Reaching safepoint: 8376 ns, Cleanup: 9826 ns, At safepoint: 3514 ns, Total: 21716 ns
[2026-02-06T11:10:17.953+0000][7][safepoint   ] Safepoint "Cleanup", Time since last: 1000089711 ns, Reaching safepoint: 8217 ns, Cleanup: 7295 ns, At safepoint: 4155 ns, Total: 19667 ns
[2026-02-06T11:10:22.953+0000][7][safepoint   ] Safepoint "Cleanup", Time since last: 5000327300 ns, Reaching safepoint: 9975 ns, Cleanup: 7698 ns, At safepoint: 4864 ns, Total: 22537 ns
[2026-02-06T11:10:27.954+0000][7][safepoint   ] Safepoint "Cleanup", Time since last: 5000445152 ns, Reaching safepoint: 7855 ns, Cleanup: 7281 ns, At safepoint: 4331 ns, Total: 19467 ns
[2026-02-06T11:10:35.955+0000][7][safepoint   ] Safepoint "Cleanup", Time since last: 8000824891 ns, Reaching safepoint: 20126 ns, Cleanup: 7775 ns, At safepoint: 5265 ns, Total: 33166 ns
[2026-02-06T11:10:39.970+0000][7][safepoint   ] Safepoint "Cleanup", Time since last: 4015249254 ns, Reaching safepoint: 7791 ns, Cleanup: 6973 ns, At safepoint: 4673 ns, Total: 19437 ns
[2026-02-06T11:10:41.970+0000][7][safepoint   ] Safepoint "Cleanup", Time since last: 2000174703 ns, Reaching safepoint: 23202 ns, Cleanup: 28873 ns, At safepoint: 4429 ns, Total: 56504 ns
[2026-02-06T11:10:46.971+0000][7][safepoint   ] Safepoint "Cleanup", Time since last: 5000581282 ns, Reaching safepoint: 20844 ns, Cleanup: 12465 ns, At safepoint: 5327 ns, Total: 38636 ns
[2026-02-06T11:10:56.972+0000][7][safepoint   ] Safepoint "Cleanup", Time since last: 10000805149 ns, Reaching safepoint: 26631 ns, Cleanup: 7544 ns, At safepoint: 5088 ns, Total: 39263 ns
[2026-02-06T11:10:57.973+0000][7][safepoint   ] Safepoint "Cleanup", Time since last: 1001418033 ns, Reaching safepoint: 28968 ns, Cleanup: 11229 ns, At safepoint: 8219 ns, Total: 48416 ns
[2026-02-06T11:10:59.973+0000][7][safepoint   ] Safepoint "Cleanup", Time since last: 2000154305 ns, Reaching safepoint: 7571 ns, Cleanup: 13219 ns, At safepoint: 4124 ns, Total: 24914 ns
[2026-02-06T11:11:01.974+0000][7][safepoint   ] Safepoint "Cleanup", Time since last: 2000209139 ns, Reaching safepoint: 10990 ns, Cleanup: 14565 ns, At safepoint: 6175 ns, Total: 31730 ns
[2026-02-06T11:11:03.974+0000][7][safepoint   ] Safepoint "Cleanup", Time since last: 2000176889 ns, Reaching safepoint: 19752 ns, Cleanup: 30590 ns, At safepoint: 4456 ns, Total: 54798 ns
[2026-02-06T11:11:05.974+0000][7][safepoint   ] Safepoint "Cleanup", Time since last: 2000146624 ns, Reaching safepoint: 8000 ns, Cleanup: 7468 ns, At safepoint: 4576 ns, Total: 20044 ns
[2026-02-06T11:11:13.975+0000][7][safepoint   ] Safepoint "Cleanup", Time since last: 8000652968 ns, Reaching safepoint: 10517 ns, Cleanup: 8645 ns, At safepoint: 5810 ns, Total: 24972 ns
[2026-02-06T11:11:15.975+0000][7][safepoint   ] Safepoint "Cleanup", Time since last: 2000176883 ns, Reaching safepoint: 10498 ns, Cleanup: 9110 ns, At safepoint: 4818 ns, Total: 24426 ns
[2026-02-06T11:11:16.975+0000][7][safepoint   ] Safepoint "Cleanup", Time since last: 1000102557 ns, Reaching safepoint: 19144 ns, Cleanup: 10217 ns, At safepoint: 6337 ns, Total: 35698 ns
[2026-02-06T11:11:17.977+0000][7][safepoint   ] Safepoint "Cleanup", Time since last: 1001487931 ns, Reaching safepoint: 7481 ns, Cleanup: 8182 ns, At safepoint: 4698 ns, Total: 20361 ns
[2026-02-06T11:11:20.977+0000][7][safepoint   ] Safepoint "Cleanup", Time since last: 3000170880 ns, Reaching safepoint: 8059 ns, Cleanup: 10978 ns, At safepoint: 4158 ns, Total: 23195 ns
[2026-02-06T11:11:25.977+0000][7][safepoint   ] Safepoint "Cleanup", Time since last: 5000328148 ns, Reaching safepoint: 25125 ns, Cleanup: 8876 ns, At safepoint: 7186 ns, Total: 41187 ns
[2026-02-06T11:11:28.977+0000][7][safepoint   ] Safepoint "Cleanup", Time since last: 3000327987 ns, Reaching safepoint: 8075 ns, Cleanup: 7588 ns, At safepoint: 4051 ns, Total: 19714 ns
[2026-02-06T11:11:44.991+0000][7][safepoint   ] Safepoint "Cleanup", Time since last: 16013892099 ns, Reaching safepoint: 43726 ns, Cleanup: 8230 ns, At safepoint: 5277 ns, Total: 57233 ns
[2026-02-06T11:11:46.993+0000][7][safepoint   ] Safepoint "Cleanup", Time since last: 2001639313 ns, Reaching safepoint: 11638 ns, Cleanup: 8857 ns, At safepoint: 4654 ns, Total: 25149 ns
[2026-02-06T11:11:51.994+0000][7][safepoint   ] Safepoint "Cleanup", Time since last: 5000381184 ns, Reaching safepoint: 63793 ns, Cleanup: 38490 ns, At safepoint: 4420 ns, Total: 106703 ns
[2026-02-06T11:11:52.994+0000][7][safepoint   ] Safepoint "Cleanup", Time since last: 1000086031 ns, Reaching safepoint: 8423 ns, Cleanup: 8631 ns, At safepoint: 4226 ns, Total: 21280 ns
[2026-02-06T11:11:54.994+0000][7][safepoint   ] Safepoint "Cleanup", Time since last: 2000128225 ns, Reaching safepoint: 9571 ns, Cleanup: 27313 ns, At safepoint: 5023 ns, Total: 41907 ns
[2026-02-06T11:11:55.994+0000][7][safepoint   ] Safepoint "Cleanup", Time since last: 1000092863 ns, Reaching safepoint: 8911 ns, Cleanup: 10023 ns, At safepoint: 5085 ns, Total: 24019 ns
[2026-02-06T11:11:58.994+0000][7][safepoint   ] Safepoint "Cleanup", Time since last: 3000294742 ns, Reaching safepoint: 11911 ns, Cleanup: 10173 ns, At safepoint: 5284 ns, Total: 27368 ns
[2026-02-06T11:12:00.994+0000][7][safepoint   ] Safepoint "Cleanup", Time since last: 2000165171 ns, Reaching safepoint: 9517 ns, Cleanup: 8212 ns, At safepoint: 5262 ns, Total: 22991 ns
[2026-02-06T11:12:02.995+0000][7][safepoint   ] Safepoint "Cleanup", Time since last: 2000173441 ns, Reaching safepoint: 7398 ns, Cleanup: 7349 ns, At safepoint: 4439 ns, Total: 19186 ns
[2026-02-06T11:12:10.995+0000][7][safepoint   ] Safepoint "Cleanup", Time since last: 8000486942 ns, Reaching safepoint: 18798 ns, Cleanup: 9186 ns, At safepoint: 4196 ns, Total: 32180 ns
[2026-02-06T11:12:14.996+0000][7][safepoint   ] Safepoint "Cleanup", Time since last: 4000397704 ns, Reaching safepoint: 8085 ns, Cleanup: 7327 ns, At safepoint: 5062 ns, Total: 20474 ns
[2026-02-06T11:12:16.996+0000][7][safepoint   ] Safepoint "Cleanup", Time since last: 2000168267 ns, Reaching safepoint: 8136 ns, Cleanup: 25333 ns, At safepoint: 4449 ns, Total: 37918 ns
[2026-02-06T11:12:23.996+0000][7][safepoint   ] Safepoint "Cleanup", Time since last: 7000450624 ns, Reaching safepoint: 24478 ns, Cleanup: 10800 ns, At safepoint: 7034 ns, Total: 42312 ns
[2026-02-06T11:12:27.997+0000][7][safepoint   ] Safepoint "Cleanup", Time since last: 4000289135 ns, Reaching safepoint: 8204 ns, Cleanup: 7327 ns, At safepoint: 4518 ns, Total: 20049 ns
[2026-02-06T11:12:31.997+0000][7][safepoint   ] Safepoint "Cleanup", Time since last: 4000315391 ns, Reaching safepoint: 23340 ns, Cleanup: 10584 ns, At safepoint: 4912 ns, Total: 38836 ns
[2026-02-06T11:12:44.007+0000][7][safepoint   ] Safepoint "Cleanup", Time since last: 12009834154 ns, Reaching safepoint: 19991 ns, Cleanup: 24333 ns, At safepoint: 26226 ns, Total: 70550 ns
[2026-02-06T11:12:47.007+0000][7][safepoint   ] Safepoint "Cleanup", Time since last: 3000231765 ns, Reaching safepoint: 30338 ns, Cleanup: 27947 ns, At safepoint: 5411 ns, Total: 63696 ns
[2026-02-06T11:12:56.008+0000][7][safepoint   ] Safepoint "Cleanup", Time since last: 9000651614 ns, Reaching safepoint: 10053 ns, Cleanup: 9121 ns, At safepoint: 4617 ns, Total: 23791 ns
[2026-02-06T11:13:04.009+0000][7][safepoint   ] Safepoint "Cleanup", Time since last: 8000689241 ns, Reaching safepoint: 84240 ns, Cleanup: 9061 ns, At safepoint: 4709 ns, Total: 98010 ns
[2026-02-06T11:13:06.009+0000][7][safepoint   ] Safepoint "Cleanup", Time since last: 2000159750 ns, Reaching safepoint: 7757 ns, Cleanup: 8424 ns, At safepoint: 4739 ns, Total: 20920 ns
[2026-02-06T11:13:08.009+0000][7][safepoint   ] Safepoint "Cleanup", Time since last: 2000148803 ns, Reaching safepoint: 8615 ns, Cleanup: 8996 ns, At safepoint: 4550 ns, Total: 22161 ns
[2026-02-06T11:13:10.009+0000][7][safepoint   ] Safepoint "Cleanup", Time since last: 2000170531 ns, Reaching safepoint: 8542 ns, Cleanup: 14041 ns, At safepoint: 4177 ns, Total: 26760 ns
[2026-02-06T11:13:12.009+0000][7][safepoint   ] Safepoint "Cleanup", Time since last: 2000166264 ns, Reaching safepoint: 8314 ns, Cleanup: 10146 ns, At safepoint: 4505 ns, Total: 22965 ns
[2026-02-06T11:13:15.010+0000][7][safepoint   ] Safepoint "Cleanup", Time since last: 3000209244 ns, Reaching safepoint: 9697 ns, Cleanup: 9239 ns, At safepoint: 4804 ns, Total: 23740 ns
[2026-02-06T11:13:17.010+0000][7][safepoint   ] Safepoint "Cleanup", Time since last: 2000192056 ns, Reaching safepoint: 8735 ns, Cleanup: 10292 ns, At safepoint: 4577 ns, Total: 23604 ns
[2026-02-06T11:13:19.010+0000][7][safepoint   ] Safepoint "Cleanup", Time since last: 2000170237 ns, Reaching safepoint: 30974 ns, Cleanup: 9292 ns, At safepoint: 5227 ns, Total: 45493 ns
[2026-02-06T11:13:23.010+0000][7][safepoint   ] Safepoint "Cleanup", Time since last: 4000305920 ns, Reaching safepoint: 11696 ns, Cleanup: 12391 ns, At safepoint: 5904 ns, Total: 29991 ns
[2026-02-06T11:13:25.011+0000][7][safepoint   ] Safepoint "Cleanup", Time since last: 2000166175 ns, Reaching safepoint: 8256 ns, Cleanup: 7751 ns, At safepoint: 4673 ns, Total: 20680 ns
[2026-02-06T11:13:27.011+0000][7][safepoint   ] Safepoint "Cleanup", Time since last: 2000168401 ns, Reaching safepoint: 29524 ns, Cleanup: 15974 ns, At safepoint: 5080 ns, Total: 50578 ns
[2026-02-06T11:13:29.011+0000][7][safepoint   ] Safepoint "Cleanup", Time since last: 2000177984 ns, Reaching safepoint: 9537 ns, Cleanup: 8851 ns, At safepoint: 5087 ns, Total: 23475 ns
[2026-02-06T11:13:35.011+0000][7][safepoint   ] Safepoint "Cleanup", Time since last: 6000455469 ns, Reaching safepoint: 23154 ns, Cleanup: 7523 ns, At safepoint: 5154 ns, Total: 35831 ns
[2026-02-06T11:13:39.012+0000][7][safepoint   ] Safepoint "Cleanup", Time since last: 4000262324 ns, Reaching safepoint: 8326 ns, Cleanup: 9223 ns, At safepoint: 4579 ns, Total: 22128 ns
[2026-02-06T11:13:49.012+0000][7][safepoint   ] Safepoint "Cleanup", Time since last: 10000707548 ns, Reaching safepoint: 7884 ns, Cleanup: 9113 ns, At safepoint: 4851 ns, Total: 21848 ns
[2026-02-06T11:13:55.013+0000][7][safepoint   ] Safepoint "Cleanup", Time since last: 6000450847 ns, Reaching safepoint: 8006 ns, Cleanup: 7510 ns, At safepoint: 4458 ns, Total: 19974 ns
[2026-02-06T11:13:57.013+0000][7][safepoint   ] Safepoint "Cleanup", Time since last: 2000148093 ns, Reaching safepoint: 8952 ns, Cleanup: 7112 ns, At safepoint: 4890 ns, Total: 20954 ns
[2026-02-06T11:14:03.014+0000][7][safepoint   ] Safepoint "Cleanup", Time since last: 6000464404 ns, Reaching safepoint: 25076 ns, Cleanup: 8508 ns, At safepoint: 6427 ns, Total: 40011 ns
[2026-02-06T11:14:12.014+0000][7][safepoint   ] Safepoint "Cleanup", Time since last: 9000653572 ns, Reaching safepoint: 8243 ns, Cleanup: 8729 ns, At safepoint: 4473 ns, Total: 21445 ns
[2026-02-06T11:14:16.015+0000][7][safepoint   ] Safepoint "Cleanup", Time since last: 4000280532 ns, Reaching safepoint: 8372 ns, Cleanup: 10201 ns, At safepoint: 4533 ns, Total: 23106 ns
[2026-02-06T11:14:20.015+0000][7][safepoint   ] Safepoint "Cleanup", Time since last: 4000356855 ns, Reaching safepoint: 22425 ns, Cleanup: 7864 ns, At safepoint: 4233 ns, Total: 34522 ns
[2026-02-06T11:14:30.016+0000][7][safepoint   ] Safepoint "Cleanup", Time since last: 10000773255 ns, Reaching safepoint: 8324 ns, Cleanup: 7667 ns, At safepoint: 4811 ns, Total: 20802 ns
[2026-02-06T11:14:42.017+0000][7][safepoint   ] Safepoint "Cleanup", Time since last: 12000785828 ns, Reaching safepoint: 8599 ns, Cleanup: 7749 ns, At safepoint: 4509 ns, Total: 20857 ns
[2026-02-06T11:14:48.017+0000][7][safepoint   ] Safepoint "Cleanup", Time since last: 6000417485 ns, Reaching safepoint: 26968 ns, Cleanup: 8355 ns, At safepoint: 6259 ns, Total: 41582 ns
[2026-02-06T11:15:23.020+0000][7][safepoint   ] Safepoint "Cleanup", Time since last: 35002602477 ns, Reaching safepoint: 23112 ns, Cleanup: 11359 ns, At safepoint: 5282 ns, Total: 39753 ns
[2026-02-06T11:15:25.020+0000][7][safepoint   ] Safepoint "Cleanup", Time since last: 2000254200 ns, Reaching safepoint: 9223 ns, Cleanup: 12269 ns, At safepoint: 5663 ns, Total: 27155 ns
[2026-02-06T11:15:27.020+0000][7][safepoint   ] Safepoint "Cleanup", Time since last: 2000147464 ns, Reaching safepoint: 10785 ns, Cleanup: 9831 ns, At safepoint: 5054 ns, Total: 25670 ns
[2026-02-06T11:15:33.021+0000][7][safepoint   ] Safepoint "Cleanup", Time since last: 6000456749 ns, Reaching safepoint: 20439 ns, Cleanup: 22974 ns, At safepoint: 15031 ns, Total: 58444 ns
[2026-02-06T11:15:36.021+0000][7][safepoint   ] Safepoint "Cleanup", Time since last: 3000262141 ns, Reaching safepoint: 9116 ns, Cleanup: 8132 ns, At safepoint: 5110 ns, Total: 22358 ns
[2026-02-06T11:15:47.022+0000][7][safepoint   ] Safepoint "Cleanup", Time since last: 11000801338 ns, Reaching safepoint: 52176 ns, Cleanup: 26277 ns, At safepoint: 24620 ns, Total: 103073 ns
[2026-02-06T11:15:49.022+0000][7][safepoint   ] Safepoint "Cleanup", Time since last: 2000183086 ns, Reaching safepoint: 7618 ns, Cleanup: 7405 ns, At safepoint: 4040 ns, Total: 19063 ns
[2026-02-06T11:16:14.025+0000][7][safepoint   ] Safepoint "Cleanup", Time since last: 25002904846 ns, Reaching safepoint: 8401 ns, Cleanup: 7735 ns, At safepoint: 5100 ns, Total: 21236 ns
[2026-02-06T11:16:30.026+0000][7][safepoint   ] Safepoint "Cleanup", Time since last: 16001209895 ns, Reaching safepoint: 39818 ns, Cleanup: 12912 ns, At safepoint: 8825 ns, Total: 61555 ns
[2026-02-06T11:16:46.027+0000][7][safepoint   ] Safepoint "Cleanup", Time since last: 16001005679 ns, Reaching safepoint: 23071 ns, Cleanup: 7796 ns, At safepoint: 4916 ns, Total: 35783 ns
[2026-02-06T11:16:47.027+0000][7][safepoint   ] Safepoint "Cleanup", Time since last: 1000091438 ns, Reaching safepoint: 10976 ns, Cleanup: 10003 ns, At safepoint: 5803 ns, Total: 26782 ns
[2026-02-06T11:16:52.028+0000][7][safepoint   ] Safepoint "Cleanup", Time since last: 5000394967 ns, Reaching safepoint: 8708 ns, Cleanup: 9276 ns, At safepoint: 5685 ns, Total: 23669 ns
[2026-02-06T11:16:54.994+0000][7][gc,heap,exit] Heap
[2026-02-06T11:16:54.994+0000][7][gc,heap,exit]  garbage-first heap   total reserved 3145728K, committed 3145728K, used 357252K [0x0000000740000000, 0x0000000800000000)
[2026-02-06T11:16:54.994+0000][7][gc,heap,exit]   region size 4096K, 74 young (303104K), 8 survivors (32768K)
[2026-02-06T11:16:54.994+0000][7][gc,heap,exit]  Metaspace       used 107896K, committed 110784K, reserved 1179648K
[2026-02-06T11:16:54.994+0000][7][gc,heap,exit]   class space    used 15349K, committed 16704K, reserved 1048576K
