[2025-10-16T03:35:48.218+0000][6][gc,init] CardTable entry size: 512
[2025-10-16T03:35:48.219+0000][6][gc     ] Using G1
[2025-10-16T03:35:48.593+0000][6][gc,init] Version: 22.0.2+9-70 (release)
[2025-10-16T03:35:48.593+0000][6][gc,init] CPUs: 8 total, 8 available
[2025-10-16T03:35:48.593+0000][6][gc,init] Memory: 15822M
[2025-10-16T03:35:48.593+0000][6][gc,init] Large Page Support: Disabled
[2025-10-16T03:35:48.593+0000][6][gc,init] NUMA Support: Disabled
[2025-10-16T03:35:48.593+0000][6][gc,init] Compressed Oops: Enabled (Zero based)
[2025-10-16T03:35:48.593+0000][6][gc,init] Heap Region Size: 4M
[2025-10-16T03:35:48.593+0000][6][gc,init] Heap Min Capacity: 3G
[2025-10-16T03:35:48.593+0000][6][gc,init] Heap Initial Capacity: 3G
[2025-10-16T03:35:48.593+0000][6][gc,init] Heap Max Capacity: 3G
[2025-10-16T03:35:48.593+0000][6][gc,init] Pre-touch: Enabled
[2025-10-16T03:35:48.593+0000][6][gc,init] Parallel Workers: 8
[2025-10-16T03:35:48.593+0000][6][gc,init] Concurrent Workers: 2
[2025-10-16T03:35:48.593+0000][6][gc,init] Concurrent Refinement Workers: 8
[2025-10-16T03:35:48.593+0000][6][gc,init] Periodic GC: Disabled
[2025-10-16T03:35:48.602+0000][6][gc,metaspace] CDS archive(s) mapped at: [0x00007f610a000000-0x00007f610ac78000-0x00007f610ac78000), size 13074432, SharedBaseAddress: 0x00007f610a000000, ArchiveRelocationMode: 1.
[2025-10-16T03:35:48.602+0000][6][gc,metaspace] Compressed class space mapped at: 0x00007f610b000000-0x00007f614b000000, reserved size: 1073741824
[2025-10-16T03:35:48.602+0000][6][gc,metaspace] Narrow klass base: 0x00007f610a000000, Narrow klass shift: 0, Narrow klass range: 0x100000000
[2025-10-16T03:35:48.984+0000][6][safepoint   ] Safepoint "ICBufferFull", Time since last: 378106688 ns, Reaching safepoint: 3540 ns, Cleanup: 85133 ns, At safepoint: 11695 ns, Total: 100368 ns
[2025-10-16T03:35:49.544+0000][6][safepoint   ] Safepoint "ICBufferFull", Time since last: 560126524 ns, Reaching safepoint: 3862 ns, Cleanup: 83450 ns, At safepoint: 10476 ns, Total: 97788 ns
[2025-10-16T03:35:49.920+0000][6][safepoint   ] Safepoint "ICBufferFull", Time since last: 375441049 ns, Reaching safepoint: 68787 ns, Cleanup: 64094 ns, At safepoint: 6556 ns, Total: 139437 ns
[2025-10-16T03:35:50.920+0000][6][safepoint   ] Safepoint "Cleanup", Time since last: 1000110056 ns, Reaching safepoint: 67747 ns, Cleanup: 64899 ns, At safepoint: 7180 ns, Total: 139826 ns
[2025-10-16T03:35:51.011+0000][6][gc,start    ] GC(0) Pause Young (Normal) (G1 Evacuation Pause)
[2025-10-16T03:35:51.011+0000][6][gc,task     ] GC(0) Using 8 workers of 8 for evacuation
[2025-10-16T03:35:51.012+0000][6][gc,age      ] GC(0) Desired survivor size 10485760 bytes, new threshold 15 (max threshold 15)
[2025-10-16T03:35:51.020+0000][6][gc,phases   ] GC(0)   Pre Evacuate Collection Set: 0.80ms
[2025-10-16T03:35:51.020+0000][6][gc,phases   ] GC(0)   Merge Heap Roots: 0.12ms
[2025-10-16T03:35:51.020+0000][6][gc,phases   ] GC(0)   Evacuate Collection Set: 6.04ms
[2025-10-16T03:35:51.020+0000][6][gc,phases   ] GC(0)   Post Evacuate Collection Set: 1.03ms
[2025-10-16T03:35:51.020+0000][6][gc,phases   ] GC(0)   Other: 0.86ms
[2025-10-16T03:35:51.020+0000][6][gc,age      ] GC(0) Age table with threshold 15 (max threshold 15)
[2025-10-16T03:35:51.020+0000][6][gc,age      ] GC(0) - age   1:    8928616 bytes,    8928616 total
[2025-10-16T03:35:51.020+0000][6][gc,heap     ] GC(0) Eden regions: 38->0(35)
[2025-10-16T03:35:51.020+0000][6][gc,heap     ] GC(0) Survivor regions: 0->3(5)
[2025-10-16T03:35:51.020+0000][6][gc,heap     ] GC(0) Old regions: 1->1
[2025-10-16T03:35:51.020+0000][6][gc,heap     ] GC(0) Humongous regions: 0->0
[2025-10-16T03:35:51.020+0000][6][gc,metaspace] GC(0) Metaspace: 16622K(17024K)->16622K(17024K) NonClass: 14675K(14912K)->14675K(14912K) Class: 1946K(2112K)->1946K(2112K)
[2025-10-16T03:35:51.020+0000][6][gc          ] GC(0) Pause Young (Normal) (G1 Evacuation Pause) 153M->10M(3072M) 9.250ms
[2025-10-16T03:35:51.020+0000][6][gc,cpu      ] GC(0) User=0.04s Sys=0.00s Real=0.01s
[2025-10-16T03:35:51.021+0000][6][safepoint   ] Safepoint "G1CollectForAllocation", Time since last: 91047523 ns, Reaching safepoint: 5926 ns, Cleanup: 13559 ns, At safepoint: 9297330 ns, Total: 9316815 ns
[2025-10-16T03:35:51.677+0000][6][gc,start    ] GC(1) Pause Young (Normal) (G1 Evacuation Pause)
[2025-10-16T03:35:51.677+0000][6][gc,task     ] GC(1) Using 8 workers of 8 for evacuation
[2025-10-16T03:35:51.677+0000][6][gc,age      ] GC(1) Desired survivor size 10485760 bytes, new threshold 15 (max threshold 15)
[2025-10-16T03:35:51.685+0000][6][gc,phases   ] GC(1)   Pre Evacuate Collection Set: 0.15ms
[2025-10-16T03:35:51.685+0000][6][gc,phases   ] GC(1)   Merge Heap Roots: 0.04ms
[2025-10-16T03:35:51.685+0000][6][gc,phases   ] GC(1)   Evacuate Collection Set: 6.57ms
[2025-10-16T03:35:51.685+0000][6][gc,phases   ] GC(1)   Post Evacuate Collection Set: 0.74ms
[2025-10-16T03:35:51.685+0000][6][gc,phases   ] GC(1)   Other: 0.05ms
[2025-10-16T03:35:51.685+0000][6][gc,age      ] GC(1) Age table with threshold 15 (max threshold 15)
[2025-10-16T03:35:51.685+0000][6][gc,age      ] GC(1) - age   1:    5226680 bytes,    5226680 total
[2025-10-16T03:35:51.685+0000][6][gc,age      ] GC(1) - age   2:    8088568 bytes,   13315248 total
[2025-10-16T03:35:51.685+0000][6][gc,heap     ] GC(1) Eden regions: 35->0(39)
[2025-10-16T03:35:51.685+0000][6][gc,heap     ] GC(1) Survivor regions: 3->4(5)
[2025-10-16T03:35:51.685+0000][6][gc,heap     ] GC(1) Old regions: 1->1
[2025-10-16T03:35:51.685+0000][6][gc,heap     ] GC(1) Humongous regions: 0->0
[2025-10-16T03:35:51.685+0000][6][gc,metaspace] GC(1) Metaspace: 18500K(18944K)->18500K(18944K) NonClass: 16287K(16512K)->16287K(16512K) Class: 2212K(2432K)->2212K(2432K)
[2025-10-16T03:35:51.685+0000][6][gc          ] GC(1) Pause Young (Normal) (G1 Evacuation Pause) 150M->15M(3072M) 7.685ms
[2025-10-16T03:35:51.685+0000][6][gc,cpu      ] GC(1) User=0.04s Sys=0.00s Real=0.01s
[2025-10-16T03:35:51.685+0000][6][safepoint   ] Safepoint "G1CollectForAllocation", Time since last: 656499232 ns, Reaching safepoint: 3418 ns, Cleanup: 59836 ns, At safepoint: 7716815 ns, Total: 7780069 ns
[2025-10-16T03:35:52.243+0000][6][gc,start    ] GC(2) Pause Young (Normal) (G1 Evacuation Pause)
[2025-10-16T03:35:52.244+0000][6][gc,task     ] GC(2) Using 8 workers of 8 for evacuation
[2025-10-16T03:35:52.244+0000][6][gc,age      ] GC(2) Desired survivor size 12582912 bytes, new threshold 2 (max threshold 15)
[2025-10-16T03:35:52.255+0000][6][gc,phases   ] GC(2)   Pre Evacuate Collection Set: 0.55ms
[2025-10-16T03:35:52.255+0000][6][gc,phases   ] GC(2)   Merge Heap Roots: 0.05ms
[2025-10-16T03:35:52.255+0000][6][gc,phases   ] GC(2)   Evacuate Collection Set: 9.86ms
[2025-10-16T03:35:52.255+0000][6][gc,phases   ] GC(2)   Post Evacuate Collection Set: 1.16ms
[2025-10-16T03:35:52.255+0000][6][gc,phases   ] GC(2)   Other: 0.08ms
[2025-10-16T03:35:52.256+0000][6][gc,age      ] GC(2) Age table with threshold 2 (max threshold 15)
[2025-10-16T03:35:52.256+0000][6][gc,age      ] GC(2) - age   1:    3094008 bytes,    3094008 total
[2025-10-16T03:35:52.256+0000][6][gc,age      ] GC(2) - age   2:    3025376 bytes,    6119384 total
[2025-10-16T03:35:52.256+0000][6][gc,heap     ] GC(2) Eden regions: 39->0(79)
[2025-10-16T03:35:52.256+0000][6][gc,heap     ] GC(2) Survivor regions: 4->2(6)
[2025-10-16T03:35:52.256+0000][6][gc,heap     ] GC(2) Old regions: 1->3
[2025-10-16T03:35:52.256+0000][6][gc,heap     ] GC(2) Humongous regions: 0->0
[2025-10-16T03:35:52.256+0000][6][gc,metaspace] GC(2) Metaspace: 19252K(19712K)->19252K(19712K) NonClass: 16925K(17152K)->16925K(17152K) Class: 2327K(2560K)->2327K(2560K)
[2025-10-16T03:35:52.256+0000][6][gc          ] GC(2) Pause Young (Normal) (G1 Evacuation Pause) 171M->16M(3072M) 12.102ms
[2025-10-16T03:35:52.256+0000][6][gc,cpu      ] GC(2) User=0.03s Sys=0.00s Real=0.01s
[2025-10-16T03:35:52.256+0000][6][safepoint   ] Safepoint "G1CollectForAllocation", Time since last: 558618947 ns, Reaching safepoint: 6117 ns, Cleanup: 42178 ns, At safepoint: 12465308 ns, Total: 12513603 ns
[2025-10-16T03:35:53.085+0000][6][gc,start    ] GC(3) Pause Young (Normal) (G1 Evacuation Pause)
[2025-10-16T03:35:53.085+0000][6][gc,task     ] GC(3) Using 8 workers of 8 for evacuation
[2025-10-16T03:35:53.085+0000][6][gc,age      ] GC(3) Desired survivor size 23068672 bytes, new threshold 15 (max threshold 15)
[2025-10-16T03:35:53.095+0000][6][gc,phases   ] GC(3)   Pre Evacuate Collection Set: 0.72ms
[2025-10-16T03:35:53.095+0000][6][gc,phases   ] GC(3)   Merge Heap Roots: 0.13ms
[2025-10-16T03:35:53.095+0000][6][gc,phases   ] GC(3)   Evacuate Collection Set: 8.66ms
[2025-10-16T03:35:53.095+0000][6][gc,phases   ] GC(3)   Post Evacuate Collection Set: 0.83ms
[2025-10-16T03:35:53.095+0000][6][gc,phases   ] GC(3)   Other: 0.11ms
[2025-10-16T03:35:53.095+0000][6][gc,age      ] GC(3) Age table with threshold 15 (max threshold 15)
[2025-10-16T03:35:53.095+0000][6][gc,age      ] GC(3) - age   1:    2133200 bytes,    2133200 total
[2025-10-16T03:35:53.095+0000][6][gc,age      ] GC(3) - age   2:    2529008 bytes,    4662208 total
[2025-10-16T03:35:53.095+0000][6][gc,age      ] GC(3) - age   3:    3024992 bytes,    7687200 total
[2025-10-16T03:35:53.095+0000][6][gc,heap     ] GC(3) Eden regions: 79->0(458)
[2025-10-16T03:35:53.095+0000][6][gc,heap     ] GC(3) Survivor regions: 2->2(11)
[2025-10-16T03:35:53.095+0000][6][gc,heap     ] GC(3) Old regions: 3->3
[2025-10-16T03:35:53.095+0000][6][gc,heap     ] GC(3) Humongous regions: 0->0
[2025-10-16T03:35:53.095+0000][6][gc,metaspace] GC(3) Metaspace: 20163K(20672K)->20163K(20672K) NonClass: 17708K(17984K)->17708K(17984K) Class: 2454K(2688K)->2454K(2688K)
[2025-10-16T03:35:53.095+0000][6][gc          ] GC(3) Pause Young (Normal) (G1 Evacuation Pause) 332M->17M(3072M) 10.883ms
[2025-10-16T03:35:53.095+0000][6][gc,cpu      ] GC(3) User=0.02s Sys=0.00s Real=0.01s
[2025-10-16T03:35:53.095+0000][6][safepoint   ] Safepoint "G1CollectForAllocation", Time since last: 828508973 ns, Reaching safepoint: 5756 ns, Cleanup: 76833 ns, At safepoint: 10926273 ns, Total: 11008862 ns
[2025-10-16T03:35:53.487+0000][6][gc,start    ] GC(4) Pause Young (Concurrent Start) (Metadata GC Threshold)
[2025-10-16T03:35:53.487+0000][6][gc,task     ] GC(4) Using 8 workers of 8 for evacuation
[2025-10-16T03:35:53.487+0000][6][gc,age      ] GC(4) Desired survivor size 121634816 bytes, new threshold 15 (max threshold 15)
[2025-10-16T03:35:53.500+0000][6][gc,phases   ] GC(4)   Pre Evacuate Collection Set: 0.31ms
[2025-10-16T03:35:53.500+0000][6][gc,phases   ] GC(4)   Merge Heap Roots: 0.11ms
[2025-10-16T03:35:53.500+0000][6][gc,phases   ] GC(4)   Evacuate Collection Set: 11.47ms
[2025-10-16T03:35:53.500+0000][6][gc,phases   ] GC(4)   Post Evacuate Collection Set: 0.84ms
[2025-10-16T03:35:53.500+0000][6][gc,phases   ] GC(4)   Other: 0.32ms
[2025-10-16T03:35:53.500+0000][6][gc,age      ] GC(4) Age table with threshold 15 (max threshold 15)
[2025-10-16T03:35:53.500+0000][6][gc,age      ] GC(4) - age   1:    1665840 bytes,    1665840 total
[2025-10-16T03:35:53.500+0000][6][gc,age      ] GC(4) - age   2:    2112784 bytes,    3778624 total
[2025-10-16T03:35:53.500+0000][6][gc,age      ] GC(4) - age   3:    2524872 bytes,    6303496 total
[2025-10-16T03:35:53.500+0000][6][gc,age      ] GC(4) - age   4:    3023904 bytes,    9327400 total
[2025-10-16T03:35:53.500+0000][6][gc,heap     ] GC(4) Eden regions: 49->0(457)
[2025-10-16T03:35:53.500+0000][6][gc,heap     ] GC(4) Survivor regions: 2->3(58)
[2025-10-16T03:35:53.500+0000][6][gc,heap     ] GC(4) Old regions: 3->3
[2025-10-16T03:35:53.500+0000][6][gc,heap     ] GC(4) Humongous regions: 0->0
[2025-10-16T03:35:53.500+0000][6][gc,metaspace] GC(4) Metaspace: 20999K(21504K)->20999K(21504K) NonClass: 18429K(18688K)->18429K(18688K) Class: 2570K(2816K)->2570K(2816K)
[2025-10-16T03:35:53.500+0000][6][gc          ] GC(4) Pause Young (Concurrent Start) (Metadata GC Threshold) 213M->18M(3072M) 13.540ms
[2025-10-16T03:35:53.500+0000][6][gc,cpu      ] GC(4) User=0.02s Sys=0.00s Real=0.01s
[2025-10-16T03:35:53.501+0000][6][gc          ] GC(5) Concurrent Mark Cycle
[2025-10-16T03:35:53.501+0000][6][gc,marking  ] GC(5) Concurrent Scan Root Regions
[2025-10-16T03:35:53.501+0000][6][safepoint   ] Safepoint "CollectForMetadataAllocation", Time since last: 391386035 ns, Reaching safepoint: 3209 ns, Cleanup: 21709 ns, At safepoint: 13867023 ns, Total: 13891941 ns
[2025-10-16T03:35:53.509+0000][6][gc,marking  ] GC(5) Concurrent Scan Root Regions 7.808ms
[2025-10-16T03:35:53.509+0000][6][gc,marking  ] GC(5) Concurrent Mark
[2025-10-16T03:35:53.509+0000][6][gc,marking  ] GC(5) Concurrent Mark From Roots
[2025-10-16T03:35:53.509+0000][6][gc,task     ] GC(5) Using 2 workers of 2 for marking
[2025-10-16T03:35:53.524+0000][6][gc,marking  ] GC(5) Concurrent Mark From Roots 15.774ms
[2025-10-16T03:35:53.525+0000][6][gc,marking  ] GC(5) Concurrent Preclean
[2025-10-16T03:35:53.525+0000][6][gc,marking  ] GC(5) Concurrent Preclean 0.240ms
[2025-10-16T03:35:53.525+0000][6][gc,start    ] GC(5) Pause Remark
[2025-10-16T03:35:53.533+0000][6][gc          ] GC(5) Pause Remark 22M->22M(3072M) 7.557ms
[2025-10-16T03:35:53.533+0000][6][gc,cpu      ] GC(5) User=0.01s Sys=0.00s Real=0.00s
[2025-10-16T03:35:53.533+0000][6][safepoint   ] Safepoint "G1PauseRemark", Time since last: 24352858 ns, Reaching safepoint: 3911 ns, Cleanup: 2471 ns, At safepoint: 7645569 ns, Total: 7651951 ns
[2025-10-16T03:35:53.533+0000][6][gc,marking  ] GC(5) Concurrent Mark 24.149ms
[2025-10-16T03:35:53.533+0000][6][gc,marking  ] GC(5) Concurrent Rebuild Remembered Sets and Scrub Regions
[2025-10-16T03:35:53.537+0000][6][gc,marking  ] GC(5) Concurrent Rebuild Remembered Sets and Scrub Regions 4.125ms
[2025-10-16T03:35:53.537+0000][6][gc,start    ] GC(5) Pause Cleanup
[2025-10-16T03:35:53.538+0000][6][gc          ] GC(5) Pause Cleanup 22M->22M(3072M) 0.372ms
[2025-10-16T03:35:53.538+0000][6][gc,cpu      ] GC(5) User=0.00s Sys=0.00s Real=0.00s
[2025-10-16T03:35:53.538+0000][6][safepoint   ] Safepoint "G1PauseCleanup", Time since last: 4223233 ns, Reaching safepoint: 373784 ns, Cleanup: 7652 ns, At safepoint: 978488 ns, Total: 1359924 ns
[2025-10-16T03:35:53.539+0000][6][gc,marking  ] GC(5) Concurrent Clear Claimed Marks
[2025-10-16T03:35:53.539+0000][6][gc,marking  ] GC(5) Concurrent Clear Claimed Marks 0.233ms
[2025-10-16T03:35:53.539+0000][6][gc,marking  ] GC(5) Concurrent Cleanup for Next Mark
[2025-10-16T03:35:53.543+0000][6][gc,marking  ] GC(5) Concurrent Cleanup for Next Mark 3.658ms
[2025-10-16T03:35:53.543+0000][6][gc          ] GC(5) Concurrent Mark Cycle 42.023ms
[2025-10-16T03:35:54.942+0000][6][safepoint   ] Safepoint "Cleanup", Time since last: 1403380119 ns, Reaching safepoint: 2766 ns, Cleanup: 82380 ns, At safepoint: 3572 ns, Total: 88718 ns
[2025-10-16T03:35:56.321+0000][6][safepoint   ] Safepoint "ICBufferFull", Time since last: 1378980256 ns, Reaching safepoint: 4991 ns, Cleanup: 108165 ns, At safepoint: 44957 ns, Total: 158113 ns
[2025-10-16T03:35:57.322+0000][6][safepoint   ] Safepoint "Cleanup", Time since last: 1000559806 ns, Reaching safepoint: 75262 ns, Cleanup: 44175 ns, At safepoint: 11164 ns, Total: 130601 ns
[2025-10-16T03:35:58.245+0000][6][gc,start    ] GC(6) Pause Young (Prepare Mixed) (Metadata GC Threshold)
[2025-10-16T03:35:58.245+0000][6][gc,task     ] GC(6) Using 8 workers of 8 for evacuation
[2025-10-16T03:35:58.245+0000][6][gc,age      ] GC(6) Desired survivor size 121634816 bytes, new threshold 15 (max threshold 15)
[2025-10-16T03:35:58.281+0000][6][gc,phases   ] GC(6)   Pre Evacuate Collection Set: 0.18ms
[2025-10-16T03:35:58.281+0000][6][gc,phases   ] GC(6)   Merge Heap Roots: 0.06ms
[2025-10-16T03:35:58.281+0000][6][gc,phases   ] GC(6)   Evacuate Collection Set: 34.96ms
[2025-10-16T03:35:58.281+0000][6][gc,phases   ] GC(6)   Post Evacuate Collection Set: 0.68ms
[2025-10-16T03:35:58.281+0000][6][gc,phases   ] GC(6)   Other: 0.06ms
[2025-10-16T03:35:58.281+0000][6][gc,age      ] GC(6) Age table with threshold 15 (max threshold 15)
[2025-10-16T03:35:58.281+0000][6][gc,age      ] GC(6) - age   1:   28653904 bytes,   28653904 total
[2025-10-16T03:35:58.281+0000][6][gc,age      ] GC(6) - age   2:    1634720 bytes,   30288624 total
[2025-10-16T03:35:58.281+0000][6][gc,age      ] GC(6) - age   3:    2108376 bytes,   32397000 total
[2025-10-16T03:35:58.281+0000][6][gc,age      ] GC(6) - age   4:    2516624 bytes,   34913624 total
[2025-10-16T03:35:58.281+0000][6][gc,age      ] GC(6) - age   5:    2988504 bytes,   37902128 total
[2025-10-16T03:35:58.281+0000][6][gc,heap     ] GC(6) Eden regions: 168->0(272)
[2025-10-16T03:35:58.281+0000][6][gc,heap     ] GC(6) Survivor regions: 3->10(58)
[2025-10-16T03:35:58.281+0000][6][gc,heap     ] GC(6) Old regions: 3->3
[2025-10-16T03:35:58.281+0000][6][gc,heap     ] GC(6) Humongous regions: 0->0
[2025-10-16T03:35:58.281+0000][6][gc,metaspace] GC(6) Metaspace: 35084K(36096K)->35084K(36096K) NonClass: 30439K(31040K)->30439K(31040K) Class: 4645K(5056K)->4645K(5056K)
[2025-10-16T03:35:58.281+0000][6][gc          ] GC(6) Pause Young (Prepare Mixed) (Metadata GC Threshold) 690M->47M(3072M) 36.089ms
[2025-10-16T03:35:58.281+0000][6][gc,cpu      ] GC(6) User=0.09s Sys=0.00s Real=0.03s
[2025-10-16T03:35:58.281+0000][6][safepoint   ] Safepoint "CollectForMetadataAllocation", Time since last: 923037436 ns, Reaching safepoint: 72388 ns, Cleanup: 32120 ns, At safepoint: 36142751 ns, Total: 36247259 ns
[2025-10-16T03:35:58.292+0000][6][gc,start    ] GC(7) Pause Young (Mixed) (Metadata GC Threshold)
[2025-10-16T03:35:58.292+0000][6][gc,task     ] GC(7) Using 8 workers of 8 for evacuation
[2025-10-16T03:35:58.292+0000][6][gc,age      ] GC(7) Desired survivor size 75497472 bytes, new threshold 15 (max threshold 15)
[2025-10-16T03:35:58.304+0000][6][gc,phases   ] GC(7)   Pre Evacuate Collection Set: 0.11ms
[2025-10-16T03:35:58.304+0000][6][gc,phases   ] GC(7)   Merge Heap Roots: 0.06ms
[2025-10-16T03:35:58.304+0000][6][gc,phases   ] GC(7)   Evacuate Collection Set: 11.01ms
[2025-10-16T03:35:58.304+0000][6][gc,phases   ] GC(7)   Post Evacuate Collection Set: 0.62ms
[2025-10-16T03:35:58.304+0000][6][gc,phases   ] GC(7)   Other: 0.04ms
[2025-10-16T03:35:58.304+0000][6][gc,age      ] GC(7) Age table with threshold 15 (max threshold 15)
[2025-10-16T03:35:58.304+0000][6][gc,age      ] GC(7) - age   1:      34648 bytes,      34648 total
[2025-10-16T03:35:58.304+0000][6][gc,age      ] GC(7) - age   2:   28496776 bytes,   28531424 total
[2025-10-16T03:35:58.304+0000][6][gc,age      ] GC(7) - age   3:    1634688 bytes,   30166112 total
[2025-10-16T03:35:58.304+0000][6][gc,age      ] GC(7) - age   4:    2108376 bytes,   32274488 total
[2025-10-16T03:35:58.304+0000][6][gc,age      ] GC(7) - age   5:    2516624 bytes,   34791112 total
[2025-10-16T03:35:58.304+0000][6][gc,age      ] GC(7) - age   6:    2988504 bytes,   37779616 total
[2025-10-16T03:35:58.304+0000][6][gc,heap     ] GC(7) Eden regions: 1->0(181)
[2025-10-16T03:35:58.304+0000][6][gc,heap     ] GC(7) Survivor regions: 10->10(36)
[2025-10-16T03:35:58.304+0000][6][gc,heap     ] GC(7) Old regions: 3->3
[2025-10-16T03:35:58.304+0000][6][gc,heap     ] GC(7) Humongous regions: 0->0
[2025-10-16T03:35:58.304+0000][6][gc,metaspace] GC(7) Metaspace: 35437K(36416K)->35437K(36416K) NonClass: 30758K(31360K)->30758K(31360K) Class: 4678K(5056K)->4678K(5056K)
[2025-10-16T03:35:58.304+0000][6][gc          ] GC(7) Pause Young (Mixed) (Metadata GC Threshold) 51M->48M(3072M) 11.958ms
[2025-10-16T03:35:58.304+0000][6][gc,cpu      ] GC(7) User=0.09s Sys=0.00s Real=0.02s
[2025-10-16T03:35:58.304+0000][6][safepoint   ] Safepoint "CollectForMetadataAllocation", Time since last: 11103252 ns, Reaching safepoint: 2378 ns, Cleanup: 8041 ns, At safepoint: 12009543 ns, Total: 12019962 ns
[2025-10-16T03:35:58.313+0000][6][gc,start    ] GC(8) Pause Young (Concurrent Start) (Metadata GC Threshold)
[2025-10-16T03:35:58.313+0000][6][gc,task     ] GC(8) Using 8 workers of 8 for evacuation
[2025-10-16T03:35:58.313+0000][6][gc,age      ] GC(8) Desired survivor size 50331648 bytes, new threshold 15 (max threshold 15)
[2025-10-16T03:35:58.324+0000][6][gc,phases   ] GC(8)   Pre Evacuate Collection Set: 0.11ms
[2025-10-16T03:35:58.324+0000][6][gc,phases   ] GC(8)   Merge Heap Roots: 0.07ms
[2025-10-16T03:35:58.324+0000][6][gc,phases   ] GC(8)   Evacuate Collection Set: 10.06ms
[2025-10-16T03:35:58.324+0000][6][gc,phases   ] GC(8)   Post Evacuate Collection Set: 0.52ms
[2025-10-16T03:35:58.324+0000][6][gc,phases   ] GC(8)   Other: 0.05ms
[2025-10-16T03:35:58.324+0000][6][gc,age      ] GC(8) Age table with threshold 15 (max threshold 15)
[2025-10-16T03:35:58.324+0000][6][gc,age      ] GC(8) - age   1:      50232 bytes,      50232 total
[2025-10-16T03:35:58.324+0000][6][gc,age      ] GC(8) - age   2:      30904 bytes,      81136 total
[2025-10-16T03:35:58.324+0000][6][gc,age      ] GC(8) - age   3:   28496400 bytes,   28577536 total
[2025-10-16T03:35:58.324+0000][6][gc,age      ] GC(8) - age   4:    1634624 bytes,   30212160 total
[2025-10-16T03:35:58.324+0000][6][gc,age      ] GC(8) - age   5:    2108312 bytes,   32320472 total
[2025-10-16T03:35:58.324+0000][6][gc,age      ] GC(8) - age   6:    2511728 bytes,   34832200 total
[2025-10-16T03:35:58.324+0000][6][gc,age      ] GC(8) - age   7:    2988440 bytes,   37820640 total
[2025-10-16T03:35:58.324+0000][6][gc,heap     ] GC(8) Eden regions: 1->0(302)
[2025-10-16T03:35:58.324+0000][6][gc,heap     ] GC(8) Survivor regions: 10->10(24)
[2025-10-16T03:35:58.324+0000][6][gc,heap     ] GC(8) Old regions: 3->3
[2025-10-16T03:35:58.324+0000][6][gc,heap     ] GC(8) Humongous regions: 0->0
[2025-10-16T03:35:58.324+0000][6][gc,metaspace] GC(8) Metaspace: 35718K(36736K)->35718K(36736K) NonClass: 31014K(31616K)->31014K(31616K) Class: 4703K(5120K)->4703K(5120K)
[2025-10-16T03:35:58.324+0000][6][gc          ] GC(8) Pause Young (Concurrent Start) (Metadata GC Threshold) 52M->48M(3072M) 10.964ms
[2025-10-16T03:35:58.324+0000][6][gc,cpu      ] GC(8) User=0.07s Sys=0.00s Real=0.02s
[2025-10-16T03:35:58.324+0000][6][gc          ] GC(9) Concurrent Mark Cycle
[2025-10-16T03:35:58.324+0000][6][gc,marking  ] GC(9) Concurrent Scan Root Regions
[2025-10-16T03:35:58.324+0000][6][safepoint   ] Safepoint "CollectForMetadataAllocation", Time since last: 9225013 ns, Reaching safepoint: 2230 ns, Cleanup: 6073 ns, At safepoint: 11023920 ns, Total: 11032223 ns
[2025-10-16T03:35:58.376+0000][6][gc,marking  ] GC(9) Concurrent Scan Root Regions 51.674ms
[2025-10-16T03:35:58.376+0000][6][gc,marking  ] GC(9) Concurrent Mark
[2025-10-16T03:35:58.376+0000][6][gc,marking  ] GC(9) Concurrent Mark From Roots
[2025-10-16T03:35:58.376+0000][6][gc,task     ] GC(9) Using 2 workers of 2 for marking
[2025-10-16T03:35:58.380+0000][6][gc,marking  ] GC(9) Concurrent Mark From Roots 3.915ms
[2025-10-16T03:35:58.380+0000][6][gc,marking  ] GC(9) Concurrent Preclean
[2025-10-16T03:35:58.380+0000][6][gc,marking  ] GC(9) Concurrent Preclean 0.024ms
[2025-10-16T03:35:58.380+0000][6][gc,start    ] GC(9) Pause Remark
[2025-10-16T03:35:58.383+0000][6][gc          ] GC(9) Pause Remark 51M->51M(3072M) 3.075ms
[2025-10-16T03:35:58.383+0000][6][gc,cpu      ] GC(9) User=0.01s Sys=0.00s Real=0.00s
[2025-10-16T03:35:58.383+0000][6][safepoint   ] Safepoint "G1PauseRemark", Time since last: 55695117 ns, Reaching safepoint: 2535 ns, Cleanup: 8549 ns, At safepoint: 3105785 ns, Total: 3116869 ns
[2025-10-16T03:35:58.383+0000][6][gc,marking  ] GC(9) Concurrent Mark 7.145ms
[2025-10-16T03:35:58.383+0000][6][gc,marking  ] GC(9) Concurrent Rebuild Remembered Sets and Scrub Regions
[2025-10-16T03:35:58.385+0000][6][gc,marking  ] GC(9) Concurrent Rebuild Remembered Sets and Scrub Regions 2.068ms
[2025-10-16T03:35:58.386+0000][6][gc,start    ] GC(9) Pause Cleanup
[2025-10-16T03:35:58.386+0000][6][gc          ] GC(9) Pause Cleanup 51M->51M(3072M) 0.084ms
[2025-10-16T03:35:58.386+0000][6][gc,cpu      ] GC(9) User=0.00s Sys=0.00s Real=0.00s
[2025-10-16T03:35:58.386+0000][6][safepoint   ] Safepoint "G1PauseCleanup", Time since last: 2162214 ns, Reaching safepoint: 758949 ns, Cleanup: 3456 ns, At safepoint: 101137 ns, Total: 863542 ns
[2025-10-16T03:35:58.386+0000][6][gc,marking  ] GC(9) Concurrent Clear Claimed Marks
[2025-10-16T03:35:58.386+0000][6][gc,marking  ] GC(9) Concurrent Clear Claimed Marks 0.033ms
[2025-10-16T03:35:58.386+0000][6][gc,marking  ] GC(9) Concurrent Cleanup for Next Mark
[2025-10-16T03:35:58.388+0000][6][gc,marking  ] GC(9) Concurrent Cleanup for Next Mark 1.734ms
[2025-10-16T03:35:58.388+0000][6][gc          ] GC(9) Concurrent Mark Cycle 63.703ms
[2025-10-16T03:35:59.394+0000][6][safepoint   ] Safepoint "Cleanup", Time since last: 1007574423 ns, Reaching safepoint: 2995 ns, Cleanup: 57997 ns, At safepoint: 1825 ns, Total: 62817 ns
[2025-10-16T03:36:00.396+0000][6][safepoint   ] Safepoint "Cleanup", Time since last: 1002304980 ns, Reaching safepoint: 72209 ns, Cleanup: 80112 ns, At safepoint: 8807 ns, Total: 161128 ns
[2025-10-16T03:36:01.558+0000][6][safepoint   ] Safepoint "Cleanup", Time since last: 1161919626 ns, Reaching safepoint: 66019 ns, Cleanup: 49818 ns, At safepoint: 1723 ns, Total: 117560 ns
[2025-10-16T03:36:02.690+0000][6][safepoint   ] Safepoint "Cleanup", Time since last: 1131790448 ns, Reaching safepoint: 66415 ns, Cleanup: 53385 ns, At safepoint: 1891 ns, Total: 121691 ns
[2025-10-16T03:36:02.704+0000][6][gc,start    ] GC(10) Pause Young (Concurrent Start) (Metadata GC Threshold)
[2025-10-16T03:36:02.705+0000][6][gc,task     ] GC(10) Using 8 workers of 8 for evacuation
[2025-10-16T03:36:02.705+0000][6][gc,age      ] GC(10) Desired survivor size 81788928 bytes, new threshold 15 (max threshold 15)
[2025-10-16T03:36:02.735+0000][6][gc,phases   ] GC(10)   Pre Evacuate Collection Set: 0.31ms
[2025-10-16T03:36:02.735+0000][6][gc,phases   ] GC(10)   Merge Heap Roots: 0.11ms
[2025-10-16T03:36:02.735+0000][6][gc,phases   ] GC(10)   Evacuate Collection Set: 28.47ms
[2025-10-16T03:36:02.735+0000][6][gc,phases   ] GC(10)   Post Evacuate Collection Set: 1.63ms
[2025-10-16T03:36:02.735+0000][6][gc,phases   ] GC(10)   Other: 0.11ms
[2025-10-16T03:36:02.735+0000][6][gc,age      ] GC(10) Age table with threshold 15 (max threshold 15)
[2025-10-16T03:36:02.735+0000][6][gc,age      ] GC(10) - age   1:   11672160 bytes,   11672160 total
[2025-10-16T03:36:02.735+0000][6][gc,age      ] GC(10) - age   2:      42712 bytes,   11714872 total
[2025-10-16T03:36:02.735+0000][6][gc,age      ] GC(10) - age   3:      30680 bytes,   11745552 total
[2025-10-16T03:36:02.735+0000][6][gc,age      ] GC(10) - age   4:   28263896 bytes,   40009448 total
[2025-10-16T03:36:02.735+0000][6][gc,age      ] GC(10) - age   5:    1619312 bytes,   41628760 total
[2025-10-16T03:36:02.735+0000][6][gc,age      ] GC(10) - age   6:    2086440 bytes,   43715200 total
[2025-10-16T03:36:02.735+0000][6][gc,age      ] GC(10) - age   7:    2496568 bytes,   46211768 total
[2025-10-16T03:36:02.735+0000][6][gc,age      ] GC(10) - age   8:    2977200 bytes,   49188968 total
[2025-10-16T03:36:02.735+0000][6][gc,heap     ] GC(10) Eden regions: 105->0(366)
[2025-10-16T03:36:02.735+0000][6][gc,heap     ] GC(10) Survivor regions: 10->13(39)
[2025-10-16T03:36:02.735+0000][6][gc,heap     ] GC(10) Old regions: 3->3
[2025-10-16T03:36:02.735+0000][6][gc,heap     ] GC(10) Humongous regions: 0->0
[2025-10-16T03:36:02.735+0000][6][gc,metaspace] GC(10) Metaspace: 60517K(61760K)->60517K(61760K) NonClass: 52302K(53056K)->52302K(53056K) Class: 8215K(8704K)->8215K(8704K)
[2025-10-16T03:36:02.735+0000][6][gc          ] GC(10) Pause Young (Concurrent Start) (Metadata GC Threshold) 468M->60M(3072M) 30.837ms
[2025-10-16T03:36:02.735+0000][6][gc,cpu      ] GC(10) User=0.15s Sys=0.00s Real=0.03s
[2025-10-16T03:36:02.735+0000][6][safepoint   ] Safepoint "CollectForMetadataAllocation", Time since last: 14304320 ns, Reaching safepoint: 3976 ns, Cleanup: 11267 ns, At safepoint: 30931375 ns, Total: 30946618 ns
[2025-10-16T03:36:02.741+0000][6][gc          ] GC(11) Concurrent Mark Cycle
[2025-10-16T03:36:02.741+0000][6][gc,marking  ] GC(11) Concurrent Scan Root Regions
[2025-10-16T03:36:02.788+0000][6][gc,marking  ] GC(11) Concurrent Scan Root Regions 47.301ms
[2025-10-16T03:36:02.788+0000][6][gc,marking  ] GC(11) Concurrent Mark
[2025-10-16T03:36:02.788+0000][6][gc,marking  ] GC(11) Concurrent Mark From Roots
[2025-10-16T03:36:02.789+0000][6][gc,task     ] GC(11) Using 2 workers of 2 for marking
[2025-10-16T03:36:02.788+0000][6][safepoint   ] Safepoint "CollectForMetadataAllocation", Time since last: 52895831 ns, Reaching safepoint: 3229 ns, Cleanup: 9744 ns, At safepoint: 42499 ns, Total: 55472 ns
[2025-10-16T03:36:02.796+0000][6][gc,marking  ] GC(11) Concurrent Mark From Roots 7.655ms
[2025-10-16T03:36:02.796+0000][6][gc,marking  ] GC(11) Concurrent Preclean
[2025-10-16T03:36:02.796+0000][6][gc,marking  ] GC(11) Concurrent Preclean 0.055ms
[2025-10-16T03:36:02.797+0000][6][gc,start    ] GC(11) Pause Remark
[2025-10-16T03:36:02.801+0000][6][gc          ] GC(11) Pause Remark 64M->64M(3072M) 4.164ms
[2025-10-16T03:36:02.801+0000][6][gc,cpu      ] GC(11) User=0.02s Sys=0.00s Real=0.00s
[2025-10-16T03:36:02.801+0000][6][safepoint   ] Safepoint "G1PauseRemark", Time since last: 8104821 ns, Reaching safepoint: 67869 ns, Cleanup: 9536 ns, At safepoint: 4222298 ns, Total: 4299703 ns
[2025-10-16T03:36:02.801+0000][6][gc,marking  ] GC(11) Concurrent Mark 12.550ms
[2025-10-16T03:36:02.801+0000][6][gc,marking  ] GC(11) Concurrent Rebuild Remembered Sets and Scrub Regions
[2025-10-16T03:36:02.804+0000][6][gc,marking  ] GC(11) Concurrent Rebuild Remembered Sets and Scrub Regions 3.171ms
[2025-10-16T03:36:02.804+0000][6][gc,start    ] GC(11) Pause Cleanup
[2025-10-16T03:36:02.804+0000][6][gc          ] GC(11) Pause Cleanup 64M->64M(3072M) 0.112ms
[2025-10-16T03:36:02.804+0000][6][gc,cpu      ] GC(11) User=0.00s Sys=0.00s Real=0.00s
[2025-10-16T03:36:02.804+0000][6][safepoint   ] Safepoint "G1PauseCleanup", Time since last: 3331815 ns, Reaching safepoint: 3847 ns, Cleanup: 6627 ns, At safepoint: 142595 ns, Total: 153069 ns
[2025-10-16T03:36:02.804+0000][6][gc,marking  ] GC(11) Concurrent Clear Claimed Marks
[2025-10-16T03:36:02.804+0000][6][gc,marking  ] GC(11) Concurrent Clear Claimed Marks 0.050ms
[2025-10-16T03:36:02.804+0000][6][gc,marking  ] GC(11) Concurrent Cleanup for Next Mark
[2025-10-16T03:36:02.807+0000][6][gc,marking  ] GC(11) Concurrent Cleanup for Next Mark 2.890ms
[2025-10-16T03:36:02.807+0000][6][gc          ] GC(11) Concurrent Mark Cycle 66.658ms
[2025-10-16T03:36:03.838+0000][6][safepoint   ] Safepoint "Cleanup", Time since last: 1034006077 ns, Reaching safepoint: 69837 ns, Cleanup: 70395 ns, At safepoint: 6520 ns, Total: 146752 ns
[2025-10-16T03:36:04.582+0000][6][safepoint   ] Safepoint "ICBufferFull", Time since last: 743096685 ns, Reaching safepoint: 3421 ns, Cleanup: 65301 ns, At safepoint: 4917 ns, Total: 73639 ns
[2025-10-16T03:36:05.196+0000][6][safepoint   ] Safepoint "ICBufferFull", Time since last: 613943713 ns, Reaching safepoint: 71393 ns, Cleanup: 98663 ns, At safepoint: 7069 ns, Total: 177125 ns
[2025-10-16T03:36:05.548+0000][6][safepoint   ] Safepoint "ICBufferFull", Time since last: 351845612 ns, Reaching safepoint: 4762 ns, Cleanup: 70987 ns, At safepoint: 5114 ns, Total: 80863 ns
[2025-10-16T03:36:06.263+0000][6][safepoint   ] Safepoint "ICBufferFull", Time since last: 715117795 ns, Reaching safepoint: 68231 ns, Cleanup: 66738 ns, At safepoint: 4681 ns, Total: 139650 ns
[2025-10-16T03:36:06.653+0000][6][safepoint   ] Safepoint "ICBufferFull", Time since last: 390363701 ns, Reaching safepoint: 6912 ns, Cleanup: 103357 ns, At safepoint: 9932 ns, Total: 120201 ns
[2025-10-16T03:36:07.112+0000][6][gc,start    ] GC(12) Pause Young (Concurrent Start) (Metadata GC Threshold)
[2025-10-16T03:36:07.112+0000][6][gc,task     ] GC(12) Using 8 workers of 8 for evacuation
[2025-10-16T03:36:07.112+0000][6][gc,age      ] GC(12) Desired survivor size 100663296 bytes, new threshold 15 (max threshold 15)
[2025-10-16T03:36:07.190+0000][6][gc,phases   ] GC(12)   Pre Evacuate Collection Set: 0.42ms
[2025-10-16T03:36:07.190+0000][6][gc,phases   ] GC(12)   Merge Heap Roots: 0.18ms
[2025-10-16T03:36:07.191+0000][6][gc,phases   ] GC(12)   Evacuate Collection Set: 74.87ms
[2025-10-16T03:36:07.191+0000][6][gc,phases   ] GC(12)   Post Evacuate Collection Set: 2.54ms
[2025-10-16T03:36:07.191+0000][6][gc,phases   ] GC(12)   Other: 0.12ms
[2025-10-16T03:36:07.191+0000][6][gc,age      ] GC(12) Age table with threshold 15 (max threshold 15)
[2025-10-16T03:36:07.191+0000][6][gc,age      ] GC(12) - age   1:   22421568 bytes,   22421568 total
[2025-10-16T03:36:07.191+0000][6][gc,age      ] GC(12) - age   2:   10861944 bytes,   33283512 total
[2025-10-16T03:36:07.191+0000][6][gc,age      ] GC(12) - age   3:      42080 bytes,   33325592 total
[2025-10-16T03:36:07.191+0000][6][gc,age      ] GC(12) - age   4:      30256 bytes,   33355848 total
[2025-10-16T03:36:07.191+0000][6][gc,age      ] GC(12) - age   5:   28137224 bytes,   61493072 total
[2025-10-16T03:36:07.191+0000][6][gc,age      ] GC(12) - age   6:    1614328 bytes,   63107400 total
[2025-10-16T03:36:07.191+0000][6][gc,age      ] GC(12) - age   7:    2078776 bytes,   65186176 total
[2025-10-16T03:36:07.191+0000][6][gc,age      ] GC(12) - age   8:    2489816 bytes,   67675992 total
[2025-10-16T03:36:07.191+0000][6][gc,age      ] GC(12) - age   9:    2969936 bytes,   70645928 total
[2025-10-16T03:36:07.191+0000][6][gc,heap     ] GC(12) Eden regions: 93->0(293)
[2025-10-16T03:36:07.191+0000][6][gc,heap     ] GC(12) Survivor regions: 13->18(48)
[2025-10-16T03:36:07.191+0000][6][gc,heap     ] GC(12) Old regions: 3->3
[2025-10-16T03:36:07.191+0000][6][gc,heap     ] GC(12) Humongous regions: 2->2
[2025-10-16T03:36:07.191+0000][6][gc,metaspace] GC(12) Metaspace: 100919K(103680K)->100919K(103680K) NonClass: 86365K(87872K)->86365K(87872K) Class: 14553K(15808K)->14553K(15808K)
[2025-10-16T03:36:07.191+0000][6][gc          ] GC(12) Pause Young (Concurrent Start) (Metadata GC Threshold) 440M->88M(3072M) 79.550ms
[2025-10-16T03:36:07.192+0000][6][gc,cpu      ] GC(12) User=0.22s Sys=0.01s Real=0.08s
[2025-10-16T03:36:07.192+0000][6][gc          ] GC(13) Concurrent Mark Cycle
[2025-10-16T03:36:07.192+0000][6][gc,marking  ] GC(13) Concurrent Scan Root Regions
[2025-10-16T03:36:07.192+0000][6][safepoint   ] Safepoint "CollectForMetadataAllocation", Time since last: 458449455 ns, Reaching safepoint: 9961 ns, Cleanup: 97669 ns, At safepoint: 80243473 ns, Total: 80351103 ns
[2025-10-16T03:36:07.196+0000][6][safepoint   ] Safepoint "CollectForMetadataAllocation", Time since last: 1985374 ns, Reaching safepoint: 2107360 ns, Cleanup: 4381 ns, At safepoint: 22133 ns, Total: 2133874 ns
[2025-10-16T03:36:07.274+0000][6][gc,marking  ] GC(13) Concurrent Scan Root Regions 82.477ms
[2025-10-16T03:36:07.274+0000][6][gc,marking  ] GC(13) Concurrent Mark
[2025-10-16T03:36:07.274+0000][6][gc,marking  ] GC(13) Concurrent Mark From Roots
[2025-10-16T03:36:07.274+0000][6][gc,task     ] GC(13) Using 2 workers of 2 for marking
[2025-10-16T03:36:07.281+0000][6][gc,marking  ] GC(13) Concurrent Mark From Roots 7.010ms
[2025-10-16T03:36:07.282+0000][6][gc,marking  ] GC(13) Concurrent Preclean
[2025-10-16T03:36:07.282+0000][6][gc,marking  ] GC(13) Concurrent Preclean 0.200ms
[2025-10-16T03:36:07.282+0000][6][gc,start    ] GC(13) Pause Remark
[2025-10-16T03:36:07.288+0000][6][gc          ] GC(13) Pause Remark 103M->103M(3072M) 5.937ms
[2025-10-16T03:36:07.288+0000][6][gc,cpu      ] GC(13) User=0.02s Sys=0.00s Real=0.01s
[2025-10-16T03:36:07.288+0000][6][safepoint   ] Safepoint "G1PauseRemark", Time since last: 85989798 ns, Reaching safepoint: 74854 ns, Cleanup: 11894 ns, At safepoint: 6003055 ns, Total: 6089803 ns
[2025-10-16T03:36:07.289+0000][6][gc,marking  ] GC(13) Concurrent Mark 14.922ms
[2025-10-16T03:36:07.290+0000][6][gc,marking  ] GC(13) Concurrent Rebuild Remembered Sets and Scrub Regions
[2025-10-16T03:36:07.296+0000][6][gc,marking  ] GC(13) Concurrent Rebuild Remembered Sets and Scrub Regions 6.206ms
[2025-10-16T03:36:07.296+0000][6][gc,start    ] GC(13) Pause Cleanup
[2025-10-16T03:36:07.297+0000][6][gc          ] GC(13) Pause Cleanup 104M->104M(3072M) 0.126ms
[2025-10-16T03:36:07.297+0000][6][gc,cpu      ] GC(13) User=0.00s Sys=0.00s Real=0.00s
[2025-10-16T03:36:07.297+0000][6][safepoint   ] Safepoint "G1PauseCleanup", Time since last: 7651854 ns, Reaching safepoint: 426725 ns, Cleanup: 24631 ns, At safepoint: 169781 ns, Total: 621137 ns
[2025-10-16T03:36:07.298+0000][6][gc,marking  ] GC(13) Concurrent Clear Claimed Marks
[2025-10-16T03:36:07.299+0000][6][gc,marking  ] GC(13) Concurrent Clear Claimed Marks 0.439ms
[2025-10-16T03:36:07.299+0000][6][gc,marking  ] GC(13) Concurrent Cleanup for Next Mark
[2025-10-16T03:36:07.303+0000][6][gc,marking  ] GC(13) Concurrent Cleanup for Next Mark 3.809ms
[2025-10-16T03:36:07.303+0000][6][gc          ] GC(13) Concurrent Mark Cycle 111.442ms
[2025-10-16T03:36:08.297+0000][6][safepoint   ] Safepoint "Cleanup", Time since last: 1000096749 ns, Reaching safepoint: 25804 ns, Cleanup: 56672 ns, At safepoint: 7171 ns, Total: 89647 ns
[2025-10-16T03:36:09.297+0000][6][safepoint   ] Safepoint "Cleanup", Time since last: 1000100877 ns, Reaching safepoint: 7817 ns, Cleanup: 10933 ns, At safepoint: 6678 ns, Total: 25428 ns
[2025-10-16T03:36:10.388+0000][6][safepoint   ] Safepoint "Cleanup", Time since last: 1091389690 ns, Reaching safepoint: 31288 ns, Cleanup: 17322 ns, At safepoint: 8886 ns, Total: 57496 ns
[2025-10-16T03:36:11.390+0000][6][safepoint   ] Safepoint "Cleanup", Time since last: 1001650569 ns, Reaching safepoint: 8459 ns, Cleanup: 24871 ns, At safepoint: 6436 ns, Total: 39766 ns
[2025-10-16T03:36:12.390+0000][6][safepoint   ] Safepoint "Cleanup", Time since last: 1000101289 ns, Reaching safepoint: 21997 ns, Cleanup: 12677 ns, At safepoint: 6716 ns, Total: 41390 ns
[2025-10-16T03:36:13.391+0000][6][safepoint   ] Safepoint "Cleanup", Time since last: 1000251661 ns, Reaching safepoint: 12248 ns, Cleanup: 18825 ns, At safepoint: 6703 ns, Total: 37776 ns
[2025-10-16T03:36:14.391+0000][6][safepoint   ] Safepoint "Cleanup", Time since last: 1000116419 ns, Reaching safepoint: 27159 ns, Cleanup: 33473 ns, At safepoint: 9656 ns, Total: 70288 ns
[2025-10-16T03:36:15.391+0000][6][safepoint   ] Safepoint "Cleanup", Time since last: 1000061062 ns, Reaching safepoint: 10636 ns, Cleanup: 8930 ns, At safepoint: 5776 ns, Total: 25342 ns
[2025-10-16T03:36:16.391+0000][6][safepoint   ] Safepoint "Cleanup", Time since last: 1000103466 ns, Reaching safepoint: 26323 ns, Cleanup: 11174 ns, At safepoint: 6584 ns, Total: 44081 ns
[2025-10-16T03:36:17.391+0000][6][safepoint   ] Safepoint "Cleanup", Time since last: 1000110056 ns, Reaching safepoint: 6980 ns, Cleanup: 15408 ns, At safepoint: 5746 ns, Total: 28134 ns
[2025-10-16T03:36:18.391+0000][6][safepoint   ] Safepoint "Cleanup", Time since last: 1000124997 ns, Reaching safepoint: 39350 ns, Cleanup: 18742 ns, At safepoint: 12177 ns, Total: 70269 ns
[2025-10-16T03:36:19.391+0000][6][safepoint   ] Safepoint "Cleanup", Time since last: 1000140830 ns, Reaching safepoint: 11541 ns, Cleanup: 29848 ns, At safepoint: 6458 ns, Total: 47847 ns
[2025-10-16T03:36:22.392+0000][6][safepoint   ] Safepoint "Cleanup", Time since last: 3000242623 ns, Reaching safepoint: 12048 ns, Cleanup: 22254 ns, At safepoint: 9793 ns, Total: 44095 ns
[2025-10-16T03:36:23.078+0000][6][safepoint   ] Safepoint "ICBufferFull", Time since last: 686148809 ns, Reaching safepoint: 9698 ns, Cleanup: 82104 ns, At safepoint: 8879 ns, Total: 100681 ns
[2025-10-16T03:36:24.078+0000][6][safepoint   ] Safepoint "Cleanup", Time since last: 1000338294 ns, Reaching safepoint: 8963 ns, Cleanup: 34769 ns, At safepoint: 6302 ns, Total: 50034 ns
[2025-10-16T03:36:25.079+0000][6][safepoint   ] Safepoint "Cleanup", Time since last: 1000118579 ns, Reaching safepoint: 8230 ns, Cleanup: 7408 ns, At safepoint: 5553 ns, Total: 21191 ns
[2025-10-16T03:36:26.079+0000][6][safepoint   ] Safepoint "Cleanup", Time since last: 1000099660 ns, Reaching safepoint: 13067 ns, Cleanup: 12876 ns, At safepoint: 8222 ns, Total: 34165 ns
[2025-10-16T03:36:27.079+0000][6][safepoint   ] Safepoint "Cleanup", Time since last: 1000131396 ns, Reaching safepoint: 8233 ns, Cleanup: 9929 ns, At safepoint: 4918 ns, Total: 23080 ns
[2025-10-16T03:36:28.079+0000][6][safepoint   ] Safepoint "Cleanup", Time since last: 1000126267 ns, Reaching safepoint: 18210 ns, Cleanup: 74126 ns, At safepoint: 4868 ns, Total: 97204 ns
[2025-10-16T03:36:29.079+0000][6][safepoint   ] Safepoint "Cleanup", Time since last: 1000107331 ns, Reaching safepoint: 19066 ns, Cleanup: 52251 ns, At safepoint: 11972 ns, Total: 83289 ns
[2025-10-16T03:36:30.633+0000][6][safepoint   ] Safepoint "Cleanup", Time since last: 1553713779 ns, Reaching safepoint: 7850 ns, Cleanup: 8287 ns, At safepoint: 5024 ns, Total: 21161 ns
[2025-10-16T03:36:31.633+0000][6][safepoint   ] Safepoint "Cleanup", Time since last: 1000184164 ns, Reaching safepoint: 10578 ns, Cleanup: 9912 ns, At safepoint: 3776 ns, Total: 24266 ns
[2025-10-16T03:36:32.633+0000][6][safepoint   ] Safepoint "Cleanup", Time since last: 1000095165 ns, Reaching safepoint: 10807 ns, Cleanup: 12706 ns, At safepoint: 4071 ns, Total: 27584 ns
[2025-10-16T03:36:34.634+0000][6][safepoint   ] Safepoint "Cleanup", Time since last: 2000472687 ns, Reaching safepoint: 18501 ns, Cleanup: 10809 ns, At safepoint: 4612 ns, Total: 33922 ns
[2025-10-16T03:36:35.634+0000][6][safepoint   ] Safepoint "Cleanup", Time since last: 1000084201 ns, Reaching safepoint: 7903 ns, Cleanup: 14747 ns, At safepoint: 5215 ns, Total: 27865 ns
[2025-10-16T03:36:36.634+0000][6][safepoint   ] Safepoint "Cleanup", Time since last: 1000099556 ns, Reaching safepoint: 12598 ns, Cleanup: 22089 ns, At safepoint: 7379 ns, Total: 42066 ns
[2025-10-16T03:36:38.634+0000][6][safepoint   ] Safepoint "Cleanup", Time since last: 2000175785 ns, Reaching safepoint: 11626 ns, Cleanup: 9603 ns, At safepoint: 6470 ns, Total: 27699 ns
[2025-10-16T03:36:39.634+0000][6][safepoint   ] Safepoint "Cleanup", Time since last: 1000104119 ns, Reaching safepoint: 8907 ns, Cleanup: 7944 ns, At safepoint: 5489 ns, Total: 22340 ns
[2025-10-16T03:36:40.634+0000][6][safepoint   ] Safepoint "Cleanup", Time since last: 1000082613 ns, Reaching safepoint: 8446 ns, Cleanup: 8023 ns, At safepoint: 5202 ns, Total: 21671 ns
[2025-10-16T03:36:42.635+0000][6][safepoint   ] Safepoint "Cleanup", Time since last: 2000156683 ns, Reaching safepoint: 10032 ns, Cleanup: 8119 ns, At safepoint: 4948 ns, Total: 23099 ns
[2025-10-16T03:36:43.635+0000][6][safepoint   ] Safepoint "Cleanup", Time since last: 1000092648 ns, Reaching safepoint: 10094 ns, Cleanup: 9124 ns, At safepoint: 5218 ns, Total: 24436 ns
[2025-10-16T03:36:46.636+0000][6][safepoint   ] Safepoint "Cleanup", Time since last: 3000631363 ns, Reaching safepoint: 19231 ns, Cleanup: 33584 ns, At safepoint: 15314 ns, Total: 68129 ns
[2025-10-16T03:36:48.444+0000][6][safepoint   ] Safepoint "Cleanup", Time since last: 1808444933 ns, Reaching safepoint: 3431 ns, Cleanup: 8697 ns, At safepoint: 1935 ns, Total: 14063 ns
[2025-10-16T03:36:52.444+0000][6][safepoint   ] Safepoint "Cleanup", Time since last: 4000283739 ns, Reaching safepoint: 8822 ns, Cleanup: 8675 ns, At safepoint: 5648 ns, Total: 23145 ns
[2025-10-16T03:36:54.448+0000][6][safepoint   ] Safepoint "Cleanup", Time since last: 2000168975 ns, Reaching safepoint: 25777 ns, Cleanup: 3466799 ns, At safepoint: 14708 ns, Total: 3507284 ns
[2025-10-16T03:36:58.450+0000][6][safepoint   ] Safepoint "Cleanup", Time since last: 4000299337 ns, Reaching safepoint: 27537 ns, Cleanup: 14684 ns, At safepoint: 4792 ns, Total: 47013 ns
[2025-10-16T03:37:00.450+0000][6][safepoint   ] Safepoint "Cleanup", Time since last: 2002142045 ns, Reaching safepoint: 8646 ns, Cleanup: 6749 ns, At safepoint: 4571 ns, Total: 19966 ns
[2025-10-16T03:37:01.451+0000][6][safepoint   ] Safepoint "Cleanup", Time since last: 1000094785 ns, Reaching safepoint: 8716 ns, Cleanup: 10130 ns, At safepoint: 5992 ns, Total: 24838 ns
[2025-10-16T03:37:03.451+0000][6][safepoint   ] Safepoint "Cleanup", Time since last: 2000153872 ns, Reaching safepoint: 7296 ns, Cleanup: 7010 ns, At safepoint: 5956 ns, Total: 20262 ns
[2025-10-16T03:37:04.451+0000][6][safepoint   ] Safepoint "Cleanup", Time since last: 1000091978 ns, Reaching safepoint: 8421 ns, Cleanup: 7071 ns, At safepoint: 4821 ns, Total: 20313 ns
[2025-10-16T03:37:05.451+0000][6][safepoint   ] Safepoint "Cleanup", Time since last: 1000084214 ns, Reaching safepoint: 17846 ns, Cleanup: 8194 ns, At safepoint: 5751 ns, Total: 31791 ns
[2025-10-16T03:37:07.451+0000][6][safepoint   ] Safepoint "Cleanup", Time since last: 2000179739 ns, Reaching safepoint: 11739 ns, Cleanup: 14230 ns, At safepoint: 5680 ns, Total: 31649 ns
[2025-10-16T03:37:09.451+0000][6][safepoint   ] Safepoint "Cleanup", Time since last: 2000152588 ns, Reaching safepoint: 8613 ns, Cleanup: 9972 ns, At safepoint: 4763 ns, Total: 23348 ns
[2025-10-16T03:37:10.452+0000][6][safepoint   ] Safepoint "Cleanup", Time since last: 1000116440 ns, Reaching safepoint: 12832 ns, Cleanup: 7446 ns, At safepoint: 30275 ns, Total: 50553 ns
[2025-10-16T03:37:15.452+0000][6][safepoint   ] Safepoint "Cleanup", Time since last: 5000388317 ns, Reaching safepoint: 49128 ns, Cleanup: 24766 ns, At safepoint: 22045 ns, Total: 95939 ns
[2025-10-16T03:37:17.452+0000][6][safepoint   ] Safepoint "Cleanup", Time since last: 2000304883 ns, Reaching safepoint: 10236 ns, Cleanup: 9520 ns, At safepoint: 7073 ns, Total: 26829 ns
[2025-10-16T03:37:18.452+0000][6][safepoint   ] Safepoint "Cleanup", Time since last: 1000090809 ns, Reaching safepoint: 7681 ns, Cleanup: 7245 ns, At safepoint: 5120 ns, Total: 20046 ns
[2025-10-16T03:37:19.453+0000][6][safepoint   ] Safepoint "Cleanup", Time since last: 1000111907 ns, Reaching safepoint: 8944 ns, Cleanup: 8185 ns, At safepoint: 6368 ns, Total: 23497 ns
[2025-10-16T03:37:23.453+0000][6][safepoint   ] Safepoint "Cleanup", Time since last: 4000268011 ns, Reaching safepoint: 18085 ns, Cleanup: 12050 ns, At safepoint: 5142 ns, Total: 35277 ns
[2025-10-16T03:37:25.453+0000][6][safepoint   ] Safepoint "Cleanup", Time since last: 2000145782 ns, Reaching safepoint: 9027 ns, Cleanup: 6753 ns, At safepoint: 4767 ns, Total: 20547 ns
[2025-10-16T03:37:26.453+0000][6][safepoint   ] Safepoint "Cleanup", Time since last: 1000091268 ns, Reaching safepoint: 8864 ns, Cleanup: 6845 ns, At safepoint: 4600 ns, Total: 20309 ns
[2025-10-16T03:37:27.453+0000][6][safepoint   ] Safepoint "Cleanup", Time since last: 1000095178 ns, Reaching safepoint: 15552 ns, Cleanup: 9533 ns, At safepoint: 10010 ns, Total: 35095 ns
[2025-10-16T03:37:28.453+0000][6][safepoint   ] Safepoint "Cleanup", Time since last: 1000107632 ns, Reaching safepoint: 11562 ns, Cleanup: 10210 ns, At safepoint: 5720 ns, Total: 27492 ns
[2025-10-16T03:37:30.454+0000][6][safepoint   ] Safepoint "Cleanup", Time since last: 2000103655 ns, Reaching safepoint: 8298 ns, Cleanup: 50535 ns, At safepoint: 6568 ns, Total: 65401 ns
[2025-10-16T03:37:31.455+0000][6][safepoint   ] Safepoint "Cleanup", Time since last: 1000894489 ns, Reaching safepoint: 102562 ns, Cleanup: 84644 ns, At safepoint: 68082 ns, Total: 255288 ns
[2025-10-16T03:37:32.667+0000][6][safepoint   ] Safepoint "Cleanup", Time since last: 1212614973 ns, Reaching safepoint: 14221 ns, Cleanup: 72267 ns, At safepoint: 21431 ns, Total: 107919 ns
[2025-10-16T03:37:33.668+0000][6][safepoint   ] Safepoint "Cleanup", Time since last: 1000101672 ns, Reaching safepoint: 12345 ns, Cleanup: 15738 ns, At safepoint: 7259 ns, Total: 35342 ns
[2025-10-16T03:37:35.668+0000][6][safepoint   ] Safepoint "Cleanup", Time since last: 2000181258 ns, Reaching safepoint: 13241 ns, Cleanup: 14063 ns, At safepoint: 6698 ns, Total: 34002 ns
[2025-10-16T03:37:36.668+0000][6][safepoint   ] Safepoint "Cleanup", Time since last: 1000110457 ns, Reaching safepoint: 8650 ns, Cleanup: 18363 ns, At safepoint: 6845 ns, Total: 33858 ns
[2025-10-16T03:37:37.669+0000][6][safepoint   ] Safepoint "Cleanup", Time since last: 1000513926 ns, Reaching safepoint: 14023 ns, Cleanup: 14747 ns, At safepoint: 7687 ns, Total: 36457 ns
[2025-10-16T03:37:38.670+0000][6][safepoint   ] Safepoint "Cleanup", Time since last: 1000961244 ns, Reaching safepoint: 30943 ns, Cleanup: 20790 ns, At safepoint: 7253 ns, Total: 58986 ns
[2025-10-16T03:37:39.670+0000][6][safepoint   ] Safepoint "Cleanup", Time since last: 1000108159 ns, Reaching safepoint: 16600 ns, Cleanup: 12247 ns, At safepoint: 9629 ns, Total: 38476 ns
[2025-10-16T03:37:44.670+0000][6][safepoint   ] Safepoint "Cleanup", Time since last: 5000382555 ns, Reaching safepoint: 27101 ns, Cleanup: 12156 ns, At safepoint: 6777 ns, Total: 46034 ns
[2025-10-16T03:37:46.670+0000][6][safepoint   ] Safepoint "Cleanup", Time since last: 2000157106 ns, Reaching safepoint: 8283 ns, Cleanup: 14628 ns, At safepoint: 5306 ns, Total: 28217 ns
[2025-10-16T03:37:48.467+0000][6][safepoint   ] Safepoint "Cleanup", Time since last: 1796943499 ns, Reaching safepoint: 67302 ns, Cleanup: 7421 ns, At safepoint: 3748 ns, Total: 78471 ns
[2025-10-16T03:37:50.467+0000][6][safepoint   ] Safepoint "Cleanup", Time since last: 2000152297 ns, Reaching safepoint: 8273 ns, Cleanup: 12639 ns, At safepoint: 6153 ns, Total: 27065 ns
[2025-10-16T03:37:56.468+0000][6][safepoint   ] Safepoint "Cleanup", Time since last: 6000401873 ns, Reaching safepoint: 8040 ns, Cleanup: 9103 ns, At safepoint: 4681 ns, Total: 21824 ns
[2025-10-16T03:37:58.468+0000][6][safepoint   ] Safepoint "Cleanup", Time since last: 2000149977 ns, Reaching safepoint: 23850 ns, Cleanup: 8516 ns, At safepoint: 6104 ns, Total: 38470 ns
[2025-10-16T03:38:00.468+0000][6][safepoint   ] Safepoint "Cleanup", Time since last: 2000158924 ns, Reaching safepoint: 17643 ns, Cleanup: 7617 ns, At safepoint: 5802 ns, Total: 31062 ns
[2025-10-16T03:38:03.468+0000][6][safepoint   ] Safepoint "Cleanup", Time since last: 3000168755 ns, Reaching safepoint: 8782 ns, Cleanup: 7993 ns, At safepoint: 4346 ns, Total: 21121 ns
[2025-10-16T03:38:04.469+0000][6][safepoint   ] Safepoint "Cleanup", Time since last: 1000107406 ns, Reaching safepoint: 8195 ns, Cleanup: 10762 ns, At safepoint: 4920 ns, Total: 23877 ns
[2025-10-16T03:38:05.469+0000][6][safepoint   ] Safepoint "Cleanup", Time since last: 1000088136 ns, Reaching safepoint: 20753 ns, Cleanup: 7658 ns, At safepoint: 5378 ns, Total: 33789 ns
[2025-10-16T03:38:06.469+0000][6][safepoint   ] Safepoint "Cleanup", Time since last: 1000170054 ns, Reaching safepoint: 7599 ns, Cleanup: 6971 ns, At safepoint: 5727 ns, Total: 20297 ns
[2025-10-16T03:38:07.469+0000][6][safepoint   ] Safepoint "Cleanup", Time since last: 1000096995 ns, Reaching safepoint: 13943 ns, Cleanup: 11661 ns, At safepoint: 7796 ns, Total: 33400 ns
[2025-10-16T03:38:11.469+0000][6][safepoint   ] Safepoint "Cleanup", Time since last: 4000343217 ns, Reaching safepoint: 19672 ns, Cleanup: 10023 ns, At safepoint: 5770 ns, Total: 35465 ns
[2025-10-16T03:38:12.470+0000][6][safepoint   ] Safepoint "Cleanup", Time since last: 1000092719 ns, Reaching safepoint: 7812 ns, Cleanup: 11848 ns, At safepoint: 4620 ns, Total: 24280 ns
[2025-10-16T03:38:14.470+0000][6][safepoint   ] Safepoint "Cleanup", Time since last: 2000147225 ns, Reaching safepoint: 8847 ns, Cleanup: 7510 ns, At safepoint: 6087 ns, Total: 22444 ns
[2025-10-16T03:38:16.470+0000][6][safepoint   ] Safepoint "Cleanup", Time since last: 2000141770 ns, Reaching safepoint: 8413 ns, Cleanup: 8813 ns, At safepoint: 4009 ns, Total: 21235 ns
[2025-10-16T03:38:18.470+0000][6][safepoint   ] Safepoint "Cleanup", Time since last: 2000144533 ns, Reaching safepoint: 8162 ns, Cleanup: 8199 ns, At safepoint: 4691 ns, Total: 21052 ns
[2025-10-16T03:38:21.470+0000][6][safepoint   ] Safepoint "Cleanup", Time since last: 3000243554 ns, Reaching safepoint: 7624 ns, Cleanup: 8626 ns, At safepoint: 5147 ns, Total: 21397 ns
[2025-10-16T03:38:23.471+0000][6][safepoint   ] Safepoint "Cleanup", Time since last: 2000180798 ns, Reaching safepoint: 7787 ns, Cleanup: 7133 ns, At safepoint: 4931 ns, Total: 19851 ns
[2025-10-16T03:38:31.471+0000][6][safepoint   ] Safepoint "Cleanup", Time since last: 8000543412 ns, Reaching safepoint: 25216 ns, Cleanup: 14389 ns, At safepoint: 6074 ns, Total: 45679 ns
[2025-10-16T03:38:33.471+0000][6][safepoint   ] Safepoint "Cleanup", Time since last: 2000315041 ns, Reaching safepoint: 17140 ns, Cleanup: 41414 ns, At safepoint: 7210 ns, Total: 65764 ns
[2025-10-16T03:38:35.472+0000][6][safepoint   ] Safepoint "Cleanup", Time since last: 2000168128 ns, Reaching safepoint: 9912 ns, Cleanup: 9948 ns, At safepoint: 5523 ns, Total: 25383 ns
[2025-10-16T03:38:36.472+0000][6][safepoint   ] Safepoint "Cleanup", Time since last: 1000099291 ns, Reaching safepoint: 11351 ns, Cleanup: 10585 ns, At safepoint: 6251 ns, Total: 28187 ns
[2025-10-16T03:38:45.472+0000][6][safepoint   ] Safepoint "Cleanup", Time since last: 9000566826 ns, Reaching safepoint: 24343 ns, Cleanup: 7692 ns, At safepoint: 5597 ns, Total: 37632 ns
[2025-10-16T03:38:47.473+0000][6][safepoint   ] Safepoint "Cleanup", Time since last: 2000228685 ns, Reaching safepoint: 8361 ns, Cleanup: 7023 ns, At safepoint: 4377 ns, Total: 19761 ns
[2025-10-16T03:38:51.484+0000][6][safepoint   ] Safepoint "Cleanup", Time since last: 4010954470 ns, Reaching safepoint: 8587 ns, Cleanup: 9740 ns, At safepoint: 4576 ns, Total: 22903 ns
[2025-10-16T03:38:53.484+0000][6][safepoint   ] Safepoint "Cleanup", Time since last: 2000154856 ns, Reaching safepoint: 7893 ns, Cleanup: 8571 ns, At safepoint: 4992 ns, Total: 21456 ns
[2025-10-16T03:38:55.484+0000][6][safepoint   ] Safepoint "Cleanup", Time since last: 2000146522 ns, Reaching safepoint: 7898 ns, Cleanup: 8407 ns, At safepoint: 4948 ns, Total: 21253 ns
[2025-10-16T03:38:57.484+0000][6][safepoint   ] Safepoint "Cleanup", Time since last: 2000148322 ns, Reaching safepoint: 20875 ns, Cleanup: 11923 ns, At safepoint: 4965 ns, Total: 37763 ns
[2025-10-16T03:39:02.485+0000][6][safepoint   ] Safepoint "Cleanup", Time since last: 5000354264 ns, Reaching safepoint: 8793 ns, Cleanup: 7339 ns, At safepoint: 5387 ns, Total: 21519 ns
[2025-10-16T03:39:04.485+0000][6][safepoint   ] Safepoint "Cleanup", Time since last: 2000160253 ns, Reaching safepoint: 9959 ns, Cleanup: 8510 ns, At safepoint: 5954 ns, Total: 24423 ns
[2025-10-16T03:39:06.485+0000][6][safepoint   ] Safepoint "Cleanup", Time since last: 2000168368 ns, Reaching safepoint: 25460 ns, Cleanup: 11925 ns, At safepoint: 10953 ns, Total: 48338 ns
[2025-10-16T03:39:07.488+0000][6][safepoint   ] Safepoint "Cleanup", Time since last: 1003389977 ns, Reaching safepoint: 10358 ns, Cleanup: 13260 ns, At safepoint: 9242 ns, Total: 32860 ns
[2025-10-16T03:39:08.489+0000][6][safepoint   ] Safepoint "Cleanup", Time since last: 1000109546 ns, Reaching safepoint: 10141 ns, Cleanup: 25081 ns, At safepoint: 5503 ns, Total: 40725 ns
[2025-10-16T03:39:09.489+0000][6][safepoint   ] Safepoint "Cleanup", Time since last: 1000112755 ns, Reaching safepoint: 19740 ns, Cleanup: 16230 ns, At safepoint: 12106 ns, Total: 48076 ns
[2025-10-16T03:39:10.489+0000][6][safepoint   ] Safepoint "Cleanup", Time since last: 1000136320 ns, Reaching safepoint: 26893 ns, Cleanup: 17055 ns, At safepoint: 13873 ns, Total: 57821 ns
[2025-10-16T03:39:12.489+0000][6][safepoint   ] Safepoint "Cleanup", Time since last: 2000225534 ns, Reaching safepoint: 8304 ns, Cleanup: 7913 ns, At safepoint: 4776 ns, Total: 20993 ns
[2025-10-16T03:39:14.489+0000][6][safepoint   ] Safepoint "Cleanup", Time since last: 2000156649 ns, Reaching safepoint: 9652 ns, Cleanup: 19337 ns, At safepoint: 7885 ns, Total: 36874 ns
[2025-10-16T03:39:15.489+0000][6][safepoint   ] Safepoint "Cleanup", Time since last: 1000121343 ns, Reaching safepoint: 16279 ns, Cleanup: 10227 ns, At safepoint: 5943 ns, Total: 32449 ns
[2025-10-16T03:39:20.490+0000][6][safepoint   ] Safepoint "Cleanup", Time since last: 5000347301 ns, Reaching safepoint: 8592 ns, Cleanup: 10943 ns, At safepoint: 4399 ns, Total: 23934 ns
[2025-10-16T03:39:22.490+0000][6][safepoint   ] Safepoint "Cleanup", Time since last: 2000168324 ns, Reaching safepoint: 23071 ns, Cleanup: 7402 ns, At safepoint: 6208 ns, Total: 36681 ns
[2025-10-16T03:39:26.490+0000][6][safepoint   ] Safepoint "Cleanup", Time since last: 4000338907 ns, Reaching safepoint: 9198 ns, Cleanup: 8979 ns, At safepoint: 5742 ns, Total: 23919 ns
[2025-10-16T03:39:28.491+0000][6][safepoint   ] Safepoint "Cleanup", Time since last: 2000136107 ns, Reaching safepoint: 9736 ns, Cleanup: 10510 ns, At safepoint: 5317 ns, Total: 25563 ns
[2025-10-16T03:39:36.491+0000][6][safepoint   ] Safepoint "Cleanup", Time since last: 8000591591 ns, Reaching safepoint: 22744 ns, Cleanup: 13161 ns, At safepoint: 6255 ns, Total: 42160 ns
[2025-10-16T03:39:37.492+0000][6][safepoint   ] Safepoint "Cleanup", Time since last: 1000295329 ns, Reaching safepoint: 9185 ns, Cleanup: 10500 ns, At safepoint: 5644 ns, Total: 25329 ns
[2025-10-16T03:39:39.492+0000][6][safepoint   ] Safepoint "Cleanup", Time since last: 2000165534 ns, Reaching safepoint: 16810 ns, Cleanup: 12765 ns, At safepoint: 9982 ns, Total: 39557 ns
[2025-10-16T03:39:40.492+0000][6][safepoint   ] Safepoint "Cleanup", Time since last: 1000148545 ns, Reaching safepoint: 12981 ns, Cleanup: 183964 ns, At safepoint: 10488 ns, Total: 207433 ns
[2025-10-16T03:39:41.492+0000][6][safepoint   ] Safepoint "Cleanup", Time since last: 1000101129 ns, Reaching safepoint: 11477 ns, Cleanup: 10946 ns, At safepoint: 5519 ns, Total: 27942 ns
[2025-10-16T03:39:43.492+0000][6][safepoint   ] Safepoint "Cleanup", Time since last: 2000168892 ns, Reaching safepoint: 9843 ns, Cleanup: 10611 ns, At safepoint: 5084 ns, Total: 25538 ns
[2025-10-16T03:39:44.493+0000][6][safepoint   ] Safepoint "Cleanup", Time since last: 1000082676 ns, Reaching safepoint: 44873 ns, Cleanup: 8408 ns, At safepoint: 7135 ns, Total: 60416 ns
[2025-10-16T03:39:45.493+0000][6][safepoint   ] Safepoint "Cleanup", Time since last: 1000092579 ns, Reaching safepoint: 11392 ns, Cleanup: 10614 ns, At safepoint: 6611 ns, Total: 28617 ns
[2025-10-16T03:39:51.499+0000][6][safepoint   ] Safepoint "Cleanup", Time since last: 6006720259 ns, Reaching safepoint: 7783 ns, Cleanup: 7757 ns, At safepoint: 4985 ns, Total: 20525 ns
[2025-10-16T03:39:57.502+0000][6][safepoint   ] Safepoint "Cleanup", Time since last: 6002479038 ns, Reaching safepoint: 24292 ns, Cleanup: 13488 ns, At safepoint: 5894 ns, Total: 43674 ns
[2025-10-16T03:39:59.507+0000][6][safepoint   ] Safepoint "Cleanup", Time since last: 2004951522 ns, Reaching safepoint: 35994 ns, Cleanup: 54848 ns, At safepoint: 11623 ns, Total: 102465 ns
[2025-10-16T03:40:00.509+0000][6][safepoint   ] Safepoint "Cleanup", Time since last: 1001483955 ns, Reaching safepoint: 13031 ns, Cleanup: 12016 ns, At safepoint: 6849 ns, Total: 31896 ns
[2025-10-16T03:40:01.509+0000][6][safepoint   ] Safepoint "Cleanup", Time since last: 1000130058 ns, Reaching safepoint: 15526 ns, Cleanup: 28463 ns, At safepoint: 8790 ns, Total: 52779 ns
[2025-10-16T03:40:03.509+0000][6][safepoint   ] Safepoint "Cleanup", Time since last: 2000184165 ns, Reaching safepoint: 12314 ns, Cleanup: 18439 ns, At safepoint: 7632 ns, Total: 38385 ns
[2025-10-16T03:40:06.509+0000][6][safepoint   ] Safepoint "Cleanup", Time since last: 3000235939 ns, Reaching safepoint: 20153 ns, Cleanup: 9468 ns, At safepoint: 5023 ns, Total: 34644 ns
[2025-10-16T03:40:10.510+0000][6][safepoint   ] Safepoint "Cleanup", Time since last: 4000626225 ns, Reaching safepoint: 10508 ns, Cleanup: 9563 ns, At safepoint: 6126 ns, Total: 26197 ns
[2025-10-16T03:40:12.510+0000][6][safepoint   ] Safepoint "Cleanup", Time since last: 2000154247 ns, Reaching safepoint: 16913 ns, Cleanup: 42455 ns, At safepoint: 7653 ns, Total: 67021 ns
[2025-10-16T03:40:13.510+0000][6][safepoint   ] Safepoint "Cleanup", Time since last: 1000102259 ns, Reaching safepoint: 8587 ns, Cleanup: 10583 ns, At safepoint: 5736 ns, Total: 24906 ns
[2025-10-16T03:40:14.510+0000][6][safepoint   ] Safepoint "Cleanup", Time since last: 1000095849 ns, Reaching safepoint: 11673 ns, Cleanup: 18220 ns, At safepoint: 5149 ns, Total: 35042 ns
[2025-10-16T03:40:15.510+0000][6][safepoint   ] Safepoint "Cleanup", Time since last: 1000106847 ns, Reaching safepoint: 14773 ns, Cleanup: 22848 ns, At safepoint: 9260 ns, Total: 46881 ns
[2025-10-16T03:40:17.511+0000][6][safepoint   ] Safepoint "Cleanup", Time since last: 2000188578 ns, Reaching safepoint: 11771 ns, Cleanup: 8794 ns, At safepoint: 5414 ns, Total: 25979 ns
[2025-10-16T03:40:18.511+0000][6][safepoint   ] Safepoint "Cleanup", Time since last: 1000101192 ns, Reaching safepoint: 8844 ns, Cleanup: 14537 ns, At safepoint: 5561 ns, Total: 28942 ns
[2025-10-16T03:40:19.511+0000][6][safepoint   ] Safepoint "Cleanup", Time since last: 1000093124 ns, Reaching safepoint: 9000 ns, Cleanup: 15166 ns, At safepoint: 4781 ns, Total: 28947 ns
[2025-10-16T03:40:20.511+0000][6][safepoint   ] Safepoint "Cleanup", Time since last: 1000102466 ns, Reaching safepoint: 22924 ns, Cleanup: 123255 ns, At safepoint: 6882 ns, Total: 153061 ns
[2025-10-16T03:40:24.512+0000][6][safepoint   ] Safepoint "Cleanup", Time since last: 4000284306 ns, Reaching safepoint: 23983 ns, Cleanup: 11469 ns, At safepoint: 5517 ns, Total: 40969 ns
[2025-10-16T03:40:26.512+0000][6][safepoint   ] Safepoint "Cleanup", Time since last: 2000332647 ns, Reaching safepoint: 8748 ns, Cleanup: 9416 ns, At safepoint: 5547 ns, Total: 23711 ns
[2025-10-16T03:40:32.512+0000][6][safepoint   ] Safepoint "Cleanup", Time since last: 6000404250 ns, Reaching safepoint: 37076 ns, Cleanup: 10145 ns, At safepoint: 7631 ns, Total: 54852 ns
[2025-10-16T03:40:35.513+0000][6][safepoint   ] Safepoint "Cleanup", Time since last: 3000275652 ns, Reaching safepoint: 8446 ns, Cleanup: 7809 ns, At safepoint: 5206 ns, Total: 21461 ns
[2025-10-16T03:40:36.513+0000][6][safepoint   ] Safepoint "Cleanup", Time since last: 1000091882 ns, Reaching safepoint: 7884 ns, Cleanup: 11167 ns, At safepoint: 4376 ns, Total: 23427 ns
[2025-10-16T03:40:38.513+0000][6][safepoint   ] Safepoint "Cleanup", Time since last: 2000153244 ns, Reaching safepoint: 9427 ns, Cleanup: 11480 ns, At safepoint: 5459 ns, Total: 26366 ns
[2025-10-16T03:40:40.513+0000][6][safepoint   ] Safepoint "Cleanup", Time since last: 2000153938 ns, Reaching safepoint: 12226 ns, Cleanup: 13023 ns, At safepoint: 6121 ns, Total: 31370 ns
[2025-10-16T03:40:42.513+0000][6][safepoint   ] Safepoint "Cleanup", Time since last: 2000195298 ns, Reaching safepoint: 14945 ns, Cleanup: 13568 ns, At safepoint: 7739 ns, Total: 36252 ns
[2025-10-16T03:40:49.518+0000][6][safepoint   ] Safepoint "Cleanup", Time since last: 7005002726 ns, Reaching safepoint: 14969 ns, Cleanup: 14230 ns, At safepoint: 8638 ns, Total: 37837 ns
[2025-10-16T03:40:51.519+0000][6][safepoint   ] Safepoint "Cleanup", Time since last: 2000179420 ns, Reaching safepoint: 7748 ns, Cleanup: 7190 ns, At safepoint: 4471 ns, Total: 19409 ns
[2025-10-16T03:40:53.519+0000][6][safepoint   ] Safepoint "Cleanup", Time since last: 2000158484 ns, Reaching safepoint: 8258 ns, Cleanup: 7318 ns, At safepoint: 4325 ns, Total: 19901 ns
[2025-10-16T03:40:55.519+0000][6][safepoint   ] Safepoint "Cleanup", Time since last: 2000158116 ns, Reaching safepoint: 11835 ns, Cleanup: 8327 ns, At safepoint: 4611 ns, Total: 24773 ns
[2025-10-16T03:40:57.519+0000][6][safepoint   ] Safepoint "Cleanup", Time since last: 2000224247 ns, Reaching safepoint: 8296 ns, Cleanup: 11889 ns, At safepoint: 5484 ns, Total: 25669 ns
[2025-10-16T03:40:59.519+0000][6][safepoint   ] Safepoint "Cleanup", Time since last: 2000157101 ns, Reaching safepoint: 8817 ns, Cleanup: 7184 ns, At safepoint: 4805 ns, Total: 20806 ns
[2025-10-16T03:41:00.520+0000][6][safepoint   ] Safepoint "Cleanup", Time since last: 1000099839 ns, Reaching safepoint: 21285 ns, Cleanup: 10303 ns, At safepoint: 8831 ns, Total: 40419 ns
[2025-10-16T03:41:06.520+0000][6][safepoint   ] Safepoint "Cleanup", Time since last: 6000387988 ns, Reaching safepoint: 8617 ns, Cleanup: 8476 ns, At safepoint: 4615 ns, Total: 21708 ns
[2025-10-16T03:41:15.521+0000][6][safepoint   ] Safepoint "Cleanup", Time since last: 9000665254 ns, Reaching safepoint: 14527 ns, Cleanup: 16777 ns, At safepoint: 7499 ns, Total: 38803 ns
[2025-10-16T03:41:18.521+0000][6][safepoint   ] Safepoint "Cleanup", Time since last: 3000299886 ns, Reaching safepoint: 7651 ns, Cleanup: 11570 ns, At safepoint: 5273 ns, Total: 24494 ns
[2025-10-16T03:41:24.522+0000][6][safepoint   ] Safepoint "Cleanup", Time since last: 6000577720 ns, Reaching safepoint: 22103 ns, Cleanup: 13632 ns, At safepoint: 7128 ns, Total: 42863 ns
[2025-10-16T03:41:26.522+0000][6][safepoint   ] Safepoint "Cleanup", Time since last: 2000155864 ns, Reaching safepoint: 9165 ns, Cleanup: 19889 ns, At safepoint: 5755 ns, Total: 34809 ns
[2025-10-16T03:41:28.522+0000][6][safepoint   ] Safepoint "Cleanup", Time since last: 2000182213 ns, Reaching safepoint: 18049 ns, Cleanup: 6788 ns, At safepoint: 5126 ns, Total: 29963 ns
[2025-10-16T03:41:32.522+0000][6][safepoint   ] Safepoint "Cleanup", Time since last: 4000417432 ns, Reaching safepoint: 11614 ns, Cleanup: 10659 ns, At safepoint: 5455 ns, Total: 27728 ns
[2025-10-16T03:41:40.523+0000][6][safepoint   ] Safepoint "Cleanup", Time since last: 8000590919 ns, Reaching safepoint: 11126 ns, Cleanup: 19901 ns, At safepoint: 6720 ns, Total: 37747 ns
[2025-10-16T03:41:49.524+0000][6][safepoint   ] Safepoint "Cleanup", Time since last: 9000614659 ns, Reaching safepoint: 11716 ns, Cleanup: 10288 ns, At safepoint: 5936 ns, Total: 27940 ns
[2025-10-16T03:41:50.527+0000][6][safepoint   ] Safepoint "Cleanup", Time since last: 1003570281 ns, Reaching safepoint: 12382 ns, Cleanup: 12838 ns, At safepoint: 7090 ns, Total: 32310 ns
[2025-10-16T03:41:51.527+0000][6][safepoint   ] Safepoint "Cleanup", Time since last: 1000128432 ns, Reaching safepoint: 7955 ns, Cleanup: 7966 ns, At safepoint: 5489 ns, Total: 21410 ns
[2025-10-16T03:41:55.528+0000][6][safepoint   ] Safepoint "Cleanup", Time since last: 4000281224 ns, Reaching safepoint: 27137 ns, Cleanup: 10481 ns, At safepoint: 6953 ns, Total: 44571 ns
[2025-10-16T03:42:01.528+0000][6][safepoint   ] Safepoint "Cleanup", Time since last: 6000400302 ns, Reaching safepoint: 19633 ns, Cleanup: 7460 ns, At safepoint: 4374 ns, Total: 31467 ns
[2025-10-16T03:42:05.529+0000][6][safepoint   ] Safepoint "Cleanup", Time since last: 4000273034 ns, Reaching safepoint: 12213 ns, Cleanup: 24572 ns, At safepoint: 6674 ns, Total: 43459 ns
[2025-10-16T03:42:06.529+0000][6][safepoint   ] Safepoint "Cleanup", Time since last: 1000126387 ns, Reaching safepoint: 29262 ns, Cleanup: 28039 ns, At safepoint: 10945 ns, Total: 68246 ns
[2025-10-16T03:42:15.529+0000][6][safepoint   ] Safepoint "Cleanup", Time since last: 9000632152 ns, Reaching safepoint: 19782 ns, Cleanup: 8714 ns, At safepoint: 5305 ns, Total: 33801 ns
[2025-10-16T03:42:19.530+0000][6][safepoint   ] Safepoint "Cleanup", Time since last: 4000289587 ns, Reaching safepoint: 26527 ns, Cleanup: 11920 ns, At safepoint: 5734 ns, Total: 44181 ns
[2025-10-16T03:42:21.530+0000][6][safepoint   ] Safepoint "Cleanup", Time since last: 2000225316 ns, Reaching safepoint: 21468 ns, Cleanup: 11718 ns, At safepoint: 6845 ns, Total: 40031 ns
[2025-10-16T03:42:32.531+0000][6][safepoint   ] Safepoint "Cleanup", Time since last: 11000833902 ns, Reaching safepoint: 25451 ns, Cleanup: 10430 ns, At safepoint: 7135 ns, Total: 43016 ns
[2025-10-16T03:42:38.535+0000][6][safepoint   ] Safepoint "Cleanup", Time since last: 6003779080 ns, Reaching safepoint: 37813 ns, Cleanup: 31740 ns, At safepoint: 4642 ns, Total: 74195 ns
[2025-10-16T03:42:40.584+0000][6][safepoint   ] Safepoint "Cleanup", Time since last: 2049617842 ns, Reaching safepoint: 10024 ns, Cleanup: 28615 ns, At safepoint: 5797 ns, Total: 44436 ns
[2025-10-16T03:42:42.585+0000][6][safepoint   ] Safepoint "Cleanup", Time since last: 2000198247 ns, Reaching safepoint: 8615 ns, Cleanup: 10099 ns, At safepoint: 6298 ns, Total: 25012 ns
[2025-10-16T03:42:43.585+0000][6][safepoint   ] Safepoint "Cleanup", Time since last: 1000103778 ns, Reaching safepoint: 16049 ns, Cleanup: 21948 ns, At safepoint: 8727 ns, Total: 46724 ns
[2025-10-16T03:42:44.585+0000][6][safepoint   ] Safepoint "Cleanup", Time since last: 1000112750 ns, Reaching safepoint: 11060 ns, Cleanup: 10164 ns, At safepoint: 5621 ns, Total: 26845 ns
[2025-10-16T03:42:45.585+0000][6][safepoint   ] Safepoint "Cleanup", Time since last: 1000095062 ns, Reaching safepoint: 7767 ns, Cleanup: 13486 ns, At safepoint: 4649 ns, Total: 25902 ns
[2025-10-16T03:42:46.585+0000][6][safepoint   ] Safepoint "Cleanup", Time since last: 1000130035 ns, Reaching safepoint: 29419 ns, Cleanup: 8803 ns, At safepoint: 5432 ns, Total: 43654 ns
[2025-10-16T03:42:50.551+0000][6][safepoint   ] Safepoint "Cleanup", Time since last: 3965785304 ns, Reaching safepoint: 10150 ns, Cleanup: 8427 ns, At safepoint: 6781 ns, Total: 25358 ns
[2025-10-16T03:42:57.552+0000][6][safepoint   ] Safepoint "Cleanup", Time since last: 7000493210 ns, Reaching safepoint: 23352 ns, Cleanup: 8395 ns, At safepoint: 5579 ns, Total: 37326 ns
[2025-10-16T03:43:06.552+0000][6][safepoint   ] Safepoint "Cleanup", Time since last: 9000715159 ns, Reaching safepoint: 13512 ns, Cleanup: 10883 ns, At safepoint: 7251 ns, Total: 31646 ns
[2025-10-16T03:43:13.553+0000][6][safepoint   ] Safepoint "Cleanup", Time since last: 7000509502 ns, Reaching safepoint: 28832 ns, Cleanup: 10586 ns, At safepoint: 5355 ns, Total: 44773 ns
[2025-10-16T03:43:21.553+0000][6][safepoint   ] Safepoint "Cleanup", Time since last: 8000614295 ns, Reaching safepoint: 9556 ns, Cleanup: 15291 ns, At safepoint: 5690 ns, Total: 30537 ns
[2025-10-16T03:43:27.554+0000][6][safepoint   ] Safepoint "Cleanup", Time since last: 6001006969 ns, Reaching safepoint: 21586 ns, Cleanup: 8700 ns, At safepoint: 5072 ns, Total: 35358 ns
[2025-10-16T03:43:36.555+0000][6][safepoint   ] Safepoint "Cleanup", Time since last: 9000586148 ns, Reaching safepoint: 15923 ns, Cleanup: 17022 ns, At safepoint: 7242 ns, Total: 40187 ns
[2025-10-16T03:43:40.556+0000][6][safepoint   ] Safepoint "Cleanup", Time since last: 4000365238 ns, Reaching safepoint: 27762 ns, Cleanup: 9381 ns, At safepoint: 8621 ns, Total: 45764 ns
[2025-10-16T03:43:42.556+0000][6][safepoint   ] Safepoint "Cleanup", Time since last: 2000164334 ns, Reaching safepoint: 10301 ns, Cleanup: 13110 ns, At safepoint: 5238 ns, Total: 28649 ns
[2025-10-16T03:44:04.557+0000][6][safepoint   ] Safepoint "Cleanup", Time since last: 22001485363 ns, Reaching safepoint: 20287 ns, Cleanup: 8895 ns, At safepoint: 4853 ns, Total: 34035 ns
[2025-10-16T03:44:06.558+0000][6][safepoint   ] Safepoint "Cleanup", Time since last: 2000275891 ns, Reaching safepoint: 8058 ns, Cleanup: 8235 ns, At safepoint: 5196 ns, Total: 21489 ns
[2025-10-16T03:44:22.559+0000][6][safepoint   ] Safepoint "Cleanup", Time since last: 16001137889 ns, Reaching safepoint: 27389 ns, Cleanup: 10230 ns, At safepoint: 23796 ns, Total: 61415 ns
[2025-10-16T03:44:46.561+0000][6][safepoint   ] Safepoint "Cleanup", Time since last: 24001708495 ns, Reaching safepoint: 39516 ns, Cleanup: 9432 ns, At safepoint: 24687 ns, Total: 73635 ns
[2025-10-16T03:44:48.561+0000][6][safepoint   ] Safepoint "Cleanup", Time since last: 2000168742 ns, Reaching safepoint: 22424 ns, Cleanup: 9232 ns, At safepoint: 7009 ns, Total: 38665 ns
[2025-10-16T03:44:50.561+0000][6][safepoint   ] Safepoint "Cleanup", Time since last: 2000161530 ns, Reaching safepoint: 11907 ns, Cleanup: 12426 ns, At safepoint: 6147 ns, Total: 30480 ns
[2025-10-16T03:44:54.561+0000][6][safepoint   ] Safepoint "Cleanup", Time since last: 4000281720 ns, Reaching safepoint: 23743 ns, Cleanup: 10259 ns, At safepoint: 5743 ns, Total: 39745 ns
[2025-10-16T03:44:58.562+0000][6][safepoint   ] Safepoint "Cleanup", Time since last: 4000273665 ns, Reaching safepoint: 7437 ns, Cleanup: 7981 ns, At safepoint: 5467 ns, Total: 20885 ns
[2025-10-16T03:45:00.562+0000][6][safepoint   ] Safepoint "Cleanup", Time since last: 2000150493 ns, Reaching safepoint: 18785 ns, Cleanup: 6107 ns, At safepoint: 5914 ns, Total: 30806 ns
[2025-10-16T03:45:12.562+0000][6][safepoint   ] Safepoint "Cleanup", Time since last: 12000701409 ns, Reaching safepoint: 6859 ns, Cleanup: 18008 ns, At safepoint: 5567 ns, Total: 30434 ns
[2025-10-16T03:45:16.563+0000][6][safepoint   ] Safepoint "Cleanup", Time since last: 4000262454 ns, Reaching safepoint: 29596 ns, Cleanup: 14799 ns, At safepoint: 9053 ns, Total: 53448 ns
[2025-10-16T03:45:31.564+0000][6][safepoint   ] Safepoint "Cleanup", Time since last: 15000923348 ns, Reaching safepoint: 20118 ns, Cleanup: 7472 ns, At safepoint: 6406 ns, Total: 33996 ns
[2025-10-16T03:45:46.565+0000][6][safepoint   ] Safepoint "Cleanup", Time since last: 15001299547 ns, Reaching safepoint: 20881 ns, Cleanup: 14705 ns, At safepoint: 5459 ns, Total: 41045 ns
[2025-10-16T03:45:48.571+0000][6][safepoint   ] Safepoint "Cleanup", Time since last: 2005918064 ns, Reaching safepoint: 7816 ns, Cleanup: 8713 ns, At safepoint: 4396 ns, Total: 20925 ns
[2025-10-16T03:45:50.599+0000][6][safepoint   ] Safepoint "Cleanup", Time since last: 2027531141 ns, Reaching safepoint: 8390 ns, Cleanup: 7494 ns, At safepoint: 4406 ns, Total: 20290 ns
[2025-10-16T03:45:56.599+0000][6][safepoint   ] Safepoint "Cleanup", Time since last: 6000491111 ns, Reaching safepoint: 8264 ns, Cleanup: 10869 ns, At safepoint: 5856 ns, Total: 24989 ns
[2025-10-16T03:46:22.601+0000][6][safepoint   ] Safepoint "Cleanup", Time since last: 26001801571 ns, Reaching safepoint: 8568 ns, Cleanup: 9877 ns, At safepoint: 5534 ns, Total: 23979 ns
[2025-10-16T03:46:31.602+0000][6][safepoint   ] Safepoint "Cleanup", Time since last: 9001014348 ns, Reaching safepoint: 25054 ns, Cleanup: 8569 ns, At safepoint: 5306 ns, Total: 38929 ns
[2025-10-16T03:46:37.761+0000][6][safepoint   ] Safepoint "Cleanup", Time since last: 6000414278 ns, Reaching safepoint: 158752418 ns, Cleanup: 34385 ns, At safepoint: 18197 ns, Total: 158805000 ns
[2025-10-16T03:46:41.762+0000][6][safepoint   ] Safepoint "Cleanup", Time since last: 4000374972 ns, Reaching safepoint: 11218 ns, Cleanup: 11336 ns, At safepoint: 5821 ns, Total: 28375 ns
[2025-10-16T03:46:55.614+0000][6][safepoint   ] Safepoint "Cleanup", Time since last: 13852749920 ns, Reaching safepoint: 7588 ns, Cleanup: 8030 ns, At safepoint: 5174 ns, Total: 20792 ns
[2025-10-16T03:47:16.616+0000][6][safepoint   ] Safepoint "Cleanup", Time since last: 21001467399 ns, Reaching safepoint: 20175 ns, Cleanup: 8257 ns, At safepoint: 5557 ns, Total: 33989 ns
[2025-10-16T03:47:22.617+0000][6][safepoint   ] Safepoint "Cleanup", Time since last: 6000740772 ns, Reaching safepoint: 8578 ns, Cleanup: 7864 ns, At safepoint: 5190 ns, Total: 21632 ns
[2025-10-16T03:47:36.618+0000][6][safepoint   ] Safepoint "Cleanup", Time since last: 14000942458 ns, Reaching safepoint: 8218 ns, Cleanup: 9095 ns, At safepoint: 5199 ns, Total: 22512 ns
[2025-10-16T03:47:51.633+0000][6][safepoint   ] Safepoint "Cleanup", Time since last: 15015096722 ns, Reaching safepoint: 18545 ns, Cleanup: 13589 ns, At safepoint: 9053 ns, Total: 41187 ns
[2025-10-16T03:48:00.634+0000][6][safepoint   ] Safepoint "Cleanup", Time since last: 9000986626 ns, Reaching safepoint: 20003 ns, Cleanup: 7037 ns, At safepoint: 4602 ns, Total: 31642 ns
[2025-10-16T03:48:09.635+0000][6][safepoint   ] Safepoint "Cleanup", Time since last: 9000931456 ns, Reaching safepoint: 21272 ns, Cleanup: 8064 ns, At safepoint: 6004 ns, Total: 35340 ns
[2025-10-16T03:48:13.635+0000][6][safepoint   ] Safepoint "Cleanup", Time since last: 4000661827 ns, Reaching safepoint: 7452 ns, Cleanup: 6694 ns, At safepoint: 4715 ns, Total: 18861 ns
[2025-10-16T03:48:21.636+0000][6][safepoint   ] Safepoint "Cleanup", Time since last: 8000562971 ns, Reaching safepoint: 23643 ns, Cleanup: 9072 ns, At safepoint: 5226 ns, Total: 37941 ns
[2025-10-16T03:48:26.685+0000][6][safepoint   ] Safepoint "Cleanup", Time since last: 5048453266 ns, Reaching safepoint: 22704 ns, Cleanup: 35772 ns, At safepoint: 7111 ns, Total: 65587 ns
[2025-10-16T03:48:35.690+0000][6][safepoint   ] Safepoint "Cleanup", Time since last: 9005686815 ns, Reaching safepoint: 25170 ns, Cleanup: 14640 ns, At safepoint: 5711 ns, Total: 45521 ns
[2025-10-16T03:48:36.692+0000][6][safepoint   ] Safepoint "Cleanup", Time since last: 1002100202 ns, Reaching safepoint: 37887 ns, Cleanup: 12728 ns, At safepoint: 9233 ns, Total: 59848 ns
[2025-10-16T03:48:49.676+0000][6][safepoint   ] Safepoint "Cleanup", Time since last: 12982929885 ns, Reaching safepoint: 223078 ns, Cleanup: 138580 ns, At safepoint: 6490 ns, Total: 368148 ns
[2025-10-16T03:48:51.676+0000][6][safepoint   ] Safepoint "Cleanup", Time since last: 2000649839 ns, Reaching safepoint: 8406 ns, Cleanup: 9448 ns, At safepoint: 5143 ns, Total: 22997 ns
[2025-10-16T03:48:55.677+0000][6][safepoint   ] Safepoint "Cleanup", Time since last: 4000411930 ns, Reaching safepoint: 53623 ns, Cleanup: 21716 ns, At safepoint: 14372 ns, Total: 89711 ns
[2025-10-16T03:48:59.677+0000][6][safepoint   ] Safepoint "Cleanup", Time since last: 4000289426 ns, Reaching safepoint: 11536 ns, Cleanup: 10041 ns, At safepoint: 6429 ns, Total: 28006 ns
[2025-10-16T03:49:09.679+0000][6][safepoint   ] Safepoint "Cleanup", Time since last: 10001783655 ns, Reaching safepoint: 12204 ns, Cleanup: 10858 ns, At safepoint: 6363 ns, Total: 29425 ns
[2025-10-16T03:49:13.683+0000][6][safepoint   ] Safepoint "Cleanup", Time since last: 4003757632 ns, Reaching safepoint: 7292 ns, Cleanup: 7766 ns, At safepoint: 4833 ns, Total: 19891 ns
[2025-10-16T03:49:19.683+0000][6][safepoint   ] Safepoint "Cleanup", Time since last: 6000468069 ns, Reaching safepoint: 18007 ns, Cleanup: 7098 ns, At safepoint: 4086 ns, Total: 29191 ns
[2025-10-16T03:49:30.684+0000][6][safepoint   ] Safepoint "Cleanup", Time since last: 11000676735 ns, Reaching safepoint: 20104 ns, Cleanup: 7744 ns, At safepoint: 5916 ns, Total: 33764 ns
[2025-10-16T03:49:34.686+0000][6][safepoint   ] Safepoint "Cleanup", Time since last: 4001853052 ns, Reaching safepoint: 48507 ns, Cleanup: 23189 ns, At safepoint: 6234 ns, Total: 77930 ns
[2025-10-16T03:49:35.687+0000][6][safepoint   ] Safepoint "Cleanup", Time since last: 1001355425 ns, Reaching safepoint: 7399 ns, Cleanup: 6976 ns, At safepoint: 4184 ns, Total: 18559 ns
[2025-10-16T03:49:40.688+0000][6][safepoint   ] Safepoint "Cleanup", Time since last: 5000480064 ns, Reaching safepoint: 29512 ns, Cleanup: 9790 ns, At safepoint: 8863 ns, Total: 48165 ns
[2025-10-16T03:49:42.688+0000][6][safepoint   ] Safepoint "Cleanup", Time since last: 2000258262 ns, Reaching safepoint: 13334 ns, Cleanup: 11182 ns, At safepoint: 6909 ns, Total: 31425 ns
[2025-10-16T03:49:48.689+0000][6][safepoint   ] Safepoint "Cleanup", Time since last: 6000541552 ns, Reaching safepoint: 50386 ns, Cleanup: 18947 ns, At safepoint: 13241 ns, Total: 82574 ns
[2025-10-16T03:50:15.696+0000][6][safepoint   ] Safepoint "Cleanup", Time since last: 27007341187 ns, Reaching safepoint: 20792 ns, Cleanup: 8497 ns, At safepoint: 5510 ns, Total: 34799 ns
[2025-10-16T03:50:17.696+0000][6][safepoint   ] Safepoint "Cleanup", Time since last: 2000225788 ns, Reaching safepoint: 12873 ns, Cleanup: 12112 ns, At safepoint: 7145 ns, Total: 32130 ns
[2025-10-16T03:50:35.698+0000][6][safepoint   ] Safepoint "Cleanup", Time since last: 18001161005 ns, Reaching safepoint: 21026 ns, Cleanup: 9197 ns, At safepoint: 6260 ns, Total: 36483 ns
[2025-10-16T03:50:54.699+0000][6][safepoint   ] Safepoint "Cleanup", Time since last: 19001391485 ns, Reaching safepoint: 22580 ns, Cleanup: 27175 ns, At safepoint: 5644 ns, Total: 55399 ns
[2025-10-16T03:51:10.702+0000][6][safepoint   ] Safepoint "Cleanup", Time since last: 16003171883 ns, Reaching safepoint: 52339 ns, Cleanup: 38618 ns, At safepoint: 6309 ns, Total: 97266 ns
[2025-10-16T03:51:18.703+0000][6][safepoint   ] Safepoint "Cleanup", Time since last: 8000485157 ns, Reaching safepoint: 24542 ns, Cleanup: 9716 ns, At safepoint: 7375 ns, Total: 41633 ns
[2025-10-16T03:51:25.703+0000][6][safepoint   ] Safepoint "Cleanup", Time since last: 7000500597 ns, Reaching safepoint: 20059 ns, Cleanup: 7444 ns, At safepoint: 5314 ns, Total: 32817 ns
[2025-10-16T03:51:35.705+0000][6][safepoint   ] Safepoint "Cleanup", Time since last: 10001939526 ns, Reaching safepoint: 20799 ns, Cleanup: 9739 ns, At safepoint: 5974 ns, Total: 36512 ns
[2025-10-16T03:52:26.732+0000][6][safepoint   ] Safepoint "Cleanup", Time since last: 51026881524 ns, Reaching safepoint: 18624 ns, Cleanup: 14047 ns, At safepoint: 6981 ns, Total: 39652 ns
[2025-10-16T03:52:45.737+0000][6][safepoint   ] Safepoint "Cleanup", Time since last: 19003658029 ns, Reaching safepoint: 501793 ns, Cleanup: 600760 ns, At safepoint: 25853 ns, Total: 1128406 ns
[2025-10-16T03:52:57.752+0000][6][safepoint   ] Safepoint "Cleanup", Time since last: 12014624726 ns, Reaching safepoint: 7692 ns, Cleanup: 8197 ns, At safepoint: 5347 ns, Total: 21236 ns
[2025-10-16T03:53:01.752+0000][6][safepoint   ] Safepoint "Cleanup", Time since last: 4000300933 ns, Reaching safepoint: 55570 ns, Cleanup: 35203 ns, At safepoint: 5892 ns, Total: 96665 ns
[2025-10-16T03:53:14.753+0000][6][safepoint   ] Safepoint "Cleanup", Time since last: 13000962579 ns, Reaching safepoint: 18903 ns, Cleanup: 14076 ns, At safepoint: 9746 ns, Total: 42725 ns
[2025-10-16T03:53:27.754+0000][6][safepoint   ] Safepoint "Cleanup", Time since last: 13000901305 ns, Reaching safepoint: 9648 ns, Cleanup: 14596 ns, At safepoint: 4933 ns, Total: 29177 ns
[2025-10-16T03:53:31.755+0000][6][safepoint   ] Safepoint "Cleanup", Time since last: 4000525628 ns, Reaching safepoint: 31697 ns, Cleanup: 9935 ns, At safepoint: 6048 ns, Total: 47680 ns
[2025-10-16T03:53:32.756+0000][6][safepoint   ] Safepoint "Cleanup", Time since last: 1000937931 ns, Reaching safepoint: 18717 ns, Cleanup: 36580 ns, At safepoint: 5316 ns, Total: 60613 ns
[2025-10-16T03:53:34.756+0000][6][safepoint   ] Safepoint "Cleanup", Time since last: 2000182388 ns, Reaching safepoint: 7381 ns, Cleanup: 7312 ns, At safepoint: 4645 ns, Total: 19338 ns
[2025-10-16T03:53:35.756+0000][6][safepoint   ] Safepoint "Cleanup", Time since last: 1000118816 ns, Reaching safepoint: 18507 ns, Cleanup: 18477 ns, At safepoint: 15615 ns, Total: 52599 ns
[2025-10-16T03:53:42.757+0000][6][safepoint   ] Safepoint "Cleanup", Time since last: 7000798304 ns, Reaching safepoint: 8548 ns, Cleanup: 8365 ns, At safepoint: 4466 ns, Total: 21379 ns
[2025-10-16T03:53:44.757+0000][6][safepoint   ] Safepoint "Cleanup", Time since last: 2000145038 ns, Reaching safepoint: 18721 ns, Cleanup: 13184 ns, At safepoint: 4387 ns, Total: 36292 ns
[2025-10-16T03:53:47.757+0000][6][safepoint   ] Safepoint "Cleanup", Time since last: 3000208390 ns, Reaching safepoint: 11370 ns, Cleanup: 13308 ns, At safepoint: 5123 ns, Total: 29801 ns
[2025-10-16T03:54:01.771+0000][6][safepoint   ] Safepoint "Cleanup", Time since last: 14014225100 ns, Reaching safepoint: 19316 ns, Cleanup: 6896 ns, At safepoint: 4641 ns, Total: 30853 ns
[2025-10-16T03:54:06.772+0000][6][safepoint   ] Safepoint "Cleanup", Time since last: 5000847604 ns, Reaching safepoint: 8217 ns, Cleanup: 6827 ns, At safepoint: 4565 ns, Total: 19609 ns
[2025-10-16T03:54:11.773+0000][6][safepoint   ] Safepoint "Cleanup", Time since last: 5000265726 ns, Reaching safepoint: 21532 ns, Cleanup: 8960 ns, At safepoint: 6670 ns, Total: 37162 ns
[2025-10-16T03:54:17.773+0000][6][safepoint   ] Safepoint "Cleanup", Time since last: 6000365746 ns, Reaching safepoint: 17903 ns, Cleanup: 7493 ns, At safepoint: 6349 ns, Total: 31745 ns
[2025-10-16T03:54:27.774+0000][6][safepoint   ] Safepoint "Cleanup", Time since last: 10000622478 ns, Reaching safepoint: 8084 ns, Cleanup: 6423 ns, At safepoint: 3868 ns, Total: 18375 ns
[2025-10-16T03:54:35.774+0000][6][safepoint   ] Safepoint "Cleanup", Time since last: 8000754115 ns, Reaching safepoint: 20113 ns, Cleanup: 8873 ns, At safepoint: 7024 ns, Total: 36010 ns
[2025-10-16T03:54:40.776+0000][6][safepoint   ] Safepoint "Cleanup", Time since last: 5001969699 ns, Reaching safepoint: 21472 ns, Cleanup: 39270 ns, At safepoint: 16677 ns, Total: 77419 ns
[2025-10-16T03:54:48.777+0000][6][safepoint   ] Safepoint "Cleanup", Time since last: 8000534638 ns, Reaching safepoint: 74927 ns, Cleanup: 7218 ns, At safepoint: 28300 ns, Total: 110445 ns
[2025-10-16T03:54:50.778+0000][6][safepoint   ] Safepoint "Cleanup", Time since last: 2000327116 ns, Reaching safepoint: 70442 ns, Cleanup: 7411 ns, At safepoint: 4467 ns, Total: 82320 ns
[2025-10-16T03:55:17.780+0000][6][safepoint   ] Safepoint "Cleanup", Time since last: 27001980918 ns, Reaching safepoint: 20013 ns, Cleanup: 8344 ns, At safepoint: 5177 ns, Total: 33534 ns
[2025-10-16T03:55:19.781+0000][6][safepoint   ] Safepoint "Cleanup", Time since last: 2001533433 ns, Reaching safepoint: 8349 ns, Cleanup: 6675 ns, At safepoint: 4471 ns, Total: 19495 ns
[2025-10-16T03:55:35.784+0000][6][safepoint   ] Safepoint "Cleanup", Time since last: 16002681003 ns, Reaching safepoint: 23989 ns, Cleanup: 23842 ns, At safepoint: 9549 ns, Total: 57380 ns
[2025-10-16T03:55:42.788+0000][6][safepoint   ] Safepoint "Cleanup", Time since last: 7003403996 ns, Reaching safepoint: 32816 ns, Cleanup: 22323 ns, At safepoint: 291004 ns, Total: 346143 ns
[2025-10-16T03:56:06.790+0000][6][safepoint   ] Safepoint "Cleanup", Time since last: 24002775285 ns, Reaching safepoint: 35122 ns, Cleanup: 16558 ns, At safepoint: 9077 ns, Total: 60757 ns
[2025-10-16T03:56:09.793+0000][6][safepoint   ] Safepoint "Cleanup", Time since last: 3002039824 ns, Reaching safepoint: 17604 ns, Cleanup: 11050 ns, At safepoint: 6960 ns, Total: 35614 ns
[2025-10-16T03:56:11.801+0000][6][safepoint   ] Safepoint "Cleanup", Time since last: 2008228654 ns, Reaching safepoint: 34408 ns, Cleanup: 19959 ns, At safepoint: 13790 ns, Total: 68157 ns
[2025-10-16T03:56:20.802+0000][6][safepoint   ] Safepoint "Cleanup", Time since last: 9000863826 ns, Reaching safepoint: 19683 ns, Cleanup: 397880 ns, At safepoint: 9884 ns, Total: 427447 ns
[2025-10-16T03:56:22.803+0000][6][safepoint   ] Safepoint "Cleanup", Time since last: 2000337482 ns, Reaching safepoint: 50731 ns, Cleanup: 39701 ns, At safepoint: 4214 ns, Total: 94646 ns
[2025-10-16T03:56:26.803+0000][6][safepoint   ] Safepoint "Cleanup", Time since last: 4000258868 ns, Reaching safepoint: 9143 ns, Cleanup: 8390 ns, At safepoint: 5295 ns, Total: 22828 ns
[2025-10-16T03:56:32.803+0000][6][safepoint   ] Safepoint "Cleanup", Time since last: 6000440483 ns, Reaching safepoint: 13136 ns, Cleanup: 8614 ns, At safepoint: 5779 ns, Total: 27529 ns
[2025-10-16T03:56:36.804+0000][6][safepoint   ] Safepoint "Cleanup", Time since last: 4000268144 ns, Reaching safepoint: 24405 ns, Cleanup: 10550 ns, At safepoint: 7192 ns, Total: 42147 ns
[2025-10-16T03:56:46.804+0000][6][safepoint   ] Safepoint "Cleanup", Time since last: 10000662112 ns, Reaching safepoint: 26036 ns, Cleanup: 10707 ns, At safepoint: 7930 ns, Total: 44673 ns
[2025-10-16T03:57:26.857+0000][6][safepoint   ] Safepoint "Cleanup", Time since last: 40052641642 ns, Reaching safepoint: 54322 ns, Cleanup: 28184 ns, At safepoint: 9074 ns, Total: 91580 ns
[2025-10-16T03:57:31.862+0000][6][safepoint   ] Safepoint "Cleanup", Time since last: 5004134722 ns, Reaching safepoint: 14161 ns, Cleanup: 703665 ns, At safepoint: 26663 ns, Total: 744489 ns
[2025-10-16T03:57:39.003+0000][6][safepoint   ] Safepoint "Cleanup", Time since last: 7118330095 ns, Reaching safepoint: 6488705 ns, Cleanup: 2893258 ns, At safepoint: 16893 ns, Total: 9398856 ns
[2025-10-16T03:57:53.039+0000][6][safepoint   ] Safepoint "Cleanup", Time since last: 14048919013 ns, Reaching safepoint: 32263 ns, Cleanup: 19278 ns, At safepoint: 12441 ns, Total: 63982 ns
[2025-10-16T03:58:03.478+0000][6][safepoint   ] Safepoint "Cleanup", Time since last: 10043913695 ns, Reaching safepoint: 395083543 ns, Cleanup: 16230 ns, At safepoint: 12399 ns, Total: 395112172 ns
[2025-10-16T03:58:06.478+0000][6][safepoint   ] Safepoint "Cleanup", Time since last: 3000240066 ns, Reaching safepoint: 15331 ns, Cleanup: 18320 ns, At safepoint: 7140 ns, Total: 40791 ns
[2025-10-16T03:58:07.481+0000][6][safepoint   ] Safepoint "Cleanup", Time since last: 1002786288 ns, Reaching safepoint: 11253 ns, Cleanup: 8015 ns, At safepoint: 5178 ns, Total: 24446 ns
[2025-10-16T03:58:11.498+0000][6][safepoint   ] Safepoint "Cleanup", Time since last: 4016740044 ns, Reaching safepoint: 13658 ns, Cleanup: 16972 ns, At safepoint: 7484 ns, Total: 38114 ns
[2025-10-16T03:58:13.498+0000][6][safepoint   ] Safepoint "Cleanup", Time since last: 2000180035 ns, Reaching safepoint: 43753 ns, Cleanup: 13005 ns, At safepoint: 8609 ns, Total: 65367 ns
[2025-10-16T03:58:26.505+0000][6][safepoint   ] Safepoint "Cleanup", Time since last: 13007135401 ns, Reaching safepoint: 20946 ns, Cleanup: 8597 ns, At safepoint: 6299 ns, Total: 35842 ns
[2025-10-16T03:58:32.512+0000][6][safepoint   ] Safepoint "Cleanup", Time since last: 6006954714 ns, Reaching safepoint: 28170 ns, Cleanup: 18672 ns, At safepoint: 6467 ns, Total: 53309 ns
[2025-10-16T03:58:37.369+0000][6][safepoint   ] Safepoint "Cleanup", Time since last: 4001867281 ns, Reaching safepoint: 855314678 ns, Cleanup: 16549 ns, At safepoint: 15830 ns, Total: 855347057 ns
[2025-10-16T03:59:00.392+0000][6][safepoint   ] Safepoint "Cleanup", Time since last: 23017516412 ns, Reaching safepoint: 3122341 ns, Cleanup: 1848162 ns, At safepoint: 37279 ns, Total: 5007782 ns
[2025-10-16T03:59:06.395+0000][6][safepoint   ] Safepoint "Cleanup", Time since last: 6003325173 ns, Reaching safepoint: 18303 ns, Cleanup: 8737 ns, At safepoint: 5388 ns, Total: 32428 ns
[2025-10-16T03:59:26.711+0000][6][safepoint   ] Safepoint "Cleanup", Time since last: 20316392774 ns, Reaching safepoint: 33873 ns, Cleanup: 12753 ns, At safepoint: 8765 ns, Total: 55391 ns
[2025-10-16T03:59:42.758+0000][6][safepoint   ] Safepoint "Cleanup", Time since last: 16046378271 ns, Reaching safepoint: 20847 ns, Cleanup: 7993 ns, At safepoint: 5936 ns, Total: 34776 ns
[2025-10-16T03:59:47.955+0000][6][safepoint   ] Safepoint "Cleanup", Time since last: 5111755215 ns, Reaching safepoint: 85506151 ns, Cleanup: 13369 ns, At safepoint: 13767 ns, Total: 85533287 ns
[2025-10-16T04:00:01.427+0000][6][safepoint   ] Safepoint "Cleanup", Time since last: 13253008320 ns, Reaching safepoint: 218988965 ns, Cleanup: 39562 ns, At safepoint: 9845 ns, Total: 219038372 ns
[2025-10-16T04:00:05.897+0000][6][safepoint   ] Safepoint "Cleanup", Time since last: 4470100510 ns, Reaching safepoint: 10111 ns, Cleanup: 7459 ns, At safepoint: 5392 ns, Total: 22962 ns
[2025-10-16T04:00:47.063+0000][6][safepoint   ] Safepoint "Cleanup", Time since last: 41165419272 ns, Reaching safepoint: 28331 ns, Cleanup: 15566 ns, At safepoint: 7356 ns, Total: 51253 ns
[2025-10-16T04:00:49.065+0000][6][safepoint   ] Safepoint "Cleanup", Time since last: 2001696124 ns, Reaching safepoint: 7671 ns, Cleanup: 7527 ns, At safepoint: 5246 ns, Total: 20444 ns
[2025-10-16T04:01:06.230+0000][6][safepoint   ] Safepoint "Cleanup", Time since last: 17164978599 ns, Reaching safepoint: 41232 ns, Cleanup: 19836 ns, At safepoint: 8015 ns, Total: 69083 ns
[2025-10-16T04:01:17.278+0000][6][safepoint   ] Safepoint "Cleanup", Time since last: 11010414872 ns, Reaching safepoint: 45848 ns, Cleanup: 37508718 ns, At safepoint: 77856 ns, Total: 37632422 ns
[2025-10-16T04:01:21.297+0000][6][safepoint   ] Safepoint "Cleanup", Time since last: 4003660648 ns, Reaching safepoint: 15160966 ns, Cleanup: 34624 ns, At safepoint: 18056 ns, Total: 15213646 ns
[2025-10-16T04:01:22.299+0000][6][safepoint   ] Safepoint "Cleanup", Time since last: 1001407442 ns, Reaching safepoint: 600222 ns, Cleanup: 35995 ns, At safepoint: 20488 ns, Total: 656705 ns
[2025-10-16T04:01:23.299+0000][6][safepoint   ] Safepoint "Cleanup", Time since last: 1000127251 ns, Reaching safepoint: 21465 ns, Cleanup: 42999 ns, At safepoint: 9338 ns, Total: 73802 ns
[2025-10-16T04:01:35.300+0000][6][safepoint   ] Safepoint "Cleanup", Time since last: 12000974720 ns, Reaching safepoint: 8931 ns, Cleanup: 19213 ns, At safepoint: 5489 ns, Total: 33633 ns
[2025-10-16T04:01:38.300+0000][6][safepoint   ] Safepoint "Cleanup", Time since last: 3000355154 ns, Reaching safepoint: 15740 ns, Cleanup: 17278 ns, At safepoint: 9222 ns, Total: 42240 ns
[2025-10-16T04:01:40.058+0000][6][safepoint   ] Safepoint "Cleanup", Time since last: 1758180647 ns, Reaching safepoint: 6873 ns, Cleanup: 35787 ns, At safepoint: 3169 ns, Total: 45829 ns
[2025-10-16T04:01:41.097+0000][6][safepoint   ] Safepoint "Cleanup", Time since last: 1038242175 ns, Reaching safepoint: 11066 ns, Cleanup: 40897 ns, At safepoint: 8855 ns, Total: 60818 ns
[2025-10-16T04:01:41.648+0000][6][safepoint   ] Safepoint "ICBufferFull", Time since last: 551449361 ns, Reaching safepoint: 13158 ns, Cleanup: 93101 ns, At safepoint: 7017 ns, Total: 113276 ns
[2025-10-16T04:01:42.554+0000][6][safepoint   ] Safepoint "ICBufferFull", Time since last: 905548848 ns, Reaching safepoint: 12197 ns, Cleanup: 96409 ns, At safepoint: 6537 ns, Total: 115143 ns
[2025-10-16T04:01:43.554+0000][6][safepoint   ] Safepoint "Cleanup", Time since last: 1000319366 ns, Reaching safepoint: 14080 ns, Cleanup: 36879 ns, At safepoint: 8083 ns, Total: 59042 ns
[2025-10-16T04:01:58.344+0000][6][safepoint   ] Safepoint "Cleanup", Time since last: 14789232325 ns, Reaching safepoint: 23833 ns, Cleanup: 15282 ns, At safepoint: 5772 ns, Total: 44887 ns
[2025-10-16T04:02:05.344+0000][6][safepoint   ] Safepoint "Cleanup", Time since last: 7000747493 ns, Reaching safepoint: 9582 ns, Cleanup: 7478 ns, At safepoint: 7240 ns, Total: 24300 ns
[2025-10-16T04:02:06.345+0000][6][safepoint   ] Safepoint "Cleanup", Time since last: 1000188871 ns, Reaching safepoint: 29602 ns, Cleanup: 11388 ns, At safepoint: 7443 ns, Total: 48433 ns
[2025-10-16T04:02:07.345+0000][6][safepoint   ] Safepoint "Cleanup", Time since last: 1000243992 ns, Reaching safepoint: 39375 ns, Cleanup: 23240 ns, At safepoint: 12761 ns, Total: 75376 ns
[2025-10-16T04:02:37.347+0000][6][safepoint   ] Safepoint "Cleanup", Time since last: 30002136066 ns, Reaching safepoint: 57597 ns, Cleanup: 38970 ns, At safepoint: 5385 ns, Total: 101952 ns
[2025-10-16T04:02:39.349+0000][6][safepoint   ] Safepoint "Cleanup", Time since last: 2001403048 ns, Reaching safepoint: 49091 ns, Cleanup: 14259 ns, At safepoint: 5335 ns, Total: 68685 ns
[2025-10-16T04:02:47.349+0000][6][safepoint   ] Safepoint "Cleanup", Time since last: 8000526446 ns, Reaching safepoint: 7774 ns, Cleanup: 6821 ns, At safepoint: 5389 ns, Total: 19984 ns
[2025-10-16T04:02:49.350+0000][6][safepoint   ] Safepoint "Cleanup", Time since last: 2000342702 ns, Reaching safepoint: 8047 ns, Cleanup: 9237 ns, At safepoint: 4873 ns, Total: 22157 ns
[2025-10-16T04:03:04.361+0000][6][safepoint   ] Safepoint "Cleanup", Time since last: 15011853352 ns, Reaching safepoint: 26428 ns, Cleanup: 9991 ns, At safepoint: 7567 ns, Total: 43986 ns
[2025-10-16T04:03:13.362+0000][6][safepoint   ] Safepoint "Cleanup", Time since last: 9000688488 ns, Reaching safepoint: 9145 ns, Cleanup: 7002 ns, At safepoint: 4800 ns, Total: 20947 ns
[2025-10-16T04:03:24.363+0000][6][safepoint   ] Safepoint "Cleanup", Time since last: 11000739051 ns, Reaching safepoint: 27070 ns, Cleanup: 10987 ns, At safepoint: 5943 ns, Total: 44000 ns
[2025-10-16T04:03:36.364+0000][6][safepoint   ] Safepoint "Cleanup", Time since last: 12000807205 ns, Reaching safepoint: 9006 ns, Cleanup: 8059 ns, At safepoint: 4864 ns, Total: 21929 ns
[2025-10-16T04:03:40.364+0000][6][safepoint   ] Safepoint "Cleanup", Time since last: 4000291694 ns, Reaching safepoint: 26612 ns, Cleanup: 12558 ns, At safepoint: 5936 ns, Total: 45106 ns
[2025-10-16T04:03:42.364+0000][6][safepoint   ] Safepoint "Cleanup", Time since last: 2000154830 ns, Reaching safepoint: 12327 ns, Cleanup: 10618 ns, At safepoint: 5756 ns, Total: 28701 ns
[2025-10-16T04:03:46.365+0000][6][safepoint   ] Safepoint "Cleanup", Time since last: 4000306538 ns, Reaching safepoint: 12105 ns, Cleanup: 8447 ns, At safepoint: 7282 ns, Total: 27834 ns
[2025-10-16T04:03:48.365+0000][6][safepoint   ] Safepoint "Cleanup", Time since last: 2000152500 ns, Reaching safepoint: 9563 ns, Cleanup: 10033 ns, At safepoint: 5354 ns, Total: 24950 ns
[2025-10-16T04:04:53.369+0000][6][safepoint   ] Safepoint "Cleanup", Time since last: 65004039329 ns, Reaching safepoint: 23857 ns, Cleanup: 19666 ns, At safepoint: 8651 ns, Total: 52174 ns
[2025-10-16T04:05:18.371+0000][6][safepoint   ] Safepoint "Cleanup", Time since last: 25002238241 ns, Reaching safepoint: 25544 ns, Cleanup: 10494 ns, At safepoint: 7088 ns, Total: 43126 ns
[2025-10-16T04:05:36.372+0000][6][safepoint   ] Safepoint "Cleanup", Time since last: 18001276719 ns, Reaching safepoint: 25821 ns, Cleanup: 8924 ns, At safepoint: 5004 ns, Total: 39749 ns
[2025-10-16T04:05:37.373+0000][6][safepoint   ] Safepoint "Cleanup", Time since last: 1000272268 ns, Reaching safepoint: 13386 ns, Cleanup: 8342 ns, At safepoint: 5517 ns, Total: 27245 ns
[2025-10-16T04:05:56.374+0000][6][safepoint   ] Safepoint "Cleanup", Time since last: 19001339077 ns, Reaching safepoint: 29981 ns, Cleanup: 9445 ns, At safepoint: 6513 ns, Total: 45939 ns
[2025-10-16T04:05:57.377+0000][6][safepoint   ] Safepoint "Cleanup", Time since last: 1002720617 ns, Reaching safepoint: 20561 ns, Cleanup: 18423 ns, At safepoint: 6967 ns, Total: 45951 ns
[2025-10-16T04:06:01.377+0000][6][safepoint   ] Safepoint "Cleanup", Time since last: 4000344527 ns, Reaching safepoint: 23148 ns, Cleanup: 11215 ns, At safepoint: 7675 ns, Total: 42038 ns
[2025-10-16T04:06:09.379+0000][6][safepoint   ] Safepoint "Cleanup", Time since last: 8001585343 ns, Reaching safepoint: 482661 ns, Cleanup: 14763 ns, At safepoint: 16218 ns, Total: 513642 ns
[2025-10-16T04:06:20.382+0000][6][safepoint   ] Safepoint "Cleanup", Time since last: 11002424404 ns, Reaching safepoint: 14728 ns, Cleanup: 79917 ns, At safepoint: 8553 ns, Total: 103198 ns
[2025-10-16T04:06:21.382+0000][6][safepoint   ] Safepoint "Cleanup", Time since last: 1000215672 ns, Reaching safepoint: 15403 ns, Cleanup: 19334 ns, At safepoint: 7332 ns, Total: 42069 ns
[2025-10-16T04:06:23.382+0000][6][safepoint   ] Safepoint "Cleanup", Time since last: 2000165090 ns, Reaching safepoint: 12189 ns, Cleanup: 10947 ns, At safepoint: 5958 ns, Total: 29094 ns
[2025-10-16T04:06:40.384+0000][6][safepoint   ] Safepoint "Cleanup", Time since last: 17001161238 ns, Reaching safepoint: 17367 ns, Cleanup: 7803 ns, At safepoint: 5346 ns, Total: 30516 ns
[2025-10-16T04:06:51.426+0000][6][safepoint   ] Safepoint "Cleanup", Time since last: 11042757569 ns, Reaching safepoint: 16787 ns, Cleanup: 17630 ns, At safepoint: 9503 ns, Total: 43920 ns
[2025-10-16T04:06:53.427+0000][6][safepoint   ] Safepoint "Cleanup", Time since last: 2000156232 ns, Reaching safepoint: 13396 ns, Cleanup: 18964 ns, At safepoint: 8196 ns, Total: 40556 ns
[2025-10-16T04:06:57.427+0000][6][safepoint   ] Safepoint "Cleanup", Time since last: 4000283175 ns, Reaching safepoint: 12072 ns, Cleanup: 9934 ns, At safepoint: 5493 ns, Total: 27499 ns
[2025-10-16T04:07:01.427+0000][6][safepoint   ] Safepoint "Cleanup", Time since last: 4000378850 ns, Reaching safepoint: 33309 ns, Cleanup: 9098 ns, At safepoint: 6050 ns, Total: 48457 ns
[2025-10-16T04:07:07.428+0000][6][safepoint   ] Safepoint "Cleanup", Time since last: 6000480415 ns, Reaching safepoint: 21516 ns, Cleanup: 6815 ns, At safepoint: 5338 ns, Total: 33669 ns
[2025-10-16T04:07:09.428+0000][6][safepoint   ] Safepoint "Cleanup", Time since last: 2000146693 ns, Reaching safepoint: 14600 ns, Cleanup: 10018 ns, At safepoint: 7684 ns, Total: 32302 ns
[2025-10-16T04:07:25.429+0000][6][safepoint   ] Safepoint "Cleanup", Time since last: 16001179367 ns, Reaching safepoint: 54230 ns, Cleanup: 46683 ns, At safepoint: 13080 ns, Total: 113993 ns
[2025-10-16T04:07:28.430+0000][6][safepoint   ] Safepoint "Cleanup", Time since last: 3000565024 ns, Reaching safepoint: 9989 ns, Cleanup: 7911 ns, At safepoint: 4862 ns, Total: 22762 ns
[2025-10-16T04:08:07.433+0000][6][safepoint   ] Safepoint "Cleanup", Time since last: 39002750607 ns, Reaching safepoint: 23252 ns, Cleanup: 8788 ns, At safepoint: 4817 ns, Total: 36857 ns
[2025-10-16T04:08:37.436+0000][6][safepoint   ] Safepoint "Cleanup", Time since last: 30003611231 ns, Reaching safepoint: 18599 ns, Cleanup: 9948 ns, At safepoint: 5772 ns, Total: 34319 ns
[2025-10-16T04:08:51.439+0000][6][safepoint   ] Safepoint "Cleanup", Time since last: 14002350093 ns, Reaching safepoint: 11872 ns, Cleanup: 10241 ns, At safepoint: 6002 ns, Total: 28115 ns
[2025-10-16T04:09:07.441+0000][6][safepoint   ] Safepoint "Cleanup", Time since last: 16002301159 ns, Reaching safepoint: 25947 ns, Cleanup: 8163 ns, At safepoint: 5245 ns, Total: 39355 ns
[2025-10-16T04:09:16.443+0000][6][safepoint   ] Safepoint "Cleanup", Time since last: 9002253343 ns, Reaching safepoint: 29145 ns, Cleanup: 8153 ns, At safepoint: 5489 ns, Total: 42787 ns
[2025-10-16T04:09:20.445+0000][6][safepoint   ] Safepoint "Cleanup", Time since last: 4001766714 ns, Reaching safepoint: 8760 ns, Cleanup: 8435 ns, At safepoint: 6310 ns, Total: 23505 ns
[2025-10-16T04:09:40.447+0000][6][safepoint   ] Safepoint "Cleanup", Time since last: 20001788607 ns, Reaching safepoint: 20129 ns, Cleanup: 7994 ns, At safepoint: 4830 ns, Total: 32953 ns
[2025-10-16T04:09:51.449+0000][6][safepoint   ] Safepoint "Cleanup", Time since last: 11002156092 ns, Reaching safepoint: 13372 ns, Cleanup: 13584 ns, At safepoint: 7617 ns, Total: 34573 ns
[2025-10-16T04:10:13.452+0000][6][safepoint   ] Safepoint "Cleanup", Time since last: 22002961891 ns, Reaching safepoint: 59138 ns, Cleanup: 13459 ns, At safepoint: 5657 ns, Total: 78254 ns
[2025-10-16T04:10:40.455+0000][6][safepoint   ] Safepoint "Cleanup", Time since last: 27003165702 ns, Reaching safepoint: 27848 ns, Cleanup: 11718 ns, At safepoint: 5025 ns, Total: 44591 ns
[2025-10-16T04:11:10.459+0000][6][safepoint   ] Safepoint "Cleanup", Time since last: 30003608579 ns, Reaching safepoint: 24157 ns, Cleanup: 9691 ns, At safepoint: 5789 ns, Total: 39637 ns
[2025-10-16T04:11:12.461+0000][6][safepoint   ] Safepoint "Cleanup", Time since last: 2001602900 ns, Reaching safepoint: 8128 ns, Cleanup: 8302 ns, At safepoint: 4819 ns, Total: 21249 ns
[2025-10-16T04:11:22.461+0000][6][safepoint   ] Safepoint "Cleanup", Time since last: 10000661286 ns, Reaching safepoint: 9518 ns, Cleanup: 10995 ns, At safepoint: 4001 ns, Total: 24514 ns
[2025-10-16T04:11:23.462+0000][6][safepoint   ] Safepoint "Cleanup", Time since last: 1000095239 ns, Reaching safepoint: 38181 ns, Cleanup: 8603 ns, At safepoint: 5827 ns, Total: 52611 ns
[2025-10-16T04:11:32.462+0000][6][safepoint   ] Safepoint "Cleanup", Time since last: 9000605813 ns, Reaching safepoint: 45386 ns, Cleanup: 8386 ns, At safepoint: 6276 ns, Total: 60048 ns
[2025-10-16T04:11:33.462+0000][6][safepoint   ] Safepoint "Cleanup", Time since last: 1000124931 ns, Reaching safepoint: 20736 ns, Cleanup: 18455 ns, At safepoint: 17258 ns, Total: 56449 ns
[2025-10-16T04:11:36.463+0000][6][safepoint   ] Safepoint "Cleanup", Time since last: 3000249000 ns, Reaching safepoint: 11742 ns, Cleanup: 8299 ns, At safepoint: 5916 ns, Total: 25957 ns
[2025-10-16T04:12:14.519+0000][6][safepoint   ] Safepoint "Cleanup", Time since last: 38056036881 ns, Reaching safepoint: 24324 ns, Cleanup: 15401 ns, At safepoint: 6143 ns, Total: 45868 ns
[2025-10-16T04:12:21.521+0000][6][safepoint   ] Safepoint "Cleanup", Time since last: 7001893970 ns, Reaching safepoint: 17826 ns, Cleanup: 8979 ns, At safepoint: 4948 ns, Total: 31753 ns
[2025-10-16T04:13:19.537+0000][6][safepoint   ] Safepoint "Cleanup", Time since last: 58016128295 ns, Reaching safepoint: 26429 ns, Cleanup: 8137 ns, At safepoint: 4635 ns, Total: 39201 ns
[2025-10-16T04:13:25.537+0000][6][safepoint   ] Safepoint "Cleanup", Time since last: 6000660852 ns, Reaching safepoint: 17409 ns, Cleanup: 7637 ns, At safepoint: 5834 ns, Total: 30880 ns
[2025-10-16T04:13:36.538+0000][6][safepoint   ] Safepoint "Cleanup", Time since last: 11000859574 ns, Reaching safepoint: 54927 ns, Cleanup: 24962 ns, At safepoint: 42078 ns, Total: 121967 ns
[2025-10-16T04:13:43.541+0000][6][safepoint   ] Safepoint "Cleanup", Time since last: 7002370582 ns, Reaching safepoint: 18585 ns, Cleanup: 6356 ns, At safepoint: 4837 ns, Total: 29778 ns
[2025-10-16T04:14:10.543+0000][6][safepoint   ] Safepoint "Cleanup", Time since last: 27002093273 ns, Reaching safepoint: 20491 ns, Cleanup: 9149 ns, At safepoint: 6963 ns, Total: 36603 ns
[2025-10-16T04:14:12.543+0000][6][safepoint   ] Safepoint "Cleanup", Time since last: 2000156042 ns, Reaching safepoint: 6449 ns, Cleanup: 9530 ns, At safepoint: 4160 ns, Total: 20139 ns
[2025-10-16T04:14:37.545+0000][6][safepoint   ] Safepoint "Cleanup", Time since last: 25001893477 ns, Reaching safepoint: 19638 ns, Cleanup: 8605 ns, At safepoint: 5441 ns, Total: 33684 ns
[2025-10-16T04:15:07.548+0000][6][safepoint   ] Safepoint "Cleanup", Time since last: 30002868966 ns, Reaching safepoint: 58865 ns, Cleanup: 27137 ns, At safepoint: 6687 ns, Total: 92689 ns
[2025-10-16T04:15:11.549+0000][6][safepoint   ] Safepoint "Cleanup", Time since last: 4000873135 ns, Reaching safepoint: 8932 ns, Cleanup: 7129 ns, At safepoint: 4214 ns, Total: 20275 ns
[2025-10-16T04:15:32.550+0000][6][safepoint   ] Safepoint "Cleanup", Time since last: 21001492776 ns, Reaching safepoint: 23281 ns, Cleanup: 10540 ns, At safepoint: 5862 ns, Total: 39683 ns
[2025-10-16T04:15:33.551+0000][6][safepoint   ] Safepoint "Cleanup", Time since last: 1000590097 ns, Reaching safepoint: 23148 ns, Cleanup: 33883 ns, At safepoint: 9109 ns, Total: 66140 ns
[2025-10-16T04:15:34.551+0000][6][safepoint   ] Safepoint "Cleanup", Time since last: 1000105182 ns, Reaching safepoint: 10812 ns, Cleanup: 14235 ns, At safepoint: 5733 ns, Total: 30780 ns
[2025-10-16T04:15:35.551+0000][6][safepoint   ] Safepoint "Cleanup", Time since last: 1000101486 ns, Reaching safepoint: 13425 ns, Cleanup: 22556 ns, At safepoint: 6506 ns, Total: 42487 ns
[2025-10-16T04:15:36.552+0000][6][safepoint   ] Safepoint "Cleanup", Time since last: 1000156210 ns, Reaching safepoint: 8427 ns, Cleanup: 7113 ns, At safepoint: 4412 ns, Total: 19952 ns
[2025-10-16T04:15:44.553+0000][6][safepoint   ] Safepoint "Cleanup", Time since last: 8000855608 ns, Reaching safepoint: 62951 ns, Cleanup: 7221 ns, At safepoint: 4189 ns, Total: 74361 ns
[2025-10-16T04:15:46.393+0000][6][gc,start    ] GC(14) Pause Young (Normal) (G1 Evacuation Pause)
[2025-10-16T04:15:46.393+0000][6][gc,task     ] GC(14) Using 8 workers of 8 for evacuation
[2025-10-16T04:15:46.393+0000][6][gc,age      ] GC(14) Desired survivor size 81788928 bytes, new threshold 15 (max threshold 15)
[2025-10-16T04:15:46.419+0000][6][gc,phases   ] GC(14)   Pre Evacuate Collection Set: 0.19ms
[2025-10-16T04:15:46.419+0000][6][gc,phases   ] GC(14)   Merge Heap Roots: 0.09ms
[2025-10-16T04:15:46.419+0000][6][gc,phases   ] GC(14)   Evacuate Collection Set: 24.13ms
[2025-10-16T04:15:46.419+0000][6][gc,phases   ] GC(14)   Post Evacuate Collection Set: 1.76ms
[2025-10-16T04:15:46.419+0000][6][gc,phases   ] GC(14)   Other: 0.08ms
[2025-10-16T04:15:46.419+0000][6][gc,age      ] GC(14) Age table with threshold 15 (max threshold 15)
[2025-10-16T04:15:46.419+0000][6][gc,age      ] GC(14) - age   1:   12653912 bytes,   12653912 total
[2025-10-16T04:15:46.419+0000][6][gc,age      ] GC(14) - age   2:   17787088 bytes,   30441000 total
[2025-10-16T04:15:46.419+0000][6][gc,age      ] GC(14) - age   3:   10850848 bytes,   41291848 total
[2025-10-16T04:15:46.419+0000][6][gc,age      ] GC(14) - age   4:      42080 bytes,   41333928 total
[2025-10-16T04:15:46.419+0000][6][gc,age      ] GC(14) - age   5:      30256 bytes,   41364184 total
[2025-10-16T04:15:46.419+0000][6][gc,age      ] GC(14) - age   6:   28133200 bytes,   69497384 total
[2025-10-16T04:15:46.419+0000][6][gc,age      ] GC(14) - age   7:    1614016 bytes,   71111400 total
[2025-10-16T04:15:46.419+0000][6][gc,age      ] GC(14) - age   8:    2078616 bytes,   73190016 total
[2025-10-16T04:15:46.419+0000][6][gc,age      ] GC(14) - age   9:    2489720 bytes,   75679736 total
[2025-10-16T04:15:46.419+0000][6][gc,age      ] GC(14) - age  10:    2969584 bytes,   78649320 total
[2025-10-16T04:15:46.419+0000][6][gc,heap     ] GC(14) Eden regions: 293->0(440)
[2025-10-16T04:15:46.419+0000][6][gc,heap     ] GC(14) Survivor regions: 18->20(39)
[2025-10-16T04:15:46.419+0000][6][gc,heap     ] GC(14) Old regions: 3->3
[2025-10-16T04:15:46.419+0000][6][gc,heap     ] GC(14) Humongous regions: 2->2
[2025-10-16T04:15:46.419+0000][6][gc,metaspace] GC(14) Metaspace: 110078K(112960K)->110078K(112960K) NonClass: 94639K(96192K)->94639K(96192K) Class: 15438K(16768K)->15438K(16768K)
[2025-10-16T04:15:46.419+0000][6][gc          ] GC(14) Pause Young (Normal) (G1 Evacuation Pause) 1260M->96M(3072M) 26.410ms
[2025-10-16T04:15:46.419+0000][6][gc,cpu      ] GC(14) User=0.17s Sys=0.00s Real=0.03s
[2025-10-16T04:15:46.419+0000][6][safepoint   ] Safepoint "G1CollectForAllocation", Time since last: 1840033447 ns, Reaching safepoint: 12668 ns, Cleanup: 3468 ns, At safepoint: 26467897 ns, Total: 26484033 ns
[2025-10-16T04:16:12.592+0000][6][safepoint   ] Safepoint "Cleanup", Time since last: 26172445659 ns, Reaching safepoint: 31359 ns, Cleanup: 8762 ns, At safepoint: 6154 ns, Total: 46275 ns
[2025-10-16T04:16:22.593+0000][6][safepoint   ] Safepoint "Cleanup", Time since last: 10000919449 ns, Reaching safepoint: 25427 ns, Cleanup: 9894 ns, At safepoint: 6966 ns, Total: 42287 ns
[2025-10-16T04:16:29.593+0000][6][safepoint   ] Safepoint "Cleanup", Time since last: 7000448341 ns, Reaching safepoint: 23486 ns, Cleanup: 9924 ns, At safepoint: 8070 ns, Total: 41480 ns
[2025-10-16T04:17:06.596+0000][6][safepoint   ] Safepoint "Cleanup", Time since last: 37003059501 ns, Reaching safepoint: 19104 ns, Cleanup: 7798 ns, At safepoint: 4975 ns, Total: 31877 ns
[2025-10-16T04:17:28.599+0000][6][safepoint   ] Safepoint "Cleanup", Time since last: 22003310527 ns, Reaching safepoint: 17733 ns, Cleanup: 8619 ns, At safepoint: 4919 ns, Total: 31271 ns
[2025-10-16T04:17:37.602+0000][6][safepoint   ] Safepoint "Cleanup", Time since last: 9002097615 ns, Reaching safepoint: 24950 ns, Cleanup: 9854 ns, At safepoint: 5662 ns, Total: 40466 ns
[2025-10-16T04:17:46.602+0000][6][safepoint   ] Safepoint "Cleanup", Time since last: 9000603628 ns, Reaching safepoint: 22990 ns, Cleanup: 7932 ns, At safepoint: 5678 ns, Total: 36600 ns
[2025-10-16T04:17:48.602+0000][6][safepoint   ] Safepoint "Cleanup", Time since last: 2000227907 ns, Reaching safepoint: 14730 ns, Cleanup: 9150 ns, At safepoint: 5941 ns, Total: 29821 ns
[2025-10-16T04:18:12.604+0000][6][safepoint   ] Safepoint "Cleanup", Time since last: 24001778625 ns, Reaching safepoint: 22356 ns, Cleanup: 9133 ns, At safepoint: 5943 ns, Total: 37432 ns
[2025-10-16T04:18:20.605+0000][6][safepoint   ] Safepoint "Cleanup", Time since last: 8000625502 ns, Reaching safepoint: 27554 ns, Cleanup: 10381 ns, At safepoint: 5381 ns, Total: 43316 ns
[2025-10-16T04:18:36.606+0000][6][safepoint   ] Safepoint "Cleanup", Time since last: 16001178510 ns, Reaching safepoint: 62885 ns, Cleanup: 37035 ns, At safepoint: 5854 ns, Total: 105774 ns
[2025-10-16T04:18:39.607+0000][6][safepoint   ] Safepoint "Cleanup", Time since last: 3000869509 ns, Reaching safepoint: 21284 ns, Cleanup: 7892 ns, At safepoint: 6835 ns, Total: 36011 ns
[2025-10-16T04:19:06.610+0000][6][safepoint   ] Safepoint "Cleanup", Time since last: 27002492117 ns, Reaching safepoint: 26968 ns, Cleanup: 29952 ns, At safepoint: 7209 ns, Total: 64129 ns
[2025-10-16T04:19:06.663+0000][6][gc,heap,exit] Heap
[2025-10-16T04:19:06.663+0000][6][gc,heap,exit]  garbage-first heap   total reserved 3145728K, committed 3145728K, used 231570K [0x0000000740000000, 0x0000000800000000)
[2025-10-16T04:19:06.663+0000][6][gc,heap,exit]   region size 4096K, 53 young (217088K), 20 survivors (81920K)
[2025-10-16T04:19:06.663+0000][6][gc,heap,exit]  Metaspace       used 110256K, committed 113152K, reserved 1179648K
[2025-10-16T04:19:06.663+0000][6][gc,heap,exit]   class space    used 15472K, committed 16768K, reserved 1048576K
