[2025-10-18T14:23:08.648+0000][7][gc,init] CardTable entry size: 512
[2025-10-18T14:23:08.648+0000][7][gc     ] Using G1
[2025-10-18T14:23:11.158+0000][7][gc,init] Version: 22.0.2+9-70 (release)
[2025-10-18T14:23:11.158+0000][7][gc,init] CPUs: 8 total, 8 available
[2025-10-18T14:23:11.158+0000][7][gc,init] Memory: 15822M
[2025-10-18T14:23:11.158+0000][7][gc,init] Large Page Support: Disabled
[2025-10-18T14:23:11.158+0000][7][gc,init] NUMA Support: Disabled
[2025-10-18T14:23:11.158+0000][7][gc,init] Compressed Oops: Enabled (Zero based)
[2025-10-18T14:23:11.158+0000][7][gc,init] Heap Region Size: 4M
[2025-10-18T14:23:11.158+0000][7][gc,init] Heap Min Capacity: 3G
[2025-10-18T14:23:11.158+0000][7][gc,init] Heap Initial Capacity: 3G
[2025-10-18T14:23:11.158+0000][7][gc,init] Heap Max Capacity: 3G
[2025-10-18T14:23:11.158+0000][7][gc,init] Pre-touch: Enabled
[2025-10-18T14:23:11.158+0000][7][gc,init] Parallel Workers: 8
[2025-10-18T14:23:11.158+0000][7][gc,init] Concurrent Workers: 2
[2025-10-18T14:23:11.158+0000][7][gc,init] Concurrent Refinement Workers: 8
[2025-10-18T14:23:11.158+0000][7][gc,init] Periodic GC: Disabled
[2025-10-18T14:23:11.170+0000][7][gc,metaspace] CDS archive(s) mapped at: [0x00007f9dbe000000-0x00007f9dbec78000-0x00007f9dbec78000), size 13074432, SharedBaseAddress: 0x00007f9dbe000000, ArchiveRelocationMode: 1.
[2025-10-18T14:23:11.170+0000][7][gc,metaspace] Compressed class space mapped at: 0x00007f9dbf000000-0x00007f9dff000000, reserved size: 1073741824
[2025-10-18T14:23:11.170+0000][7][gc,metaspace] Narrow klass base: 0x00007f9dbe000000, Narrow klass shift: 0, Narrow klass range: 0x100000000
[2025-10-18T14:23:12.180+0000][7][safepoint   ] Safepoint "Cleanup", Time since last: 1001751104 ns, Reaching safepoint: 2489 ns, Cleanup: 81395 ns, At safepoint: 3245 ns, Total: 87129 ns
[2025-10-18T14:23:13.204+0000][7][safepoint   ] Safepoint "Cleanup", Time since last: 1023205222 ns, Reaching safepoint: 179998 ns, Cleanup: 188890 ns, At safepoint: 16950 ns, Total: 385838 ns
[2025-10-18T14:23:14.310+0000][7][safepoint   ] Safepoint "ICBufferFull", Time since last: 1106078143 ns, Reaching safepoint: 27620 ns, Cleanup: 103753 ns, At safepoint: 12094 ns, Total: 143467 ns
[2025-10-18T14:23:14.702+0000][7][gc,start    ] GC(0) Pause Young (Normal) (G1 Evacuation Pause)
[2025-10-18T14:23:14.702+0000][7][gc,task     ] GC(0) Using 8 workers of 8 for evacuation
[2025-10-18T14:23:14.702+0000][7][gc,age      ] GC(0) Desired survivor size 10485760 bytes, new threshold 15 (max threshold 15)
[2025-10-18T14:23:14.717+0000][7][gc,phases   ] GC(0)   Pre Evacuate Collection Set: 0.67ms
[2025-10-18T14:23:14.717+0000][7][gc,phases   ] GC(0)   Merge Heap Roots: 0.54ms
[2025-10-18T14:23:14.717+0000][7][gc,phases   ] GC(0)   Evacuate Collection Set: 9.15ms
[2025-10-18T14:23:14.717+0000][7][gc,phases   ] GC(0)   Post Evacuate Collection Set: 4.30ms
[2025-10-18T14:23:14.717+0000][7][gc,phases   ] GC(0)   Other: 0.13ms
[2025-10-18T14:23:14.717+0000][7][gc,age      ] GC(0) Age table with threshold 15 (max threshold 15)
[2025-10-18T14:23:14.717+0000][7][gc,age      ] GC(0) - age   1:    8885872 bytes,    8885872 total
[2025-10-18T14:23:14.717+0000][7][gc,heap     ] GC(0) Eden regions: 38->0(35)
[2025-10-18T14:23:14.717+0000][7][gc,heap     ] GC(0) Survivor regions: 0->3(5)
[2025-10-18T14:23:14.717+0000][7][gc,heap     ] GC(0) Old regions: 1->1
[2025-10-18T14:23:14.717+0000][7][gc,heap     ] GC(0) Humongous regions: 0->0
[2025-10-18T14:23:14.717+0000][7][gc,metaspace] GC(0) Metaspace: 16677K(17024K)->16677K(17024K) NonClass: 14730K(14912K)->14730K(14912K) Class: 1946K(2112K)->1946K(2112K)
[2025-10-18T14:23:14.717+0000][7][gc          ] GC(0) Pause Young (Normal) (G1 Evacuation Pause) 153M->9M(3072M) 15.157ms
[2025-10-18T14:23:14.717+0000][7][gc,cpu      ] GC(0) User=0.03s Sys=0.00s Real=0.02s
[2025-10-18T14:23:14.717+0000][7][safepoint   ] Safepoint "G1CollectForAllocation", Time since last: 392086557 ns, Reaching safepoint: 9002 ns, Cleanup: 72801 ns, At safepoint: 15221502 ns, Total: 15303305 ns
[2025-10-18T14:23:15.340+0000][7][gc,start    ] GC(1) Pause Young (Normal) (G1 Evacuation Pause)
[2025-10-18T14:23:15.340+0000][7][gc,task     ] GC(1) Using 8 workers of 8 for evacuation
[2025-10-18T14:23:15.340+0000][7][gc,age      ] GC(1) Desired survivor size 10485760 bytes, new threshold 15 (max threshold 15)
[2025-10-18T14:23:15.347+0000][7][gc,phases   ] GC(1)   Pre Evacuate Collection Set: 0.15ms
[2025-10-18T14:23:15.347+0000][7][gc,phases   ] GC(1)   Merge Heap Roots: 0.04ms
[2025-10-18T14:23:15.347+0000][7][gc,phases   ] GC(1)   Evacuate Collection Set: 4.47ms
[2025-10-18T14:23:15.347+0000][7][gc,phases   ] GC(1)   Post Evacuate Collection Set: 2.49ms
[2025-10-18T14:23:15.347+0000][7][gc,phases   ] GC(1)   Other: 0.08ms
[2025-10-18T14:23:15.347+0000][7][gc,age      ] GC(1) Age table with threshold 15 (max threshold 15)
[2025-10-18T14:23:15.347+0000][7][gc,age      ] GC(1) - age   1:    4919240 bytes,    4919240 total
[2025-10-18T14:23:15.347+0000][7][gc,age      ] GC(1) - age   2:    8088448 bytes,   13007688 total
[2025-10-18T14:23:15.347+0000][7][gc,heap     ] GC(1) Eden regions: 35->0(39)
[2025-10-18T14:23:15.347+0000][7][gc,heap     ] GC(1) Survivor regions: 3->4(5)
[2025-10-18T14:23:15.347+0000][7][gc,heap     ] GC(1) Old regions: 1->1
[2025-10-18T14:23:15.347+0000][7][gc,heap     ] GC(1) Humongous regions: 0->0
[2025-10-18T14:23:15.347+0000][7][gc,metaspace] GC(1) Metaspace: 18565K(19008K)->18565K(19008K) NonClass: 16353K(16576K)->16353K(16576K) Class: 2212K(2432K)->2212K(2432K)
[2025-10-18T14:23:15.347+0000][7][gc          ] GC(1) Pause Young (Normal) (G1 Evacuation Pause) 149M->14M(3072M) 7.513ms
[2025-10-18T14:23:15.347+0000][7][gc,cpu      ] GC(1) User=0.03s Sys=0.00s Real=0.01s
[2025-10-18T14:23:15.347+0000][7][safepoint   ] Safepoint "G1CollectForAllocation", Time since last: 622596491 ns, Reaching safepoint: 3220 ns, Cleanup: 72410 ns, At safepoint: 7580494 ns, Total: 7656124 ns
[2025-10-18T14:23:15.640+0000][7][gc,start    ] GC(2) Pause Young (Normal) (G1 Evacuation Pause)
[2025-10-18T14:23:15.640+0000][7][gc,task     ] GC(2) Using 8 workers of 8 for evacuation
[2025-10-18T14:23:15.640+0000][7][gc,age      ] GC(2) Desired survivor size 12582912 bytes, new threshold 2 (max threshold 15)
[2025-10-18T14:23:15.647+0000][7][gc,phases   ] GC(2)   Pre Evacuate Collection Set: 0.22ms
[2025-10-18T14:23:15.647+0000][7][gc,phases   ] GC(2)   Merge Heap Roots: 0.04ms
[2025-10-18T14:23:15.647+0000][7][gc,phases   ] GC(2)   Evacuate Collection Set: 6.29ms
[2025-10-18T14:23:15.647+0000][7][gc,phases   ] GC(2)   Post Evacuate Collection Set: 0.67ms
[2025-10-18T14:23:15.647+0000][7][gc,phases   ] GC(2)   Other: 0.07ms
[2025-10-18T14:23:15.647+0000][7][gc,age      ] GC(2) Age table with threshold 2 (max threshold 15)
[2025-10-18T14:23:15.647+0000][7][gc,age      ] GC(2) - age   1:    2115208 bytes,    2115208 total
[2025-10-18T14:23:15.647+0000][7][gc,age      ] GC(2) - age   2:    3007952 bytes,    5123160 total
[2025-10-18T14:23:15.647+0000][7][gc,heap     ] GC(2) Eden regions: 39->0(458)
[2025-10-18T14:23:15.647+0000][7][gc,heap     ] GC(2) Survivor regions: 4->2(6)
[2025-10-18T14:23:15.647+0000][7][gc,heap     ] GC(2) Old regions: 1->3
[2025-10-18T14:23:15.647+0000][7][gc,heap     ] GC(2) Humongous regions: 0->0
[2025-10-18T14:23:15.647+0000][7][gc,metaspace] GC(2) Metaspace: 19047K(19456K)->19047K(19456K) NonClass: 16746K(16960K)->16746K(16960K) Class: 2300K(2496K)->2300K(2496K)
[2025-10-18T14:23:15.647+0000][7][gc          ] GC(2) Pause Young (Normal) (G1 Evacuation Pause) 170M->15M(3072M) 7.460ms
[2025-10-18T14:23:15.647+0000][7][gc,cpu      ] GC(2) User=0.03s Sys=0.01s Real=0.01s
[2025-10-18T14:23:15.647+0000][7][safepoint   ] Safepoint "G1CollectForAllocation", Time since last: 292090138 ns, Reaching safepoint: 12662 ns, Cleanup: 86701 ns, At safepoint: 7646383 ns, Total: 7745746 ns
[2025-10-18T14:23:16.647+0000][7][safepoint   ] Safepoint "Cleanup", Time since last: 1000069035 ns, Reaching safepoint: 66680 ns, Cleanup: 22453 ns, At safepoint: 4932 ns, Total: 94065 ns
[2025-10-18T14:23:16.788+0000][7][gc,start    ] GC(3) Pause Young (Concurrent Start) (Metadata GC Threshold)
[2025-10-18T14:23:16.788+0000][7][gc,task     ] GC(3) Using 8 workers of 8 for evacuation
[2025-10-18T14:23:16.788+0000][7][gc,age      ] GC(3) Desired survivor size 121634816 bytes, new threshold 15 (max threshold 15)
[2025-10-18T14:23:16.794+0000][7][gc,phases   ] GC(3)   Pre Evacuate Collection Set: 0.15ms
[2025-10-18T14:23:16.794+0000][7][gc,phases   ] GC(3)   Merge Heap Roots: 0.03ms
[2025-10-18T14:23:16.794+0000][7][gc,phases   ] GC(3)   Evacuate Collection Set: 5.63ms
[2025-10-18T14:23:16.794+0000][7][gc,phases   ] GC(3)   Post Evacuate Collection Set: 0.30ms
[2025-10-18T14:23:16.794+0000][7][gc,phases   ] GC(3)   Other: 0.07ms
[2025-10-18T14:23:16.794+0000][7][gc,age      ] GC(3) Age table with threshold 15 (max threshold 15)
[2025-10-18T14:23:16.794+0000][7][gc,age      ] GC(3) - age   1:    5377744 bytes,    5377744 total
[2025-10-18T14:23:16.794+0000][7][gc,age      ] GC(3) - age   2:     933504 bytes,    6311248 total
[2025-10-18T14:23:16.794+0000][7][gc,age      ] GC(3) - age   3:    3005920 bytes,    9317168 total
[2025-10-18T14:23:16.794+0000][7][gc,heap     ] GC(3) Eden regions: 176->0(457)
[2025-10-18T14:23:16.794+0000][7][gc,heap     ] GC(3) Survivor regions: 2->3(58)
[2025-10-18T14:23:16.794+0000][7][gc,heap     ] GC(3) Old regions: 3->3
[2025-10-18T14:23:16.794+0000][7][gc,heap     ] GC(3) Humongous regions: 0->0
[2025-10-18T14:23:16.794+0000][7][gc,metaspace] GC(3) Metaspace: 21036K(21504K)->21036K(21504K) NonClass: 18471K(18752K)->18471K(18752K) Class: 2565K(2752K)->2565K(2752K)
[2025-10-18T14:23:16.794+0000][7][gc          ] GC(3) Pause Young (Concurrent Start) (Metadata GC Threshold) 719M->18M(3072M) 6.336ms
[2025-10-18T14:23:16.794+0000][7][gc          ] GC(4) Concurrent Mark Cycle
[2025-10-18T14:23:16.794+0000][7][gc,cpu      ] GC(3) User=0.02s Sys=0.00s Real=0.00s
[2025-10-18T14:23:16.794+0000][7][gc,marking  ] GC(4) Concurrent Scan Root Regions
[2025-10-18T14:23:16.794+0000][7][safepoint   ] Safepoint "CollectForMetadataAllocation", Time since last: 140101904 ns, Reaching safepoint: 2869 ns, Cleanup: 8958 ns, At safepoint: 6425397 ns, Total: 6437224 ns
[2025-10-18T14:23:16.795+0000][7][gc,marking  ] GC(4) Concurrent Scan Root Regions 1.273ms
[2025-10-18T14:23:16.795+0000][7][gc,marking  ] GC(4) Concurrent Mark
[2025-10-18T14:23:16.795+0000][7][gc,marking  ] GC(4) Concurrent Mark From Roots
[2025-10-18T14:23:16.795+0000][7][gc,task     ] GC(4) Using 2 workers of 2 for marking
[2025-10-18T14:23:16.808+0000][7][gc,marking  ] GC(4) Concurrent Mark From Roots 13.013ms
[2025-10-18T14:23:16.808+0000][7][gc,marking  ] GC(4) Concurrent Preclean
[2025-10-18T14:23:16.809+0000][7][gc,marking  ] GC(4) Concurrent Preclean 0.145ms
[2025-10-18T14:23:16.809+0000][7][gc,start    ] GC(4) Pause Remark
[2025-10-18T14:23:16.810+0000][7][gc          ] GC(4) Pause Remark 22M->22M(3072M) 1.633ms
[2025-10-18T14:23:16.810+0000][7][gc,cpu      ] GC(4) User=0.01s Sys=0.00s Real=0.00s
[2025-10-18T14:23:16.810+0000][7][safepoint   ] Safepoint "G1PauseRemark", Time since last: 14604598 ns, Reaching safepoint: 8037 ns, Cleanup: 16562 ns, At safepoint: 1694784 ns, Total: 1719383 ns
[2025-10-18T14:23:16.810+0000][7][gc,marking  ] GC(4) Concurrent Mark 15.091ms
[2025-10-18T14:23:16.810+0000][7][gc,marking  ] GC(4) Concurrent Rebuild Remembered Sets and Scrub Regions
[2025-10-18T14:23:16.814+0000][7][gc,marking  ] GC(4) Concurrent Rebuild Remembered Sets and Scrub Regions 3.837ms
[2025-10-18T14:23:16.814+0000][7][gc,start    ] GC(4) Pause Cleanup
[2025-10-18T14:23:16.815+0000][7][gc          ] GC(4) Pause Cleanup 22M->22M(3072M) 0.293ms
[2025-10-18T14:23:16.815+0000][7][gc,cpu      ] GC(4) User=0.00s Sys=0.00s Real=0.00s
[2025-10-18T14:23:16.815+0000][7][safepoint   ] Safepoint "G1PauseCleanup", Time since last: 3912397 ns, Reaching safepoint: 67257 ns, Cleanup: 2464 ns, At safepoint: 325475 ns, Total: 395196 ns
[2025-10-18T14:23:16.815+0000][7][gc,marking  ] GC(4) Concurrent Clear Claimed Marks
[2025-10-18T14:23:16.815+0000][7][gc,marking  ] GC(4) Concurrent Clear Claimed Marks 0.034ms
[2025-10-18T14:23:16.815+0000][7][gc,marking  ] GC(4) Concurrent Cleanup for Next Mark
[2025-10-18T14:23:16.818+0000][7][gc,marking  ] GC(4) Concurrent Cleanup for Next Mark 3.207ms
[2025-10-18T14:23:16.818+0000][7][gc          ] GC(4) Concurrent Mark Cycle 24.027ms
[2025-10-18T14:23:17.631+0000][7][safepoint   ] Safepoint "ICBufferFull", Time since last: 816268526 ns, Reaching safepoint: 2408 ns, Cleanup: 66959 ns, At safepoint: 3949 ns, Total: 73316 ns
[2025-10-18T14:23:18.383+0000][7][safepoint   ] Safepoint "ICBufferFull", Time since last: 751832991 ns, Reaching safepoint: 3198 ns, Cleanup: 72427 ns, At safepoint: 4394 ns, Total: 80019 ns
[2025-10-18T14:23:19.383+0000][7][safepoint   ] Safepoint "Cleanup", Time since last: 1000095061 ns, Reaching safepoint: 67076 ns, Cleanup: 58568 ns, At safepoint: 4248 ns, Total: 129892 ns
[2025-10-18T14:23:19.982+0000][7][gc,start    ] GC(5) Pause Young (Prepare Mixed) (Metadata GC Threshold)
[2025-10-18T14:23:19.982+0000][7][gc,task     ] GC(5) Using 8 workers of 8 for evacuation
[2025-10-18T14:23:19.982+0000][7][gc,age      ] GC(5) Desired survivor size 121634816 bytes, new threshold 15 (max threshold 15)
[2025-10-18T14:23:20.009+0000][7][gc,phases   ] GC(5)   Pre Evacuate Collection Set: 0.36ms
[2025-10-18T14:23:20.009+0000][7][gc,phases   ] GC(5)   Merge Heap Roots: 0.10ms
[2025-10-18T14:23:20.009+0000][7][gc,phases   ] GC(5)   Evacuate Collection Set: 24.70ms
[2025-10-18T14:23:20.009+0000][7][gc,phases   ] GC(5)   Post Evacuate Collection Set: 1.97ms
[2025-10-18T14:23:20.009+0000][7][gc,phases   ] GC(5)   Other: 0.08ms
[2025-10-18T14:23:20.009+0000][7][gc,age      ] GC(5) Age table with threshold 15 (max threshold 15)
[2025-10-18T14:23:20.009+0000][7][gc,age      ] GC(5) - age   1:   28657184 bytes,   28657184 total
[2025-10-18T14:23:20.009+0000][7][gc,age      ] GC(5) - age   2:    5341736 bytes,   33998920 total
[2025-10-18T14:23:20.009+0000][7][gc,age      ] GC(5) - age   3:     928256 bytes,   34927176 total
[2025-10-18T14:23:20.009+0000][7][gc,age      ] GC(5) - age   4:    2970976 bytes,   37898152 total
[2025-10-18T14:23:20.009+0000][7][gc,heap     ] GC(5) Eden regions: 195->0(232)
[2025-10-18T14:23:20.009+0000][7][gc,heap     ] GC(5) Survivor regions: 3->10(58)
[2025-10-18T14:23:20.009+0000][7][gc,heap     ] GC(5) Old regions: 3->3
[2025-10-18T14:23:20.009+0000][7][gc,heap     ] GC(5) Humongous regions: 0->0
[2025-10-18T14:23:20.009+0000][7][gc,metaspace] GC(5) Metaspace: 35129K(36160K)->35129K(36160K) NonClass: 30484K(31104K)->30484K(31104K) Class: 4645K(5056K)->4645K(5056K)
[2025-10-18T14:23:20.009+0000][7][gc          ] GC(5) Pause Young (Prepare Mixed) (Metadata GC Threshold) 796M->46M(3072M) 27.390ms
[2025-10-18T14:23:20.009+0000][7][gc,cpu      ] GC(5) User=0.14s Sys=0.00s Real=0.03s
[2025-10-18T14:23:20.009+0000][7][safepoint   ] Safepoint "CollectForMetadataAllocation", Time since last: 598339602 ns, Reaching safepoint: 4540 ns, Cleanup: 60557 ns, At safepoint: 27480281 ns, Total: 27545378 ns
[2025-10-18T14:23:20.032+0000][7][gc,start    ] GC(6) Pause Young (Mixed) (Metadata GC Threshold)
[2025-10-18T14:23:20.033+0000][7][gc,task     ] GC(6) Using 8 workers of 8 for evacuation
[2025-10-18T14:23:20.033+0000][7][gc,age      ] GC(6) Desired survivor size 65011712 bytes, new threshold 15 (max threshold 15)
[2025-10-18T14:23:20.053+0000][7][gc,phases   ] GC(6)   Pre Evacuate Collection Set: 0.54ms
[2025-10-18T14:23:20.053+0000][7][gc,phases   ] GC(6)   Merge Heap Roots: 0.10ms
[2025-10-18T14:23:20.053+0000][7][gc,phases   ] GC(6)   Evacuate Collection Set: 18.58ms
[2025-10-18T14:23:20.053+0000][7][gc,phases   ] GC(6)   Post Evacuate Collection Set: 0.78ms
[2025-10-18T14:23:20.053+0000][7][gc,phases   ] GC(6)   Other: 0.13ms
[2025-10-18T14:23:20.053+0000][7][gc,age      ] GC(6) Age table with threshold 15 (max threshold 15)
[2025-10-18T14:23:20.053+0000][7][gc,age      ] GC(6) - age   1:      37664 bytes,      37664 total
[2025-10-18T14:23:20.053+0000][7][gc,age      ] GC(6) - age   2:   28500224 bytes,   28537888 total
[2025-10-18T14:23:20.053+0000][7][gc,age      ] GC(6) - age   3:    5341704 bytes,   33879592 total
[2025-10-18T14:23:20.053+0000][7][gc,age      ] GC(6) - age   4:     928256 bytes,   34807848 total
[2025-10-18T14:23:20.053+0000][7][gc,age      ] GC(6) - age   5:    2970976 bytes,   37778824 total
[2025-10-18T14:23:20.053+0000][7][gc,heap     ] GC(6) Eden regions: 2->0(56)
[2025-10-18T14:23:20.053+0000][7][gc,heap     ] GC(6) Survivor regions: 10->10(31)
[2025-10-18T14:23:20.053+0000][7][gc,heap     ] GC(6) Old regions: 3->3
[2025-10-18T14:23:20.053+0000][7][gc,heap     ] GC(6) Humongous regions: 0->0
[2025-10-18T14:23:20.053+0000][7][gc,metaspace] GC(6) Metaspace: 35482K(36480K)->35482K(36480K) NonClass: 30803K(31424K)->30803K(31424K) Class: 4679K(5056K)->4679K(5056K)
[2025-10-18T14:23:20.053+0000][7][gc          ] GC(6) Pause Young (Mixed) (Metadata GC Threshold) 52M->48M(3072M) 20.353ms
[2025-10-18T14:23:20.053+0000][7][gc,cpu      ] GC(6) User=0.10s Sys=0.00s Real=0.02s
[2025-10-18T14:23:20.053+0000][7][safepoint   ] Safepoint "CollectForMetadataAllocation", Time since last: 23318657 ns, Reaching safepoint: 11032 ns, Cleanup: 33827 ns, At safepoint: 20445428 ns, Total: 20490287 ns
[2025-10-18T14:23:20.085+0000][7][gc,start    ] GC(7) Pause Young (Concurrent Start) (Metadata GC Threshold)
[2025-10-18T14:23:20.085+0000][7][gc,task     ] GC(7) Using 8 workers of 8 for evacuation
[2025-10-18T14:23:20.085+0000][7][gc,age      ] GC(7) Desired survivor size 18874368 bytes, new threshold 2 (max threshold 15)
[2025-10-18T14:23:20.109+0000][7][gc,phases   ] GC(7)   Pre Evacuate Collection Set: 0.14ms
[2025-10-18T14:23:20.109+0000][7][gc,phases   ] GC(7)   Merge Heap Roots: 0.03ms
[2025-10-18T14:23:20.109+0000][7][gc,phases   ] GC(7)   Evacuate Collection Set: 22.76ms
[2025-10-18T14:23:20.109+0000][7][gc,phases   ] GC(7)   Post Evacuate Collection Set: 0.50ms
[2025-10-18T14:23:20.109+0000][7][gc,phases   ] GC(7)   Other: 0.08ms
[2025-10-18T14:23:20.109+0000][7][gc,age      ] GC(7) Age table with threshold 2 (max threshold 15)
[2025-10-18T14:23:20.109+0000][7][gc,age      ] GC(7) - age   1:      47128 bytes,      47128 total
[2025-10-18T14:23:20.109+0000][7][gc,age      ] GC(7) - age   2:      32624 bytes,      79752 total
[2025-10-18T14:23:20.109+0000][7][gc,heap     ] GC(7) Eden regions: 1->0(420)
[2025-10-18T14:23:20.109+0000][7][gc,heap     ] GC(7) Survivor regions: 10->2(9)
[2025-10-18T14:23:20.109+0000][7][gc,heap     ] GC(7) Old regions: 3->12
[2025-10-18T14:23:20.109+0000][7][gc,heap     ] GC(7) Humongous regions: 0->0
[2025-10-18T14:23:20.109+0000][7][gc,metaspace] GC(7) Metaspace: 35763K(36800K)->35763K(36800K) NonClass: 31060K(31680K)->31060K(31680K) Class: 4702K(5120K)->4702K(5120K)
[2025-10-18T14:23:20.109+0000][7][gc          ] GC(7) Pause Young (Concurrent Start) (Metadata GC Threshold) 52M->52M(3072M) 23.859ms
[2025-10-18T14:23:20.109+0000][7][gc,cpu      ] GC(7) User=0.12s Sys=0.00s Real=0.03s
[2025-10-18T14:23:20.109+0000][7][gc          ] GC(8) Concurrent Mark Cycle
[2025-10-18T14:23:20.109+0000][7][gc,marking  ] GC(8) Concurrent Scan Root Regions
[2025-10-18T14:23:20.109+0000][7][safepoint   ] Safepoint "CollectForMetadataAllocation", Time since last: 32172900 ns, Reaching safepoint: 3054 ns, Cleanup: 7432 ns, At safepoint: 24100317 ns, Total: 24110803 ns
[2025-10-18T14:23:20.126+0000][7][gc,marking  ] GC(8) Concurrent Scan Root Regions 16.855ms
[2025-10-18T14:23:20.126+0000][7][gc,marking  ] GC(8) Concurrent Mark
[2025-10-18T14:23:20.126+0000][7][gc,marking  ] GC(8) Concurrent Mark From Roots
[2025-10-18T14:23:20.126+0000][7][gc,task     ] GC(8) Using 2 workers of 2 for marking
[2025-10-18T14:23:20.133+0000][7][gc,marking  ] GC(8) Concurrent Mark From Roots 6.932ms
[2025-10-18T14:23:20.133+0000][7][gc,marking  ] GC(8) Concurrent Preclean
[2025-10-18T14:23:20.133+0000][7][gc,marking  ] GC(8) Concurrent Preclean 0.032ms
[2025-10-18T14:23:20.133+0000][7][gc,start    ] GC(8) Pause Remark
[2025-10-18T14:23:20.136+0000][7][gc          ] GC(8) Pause Remark 54M->54M(3072M) 3.083ms
[2025-10-18T14:23:20.136+0000][7][gc,cpu      ] GC(8) User=0.01s Sys=0.00s Real=0.01s
[2025-10-18T14:23:20.136+0000][7][safepoint   ] Safepoint "G1PauseRemark", Time since last: 23807329 ns, Reaching safepoint: 68892 ns, Cleanup: 7639 ns, At safepoint: 3161400 ns, Total: 3237931 ns
[2025-10-18T14:23:20.137+0000][7][gc,marking  ] GC(8) Concurrent Mark 10.677ms
[2025-10-18T14:23:20.137+0000][7][gc,marking  ] GC(8) Concurrent Rebuild Remembered Sets and Scrub Regions
[2025-10-18T14:23:20.155+0000][7][gc,marking  ] GC(8) Concurrent Rebuild Remembered Sets and Scrub Regions 18.044ms
[2025-10-18T14:23:20.155+0000][7][gc,start    ] GC(8) Pause Cleanup
[2025-10-18T14:23:20.155+0000][7][gc          ] GC(8) Pause Cleanup 56M->56M(3072M) 0.117ms
[2025-10-18T14:23:20.155+0000][7][gc,cpu      ] GC(8) User=0.00s Sys=0.00s Real=0.00s
[2025-10-18T14:23:20.155+0000][7][safepoint   ] Safepoint "G1PauseCleanup", Time since last: 18532805 ns, Reaching safepoint: 65512 ns, Cleanup: 10216 ns, At safepoint: 144934 ns, Total: 220662 ns
[2025-10-18T14:23:20.155+0000][7][gc,marking  ] GC(8) Concurrent Clear Claimed Marks
[2025-10-18T14:23:20.155+0000][7][gc,marking  ] GC(8) Concurrent Clear Claimed Marks 0.050ms
[2025-10-18T14:23:20.155+0000][7][gc,marking  ] GC(8) Concurrent Cleanup for Next Mark
[2025-10-18T14:23:20.158+0000][7][gc,marking  ] GC(8) Concurrent Cleanup for Next Mark 3.060ms
[2025-10-18T14:23:20.158+0000][7][gc          ] GC(8) Concurrent Mark Cycle 49.232ms
[2025-10-18T14:23:21.120+0000][7][safepoint   ] Safepoint "ICBufferFull", Time since last: 965277345 ns, Reaching safepoint: 5238 ns, Cleanup: 80986 ns, At safepoint: 5441 ns, Total: 91665 ns
[2025-10-18T14:23:22.268+0000][7][safepoint   ] Safepoint "Cleanup", Time since last: 1147097704 ns, Reaching safepoint: 72907 ns, Cleanup: 61077 ns, At safepoint: 8058 ns, Total: 142042 ns
[2025-10-18T14:23:23.255+0000][7][safepoint   ] Safepoint "ICBufferFull", Time since last: 987056019 ns, Reaching safepoint: 4532 ns, Cleanup: 86822 ns, At safepoint: 4600 ns, Total: 95954 ns
[2025-10-18T14:23:23.958+0000][7][gc,start    ] GC(9) Pause Young (Concurrent Start) (Metadata GC Threshold)
[2025-10-18T14:23:23.958+0000][7][gc,task     ] GC(9) Using 8 workers of 8 for evacuation
[2025-10-18T14:23:23.958+0000][7][gc,age      ] GC(9) Desired survivor size 111149056 bytes, new threshold 15 (max threshold 15)
[2025-10-18T14:23:23.966+0000][7][gc,phases   ] GC(9)   Pre Evacuate Collection Set: 0.12ms
[2025-10-18T14:23:23.966+0000][7][gc,phases   ] GC(9)   Merge Heap Roots: 0.05ms
[2025-10-18T14:23:23.966+0000][7][gc,phases   ] GC(9)   Evacuate Collection Set: 7.53ms
[2025-10-18T14:23:23.966+0000][7][gc,phases   ] GC(9)   Post Evacuate Collection Set: 0.75ms
[2025-10-18T14:23:23.966+0000][7][gc,phases   ] GC(9)   Other: 0.07ms
[2025-10-18T14:23:23.966+0000][7][gc,age      ] GC(9) Age table with threshold 15 (max threshold 15)
[2025-10-18T14:23:23.966+0000][7][gc,age      ] GC(9) - age   1:   11709584 bytes,   11709584 total
[2025-10-18T14:23:23.966+0000][7][gc,age      ] GC(9) - age   2:      38904 bytes,   11748488 total
[2025-10-18T14:23:23.966+0000][7][gc,age      ] GC(9) - age   3:      32528 bytes,   11781016 total
[2025-10-18T14:23:23.966+0000][7][gc,heap     ] GC(9) Eden regions: 117->0(420)
[2025-10-18T14:23:23.966+0000][7][gc,heap     ] GC(9) Survivor regions: 2->4(53)
[2025-10-18T14:23:23.966+0000][7][gc,heap     ] GC(9) Old regions: 12->12
[2025-10-18T14:23:23.966+0000][7][gc,heap     ] GC(9) Humongous regions: 0->0
[2025-10-18T14:23:23.966+0000][7][gc,metaspace] GC(9) Metaspace: 60602K(61888K)->60602K(61888K) NonClass: 52378K(53184K)->52378K(53184K) Class: 8223K(8704K)->8223K(8704K)
[2025-10-18T14:23:23.966+0000][7][gc          ] GC(9) Pause Young (Concurrent Start) (Metadata GC Threshold) 520M->58M(3072M) 8.680ms
[2025-10-18T14:23:23.966+0000][7][gc          ] GC(10) Concurrent Mark Cycle
[2025-10-18T14:23:23.966+0000][7][gc,cpu      ] GC(9) User=0.04s Sys=0.00s Real=0.01s
[2025-10-18T14:23:23.966+0000][7][gc,marking  ] GC(10) Concurrent Scan Root Regions
[2025-10-18T14:23:23.966+0000][7][safepoint   ] Safepoint "CollectForMetadataAllocation", Time since last: 702893766 ns, Reaching safepoint: 2941 ns, Cleanup: 65038 ns, At safepoint: 8771133 ns, Total: 8839112 ns
[2025-10-18T14:23:23.978+0000][7][gc,marking  ] GC(10) Concurrent Scan Root Regions 12.075ms
[2025-10-18T14:23:23.980+0000][7][gc,marking  ] GC(10) Concurrent Mark
[2025-10-18T14:23:23.980+0000][7][gc,marking  ] GC(10) Concurrent Mark From Roots
[2025-10-18T14:23:23.980+0000][7][gc,task     ] GC(10) Using 2 workers of 2 for marking
[2025-10-18T14:23:24.023+0000][7][safepoint   ] Safepoint "CollectForMetadataAllocation", Time since last: 56179276 ns, Reaching safepoint: 45339 ns, Cleanup: 27480 ns, At safepoint: 80319 ns, Total: 153138 ns
[2025-10-18T14:23:24.030+0000][7][gc,marking  ] GC(10) Concurrent Mark From Roots 50.658ms
[2025-10-18T14:23:24.030+0000][7][gc,marking  ] GC(10) Concurrent Preclean
[2025-10-18T14:23:24.031+0000][7][gc,marking  ] GC(10) Concurrent Preclean 0.209ms
[2025-10-18T14:23:24.031+0000][7][gc,start    ] GC(10) Pause Remark
[2025-10-18T14:23:24.037+0000][7][gc          ] GC(10) Pause Remark 66M->66M(3072M) 6.598ms
[2025-10-18T14:23:24.037+0000][7][gc,cpu      ] GC(10) User=0.03s Sys=0.00s Real=0.01s
[2025-10-18T14:23:24.037+0000][7][safepoint   ] Safepoint "G1PauseRemark", Time since last: 7842487 ns, Reaching safepoint: 4074 ns, Cleanup: 7966 ns, At safepoint: 6659046 ns, Total: 6671086 ns
[2025-10-18T14:23:24.037+0000][7][gc,marking  ] GC(10) Concurrent Mark 57.692ms
[2025-10-18T14:23:24.037+0000][7][gc,marking  ] GC(10) Concurrent Rebuild Remembered Sets and Scrub Regions
[2025-10-18T14:23:24.057+0000][7][gc,marking  ] GC(10) Concurrent Rebuild Remembered Sets and Scrub Regions 20.107ms
[2025-10-18T14:23:24.057+0000][7][gc,start    ] GC(10) Pause Cleanup
[2025-10-18T14:23:24.058+0000][7][gc          ] GC(10) Pause Cleanup 66M->66M(3072M) 0.070ms
[2025-10-18T14:23:24.058+0000][7][gc,cpu      ] GC(10) User=0.00s Sys=0.00s Real=0.00s
[2025-10-18T14:23:24.058+0000][7][safepoint   ] Safepoint "G1PauseCleanup", Time since last: 20188620 ns, Reaching safepoint: 2926 ns, Cleanup: 7444 ns, At safepoint: 93664 ns, Total: 104034 ns
[2025-10-18T14:23:24.058+0000][7][gc,marking  ] GC(10) Concurrent Clear Claimed Marks
[2025-10-18T14:23:24.058+0000][7][gc,marking  ] GC(10) Concurrent Clear Claimed Marks 0.066ms
[2025-10-18T14:23:24.058+0000][7][gc,marking  ] GC(10) Concurrent Cleanup for Next Mark
[2025-10-18T14:23:24.060+0000][7][gc,marking  ] GC(10) Concurrent Cleanup for Next Mark 2.728ms
[2025-10-18T14:23:24.060+0000][7][gc          ] GC(10) Concurrent Mark Cycle 94.098ms
[2025-10-18T14:23:25.058+0000][7][safepoint   ] Safepoint "Cleanup", Time since last: 1000027484 ns, Reaching safepoint: 68940 ns, Cleanup: 24026 ns, At safepoint: 4829 ns, Total: 97795 ns
[2025-10-18T14:23:25.935+0000][7][safepoint   ] Safepoint "ICBufferFull", Time since last: 877601844 ns, Reaching safepoint: 3789 ns, Cleanup: 78052 ns, At safepoint: 4800 ns, Total: 86641 ns
[2025-10-18T14:23:26.762+0000][7][safepoint   ] Safepoint "ICBufferFull", Time since last: 826483046 ns, Reaching safepoint: 2643 ns, Cleanup: 62316 ns, At safepoint: 4341 ns, Total: 69300 ns
[2025-10-18T14:23:27.416+0000][7][safepoint   ] Safepoint "ICBufferFull", Time since last: 653850092 ns, Reaching safepoint: 11027 ns, Cleanup: 104183 ns, At safepoint: 9579 ns, Total: 124789 ns
[2025-10-18T14:23:27.759+0000][7][safepoint   ] Safepoint "ICBufferFull", Time since last: 343255153 ns, Reaching safepoint: 5873 ns, Cleanup: 86983 ns, At safepoint: 6019 ns, Total: 98875 ns
[2025-10-18T14:23:28.092+0000][7][safepoint   ] Safepoint "ICBufferFull", Time since last: 332254517 ns, Reaching safepoint: 6246 ns, Cleanup: 113498 ns, At safepoint: 5957 ns, Total: 125701 ns
[2025-10-18T14:23:28.466+0000][7][safepoint   ] Safepoint "ICBufferFull", Time since last: 374379340 ns, Reaching safepoint: 198062 ns, Cleanup: 83640 ns, At safepoint: 7534 ns, Total: 289236 ns
[2025-10-18T14:23:28.762+0000][7][gc,start    ] GC(11) Pause Young (Concurrent Start) (Metadata GC Threshold)
[2025-10-18T14:23:28.763+0000][7][gc,task     ] GC(11) Using 8 workers of 8 for evacuation
[2025-10-18T14:23:28.763+0000][7][gc,age      ] GC(11) Desired survivor size 104857600 bytes, new threshold 15 (max threshold 15)
[2025-10-18T14:23:28.794+0000][7][gc,phases   ] GC(11)   Pre Evacuate Collection Set: 0.33ms
[2025-10-18T14:23:28.794+0000][7][gc,phases   ] GC(11)   Merge Heap Roots: 0.15ms
[2025-10-18T14:23:28.794+0000][7][gc,phases   ] GC(11)   Evacuate Collection Set: 29.39ms
[2025-10-18T14:23:28.794+0000][7][gc,phases   ] GC(11)   Post Evacuate Collection Set: 1.88ms
[2025-10-18T14:23:28.794+0000][7][gc,phases   ] GC(11)   Other: 0.10ms
[2025-10-18T14:23:28.794+0000][7][gc,age      ] GC(11) Age table with threshold 15 (max threshold 15)
[2025-10-18T14:23:28.794+0000][7][gc,age      ] GC(11) - age   1:   22524384 bytes,   22524384 total
[2025-10-18T14:23:28.794+0000][7][gc,age      ] GC(11) - age   2:   10952664 bytes,   33477048 total
[2025-10-18T14:23:28.794+0000][7][gc,age      ] GC(11) - age   3:      38272 bytes,   33515320 total
[2025-10-18T14:23:28.794+0000][7][gc,age      ] GC(11) - age   4:      31976 bytes,   33547296 total
[2025-10-18T14:23:28.794+0000][7][gc,heap     ] GC(11) Eden regions: 95->0(317)
[2025-10-18T14:23:28.794+0000][7][gc,heap     ] GC(11) Survivor regions: 4->9(50)
[2025-10-18T14:23:28.794+0000][7][gc,heap     ] GC(11) Old regions: 12->12
[2025-10-18T14:23:28.794+0000][7][gc,heap     ] GC(11) Humongous regions: 2->2
[2025-10-18T14:23:28.794+0000][7][gc,metaspace] GC(11) Metaspace: 101148K(103936K)->101148K(103936K) NonClass: 86502K(88000K)->86502K(88000K) Class: 14645K(15936K)->14645K(15936K)
[2025-10-18T14:23:28.794+0000][7][gc          ] GC(11) Pause Young (Concurrent Start) (Metadata GC Threshold) 444M->90M(3072M) 32.003ms
[2025-10-18T14:23:28.795+0000][7][gc,cpu      ] GC(11) User=0.10s Sys=0.00s Real=0.03s
[2025-10-18T14:23:28.795+0000][7][safepoint   ] Safepoint "CollectForMetadataAllocation", Time since last: 296083506 ns, Reaching safepoint: 8303 ns, Cleanup: 87508 ns, At safepoint: 32075110 ns, Total: 32170921 ns
[2025-10-18T14:23:28.795+0000][7][gc          ] GC(12) Concurrent Mark Cycle
[2025-10-18T14:23:28.795+0000][7][gc,marking  ] GC(12) Concurrent Scan Root Regions
[2025-10-18T14:23:28.799+0000][7][safepoint   ] Safepoint "CollectForMetadataAllocation", Time since last: 777202 ns, Reaching safepoint: 832827 ns, Cleanup: 2696 ns, At safepoint: 2406850 ns, Total: 3242373 ns
[2025-10-18T14:23:28.802+0000][7][safepoint   ] Safepoint "CollectForMetadataAllocation", Time since last: 2689286 ns, Reaching safepoint: 270808 ns, Cleanup: 2551 ns, At safepoint: 8866 ns, Total: 282225 ns
[2025-10-18T14:23:28.813+0000][7][gc,marking  ] GC(12) Concurrent Scan Root Regions 18.141ms
[2025-10-18T14:23:28.813+0000][7][gc,marking  ] GC(12) Concurrent Mark
[2025-10-18T14:23:28.813+0000][7][gc,marking  ] GC(12) Concurrent Mark From Roots
[2025-10-18T14:23:28.813+0000][7][gc,task     ] GC(12) Using 2 workers of 2 for marking
[2025-10-18T14:23:28.908+0000][7][gc,marking  ] GC(12) Concurrent Mark From Roots 95.076ms
[2025-10-18T14:23:28.908+0000][7][gc,marking  ] GC(12) Concurrent Preclean
[2025-10-18T14:23:28.908+0000][7][gc,marking  ] GC(12) Concurrent Preclean 0.478ms
[2025-10-18T14:23:28.909+0000][7][gc,start    ] GC(12) Pause Remark
[2025-10-18T14:23:28.913+0000][7][gc          ] GC(12) Pause Remark 105M->105M(3072M) 4.107ms
[2025-10-18T14:23:28.913+0000][7][gc,cpu      ] GC(12) User=0.01s Sys=0.00s Real=0.00s
[2025-10-18T14:23:28.913+0000][7][safepoint   ] Safepoint "G1PauseRemark", Time since last: 107041977 ns, Reaching safepoint: 331348 ns, Cleanup: 51913 ns, At safepoint: 4182493 ns, Total: 4565754 ns
[2025-10-18T14:23:28.913+0000][7][gc,marking  ] GC(12) Concurrent Mark 100.369ms
[2025-10-18T14:23:28.913+0000][7][gc,marking  ] GC(12) Concurrent Rebuild Remembered Sets and Scrub Regions
[2025-10-18T14:23:28.928+0000][7][gc,marking  ] GC(12) Concurrent Rebuild Remembered Sets and Scrub Regions 14.398ms
[2025-10-18T14:23:28.928+0000][7][gc,start    ] GC(12) Pause Cleanup
[2025-10-18T14:23:28.928+0000][7][gc          ] GC(12) Pause Cleanup 105M->105M(3072M) 0.099ms
[2025-10-18T14:23:28.928+0000][7][gc,cpu      ] GC(12) User=0.00s Sys=0.00s Real=0.00s
[2025-10-18T14:23:28.928+0000][7][safepoint   ] Safepoint "G1PauseCleanup", Time since last: 14490999 ns, Reaching safepoint: 11851 ns, Cleanup: 14490 ns, At safepoint: 160535 ns, Total: 186876 ns
[2025-10-18T14:23:28.928+0000][7][gc,marking  ] GC(12) Concurrent Clear Claimed Marks
[2025-10-18T14:23:28.928+0000][7][gc,marking  ] GC(12) Concurrent Clear Claimed Marks 0.219ms
[2025-10-18T14:23:28.928+0000][7][gc,marking  ] GC(12) Concurrent Cleanup for Next Mark
[2025-10-18T14:23:28.934+0000][7][gc,marking  ] GC(12) Concurrent Cleanup for Next Mark 5.483ms
[2025-10-18T14:23:28.934+0000][7][gc          ] GC(12) Concurrent Mark Cycle 139.273ms
[2025-10-18T14:23:29.928+0000][7][safepoint   ] Safepoint "Cleanup", Time since last: 1000123411 ns, Reaching safepoint: 17637 ns, Cleanup: 169955 ns, At safepoint: 23661 ns, Total: 211253 ns
[2025-10-18T14:23:30.929+0000][7][safepoint   ] Safepoint "Cleanup", Time since last: 1000223391 ns, Reaching safepoint: 90862 ns, Cleanup: 59279 ns, At safepoint: 17544 ns, Total: 167685 ns
[2025-10-18T14:23:31.929+0000][7][safepoint   ] Safepoint "Cleanup", Time since last: 1000170055 ns, Reaching safepoint: 6124 ns, Cleanup: 11804 ns, At safepoint: 4613 ns, Total: 22541 ns
[2025-10-18T14:23:32.930+0000][7][safepoint   ] Safepoint "Cleanup", Time since last: 1000806397 ns, Reaching safepoint: 57159 ns, Cleanup: 125418 ns, At safepoint: 23365 ns, Total: 205942 ns
[2025-10-18T14:23:33.930+0000][7][safepoint   ] Safepoint "Cleanup", Time since last: 1000576073 ns, Reaching safepoint: 37108 ns, Cleanup: 35916 ns, At safepoint: 21341 ns, Total: 94365 ns
[2025-10-18T14:23:34.931+0000][7][safepoint   ] Safepoint "Cleanup", Time since last: 1000180918 ns, Reaching safepoint: 6908 ns, Cleanup: 16350 ns, At safepoint: 4888 ns, Total: 28146 ns
[2025-10-18T14:23:36.931+0000][7][safepoint   ] Safepoint "Cleanup", Time since last: 2000347068 ns, Reaching safepoint: 7579 ns, Cleanup: 11065 ns, At safepoint: 6746 ns, Total: 25390 ns
[2025-10-18T14:23:37.931+0000][7][safepoint   ] Safepoint "Cleanup", Time since last: 1000112930 ns, Reaching safepoint: 44091 ns, Cleanup: 21826 ns, At safepoint: 13453 ns, Total: 79370 ns
[2025-10-18T14:23:38.931+0000][7][safepoint   ] Safepoint "Cleanup", Time since last: 1000125703 ns, Reaching safepoint: 11137 ns, Cleanup: 10796 ns, At safepoint: 5738 ns, Total: 27671 ns
[2025-10-18T14:23:40.932+0000][7][safepoint   ] Safepoint "Cleanup", Time since last: 2000179232 ns, Reaching safepoint: 8870 ns, Cleanup: 13905 ns, At safepoint: 13958 ns, Total: 36733 ns
[2025-10-18T14:23:42.932+0000][7][safepoint   ] Safepoint "Cleanup", Time since last: 2000188523 ns, Reaching safepoint: 16119 ns, Cleanup: 24139 ns, At safepoint: 10842 ns, Total: 51100 ns
[2025-10-18T14:23:48.933+0000][7][safepoint   ] Safepoint "Cleanup", Time since last: 6000678497 ns, Reaching safepoint: 7436 ns, Cleanup: 31315 ns, At safepoint: 4436 ns, Total: 43187 ns
[2025-10-18T14:23:50.933+0000][7][safepoint   ] Safepoint "Cleanup", Time since last: 2000173927 ns, Reaching safepoint: 8863 ns, Cleanup: 11635 ns, At safepoint: 6793 ns, Total: 27291 ns
[2025-10-18T14:23:52.933+0000][7][safepoint   ] Safepoint "Cleanup", Time since last: 2000160525 ns, Reaching safepoint: 9422 ns, Cleanup: 14570 ns, At safepoint: 5314 ns, Total: 29306 ns
[2025-10-18T14:23:55.934+0000][7][safepoint   ] Safepoint "Cleanup", Time since last: 3000787601 ns, Reaching safepoint: 10239 ns, Cleanup: 33064 ns, At safepoint: 8092 ns, Total: 51395 ns
[2025-10-18T14:23:57.934+0000][7][safepoint   ] Safepoint "Cleanup", Time since last: 2000265657 ns, Reaching safepoint: 14107 ns, Cleanup: 15735 ns, At safepoint: 6044 ns, Total: 35886 ns
[2025-10-18T14:23:58.945+0000][7][safepoint   ] Safepoint "ICBufferFull", Time since last: 1010595131 ns, Reaching safepoint: 7819 ns, Cleanup: 145871 ns, At safepoint: 6974 ns, Total: 160664 ns
[2025-10-18T14:24:00.507+0000][7][safepoint   ] Safepoint "Cleanup", Time since last: 1562341171 ns, Reaching safepoint: 21340 ns, Cleanup: 86713 ns, At safepoint: 10222 ns, Total: 118275 ns
[2025-10-18T14:24:01.507+0000][7][safepoint   ] Safepoint "Cleanup", Time since last: 1000116888 ns, Reaching safepoint: 9645 ns, Cleanup: 10486 ns, At safepoint: 5481 ns, Total: 25612 ns
[2025-10-18T14:24:03.508+0000][7][safepoint   ] Safepoint "Cleanup", Time since last: 2000154290 ns, Reaching safepoint: 9493 ns, Cleanup: 8890 ns, At safepoint: 4304 ns, Total: 22687 ns
[2025-10-18T14:24:04.508+0000][7][safepoint   ] Safepoint "Cleanup", Time since last: 1000099872 ns, Reaching safepoint: 11425 ns, Cleanup: 11354 ns, At safepoint: 6442 ns, Total: 29221 ns
[2025-10-18T14:24:05.508+0000][7][safepoint   ] Safepoint "Cleanup", Time since last: 1000149412 ns, Reaching safepoint: 18668 ns, Cleanup: 44361 ns, At safepoint: 10999 ns, Total: 74028 ns
[2025-10-18T14:24:06.508+0000][7][safepoint   ] Safepoint "Cleanup", Time since last: 1000393314 ns, Reaching safepoint: 15752 ns, Cleanup: 39195 ns, At safepoint: 8740 ns, Total: 63687 ns
[2025-10-18T14:24:07.509+0000][7][safepoint   ] Safepoint "Cleanup", Time since last: 1000119376 ns, Reaching safepoint: 8938 ns, Cleanup: 30596 ns, At safepoint: 25690 ns, Total: 65224 ns
[2025-10-18T14:24:08.509+0000][7][safepoint   ] Safepoint "Cleanup", Time since last: 1000110242 ns, Reaching safepoint: 8565 ns, Cleanup: 7438 ns, At safepoint: 4877 ns, Total: 20880 ns
[2025-10-18T14:24:09.727+0000][7][safepoint   ] Safepoint "Cleanup", Time since last: 1218118937 ns, Reaching safepoint: 14212 ns, Cleanup: 16066 ns, At safepoint: 6654 ns, Total: 36932 ns
[2025-10-18T14:24:13.727+0000][7][safepoint   ] Safepoint "Cleanup", Time since last: 4000284678 ns, Reaching safepoint: 11009 ns, Cleanup: 13471 ns, At safepoint: 5081 ns, Total: 29561 ns
[2025-10-18T14:24:14.727+0000][7][safepoint   ] Safepoint "Cleanup", Time since last: 1000099483 ns, Reaching safepoint: 8551 ns, Cleanup: 8755 ns, At safepoint: 5399 ns, Total: 22705 ns
[2025-10-18T14:24:21.728+0000][7][safepoint   ] Safepoint "Cleanup", Time since last: 7000485923 ns, Reaching safepoint: 9767 ns, Cleanup: 8573 ns, At safepoint: 5190 ns, Total: 23530 ns
[2025-10-18T14:24:22.728+0000][7][safepoint   ] Safepoint "Cleanup", Time since last: 1000099105 ns, Reaching safepoint: 9004 ns, Cleanup: 8268 ns, At safepoint: 4639 ns, Total: 21911 ns
[2025-10-18T14:24:23.728+0000][7][safepoint   ] Safepoint "Cleanup", Time since last: 1000090576 ns, Reaching safepoint: 9244 ns, Cleanup: 10422 ns, At safepoint: 4634 ns, Total: 24300 ns
[2025-10-18T14:24:25.728+0000][7][safepoint   ] Safepoint "Cleanup", Time since last: 2000147512 ns, Reaching safepoint: 24191 ns, Cleanup: 4421 ns, At safepoint: 4924 ns, Total: 33536 ns
[2025-10-18T14:24:28.728+0000][7][safepoint   ] Safepoint "Cleanup", Time since last: 3000229891 ns, Reaching safepoint: 8412 ns, Cleanup: 19402 ns, At safepoint: 4646 ns, Total: 32460 ns
[2025-10-18T14:24:30.729+0000][7][safepoint   ] Safepoint "Cleanup", Time since last: 2000146619 ns, Reaching safepoint: 11627 ns, Cleanup: 12168 ns, At safepoint: 5858 ns, Total: 29653 ns
[2025-10-18T14:24:32.729+0000][7][safepoint   ] Safepoint "Cleanup", Time since last: 2000166604 ns, Reaching safepoint: 13372 ns, Cleanup: 11267 ns, At safepoint: 6009 ns, Total: 30648 ns
[2025-10-18T14:24:36.729+0000][7][safepoint   ] Safepoint "Cleanup", Time since last: 4000376746 ns, Reaching safepoint: 8641 ns, Cleanup: 8421 ns, At safepoint: 4219 ns, Total: 21281 ns
[2025-10-18T14:24:38.729+0000][7][safepoint   ] Safepoint "Cleanup", Time since last: 2000150819 ns, Reaching safepoint: 8636 ns, Cleanup: 9874 ns, At safepoint: 4410 ns, Total: 22920 ns
[2025-10-18T14:24:40.730+0000][7][safepoint   ] Safepoint "Cleanup", Time since last: 2000125995 ns, Reaching safepoint: 27538 ns, Cleanup: 8253 ns, At safepoint: 4334 ns, Total: 40125 ns
[2025-10-18T14:24:41.730+0000][7][safepoint   ] Safepoint "Cleanup", Time since last: 1000085356 ns, Reaching safepoint: 8956 ns, Cleanup: 9176 ns, At safepoint: 4346 ns, Total: 22478 ns
[2025-10-18T14:24:42.730+0000][7][safepoint   ] Safepoint "Cleanup", Time since last: 1000047482 ns, Reaching safepoint: 8106 ns, Cleanup: 7619 ns, At safepoint: 3661 ns, Total: 19386 ns
[2025-10-18T14:24:47.730+0000][7][safepoint   ] Safepoint "Cleanup", Time since last: 5000340453 ns, Reaching safepoint: 7423 ns, Cleanup: 7801 ns, At safepoint: 4610 ns, Total: 19834 ns
[2025-10-18T14:24:48.730+0000][7][safepoint   ] Safepoint "Cleanup", Time since last: 1000087754 ns, Reaching safepoint: 8102 ns, Cleanup: 7705 ns, At safepoint: 4608 ns, Total: 20415 ns
[2025-10-18T14:24:49.730+0000][7][safepoint   ] Safepoint "Cleanup", Time since last: 1000086730 ns, Reaching safepoint: 8278 ns, Cleanup: 34063 ns, At safepoint: 5750 ns, Total: 48091 ns
[2025-10-18T14:24:51.731+0000][7][safepoint   ] Safepoint "Cleanup", Time since last: 2000151077 ns, Reaching safepoint: 8597 ns, Cleanup: 11760 ns, At safepoint: 4813 ns, Total: 25170 ns
[2025-10-18T14:24:52.731+0000][7][safepoint   ] Safepoint "Cleanup", Time since last: 1000085790 ns, Reaching safepoint: 11883 ns, Cleanup: 8759 ns, At safepoint: 4400 ns, Total: 25042 ns
[2025-10-18T14:24:53.731+0000][7][safepoint   ] Safepoint "Cleanup", Time since last: 1000112263 ns, Reaching safepoint: 10202 ns, Cleanup: 12353 ns, At safepoint: 5718 ns, Total: 28273 ns
[2025-10-18T14:24:54.731+0000][7][safepoint   ] Safepoint "Cleanup", Time since last: 1000091302 ns, Reaching safepoint: 19369 ns, Cleanup: 7944 ns, At safepoint: 6134 ns, Total: 33447 ns
[2025-10-18T14:24:56.731+0000][7][safepoint   ] Safepoint "Cleanup", Time since last: 2000151965 ns, Reaching safepoint: 12258 ns, Cleanup: 11219 ns, At safepoint: 5818 ns, Total: 29295 ns
[2025-10-18T14:24:57.731+0000][7][safepoint   ] Safepoint "Cleanup", Time since last: 1000162199 ns, Reaching safepoint: 37624 ns, Cleanup: 12173 ns, At safepoint: 5602 ns, Total: 55399 ns
[2025-10-18T14:24:58.731+0000][7][safepoint   ] Safepoint "Cleanup", Time since last: 1000104864 ns, Reaching safepoint: 9583 ns, Cleanup: 8947 ns, At safepoint: 4596 ns, Total: 23126 ns
[2025-10-18T14:25:00.732+0000][7][safepoint   ] Safepoint "Cleanup", Time since last: 2000161549 ns, Reaching safepoint: 9146 ns, Cleanup: 9523 ns, At safepoint: 4987 ns, Total: 23656 ns
[2025-10-18T14:25:04.732+0000][7][safepoint   ] Safepoint "Cleanup", Time since last: 4000289545 ns, Reaching safepoint: 14257 ns, Cleanup: 14336 ns, At safepoint: 6212 ns, Total: 34805 ns
[2025-10-18T14:25:06.732+0000][7][safepoint   ] Safepoint "Cleanup", Time since last: 2000197719 ns, Reaching safepoint: 11570 ns, Cleanup: 13181 ns, At safepoint: 5574 ns, Total: 30325 ns
[2025-10-18T14:25:08.732+0000][7][safepoint   ] Safepoint "Cleanup", Time since last: 2000159906 ns, Reaching safepoint: 8425 ns, Cleanup: 9409 ns, At safepoint: 4890 ns, Total: 22724 ns
[2025-10-18T14:25:12.733+0000][7][safepoint   ] Safepoint "Cleanup", Time since last: 4000307407 ns, Reaching safepoint: 22791 ns, Cleanup: 8829 ns, At safepoint: 4497 ns, Total: 36117 ns
[2025-10-18T14:25:13.733+0000][7][safepoint   ] Safepoint "Cleanup", Time since last: 1000088460 ns, Reaching safepoint: 8644 ns, Cleanup: 9581 ns, At safepoint: 4682 ns, Total: 22907 ns
[2025-10-18T14:25:15.733+0000][7][safepoint   ] Safepoint "Cleanup", Time since last: 2000153391 ns, Reaching safepoint: 9607 ns, Cleanup: 9086 ns, At safepoint: 4155 ns, Total: 22848 ns
[2025-10-18T14:25:17.733+0000][7][safepoint   ] Safepoint "Cleanup", Time since last: 2000156771 ns, Reaching safepoint: 9589 ns, Cleanup: 9137 ns, At safepoint: 4777 ns, Total: 23503 ns
[2025-10-18T14:25:21.734+0000][7][safepoint   ] Safepoint "Cleanup", Time since last: 4000285074 ns, Reaching safepoint: 12121 ns, Cleanup: 10195 ns, At safepoint: 6243 ns, Total: 28559 ns
[2025-10-18T14:25:25.734+0000][7][safepoint   ] Safepoint "Cleanup", Time since last: 4000265975 ns, Reaching safepoint: 37248 ns, Cleanup: 13255 ns, At safepoint: 10300 ns, Total: 60803 ns
[2025-10-18T14:25:27.734+0000][7][safepoint   ] Safepoint "Cleanup", Time since last: 2000172105 ns, Reaching safepoint: 60198 ns, Cleanup: 18767 ns, At safepoint: 7332 ns, Total: 86297 ns
[2025-10-18T14:25:28.734+0000][7][safepoint   ] Safepoint "Cleanup", Time since last: 1000144195 ns, Reaching safepoint: 33720 ns, Cleanup: 10399 ns, At safepoint: 4633 ns, Total: 48752 ns
[2025-10-18T14:25:29.734+0000][7][safepoint   ] Safepoint "Cleanup", Time since last: 1000101510 ns, Reaching safepoint: 8891 ns, Cleanup: 10015 ns, At safepoint: 4984 ns, Total: 23890 ns
[2025-10-18T14:25:31.735+0000][7][safepoint   ] Safepoint "Cleanup", Time since last: 2000153751 ns, Reaching safepoint: 9255 ns, Cleanup: 8019 ns, At safepoint: 4635 ns, Total: 21909 ns
[2025-10-18T14:25:33.735+0000][7][safepoint   ] Safepoint "Cleanup", Time since last: 2000150721 ns, Reaching safepoint: 13223 ns, Cleanup: 10786 ns, At safepoint: 5105 ns, Total: 29114 ns
[2025-10-18T14:25:34.735+0000][7][safepoint   ] Safepoint "Cleanup", Time since last: 1000103162 ns, Reaching safepoint: 8231 ns, Cleanup: 10455 ns, At safepoint: 4463 ns, Total: 23149 ns
[2025-10-18T14:25:35.735+0000][7][safepoint   ] Safepoint "Cleanup", Time since last: 1000093973 ns, Reaching safepoint: 9431 ns, Cleanup: 8067 ns, At safepoint: 6351 ns, Total: 23849 ns
[2025-10-18T14:25:41.735+0000][7][safepoint   ] Safepoint "Cleanup", Time since last: 6000388579 ns, Reaching safepoint: 20263 ns, Cleanup: 9204 ns, At safepoint: 4256 ns, Total: 33723 ns
[2025-10-18T14:25:47.736+0000][7][safepoint   ] Safepoint "Cleanup", Time since last: 6000388388 ns, Reaching safepoint: 8652 ns, Cleanup: 8419 ns, At safepoint: 3918 ns, Total: 20989 ns
[2025-10-18T14:25:49.736+0000][7][safepoint   ] Safepoint "Cleanup", Time since last: 2000194151 ns, Reaching safepoint: 33838 ns, Cleanup: 13386 ns, At safepoint: 5846 ns, Total: 53070 ns
[2025-10-18T14:25:51.736+0000][7][safepoint   ] Safepoint "Cleanup", Time since last: 2000159493 ns, Reaching safepoint: 8111 ns, Cleanup: 8313 ns, At safepoint: 5124 ns, Total: 21548 ns
[2025-10-18T14:25:53.736+0000][7][safepoint   ] Safepoint "Cleanup", Time since last: 2000156329 ns, Reaching safepoint: 8823 ns, Cleanup: 11833 ns, At safepoint: 5366 ns, Total: 26022 ns
[2025-10-18T14:25:58.737+0000][7][safepoint   ] Safepoint "Cleanup", Time since last: 5000295183 ns, Reaching safepoint: 8493 ns, Cleanup: 7804 ns, At safepoint: 4157 ns, Total: 20454 ns
[2025-10-18T14:26:04.737+0000][7][safepoint   ] Safepoint "Cleanup", Time since last: 6000405999 ns, Reaching safepoint: 12416 ns, Cleanup: 11146 ns, At safepoint: 6037 ns, Total: 29599 ns
[2025-10-18T14:26:06.737+0000][7][safepoint   ] Safepoint "Cleanup", Time since last: 2000172972 ns, Reaching safepoint: 13556 ns, Cleanup: 13352 ns, At safepoint: 13105 ns, Total: 40013 ns
[2025-10-18T14:26:08.738+0000][7][safepoint   ] Safepoint "Cleanup", Time since last: 2000159703 ns, Reaching safepoint: 8318 ns, Cleanup: 9948 ns, At safepoint: 4423 ns, Total: 22689 ns
[2025-10-18T14:26:12.759+0000][7][safepoint   ] Safepoint "Cleanup", Time since last: 4021420986 ns, Reaching safepoint: 23476 ns, Cleanup: 12689 ns, At safepoint: 5222 ns, Total: 41387 ns
[2025-10-18T14:26:16.761+0000][7][safepoint   ] Safepoint "Cleanup", Time since last: 4001561484 ns, Reaching safepoint: 12501 ns, Cleanup: 9899 ns, At safepoint: 4987 ns, Total: 27387 ns
[2025-10-18T14:26:18.761+0000][7][safepoint   ] Safepoint "Cleanup", Time since last: 2000162313 ns, Reaching safepoint: 9268 ns, Cleanup: 8887 ns, At safepoint: 4381 ns, Total: 22536 ns
[2025-10-18T14:26:20.761+0000][7][safepoint   ] Safepoint "Cleanup", Time since last: 2000154335 ns, Reaching safepoint: 9682 ns, Cleanup: 7239 ns, At safepoint: 4164 ns, Total: 21085 ns
[2025-10-18T14:26:22.761+0000][7][safepoint   ] Safepoint "Cleanup", Time since last: 2000153240 ns, Reaching safepoint: 7730 ns, Cleanup: 7046 ns, At safepoint: 4236 ns, Total: 19012 ns
[2025-10-18T14:26:23.761+0000][7][safepoint   ] Safepoint "Cleanup", Time since last: 1000096734 ns, Reaching safepoint: 9816 ns, Cleanup: 9672 ns, At safepoint: 6145 ns, Total: 25633 ns
[2025-10-18T14:26:24.762+0000][7][safepoint   ] Safepoint "Cleanup", Time since last: 1000125811 ns, Reaching safepoint: 26843 ns, Cleanup: 19907 ns, At safepoint: 15184 ns, Total: 61934 ns
[2025-10-18T14:26:25.762+0000][7][safepoint   ] Safepoint "Cleanup", Time since last: 1000180450 ns, Reaching safepoint: 10147 ns, Cleanup: 8196 ns, At safepoint: 5033 ns, Total: 23376 ns
[2025-10-18T14:26:28.762+0000][7][safepoint   ] Safepoint "Cleanup", Time since last: 3000249452 ns, Reaching safepoint: 39899 ns, Cleanup: 10937 ns, At safepoint: 4663 ns, Total: 55499 ns
[2025-10-18T14:26:31.762+0000][7][safepoint   ] Safepoint "Cleanup", Time since last: 3000200858 ns, Reaching safepoint: 8558 ns, Cleanup: 7852 ns, At safepoint: 4795 ns, Total: 21205 ns
[2025-10-18T14:26:32.762+0000][7][safepoint   ] Safepoint "Cleanup", Time since last: 1000119490 ns, Reaching safepoint: 12649 ns, Cleanup: 10632 ns, At safepoint: 5518 ns, Total: 28799 ns
[2025-10-18T14:26:34.763+0000][7][safepoint   ] Safepoint "Cleanup", Time since last: 2000167827 ns, Reaching safepoint: 14048 ns, Cleanup: 28273 ns, At safepoint: 4314 ns, Total: 46635 ns
[2025-10-18T14:26:38.763+0000][7][safepoint   ] Safepoint "Cleanup", Time since last: 4000647517 ns, Reaching safepoint: 9268 ns, Cleanup: 9486 ns, At safepoint: 4466 ns, Total: 23220 ns
[2025-10-18T14:26:40.763+0000][7][safepoint   ] Safepoint "Cleanup", Time since last: 2000164541 ns, Reaching safepoint: 11884 ns, Cleanup: 14792 ns, At safepoint: 5830 ns, Total: 32506 ns
[2025-10-18T14:26:42.764+0000][7][safepoint   ] Safepoint "Cleanup", Time since last: 2000131618 ns, Reaching safepoint: 48289 ns, Cleanup: 23679 ns, At safepoint: 9448 ns, Total: 81416 ns
[2025-10-18T14:26:45.764+0000][7][safepoint   ] Safepoint "Cleanup", Time since last: 3000246337 ns, Reaching safepoint: 9441 ns, Cleanup: 9519 ns, At safepoint: 4894 ns, Total: 23854 ns
[2025-10-18T14:26:47.764+0000][7][safepoint   ] Safepoint "Cleanup", Time since last: 2000169940 ns, Reaching safepoint: 19073 ns, Cleanup: 13834 ns, At safepoint: 8365 ns, Total: 41272 ns
[2025-10-18T14:26:49.764+0000][7][safepoint   ] Safepoint "Cleanup", Time since last: 2000210626 ns, Reaching safepoint: 15647 ns, Cleanup: 13545 ns, At safepoint: 8071 ns, Total: 37263 ns
[2025-10-18T14:26:51.765+0000][7][safepoint   ] Safepoint "Cleanup", Time since last: 2000184298 ns, Reaching safepoint: 11435 ns, Cleanup: 9218 ns, At safepoint: 5281 ns, Total: 25934 ns
[2025-10-18T14:26:57.765+0000][7][safepoint   ] Safepoint "Cleanup", Time since last: 6000457622 ns, Reaching safepoint: 46926 ns, Cleanup: 19423 ns, At safepoint: 8946 ns, Total: 75295 ns
[2025-10-18T14:26:58.765+0000][7][safepoint   ] Safepoint "Cleanup", Time since last: 1000110640 ns, Reaching safepoint: 10335 ns, Cleanup: 12477 ns, At safepoint: 4434 ns, Total: 27246 ns
[2025-10-18T14:26:59.765+0000][7][safepoint   ] Safepoint "Cleanup", Time since last: 1000092317 ns, Reaching safepoint: 9074 ns, Cleanup: 11379 ns, At safepoint: 5284 ns, Total: 25737 ns
[2025-10-18T14:27:01.766+0000][7][safepoint   ] Safepoint "Cleanup", Time since last: 2000165541 ns, Reaching safepoint: 11498 ns, Cleanup: 9602 ns, At safepoint: 5578 ns, Total: 26678 ns
[2025-10-18T14:27:06.218+0000][7][safepoint   ] Safepoint "Cleanup", Time since last: 4452271711 ns, Reaching safepoint: 7887 ns, Cleanup: 8986 ns, At safepoint: 3863 ns, Total: 20736 ns
[2025-10-18T14:27:10.218+0000][7][safepoint   ] Safepoint "Cleanup", Time since last: 4000306055 ns, Reaching safepoint: 8120 ns, Cleanup: 8068 ns, At safepoint: 4467 ns, Total: 20655 ns
[2025-10-18T14:27:13.219+0000][7][safepoint   ] Safepoint "Cleanup", Time since last: 3000257118 ns, Reaching safepoint: 20198 ns, Cleanup: 7668 ns, At safepoint: 5833 ns, Total: 33699 ns
[2025-10-18T14:27:20.219+0000][7][safepoint   ] Safepoint "Cleanup", Time since last: 7000457248 ns, Reaching safepoint: 8012 ns, Cleanup: 7948 ns, At safepoint: 4257 ns, Total: 20217 ns
[2025-10-18T14:27:24.219+0000][7][safepoint   ] Safepoint "Cleanup", Time since last: 4000287977 ns, Reaching safepoint: 12903 ns, Cleanup: 11681 ns, At safepoint: 5379 ns, Total: 29963 ns
[2025-10-18T14:27:26.219+0000][7][safepoint   ] Safepoint "Cleanup", Time since last: 2000156397 ns, Reaching safepoint: 10474 ns, Cleanup: 13201 ns, At safepoint: 4820 ns, Total: 28495 ns
[2025-10-18T14:27:28.220+0000][7][safepoint   ] Safepoint "Cleanup", Time since last: 2000149914 ns, Reaching safepoint: 18482 ns, Cleanup: 12670 ns, At safepoint: 6810 ns, Total: 37962 ns
[2025-10-18T14:27:33.220+0000][7][safepoint   ] Safepoint "Cleanup", Time since last: 5000339178 ns, Reaching safepoint: 10663 ns, Cleanup: 15146 ns, At safepoint: 4406 ns, Total: 30215 ns
[2025-10-18T14:27:37.220+0000][7][safepoint   ] Safepoint "Cleanup", Time since last: 4000286282 ns, Reaching safepoint: 10287 ns, Cleanup: 9717 ns, At safepoint: 5388 ns, Total: 25392 ns
[2025-10-18T14:27:38.220+0000][7][safepoint   ] Safepoint "Cleanup", Time since last: 1000096327 ns, Reaching safepoint: 11814 ns, Cleanup: 10215 ns, At safepoint: 4450 ns, Total: 26479 ns
[2025-10-18T14:27:40.221+0000][7][safepoint   ] Safepoint "Cleanup", Time since last: 2000218715 ns, Reaching safepoint: 9210 ns, Cleanup: 10852 ns, At safepoint: 5558 ns, Total: 25620 ns
[2025-10-18T14:27:42.221+0000][7][safepoint   ] Safepoint "Cleanup", Time since last: 2000159355 ns, Reaching safepoint: 10709 ns, Cleanup: 8161 ns, At safepoint: 4446 ns, Total: 23316 ns
[2025-10-18T14:27:44.221+0000][7][safepoint   ] Safepoint "Cleanup", Time since last: 2000192433 ns, Reaching safepoint: 69482 ns, Cleanup: 37600 ns, At safepoint: 5913 ns, Total: 112995 ns
[2025-10-18T14:27:48.222+0000][7][safepoint   ] Safepoint "Cleanup", Time since last: 4000304929 ns, Reaching safepoint: 22349 ns, Cleanup: 27497 ns, At safepoint: 9637 ns, Total: 59483 ns
[2025-10-18T14:27:50.222+0000][7][safepoint   ] Safepoint "Cleanup", Time since last: 2000185460 ns, Reaching safepoint: 8330 ns, Cleanup: 7815 ns, At safepoint: 4514 ns, Total: 20659 ns
[2025-10-18T14:27:53.222+0000][7][safepoint   ] Safepoint "Cleanup", Time since last: 3000207754 ns, Reaching safepoint: 9581 ns, Cleanup: 7794 ns, At safepoint: 4859 ns, Total: 22234 ns
[2025-10-18T14:27:57.223+0000][7][safepoint   ] Safepoint "Cleanup", Time since last: 4000781441 ns, Reaching safepoint: 7772 ns, Cleanup: 7894 ns, At safepoint: 4454 ns, Total: 20120 ns
[2025-10-18T14:27:58.223+0000][7][safepoint   ] Safepoint "Cleanup", Time since last: 1000089274 ns, Reaching safepoint: 7811 ns, Cleanup: 11003 ns, At safepoint: 4251 ns, Total: 23065 ns
[2025-10-18T14:28:01.223+0000][7][safepoint   ] Safepoint "Cleanup", Time since last: 3000267799 ns, Reaching safepoint: 65702 ns, Cleanup: 12746 ns, At safepoint: 6826 ns, Total: 85274 ns
[2025-10-18T14:28:12.790+0000][7][safepoint   ] Safepoint "Cleanup", Time since last: 11566282709 ns, Reaching safepoint: 12322 ns, Cleanup: 8875 ns, At safepoint: 4484 ns, Total: 25681 ns
[2025-10-18T14:28:16.790+0000][7][safepoint   ] Safepoint "Cleanup", Time since last: 4000275987 ns, Reaching safepoint: 22700 ns, Cleanup: 8375 ns, At safepoint: 5171 ns, Total: 36246 ns
[2025-10-18T14:28:21.790+0000][7][safepoint   ] Safepoint "Cleanup", Time since last: 5000343437 ns, Reaching safepoint: 23682 ns, Cleanup: 7970 ns, At safepoint: 4480 ns, Total: 36132 ns
[2025-10-18T14:28:27.792+0000][7][safepoint   ] Safepoint "Cleanup", Time since last: 6001306700 ns, Reaching safepoint: 14279 ns, Cleanup: 64127 ns, At safepoint: 7830 ns, Total: 86236 ns
[2025-10-18T14:28:28.792+0000][7][safepoint   ] Safepoint "Cleanup", Time since last: 1000116230 ns, Reaching safepoint: 10081 ns, Cleanup: 34664 ns, At safepoint: 4882 ns, Total: 49627 ns
[2025-10-18T14:28:29.792+0000][7][safepoint   ] Safepoint "Cleanup", Time since last: 1000124672 ns, Reaching safepoint: 14993 ns, Cleanup: 27039 ns, At safepoint: 11856 ns, Total: 53888 ns
[2025-10-18T14:28:30.806+0000][7][safepoint   ] Safepoint "Cleanup", Time since last: 1014075624 ns, Reaching safepoint: 67121 ns, Cleanup: 18296 ns, At safepoint: 1833 ns, Total: 87250 ns
[2025-10-18T14:28:31.806+0000][7][safepoint   ] Safepoint "Cleanup", Time since last: 1000104094 ns, Reaching safepoint: 15046 ns, Cleanup: 78006 ns, At safepoint: 7480 ns, Total: 100532 ns
[2025-10-18T14:28:32.807+0000][7][safepoint   ] Safepoint "Cleanup", Time since last: 1000094602 ns, Reaching safepoint: 12885 ns, Cleanup: 63133 ns, At safepoint: 12720 ns, Total: 88738 ns
[2025-10-18T14:28:33.709+0000][7][safepoint   ] Safepoint "ICBufferFull", Time since last: 902035081 ns, Reaching safepoint: 10244 ns, Cleanup: 77436 ns, At safepoint: 5401 ns, Total: 93081 ns
[2025-10-18T14:28:34.179+0000][7][safepoint   ] Safepoint "ICBufferFull", Time since last: 470161870 ns, Reaching safepoint: 30955 ns, Cleanup: 89131 ns, At safepoint: 8347 ns, Total: 128433 ns
[2025-10-18T14:28:34.295+0000][7][safepoint   ] Safepoint "ICBufferFull", Time since last: 115924068 ns, Reaching safepoint: 22961 ns, Cleanup: 143355 ns, At safepoint: 16130 ns, Total: 182446 ns
[2025-10-18T14:28:35.295+0000][7][safepoint   ] Safepoint "Cleanup", Time since last: 1000136700 ns, Reaching safepoint: 26511 ns, Cleanup: 84730 ns, At safepoint: 8075 ns, Total: 119316 ns
[2025-10-18T14:28:36.296+0000][7][safepoint   ] Safepoint "Cleanup", Time since last: 1000112427 ns, Reaching safepoint: 10766 ns, Cleanup: 45184 ns, At safepoint: 6453 ns, Total: 62403 ns
[2025-10-18T14:28:37.296+0000][7][safepoint   ] Safepoint "Cleanup", Time since last: 1000116088 ns, Reaching safepoint: 7739 ns, Cleanup: 25798 ns, At safepoint: 5294 ns, Total: 38831 ns
[2025-10-18T14:28:38.296+0000][7][safepoint   ] Safepoint "Cleanup", Time since last: 1000094902 ns, Reaching safepoint: 8833 ns, Cleanup: 41047 ns, At safepoint: 5083 ns, Total: 54963 ns
[2025-10-18T14:28:39.296+0000][7][safepoint   ] Safepoint "Cleanup", Time since last: 1000079490 ns, Reaching safepoint: 11403 ns, Cleanup: 73353 ns, At safepoint: 6534 ns, Total: 91290 ns
[2025-10-18T14:28:40.296+0000][7][safepoint   ] Safepoint "Cleanup", Time since last: 1000104189 ns, Reaching safepoint: 8656 ns, Cleanup: 39782 ns, At safepoint: 5167 ns, Total: 53605 ns
[2025-10-18T14:28:41.296+0000][7][safepoint   ] Safepoint "Cleanup", Time since last: 1000095861 ns, Reaching safepoint: 7863 ns, Cleanup: 39229 ns, At safepoint: 4523 ns, Total: 51615 ns
[2025-10-18T14:28:42.297+0000][7][safepoint   ] Safepoint "Cleanup", Time since last: 1000112166 ns, Reaching safepoint: 20320 ns, Cleanup: 68408 ns, At safepoint: 5022 ns, Total: 93750 ns
[2025-10-18T14:28:43.168+0000][7][safepoint   ] Safepoint "ICBufferFull", Time since last: 871775700 ns, Reaching safepoint: 21261 ns, Cleanup: 111641 ns, At safepoint: 17427 ns, Total: 150329 ns
[2025-10-18T14:28:44.169+0000][7][safepoint   ] Safepoint "Cleanup", Time since last: 1000121665 ns, Reaching safepoint: 19713 ns, Cleanup: 113214 ns, At safepoint: 10811 ns, Total: 143738 ns
[2025-10-18T14:28:45.170+0000][7][safepoint   ] Safepoint "Cleanup", Time since last: 1000872923 ns, Reaching safepoint: 14679 ns, Cleanup: 41579 ns, At safepoint: 7832 ns, Total: 64090 ns
[2025-10-18T14:28:46.170+0000][7][safepoint   ] Safepoint "Cleanup", Time since last: 1000097965 ns, Reaching safepoint: 9525 ns, Cleanup: 28063 ns, At safepoint: 5819 ns, Total: 43407 ns
[2025-10-18T14:28:47.170+0000][7][safepoint   ] Safepoint "Cleanup", Time since last: 1000123676 ns, Reaching safepoint: 22407 ns, Cleanup: 33152 ns, At safepoint: 9409 ns, Total: 64968 ns
[2025-10-18T14:28:48.170+0000][7][safepoint   ] Safepoint "Cleanup", Time since last: 1000130635 ns, Reaching safepoint: 18594 ns, Cleanup: 78990 ns, At safepoint: 14227 ns, Total: 111811 ns
[2025-10-18T14:28:49.170+0000][7][safepoint   ] Safepoint "Cleanup", Time since last: 1000152818 ns, Reaching safepoint: 14588 ns, Cleanup: 19646 ns, At safepoint: 6936 ns, Total: 41170 ns
[2025-10-18T14:28:50.171+0000][7][safepoint   ] Safepoint "Cleanup", Time since last: 1000117905 ns, Reaching safepoint: 15943 ns, Cleanup: 140292 ns, At safepoint: 11739 ns, Total: 167974 ns
[2025-10-18T14:28:51.171+0000][7][safepoint   ] Safepoint "Cleanup", Time since last: 1000132474 ns, Reaching safepoint: 12884 ns, Cleanup: 35969 ns, At safepoint: 5159 ns, Total: 54012 ns
[2025-10-18T14:28:52.171+0000][7][safepoint   ] Safepoint "Cleanup", Time since last: 1000102470 ns, Reaching safepoint: 14750 ns, Cleanup: 101972 ns, At safepoint: 13085 ns, Total: 129807 ns
[2025-10-18T14:28:53.171+0000][7][safepoint   ] Safepoint "Cleanup", Time since last: 1000251066 ns, Reaching safepoint: 42705 ns, Cleanup: 67857 ns, At safepoint: 10422 ns, Total: 120984 ns
[2025-10-18T14:28:54.172+0000][7][safepoint   ] Safepoint "Cleanup", Time since last: 1000100713 ns, Reaching safepoint: 12896 ns, Cleanup: 30881 ns, At safepoint: 6797 ns, Total: 50574 ns
[2025-10-18T14:28:55.172+0000][7][safepoint   ] Safepoint "Cleanup", Time since last: 1000103156 ns, Reaching safepoint: 12357 ns, Cleanup: 17424 ns, At safepoint: 5874 ns, Total: 35655 ns
[2025-10-18T14:28:56.173+0000][7][safepoint   ] Safepoint "Cleanup", Time since last: 1000532641 ns, Reaching safepoint: 392652 ns, Cleanup: 204268 ns, At safepoint: 90152 ns, Total: 687072 ns
[2025-10-18T14:28:57.173+0000][7][safepoint   ] Safepoint "Cleanup", Time since last: 1000284081 ns, Reaching safepoint: 14651 ns, Cleanup: 20305 ns, At safepoint: 8914 ns, Total: 43870 ns
[2025-10-18T14:28:58.174+0000][7][safepoint   ] Safepoint "Cleanup", Time since last: 1000289632 ns, Reaching safepoint: 36684 ns, Cleanup: 62446 ns, At safepoint: 15708 ns, Total: 114838 ns
[2025-10-18T14:28:59.174+0000][7][safepoint   ] Safepoint "Cleanup", Time since last: 1000177665 ns, Reaching safepoint: 26088 ns, Cleanup: 98092 ns, At safepoint: 13575 ns, Total: 137755 ns
[2025-10-18T14:29:00.174+0000][7][safepoint   ] Safepoint "Cleanup", Time since last: 1000142077 ns, Reaching safepoint: 20165 ns, Cleanup: 36515 ns, At safepoint: 10320 ns, Total: 67000 ns
[2025-10-18T14:29:01.175+0000][7][safepoint   ] Safepoint "Cleanup", Time since last: 1000317575 ns, Reaching safepoint: 90061 ns, Cleanup: 48702 ns, At safepoint: 11587 ns, Total: 150350 ns
[2025-10-18T14:29:02.175+0000][7][safepoint   ] Safepoint "Cleanup", Time since last: 1000321530 ns, Reaching safepoint: 22949 ns, Cleanup: 41628 ns, At safepoint: 10050 ns, Total: 74627 ns
[2025-10-18T14:29:03.177+0000][7][safepoint   ] Safepoint "Cleanup", Time since last: 1000122263 ns, Reaching safepoint: 2075487 ns, Cleanup: 31976 ns, At safepoint: 28719 ns, Total: 2136182 ns
[2025-10-18T14:29:04.178+0000][7][safepoint   ] Safepoint "Cleanup", Time since last: 1000145574 ns, Reaching safepoint: 22295 ns, Cleanup: 66473 ns, At safepoint: 13034 ns, Total: 101802 ns
[2025-10-18T14:29:05.178+0000][7][safepoint   ] Safepoint "Cleanup", Time since last: 1000342306 ns, Reaching safepoint: 13627 ns, Cleanup: 18714 ns, At safepoint: 6233 ns, Total: 38574 ns
[2025-10-18T14:29:06.179+0000][7][safepoint   ] Safepoint "Cleanup", Time since last: 1000148255 ns, Reaching safepoint: 324064 ns, Cleanup: 24012 ns, At safepoint: 21117 ns, Total: 369193 ns
[2025-10-18T14:29:07.179+0000][7][safepoint   ] Safepoint "Cleanup", Time since last: 1000128066 ns, Reaching safepoint: 79810 ns, Cleanup: 69562 ns, At safepoint: 12318 ns, Total: 161690 ns
[2025-10-18T14:29:08.180+0000][7][safepoint   ] Safepoint "Cleanup", Time since last: 1000787767 ns, Reaching safepoint: 21440 ns, Cleanup: 72994 ns, At safepoint: 28293 ns, Total: 122727 ns
[2025-10-18T14:29:09.820+0000][7][safepoint   ] Safepoint "Cleanup", Time since last: 1640688211 ns, Reaching safepoint: 23675 ns, Cleanup: 42332 ns, At safepoint: 10673 ns, Total: 76680 ns
[2025-10-18T14:29:10.821+0000][7][safepoint   ] Safepoint "Cleanup", Time since last: 1000420288 ns, Reaching safepoint: 14085 ns, Cleanup: 62769 ns, At safepoint: 6158 ns, Total: 83012 ns
[2025-10-18T14:29:11.822+0000][7][safepoint   ] Safepoint "Cleanup", Time since last: 1000596256 ns, Reaching safepoint: 13296 ns, Cleanup: 23373 ns, At safepoint: 6732 ns, Total: 43401 ns
[2025-10-18T14:29:12.822+0000][7][safepoint   ] Safepoint "Cleanup", Time since last: 1000171485 ns, Reaching safepoint: 14847 ns, Cleanup: 43947 ns, At safepoint: 6025 ns, Total: 64819 ns
[2025-10-18T14:29:13.822+0000][7][safepoint   ] Safepoint "Cleanup", Time since last: 1000126236 ns, Reaching safepoint: 10132 ns, Cleanup: 12388 ns, At safepoint: 4699 ns, Total: 27219 ns
[2025-10-18T14:29:14.822+0000][7][safepoint   ] Safepoint "Cleanup", Time since last: 1000100367 ns, Reaching safepoint: 12792 ns, Cleanup: 22988 ns, At safepoint: 6773 ns, Total: 42553 ns
[2025-10-18T14:29:15.822+0000][7][safepoint   ] Safepoint "Cleanup", Time since last: 1000121788 ns, Reaching safepoint: 12974 ns, Cleanup: 26355 ns, At safepoint: 7868 ns, Total: 47197 ns
[2025-10-18T14:29:16.822+0000][7][safepoint   ] Safepoint "Cleanup", Time since last: 1000115847 ns, Reaching safepoint: 9277 ns, Cleanup: 18701 ns, At safepoint: 4534 ns, Total: 32512 ns
[2025-10-18T14:29:17.389+0000][7][gc,start    ] GC(13) Pause Young (Normal) (G1 Evacuation Pause)
[2025-10-18T14:29:17.390+0000][7][gc,task     ] GC(13) Using 8 workers of 8 for evacuation
[2025-10-18T14:29:17.390+0000][7][gc,age      ] GC(13) Desired survivor size 81788928 bytes, new threshold 15 (max threshold 15)
[2025-10-18T14:29:17.411+0000][7][gc,phases   ] GC(13)   Pre Evacuate Collection Set: 0.25ms
[2025-10-18T14:29:17.411+0000][7][gc,phases   ] GC(13)   Merge Heap Roots: 0.08ms
[2025-10-18T14:29:17.411+0000][7][gc,phases   ] GC(13)   Evacuate Collection Set: 18.98ms
[2025-10-18T14:29:17.411+0000][7][gc,phases   ] GC(13)   Post Evacuate Collection Set: 1.94ms
[2025-10-18T14:29:17.411+0000][7][gc,phases   ] GC(13)   Other: 0.61ms
[2025-10-18T14:29:17.411+0000][7][gc,age      ] GC(13) Age table with threshold 15 (max threshold 15)
[2025-10-18T14:29:17.411+0000][7][gc,age      ] GC(13) - age   1:   13398296 bytes,   13398296 total
[2025-10-18T14:29:17.411+0000][7][gc,age      ] GC(13) - age   2:   17931952 bytes,   31330248 total
[2025-10-18T14:29:17.411+0000][7][gc,age      ] GC(13) - age   3:   10907320 bytes,   42237568 total
[2025-10-18T14:29:17.411+0000][7][gc,age      ] GC(13) - age   4:      38208 bytes,   42275776 total
[2025-10-18T14:29:17.411+0000][7][gc,age      ] GC(13) - age   5:      31912 bytes,   42307688 total
[2025-10-18T14:29:17.411+0000][7][gc,heap     ] GC(13) Eden regions: 299->0(449)
[2025-10-18T14:29:17.411+0000][7][gc,heap     ] GC(13) Survivor regions: 9->11(39)
[2025-10-18T14:29:17.411+0000][7][gc,heap     ] GC(13) Old regions: 12->12
[2025-10-18T14:29:17.411+0000][7][gc,heap     ] GC(13) Humongous regions: 2->2
[2025-10-18T14:29:17.411+0000][7][gc,metaspace] GC(13) Metaspace: 110516K(113472K)->110516K(113472K) NonClass: 95129K(96704K)->95129K(96704K) Class: 15386K(16768K)->15386K(16768K)
[2025-10-18T14:29:17.411+0000][7][gc          ] GC(13) Pause Young (Normal) (G1 Evacuation Pause) 1285M->98M(3072M) 22.060ms
[2025-10-18T14:29:17.411+0000][7][gc,cpu      ] GC(13) User=0.07s Sys=0.01s Real=0.02s
[2025-10-18T14:29:17.411+0000][7][safepoint   ] Safepoint "G1CollectForAllocation", Time since last: 566552603 ns, Reaching safepoint: 8775 ns, Cleanup: 2368 ns, At safepoint: 22315336 ns, Total: 22326479 ns
[2025-10-18T14:29:18.411+0000][7][safepoint   ] Safepoint "Cleanup", Time since last: 1000080096 ns, Reaching safepoint: 8711 ns, Cleanup: 17475 ns, At safepoint: 4871 ns, Total: 31057 ns
[2025-10-18T14:29:19.412+0000][7][safepoint   ] Safepoint "Cleanup", Time since last: 1000167157 ns, Reaching safepoint: 9152 ns, Cleanup: 22240 ns, At safepoint: 6055 ns, Total: 37447 ns
[2025-10-18T14:29:20.412+0000][7][safepoint   ] Safepoint "Cleanup", Time since last: 1000098799 ns, Reaching safepoint: 12233 ns, Cleanup: 103946 ns, At safepoint: 5816 ns, Total: 121995 ns
[2025-10-18T14:29:21.412+0000][7][safepoint   ] Safepoint "Cleanup", Time since last: 1000126969 ns, Reaching safepoint: 14766 ns, Cleanup: 25955 ns, At safepoint: 5749 ns, Total: 46470 ns
[2025-10-18T14:29:22.412+0000][7][safepoint   ] Safepoint "Cleanup", Time since last: 1000101955 ns, Reaching safepoint: 12910 ns, Cleanup: 19924 ns, At safepoint: 5944 ns, Total: 38778 ns
[2025-10-18T14:29:23.412+0000][7][safepoint   ] Safepoint "Cleanup", Time since last: 1000115676 ns, Reaching safepoint: 16375 ns, Cleanup: 20984 ns, At safepoint: 8397 ns, Total: 45756 ns
[2025-10-18T14:29:24.413+0000][7][safepoint   ] Safepoint "Cleanup", Time since last: 1000134237 ns, Reaching safepoint: 29875 ns, Cleanup: 41899 ns, At safepoint: 5167 ns, Total: 76941 ns
[2025-10-18T14:29:25.413+0000][7][safepoint   ] Safepoint "Cleanup", Time since last: 1000083047 ns, Reaching safepoint: 42570 ns, Cleanup: 26830 ns, At safepoint: 11396 ns, Total: 80796 ns
[2025-10-18T14:29:26.415+0000][7][safepoint   ] Safepoint "Cleanup", Time since last: 1002575208 ns, Reaching safepoint: 9340 ns, Cleanup: 9442 ns, At safepoint: 4824 ns, Total: 23606 ns
[2025-10-18T14:29:27.415+0000][7][safepoint   ] Safepoint "Cleanup", Time since last: 1000089413 ns, Reaching safepoint: 8848 ns, Cleanup: 17287 ns, At safepoint: 4409 ns, Total: 30544 ns
[2025-10-18T14:29:28.416+0000][7][safepoint   ] Safepoint "Cleanup", Time since last: 1000090207 ns, Reaching safepoint: 17675 ns, Cleanup: 17556 ns, At safepoint: 4387 ns, Total: 39618 ns
[2025-10-18T14:29:29.416+0000][7][safepoint   ] Safepoint "Cleanup", Time since last: 1000094060 ns, Reaching safepoint: 10727 ns, Cleanup: 31681 ns, At safepoint: 6354 ns, Total: 48762 ns
[2025-10-18T14:29:30.416+0000][7][safepoint   ] Safepoint "Cleanup", Time since last: 1000144365 ns, Reaching safepoint: 46499 ns, Cleanup: 77837 ns, At safepoint: 24146 ns, Total: 148482 ns
[2025-10-18T14:29:31.416+0000][7][safepoint   ] Safepoint "Cleanup", Time since last: 1000145593 ns, Reaching safepoint: 9842 ns, Cleanup: 15090 ns, At safepoint: 4668 ns, Total: 29600 ns
[2025-10-18T14:29:32.417+0000][7][safepoint   ] Safepoint "Cleanup", Time since last: 1000389612 ns, Reaching safepoint: 15778 ns, Cleanup: 22613 ns, At safepoint: 9770 ns, Total: 48161 ns
[2025-10-18T14:29:33.417+0000][7][safepoint   ] Safepoint "Cleanup", Time since last: 1000121747 ns, Reaching safepoint: 15440 ns, Cleanup: 22245 ns, At safepoint: 5742 ns, Total: 43427 ns
[2025-10-18T14:29:34.417+0000][7][safepoint   ] Safepoint "Cleanup", Time since last: 1000111776 ns, Reaching safepoint: 15916 ns, Cleanup: 23284 ns, At safepoint: 9625 ns, Total: 48825 ns
[2025-10-18T14:29:35.417+0000][7][safepoint   ] Safepoint "Cleanup", Time since last: 1000115779 ns, Reaching safepoint: 11017 ns, Cleanup: 15774 ns, At safepoint: 6055 ns, Total: 32846 ns
[2025-10-18T14:29:36.417+0000][7][safepoint   ] Safepoint "Cleanup", Time since last: 1000104486 ns, Reaching safepoint: 7946 ns, Cleanup: 9570 ns, At safepoint: 4942 ns, Total: 22458 ns
[2025-10-18T14:29:37.417+0000][7][safepoint   ] Safepoint "Cleanup", Time since last: 1000112195 ns, Reaching safepoint: 20229 ns, Cleanup: 45296 ns, At safepoint: 4525 ns, Total: 70050 ns
[2025-10-18T14:29:38.418+0000][7][safepoint   ] Safepoint "Cleanup", Time since last: 1000088718 ns, Reaching safepoint: 9458 ns, Cleanup: 28822 ns, At safepoint: 4529 ns, Total: 42809 ns
[2025-10-18T14:29:39.418+0000][7][safepoint   ] Safepoint "Cleanup", Time since last: 1000092413 ns, Reaching safepoint: 8686 ns, Cleanup: 14349 ns, At safepoint: 4824 ns, Total: 27859 ns
[2025-10-18T14:29:40.418+0000][7][safepoint   ] Safepoint "Cleanup", Time since last: 1000101549 ns, Reaching safepoint: 31077 ns, Cleanup: 17514 ns, At safepoint: 9109 ns, Total: 57700 ns
[2025-10-18T14:29:41.418+0000][7][safepoint   ] Safepoint "Cleanup", Time since last: 1000126961 ns, Reaching safepoint: 11633 ns, Cleanup: 19121 ns, At safepoint: 6588 ns, Total: 37342 ns
[2025-10-18T14:29:42.418+0000][7][safepoint   ] Safepoint "Cleanup", Time since last: 1000179789 ns, Reaching safepoint: 16854 ns, Cleanup: 15221 ns, At safepoint: 8299 ns, Total: 40374 ns
[2025-10-18T14:29:43.420+0000][7][safepoint   ] Safepoint "Cleanup", Time since last: 1001927030 ns, Reaching safepoint: 14857 ns, Cleanup: 23057 ns, At safepoint: 8353 ns, Total: 46267 ns
[2025-10-18T14:29:44.420+0000][7][safepoint   ] Safepoint "Cleanup", Time since last: 1000160800 ns, Reaching safepoint: 18410 ns, Cleanup: 19612 ns, At safepoint: 6822 ns, Total: 44844 ns
[2025-10-18T14:29:45.421+0000][7][safepoint   ] Safepoint "Cleanup", Time since last: 1000355093 ns, Reaching safepoint: 15293 ns, Cleanup: 21562 ns, At safepoint: 7940 ns, Total: 44795 ns
[2025-10-18T14:29:46.421+0000][7][safepoint   ] Safepoint "Cleanup", Time since last: 1000133226 ns, Reaching safepoint: 30136 ns, Cleanup: 36045 ns, At safepoint: 10923 ns, Total: 77104 ns
[2025-10-18T14:29:47.421+0000][7][safepoint   ] Safepoint "Cleanup", Time since last: 1000128901 ns, Reaching safepoint: 10091 ns, Cleanup: 27956 ns, At safepoint: 6776 ns, Total: 44823 ns
[2025-10-18T14:29:48.423+0000][7][safepoint   ] Safepoint "Cleanup", Time since last: 1001458614 ns, Reaching safepoint: 46287 ns, Cleanup: 65914 ns, At safepoint: 20793 ns, Total: 132994 ns
[2025-10-18T14:29:49.423+0000][7][safepoint   ] Safepoint "Cleanup", Time since last: 1000195396 ns, Reaching safepoint: 12506 ns, Cleanup: 10508 ns, At safepoint: 6317 ns, Total: 29331 ns
[2025-10-18T14:29:50.423+0000][7][safepoint   ] Safepoint "Cleanup", Time since last: 1000099869 ns, Reaching safepoint: 8429 ns, Cleanup: 11756 ns, At safepoint: 4902 ns, Total: 25087 ns
[2025-10-18T14:29:51.423+0000][7][safepoint   ] Safepoint "Cleanup", Time since last: 1000088607 ns, Reaching safepoint: 8534 ns, Cleanup: 10749 ns, At safepoint: 5074 ns, Total: 24357 ns
[2025-10-18T14:29:52.423+0000][7][safepoint   ] Safepoint "Cleanup", Time since last: 1000091079 ns, Reaching safepoint: 8415 ns, Cleanup: 9115 ns, At safepoint: 4417 ns, Total: 21947 ns
[2025-10-18T14:29:53.423+0000][7][safepoint   ] Safepoint "Cleanup", Time since last: 1000091413 ns, Reaching safepoint: 8721 ns, Cleanup: 12763 ns, At safepoint: 5700 ns, Total: 27184 ns
[2025-10-18T14:29:54.424+0000][7][safepoint   ] Safepoint "Cleanup", Time since last: 1000098408 ns, Reaching safepoint: 8923 ns, Cleanup: 11498 ns, At safepoint: 4587 ns, Total: 25008 ns
[2025-10-18T14:29:55.424+0000][7][safepoint   ] Safepoint "Cleanup", Time since last: 1000100804 ns, Reaching safepoint: 10353 ns, Cleanup: 8440 ns, At safepoint: 4204 ns, Total: 22997 ns
[2025-10-18T14:29:56.424+0000][7][safepoint   ] Safepoint "Cleanup", Time since last: 1000087400 ns, Reaching safepoint: 9062 ns, Cleanup: 28139 ns, At safepoint: 4743 ns, Total: 41944 ns
[2025-10-18T14:29:57.424+0000][7][safepoint   ] Safepoint "Cleanup", Time since last: 1000113578 ns, Reaching safepoint: 26748 ns, Cleanup: 47810 ns, At safepoint: 15758 ns, Total: 90316 ns
[2025-10-18T14:29:58.424+0000][7][safepoint   ] Safepoint "Cleanup", Time since last: 1000180713 ns, Reaching safepoint: 24580 ns, Cleanup: 31662 ns, At safepoint: 14747 ns, Total: 70989 ns
[2025-10-18T14:29:59.425+0000][7][safepoint   ] Safepoint "Cleanup", Time since last: 1000138867 ns, Reaching safepoint: 66974 ns, Cleanup: 10333 ns, At safepoint: 6201 ns, Total: 83508 ns
[2025-10-18T14:30:00.425+0000][7][safepoint   ] Safepoint "Cleanup", Time since last: 1000054261 ns, Reaching safepoint: 7966 ns, Cleanup: 15116 ns, At safepoint: 4181 ns, Total: 27263 ns
[2025-10-18T14:30:01.425+0000][7][safepoint   ] Safepoint "Cleanup", Time since last: 1000089291 ns, Reaching safepoint: 8424 ns, Cleanup: 12845 ns, At safepoint: 4539 ns, Total: 25808 ns
[2025-10-18T14:30:02.425+0000][7][safepoint   ] Safepoint "Cleanup", Time since last: 1000090271 ns, Reaching safepoint: 9596 ns, Cleanup: 10153 ns, At safepoint: 5091 ns, Total: 24840 ns
[2025-10-18T14:30:03.425+0000][7][safepoint   ] Safepoint "Cleanup", Time since last: 1000110836 ns, Reaching safepoint: 28491 ns, Cleanup: 17659 ns, At safepoint: 134547 ns, Total: 180697 ns
[2025-10-18T14:30:04.425+0000][7][safepoint   ] Safepoint "Cleanup", Time since last: 1000105794 ns, Reaching safepoint: 10484 ns, Cleanup: 11866 ns, At safepoint: 5326 ns, Total: 27676 ns
[2025-10-18T14:30:05.425+0000][7][safepoint   ] Safepoint "Cleanup", Time since last: 1000093404 ns, Reaching safepoint: 9616 ns, Cleanup: 39155 ns, At safepoint: 4489 ns, Total: 53260 ns
[2025-10-18T14:30:05.456+0000][7][gc,start    ] GC(14) Pause Young (Concurrent Start) (CodeCache GC Threshold)
[2025-10-18T14:30:05.456+0000][7][gc,task     ] GC(14) Using 8 workers of 8 for evacuation
[2025-10-18T14:30:05.456+0000][7][gc,age      ] GC(14) Desired survivor size 121634816 bytes, new threshold 15 (max threshold 15)
[2025-10-18T14:30:05.471+0000][7][gc,phases   ] GC(14)   Pre Evacuate Collection Set: 0.15ms
[2025-10-18T14:30:05.471+0000][7][gc,phases   ] GC(14)   Merge Heap Roots: 0.05ms
[2025-10-18T14:30:05.471+0000][7][gc,phases   ] GC(14)   Evacuate Collection Set: 14.16ms
[2025-10-18T14:30:05.471+0000][7][gc,phases   ] GC(14)   Post Evacuate Collection Set: 1.32ms
[2025-10-18T14:30:05.471+0000][7][gc,phases   ] GC(14)   Other: 0.07ms
[2025-10-18T14:30:05.471+0000][7][gc,age      ] GC(14) Age table with threshold 15 (max threshold 15)
[2025-10-18T14:30:05.471+0000][7][gc,age      ] GC(14) - age   1:    2364560 bytes,    2364560 total
[2025-10-18T14:30:05.471+0000][7][gc,age      ] GC(14) - age   2:   11515472 bytes,   13880032 total
[2025-10-18T14:30:05.471+0000][7][gc,age      ] GC(14) - age   3:   17931648 bytes,   31811680 total
[2025-10-18T14:30:05.471+0000][7][gc,age      ] GC(14) - age   4:   10907248 bytes,   42718928 total
[2025-10-18T14:30:05.471+0000][7][gc,age      ] GC(14) - age   5:      38208 bytes,   42757136 total
[2025-10-18T14:30:05.471+0000][7][gc,age      ] GC(14) - age   6:      31912 bytes,   42789048 total
[2025-10-18T14:30:05.471+0000][7][gc,heap     ] GC(14) Eden regions: 258->0(448)
[2025-10-18T14:30:05.471+0000][7][gc,heap     ] GC(14) Survivor regions: 11->12(58)
[2025-10-18T14:30:05.471+0000][7][gc,heap     ] GC(14) Old regions: 12->12
[2025-10-18T14:30:05.471+0000][7][gc,heap     ] GC(14) Humongous regions: 2->2
[2025-10-18T14:30:05.471+0000][7][gc,metaspace] GC(14) Metaspace: 111130K(113984K)->111130K(113984K) NonClass: 95742K(97216K)->95742K(97216K) Class: 15387K(16768K)->15387K(16768K)
[2025-10-18T14:30:05.471+0000][7][gc          ] GC(14) Pause Young (Concurrent Start) (CodeCache GC Threshold) 1127M->100M(3072M) 15.891ms
[2025-10-18T14:30:05.471+0000][7][gc          ] GC(15) Concurrent Mark Cycle
[2025-10-18T14:30:05.471+0000][7][gc,cpu      ] GC(14) User=0.09s Sys=0.01s Real=0.01s
[2025-10-18T14:30:05.472+0000][7][gc,marking  ] GC(15) Concurrent Scan Root Regions
[2025-10-18T14:30:05.472+0000][7][safepoint   ] Safepoint "G1TryInitiateConcMark", Time since last: 30162167 ns, Reaching safepoint: 9185 ns, Cleanup: 3421 ns, At safepoint: 15943613 ns, Total: 15956219 ns
[2025-10-18T14:30:05.483+0000][7][gc,marking  ] GC(15) Concurrent Scan Root Regions 11.810ms
[2025-10-18T14:30:05.483+0000][7][gc,marking  ] GC(15) Concurrent Mark
[2025-10-18T14:30:05.483+0000][7][gc,marking  ] GC(15) Concurrent Mark From Roots
[2025-10-18T14:30:05.483+0000][7][gc,task     ] GC(15) Using 2 workers of 2 for marking
[2025-10-18T14:30:05.513+0000][7][gc,marking  ] GC(15) Concurrent Mark From Roots 30.028ms
[2025-10-18T14:30:05.513+0000][7][gc,marking  ] GC(15) Concurrent Preclean
[2025-10-18T14:30:05.514+0000][7][gc,marking  ] GC(15) Concurrent Preclean 0.139ms
[2025-10-18T14:30:05.514+0000][7][gc,start    ] GC(15) Pause Remark
[2025-10-18T14:30:05.520+0000][7][gc          ] GC(15) Pause Remark 103M->103M(3072M) 6.406ms
[2025-10-18T14:30:05.520+0000][7][gc,cpu      ] GC(15) User=0.03s Sys=0.00s Real=0.01s
[2025-10-18T14:30:05.520+0000][7][safepoint   ] Safepoint "G1PauseRemark", Time since last: 42074446 ns, Reaching safepoint: 8408 ns, Cleanup: 2525 ns, At safepoint: 6462788 ns, Total: 6473721 ns
[2025-10-18T14:30:05.520+0000][7][gc,marking  ] GC(15) Concurrent Mark 36.731ms
[2025-10-18T14:30:05.520+0000][7][gc,marking  ] GC(15) Concurrent Rebuild Remembered Sets and Scrub Regions
[2025-10-18T14:30:05.530+0000][7][gc,marking  ] GC(15) Concurrent Rebuild Remembered Sets and Scrub Regions 10.062ms
[2025-10-18T14:30:05.530+0000][7][gc,start    ] GC(15) Pause Cleanup
[2025-10-18T14:30:05.530+0000][7][gc          ] GC(15) Pause Cleanup 103M->103M(3072M) 0.088ms
[2025-10-18T14:30:05.530+0000][7][gc,cpu      ] GC(15) User=0.00s Sys=0.00s Real=0.00s
[2025-10-18T14:30:05.530+0000][7][safepoint   ] Safepoint "G1PauseCleanup", Time since last: 10150909 ns, Reaching safepoint: 7418 ns, Cleanup: 10683 ns, At safepoint: 124895 ns, Total: 142996 ns
[2025-10-18T14:30:05.530+0000][7][gc,marking  ] GC(15) Concurrent Clear Claimed Marks
[2025-10-18T14:30:05.531+0000][7][gc,marking  ] GC(15) Concurrent Clear Claimed Marks 0.156ms
[2025-10-18T14:30:05.531+0000][7][gc,marking  ] GC(15) Concurrent Cleanup for Next Mark
[2025-10-18T14:30:05.533+0000][7][gc,marking  ] GC(15) Concurrent Cleanup for Next Mark 2.137ms
[2025-10-18T14:30:05.533+0000][7][gc          ] GC(15) Concurrent Mark Cycle 61.234ms
[2025-10-18T14:30:06.530+0000][7][safepoint   ] Safepoint "Cleanup", Time since last: 1000073252 ns, Reaching safepoint: 8823 ns, Cleanup: 19338 ns, At safepoint: 4463 ns, Total: 32624 ns
[2025-10-18T14:30:07.531+0000][7][safepoint   ] Safepoint "Cleanup", Time since last: 1000106296 ns, Reaching safepoint: 9831 ns, Cleanup: 20472 ns, At safepoint: 4955 ns, Total: 35258 ns
[2025-10-18T14:30:08.531+0000][7][safepoint   ] Safepoint "Cleanup", Time since last: 1000099730 ns, Reaching safepoint: 8316 ns, Cleanup: 12710 ns, At safepoint: 5328 ns, Total: 26354 ns
[2025-10-18T14:30:09.846+0000][7][safepoint   ] Safepoint "Cleanup", Time since last: 1315109637 ns, Reaching safepoint: 11753 ns, Cleanup: 17609 ns, At safepoint: 5280 ns, Total: 34642 ns
[2025-10-18T14:30:10.846+0000][7][safepoint   ] Safepoint "Cleanup", Time since last: 1000123178 ns, Reaching safepoint: 20657 ns, Cleanup: 37314 ns, At safepoint: 15602 ns, Total: 73573 ns
[2025-10-18T14:30:11.846+0000][7][safepoint   ] Safepoint "Cleanup", Time since last: 1000125543 ns, Reaching safepoint: 18216 ns, Cleanup: 13133 ns, At safepoint: 4735 ns, Total: 36084 ns
[2025-10-18T14:30:12.846+0000][7][safepoint   ] Safepoint "Cleanup", Time since last: 1000087561 ns, Reaching safepoint: 28529 ns, Cleanup: 14274 ns, At safepoint: 5450 ns, Total: 48253 ns
[2025-10-18T14:30:13.846+0000][7][safepoint   ] Safepoint "Cleanup", Time since last: 1000094592 ns, Reaching safepoint: 9259 ns, Cleanup: 18252 ns, At safepoint: 4429 ns, Total: 31940 ns
[2025-10-18T14:30:14.847+0000][7][safepoint   ] Safepoint "Cleanup", Time since last: 1000078005 ns, Reaching safepoint: 11862 ns, Cleanup: 12999 ns, At safepoint: 5603 ns, Total: 30464 ns
[2025-10-18T14:30:15.847+0000][7][safepoint   ] Safepoint "Cleanup", Time since last: 1000097942 ns, Reaching safepoint: 11411 ns, Cleanup: 16387 ns, At safepoint: 5923 ns, Total: 33721 ns
[2025-10-18T14:30:16.847+0000][7][safepoint   ] Safepoint "Cleanup", Time since last: 1000097709 ns, Reaching safepoint: 9315 ns, Cleanup: 12002 ns, At safepoint: 4459 ns, Total: 25776 ns
[2025-10-18T14:30:17.847+0000][7][safepoint   ] Safepoint "Cleanup", Time since last: 1000126420 ns, Reaching safepoint: 20415 ns, Cleanup: 30840 ns, At safepoint: 26116 ns, Total: 77371 ns
[2025-10-18T14:30:18.847+0000][7][safepoint   ] Safepoint "Cleanup", Time since last: 1000094524 ns, Reaching safepoint: 9822 ns, Cleanup: 12579 ns, At safepoint: 4321 ns, Total: 26722 ns
[2025-10-18T14:30:19.847+0000][7][safepoint   ] Safepoint "Cleanup", Time since last: 1000092677 ns, Reaching safepoint: 9221 ns, Cleanup: 9096 ns, At safepoint: 4980 ns, Total: 23297 ns
[2025-10-18T14:30:20.847+0000][7][safepoint   ] Safepoint "Cleanup", Time since last: 1000094722 ns, Reaching safepoint: 8463 ns, Cleanup: 14748 ns, At safepoint: 4881 ns, Total: 28092 ns
[2025-10-18T14:30:21.848+0000][7][safepoint   ] Safepoint "Cleanup", Time since last: 1000094278 ns, Reaching safepoint: 8606 ns, Cleanup: 10727 ns, At safepoint: 4281 ns, Total: 23614 ns
[2025-10-18T14:30:22.848+0000][7][safepoint   ] Safepoint "Cleanup", Time since last: 1000101518 ns, Reaching safepoint: 10063 ns, Cleanup: 9095 ns, At safepoint: 4168 ns, Total: 23326 ns
[2025-10-18T14:30:23.848+0000][7][safepoint   ] Safepoint "Cleanup", Time since last: 1000092105 ns, Reaching safepoint: 9089 ns, Cleanup: 34753 ns, At safepoint: 4490 ns, Total: 48332 ns
[2025-10-18T14:30:24.848+0000][7][safepoint   ] Safepoint "Cleanup", Time since last: 1000092685 ns, Reaching safepoint: 11245 ns, Cleanup: 13401 ns, At safepoint: 5512 ns, Total: 30158 ns
[2025-10-18T14:30:25.848+0000][7][safepoint   ] Safepoint "Cleanup", Time since last: 1000136078 ns, Reaching safepoint: 9252 ns, Cleanup: 21561 ns, At safepoint: 5144 ns, Total: 35957 ns
[2025-10-18T14:30:26.848+0000][7][safepoint   ] Safepoint "Cleanup", Time since last: 1000102576 ns, Reaching safepoint: 32862 ns, Cleanup: 14287 ns, At safepoint: 6607 ns, Total: 53756 ns
[2025-10-18T14:30:27.848+0000][7][safepoint   ] Safepoint "Cleanup", Time since last: 1000105381 ns, Reaching safepoint: 9820 ns, Cleanup: 9968 ns, At safepoint: 5581 ns, Total: 25369 ns
[2025-10-18T14:30:28.849+0000][7][safepoint   ] Safepoint "Cleanup", Time since last: 1000144085 ns, Reaching safepoint: 8162 ns, Cleanup: 16982 ns, At safepoint: 4130 ns, Total: 29274 ns
[2025-10-18T14:30:29.849+0000][7][safepoint   ] Safepoint "Cleanup", Time since last: 1000097015 ns, Reaching safepoint: 119571 ns, Cleanup: 14396 ns, At safepoint: 7196 ns, Total: 141163 ns
[2025-10-18T14:30:30.849+0000][7][safepoint   ] Safepoint "Cleanup", Time since last: 1000102600 ns, Reaching safepoint: 8083 ns, Cleanup: 7094 ns, At safepoint: 3851 ns, Total: 19028 ns
[2025-10-18T14:30:31.849+0000][7][safepoint   ] Safepoint "Cleanup", Time since last: 1000089329 ns, Reaching safepoint: 9666 ns, Cleanup: 7093 ns, At safepoint: 4364 ns, Total: 21123 ns
[2025-10-18T14:30:32.849+0000][7][safepoint   ] Safepoint "Cleanup", Time since last: 1000091311 ns, Reaching safepoint: 10435 ns, Cleanup: 13178 ns, At safepoint: 4974 ns, Total: 28587 ns
[2025-10-18T14:30:33.849+0000][7][safepoint   ] Safepoint "Cleanup", Time since last: 1000101070 ns, Reaching safepoint: 11310 ns, Cleanup: 13316 ns, At safepoint: 5823 ns, Total: 30449 ns
[2025-10-18T14:30:34.849+0000][7][safepoint   ] Safepoint "Cleanup", Time since last: 1000099661 ns, Reaching safepoint: 8356 ns, Cleanup: 10355 ns, At safepoint: 4829 ns, Total: 23540 ns
[2025-10-18T14:30:35.850+0000][7][safepoint   ] Safepoint "Cleanup", Time since last: 1000121868 ns, Reaching safepoint: 19361 ns, Cleanup: 34655 ns, At safepoint: 4702 ns, Total: 58718 ns
[2025-10-18T14:30:36.850+0000][7][safepoint   ] Safepoint "Cleanup", Time since last: 1000092168 ns, Reaching safepoint: 8730 ns, Cleanup: 12043 ns, At safepoint: 4100 ns, Total: 24873 ns
[2025-10-18T14:30:37.850+0000][7][safepoint   ] Safepoint "Cleanup", Time since last: 1000094031 ns, Reaching safepoint: 15343 ns, Cleanup: 9362 ns, At safepoint: 5931 ns, Total: 30636 ns
[2025-10-18T14:30:38.850+0000][7][safepoint   ] Safepoint "Cleanup", Time since last: 1000096540 ns, Reaching safepoint: 11556 ns, Cleanup: 14976 ns, At safepoint: 5268 ns, Total: 31800 ns
[2025-10-18T14:30:39.850+0000][7][safepoint   ] Safepoint "Cleanup", Time since last: 1000093550 ns, Reaching safepoint: 8613 ns, Cleanup: 7641 ns, At safepoint: 4017 ns, Total: 20271 ns
[2025-10-18T14:30:40.850+0000][7][safepoint   ] Safepoint "Cleanup", Time since last: 1000087987 ns, Reaching safepoint: 8209 ns, Cleanup: 13385 ns, At safepoint: 4726 ns, Total: 26320 ns
[2025-10-18T14:30:41.850+0000][7][safepoint   ] Safepoint "Cleanup", Time since last: 1000090533 ns, Reaching safepoint: 22308 ns, Cleanup: 28356 ns, At safepoint: 5811 ns, Total: 56475 ns
[2025-10-18T14:30:42.851+0000][7][safepoint   ] Safepoint "Cleanup", Time since last: 1000106377 ns, Reaching safepoint: 25447 ns, Cleanup: 23170 ns, At safepoint: 11104 ns, Total: 59721 ns
[2025-10-18T14:30:43.851+0000][7][safepoint   ] Safepoint "Cleanup", Time since last: 1000178854 ns, Reaching safepoint: 9082 ns, Cleanup: 11688 ns, At safepoint: 4574 ns, Total: 25344 ns
[2025-10-18T14:30:44.851+0000][7][safepoint   ] Safepoint "Cleanup", Time since last: 1000092649 ns, Reaching safepoint: 8250 ns, Cleanup: 12127 ns, At safepoint: 4258 ns, Total: 24635 ns
[2025-10-18T14:30:45.851+0000][7][safepoint   ] Safepoint "Cleanup", Time since last: 1000092733 ns, Reaching safepoint: 9435 ns, Cleanup: 11363 ns, At safepoint: 4384 ns, Total: 25182 ns
[2025-10-18T14:30:46.851+0000][7][safepoint   ] Safepoint "Cleanup", Time since last: 1000092664 ns, Reaching safepoint: 8729 ns, Cleanup: 12513 ns, At safepoint: 5073 ns, Total: 26315 ns
[2025-10-18T14:30:47.851+0000][7][safepoint   ] Safepoint "Cleanup", Time since last: 1000094253 ns, Reaching safepoint: 8631 ns, Cleanup: 7353 ns, At safepoint: 4131 ns, Total: 20115 ns
[2025-10-18T14:30:48.851+0000][7][safepoint   ] Safepoint "Cleanup", Time since last: 1000088295 ns, Reaching safepoint: 8967 ns, Cleanup: 9191 ns, At safepoint: 4139 ns, Total: 22297 ns
[2025-10-18T14:30:50.851+0000][7][safepoint   ] Safepoint "Cleanup", Time since last: 2000164862 ns, Reaching safepoint: 13223 ns, Cleanup: 17929 ns, At safepoint: 6219 ns, Total: 37371 ns
[2025-10-18T14:30:51.852+0000][7][safepoint   ] Safepoint "Cleanup", Time since last: 1000088836 ns, Reaching safepoint: 8130 ns, Cleanup: 8151 ns, At safepoint: 4754 ns, Total: 21035 ns
[2025-10-18T14:30:52.852+0000][7][safepoint   ] Safepoint "Cleanup", Time since last: 1000245167 ns, Reaching safepoint: 43323 ns, Cleanup: 49576 ns, At safepoint: 20824 ns, Total: 113723 ns
[2025-10-18T14:30:54.852+0000][7][safepoint   ] Safepoint "Cleanup", Time since last: 2000269209 ns, Reaching safepoint: 27903 ns, Cleanup: 16852 ns, At safepoint: 14707 ns, Total: 59462 ns
[2025-10-18T14:30:55.852+0000][7][safepoint   ] Safepoint "Cleanup", Time since last: 1000138311 ns, Reaching safepoint: 8030 ns, Cleanup: 8183 ns, At safepoint: 4964 ns, Total: 21177 ns
[2025-10-18T14:30:56.853+0000][7][safepoint   ] Safepoint "Cleanup", Time since last: 1000123967 ns, Reaching safepoint: 31262 ns, Cleanup: 27829 ns, At safepoint: 15245 ns, Total: 74336 ns
[2025-10-18T14:30:57.853+0000][7][safepoint   ] Safepoint "Cleanup", Time since last: 1000156107 ns, Reaching safepoint: 9341 ns, Cleanup: 9646 ns, At safepoint: 4880 ns, Total: 23867 ns
[2025-10-18T14:30:58.854+0000][7][safepoint   ] Safepoint "Cleanup", Time since last: 1001345051 ns, Reaching safepoint: 12459 ns, Cleanup: 10799 ns, At safepoint: 6168 ns, Total: 29426 ns
[2025-10-18T14:30:59.854+0000][7][safepoint   ] Safepoint "Cleanup", Time since last: 1000128641 ns, Reaching safepoint: 13328 ns, Cleanup: 25865 ns, At safepoint: 6363 ns, Total: 45556 ns
[2025-10-18T14:31:00.854+0000][7][safepoint   ] Safepoint "Cleanup", Time since last: 1000099704 ns, Reaching safepoint: 10036 ns, Cleanup: 11140 ns, At safepoint: 4559 ns, Total: 25735 ns
[2025-10-18T14:31:01.855+0000][7][safepoint   ] Safepoint "Cleanup", Time since last: 1000075066 ns, Reaching safepoint: 8697 ns, Cleanup: 10147 ns, At safepoint: 4558 ns, Total: 23402 ns
[2025-10-18T14:31:02.855+0000][7][safepoint   ] Safepoint "Cleanup", Time since last: 1000093522 ns, Reaching safepoint: 10742 ns, Cleanup: 13002 ns, At safepoint: 5608 ns, Total: 29352 ns
[2025-10-18T14:31:03.855+0000][7][safepoint   ] Safepoint "Cleanup", Time since last: 1000095433 ns, Reaching safepoint: 11256 ns, Cleanup: 8817 ns, At safepoint: 6293 ns, Total: 26366 ns
[2025-10-18T14:31:05.855+0000][7][safepoint   ] Safepoint "Cleanup", Time since last: 2000169562 ns, Reaching safepoint: 17664 ns, Cleanup: 12294 ns, At safepoint: 8655 ns, Total: 38613 ns
[2025-10-18T14:31:06.856+0000][7][safepoint   ] Safepoint "Cleanup", Time since last: 1000534678 ns, Reaching safepoint: 14231 ns, Cleanup: 13414 ns, At safepoint: 10021 ns, Total: 37666 ns
[2025-10-18T14:31:07.856+0000][7][safepoint   ] Safepoint "Cleanup", Time since last: 1000143279 ns, Reaching safepoint: 49702 ns, Cleanup: 23439 ns, At safepoint: 14346 ns, Total: 87487 ns
[2025-10-18T14:31:08.856+0000][7][safepoint   ] Safepoint "Cleanup", Time since last: 1000156879 ns, Reaching safepoint: 18868 ns, Cleanup: 33131 ns, At safepoint: 11839 ns, Total: 63838 ns
[2025-10-18T14:31:09.869+0000][7][safepoint   ] Safepoint "Cleanup", Time since last: 1012520024 ns, Reaching safepoint: 18733 ns, Cleanup: 23000 ns, At safepoint: 8146 ns, Total: 49879 ns
[2025-10-18T14:31:11.869+0000][7][safepoint   ] Safepoint "Cleanup", Time since last: 2000211898 ns, Reaching safepoint: 10214 ns, Cleanup: 15971 ns, At safepoint: 4870 ns, Total: 31055 ns
[2025-10-18T14:31:12.869+0000][7][safepoint   ] Safepoint "Cleanup", Time since last: 1000112354 ns, Reaching safepoint: 13615 ns, Cleanup: 13618 ns, At safepoint: 6448 ns, Total: 33681 ns
[2025-10-18T14:31:13.869+0000][7][safepoint   ] Safepoint "Cleanup", Time since last: 1000133469 ns, Reaching safepoint: 13002 ns, Cleanup: 9460 ns, At safepoint: 6339 ns, Total: 28801 ns
[2025-10-18T14:31:14.869+0000][7][safepoint   ] Safepoint "Cleanup", Time since last: 1000111421 ns, Reaching safepoint: 13953 ns, Cleanup: 14030 ns, At safepoint: 6658 ns, Total: 34641 ns
[2025-10-18T14:31:15.869+0000][7][safepoint   ] Safepoint "Cleanup", Time since last: 1000116018 ns, Reaching safepoint: 11751 ns, Cleanup: 10938 ns, At safepoint: 5531 ns, Total: 28220 ns
[2025-10-18T14:31:16.870+0000][7][safepoint   ] Safepoint "Cleanup", Time since last: 1000096193 ns, Reaching safepoint: 11030 ns, Cleanup: 10317 ns, At safepoint: 4477 ns, Total: 25824 ns
[2025-10-18T14:31:17.870+0000][7][safepoint   ] Safepoint "Cleanup", Time since last: 1000090643 ns, Reaching safepoint: 9235 ns, Cleanup: 11575 ns, At safepoint: 4208 ns, Total: 25018 ns
[2025-10-18T14:31:19.870+0000][7][safepoint   ] Safepoint "Cleanup", Time since last: 2000348681 ns, Reaching safepoint: 14445 ns, Cleanup: 15196 ns, At safepoint: 9571 ns, Total: 39212 ns
[2025-10-18T14:31:20.875+0000][7][safepoint   ] Safepoint "Cleanup", Time since last: 1004718611 ns, Reaching safepoint: 9161 ns, Cleanup: 113482 ns, At safepoint: 6066 ns, Total: 128709 ns
[2025-10-18T14:31:20.937+0000][7][safepoint   ] Safepoint "ICBufferFull", Time since last: 61399829 ns, Reaching safepoint: 18299 ns, Cleanup: 117450 ns, At safepoint: 9177 ns, Total: 144926 ns
[2025-10-18T14:31:21.937+0000][7][safepoint   ] Safepoint "Cleanup", Time since last: 1000135772 ns, Reaching safepoint: 13651 ns, Cleanup: 133042 ns, At safepoint: 11023 ns, Total: 157716 ns
[2025-10-18T14:31:22.937+0000][7][safepoint   ] Safepoint "Cleanup", Time since last: 1000130158 ns, Reaching safepoint: 14822 ns, Cleanup: 63359 ns, At safepoint: 7667 ns, Total: 85848 ns
[2025-10-18T14:31:23.937+0000][7][safepoint   ] Safepoint "Cleanup", Time since last: 1000118726 ns, Reaching safepoint: 17401 ns, Cleanup: 35335 ns, At safepoint: 7408 ns, Total: 60144 ns
[2025-10-18T14:31:24.938+0000][7][safepoint   ] Safepoint "Cleanup", Time since last: 1000625591 ns, Reaching safepoint: 14827 ns, Cleanup: 16571 ns, At safepoint: 6910 ns, Total: 38308 ns
[2025-10-18T14:31:25.938+0000][7][safepoint   ] Safepoint "Cleanup", Time since last: 1000111129 ns, Reaching safepoint: 11690 ns, Cleanup: 13627 ns, At safepoint: 5593 ns, Total: 30910 ns
[2025-10-18T14:31:26.938+0000][7][safepoint   ] Safepoint "Cleanup", Time since last: 1000114352 ns, Reaching safepoint: 12668 ns, Cleanup: 20075 ns, At safepoint: 6729 ns, Total: 39472 ns
[2025-10-18T14:31:27.938+0000][7][safepoint   ] Safepoint "Cleanup", Time since last: 1000118261 ns, Reaching safepoint: 24459 ns, Cleanup: 50014 ns, At safepoint: 12715 ns, Total: 87188 ns
[2025-10-18T14:31:28.940+0000][7][safepoint   ] Safepoint "Cleanup", Time since last: 1001247951 ns, Reaching safepoint: 26780 ns, Cleanup: 30875 ns, At safepoint: 35133 ns, Total: 92788 ns
[2025-10-18T14:31:30.943+0000][7][safepoint   ] Safepoint "Cleanup", Time since last: 2003048595 ns, Reaching safepoint: 9131 ns, Cleanup: 13969 ns, At safepoint: 4433 ns, Total: 27533 ns
[2025-10-18T14:31:31.943+0000][7][safepoint   ] Safepoint "Cleanup", Time since last: 1000156435 ns, Reaching safepoint: 43395 ns, Cleanup: 36146 ns, At safepoint: 20445 ns, Total: 99986 ns
[2025-10-18T14:31:32.943+0000][7][safepoint   ] Safepoint "Cleanup", Time since last: 1000240180 ns, Reaching safepoint: 16770 ns, Cleanup: 13472 ns, At safepoint: 8279 ns, Total: 38521 ns
[2025-10-18T14:31:33.945+0000][7][safepoint   ] Safepoint "Cleanup", Time since last: 1000913535 ns, Reaching safepoint: 489382 ns, Cleanup: 15821 ns, At safepoint: 23462 ns, Total: 528665 ns
[2025-10-18T14:31:34.847+0000][7][gc,start    ] GC(16) Pause Young (Normal) (G1 Evacuation Pause)
[2025-10-18T14:31:34.847+0000][7][gc,task     ] GC(16) Using 8 workers of 8 for evacuation
[2025-10-18T14:31:34.847+0000][7][gc,age      ] GC(16) Desired survivor size 121634816 bytes, new threshold 15 (max threshold 15)
[2025-10-18T14:31:34.884+0000][7][gc,phases   ] GC(16)   Pre Evacuate Collection Set: 0.42ms
[2025-10-18T14:31:34.884+0000][7][gc,phases   ] GC(16)   Merge Heap Roots: 1.05ms
[2025-10-18T14:31:34.885+0000][7][gc,phases   ] GC(16)   Evacuate Collection Set: 30.22ms
[2025-10-18T14:31:34.885+0000][7][gc,phases   ] GC(16)   Post Evacuate Collection Set: 5.37ms
[2025-10-18T14:31:34.885+0000][7][gc,phases   ] GC(16)   Other: 0.14ms
[2025-10-18T14:31:34.885+0000][7][gc,age      ] GC(16) Age table with threshold 15 (max threshold 15)
[2025-10-18T14:31:34.885+0000][7][gc,age      ] GC(16) - age   1:    2060432 bytes,    2060432 total
[2025-10-18T14:31:34.885+0000][7][gc,age      ] GC(16) - age   2:      77136 bytes,    2137568 total
[2025-10-18T14:31:34.885+0000][7][gc,age      ] GC(16) - age   3:   11427408 bytes,   13564976 total
[2025-10-18T14:31:34.885+0000][7][gc,age      ] GC(16) - age   4:   17926656 bytes,   31491632 total
[2025-10-18T14:31:34.885+0000][7][gc,age      ] GC(16) - age   5:   10907248 bytes,   42398880 total
[2025-10-18T14:31:34.885+0000][7][gc,age      ] GC(16) - age   6:      38208 bytes,   42437088 total
[2025-10-18T14:31:34.885+0000][7][gc,age      ] GC(16) - age   7:      31912 bytes,   42469000 total
[2025-10-18T14:31:34.885+0000][7][gc,heap     ] GC(16) Eden regions: 448->0(448)
[2025-10-18T14:31:34.885+0000][7][gc,heap     ] GC(16) Survivor regions: 12->12(58)
[2025-10-18T14:31:34.885+0000][7][gc,heap     ] GC(16) Old regions: 12->12
[2025-10-18T14:31:34.885+0000][7][gc,heap     ] GC(16) Humongous regions: 2->2
[2025-10-18T14:31:34.885+0000][7][gc,metaspace] GC(16) Metaspace: 112443K(115328K)->112443K(115328K) NonClass: 96910K(98432K)->96910K(98432K) Class: 15532K(16896K)->15532K(16896K)
[2025-10-18T14:31:34.885+0000][7][gc          ] GC(16) Pause Young (Normal) (G1 Evacuation Pause) 1892M->101M(3072M) 37.465ms
[2025-10-18T14:31:34.885+0000][7][gc,cpu      ] GC(16) User=0.08s Sys=0.03s Real=0.03s
[2025-10-18T14:31:34.885+0000][7][safepoint   ] Safepoint "G1CollectForAllocation", Time since last: 902413934 ns, Reaching safepoint: 12378 ns, Cleanup: 14198 ns, At safepoint: 37513821 ns, Total: 37540397 ns
[2025-10-18T14:31:36.885+0000][7][safepoint   ] Safepoint "Cleanup", Time since last: 2000181087 ns, Reaching safepoint: 76457 ns, Cleanup: 29001 ns, At safepoint: 14192 ns, Total: 119650 ns
[2025-10-18T14:31:37.885+0000][7][safepoint   ] Safepoint "Cleanup", Time since last: 1000146328 ns, Reaching safepoint: 10734 ns, Cleanup: 19668 ns, At safepoint: 5768 ns, Total: 36170 ns
[2025-10-18T14:31:38.885+0000][7][safepoint   ] Safepoint "Cleanup", Time since last: 1000128206 ns, Reaching safepoint: 13759 ns, Cleanup: 14919 ns, At safepoint: 5058 ns, Total: 33736 ns
[2025-10-18T14:31:40.886+0000][7][safepoint   ] Safepoint "Cleanup", Time since last: 2000162033 ns, Reaching safepoint: 18825 ns, Cleanup: 14341 ns, At safepoint: 6167 ns, Total: 39333 ns
[2025-10-18T14:31:42.886+0000][7][safepoint   ] Safepoint "Cleanup", Time since last: 2000179474 ns, Reaching safepoint: 8394 ns, Cleanup: 10618 ns, At safepoint: 4577 ns, Total: 23589 ns
[2025-10-18T14:31:43.886+0000][7][safepoint   ] Safepoint "Cleanup", Time since last: 1000092879 ns, Reaching safepoint: 8919 ns, Cleanup: 9306 ns, At safepoint: 4853 ns, Total: 23078 ns
[2025-10-18T14:31:44.886+0000][7][safepoint   ] Safepoint "Cleanup", Time since last: 1000115070 ns, Reaching safepoint: 19413 ns, Cleanup: 21952 ns, At safepoint: 8178 ns, Total: 49543 ns
[2025-10-18T14:31:45.886+0000][7][safepoint   ] Safepoint "Cleanup", Time since last: 1000156904 ns, Reaching safepoint: 28870 ns, Cleanup: 28795 ns, At safepoint: 16107 ns, Total: 73772 ns
[2025-10-18T14:31:46.886+0000][7][safepoint   ] Safepoint "Cleanup", Time since last: 1000158229 ns, Reaching safepoint: 9637 ns, Cleanup: 10763 ns, At safepoint: 5664 ns, Total: 26064 ns
[2025-10-18T14:31:48.887+0000][7][safepoint   ] Safepoint "Cleanup", Time since last: 2000143688 ns, Reaching safepoint: 16334 ns, Cleanup: 16629 ns, At safepoint: 10656 ns, Total: 43619 ns
[2025-10-18T14:31:49.887+0000][7][safepoint   ] Safepoint "Cleanup", Time since last: 1000165384 ns, Reaching safepoint: 35009 ns, Cleanup: 25117 ns, At safepoint: 12528 ns, Total: 72654 ns
[2025-10-18T14:31:50.887+0000][7][safepoint   ] Safepoint "Cleanup", Time since last: 1000125711 ns, Reaching safepoint: 11802 ns, Cleanup: 8603 ns, At safepoint: 4864 ns, Total: 25269 ns
[2025-10-18T14:31:51.887+0000][7][safepoint   ] Safepoint "Cleanup", Time since last: 1000089357 ns, Reaching safepoint: 43663 ns, Cleanup: 22485 ns, At safepoint: 11252 ns, Total: 77400 ns
[2025-10-18T14:31:53.887+0000][7][safepoint   ] Safepoint "Cleanup", Time since last: 2000175649 ns, Reaching safepoint: 11492 ns, Cleanup: 15373 ns, At safepoint: 5444 ns, Total: 32309 ns
[2025-10-18T14:31:55.888+0000][7][safepoint   ] Safepoint "Cleanup", Time since last: 2000163191 ns, Reaching safepoint: 8724 ns, Cleanup: 9102 ns, At safepoint: 4376 ns, Total: 22202 ns
[2025-10-18T14:31:56.888+0000][7][safepoint   ] Safepoint "Cleanup", Time since last: 1000106966 ns, Reaching safepoint: 9652 ns, Cleanup: 16617 ns, At safepoint: 4466 ns, Total: 30735 ns
[2025-10-18T14:31:58.888+0000][7][safepoint   ] Safepoint "Cleanup", Time since last: 2000177049 ns, Reaching safepoint: 16919 ns, Cleanup: 20697 ns, At safepoint: 8662 ns, Total: 46278 ns
[2025-10-18T14:31:59.888+0000][7][safepoint   ] Safepoint "Cleanup", Time since last: 1000122067 ns, Reaching safepoint: 8598 ns, Cleanup: 9983 ns, At safepoint: 4358 ns, Total: 22939 ns
[2025-10-18T14:32:00.888+0000][7][safepoint   ] Safepoint "Cleanup", Time since last: 1000094721 ns, Reaching safepoint: 9193 ns, Cleanup: 9361 ns, At safepoint: 5346 ns, Total: 23900 ns
[2025-10-18T14:32:01.888+0000][7][safepoint   ] Safepoint "Cleanup", Time since last: 1000091389 ns, Reaching safepoint: 9895 ns, Cleanup: 12267 ns, At safepoint: 4590 ns, Total: 26752 ns
[2025-10-18T14:32:02.888+0000][7][safepoint   ] Safepoint "Cleanup", Time since last: 1000096370 ns, Reaching safepoint: 12480 ns, Cleanup: 11831 ns, At safepoint: 6816 ns, Total: 31127 ns
[2025-10-18T14:32:03.889+0000][7][safepoint   ] Safepoint "Cleanup", Time since last: 1000111384 ns, Reaching safepoint: 9652 ns, Cleanup: 18984 ns, At safepoint: 5162 ns, Total: 33798 ns
[2025-10-18T14:32:05.889+0000][7][safepoint   ] Safepoint "Cleanup", Time since last: 2000157280 ns, Reaching safepoint: 9350 ns, Cleanup: 9704 ns, At safepoint: 5133 ns, Total: 24187 ns
[2025-10-18T14:32:06.889+0000][7][safepoint   ] Safepoint "Cleanup", Time since last: 1000092302 ns, Reaching safepoint: 22543 ns, Cleanup: 9334 ns, At safepoint: 6594 ns, Total: 38471 ns
[2025-10-18T14:32:07.889+0000][7][safepoint   ] Safepoint "Cleanup", Time since last: 1000084940 ns, Reaching safepoint: 8201 ns, Cleanup: 12271 ns, At safepoint: 4408 ns, Total: 24880 ns
[2025-10-18T14:32:09.902+0000][7][safepoint   ] Safepoint "Cleanup", Time since last: 2013066605 ns, Reaching safepoint: 16869 ns, Cleanup: 11952 ns, At safepoint: 8733 ns, Total: 37554 ns
[2025-10-18T14:32:10.903+0000][7][safepoint   ] Safepoint "Cleanup", Time since last: 1000402385 ns, Reaching safepoint: 25446 ns, Cleanup: 33645 ns, At safepoint: 7776 ns, Total: 66867 ns
[2025-10-18T14:32:11.905+0000][7][safepoint   ] Safepoint "Cleanup", Time since last: 1002655192 ns, Reaching safepoint: 12241 ns, Cleanup: 26919 ns, At safepoint: 7736 ns, Total: 46896 ns
[2025-10-18T14:32:12.906+0000][7][safepoint   ] Safepoint "Cleanup", Time since last: 1000532374 ns, Reaching safepoint: 12395 ns, Cleanup: 19033 ns, At safepoint: 6055 ns, Total: 37483 ns
[2025-10-18T14:32:13.906+0000][7][safepoint   ] Safepoint "Cleanup", Time since last: 1000128580 ns, Reaching safepoint: 29568 ns, Cleanup: 31722 ns, At safepoint: 16082 ns, Total: 77372 ns
[2025-10-18T14:32:14.906+0000][7][safepoint   ] Safepoint "Cleanup", Time since last: 1000163835 ns, Reaching safepoint: 8769 ns, Cleanup: 10701 ns, At safepoint: 4632 ns, Total: 24102 ns
[2025-10-18T14:32:15.906+0000][7][safepoint   ] Safepoint "Cleanup", Time since last: 1000094511 ns, Reaching safepoint: 13286 ns, Cleanup: 12613 ns, At safepoint: 5395 ns, Total: 31294 ns
[2025-10-18T14:32:16.907+0000][7][safepoint   ] Safepoint "Cleanup", Time since last: 1000112681 ns, Reaching safepoint: 10236 ns, Cleanup: 11629 ns, At safepoint: 5869 ns, Total: 27734 ns
[2025-10-18T14:32:17.907+0000][7][safepoint   ] Safepoint "Cleanup", Time since last: 1000107133 ns, Reaching safepoint: 14649 ns, Cleanup: 11819 ns, At safepoint: 9276 ns, Total: 35744 ns
[2025-10-18T14:32:18.907+0000][7][safepoint   ] Safepoint "Cleanup", Time since last: 1000140623 ns, Reaching safepoint: 11854 ns, Cleanup: 14795 ns, At safepoint: 7522 ns, Total: 34171 ns
[2025-10-18T14:32:19.907+0000][7][safepoint   ] Safepoint "Cleanup", Time since last: 1000135293 ns, Reaching safepoint: 9340 ns, Cleanup: 11961 ns, At safepoint: 4723 ns, Total: 26024 ns
[2025-10-18T14:32:20.907+0000][7][safepoint   ] Safepoint "Cleanup", Time since last: 1000095471 ns, Reaching safepoint: 10117 ns, Cleanup: 10641 ns, At safepoint: 4196 ns, Total: 24954 ns
[2025-10-18T14:32:21.907+0000][7][safepoint   ] Safepoint "Cleanup", Time since last: 1000095391 ns, Reaching safepoint: 11886 ns, Cleanup: 12853 ns, At safepoint: 6024 ns, Total: 30763 ns
[2025-10-18T14:32:23.907+0000][7][safepoint   ] Safepoint "Cleanup", Time since last: 2000170003 ns, Reaching safepoint: 14812 ns, Cleanup: 10228 ns, At safepoint: 7019 ns, Total: 32059 ns
[2025-10-18T14:32:24.908+0000][7][safepoint   ] Safepoint "Cleanup", Time since last: 1000195286 ns, Reaching safepoint: 27648 ns, Cleanup: 20333 ns, At safepoint: 10013 ns, Total: 57994 ns
[2025-10-18T14:32:25.908+0000][7][safepoint   ] Safepoint "Cleanup", Time since last: 1000419849 ns, Reaching safepoint: 13997 ns, Cleanup: 13144 ns, At safepoint: 7932 ns, Total: 35073 ns
[2025-10-18T14:32:26.908+0000][7][safepoint   ] Safepoint "Cleanup", Time since last: 1000107284 ns, Reaching safepoint: 15680 ns, Cleanup: 16353 ns, At safepoint: 9084 ns, Total: 41117 ns
[2025-10-18T14:32:27.908+0000][7][safepoint   ] Safepoint "Cleanup", Time since last: 1000109931 ns, Reaching safepoint: 12610 ns, Cleanup: 21289 ns, At safepoint: 6270 ns, Total: 40169 ns
[2025-10-18T14:32:28.910+0000][7][safepoint   ] Safepoint "Cleanup", Time since last: 1001178998 ns, Reaching safepoint: 16158 ns, Cleanup: 17555 ns, At safepoint: 6800 ns, Total: 40513 ns
[2025-10-18T14:32:29.910+0000][7][safepoint   ] Safepoint "Cleanup", Time since last: 1000124519 ns, Reaching safepoint: 21116 ns, Cleanup: 23121 ns, At safepoint: 8891 ns, Total: 53128 ns
[2025-10-18T14:32:30.910+0000][7][safepoint   ] Safepoint "Cleanup", Time since last: 1000137160 ns, Reaching safepoint: 17944 ns, Cleanup: 29585 ns, At safepoint: 9920 ns, Total: 57449 ns
[2025-10-18T14:32:31.910+0000][7][safepoint   ] Safepoint "Cleanup", Time since last: 1000126027 ns, Reaching safepoint: 16819 ns, Cleanup: 19327 ns, At safepoint: 7716 ns, Total: 43862 ns
[2025-10-18T14:32:34.911+0000][7][safepoint   ] Safepoint "Cleanup", Time since last: 3000285904 ns, Reaching safepoint: 68547 ns, Cleanup: 21277 ns, At safepoint: 19851 ns, Total: 109675 ns
[2025-10-18T14:32:35.911+0000][7][safepoint   ] Safepoint "Cleanup", Time since last: 1000123206 ns, Reaching safepoint: 12110 ns, Cleanup: 8121 ns, At safepoint: 5143 ns, Total: 25374 ns
[2025-10-18T14:32:36.911+0000][7][safepoint   ] Safepoint "Cleanup", Time since last: 1000110004 ns, Reaching safepoint: 18379 ns, Cleanup: 11931 ns, At safepoint: 10418 ns, Total: 40728 ns
[2025-10-18T14:32:38.911+0000][7][safepoint   ] Safepoint "Cleanup", Time since last: 2000246354 ns, Reaching safepoint: 18229 ns, Cleanup: 18604 ns, At safepoint: 9862 ns, Total: 46695 ns
[2025-10-18T14:32:39.911+0000][7][safepoint   ] Safepoint "Cleanup", Time since last: 1000126264 ns, Reaching safepoint: 12613 ns, Cleanup: 24473 ns, At safepoint: 8225 ns, Total: 45311 ns
[2025-10-18T14:32:40.912+0000][7][safepoint   ] Safepoint "Cleanup", Time since last: 1000114477 ns, Reaching safepoint: 9659 ns, Cleanup: 10308 ns, At safepoint: 6905 ns, Total: 26872 ns
[2025-10-18T14:32:41.912+0000][7][safepoint   ] Safepoint "Cleanup", Time since last: 1000102388 ns, Reaching safepoint: 13260 ns, Cleanup: 8083 ns, At safepoint: 5081 ns, Total: 26424 ns
[2025-10-18T14:32:42.912+0000][7][safepoint   ] Safepoint "Cleanup", Time since last: 1000056411 ns, Reaching safepoint: 12685 ns, Cleanup: 12777 ns, At safepoint: 7502 ns, Total: 32964 ns
[2025-10-18T14:32:43.912+0000][7][safepoint   ] Safepoint "Cleanup", Time since last: 1000120794 ns, Reaching safepoint: 13924 ns, Cleanup: 9369 ns, At safepoint: 7689 ns, Total: 30982 ns
[2025-10-18T14:32:44.912+0000][7][safepoint   ] Safepoint "Cleanup", Time since last: 1000121922 ns, Reaching safepoint: 12298 ns, Cleanup: 12580 ns, At safepoint: 5665 ns, Total: 30543 ns
[2025-10-18T14:32:46.913+0000][7][safepoint   ] Safepoint "Cleanup", Time since last: 2000598493 ns, Reaching safepoint: 14014 ns, Cleanup: 13322 ns, At safepoint: 5606 ns, Total: 32942 ns
[2025-10-18T14:32:47.913+0000][7][safepoint   ] Safepoint "Cleanup", Time since last: 1000190162 ns, Reaching safepoint: 20956 ns, Cleanup: 14847 ns, At safepoint: 13430 ns, Total: 49233 ns
[2025-10-18T14:32:48.913+0000][7][safepoint   ] Safepoint "Cleanup", Time since last: 1000184440 ns, Reaching safepoint: 17793 ns, Cleanup: 22959 ns, At safepoint: 13530 ns, Total: 54282 ns
[2025-10-18T14:32:49.913+0000][7][safepoint   ] Safepoint "Cleanup", Time since last: 1000119585 ns, Reaching safepoint: 12495 ns, Cleanup: 13456 ns, At safepoint: 5508 ns, Total: 31459 ns
[2025-10-18T14:32:50.913+0000][7][safepoint   ] Safepoint "Cleanup", Time since last: 1000104846 ns, Reaching safepoint: 11873 ns, Cleanup: 12465 ns, At safepoint: 5717 ns, Total: 30055 ns
[2025-10-18T14:32:51.914+0000][7][safepoint   ] Safepoint "Cleanup", Time since last: 1000076735 ns, Reaching safepoint: 8701 ns, Cleanup: 7483 ns, At safepoint: 3593 ns, Total: 19777 ns
[2025-10-18T14:32:52.914+0000][7][safepoint   ] Safepoint "Cleanup", Time since last: 1000108863 ns, Reaching safepoint: 16928 ns, Cleanup: 20539 ns, At safepoint: 7763 ns, Total: 45230 ns
[2025-10-18T14:32:53.914+0000][7][safepoint   ] Safepoint "Cleanup", Time since last: 1000133240 ns, Reaching safepoint: 8318 ns, Cleanup: 8921 ns, At safepoint: 4979 ns, Total: 22218 ns
[2025-10-18T14:32:54.914+0000][7][safepoint   ] Safepoint "Cleanup", Time since last: 1000282359 ns, Reaching safepoint: 42298 ns, Cleanup: 24305 ns, At safepoint: 12525 ns, Total: 79128 ns
[2025-10-18T14:32:55.915+0000][7][safepoint   ] Safepoint "Cleanup", Time since last: 1000402479 ns, Reaching safepoint: 49170 ns, Cleanup: 31377 ns, At safepoint: 25177 ns, Total: 105724 ns
[2025-10-18T14:32:56.915+0000][7][safepoint   ] Safepoint "Cleanup", Time since last: 1000221740 ns, Reaching safepoint: 10825 ns, Cleanup: 14418 ns, At safepoint: 5119 ns, Total: 30362 ns
[2025-10-18T14:32:57.930+0000][7][safepoint   ] Safepoint "Cleanup", Time since last: 1014485127 ns, Reaching safepoint: 49706 ns, Cleanup: 15823 ns, At safepoint: 48229 ns, Total: 113758 ns
[2025-10-18T14:32:58.930+0000][7][safepoint   ] Safepoint "Cleanup", Time since last: 1000111236 ns, Reaching safepoint: 16806 ns, Cleanup: 18322 ns, At safepoint: 12429 ns, Total: 47557 ns
[2025-10-18T14:32:59.930+0000][7][safepoint   ] Safepoint "Cleanup", Time since last: 1000108275 ns, Reaching safepoint: 13404 ns, Cleanup: 10231 ns, At safepoint: 5001 ns, Total: 28636 ns
[2025-10-18T14:33:00.819+0000][7][gc,start    ] GC(17) Pause Young (Normal) (G1 Evacuation Pause)
[2025-10-18T14:33:00.819+0000][7][gc,task     ] GC(17) Using 8 workers of 8 for evacuation
[2025-10-18T14:33:00.819+0000][7][gc,age      ] GC(17) Desired survivor size 121634816 bytes, new threshold 15 (max threshold 15)
[2025-10-18T14:33:00.849+0000][7][gc,phases   ] GC(17)   Pre Evacuate Collection Set: 1.14ms
[2025-10-18T14:33:00.849+0000][7][gc,phases   ] GC(17)   Merge Heap Roots: 0.52ms
[2025-10-18T14:33:00.849+0000][7][gc,phases   ] GC(17)   Evacuate Collection Set: 26.98ms
[2025-10-18T14:33:00.849+0000][7][gc,phases   ] GC(17)   Post Evacuate Collection Set: 1.61ms
[2025-10-18T14:33:00.849+0000][7][gc,phases   ] GC(17)   Other: 0.18ms
[2025-10-18T14:33:00.849+0000][7][gc,age      ] GC(17) Age table with threshold 15 (max threshold 15)
[2025-10-18T14:33:00.849+0000][7][gc,age      ] GC(17) - age   1:    1216520 bytes,    1216520 total
[2025-10-18T14:33:00.849+0000][7][gc,age      ] GC(17) - age   2:     389120 bytes,    1605640 total
[2025-10-18T14:33:00.849+0000][7][gc,age      ] GC(17) - age   3:      75048 bytes,    1680688 total
[2025-10-18T14:33:00.849+0000][7][gc,age      ] GC(17) - age   4:   11426232 bytes,   13106920 total
[2025-10-18T14:33:00.849+0000][7][gc,age      ] GC(17) - age   5:   17926656 bytes,   31033576 total
[2025-10-18T14:33:00.849+0000][7][gc,age      ] GC(17) - age   6:   10907248 bytes,   41940824 total
[2025-10-18T14:33:00.849+0000][7][gc,age      ] GC(17) - age   7:      38208 bytes,   41979032 total
[2025-10-18T14:33:00.849+0000][7][gc,age      ] GC(17) - age   8:      31912 bytes,   42010944 total
[2025-10-18T14:33:00.849+0000][7][gc,heap     ] GC(17) Eden regions: 448->0(448)
[2025-10-18T14:33:00.849+0000][7][gc,heap     ] GC(17) Survivor regions: 12->12(58)
[2025-10-18T14:33:00.849+0000][7][gc,heap     ] GC(17) Old regions: 12->12
[2025-10-18T14:33:00.849+0000][7][gc,heap     ] GC(17) Humongous regions: 2->2
[2025-10-18T14:33:00.849+0000][7][gc,metaspace] GC(17) Metaspace: 112953K(115840K)->112953K(115840K) NonClass: 97414K(98944K)->97414K(98944K) Class: 15538K(16896K)->15538K(16896K)
[2025-10-18T14:33:00.849+0000][7][gc          ] GC(17) Pause Young (Normal) (G1 Evacuation Pause) 1893M->100M(3072M) 30.718ms
[2025-10-18T14:33:00.850+0000][7][gc,cpu      ] GC(17) User=0.10s Sys=0.00s Real=0.03s
[2025-10-18T14:33:00.850+0000][7][safepoint   ] Safepoint "G1CollectForAllocation", Time since last: 888778570 ns, Reaching safepoint: 71760 ns, Cleanup: 21313 ns, At safepoint: 30784093 ns, Total: 30877166 ns
[2025-10-18T14:33:02.850+0000][7][safepoint   ] Safepoint "Cleanup", Time since last: 2000114350 ns, Reaching safepoint: 8439 ns, Cleanup: 11452 ns, At safepoint: 4737 ns, Total: 24628 ns
[2025-10-18T14:33:03.850+0000][7][safepoint   ] Safepoint "Cleanup", Time since last: 1000088313 ns, Reaching safepoint: 9300 ns, Cleanup: 10460 ns, At safepoint: 6247 ns, Total: 26007 ns
[2025-10-18T14:33:04.850+0000][7][safepoint   ] Safepoint "Cleanup", Time since last: 1000099284 ns, Reaching safepoint: 9401 ns, Cleanup: 12637 ns, At safepoint: 4842 ns, Total: 26880 ns
[2025-10-18T14:33:09.922+0000][7][safepoint   ] Safepoint "Cleanup", Time since last: 5072548229 ns, Reaching safepoint: 17716 ns, Cleanup: 15827 ns, At safepoint: 6448 ns, Total: 39991 ns
[2025-10-18T14:33:10.923+0000][7][safepoint   ] Safepoint "Cleanup", Time since last: 1000084585 ns, Reaching safepoint: 19271 ns, Cleanup: 30134 ns, At safepoint: 7773 ns, Total: 57178 ns
[2025-10-18T14:33:11.923+0000][7][safepoint   ] Safepoint "Cleanup", Time since last: 1000114905 ns, Reaching safepoint: 9769 ns, Cleanup: 19380 ns, At safepoint: 6032 ns, Total: 35181 ns
[2025-10-18T14:33:12.923+0000][7][safepoint   ] Safepoint "Cleanup", Time since last: 1000097754 ns, Reaching safepoint: 9785 ns, Cleanup: 9679 ns, At safepoint: 5102 ns, Total: 24566 ns
[2025-10-18T14:33:13.923+0000][7][safepoint   ] Safepoint "Cleanup", Time since last: 1000348436 ns, Reaching safepoint: 24226 ns, Cleanup: 18359 ns, At safepoint: 17013 ns, Total: 59598 ns
[2025-10-18T14:33:15.924+0000][7][safepoint   ] Safepoint "Cleanup", Time since last: 2000350124 ns, Reaching safepoint: 15030 ns, Cleanup: 11666 ns, At safepoint: 7357 ns, Total: 34053 ns
[2025-10-18T14:33:16.924+0000][7][safepoint   ] Safepoint "Cleanup", Time since last: 1000109663 ns, Reaching safepoint: 18478 ns, Cleanup: 19235 ns, At safepoint: 6010 ns, Total: 43723 ns
[2025-10-18T14:33:17.924+0000][7][safepoint   ] Safepoint "Cleanup", Time since last: 1000139398 ns, Reaching safepoint: 37116 ns, Cleanup: 56253 ns, At safepoint: 9889 ns, Total: 103258 ns
[2025-10-18T14:33:18.924+0000][7][safepoint   ] Safepoint "Cleanup", Time since last: 1000125680 ns, Reaching safepoint: 9203 ns, Cleanup: 14241 ns, At safepoint: 5511 ns, Total: 28955 ns
[2025-10-18T14:33:19.924+0000][7][safepoint   ] Safepoint "Cleanup", Time since last: 1000096208 ns, Reaching safepoint: 11561 ns, Cleanup: 12267 ns, At safepoint: 5398 ns, Total: 29226 ns
[2025-10-18T14:33:20.925+0000][7][safepoint   ] Safepoint "Cleanup", Time since last: 1000119431 ns, Reaching safepoint: 21611 ns, Cleanup: 61589 ns, At safepoint: 8924 ns, Total: 92124 ns
[2025-10-18T14:33:21.925+0000][7][safepoint   ] Safepoint "Cleanup", Time since last: 1000146724 ns, Reaching safepoint: 17500 ns, Cleanup: 54026 ns, At safepoint: 7974 ns, Total: 79500 ns
[2025-10-18T14:33:22.925+0000][7][safepoint   ] Safepoint "Cleanup", Time since last: 1000236781 ns, Reaching safepoint: 13846 ns, Cleanup: 79883 ns, At safepoint: 7901 ns, Total: 101630 ns
[2025-10-18T14:33:23.925+0000][7][safepoint   ] Safepoint "Cleanup", Time since last: 1000108752 ns, Reaching safepoint: 9492 ns, Cleanup: 13618 ns, At safepoint: 4426 ns, Total: 27536 ns
[2025-10-18T14:33:24.925+0000][7][safepoint   ] Safepoint "Cleanup", Time since last: 1000094016 ns, Reaching safepoint: 8648 ns, Cleanup: 14149 ns, At safepoint: 5603 ns, Total: 28400 ns
[2025-10-18T14:33:25.926+0000][7][safepoint   ] Safepoint "Cleanup", Time since last: 1000092918 ns, Reaching safepoint: 9811 ns, Cleanup: 11539 ns, At safepoint: 4978 ns, Total: 26328 ns
[2025-10-18T14:33:26.926+0000][7][safepoint   ] Safepoint "Cleanup", Time since last: 1000048773 ns, Reaching safepoint: 8444 ns, Cleanup: 9021 ns, At safepoint: 4519 ns, Total: 21984 ns
[2025-10-18T14:33:27.926+0000][7][safepoint   ] Safepoint "Cleanup", Time since last: 1000100011 ns, Reaching safepoint: 13927 ns, Cleanup: 36570 ns, At safepoint: 6736 ns, Total: 57233 ns
[2025-10-18T14:33:28.926+0000][7][safepoint   ] Safepoint "Cleanup", Time since last: 1000109198 ns, Reaching safepoint: 8915 ns, Cleanup: 10418 ns, At safepoint: 4957 ns, Total: 24290 ns
[2025-10-18T14:33:31.927+0000][7][safepoint   ] Safepoint "Cleanup", Time since last: 3000245850 ns, Reaching safepoint: 482234 ns, Cleanup: 11414 ns, At safepoint: 6431 ns, Total: 500079 ns
[2025-10-18T14:33:32.927+0000][7][safepoint   ] Safepoint "Cleanup", Time since last: 1000107111 ns, Reaching safepoint: 25235 ns, Cleanup: 25721 ns, At safepoint: 6765 ns, Total: 57721 ns
[2025-10-18T14:33:33.927+0000][7][safepoint   ] Safepoint "Cleanup", Time since last: 1000119701 ns, Reaching safepoint: 15866 ns, Cleanup: 16612 ns, At safepoint: 7130 ns, Total: 39608 ns
[2025-10-18T14:33:34.927+0000][7][safepoint   ] Safepoint "Cleanup", Time since last: 1000099967 ns, Reaching safepoint: 10309 ns, Cleanup: 15340 ns, At safepoint: 4986 ns, Total: 30635 ns
[2025-10-18T14:33:35.927+0000][7][safepoint   ] Safepoint "Cleanup", Time since last: 1000105083 ns, Reaching safepoint: 98621 ns, Cleanup: 32867 ns, At safepoint: 18825 ns, Total: 150313 ns
[2025-10-18T14:33:36.927+0000][7][safepoint   ] Safepoint "Cleanup", Time since last: 1000107484 ns, Reaching safepoint: 8304 ns, Cleanup: 18530 ns, At safepoint: 4758 ns, Total: 31592 ns
[2025-10-18T14:33:38.929+0000][7][safepoint   ] Safepoint "Cleanup", Time since last: 2001103615 ns, Reaching safepoint: 33179 ns, Cleanup: 17459 ns, At safepoint: 8351 ns, Total: 58989 ns
[2025-10-18T14:33:39.929+0000][7][safepoint   ] Safepoint "Cleanup", Time since last: 1000113053 ns, Reaching safepoint: 10268 ns, Cleanup: 8411 ns, At safepoint: 4488 ns, Total: 23167 ns
[2025-10-18T14:33:40.929+0000][7][safepoint   ] Safepoint "Cleanup", Time since last: 1000092013 ns, Reaching safepoint: 8777 ns, Cleanup: 9931 ns, At safepoint: 4939 ns, Total: 23647 ns
[2025-10-18T14:33:45.929+0000][7][safepoint   ] Safepoint "Cleanup", Time since last: 5000331503 ns, Reaching safepoint: 9750 ns, Cleanup: 42697 ns, At safepoint: 5696 ns, Total: 58143 ns
[2025-10-18T14:33:46.929+0000][7][safepoint   ] Safepoint "Cleanup", Time since last: 1000092699 ns, Reaching safepoint: 8221 ns, Cleanup: 11488 ns, At safepoint: 4129 ns, Total: 23838 ns
[2025-10-18T14:33:49.930+0000][7][safepoint   ] Safepoint "Cleanup", Time since last: 3000167487 ns, Reaching safepoint: 9016 ns, Cleanup: 7862 ns, At safepoint: 3790 ns, Total: 20668 ns
[2025-10-18T14:33:53.930+0000][7][safepoint   ] Safepoint "Cleanup", Time since last: 4000300653 ns, Reaching safepoint: 22248 ns, Cleanup: 8924 ns, At safepoint: 4849 ns, Total: 36021 ns
[2025-10-18T14:33:56.930+0000][7][safepoint   ] Safepoint "Cleanup", Time since last: 3000218044 ns, Reaching safepoint: 8099 ns, Cleanup: 8465 ns, At safepoint: 4220 ns, Total: 20784 ns
[2025-10-18T14:33:57.930+0000][7][safepoint   ] Safepoint "Cleanup", Time since last: 1000106251 ns, Reaching safepoint: 10923 ns, Cleanup: 16543 ns, At safepoint: 5106 ns, Total: 32572 ns
[2025-10-18T14:33:58.931+0000][7][safepoint   ] Safepoint "Cleanup", Time since last: 1000099493 ns, Reaching safepoint: 103435 ns, Cleanup: 15377 ns, At safepoint: 8835 ns, Total: 127647 ns
[2025-10-18T14:34:00.931+0000][7][safepoint   ] Safepoint "Cleanup", Time since last: 2000172296 ns, Reaching safepoint: 9187 ns, Cleanup: 8678 ns, At safepoint: 4774 ns, Total: 22639 ns
[2025-10-18T14:34:01.931+0000][7][safepoint   ] Safepoint "Cleanup", Time since last: 1000095020 ns, Reaching safepoint: 10319 ns, Cleanup: 12136 ns, At safepoint: 6277 ns, Total: 28732 ns
[2025-10-18T14:34:02.931+0000][7][safepoint   ] Safepoint "Cleanup", Time since last: 1000097136 ns, Reaching safepoint: 8858 ns, Cleanup: 8128 ns, At safepoint: 4371 ns, Total: 21357 ns
[2025-10-18T14:34:03.931+0000][7][safepoint   ] Safepoint "Cleanup", Time since last: 1000102158 ns, Reaching safepoint: 11436 ns, Cleanup: 21923 ns, At safepoint: 6103 ns, Total: 39462 ns
[2025-10-18T14:34:04.931+0000][7][safepoint   ] Safepoint "Cleanup", Time since last: 1000107287 ns, Reaching safepoint: 13533 ns, Cleanup: 18502 ns, At safepoint: 6810 ns, Total: 38845 ns
[2025-10-18T14:34:06.931+0000][7][safepoint   ] Safepoint "Cleanup", Time since last: 2000166590 ns, Reaching safepoint: 11732 ns, Cleanup: 9292 ns, At safepoint: 4924 ns, Total: 25948 ns
[2025-10-18T14:34:07.932+0000][7][safepoint   ] Safepoint "Cleanup", Time since last: 1000117577 ns, Reaching safepoint: 15964 ns, Cleanup: 29771 ns, At safepoint: 16170 ns, Total: 61905 ns
[2025-10-18T14:34:08.932+0000][7][safepoint   ] Safepoint "Cleanup", Time since last: 1000111020 ns, Reaching safepoint: 9513 ns, Cleanup: 8919 ns, At safepoint: 4546 ns, Total: 22978 ns
[2025-10-18T14:34:09.954+0000][7][safepoint   ] Safepoint "Cleanup", Time since last: 1021737321 ns, Reaching safepoint: 13141 ns, Cleanup: 13558 ns, At safepoint: 6703 ns, Total: 33402 ns
[2025-10-18T14:34:10.954+0000][7][safepoint   ] Safepoint "Cleanup", Time since last: 1000109464 ns, Reaching safepoint: 9011 ns, Cleanup: 11845 ns, At safepoint: 5172 ns, Total: 26028 ns
[2025-10-18T14:34:12.954+0000][7][safepoint   ] Safepoint "Cleanup", Time since last: 2000157890 ns, Reaching safepoint: 8501 ns, Cleanup: 8497 ns, At safepoint: 4371 ns, Total: 21369 ns
[2025-10-18T14:34:13.954+0000][7][safepoint   ] Safepoint "Cleanup", Time since last: 1000097493 ns, Reaching safepoint: 14097 ns, Cleanup: 14153 ns, At safepoint: 6315 ns, Total: 34565 ns
[2025-10-18T14:34:14.954+0000][7][safepoint   ] Safepoint "Cleanup", Time since last: 1000116559 ns, Reaching safepoint: 20491 ns, Cleanup: 16000 ns, At safepoint: 8117 ns, Total: 44608 ns
[2025-10-18T14:34:16.955+0000][7][safepoint   ] Safepoint "Cleanup", Time since last: 2000389459 ns, Reaching safepoint: 8743 ns, Cleanup: 7742 ns, At safepoint: 4963 ns, Total: 21448 ns
[2025-10-18T14:34:17.955+0000][7][safepoint   ] Safepoint "Cleanup", Time since last: 1000110096 ns, Reaching safepoint: 18961 ns, Cleanup: 15503 ns, At safepoint: 6967 ns, Total: 41431 ns
[2025-10-18T14:34:18.955+0000][7][safepoint   ] Safepoint "Cleanup", Time since last: 1000114765 ns, Reaching safepoint: 8155 ns, Cleanup: 22336 ns, At safepoint: 4037 ns, Total: 34528 ns
[2025-10-18T14:34:19.955+0000][7][safepoint   ] Safepoint "Cleanup", Time since last: 1000089604 ns, Reaching safepoint: 8950 ns, Cleanup: 7565 ns, At safepoint: 4343 ns, Total: 20858 ns
[2025-10-18T14:34:20.955+0000][7][safepoint   ] Safepoint "Cleanup", Time since last: 1000088341 ns, Reaching safepoint: 10240 ns, Cleanup: 7411 ns, At safepoint: 4231 ns, Total: 21882 ns
[2025-10-18T14:34:21.955+0000][7][safepoint   ] Safepoint "Cleanup", Time since last: 1000102334 ns, Reaching safepoint: 13321 ns, Cleanup: 25600 ns, At safepoint: 7538 ns, Total: 46459 ns
[2025-10-18T14:34:22.955+0000][7][safepoint   ] Safepoint "Cleanup", Time since last: 1000114397 ns, Reaching safepoint: 11815 ns, Cleanup: 13830 ns, At safepoint: 5789 ns, Total: 31434 ns
[2025-10-18T14:34:23.956+0000][7][safepoint   ] Safepoint "Cleanup", Time since last: 1000112008 ns, Reaching safepoint: 12599 ns, Cleanup: 19097 ns, At safepoint: 7227 ns, Total: 38923 ns
[2025-10-18T14:34:26.956+0000][7][safepoint   ] Safepoint "Cleanup", Time since last: 3000257942 ns, Reaching safepoint: 15001 ns, Cleanup: 13808 ns, At safepoint: 6263 ns, Total: 35072 ns
[2025-10-18T14:34:27.941+0000][7][gc,start    ] GC(18) Pause Young (Normal) (G1 Evacuation Pause)
[2025-10-18T14:34:27.942+0000][7][gc,task     ] GC(18) Using 8 workers of 8 for evacuation
[2025-10-18T14:34:27.942+0000][7][gc,age      ] GC(18) Desired survivor size 121634816 bytes, new threshold 15 (max threshold 15)
[2025-10-18T14:34:27.967+0000][7][gc,phases   ] GC(18)   Pre Evacuate Collection Set: 0.14ms
[2025-10-18T14:34:27.967+0000][7][gc,phases   ] GC(18)   Merge Heap Roots: 0.14ms
[2025-10-18T14:34:27.967+0000][7][gc,phases   ] GC(18)   Evacuate Collection Set: 22.22ms
[2025-10-18T14:34:27.967+0000][7][gc,phases   ] GC(18)   Post Evacuate Collection Set: 2.49ms
[2025-10-18T14:34:27.967+0000][7][gc,phases   ] GC(18)   Other: 0.09ms
[2025-10-18T14:34:27.967+0000][7][gc,age      ] GC(18) Age table with threshold 15 (max threshold 15)
[2025-10-18T14:34:27.967+0000][7][gc,age      ] GC(18) - age   1:    1780992 bytes,    1780992 total
[2025-10-18T14:34:27.967+0000][7][gc,age      ] GC(18) - age   2:      68200 bytes,    1849192 total
[2025-10-18T14:34:27.967+0000][7][gc,age      ] GC(18) - age   3:     338384 bytes,    2187576 total
[2025-10-18T14:34:27.967+0000][7][gc,age      ] GC(18) - age   4:      74416 bytes,    2261992 total
[2025-10-18T14:34:27.967+0000][7][gc,age      ] GC(18) - age   5:   11410184 bytes,   13672176 total
[2025-10-18T14:34:27.967+0000][7][gc,age      ] GC(18) - age   6:   17926144 bytes,   31598320 total
[2025-10-18T14:34:27.967+0000][7][gc,age      ] GC(18) - age   7:   10907248 bytes,   42505568 total
[2025-10-18T14:34:27.967+0000][7][gc,age      ] GC(18) - age   8:      38208 bytes,   42543776 total
[2025-10-18T14:34:27.967+0000][7][gc,age      ] GC(18) - age   9:      31912 bytes,   42575688 total
[2025-10-18T14:34:27.967+0000][7][gc,heap     ] GC(18) Eden regions: 448->0(448)
[2025-10-18T14:34:27.967+0000][7][gc,heap     ] GC(18) Survivor regions: 12->12(58)
[2025-10-18T14:34:27.967+0000][7][gc,heap     ] GC(18) Old regions: 12->12
[2025-10-18T14:34:27.967+0000][7][gc,heap     ] GC(18) Humongous regions: 2->2
[2025-10-18T14:34:27.967+0000][7][gc,metaspace] GC(18) Metaspace: 113183K(116032K)->113183K(116032K) NonClass: 97640K(99136K)->97640K(99136K) Class: 15543K(16896K)->15543K(16896K)
[2025-10-18T14:34:27.967+0000][7][gc          ] GC(18) Pause Young (Normal) (G1 Evacuation Pause) 1892M->101M(3072M) 25.271ms
[2025-10-18T14:34:27.967+0000][7][gc,cpu      ] GC(18) User=0.09s Sys=0.00s Real=0.03s
[2025-10-18T14:34:27.967+0000][7][safepoint   ] Safepoint "G1CollectForAllocation", Time since last: 985589262 ns, Reaching safepoint: 74231 ns, Cleanup: 8578 ns, At safepoint: 25329208 ns, Total: 25412017 ns
[2025-10-18T14:34:28.967+0000][7][safepoint   ] Safepoint "Cleanup", Time since last: 1000046850 ns, Reaching safepoint: 9248 ns, Cleanup: 11728 ns, At safepoint: 4740 ns, Total: 25716 ns
[2025-10-18T14:34:29.967+0000][7][safepoint   ] Safepoint "Cleanup", Time since last: 1000071618 ns, Reaching safepoint: 12058 ns, Cleanup: 8348 ns, At safepoint: 6475 ns, Total: 26881 ns
[2025-10-18T14:34:30.967+0000][7][safepoint   ] Safepoint "Cleanup", Time since last: 1000308539 ns, Reaching safepoint: 18374 ns, Cleanup: 29186 ns, At safepoint: 8466 ns, Total: 56026 ns
[2025-10-18T14:34:31.967+0000][7][safepoint   ] Safepoint "Cleanup", Time since last: 1000091399 ns, Reaching safepoint: 12740 ns, Cleanup: 19347 ns, At safepoint: 6015 ns, Total: 38102 ns
[2025-10-18T14:34:32.968+0000][7][safepoint   ] Safepoint "Cleanup", Time since last: 1000114445 ns, Reaching safepoint: 18714 ns, Cleanup: 19780 ns, At safepoint: 10251 ns, Total: 48745 ns
[2025-10-18T14:34:35.968+0000][7][safepoint   ] Safepoint "Cleanup", Time since last: 3000273150 ns, Reaching safepoint: 15001 ns, Cleanup: 12946 ns, At safepoint: 8655 ns, Total: 36602 ns
[2025-10-18T14:34:36.968+0000][7][safepoint   ] Safepoint "Cleanup", Time since last: 1000111470 ns, Reaching safepoint: 14529 ns, Cleanup: 11555 ns, At safepoint: 7856 ns, Total: 33940 ns
[2025-10-18T14:34:37.968+0000][7][safepoint   ] Safepoint "Cleanup", Time since last: 1000170256 ns, Reaching safepoint: 15548 ns, Cleanup: 11715 ns, At safepoint: 9882 ns, Total: 37145 ns
[2025-10-18T14:34:39.969+0000][7][safepoint   ] Safepoint "Cleanup", Time since last: 2000551427 ns, Reaching safepoint: 12870 ns, Cleanup: 10080 ns, At safepoint: 6743 ns, Total: 29693 ns
[2025-10-18T14:34:40.969+0000][7][safepoint   ] Safepoint "Cleanup", Time since last: 1000095744 ns, Reaching safepoint: 10603 ns, Cleanup: 7819 ns, At safepoint: 5378 ns, Total: 23800 ns
[2025-10-18T14:34:41.969+0000][7][safepoint   ] Safepoint "Cleanup", Time since last: 1000092660 ns, Reaching safepoint: 48794 ns, Cleanup: 8482 ns, At safepoint: 4610 ns, Total: 61886 ns
[2025-10-18T14:34:42.969+0000][7][safepoint   ] Safepoint "Cleanup", Time since last: 1000101538 ns, Reaching safepoint: 9936 ns, Cleanup: 11360 ns, At safepoint: 4211 ns, Total: 25507 ns
[2025-10-18T14:34:44.969+0000][7][safepoint   ] Safepoint "Cleanup", Time since last: 2000160113 ns, Reaching safepoint: 13158 ns, Cleanup: 9948 ns, At safepoint: 7404 ns, Total: 30510 ns
[2025-10-18T14:34:47.970+0000][7][safepoint   ] Safepoint "Cleanup", Time since last: 3000223196 ns, Reaching safepoint: 9799 ns, Cleanup: 9076 ns, At safepoint: 6561 ns, Total: 25436 ns
[2025-10-18T14:34:48.971+0000][7][safepoint   ] Safepoint "Cleanup", Time since last: 1001427040 ns, Reaching safepoint: 11340 ns, Cleanup: 8275 ns, At safepoint: 6615 ns, Total: 26230 ns
[2025-10-18T14:34:49.971+0000][7][safepoint   ] Safepoint "Cleanup", Time since last: 1000094433 ns, Reaching safepoint: 9738 ns, Cleanup: 13338 ns, At safepoint: 4370 ns, Total: 27446 ns
[2025-10-18T14:34:50.971+0000][7][safepoint   ] Safepoint "Cleanup", Time since last: 1000104899 ns, Reaching safepoint: 17438 ns, Cleanup: 26694 ns, At safepoint: 11469 ns, Total: 55601 ns
[2025-10-18T14:34:51.972+0000][7][safepoint   ] Safepoint "Cleanup", Time since last: 1000124912 ns, Reaching safepoint: 10165 ns, Cleanup: 12060 ns, At safepoint: 4909 ns, Total: 27134 ns
[2025-10-18T14:34:52.972+0000][7][safepoint   ] Safepoint "Cleanup", Time since last: 1000099386 ns, Reaching safepoint: 12683 ns, Cleanup: 14611 ns, At safepoint: 6524 ns, Total: 33818 ns
[2025-10-18T14:34:53.972+0000][7][safepoint   ] Safepoint "Cleanup", Time since last: 1000103641 ns, Reaching safepoint: 10108 ns, Cleanup: 11400 ns, At safepoint: 5467 ns, Total: 26975 ns
[2025-10-18T14:34:54.972+0000][7][safepoint   ] Safepoint "Cleanup", Time since last: 1000100089 ns, Reaching safepoint: 9473 ns, Cleanup: 10962 ns, At safepoint: 4852 ns, Total: 25287 ns
[2025-10-18T14:34:55.972+0000][7][safepoint   ] Safepoint "Cleanup", Time since last: 1000140587 ns, Reaching safepoint: 32443 ns, Cleanup: 30549 ns, At safepoint: 21966 ns, Total: 84958 ns
[2025-10-18T14:34:56.973+0000][7][safepoint   ] Safepoint "Cleanup", Time since last: 1000248672 ns, Reaching safepoint: 9400 ns, Cleanup: 8405 ns, At safepoint: 5333 ns, Total: 23138 ns
[2025-10-18T14:34:57.973+0000][7][safepoint   ] Safepoint "Cleanup", Time since last: 1000076025 ns, Reaching safepoint: 48915 ns, Cleanup: 12048 ns, At safepoint: 10030 ns, Total: 70993 ns
[2025-10-18T14:34:58.973+0000][7][safepoint   ] Safepoint "Cleanup", Time since last: 1000109415 ns, Reaching safepoint: 22870 ns, Cleanup: 21451 ns, At safepoint: 12301 ns, Total: 56622 ns
[2025-10-18T14:34:59.974+0000][7][safepoint   ] Safepoint "Cleanup", Time since last: 1000668190 ns, Reaching safepoint: 92581 ns, Cleanup: 25913 ns, At safepoint: 12128 ns, Total: 130622 ns
[2025-10-18T14:35:01.974+0000][7][safepoint   ] Safepoint "Cleanup", Time since last: 2000217349 ns, Reaching safepoint: 270996 ns, Cleanup: 10916 ns, At safepoint: 17862 ns, Total: 299774 ns
[2025-10-18T14:35:02.975+0000][7][safepoint   ] Safepoint "Cleanup", Time since last: 1001288241 ns, Reaching safepoint: 27566 ns, Cleanup: 24197 ns, At safepoint: 15918 ns, Total: 67681 ns
[2025-10-18T14:35:03.976+0000][7][safepoint   ] Safepoint "Cleanup", Time since last: 1000168082 ns, Reaching safepoint: 26124 ns, Cleanup: 22542 ns, At safepoint: 12172 ns, Total: 60838 ns
[2025-10-18T14:35:04.976+0000][7][safepoint   ] Safepoint "Cleanup", Time since last: 1000155220 ns, Reaching safepoint: 14874 ns, Cleanup: 11655 ns, At safepoint: 6649 ns, Total: 33178 ns
[2025-10-18T14:35:05.976+0000][7][safepoint   ] Safepoint "Cleanup", Time since last: 1000110428 ns, Reaching safepoint: 79507 ns, Cleanup: 7342 ns, At safepoint: 6983 ns, Total: 93832 ns
[2025-10-18T14:35:07.976+0000][7][safepoint   ] Safepoint "Cleanup", Time since last: 2000157350 ns, Reaching safepoint: 12294 ns, Cleanup: 9929 ns, At safepoint: 5803 ns, Total: 28026 ns
[2025-10-18T14:35:08.976+0000][7][safepoint   ] Safepoint "Cleanup", Time since last: 1000104660 ns, Reaching safepoint: 9018 ns, Cleanup: 9155 ns, At safepoint: 5353 ns, Total: 23526 ns
[2025-10-18T14:35:09.985+0000][7][safepoint   ] Safepoint "Cleanup", Time since last: 1008860780 ns, Reaching safepoint: 9810 ns, Cleanup: 10690 ns, At safepoint: 6100 ns, Total: 26600 ns
[2025-10-18T14:35:13.986+0000][7][safepoint   ] Safepoint "Cleanup", Time since last: 4000300290 ns, Reaching safepoint: 30525 ns, Cleanup: 27085 ns, At safepoint: 12730 ns, Total: 70340 ns
[2025-10-18T14:35:16.986+0000][7][safepoint   ] Safepoint "Cleanup", Time since last: 3000281048 ns, Reaching safepoint: 13478 ns, Cleanup: 20856 ns, At safepoint: 6282 ns, Total: 40616 ns
[2025-10-18T14:35:17.986+0000][7][safepoint   ] Safepoint "Cleanup", Time since last: 1000116393 ns, Reaching safepoint: 17941 ns, Cleanup: 14718 ns, At safepoint: 8103 ns, Total: 40762 ns
[2025-10-18T14:35:23.987+0000][7][safepoint   ] Safepoint "Cleanup", Time since last: 6000491569 ns, Reaching safepoint: 9749 ns, Cleanup: 7569 ns, At safepoint: 4561 ns, Total: 21879 ns
[2025-10-18T14:35:35.988+0000][7][safepoint   ] Safepoint "Cleanup", Time since last: 12001042569 ns, Reaching safepoint: 32496 ns, Cleanup: 15269 ns, At safepoint: 8185 ns, Total: 55950 ns
[2025-10-18T14:35:38.988+0000][7][safepoint   ] Safepoint "Cleanup", Time since last: 3000276056 ns, Reaching safepoint: 20677 ns, Cleanup: 16282 ns, At safepoint: 12520 ns, Total: 49479 ns
[2025-10-18T14:35:43.989+0000][7][safepoint   ] Safepoint "Cleanup", Time since last: 5000514595 ns, Reaching safepoint: 31771 ns, Cleanup: 31783 ns, At safepoint: 17419 ns, Total: 80973 ns
[2025-10-18T14:35:47.990+0000][7][safepoint   ] Safepoint "Cleanup", Time since last: 4001201688 ns, Reaching safepoint: 15358 ns, Cleanup: 11832 ns, At safepoint: 8428 ns, Total: 35618 ns
[2025-10-18T14:35:49.990+0000][7][safepoint   ] Safepoint "Cleanup", Time since last: 2000210558 ns, Reaching safepoint: 32476 ns, Cleanup: 24966 ns, At safepoint: 14112 ns, Total: 71554 ns
[2025-10-18T14:35:50.990+0000][7][safepoint   ] Safepoint "Cleanup", Time since last: 1000170464 ns, Reaching safepoint: 21838 ns, Cleanup: 18044 ns, At safepoint: 9665 ns, Total: 49547 ns
[2025-10-18T14:35:51.991+0000][7][safepoint   ] Safepoint "Cleanup", Time since last: 1000122487 ns, Reaching safepoint: 18093 ns, Cleanup: 12067 ns, At safepoint: 5495 ns, Total: 35655 ns
[2025-10-18T14:35:52.990+0000][7][gc,start    ] GC(19) Pause Young (Normal) (G1 Evacuation Pause)
[2025-10-18T14:35:52.990+0000][7][gc,task     ] GC(19) Using 8 workers of 8 for evacuation
[2025-10-18T14:35:52.990+0000][7][gc,age      ] GC(19) Desired survivor size 121634816 bytes, new threshold 15 (max threshold 15)
[2025-10-18T14:35:53.023+0000][7][gc,phases   ] GC(19)   Pre Evacuate Collection Set: 0.39ms
[2025-10-18T14:35:53.023+0000][7][gc,phases   ] GC(19)   Merge Heap Roots: 0.18ms
[2025-10-18T14:35:53.023+0000][7][gc,phases   ] GC(19)   Evacuate Collection Set: 27.77ms
[2025-10-18T14:35:53.023+0000][7][gc,phases   ] GC(19)   Post Evacuate Collection Set: 4.09ms
[2025-10-18T14:35:53.023+0000][7][gc,phases   ] GC(19)   Other: 0.10ms
[2025-10-18T14:35:53.023+0000][7][gc,age      ] GC(19) Age table with threshold 15 (max threshold 15)
[2025-10-18T14:35:53.023+0000][7][gc,age      ] GC(19) - age   1:    1918696 bytes,    1918696 total
[2025-10-18T14:35:53.023+0000][7][gc,age      ] GC(19) - age   2:     212800 bytes,    2131496 total
[2025-10-18T14:35:53.023+0000][7][gc,age      ] GC(19) - age   3:      67200 bytes,    2198696 total
[2025-10-18T14:35:53.023+0000][7][gc,age      ] GC(19) - age   4:     337784 bytes,    2536480 total
[2025-10-18T14:35:53.023+0000][7][gc,age      ] GC(19) - age   5:      74016 bytes,    2610496 total
[2025-10-18T14:35:53.023+0000][7][gc,age      ] GC(19) - age   6:   11407008 bytes,   14017504 total
[2025-10-18T14:35:53.023+0000][7][gc,age      ] GC(19) - age   7:   17926144 bytes,   31943648 total
[2025-10-18T14:35:53.023+0000][7][gc,age      ] GC(19) - age   8:   10907248 bytes,   42850896 total
[2025-10-18T14:35:53.023+0000][7][gc,age      ] GC(19) - age   9:      38208 bytes,   42889104 total
[2025-10-18T14:35:53.023+0000][7][gc,age      ] GC(19) - age  10:      31912 bytes,   42921016 total
[2025-10-18T14:35:53.023+0000][7][gc,heap     ] GC(19) Eden regions: 448->0(449)
[2025-10-18T14:35:53.023+0000][7][gc,heap     ] GC(19) Survivor regions: 12->11(58)
[2025-10-18T14:35:53.023+0000][7][gc,heap     ] GC(19) Old regions: 12->12
[2025-10-18T14:35:53.023+0000][7][gc,heap     ] GC(19) Humongous regions: 2->2
[2025-10-18T14:35:53.023+0000][7][gc,metaspace] GC(19) Metaspace: 113289K(116160K)->113289K(116160K) NonClass: 97744K(99264K)->97744K(99264K) Class: 15544K(16896K)->15544K(16896K)
[2025-10-18T14:35:53.023+0000][7][gc          ] GC(19) Pause Young (Normal) (G1 Evacuation Pause) 1893M->98M(3072M) 32.966ms
[2025-10-18T14:35:53.023+0000][7][gc,cpu      ] GC(19) User=0.10s Sys=0.00s Real=0.03s
[2025-10-18T14:35:53.024+0000][7][safepoint   ] Safepoint "G1CollectForAllocation", Time since last: 999124309 ns, Reaching safepoint: 11989 ns, Cleanup: 10686 ns, At safepoint: 33842900 ns, Total: 33865575 ns
[2025-10-18T14:35:58.024+0000][7][safepoint   ] Safepoint "Cleanup", Time since last: 5000377465 ns, Reaching safepoint: 17746 ns, Cleanup: 14981 ns, At safepoint: 8903 ns, Total: 41630 ns
[2025-10-18T14:35:59.024+0000][7][safepoint   ] Safepoint "Cleanup", Time since last: 1000124518 ns, Reaching safepoint: 9103 ns, Cleanup: 8873 ns, At safepoint: 4905 ns, Total: 22881 ns
[2025-10-18T14:36:01.024+0000][7][safepoint   ] Safepoint "Cleanup", Time since last: 2000209514 ns, Reaching safepoint: 12334 ns, Cleanup: 9779 ns, At safepoint: 5049 ns, Total: 27162 ns
[2025-10-18T14:36:09.012+0000][7][safepoint   ] Safepoint "Cleanup", Time since last: 7987346968 ns, Reaching safepoint: 6287 ns, Cleanup: 8472 ns, At safepoint: 2450 ns, Total: 17209 ns
[2025-10-18T14:36:11.012+0000][7][safepoint   ] Safepoint "Cleanup", Time since last: 2000150999 ns, Reaching safepoint: 9513 ns, Cleanup: 7625 ns, At safepoint: 4468 ns, Total: 21606 ns
[2025-10-18T14:36:14.013+0000][7][safepoint   ] Safepoint "Cleanup", Time since last: 3000658959 ns, Reaching safepoint: 14061 ns, Cleanup: 12040 ns, At safepoint: 7239 ns, Total: 33340 ns
[2025-10-18T14:36:17.014+0000][7][safepoint   ] Safepoint "Cleanup", Time since last: 3001165321 ns, Reaching safepoint: 41083 ns, Cleanup: 32320 ns, At safepoint: 16412 ns, Total: 89815 ns
[2025-10-18T14:36:18.014+0000][7][safepoint   ] Safepoint "Cleanup", Time since last: 1000186900 ns, Reaching safepoint: 9149 ns, Cleanup: 9244 ns, At safepoint: 4586 ns, Total: 22979 ns
[2025-10-18T14:36:19.014+0000][7][safepoint   ] Safepoint "Cleanup", Time since last: 1000092588 ns, Reaching safepoint: 15099 ns, Cleanup: 13206 ns, At safepoint: 6417 ns, Total: 34722 ns
[2025-10-18T14:36:20.014+0000][7][safepoint   ] Safepoint "Cleanup", Time since last: 1000123956 ns, Reaching safepoint: 30605 ns, Cleanup: 17340 ns, At safepoint: 14067 ns, Total: 62012 ns
[2025-10-18T14:36:21.015+0000][7][safepoint   ] Safepoint "Cleanup", Time since last: 1000140441 ns, Reaching safepoint: 8769 ns, Cleanup: 10172 ns, At safepoint: 4199 ns, Total: 23140 ns
[2025-10-18T14:36:23.015+0000][7][safepoint   ] Safepoint "Cleanup", Time since last: 2000195672 ns, Reaching safepoint: 40413 ns, Cleanup: 33890 ns, At safepoint: 21121 ns, Total: 95424 ns
[2025-10-18T14:36:26.015+0000][7][safepoint   ] Safepoint "Cleanup", Time since last: 3000319592 ns, Reaching safepoint: 13315 ns, Cleanup: 11372 ns, At safepoint: 5857 ns, Total: 30544 ns
[2025-10-18T14:36:27.015+0000][7][safepoint   ] Safepoint "Cleanup", Time since last: 1000114697 ns, Reaching safepoint: 13736 ns, Cleanup: 15033 ns, At safepoint: 5794 ns, Total: 34563 ns
[2025-10-18T14:36:29.016+0000][7][safepoint   ] Safepoint "Cleanup", Time since last: 2000168564 ns, Reaching safepoint: 10675 ns, Cleanup: 7688 ns, At safepoint: 6204 ns, Total: 24567 ns
[2025-10-18T14:36:33.016+0000][7][safepoint   ] Safepoint "Cleanup", Time since last: 4000838638 ns, Reaching safepoint: 14347 ns, Cleanup: 11056 ns, At safepoint: 6597 ns, Total: 32000 ns
[2025-10-18T14:36:34.018+0000][7][safepoint   ] Safepoint "Cleanup", Time since last: 1001482380 ns, Reaching safepoint: 12475 ns, Cleanup: 13326 ns, At safepoint: 8797 ns, Total: 34598 ns
[2025-10-18T14:36:36.018+0000][7][safepoint   ] Safepoint "Cleanup", Time since last: 2000201722 ns, Reaching safepoint: 17477 ns, Cleanup: 15614 ns, At safepoint: 7625 ns, Total: 40716 ns
[2025-10-18T14:36:45.020+0000][7][safepoint   ] Safepoint "Cleanup", Time since last: 9002107519 ns, Reaching safepoint: 21077 ns, Cleanup: 14012 ns, At safepoint: 12195 ns, Total: 47284 ns
[2025-10-18T14:36:46.021+0000][7][safepoint   ] Safepoint "Cleanup", Time since last: 1000225944 ns, Reaching safepoint: 16247 ns, Cleanup: 8556 ns, At safepoint: 5765 ns, Total: 30568 ns
[2025-10-18T14:36:47.021+0000][7][safepoint   ] Safepoint "Cleanup", Time since last: 1000115302 ns, Reaching safepoint: 18439 ns, Cleanup: 17343 ns, At safepoint: 10260 ns, Total: 46042 ns
[2025-10-18T14:36:48.021+0000][7][safepoint   ] Safepoint "Cleanup", Time since last: 1000118949 ns, Reaching safepoint: 9117 ns, Cleanup: 10910 ns, At safepoint: 5057 ns, Total: 25084 ns
[2025-10-18T14:36:57.022+0000][7][safepoint   ] Safepoint "Cleanup", Time since last: 9000599062 ns, Reaching safepoint: 21475 ns, Cleanup: 12100 ns, At safepoint: 5177 ns, Total: 38752 ns
[2025-10-18T14:36:58.022+0000][7][safepoint   ] Safepoint "Cleanup", Time since last: 1000053218 ns, Reaching safepoint: 8753 ns, Cleanup: 7678 ns, At safepoint: 4640 ns, Total: 21071 ns
[2025-10-18T14:36:59.022+0000][7][safepoint   ] Safepoint "Cleanup", Time since last: 1000045243 ns, Reaching safepoint: 14344 ns, Cleanup: 13305 ns, At safepoint: 6016 ns, Total: 33665 ns
[2025-10-18T14:37:04.022+0000][7][safepoint   ] Safepoint "Cleanup", Time since last: 5000334883 ns, Reaching safepoint: 8648 ns, Cleanup: 7136 ns, At safepoint: 3745 ns, Total: 19529 ns
[2025-10-18T14:37:05.022+0000][7][safepoint   ] Safepoint "Cleanup", Time since last: 1000090259 ns, Reaching safepoint: 9187 ns, Cleanup: 8661 ns, At safepoint: 3812 ns, Total: 21660 ns
[2025-10-18T14:37:06.022+0000][7][safepoint   ] Safepoint "Cleanup", Time since last: 1000095597 ns, Reaching safepoint: 11921 ns, Cleanup: 14394 ns, At safepoint: 5357 ns, Total: 31672 ns
[2025-10-18T14:37:07.022+0000][7][safepoint   ] Safepoint "Cleanup", Time since last: 1000191500 ns, Reaching safepoint: 13678 ns, Cleanup: 10465 ns, At safepoint: 5168 ns, Total: 29311 ns
[2025-10-18T14:37:16.042+0000][7][safepoint   ] Safepoint "Cleanup", Time since last: 9019446270 ns, Reaching safepoint: 22565 ns, Cleanup: 16371 ns, At safepoint: 9457 ns, Total: 48393 ns
[2025-10-18T14:37:19.042+0000][7][safepoint   ] Safepoint "Cleanup", Time since last: 3000246001 ns, Reaching safepoint: 21039 ns, Cleanup: 8947 ns, At safepoint: 6165 ns, Total: 36151 ns
[2025-10-18T14:37:20.433+0000][7][gc,start    ] GC(20) Pause Young (Normal) (G1 Evacuation Pause)
[2025-10-18T14:37:20.433+0000][7][gc,task     ] GC(20) Using 8 workers of 8 for evacuation
[2025-10-18T14:37:20.433+0000][7][gc,age      ] GC(20) Desired survivor size 121634816 bytes, new threshold 15 (max threshold 15)
[2025-10-18T14:37:20.451+0000][7][gc,phases   ] GC(20)   Pre Evacuate Collection Set: 0.27ms
[2025-10-18T14:37:20.451+0000][7][gc,phases   ] GC(20)   Merge Heap Roots: 0.12ms
[2025-10-18T14:37:20.451+0000][7][gc,phases   ] GC(20)   Evacuate Collection Set: 15.30ms
[2025-10-18T14:37:20.451+0000][7][gc,phases   ] GC(20)   Post Evacuate Collection Set: 1.73ms
[2025-10-18T14:37:20.451+0000][7][gc,phases   ] GC(20)   Other: 0.09ms
[2025-10-18T14:37:20.451+0000][7][gc,age      ] GC(20) Age table with threshold 15 (max threshold 15)
[2025-10-18T14:37:20.451+0000][7][gc,age      ] GC(20) - age   1:    1486784 bytes,    1486784 total
[2025-10-18T14:37:20.451+0000][7][gc,age      ] GC(20) - age   2:      37944 bytes,    1524728 total
[2025-10-18T14:37:20.451+0000][7][gc,age      ] GC(20) - age   3:     210696 bytes,    1735424 total
[2025-10-18T14:37:20.451+0000][7][gc,age      ] GC(20) - age   4:      67064 bytes,    1802488 total
[2025-10-18T14:37:20.451+0000][7][gc,age      ] GC(20) - age   5:     337784 bytes,    2140272 total
[2025-10-18T14:37:20.451+0000][7][gc,age      ] GC(20) - age   6:      66056 bytes,    2206328 total
[2025-10-18T14:37:20.451+0000][7][gc,age      ] GC(20) - age   7:   11399400 bytes,   13605728 total
[2025-10-18T14:37:20.451+0000][7][gc,age      ] GC(20) - age   8:   17926144 bytes,   31531872 total
[2025-10-18T14:37:20.451+0000][7][gc,age      ] GC(20) - age   9:   10907248 bytes,   42439120 total
[2025-10-18T14:37:20.451+0000][7][gc,age      ] GC(20) - age  10:      38208 bytes,   42477328 total
[2025-10-18T14:37:20.451+0000][7][gc,age      ] GC(20) - age  11:      31912 bytes,   42509240 total
[2025-10-18T14:37:20.451+0000][7][gc,heap     ] GC(20) Eden regions: 449->0(449)
[2025-10-18T14:37:20.451+0000][7][gc,heap     ] GC(20) Survivor regions: 11->11(58)
[2025-10-18T14:37:20.451+0000][7][gc,heap     ] GC(20) Old regions: 12->12
[2025-10-18T14:37:20.451+0000][7][gc,heap     ] GC(20) Humongous regions: 2->2
[2025-10-18T14:37:20.451+0000][7][gc,metaspace] GC(20) Metaspace: 113393K(116288K)->113393K(116288K) NonClass: 97845K(99392K)->97845K(99392K) Class: 15547K(16896K)->15547K(16896K)
[2025-10-18T14:37:20.451+0000][7][gc          ] GC(20) Pause Young (Normal) (G1 Evacuation Pause) 1894M->98M(3072M) 17.685ms
[2025-10-18T14:37:20.451+0000][7][gc,cpu      ] GC(20) User=0.10s Sys=0.01s Real=0.02s
[2025-10-18T14:37:20.451+0000][7][safepoint   ] Safepoint "G1CollectForAllocation", Time since last: 1390892871 ns, Reaching safepoint: 8398 ns, Cleanup: 2730 ns, At safepoint: 17749820 ns, Total: 17760948 ns
[2025-10-18T14:37:23.451+0000][7][safepoint   ] Safepoint "Cleanup", Time since last: 3000205464 ns, Reaching safepoint: 76678 ns, Cleanup: 9197 ns, At safepoint: 6188 ns, Total: 92063 ns
[2025-10-18T14:37:26.451+0000][7][safepoint   ] Safepoint "Cleanup", Time since last: 3000227679 ns, Reaching safepoint: 8091 ns, Cleanup: 8194 ns, At safepoint: 5156 ns, Total: 21441 ns
[2025-10-18T14:37:27.452+0000][7][safepoint   ] Safepoint "Cleanup", Time since last: 1000123616 ns, Reaching safepoint: 18093 ns, Cleanup: 16449 ns, At safepoint: 7251 ns, Total: 41793 ns
[2025-10-18T14:37:29.452+0000][7][safepoint   ] Safepoint "Cleanup", Time since last: 2000140044 ns, Reaching safepoint: 18076 ns, Cleanup: 9989 ns, At safepoint: 17624 ns, Total: 45689 ns
[2025-10-18T14:37:36.452+0000][7][safepoint   ] Safepoint "Cleanup", Time since last: 7000500870 ns, Reaching safepoint: 13722 ns, Cleanup: 12340 ns, At safepoint: 6040 ns, Total: 32102 ns
[2025-10-18T14:37:39.453+0000][7][safepoint   ] Safepoint "Cleanup", Time since last: 3000223162 ns, Reaching safepoint: 10512 ns, Cleanup: 9243 ns, At safepoint: 4424 ns, Total: 24179 ns
[2025-10-18T14:37:40.453+0000][7][safepoint   ] Safepoint "Cleanup", Time since last: 1000139194 ns, Reaching safepoint: 43174 ns, Cleanup: 34885 ns, At safepoint: 16275 ns, Total: 94334 ns
[2025-10-18T14:37:41.453+0000][7][safepoint   ] Safepoint "Cleanup", Time since last: 1000185352 ns, Reaching safepoint: 17225 ns, Cleanup: 17067 ns, At safepoint: 6783 ns, Total: 41075 ns
[2025-10-18T14:37:48.454+0000][7][safepoint   ] Safepoint "Cleanup", Time since last: 7000449332 ns, Reaching safepoint: 11284 ns, Cleanup: 9690 ns, At safepoint: 6219 ns, Total: 27193 ns
[2025-10-18T14:37:51.454+0000][7][safepoint   ] Safepoint "Cleanup", Time since last: 3000232286 ns, Reaching safepoint: 23720 ns, Cleanup: 8521 ns, At safepoint: 6416 ns, Total: 38657 ns
[2025-10-18T14:37:54.454+0000][7][safepoint   ] Safepoint "Cleanup", Time since last: 3000205876 ns, Reaching safepoint: 9433 ns, Cleanup: 9001 ns, At safepoint: 4788 ns, Total: 23222 ns
[2025-10-18T14:37:57.454+0000][7][safepoint   ] Safepoint "Cleanup", Time since last: 3000230007 ns, Reaching safepoint: 22711 ns, Cleanup: 37396 ns, At safepoint: 14615 ns, Total: 74722 ns
[2025-10-18T14:38:00.456+0000][7][safepoint   ] Safepoint "Cleanup", Time since last: 3001654757 ns, Reaching safepoint: 21968 ns, Cleanup: 14571 ns, At safepoint: 6525 ns, Total: 43064 ns
[2025-10-18T14:38:02.456+0000][7][safepoint   ] Safepoint "Cleanup", Time since last: 2000185003 ns, Reaching safepoint: 16588 ns, Cleanup: 11484 ns, At safepoint: 8292 ns, Total: 36364 ns
[2025-10-18T14:38:03.456+0000][7][safepoint   ] Safepoint "Cleanup", Time since last: 1000120561 ns, Reaching safepoint: 13163 ns, Cleanup: 9505 ns, At safepoint: 6268 ns, Total: 28936 ns
[2025-10-18T14:38:05.457+0000][7][safepoint   ] Safepoint "Cleanup", Time since last: 2000168567 ns, Reaching safepoint: 22848 ns, Cleanup: 8530 ns, At safepoint: 5711 ns, Total: 37089 ns
[2025-10-18T14:38:06.457+0000][7][safepoint   ] Safepoint "Cleanup", Time since last: 1000093704 ns, Reaching safepoint: 13630 ns, Cleanup: 9726 ns, At safepoint: 5865 ns, Total: 29221 ns
[2025-10-18T14:38:08.457+0000][7][safepoint   ] Safepoint "Cleanup", Time since last: 2000184686 ns, Reaching safepoint: 15918 ns, Cleanup: 11159 ns, At safepoint: 6925 ns, Total: 34002 ns
[2025-10-18T14:38:10.060+0000][7][safepoint   ] Safepoint "Cleanup", Time since last: 1603391406 ns, Reaching safepoint: 11314 ns, Cleanup: 14505 ns, At safepoint: 5731 ns, Total: 31550 ns
[2025-10-18T14:38:18.061+0000][7][safepoint   ] Safepoint "Cleanup", Time since last: 8000504929 ns, Reaching safepoint: 8920 ns, Cleanup: 11351 ns, At safepoint: 4779 ns, Total: 25050 ns
[2025-10-18T14:38:23.061+0000][7][safepoint   ] Safepoint "Cleanup", Time since last: 5000334545 ns, Reaching safepoint: 9873 ns, Cleanup: 9362 ns, At safepoint: 4754 ns, Total: 23989 ns
[2025-10-18T14:38:26.062+0000][7][safepoint   ] Safepoint "Cleanup", Time since last: 3000233512 ns, Reaching safepoint: 17585 ns, Cleanup: 17615 ns, At safepoint: 7533 ns, Total: 42733 ns
[2025-10-18T14:38:28.062+0000][7][safepoint   ] Safepoint "Cleanup", Time since last: 2000302777 ns, Reaching safepoint: 9533 ns, Cleanup: 11298 ns, At safepoint: 4757 ns, Total: 25588 ns
[2025-10-18T14:38:29.062+0000][7][safepoint   ] Safepoint "Cleanup", Time since last: 1000108342 ns, Reaching safepoint: 22030 ns, Cleanup: 20735 ns, At safepoint: 7923 ns, Total: 50688 ns
[2025-10-18T14:38:36.062+0000][7][safepoint   ] Safepoint "Cleanup", Time since last: 7000395092 ns, Reaching safepoint: 14153 ns, Cleanup: 11380 ns, At safepoint: 7571 ns, Total: 33104 ns
[2025-10-18T14:38:40.845+0000][7][gc,start    ] GC(21) Pause Young (Normal) (G1 Evacuation Pause)
[2025-10-18T14:38:40.846+0000][7][gc,task     ] GC(21) Using 8 workers of 8 for evacuation
[2025-10-18T14:38:40.846+0000][7][gc,age      ] GC(21) Desired survivor size 121634816 bytes, new threshold 15 (max threshold 15)
[2025-10-18T14:38:40.872+0000][7][gc,phases   ] GC(21)   Pre Evacuate Collection Set: 0.35ms
[2025-10-18T14:38:40.872+0000][7][gc,phases   ] GC(21)   Merge Heap Roots: 0.20ms
[2025-10-18T14:38:40.872+0000][7][gc,phases   ] GC(21)   Evacuate Collection Set: 21.30ms
[2025-10-18T14:38:40.872+0000][7][gc,phases   ] GC(21)   Post Evacuate Collection Set: 3.18ms
[2025-10-18T14:38:40.872+0000][7][gc,phases   ] GC(21)   Other: 0.15ms
[2025-10-18T14:38:40.872+0000][7][gc,age      ] GC(21) Age table with threshold 15 (max threshold 15)
[2025-10-18T14:38:40.872+0000][7][gc,age      ] GC(21) - age   1:    1451800 bytes,    1451800 total
[2025-10-18T14:38:40.872+0000][7][gc,age      ] GC(21) - age   2:      34232 bytes,    1486032 total
[2025-10-18T14:38:40.872+0000][7][gc,age      ] GC(21) - age   3:      35072 bytes,    1521104 total
[2025-10-18T14:38:40.872+0000][7][gc,age      ] GC(21) - age   4:     209552 bytes,    1730656 total
[2025-10-18T14:38:40.872+0000][7][gc,age      ] GC(21) - age   5:      67032 bytes,    1797688 total
[2025-10-18T14:38:40.872+0000][7][gc,age      ] GC(21) - age   6:     337744 bytes,    2135432 total
[2025-10-18T14:38:40.872+0000][7][gc,age      ] GC(21) - age   7:      58448 bytes,    2193880 total
[2025-10-18T14:38:40.872+0000][7][gc,age      ] GC(21) - age   8:   11374288 bytes,   13568168 total
[2025-10-18T14:38:40.872+0000][7][gc,age      ] GC(21) - age   9:   17925608 bytes,   31493776 total
[2025-10-18T14:38:40.872+0000][7][gc,age      ] GC(21) - age  10:   10907248 bytes,   42401024 total
[2025-10-18T14:38:40.872+0000][7][gc,age      ] GC(21) - age  11:      38208 bytes,   42439232 total
[2025-10-18T14:38:40.872+0000][7][gc,age      ] GC(21) - age  12:      31912 bytes,   42471144 total
[2025-10-18T14:38:40.872+0000][7][gc,heap     ] GC(21) Eden regions: 449->0(448)
[2025-10-18T14:38:40.872+0000][7][gc,heap     ] GC(21) Survivor regions: 11->12(58)
[2025-10-18T14:38:40.872+0000][7][gc,heap     ] GC(21) Old regions: 12->12
[2025-10-18T14:38:40.872+0000][7][gc,heap     ] GC(21) Humongous regions: 2->2
[2025-10-18T14:38:40.872+0000][7][gc,metaspace] GC(21) Metaspace: 113442K(116288K)->113442K(116288K) NonClass: 97889K(99392K)->97889K(99392K) Class: 15552K(16896K)->15552K(16896K)
[2025-10-18T14:38:40.872+0000][7][gc          ] GC(21) Pause Young (Normal) (G1 Evacuation Pause) 1894M->100M(3072M) 26.760ms
[2025-10-18T14:38:40.872+0000][7][gc,cpu      ] GC(21) User=0.10s Sys=0.00s Real=0.03s
[2025-10-18T14:38:40.872+0000][7][safepoint   ] Safepoint "G1CollectForAllocation", Time since last: 4782404004 ns, Reaching safepoint: 21428 ns, Cleanup: 9237 ns, At safepoint: 26821816 ns, Total: 26852481 ns
[2025-10-18T14:38:45.872+0000][7][safepoint   ] Safepoint "Cleanup", Time since last: 5000487815 ns, Reaching safepoint: 11688 ns, Cleanup: 13524 ns, At safepoint: 6980 ns, Total: 32192 ns
[2025-10-18T14:38:47.874+0000][7][safepoint   ] Safepoint "Cleanup", Time since last: 2001423717 ns, Reaching safepoint: 10175 ns, Cleanup: 8142 ns, At safepoint: 4949 ns, Total: 23266 ns
[2025-10-18T14:38:54.874+0000][7][safepoint   ] Safepoint "Cleanup", Time since last: 7000456500 ns, Reaching safepoint: 22679 ns, Cleanup: 8440 ns, At safepoint: 5870 ns, Total: 36989 ns
[2025-10-18T14:39:02.876+0000][7][safepoint   ] Safepoint "Cleanup", Time since last: 8001718526 ns, Reaching safepoint: 11581 ns, Cleanup: 10137 ns, At safepoint: 7306 ns, Total: 29024 ns
[2025-10-18T14:39:13.077+0000][7][safepoint   ] Safepoint "Cleanup", Time since last: 10201057237 ns, Reaching safepoint: 12510 ns, Cleanup: 9608 ns, At safepoint: 5856 ns, Total: 27974 ns
[2025-10-18T14:39:18.078+0000][7][safepoint   ] Safepoint "Cleanup", Time since last: 5000572088 ns, Reaching safepoint: 14382 ns, Cleanup: 9895 ns, At safepoint: 6387 ns, Total: 30664 ns
[2025-10-18T14:39:28.080+0000][7][safepoint   ] Safepoint "Cleanup", Time since last: 10001962500 ns, Reaching safepoint: 9795 ns, Cleanup: 9925 ns, At safepoint: 5868 ns, Total: 25588 ns
[2025-10-18T14:39:37.080+0000][7][safepoint   ] Safepoint "Cleanup", Time since last: 9000606553 ns, Reaching safepoint: 9267 ns, Cleanup: 8490 ns, At safepoint: 4995 ns, Total: 22752 ns
[2025-10-18T14:39:40.081+0000][7][safepoint   ] Safepoint "Cleanup", Time since last: 3000413133 ns, Reaching safepoint: 7939 ns, Cleanup: 7068 ns, At safepoint: 4476 ns, Total: 19483 ns
[2025-10-18T14:39:41.081+0000][7][safepoint   ] Safepoint "Cleanup", Time since last: 1000090412 ns, Reaching safepoint: 9154 ns, Cleanup: 8095 ns, At safepoint: 4234 ns, Total: 21483 ns
[2025-10-18T14:39:42.081+0000][7][safepoint   ] Safepoint "Cleanup", Time since last: 1000101879 ns, Reaching safepoint: 9582 ns, Cleanup: 9533 ns, At safepoint: 5255 ns, Total: 24370 ns
[2025-10-18T14:39:50.084+0000][7][safepoint   ] Safepoint "Cleanup", Time since last: 8002681406 ns, Reaching safepoint: 9412 ns, Cleanup: 9390 ns, At safepoint: 6008 ns, Total: 24810 ns
[2025-10-18T14:39:51.084+0000][7][safepoint   ] Safepoint "Cleanup", Time since last: 1000102825 ns, Reaching safepoint: 21940 ns, Cleanup: 9477 ns, At safepoint: 5753 ns, Total: 37170 ns
[2025-10-18T14:39:57.084+0000][7][safepoint   ] Safepoint "Cleanup", Time since last: 6000410068 ns, Reaching safepoint: 12764 ns, Cleanup: 9160 ns, At safepoint: 5106 ns, Total: 27030 ns
[2025-10-18T14:40:04.085+0000][7][safepoint   ] Safepoint "Cleanup", Time since last: 7000775663 ns, Reaching safepoint: 8560 ns, Cleanup: 7829 ns, At safepoint: 5247 ns, Total: 21636 ns
[2025-10-18T14:40:06.556+0000][7][gc,start    ] GC(22) Pause Young (Normal) (G1 Evacuation Pause)
[2025-10-18T14:40:06.556+0000][7][gc,task     ] GC(22) Using 8 workers of 8 for evacuation
[2025-10-18T14:40:06.556+0000][7][gc,age      ] GC(22) Desired survivor size 121634816 bytes, new threshold 15 (max threshold 15)
[2025-10-18T14:40:06.585+0000][7][gc,phases   ] GC(22)   Pre Evacuate Collection Set: 0.14ms
[2025-10-18T14:40:06.585+0000][7][gc,phases   ] GC(22)   Merge Heap Roots: 0.11ms
[2025-10-18T14:40:06.585+0000][7][gc,phases   ] GC(22)   Evacuate Collection Set: 24.43ms
[2025-10-18T14:40:06.585+0000][7][gc,phases   ] GC(22)   Post Evacuate Collection Set: 3.78ms
[2025-10-18T14:40:06.585+0000][7][gc,phases   ] GC(22)   Other: 0.10ms
[2025-10-18T14:40:06.585+0000][7][gc,age      ] GC(22) Age table with threshold 15 (max threshold 15)
[2025-10-18T14:40:06.585+0000][7][gc,age      ] GC(22) - age   1:    1895952 bytes,    1895952 total
[2025-10-18T14:40:06.585+0000][7][gc,age      ] GC(22) - age   2:     110168 bytes,    2006120 total
[2025-10-18T14:40:06.585+0000][7][gc,age      ] GC(22) - age   3:      31472 bytes,    2037592 total
[2025-10-18T14:40:06.585+0000][7][gc,age      ] GC(22) - age   4:      34248 bytes,    2071840 total
[2025-10-18T14:40:06.585+0000][7][gc,age      ] GC(22) - age   5:     209360 bytes,    2281200 total
[2025-10-18T14:40:06.585+0000][7][gc,age      ] GC(22) - age   6:      67032 bytes,    2348232 total
[2025-10-18T14:40:06.585+0000][7][gc,age      ] GC(22) - age   7:     337744 bytes,    2685976 total
[2025-10-18T14:40:06.585+0000][7][gc,age      ] GC(22) - age   8:      58416 bytes,    2744392 total
[2025-10-18T14:40:06.585+0000][7][gc,age      ] GC(22) - age   9:   11374288 bytes,   14118680 total
[2025-10-18T14:40:06.585+0000][7][gc,age      ] GC(22) - age  10:   17925608 bytes,   32044288 total
[2025-10-18T14:40:06.585+0000][7][gc,age      ] GC(22) - age  11:   10907248 bytes,   42951536 total
[2025-10-18T14:40:06.585+0000][7][gc,age      ] GC(22) - age  12:      38208 bytes,   42989744 total
[2025-10-18T14:40:06.585+0000][7][gc,age      ] GC(22) - age  13:      31912 bytes,   43021656 total
[2025-10-18T14:40:06.585+0000][7][gc,heap     ] GC(22) Eden regions: 448->0(448)
[2025-10-18T14:40:06.585+0000][7][gc,heap     ] GC(22) Survivor regions: 12->12(58)
[2025-10-18T14:40:06.585+0000][7][gc,heap     ] GC(22) Old regions: 12->12
[2025-10-18T14:40:06.585+0000][7][gc,heap     ] GC(22) Humongous regions: 2->2
[2025-10-18T14:40:06.585+0000][7][gc,metaspace] GC(22) Metaspace: 113455K(116288K)->113455K(116288K) NonClass: 97902K(99392K)->97902K(99392K) Class: 15553K(16896K)->15553K(16896K)
[2025-10-18T14:40:06.585+0000][7][gc          ] GC(22) Pause Young (Normal) (G1 Evacuation Pause) 1892M->101M(3072M) 28.725ms
[2025-10-18T14:40:06.585+0000][7][gc,cpu      ] GC(22) User=0.10s Sys=0.00s Real=0.02s
[2025-10-18T14:40:06.585+0000][7][safepoint   ] Safepoint "G1CollectForAllocation", Time since last: 2471424058 ns, Reaching safepoint: 17202 ns, Cleanup: 3218 ns, At safepoint: 28773416 ns, Total: 28793836 ns
[2025-10-18T14:40:07.585+0000][7][safepoint   ] Safepoint "Cleanup", Time since last: 1000072860 ns, Reaching safepoint: 12028 ns, Cleanup: 11007 ns, At safepoint: 5991 ns, Total: 29026 ns
[2025-10-18T14:40:17.098+0000][7][safepoint   ] Safepoint "Cleanup", Time since last: 9512366206 ns, Reaching safepoint: 9966 ns, Cleanup: 9359 ns, At safepoint: 5370 ns, Total: 24695 ns
[2025-10-18T14:40:22.098+0000][7][safepoint   ] Safepoint "Cleanup", Time since last: 5000355985 ns, Reaching safepoint: 30427 ns, Cleanup: 11509 ns, At safepoint: 7958 ns, Total: 49894 ns
[2025-10-18T14:40:25.098+0000][7][safepoint   ] Safepoint "Cleanup", Time since last: 3000197829 ns, Reaching safepoint: 9352 ns, Cleanup: 9955 ns, At safepoint: 4926 ns, Total: 24233 ns
[2025-10-18T14:40:26.098+0000][7][safepoint   ] Safepoint "Cleanup", Time since last: 1000110689 ns, Reaching safepoint: 14200 ns, Cleanup: 16880 ns, At safepoint: 10082 ns, Total: 41162 ns
[2025-10-18T14:40:30.099+0000][7][safepoint   ] Safepoint "Cleanup", Time since last: 4000469516 ns, Reaching safepoint: 14013 ns, Cleanup: 10219 ns, At safepoint: 9487 ns, Total: 33719 ns
[2025-10-18T14:40:40.101+0000][7][safepoint   ] Safepoint "Cleanup", Time since last: 10001690029 ns, Reaching safepoint: 13772 ns, Cleanup: 16124 ns, At safepoint: 6540 ns, Total: 36436 ns
[2025-10-18T14:40:46.101+0000][7][safepoint   ] Safepoint "Cleanup", Time since last: 6000643320 ns, Reaching safepoint: 80896 ns, Cleanup: 12172 ns, At safepoint: 12431 ns, Total: 105499 ns
[2025-10-18T14:40:47.102+0000][7][safepoint   ] Safepoint "Cleanup", Time since last: 1000218027 ns, Reaching safepoint: 22484 ns, Cleanup: 20131 ns, At safepoint: 10569 ns, Total: 53184 ns
[2025-10-18T14:40:48.102+0000][7][safepoint   ] Safepoint "Cleanup", Time since last: 1000131346 ns, Reaching safepoint: 42560 ns, Cleanup: 33327 ns, At safepoint: 7417 ns, Total: 83304 ns
[2025-10-18T14:40:49.102+0000][7][safepoint   ] Safepoint "Cleanup", Time since last: 1000110189 ns, Reaching safepoint: 19355 ns, Cleanup: 30714 ns, At safepoint: 6994 ns, Total: 57063 ns
[2025-10-18T14:40:53.103+0000][7][safepoint   ] Safepoint "Cleanup", Time since last: 4000333148 ns, Reaching safepoint: 43788 ns, Cleanup: 27238 ns, At safepoint: 17099 ns, Total: 88125 ns
[2025-10-18T14:40:58.103+0000][7][safepoint   ] Safepoint "Cleanup", Time since last: 5000402851 ns, Reaching safepoint: 18474 ns, Cleanup: 19682 ns, At safepoint: 9382 ns, Total: 47538 ns
[2025-10-18T14:41:14.115+0000][7][safepoint   ] Safepoint "Cleanup", Time since last: 16011994012 ns, Reaching safepoint: 15309 ns, Cleanup: 21553 ns, At safepoint: 8764 ns, Total: 45626 ns
[2025-10-18T14:41:28.116+0000][7][safepoint   ] Safepoint "Cleanup", Time since last: 14000946636 ns, Reaching safepoint: 29412 ns, Cleanup: 11058 ns, At safepoint: 11047 ns, Total: 51517 ns
[2025-10-18T14:41:56.119+0000][7][safepoint   ] Safepoint "Cleanup", Time since last: 28003211094 ns, Reaching safepoint: 110325 ns, Cleanup: 9612 ns, At safepoint: 6205 ns, Total: 126142 ns
[2025-10-18T14:42:05.120+0000][7][safepoint   ] Safepoint "Cleanup", Time since last: 9000602626 ns, Reaching safepoint: 10803 ns, Cleanup: 9552 ns, At safepoint: 18268 ns, Total: 38623 ns
[2025-10-18T14:42:27.134+0000][7][safepoint   ] Safepoint "Cleanup", Time since last: 22013525945 ns, Reaching safepoint: 25978 ns, Cleanup: 9524 ns, At safepoint: 9726 ns, Total: 45228 ns
[2025-10-18T14:42:49.135+0000][7][safepoint   ] Safepoint "Cleanup", Time since last: 22001415875 ns, Reaching safepoint: 81083 ns, Cleanup: 24505 ns, At safepoint: 14775 ns, Total: 120363 ns
[2025-10-18T14:43:06.138+0000][7][safepoint   ] Safepoint "Cleanup", Time since last: 17002650051 ns, Reaching safepoint: 22218 ns, Cleanup: 8300 ns, At safepoint: 6392 ns, Total: 36910 ns
[2025-10-18T14:43:34.141+0000][7][safepoint   ] Safepoint "Cleanup", Time since last: 28003217547 ns, Reaching safepoint: 174647 ns, Cleanup: 25354 ns, At safepoint: 24787 ns, Total: 224788 ns
[2025-10-18T14:43:35.141+0000][7][safepoint   ] Safepoint "Cleanup", Time since last: 1000163166 ns, Reaching safepoint: 9747 ns, Cleanup: 10747 ns, At safepoint: 5194 ns, Total: 25688 ns
[2025-10-18T14:43:59.143+0000][7][safepoint   ] Safepoint "Cleanup", Time since last: 24001576282 ns, Reaching safepoint: 9066 ns, Cleanup: 8988 ns, At safepoint: 5119 ns, Total: 23173 ns
[2025-10-18T14:44:48.171+0000][7][safepoint   ] Safepoint "Cleanup", Time since last: 49027631032 ns, Reaching safepoint: 32101 ns, Cleanup: 13200 ns, At safepoint: 5806 ns, Total: 51107 ns
[2025-10-18T14:44:53.172+0000][7][safepoint   ] Safepoint "Cleanup", Time since last: 5001656485 ns, Reaching safepoint: 9124 ns, Cleanup: 11262 ns, At safepoint: 5803 ns, Total: 26189 ns
[2025-10-18T14:45:11.183+0000][7][safepoint   ] Safepoint "Cleanup", Time since last: 18010452751 ns, Reaching safepoint: 24945 ns, Cleanup: 11086 ns, At safepoint: 9839 ns, Total: 45870 ns
[2025-10-18T14:45:13.183+0000][7][safepoint   ] Safepoint "Cleanup", Time since last: 2000208153 ns, Reaching safepoint: 7821 ns, Cleanup: 7201 ns, At safepoint: 4858 ns, Total: 19880 ns
[2025-10-18T14:45:15.183+0000][7][safepoint   ] Safepoint "Cleanup", Time since last: 2000168141 ns, Reaching safepoint: 7884 ns, Cleanup: 10551 ns, At safepoint: 4305 ns, Total: 22740 ns
[2025-10-18T14:45:25.184+0000][7][safepoint   ] Safepoint "Cleanup", Time since last: 10000628930 ns, Reaching safepoint: 25814 ns, Cleanup: 10606 ns, At safepoint: 6302 ns, Total: 42722 ns
[2025-10-18T14:45:28.186+0000][7][safepoint   ] Safepoint "Cleanup", Time since last: 3001619523 ns, Reaching safepoint: 13685 ns, Cleanup: 9508 ns, At safepoint: 7318 ns, Total: 30511 ns
[2025-10-18T14:45:53.187+0000][7][safepoint   ] Safepoint "Cleanup", Time since last: 25001660651 ns, Reaching safepoint: 22112 ns, Cleanup: 37377 ns, At safepoint: 11898 ns, Total: 71387 ns
[2025-10-18T14:45:59.188+0000][7][safepoint   ] Safepoint "Cleanup", Time since last: 6000439717 ns, Reaching safepoint: 8943 ns, Cleanup: 8273 ns, At safepoint: 4412 ns, Total: 21628 ns
[2025-10-18T14:46:30.199+0000][7][safepoint   ] Safepoint "Cleanup", Time since last: 31011466350 ns, Reaching safepoint: 21490 ns, Cleanup: 7590 ns, At safepoint: 5136 ns, Total: 34216 ns
[2025-10-18T14:49:08.237+0000][7][safepoint   ] Safepoint "Cleanup", Time since last: 158037412674 ns, Reaching safepoint: 13504 ns, Cleanup: 16138 ns, At safepoint: 6685 ns, Total: 36327 ns
[2025-10-18T14:49:09.237+0000][7][safepoint   ] Safepoint "Cleanup", Time since last: 1000482792 ns, Reaching safepoint: 12757 ns, Cleanup: 9290 ns, At safepoint: 6926 ns, Total: 28973 ns
[2025-10-18T14:49:10.250+0000][7][safepoint   ] Safepoint "Cleanup", Time since last: 1012476988 ns, Reaching safepoint: 15216 ns, Cleanup: 14198 ns, At safepoint: 6713 ns, Total: 36127 ns
[2025-10-18T14:49:12.250+0000][7][safepoint   ] Safepoint "Cleanup", Time since last: 2000172929 ns, Reaching safepoint: 11962 ns, Cleanup: 12266 ns, At safepoint: 5355 ns, Total: 29583 ns
[2025-10-18T14:49:14.251+0000][7][safepoint   ] Safepoint "Cleanup", Time since last: 2000599537 ns, Reaching safepoint: 18616 ns, Cleanup: 20039 ns, At safepoint: 10114 ns, Total: 48769 ns
[2025-10-18T14:49:18.251+0000][7][safepoint   ] Safepoint "Cleanup", Time since last: 4000568553 ns, Reaching safepoint: 11921 ns, Cleanup: 10015 ns, At safepoint: 4874 ns, Total: 26810 ns
[2025-10-18T14:49:19.252+0000][7][safepoint   ] Safepoint "Cleanup", Time since last: 1001129084 ns, Reaching safepoint: 15610 ns, Cleanup: 9796 ns, At safepoint: 7025 ns, Total: 32431 ns
[2025-10-18T14:49:20.265+0000][7][safepoint   ] Safepoint "Cleanup", Time since last: 1001186087 ns, Reaching safepoint: 10917543 ns, Cleanup: 17757 ns, At safepoint: 54495 ns, Total: 10989795 ns
[2025-10-18T14:49:21.265+0000][7][safepoint   ] Safepoint "Cleanup", Time since last: 1000529224 ns, Reaching safepoint: 12433 ns, Cleanup: 10309 ns, At safepoint: 5204 ns, Total: 27946 ns
[2025-10-18T14:49:27.266+0000][7][safepoint   ] Safepoint "Cleanup", Time since last: 6000546403 ns, Reaching safepoint: 19355 ns, Cleanup: 12189 ns, At safepoint: 9644 ns, Total: 41188 ns
[2025-10-18T14:49:29.266+0000][7][safepoint   ] Safepoint "Cleanup", Time since last: 2000427288 ns, Reaching safepoint: 95230 ns, Cleanup: 21835 ns, At safepoint: 12369 ns, Total: 129434 ns
[2025-10-18T14:49:30.266+0000][7][safepoint   ] Safepoint "Cleanup", Time since last: 1000135365 ns, Reaching safepoint: 15985 ns, Cleanup: 10335 ns, At safepoint: 20945 ns, Total: 47265 ns
[2025-10-18T14:49:31.267+0000][7][safepoint   ] Safepoint "Cleanup", Time since last: 1000146606 ns, Reaching safepoint: 25687 ns, Cleanup: 17629 ns, At safepoint: 14662 ns, Total: 57978 ns
[2025-10-18T14:49:33.267+0000][7][safepoint   ] Safepoint "Cleanup", Time since last: 2000419519 ns, Reaching safepoint: 18167 ns, Cleanup: 12474 ns, At safepoint: 173684 ns, Total: 204325 ns
[2025-10-18T14:49:35.247+0000][7][gc,start    ] GC(23) Pause Young (Normal) (G1 Evacuation Pause)
[2025-10-18T14:49:35.247+0000][7][gc,task     ] GC(23) Using 8 workers of 8 for evacuation
[2025-10-18T14:49:35.247+0000][7][gc,age      ] GC(23) Desired survivor size 121634816 bytes, new threshold 15 (max threshold 15)
[2025-10-18T14:49:35.267+0000][7][gc,phases   ] GC(23)   Pre Evacuate Collection Set: 0.16ms
[2025-10-18T14:49:35.268+0000][7][gc,phases   ] GC(23)   Merge Heap Roots: 0.09ms
[2025-10-18T14:49:35.268+0000][7][gc,phases   ] GC(23)   Evacuate Collection Set: 18.04ms
[2025-10-18T14:49:35.268+0000][7][gc,phases   ] GC(23)   Post Evacuate Collection Set: 2.12ms
[2025-10-18T14:49:35.268+0000][7][gc,phases   ] GC(23)   Other: 0.07ms
[2025-10-18T14:49:35.268+0000][7][gc,age      ] GC(23) Age table with threshold 15 (max threshold 15)
[2025-10-18T14:49:35.268+0000][7][gc,age      ] GC(23) - age   1:    1414280 bytes,    1414280 total
[2025-10-18T14:49:35.268+0000][7][gc,age      ] GC(23) - age   2:      22720 bytes,    1437000 total
[2025-10-18T14:49:35.268+0000][7][gc,age      ] GC(23) - age   3:     107904 bytes,    1544904 total
[2025-10-18T14:49:35.268+0000][7][gc,age      ] GC(23) - age   4:      19880 bytes,    1564784 total
[2025-10-18T14:49:35.268+0000][7][gc,age      ] GC(23) - age   5:      34248 bytes,    1599032 total
[2025-10-18T14:49:35.268+0000][7][gc,age      ] GC(23) - age   6:     208848 bytes,    1807880 total
[2025-10-18T14:49:35.268+0000][7][gc,age      ] GC(23) - age   7:      66904 bytes,    1874784 total
[2025-10-18T14:49:35.268+0000][7][gc,age      ] GC(23) - age   8:     337744 bytes,    2212528 total
[2025-10-18T14:49:35.268+0000][7][gc,age      ] GC(23) - age   9:      58032 bytes,    2270560 total
[2025-10-18T14:49:35.268+0000][7][gc,age      ] GC(23) - age  10:   11367896 bytes,   13638456 total
[2025-10-18T14:49:35.268+0000][7][gc,age      ] GC(23) - age  11:   17869344 bytes,   31507800 total
[2025-10-18T14:49:35.268+0000][7][gc,age      ] GC(23) - age  12:   10907248 bytes,   42415048 total
[2025-10-18T14:49:35.268+0000][7][gc,age      ] GC(23) - age  13:      38208 bytes,   42453256 total
[2025-10-18T14:49:35.268+0000][7][gc,age      ] GC(23) - age  14:      31912 bytes,   42485168 total
[2025-10-18T14:49:35.268+0000][7][gc,heap     ] GC(23) Eden regions: 448->0(449)
[2025-10-18T14:49:35.268+0000][7][gc,heap     ] GC(23) Survivor regions: 12->11(58)
[2025-10-18T14:49:35.268+0000][7][gc,heap     ] GC(23) Old regions: 12->12
[2025-10-18T14:49:35.268+0000][7][gc,heap     ] GC(23) Humongous regions: 2->2
[2025-10-18T14:49:35.268+0000][7][gc,metaspace] GC(23) Metaspace: 113645K(116544K)->113645K(116544K) NonClass: 98086K(99584K)->98086K(99584K) Class: 15558K(16960K)->15558K(16960K)
[2025-10-18T14:49:35.268+0000][7][gc          ] GC(23) Pause Young (Normal) (G1 Evacuation Pause) 1893M->98M(3072M) 20.632ms
[2025-10-18T14:49:35.268+0000][7][gc,cpu      ] GC(23) User=0.11s Sys=0.00s Real=0.02s
[2025-10-18T14:49:35.268+0000][7][safepoint   ] Safepoint "G1CollectForAllocation", Time since last: 1979645411 ns, Reaching safepoint: 22166 ns, Cleanup: 1950 ns, At safepoint: 20681112 ns, Total: 20705228 ns
[2025-10-18T14:49:36.268+0000][7][safepoint   ] Safepoint "Cleanup", Time since last: 1000072119 ns, Reaching safepoint: 10632 ns, Cleanup: 10910 ns, At safepoint: 5570 ns, Total: 27112 ns
[2025-10-18T14:49:37.268+0000][7][safepoint   ] Safepoint "Cleanup", Time since last: 1000100848 ns, Reaching safepoint: 10757 ns, Cleanup: 15057 ns, At safepoint: 5586 ns, Total: 31400 ns
[2025-10-18T14:49:39.268+0000][7][safepoint   ] Safepoint "Cleanup", Time since last: 2000174758 ns, Reaching safepoint: 12241 ns, Cleanup: 8867 ns, At safepoint: 5196 ns, Total: 26304 ns
[2025-10-18T14:49:47.269+0000][7][safepoint   ] Safepoint "Cleanup", Time since last: 8000669864 ns, Reaching safepoint: 32111 ns, Cleanup: 13684 ns, At safepoint: 7160 ns, Total: 52955 ns
[2025-10-18T14:49:48.269+0000][7][safepoint   ] Safepoint "Cleanup", Time since last: 1000217141 ns, Reaching safepoint: 82128 ns, Cleanup: 17956 ns, At safepoint: 7507 ns, Total: 107591 ns
[2025-10-18T14:49:49.269+0000][7][safepoint   ] Safepoint "Cleanup", Time since last: 1000168029 ns, Reaching safepoint: 44420 ns, Cleanup: 42367 ns, At safepoint: 21375 ns, Total: 108162 ns
[2025-10-18T14:49:50.270+0000][7][safepoint   ] Safepoint "Cleanup", Time since last: 1000245086 ns, Reaching safepoint: 27659 ns, Cleanup: 22525 ns, At safepoint: 13876 ns, Total: 64060 ns
[2025-10-18T14:49:52.270+0000][7][safepoint   ] Safepoint "Cleanup", Time since last: 2000219025 ns, Reaching safepoint: 9009 ns, Cleanup: 10040 ns, At safepoint: 4390 ns, Total: 23439 ns
[2025-10-18T14:49:55.270+0000][7][safepoint   ] Safepoint "Cleanup", Time since last: 3000211049 ns, Reaching safepoint: 11506 ns, Cleanup: 10880 ns, At safepoint: 5510 ns, Total: 27896 ns
[2025-10-18T14:49:57.270+0000][7][safepoint   ] Safepoint "Cleanup", Time since last: 2000172285 ns, Reaching safepoint: 11154 ns, Cleanup: 9307 ns, At safepoint: 5232 ns, Total: 25693 ns
[2025-10-18T14:49:59.271+0000][7][safepoint   ] Safepoint "Cleanup", Time since last: 2000165169 ns, Reaching safepoint: 21021 ns, Cleanup: 15701 ns, At safepoint: 5334 ns, Total: 42056 ns
[2025-10-18T14:50:03.271+0000][7][safepoint   ] Safepoint "Cleanup", Time since last: 4000287749 ns, Reaching safepoint: 11823 ns, Cleanup: 10349 ns, At safepoint: 5406 ns, Total: 27578 ns
[2025-10-18T14:50:05.271+0000][7][safepoint   ] Safepoint "Cleanup", Time since last: 2000158124 ns, Reaching safepoint: 9833 ns, Cleanup: 9596 ns, At safepoint: 5186 ns, Total: 24615 ns
[2025-10-18T14:50:06.271+0000][7][safepoint   ] Safepoint "Cleanup", Time since last: 1000090748 ns, Reaching safepoint: 10169 ns, Cleanup: 10277 ns, At safepoint: 5014 ns, Total: 25460 ns
[2025-10-18T14:50:07.271+0000][7][safepoint   ] Safepoint "Cleanup", Time since last: 1000093982 ns, Reaching safepoint: 8599 ns, Cleanup: 7336 ns, At safepoint: 4930 ns, Total: 20865 ns
[2025-10-18T14:50:08.271+0000][7][safepoint   ] Safepoint "Cleanup", Time since last: 1000073650 ns, Reaching safepoint: 11534 ns, Cleanup: 11617 ns, At safepoint: 5848 ns, Total: 28999 ns
[2025-10-18T14:50:15.305+0000][7][safepoint   ] Safepoint "Cleanup", Time since last: 7033737330 ns, Reaching safepoint: 9312 ns, Cleanup: 11157 ns, At safepoint: 5489 ns, Total: 25958 ns
[2025-10-18T14:50:18.305+0000][7][safepoint   ] Safepoint "Cleanup", Time since last: 3000210735 ns, Reaching safepoint: 9446 ns, Cleanup: 10617 ns, At safepoint: 4906 ns, Total: 24969 ns
[2025-10-18T14:50:24.306+0000][7][safepoint   ] Safepoint "Cleanup", Time since last: 6000408156 ns, Reaching safepoint: 12097 ns, Cleanup: 16657 ns, At safepoint: 6581 ns, Total: 35335 ns
[2025-10-18T14:50:25.306+0000][7][safepoint   ] Safepoint "Cleanup", Time since last: 1000115772 ns, Reaching safepoint: 11629 ns, Cleanup: 10540 ns, At safepoint: 6009 ns, Total: 28178 ns
[2025-10-18T14:50:27.306+0000][7][safepoint   ] Safepoint "Cleanup", Time since last: 2000161099 ns, Reaching safepoint: 8753 ns, Cleanup: 8807 ns, At safepoint: 5048 ns, Total: 22608 ns
[2025-10-18T14:50:28.306+0000][7][safepoint   ] Safepoint "Cleanup", Time since last: 1000093880 ns, Reaching safepoint: 8468 ns, Cleanup: 8032 ns, At safepoint: 4858 ns, Total: 21358 ns
[2025-10-18T14:51:11.322+0000][7][safepoint   ] Safepoint "Cleanup", Time since last: 43015362059 ns, Reaching safepoint: 11904 ns, Cleanup: 13483 ns, At safepoint: 5677 ns, Total: 31064 ns
[2025-10-18T14:52:29.338+0000][7][safepoint   ] Safepoint "Cleanup", Time since last: 78016333594 ns, Reaching safepoint: 26860 ns, Cleanup: 9669 ns, At safepoint: 4452 ns, Total: 40981 ns
[2025-10-18T14:52:59.340+0000][7][safepoint   ] Safepoint "Cleanup", Time since last: 30002065334 ns, Reaching safepoint: 26752 ns, Cleanup: 11747 ns, At safepoint: 8677 ns, Total: 47176 ns
[2025-10-18T14:53:18.342+0000][7][safepoint   ] Safepoint "Cleanup", Time since last: 19001406144 ns, Reaching safepoint: 35972 ns, Cleanup: 12178 ns, At safepoint: 8521 ns, Total: 56671 ns
[2025-10-18T14:53:42.343+0000][7][safepoint   ] Safepoint "Cleanup", Time since last: 24001556600 ns, Reaching safepoint: 22872 ns, Cleanup: 8863 ns, At safepoint: 5192 ns, Total: 36927 ns
[2025-10-18T14:53:53.345+0000][7][safepoint   ] Safepoint "Cleanup", Time since last: 11001179970 ns, Reaching safepoint: 58102 ns, Cleanup: 23731 ns, At safepoint: 26061 ns, Total: 107894 ns
[2025-10-18T14:54:02.345+0000][7][safepoint   ] Safepoint "Cleanup", Time since last: 9000621811 ns, Reaching safepoint: 31577 ns, Cleanup: 33960 ns, At safepoint: 15050 ns, Total: 80587 ns
[2025-10-18T14:54:34.347+0000][7][safepoint   ] Safepoint "Cleanup", Time since last: 32002234007 ns, Reaching safepoint: 13771 ns, Cleanup: 15131 ns, At safepoint: 5565 ns, Total: 34467 ns
[2025-10-18T14:55:28.387+0000][7][safepoint   ] Safepoint "Cleanup", Time since last: 54039181163 ns, Reaching safepoint: 21720 ns, Cleanup: 8264 ns, At safepoint: 5237 ns, Total: 35221 ns
[2025-10-18T14:55:33.388+0000][7][safepoint   ] Safepoint "Cleanup", Time since last: 5001647051 ns, Reaching safepoint: 7955 ns, Cleanup: 11044 ns, At safepoint: 4746 ns, Total: 23745 ns
[2025-10-18T14:55:53.390+0000][7][safepoint   ] Safepoint "Cleanup", Time since last: 20001247809 ns, Reaching safepoint: 20690 ns, Cleanup: 8397 ns, At safepoint: 5162 ns, Total: 34249 ns
[2025-10-18T14:56:59.394+0000][7][safepoint   ] Safepoint "Cleanup", Time since last: 66004570933 ns, Reaching safepoint: 22527 ns, Cleanup: 9773 ns, At safepoint: 6052 ns, Total: 38352 ns
[2025-10-18T14:58:21.402+0000][7][safepoint   ] Safepoint "Cleanup", Time since last: 82007830912 ns, Reaching safepoint: 20437 ns, Cleanup: 15314 ns, At safepoint: 4523 ns, Total: 40274 ns
[2025-10-18T14:59:43.409+0000][7][safepoint   ] Safepoint "Cleanup", Time since last: 82006995020 ns, Reaching safepoint: 22874 ns, Cleanup: 9651 ns, At safepoint: 4763 ns, Total: 37288 ns
[2025-10-18T15:00:17.413+0000][7][safepoint   ] Safepoint "Cleanup", Time since last: 34004035160 ns, Reaching safepoint: 23885 ns, Cleanup: 8978 ns, At safepoint: 6981 ns, Total: 39844 ns
[2025-10-18T15:00:58.430+0000][7][safepoint   ] Safepoint "Cleanup", Time since last: 41016733333 ns, Reaching safepoint: 22535 ns, Cleanup: 9736 ns, At safepoint: 4645 ns, Total: 36916 ns
[2025-10-18T15:01:58.435+0000][7][safepoint   ] Safepoint "Cleanup", Time since last: 60005207356 ns, Reaching safepoint: 45050 ns, Cleanup: 16975 ns, At safepoint: 10469 ns, Total: 72494 ns
[2025-10-18T15:03:36.522+0000][7][safepoint   ] Safepoint "Cleanup", Time since last: 98086273577 ns, Reaching safepoint: 26697 ns, Cleanup: 11300 ns, At safepoint: 6720 ns, Total: 44717 ns
[2025-10-18T15:05:24.531+0000][7][safepoint   ] Safepoint "Cleanup", Time since last: 108008872807 ns, Reaching safepoint: 105597 ns, Cleanup: 10588 ns, At safepoint: 5418 ns, Total: 121603 ns
[2025-10-18T15:05:27.533+0000][7][safepoint   ] Safepoint "Cleanup", Time since last: 3002174104 ns, Reaching safepoint: 13225 ns, Cleanup: 12893 ns, At safepoint: 6579 ns, Total: 32697 ns
[2025-10-18T15:05:58.535+0000][7][safepoint   ] Safepoint "Cleanup", Time since last: 31002000959 ns, Reaching safepoint: 19375 ns, Cleanup: 11288 ns, At safepoint: 5458 ns, Total: 36121 ns
[2025-10-18T15:06:28.537+0000][7][safepoint   ] Safepoint "Cleanup", Time since last: 30002251686 ns, Reaching safepoint: 20761 ns, Cleanup: 9690 ns, At safepoint: 4086 ns, Total: 34537 ns
[2025-10-18T15:07:12.540+0000][7][safepoint   ] Safepoint "Cleanup", Time since last: 44002717927 ns, Reaching safepoint: 21864 ns, Cleanup: 7849 ns, At safepoint: 5652 ns, Total: 35365 ns
[2025-10-18T15:07:53.543+0000][7][safepoint   ] Safepoint "Cleanup", Time since last: 41002835941 ns, Reaching safepoint: 41395 ns, Cleanup: 13820 ns, At safepoint: 10263 ns, Total: 65478 ns
[2025-10-18T15:08:48.546+0000][7][safepoint   ] Safepoint "Cleanup", Time since last: 55003429120 ns, Reaching safepoint: 20474 ns, Cleanup: 7742 ns, At safepoint: 5132 ns, Total: 33348 ns
[2025-10-18T15:09:00.547+0000][7][safepoint   ] Safepoint "Cleanup", Time since last: 12000739733 ns, Reaching safepoint: 21733 ns, Cleanup: 9490 ns, At safepoint: 6137 ns, Total: 37360 ns
[2025-10-18T15:09:06.547+0000][7][safepoint   ] Safepoint "Cleanup", Time since last: 6000420398 ns, Reaching safepoint: 11029 ns, Cleanup: 11427 ns, At safepoint: 6016 ns, Total: 28472 ns
[2025-10-18T15:09:58.551+0000][7][safepoint   ] Safepoint "Cleanup", Time since last: 52003484863 ns, Reaching safepoint: 24059 ns, Cleanup: 7636 ns, At safepoint: 4601 ns, Total: 36296 ns
[2025-10-18T15:11:03.597+0000][7][gc,start    ] GC(24) Pause Young (Normal) (G1 Evacuation Pause)
[2025-10-18T15:11:03.597+0000][7][gc,task     ] GC(24) Using 8 workers of 8 for evacuation
[2025-10-18T15:11:03.598+0000][7][gc,age      ] GC(24) Desired survivor size 121634816 bytes, new threshold 15 (max threshold 15)
[2025-10-18T15:11:03.614+0000][7][gc,phases   ] GC(24)   Pre Evacuate Collection Set: 0.10ms
[2025-10-18T15:11:03.614+0000][7][gc,phases   ] GC(24)   Merge Heap Roots: 0.19ms
[2025-10-18T15:11:03.614+0000][7][gc,phases   ] GC(24)   Evacuate Collection Set: 14.45ms
[2025-10-18T15:11:03.614+0000][7][gc,phases   ] GC(24)   Post Evacuate Collection Set: 1.29ms
[2025-10-18T15:11:03.614+0000][7][gc,phases   ] GC(24)   Other: 0.87ms
[2025-10-18T15:11:03.614+0000][7][gc,age      ] GC(24) Age table with threshold 15 (max threshold 15)
[2025-10-18T15:11:03.614+0000][7][gc,age      ] GC(24) - age   1:    1605288 bytes,    1605288 total
[2025-10-18T15:11:03.614+0000][7][gc,age      ] GC(24) - age   2:     178184 bytes,    1783472 total
[2025-10-18T15:11:03.614+0000][7][gc,age      ] GC(24) - age   3:      19584 bytes,    1803056 total
[2025-10-18T15:11:03.614+0000][7][gc,age      ] GC(24) - age   4:     106544 bytes,    1909600 total
[2025-10-18T15:11:03.614+0000][7][gc,age      ] GC(24) - age   5:      19880 bytes,    1929480 total
[2025-10-18T15:11:03.614+0000][7][gc,age      ] GC(24) - age   6:      33808 bytes,    1963288 total
[2025-10-18T15:11:03.614+0000][7][gc,age      ] GC(24) - age   7:     208504 bytes,    2171792 total
[2025-10-18T15:11:03.614+0000][7][gc,age      ] GC(24) - age   8:      66848 bytes,    2238640 total
[2025-10-18T15:11:03.614+0000][7][gc,age      ] GC(24) - age   9:     337560 bytes,    2576200 total
[2025-10-18T15:11:03.614+0000][7][gc,age      ] GC(24) - age  10:      57968 bytes,    2634168 total
[2025-10-18T15:11:03.614+0000][7][gc,age      ] GC(24) - age  11:   11365928 bytes,   14000096 total
[2025-10-18T15:11:03.614+0000][7][gc,age      ] GC(24) - age  12:   17869344 bytes,   31869440 total
[2025-10-18T15:11:03.614+0000][7][gc,age      ] GC(24) - age  13:   10907248 bytes,   42776688 total
[2025-10-18T15:11:03.614+0000][7][gc,age      ] GC(24) - age  14:      38208 bytes,   42814896 total
[2025-10-18T15:11:03.614+0000][7][gc,age      ] GC(24) - age  15:      31912 bytes,   42846808 total
[2025-10-18T15:11:03.614+0000][7][gc,heap     ] GC(24) Eden regions: 449->0(448)
[2025-10-18T15:11:03.614+0000][7][gc,heap     ] GC(24) Survivor regions: 11->12(58)
[2025-10-18T15:11:03.614+0000][7][gc,heap     ] GC(24) Old regions: 12->12
[2025-10-18T15:11:03.614+0000][7][gc,heap     ] GC(24) Humongous regions: 2->2
[2025-10-18T15:11:03.614+0000][7][gc,metaspace] GC(24) Metaspace: 113723K(116608K)->113723K(116608K) NonClass: 98164K(99648K)->98164K(99648K) Class: 15558K(16960K)->15558K(16960K)
[2025-10-18T15:11:03.615+0000][7][gc          ] GC(24) Pause Young (Normal) (G1 Evacuation Pause) 1894M->101M(3072M) 17.492ms
[2025-10-18T15:11:03.615+0000][7][gc,cpu      ] GC(24) User=0.11s Sys=0.00s Real=0.01s
[2025-10-18T15:11:03.615+0000][7][safepoint   ] Safepoint "G1CollectForAllocation", Time since last: 65045720606 ns, Reaching safepoint: 18170 ns, Cleanup: 3291 ns, At safepoint: 17872458 ns, Total: 17893919 ns
[2025-10-18T15:14:58.707+0000][7][safepoint   ] Safepoint "Cleanup", Time since last: 235091874124 ns, Reaching safepoint: 22157 ns, Cleanup: 14360 ns, At safepoint: 5670 ns, Total: 42187 ns
[2025-10-18T15:15:47.712+0000][7][safepoint   ] Safepoint "Cleanup", Time since last: 49005389433 ns, Reaching safepoint: 36118 ns, Cleanup: 13185 ns, At safepoint: 11641 ns, Total: 60944 ns
[2025-10-18T15:15:57.713+0000][7][safepoint   ] Safepoint "Cleanup", Time since last: 10000811974 ns, Reaching safepoint: 75686 ns, Cleanup: 9961 ns, At safepoint: 7466 ns, Total: 93113 ns
[2025-10-18T15:16:00.713+0000][7][safepoint   ] Safepoint "Cleanup", Time since last: 3000205518 ns, Reaching safepoint: 7654 ns, Cleanup: 7621 ns, At safepoint: 4246 ns, Total: 19521 ns
[2025-10-18T15:19:28.787+0000][7][safepoint   ] Safepoint "Cleanup", Time since last: 208074111660 ns, Reaching safepoint: 28471 ns, Cleanup: 20591 ns, At safepoint: 6693 ns, Total: 55755 ns
[2025-10-18T15:20:28.796+0000][7][safepoint   ] Safepoint "Cleanup", Time since last: 60008351031 ns, Reaching safepoint: 24359 ns, Cleanup: 16222 ns, At safepoint: 8328 ns, Total: 48909 ns
[2025-10-18T15:24:29.878+0000][7][safepoint   ] Safepoint "Cleanup", Time since last: 241082726618 ns, Reaching safepoint: 20409 ns, Cleanup: 15355 ns, At safepoint: 5423 ns, Total: 41187 ns
[2025-10-18T15:24:33.880+0000][7][safepoint   ] Safepoint "Cleanup", Time since last: 4001752985 ns, Reaching safepoint: 9910 ns, Cleanup: 10703 ns, At safepoint: 5656 ns, Total: 26269 ns
[2025-10-18T15:25:58.899+0000][7][safepoint   ] Safepoint "Cleanup", Time since last: 85018595071 ns, Reaching safepoint: 24970 ns, Cleanup: 17641 ns, At safepoint: 6670 ns, Total: 49281 ns
[2025-10-18T15:27:28.919+0000][7][safepoint   ] Safepoint "Cleanup", Time since last: 90020198551 ns, Reaching safepoint: 22092 ns, Cleanup: 10475 ns, At safepoint: 5698 ns, Total: 38265 ns
[2025-10-18T15:28:28.925+0000][7][safepoint   ] Safepoint "Cleanup", Time since last: 60005570823 ns, Reaching safepoint: 27156 ns, Cleanup: 34986 ns, At safepoint: 12041 ns, Total: 74183 ns
[2025-10-18T15:28:39.209+0000][7][gc,heap,exit] Heap
[2025-10-18T15:28:39.209+0000][7][gc,heap,exit]  garbage-first heap   total reserved 3145728K, committed 3145728K, used 509577K [0x0000000740000000, 0x0000000800000000)
[2025-10-18T15:28:39.209+0000][7][gc,heap,exit]   region size 4096K, 111 young (454656K), 12 survivors (49152K)
[2025-10-18T15:28:39.209+0000][7][gc,heap,exit]  Metaspace       used 113905K, committed 116800K, reserved 1179648K
[2025-10-18T15:28:39.209+0000][7][gc,heap,exit]   class space    used 15592K, committed 16960K, reserved 1048576K
