[2025-10-16T09:06:13.736+0000][7][gc,init] CardTable entry size: 512
[2025-10-16T09:06:13.736+0000][7][gc     ] Using G1
[2025-10-16T09:06:14.011+0000][7][gc,init] Version: 22.0.2+9-70 (release)
[2025-10-16T09:06:14.011+0000][7][gc,init] CPUs: 8 total, 8 available
[2025-10-16T09:06:14.011+0000][7][gc,init] Memory: 15822M
[2025-10-16T09:06:14.011+0000][7][gc,init] Large Page Support: Disabled
[2025-10-16T09:06:14.011+0000][7][gc,init] NUMA Support: Disabled
[2025-10-16T09:06:14.011+0000][7][gc,init] Compressed Oops: Enabled (Zero based)
[2025-10-16T09:06:14.011+0000][7][gc,init] Heap Region Size: 4M
[2025-10-16T09:06:14.011+0000][7][gc,init] Heap Min Capacity: 3G
[2025-10-16T09:06:14.011+0000][7][gc,init] Heap Initial Capacity: 3G
[2025-10-16T09:06:14.011+0000][7][gc,init] Heap Max Capacity: 3G
[2025-10-16T09:06:14.011+0000][7][gc,init] Pre-touch: Enabled
[2025-10-16T09:06:14.011+0000][7][gc,init] Parallel Workers: 8
[2025-10-16T09:06:14.011+0000][7][gc,init] Concurrent Workers: 2
[2025-10-16T09:06:14.011+0000][7][gc,init] Concurrent Refinement Workers: 8
[2025-10-16T09:06:14.011+0000][7][gc,init] Periodic GC: Disabled
[2025-10-16T09:06:14.028+0000][7][gc,metaspace] CDS archive(s) mapped at: [0x00007f08a6000000-0x00007f08a6c78000-0x00007f08a6c78000), size 13074432, SharedBaseAddress: 0x00007f08a6000000, ArchiveRelocationMode: 1.
[2025-10-16T09:06:14.028+0000][7][gc,metaspace] Compressed class space mapped at: 0x00007f08a7000000-0x00007f08e7000000, reserved size: 1073741824
[2025-10-16T09:06:14.028+0000][7][gc,metaspace] Narrow klass base: 0x00007f08a6000000, Narrow klass shift: 0, Narrow klass range: 0x100000000
[2025-10-16T09:06:15.147+0000][7][safepoint   ] Safepoint "ICBufferFull", Time since last: 1106244294 ns, Reaching safepoint: 131888 ns, Cleanup: 73570 ns, At safepoint: 7269 ns, Total: 212727 ns
[2025-10-16T09:06:16.523+0000][7][safepoint   ] Safepoint "Cleanup", Time since last: 1376202290 ns, Reaching safepoint: 2959 ns, Cleanup: 68950 ns, At safepoint: 2205 ns, Total: 74114 ns
[2025-10-16T09:06:17.572+0000][7][safepoint   ] Safepoint "Cleanup", Time since last: 1049270133 ns, Reaching safepoint: 3712 ns, Cleanup: 59357 ns, At safepoint: 3891 ns, Total: 66960 ns
[2025-10-16T09:06:18.648+0000][7][safepoint   ] Safepoint "Cleanup", Time since last: 1075021133 ns, Reaching safepoint: 3663 ns, Cleanup: 70865 ns, At safepoint: 465203 ns, Total: 539731 ns
[2025-10-16T09:06:19.780+0000][7][safepoint   ] Safepoint "Cleanup", Time since last: 1131963072 ns, Reaching safepoint: 247367 ns, Cleanup: 62938 ns, At safepoint: 9893 ns, Total: 320198 ns
[2025-10-16T09:06:20.747+0000][7][gc,start    ] GC(0) Pause Young (Normal) (G1 Evacuation Pause)
[2025-10-16T09:06:20.748+0000][7][gc,task     ] GC(0) Using 8 workers of 8 for evacuation
[2025-10-16T09:06:20.748+0000][7][gc,age      ] GC(0) Desired survivor size 10485760 bytes, new threshold 15 (max threshold 15)
[2025-10-16T09:06:20.774+0000][7][gc,phases   ] GC(0)   Pre Evacuate Collection Set: 1.69ms
[2025-10-16T09:06:20.774+0000][7][gc,phases   ] GC(0)   Merge Heap Roots: 0.08ms
[2025-10-16T09:06:20.774+0000][7][gc,phases   ] GC(0)   Evacuate Collection Set: 21.74ms
[2025-10-16T09:06:20.774+0000][7][gc,phases   ] GC(0)   Post Evacuate Collection Set: 2.97ms
[2025-10-16T09:06:20.774+0000][7][gc,phases   ] GC(0)   Other: 0.11ms
[2025-10-16T09:06:20.774+0000][7][gc,age      ] GC(0) Age table with threshold 15 (max threshold 15)
[2025-10-16T09:06:20.774+0000][7][gc,age      ] GC(0) - age   1:    8913112 bytes,    8913112 total
[2025-10-16T09:06:20.774+0000][7][gc,heap     ] GC(0) Eden regions: 38->0(35)
[2025-10-16T09:06:20.774+0000][7][gc,heap     ] GC(0) Survivor regions: 0->3(5)
[2025-10-16T09:06:20.774+0000][7][gc,heap     ] GC(0) Old regions: 1->1
[2025-10-16T09:06:20.774+0000][7][gc,heap     ] GC(0) Humongous regions: 0->0
[2025-10-16T09:06:20.774+0000][7][gc,metaspace] GC(0) Metaspace: 16639K(17024K)->16639K(17024K) NonClass: 14693K(14912K)->14693K(14912K) Class: 1946K(2112K)->1946K(2112K)
[2025-10-16T09:06:20.774+0000][7][gc          ] GC(0) Pause Young (Normal) (G1 Evacuation Pause) 153M->9M(3072M) 26.909ms
[2025-10-16T09:06:20.774+0000][7][gc,cpu      ] GC(0) User=0.05s Sys=0.00s Real=0.02s
[2025-10-16T09:06:20.774+0000][7][safepoint   ] Safepoint "G1CollectForAllocation", Time since last: 967087389 ns, Reaching safepoint: 4581 ns, Cleanup: 50861 ns, At safepoint: 26976696 ns, Total: 27032138 ns
[2025-10-16T09:06:21.776+0000][7][safepoint   ] Safepoint "Cleanup", Time since last: 1001970257 ns, Reaching safepoint: 6020 ns, Cleanup: 55221 ns, At safepoint: 6385 ns, Total: 67626 ns
[2025-10-16T09:06:22.408+0000][7][gc,start    ] GC(1) Pause Young (Normal) (G1 Evacuation Pause)
[2025-10-16T09:06:22.408+0000][7][gc,task     ] GC(1) Using 8 workers of 8 for evacuation
[2025-10-16T09:06:22.408+0000][7][gc,age      ] GC(1) Desired survivor size 10485760 bytes, new threshold 15 (max threshold 15)
[2025-10-16T09:06:22.444+0000][7][gc,phases   ] GC(1)   Pre Evacuate Collection Set: 0.33ms
[2025-10-16T09:06:22.444+0000][7][gc,phases   ] GC(1)   Merge Heap Roots: 0.07ms
[2025-10-16T09:06:22.444+0000][7][gc,phases   ] GC(1)   Evacuate Collection Set: 32.52ms
[2025-10-16T09:06:22.444+0000][7][gc,phases   ] GC(1)   Post Evacuate Collection Set: 2.86ms
[2025-10-16T09:06:22.444+0000][7][gc,phases   ] GC(1)   Other: 0.06ms
[2025-10-16T09:06:22.444+0000][7][gc,age      ] GC(1) Age table with threshold 15 (max threshold 15)
[2025-10-16T09:06:22.444+0000][7][gc,age      ] GC(1) - age   1:    4423744 bytes,    4423744 total
[2025-10-16T09:06:22.444+0000][7][gc,age      ] GC(1) - age   2:    8088544 bytes,   12512288 total
[2025-10-16T09:06:22.444+0000][7][gc,heap     ] GC(1) Eden regions: 35->0(38)
[2025-10-16T09:06:22.444+0000][7][gc,heap     ] GC(1) Survivor regions: 3->4(5)
[2025-10-16T09:06:22.444+0000][7][gc,heap     ] GC(1) Old regions: 1->1
[2025-10-16T09:06:22.444+0000][7][gc,heap     ] GC(1) Humongous regions: 0->0
[2025-10-16T09:06:22.444+0000][7][gc,metaspace] GC(1) Metaspace: 18522K(18944K)->18522K(18944K) NonClass: 16310K(16512K)->16310K(16512K) Class: 2212K(2432K)->2212K(2432K)
[2025-10-16T09:06:22.444+0000][7][gc          ] GC(1) Pause Young (Normal) (G1 Evacuation Pause) 149M->13M(3072M) 35.987ms
[2025-10-16T09:06:22.444+0000][7][gc,cpu      ] GC(1) User=0.05s Sys=0.00s Real=0.03s
[2025-10-16T09:06:22.444+0000][7][safepoint   ] Safepoint "G1CollectForAllocation", Time since last: 631880328 ns, Reaching safepoint: 5343 ns, Cleanup: 52617 ns, At safepoint: 36025831 ns, Total: 36083791 ns
[2025-10-16T09:06:23.285+0000][7][gc,start    ] GC(2) Pause Young (Normal) (G1 Evacuation Pause)
[2025-10-16T09:06:23.285+0000][7][gc,task     ] GC(2) Using 8 workers of 8 for evacuation
[2025-10-16T09:06:23.286+0000][7][gc,age      ] GC(2) Desired survivor size 12582912 bytes, new threshold 15 (max threshold 15)
[2025-10-16T09:06:23.312+0000][7][gc,phases   ] GC(2)   Pre Evacuate Collection Set: 0.51ms
[2025-10-16T09:06:23.312+0000][7][gc,phases   ] GC(2)   Merge Heap Roots: 0.12ms
[2025-10-16T09:06:23.312+0000][7][gc,phases   ] GC(2)   Evacuate Collection Set: 22.27ms
[2025-10-16T09:06:23.312+0000][7][gc,phases   ] GC(2)   Post Evacuate Collection Set: 3.50ms
[2025-10-16T09:06:23.312+0000][7][gc,phases   ] GC(2)   Other: 0.07ms
[2025-10-16T09:06:23.312+0000][7][gc,age      ] GC(2) Age table with threshold 15 (max threshold 15)
[2025-10-16T09:06:23.312+0000][7][gc,age      ] GC(2) - age   1:    1232064 bytes,    1232064 total
[2025-10-16T09:06:23.312+0000][7][gc,age      ] GC(2) - age   2:    3007992 bytes,    4240056 total
[2025-10-16T09:06:23.312+0000][7][gc,age      ] GC(2) - age   3:    8088192 bytes,   12328248 total
[2025-10-16T09:06:23.312+0000][7][gc,heap     ] GC(2) Eden regions: 38->0(46)
[2025-10-16T09:06:23.312+0000][7][gc,heap     ] GC(2) Survivor regions: 4->4(6)
[2025-10-16T09:06:23.312+0000][7][gc,heap     ] GC(2) Old regions: 1->1
[2025-10-16T09:06:23.312+0000][7][gc,heap     ] GC(2) Humongous regions: 0->0
[2025-10-16T09:06:23.312+0000][7][gc,metaspace] GC(2) Metaspace: 19010K(19456K)->19010K(19456K) NonClass: 16710K(16960K)->16710K(16960K) Class: 2300K(2496K)->2300K(2496K)
[2025-10-16T09:06:23.312+0000][7][gc          ] GC(2) Pause Young (Normal) (G1 Evacuation Pause) 165M->14M(3072M) 26.654ms
[2025-10-16T09:06:23.312+0000][7][gc,cpu      ] GC(2) User=0.04s Sys=0.00s Real=0.02s
[2025-10-16T09:06:23.312+0000][7][safepoint   ] Safepoint "G1CollectForAllocation", Time since last: 840977849 ns, Reaching safepoint: 8017 ns, Cleanup: 31342 ns, At safepoint: 26699570 ns, Total: 26738929 ns
[2025-10-16T09:06:24.317+0000][7][safepoint   ] Safepoint "Cleanup", Time since last: 1001257744 ns, Reaching safepoint: 3152242 ns, Cleanup: 40452 ns, At safepoint: 11832 ns, Total: 3204526 ns
[2025-10-16T09:06:24.337+0000][7][gc,start    ] GC(3) Pause Young (Normal) (G1 Evacuation Pause)
[2025-10-16T09:06:24.337+0000][7][gc,task     ] GC(3) Using 8 workers of 8 for evacuation
[2025-10-16T09:06:24.337+0000][7][gc,age      ] GC(3) Desired survivor size 14680064 bytes, new threshold 15 (max threshold 15)
[2025-10-16T09:06:24.358+0000][7][gc,phases   ] GC(3)   Pre Evacuate Collection Set: 0.30ms
[2025-10-16T09:06:24.358+0000][7][gc,phases   ] GC(3)   Merge Heap Roots: 0.07ms
[2025-10-16T09:06:24.358+0000][7][gc,phases   ] GC(3)   Evacuate Collection Set: 17.92ms
[2025-10-16T09:06:24.358+0000][7][gc,phases   ] GC(3)   Post Evacuate Collection Set: 2.79ms
[2025-10-16T09:06:24.358+0000][7][gc,phases   ] GC(3)   Other: 0.07ms
[2025-10-16T09:06:24.358+0000][7][gc,age      ] GC(3) Age table with threshold 15 (max threshold 15)
[2025-10-16T09:06:24.358+0000][7][gc,age      ] GC(3) - age   1:    3839928 bytes,    3839928 total
[2025-10-16T09:06:24.358+0000][7][gc,age      ] GC(3) - age   2:     937352 bytes,    4777280 total
[2025-10-16T09:06:24.358+0000][7][gc,age      ] GC(3) - age   3:    3007368 bytes,    7784648 total
[2025-10-16T09:06:24.358+0000][7][gc,age      ] GC(3) - age   4:    8083728 bytes,   15868376 total
[2025-10-16T09:06:24.358+0000][7][gc,heap     ] GC(3) Eden regions: 46->0(455)
[2025-10-16T09:06:24.358+0000][7][gc,heap     ] GC(3) Survivor regions: 4->5(7)
[2025-10-16T09:06:24.358+0000][7][gc,heap     ] GC(3) Old regions: 1->1
[2025-10-16T09:06:24.358+0000][7][gc,heap     ] GC(3) Humongous regions: 0->0
[2025-10-16T09:06:24.358+0000][7][gc,metaspace] GC(3) Metaspace: 19436K(19840K)->19436K(19840K) NonClass: 17095K(17280K)->17095K(17280K) Class: 2341K(2560K)->2341K(2560K)
[2025-10-16T09:06:24.358+0000][7][gc          ] GC(3) Pause Young (Normal) (G1 Evacuation Pause) 198M->17M(3072M) 21.333ms
[2025-10-16T09:06:24.358+0000][7][gc,cpu      ] GC(3) User=0.05s Sys=0.00s Real=0.02s
[2025-10-16T09:06:24.358+0000][7][safepoint   ] Safepoint "G1CollectForAllocation", Time since last: 19971358 ns, Reaching safepoint: 3621 ns, Cleanup: 2609 ns, At safepoint: 21369552 ns, Total: 21375782 ns
[2025-10-16T09:06:25.359+0000][7][safepoint   ] Safepoint "Cleanup", Time since last: 1000080007 ns, Reaching safepoint: 264150 ns, Cleanup: 58103 ns, At safepoint: 230812 ns, Total: 553065 ns
[2025-10-16T09:06:25.686+0000][7][gc,start    ] GC(4) Pause Young (Concurrent Start) (Metadata GC Threshold)
[2025-10-16T09:06:25.686+0000][7][gc,task     ] GC(4) Using 8 workers of 8 for evacuation
[2025-10-16T09:06:25.686+0000][7][gc,age      ] GC(4) Desired survivor size 121634816 bytes, new threshold 15 (max threshold 15)
[2025-10-16T09:06:25.696+0000][7][gc,phases   ] GC(4)   Pre Evacuate Collection Set: 0.24ms
[2025-10-16T09:06:25.696+0000][7][gc,phases   ] GC(4)   Merge Heap Roots: 0.04ms
[2025-10-16T09:06:25.696+0000][7][gc,phases   ] GC(4)   Evacuate Collection Set: 7.13ms
[2025-10-16T09:06:25.696+0000][7][gc,phases   ] GC(4)   Post Evacuate Collection Set: 2.30ms
[2025-10-16T09:06:25.696+0000][7][gc,phases   ] GC(4)   Other: 0.08ms
[2025-10-16T09:06:25.696+0000][7][gc,age      ] GC(4) Age table with threshold 15 (max threshold 15)
[2025-10-16T09:06:25.696+0000][7][gc,age      ] GC(4) - age   1:    2268760 bytes,    2268760 total
[2025-10-16T09:06:25.696+0000][7][gc,age      ] GC(4) - age   2:    3108744 bytes,    5377504 total
[2025-10-16T09:06:25.696+0000][7][gc,age      ] GC(4) - age   3:     933440 bytes,    6310944 total
[2025-10-16T09:06:25.696+0000][7][gc,age      ] GC(4) - age   4:    3005928 bytes,    9316872 total
[2025-10-16T09:06:25.696+0000][7][gc,age      ] GC(4) - age   5:    8083552 bytes,   17400424 total
[2025-10-16T09:06:25.696+0000][7][gc,heap     ] GC(4) Eden regions: 132->0(455)
[2025-10-16T09:06:25.696+0000][7][gc,heap     ] GC(4) Survivor regions: 5->5(58)
[2025-10-16T09:06:25.696+0000][7][gc,heap     ] GC(4) Old regions: 1->1
[2025-10-16T09:06:25.696+0000][7][gc,heap     ] GC(4) Humongous regions: 0->0
[2025-10-16T09:06:25.696+0000][7][gc,metaspace] GC(4) Metaspace: 21006K(21504K)->21006K(21504K) NonClass: 18440K(18752K)->18440K(18752K) Class: 2565K(2752K)->2565K(2752K)
[2025-10-16T09:06:25.696+0000][7][gc          ] GC(4) Pause Young (Concurrent Start) (Metadata GC Threshold) 545M->19M(3072M) 10.030ms
[2025-10-16T09:06:25.696+0000][7][gc,cpu      ] GC(4) User=0.03s Sys=0.00s Real=0.01s
[2025-10-16T09:06:25.696+0000][7][gc          ] GC(5) Concurrent Mark Cycle
[2025-10-16T09:06:25.696+0000][7][gc,marking  ] GC(5) Concurrent Scan Root Regions
[2025-10-16T09:06:25.697+0000][7][safepoint   ] Safepoint "CollectForMetadataAllocation", Time since last: 327815591 ns, Reaching safepoint: 2917 ns, Cleanup: 11382 ns, At safepoint: 10141398 ns, Total: 10155697 ns
[2025-10-16T09:06:25.700+0000][7][gc,marking  ] GC(5) Concurrent Scan Root Regions 3.517ms
[2025-10-16T09:06:25.700+0000][7][gc,marking  ] GC(5) Concurrent Mark
[2025-10-16T09:06:25.700+0000][7][gc,marking  ] GC(5) Concurrent Mark From Roots
[2025-10-16T09:06:25.700+0000][7][gc,task     ] GC(5) Using 2 workers of 2 for marking
[2025-10-16T09:06:25.702+0000][7][gc,marking  ] GC(5) Concurrent Mark From Roots 2.358ms
[2025-10-16T09:06:25.702+0000][7][gc,marking  ] GC(5) Concurrent Preclean
[2025-10-16T09:06:25.702+0000][7][gc,marking  ] GC(5) Concurrent Preclean 0.009ms
[2025-10-16T09:06:25.703+0000][7][gc,start    ] GC(5) Pause Remark
[2025-10-16T09:06:25.707+0000][7][gc          ] GC(5) Pause Remark 23M->23M(3072M) 4.031ms
[2025-10-16T09:06:25.707+0000][7][gc,cpu      ] GC(5) User=0.01s Sys=0.00s Real=0.01s
[2025-10-16T09:06:25.707+0000][7][safepoint   ] Safepoint "G1PauseRemark", Time since last: 5933723 ns, Reaching safepoint: 69690 ns, Cleanup: 9581 ns, At safepoint: 4082528 ns, Total: 4161799 ns
[2025-10-16T09:06:25.707+0000][7][gc,marking  ] GC(5) Concurrent Mark 6.915ms
[2025-10-16T09:06:25.707+0000][7][gc,marking  ] GC(5) Concurrent Rebuild Remembered Sets and Scrub Regions
[2025-10-16T09:06:25.707+0000][7][gc,marking  ] GC(5) Concurrent Rebuild Remembered Sets and Scrub Regions 0.472ms
[2025-10-16T09:06:25.708+0000][7][gc,start    ] GC(5) Pause Cleanup
[2025-10-16T09:06:25.708+0000][7][gc          ] GC(5) Pause Cleanup 23M->23M(3072M) 0.087ms
[2025-10-16T09:06:25.708+0000][7][gc,cpu      ] GC(5) User=0.00s Sys=0.00s Real=0.00s
[2025-10-16T09:06:25.708+0000][7][safepoint   ] Safepoint "G1PauseCleanup", Time since last: 855962 ns, Reaching safepoint: 65505 ns, Cleanup: 2230 ns, At safepoint: 103746 ns, Total: 171481 ns
[2025-10-16T09:06:25.708+0000][7][gc,marking  ] GC(5) Concurrent Clear Claimed Marks
[2025-10-16T09:06:25.708+0000][7][gc,marking  ] GC(5) Concurrent Clear Claimed Marks 0.022ms
[2025-10-16T09:06:25.708+0000][7][gc,marking  ] GC(5) Concurrent Cleanup for Next Mark
[2025-10-16T09:06:25.713+0000][7][gc,marking  ] GC(5) Concurrent Cleanup for Next Mark 5.524ms
[2025-10-16T09:06:25.713+0000][7][gc          ] GC(5) Concurrent Mark Cycle 16.784ms
[2025-10-16T09:06:26.927+0000][7][safepoint   ] Safepoint "Cleanup", Time since last: 1218826381 ns, Reaching safepoint: 5437 ns, Cleanup: 103820 ns, At safepoint: 3362 ns, Total: 112619 ns
[2025-10-16T09:06:28.053+0000][7][safepoint   ] Safepoint "ICBufferFull", Time since last: 1125861725 ns, Reaching safepoint: 4468 ns, Cleanup: 89056 ns, At safepoint: 6779 ns, Total: 100303 ns
[2025-10-16T09:06:29.054+0000][7][safepoint   ] Safepoint "Cleanup", Time since last: 1000808073 ns, Reaching safepoint: 144178 ns, Cleanup: 33573 ns, At safepoint: 8679 ns, Total: 186430 ns
[2025-10-16T09:06:32.559+0000][7][gc,start    ] GC(6) Pause Young (Prepare Mixed) (Metadata GC Threshold)
[2025-10-16T09:06:32.559+0000][7][gc,task     ] GC(6) Using 8 workers of 8 for evacuation
[2025-10-16T09:06:32.559+0000][7][gc,age      ] GC(6) Desired survivor size 121634816 bytes, new threshold 15 (max threshold 15)
[2025-10-16T09:06:32.607+0000][7][gc,phases   ] GC(6)   Pre Evacuate Collection Set: 1.27ms
[2025-10-16T09:06:32.607+0000][7][gc,phases   ] GC(6)   Merge Heap Roots: 0.16ms
[2025-10-16T09:06:32.607+0000][7][gc,phases   ] GC(6)   Evacuate Collection Set: 41.53ms
[2025-10-16T09:06:32.607+0000][7][gc,phases   ] GC(6)   Post Evacuate Collection Set: 4.85ms
[2025-10-16T09:06:32.607+0000][7][gc,phases   ] GC(6)   Other: 0.10ms
[2025-10-16T09:06:32.607+0000][7][gc,age      ] GC(6) Age table with threshold 15 (max threshold 15)
[2025-10-16T09:06:32.607+0000][7][gc,age      ] GC(6) - age   1:   28679496 bytes,   28679496 total
[2025-10-16T09:06:32.607+0000][7][gc,age      ] GC(6) - age   2:    2218328 bytes,   30897824 total
[2025-10-16T09:06:32.607+0000][7][gc,age      ] GC(6) - age   3:    3097488 bytes,   33995312 total
[2025-10-16T09:06:32.607+0000][7][gc,age      ] GC(6) - age   4:     922528 bytes,   34917840 total
[2025-10-16T09:06:32.607+0000][7][gc,age      ] GC(6) - age   5:    2966040 bytes,   37883880 total
[2025-10-16T09:06:32.607+0000][7][gc,age      ] GC(6) - age   6:    7954264 bytes,   45838144 total
[2025-10-16T09:06:32.607+0000][7][gc,heap     ] GC(6) Eden regions: 194->0(272)
[2025-10-16T09:06:32.607+0000][7][gc,heap     ] GC(6) Survivor regions: 5->12(58)
[2025-10-16T09:06:32.607+0000][7][gc,heap     ] GC(6) Old regions: 1->1
[2025-10-16T09:06:32.607+0000][7][gc,heap     ] GC(6) Humongous regions: 0->0
[2025-10-16T09:06:32.607+0000][7][gc,metaspace] GC(6) Metaspace: 35153K(36096K)->35153K(36096K) NonClass: 30501K(31040K)->30501K(31040K) Class: 4652K(5056K)->4652K(5056K)
[2025-10-16T09:06:32.607+0000][7][gc          ] GC(6) Pause Young (Prepare Mixed) (Metadata GC Threshold) 795M->46M(3072M) 48.094ms
[2025-10-16T09:06:32.607+0000][7][gc,cpu      ] GC(6) User=0.15s Sys=0.00s Real=0.05s
[2025-10-16T09:06:32.607+0000][7][safepoint   ] Safepoint "CollectForMetadataAllocation", Time since last: 1069999080 ns, Reaching safepoint: 5356 ns, Cleanup: 59781 ns, At safepoint: 48173573 ns, Total: 48238710 ns
[2025-10-16T09:06:32.627+0000][7][gc,start    ] GC(7) Pause Young (Mixed) (Metadata GC Threshold)
[2025-10-16T09:06:32.627+0000][7][gc,task     ] GC(7) Using 8 workers of 8 for evacuation
[2025-10-16T09:06:32.627+0000][7][gc,age      ] GC(7) Desired survivor size 75497472 bytes, new threshold 15 (max threshold 15)
[2025-10-16T09:06:32.654+0000][7][gc,phases   ] GC(7)   Pre Evacuate Collection Set: 0.36ms
[2025-10-16T09:06:32.654+0000][7][gc,phases   ] GC(7)   Merge Heap Roots: 0.05ms
[2025-10-16T09:06:32.654+0000][7][gc,phases   ] GC(7)   Evacuate Collection Set: 24.99ms
[2025-10-16T09:06:32.654+0000][7][gc,phases   ] GC(7)   Post Evacuate Collection Set: 1.22ms
[2025-10-16T09:06:32.654+0000][7][gc,phases   ] GC(7)   Other: 0.07ms
[2025-10-16T09:06:32.654+0000][7][gc,age      ] GC(7) Age table with threshold 15 (max threshold 15)
[2025-10-16T09:06:32.654+0000][7][gc,age      ] GC(7) - age   1:      46488 bytes,      46488 total
[2025-10-16T09:06:32.654+0000][7][gc,age      ] GC(7) - age   2:   28487864 bytes,   28534352 total
[2025-10-16T09:06:32.654+0000][7][gc,age      ] GC(7) - age   3:    2218104 bytes,   30752456 total
[2025-10-16T09:06:32.654+0000][7][gc,age      ] GC(7) - age   4:    3092720 bytes,   33845176 total
[2025-10-16T09:06:32.654+0000][7][gc,age      ] GC(7) - age   5:     922400 bytes,   34767576 total
[2025-10-16T09:06:32.654+0000][7][gc,age      ] GC(7) - age   6:    2965976 bytes,   37733552 total
[2025-10-16T09:06:32.654+0000][7][gc,age      ] GC(7) - age   7:    7952600 bytes,   45686152 total
[2025-10-16T09:06:32.654+0000][7][gc,heap     ] GC(7) Eden regions: 1->0(50)
[2025-10-16T09:06:32.654+0000][7][gc,heap     ] GC(7) Survivor regions: 12->12(36)
[2025-10-16T09:06:32.654+0000][7][gc,heap     ] GC(7) Old regions: 1->1
[2025-10-16T09:06:32.654+0000][7][gc,heap     ] GC(7) Humongous regions: 0->0
[2025-10-16T09:06:32.654+0000][7][gc,metaspace] GC(7) Metaspace: 35502K(36416K)->35502K(36416K) NonClass: 30820K(31360K)->30820K(31360K) Class: 4681K(5056K)->4681K(5056K)
[2025-10-16T09:06:32.654+0000][7][gc          ] GC(7) Pause Young (Mixed) (Metadata GC Threshold) 50M->48M(3072M) 26.834ms
[2025-10-16T09:06:32.654+0000][7][gc,cpu      ] GC(7) User=0.10s Sys=0.00s Real=0.03s
[2025-10-16T09:06:32.654+0000][7][safepoint   ] Safepoint "CollectForMetadataAllocation", Time since last: 20256312 ns, Reaching safepoint: 3912 ns, Cleanup: 9453 ns, At safepoint: 26899563 ns, Total: 26912928 ns
[2025-10-16T09:06:32.674+0000][7][gc,start    ] GC(8) Pause Young (Concurrent Start) (Metadata GC Threshold)
[2025-10-16T09:06:32.674+0000][7][gc,task     ] GC(8) Using 8 workers of 8 for evacuation
[2025-10-16T09:06:32.674+0000][7][gc,age      ] GC(8) Desired survivor size 16777216 bytes, new threshold 2 (max threshold 15)
[2025-10-16T09:06:32.727+0000][7][gc,phases   ] GC(8)   Pre Evacuate Collection Set: 0.17ms
[2025-10-16T09:06:32.727+0000][7][gc,phases   ] GC(8)   Merge Heap Roots: 0.03ms
[2025-10-16T09:06:32.727+0000][7][gc,phases   ] GC(8)   Evacuate Collection Set: 51.29ms
[2025-10-16T09:06:32.727+0000][7][gc,phases   ] GC(8)   Post Evacuate Collection Set: 0.93ms
[2025-10-16T09:06:32.727+0000][7][gc,phases   ] GC(8)   Other: 0.08ms
[2025-10-16T09:06:32.727+0000][7][gc,age      ] GC(8) Age table with threshold 2 (max threshold 15)
[2025-10-16T09:06:32.727+0000][7][gc,age      ] GC(8) - age   1:      78440 bytes,      78440 total
[2025-10-16T09:06:32.727+0000][7][gc,age      ] GC(8) - age   2:      35672 bytes,     114112 total
[2025-10-16T09:06:32.727+0000][7][gc,heap     ] GC(8) Eden regions: 1->0(415)
[2025-10-16T09:06:32.727+0000][7][gc,heap     ] GC(8) Survivor regions: 12->2(8)
[2025-10-16T09:06:32.727+0000][7][gc,heap     ] GC(8) Old regions: 1->12
[2025-10-16T09:06:32.727+0000][7][gc,heap     ] GC(8) Humongous regions: 0->0
[2025-10-16T09:06:32.727+0000][7][gc,metaspace] GC(8) Metaspace: 35787K(36736K)->35787K(36736K) NonClass: 31073K(31616K)->31073K(31616K) Class: 4714K(5120K)->4714K(5120K)
[2025-10-16T09:06:32.727+0000][7][gc          ] GC(8) Pause Young (Concurrent Start) (Metadata GC Threshold) 52M->52M(3072M) 52.636ms
[2025-10-16T09:06:32.727+0000][7][gc,cpu      ] GC(8) User=0.10s Sys=0.01s Real=0.05s
[2025-10-16T09:06:32.727+0000][7][gc          ] GC(9) Concurrent Mark Cycle
[2025-10-16T09:06:32.727+0000][7][gc,marking  ] GC(9) Concurrent Scan Root Regions
[2025-10-16T09:06:32.727+0000][7][safepoint   ] Safepoint "CollectForMetadataAllocation", Time since last: 20142685 ns, Reaching safepoint: 3964 ns, Cleanup: 10665 ns, At safepoint: 52715948 ns, Total: 52730577 ns
[2025-10-16T09:06:32.746+0000][7][gc,marking  ] GC(9) Concurrent Scan Root Regions 18.694ms
[2025-10-16T09:06:32.746+0000][7][gc,marking  ] GC(9) Concurrent Mark
[2025-10-16T09:06:32.746+0000][7][gc,marking  ] GC(9) Concurrent Mark From Roots
[2025-10-16T09:06:32.746+0000][7][gc,task     ] GC(9) Using 2 workers of 2 for marking
[2025-10-16T09:06:32.748+0000][7][gc,marking  ] GC(9) Concurrent Mark From Roots 2.879ms
[2025-10-16T09:06:32.748+0000][7][gc,marking  ] GC(9) Concurrent Preclean
[2025-10-16T09:06:32.748+0000][7][gc,marking  ] GC(9) Concurrent Preclean 0.008ms
[2025-10-16T09:06:32.749+0000][7][gc,start    ] GC(9) Pause Remark
[2025-10-16T09:06:32.757+0000][7][gc          ] GC(9) Pause Remark 55M->55M(3072M) 7.951ms
[2025-10-16T09:06:32.757+0000][7][gc,cpu      ] GC(9) User=0.01s Sys=0.00s Real=0.01s
[2025-10-16T09:06:32.757+0000][7][safepoint   ] Safepoint "G1PauseRemark", Time since last: 21792125 ns, Reaching safepoint: 70752 ns, Cleanup: 8550 ns, At safepoint: 8665291 ns, Total: 8744593 ns
[2025-10-16T09:06:32.757+0000][7][gc,marking  ] GC(9) Concurrent Mark 11.872ms
[2025-10-16T09:06:32.757+0000][7][gc,marking  ] GC(9) Concurrent Rebuild Remembered Sets and Scrub Regions
[2025-10-16T09:06:32.778+0000][7][gc,marking  ] GC(9) Concurrent Rebuild Remembered Sets and Scrub Regions 20.669ms
[2025-10-16T09:06:32.781+0000][7][gc,start    ] GC(9) Pause Cleanup
[2025-10-16T09:06:32.781+0000][7][gc          ] GC(9) Pause Cleanup 55M->55M(3072M) 0.138ms
[2025-10-16T09:06:32.781+0000][7][gc,cpu      ] GC(9) User=0.00s Sys=0.00s Real=0.00s
[2025-10-16T09:06:32.781+0000][7][safepoint   ] Safepoint "G1PauseCleanup", Time since last: 21995812 ns, Reaching safepoint: 1134308 ns, Cleanup: 21802 ns, At safepoint: 209279 ns, Total: 1365389 ns
[2025-10-16T09:06:32.781+0000][7][gc,marking  ] GC(9) Concurrent Clear Claimed Marks
[2025-10-16T09:06:32.781+0000][7][gc,marking  ] GC(9) Concurrent Clear Claimed Marks 0.046ms
[2025-10-16T09:06:32.781+0000][7][gc,marking  ] GC(9) Concurrent Cleanup for Next Mark
[2025-10-16T09:06:32.784+0000][7][gc,marking  ] GC(9) Concurrent Cleanup for Next Mark 3.012ms
[2025-10-16T09:06:32.784+0000][7][gc          ] GC(9) Concurrent Mark Cycle 57.125ms
[2025-10-16T09:06:33.968+0000][7][safepoint   ] Safepoint "Cleanup", Time since last: 1186675676 ns, Reaching safepoint: 3624 ns, Cleanup: 77802 ns, At safepoint: 3431 ns, Total: 84857 ns
[2025-10-16T09:06:34.989+0000][7][safepoint   ] Safepoint "Cleanup", Time since last: 1020934274 ns, Reaching safepoint: 72590 ns, Cleanup: 55756 ns, At safepoint: 9111 ns, Total: 137457 ns
[2025-10-16T09:06:35.990+0000][7][safepoint   ] Safepoint "Cleanup", Time since last: 1001692732 ns, Reaching safepoint: 2762 ns, Cleanup: 79149 ns, At safepoint: 3165 ns, Total: 85076 ns
[2025-10-16T09:06:36.991+0000][7][safepoint   ] Safepoint "Cleanup", Time since last: 1000105144 ns, Reaching safepoint: 74513 ns, Cleanup: 34979 ns, At safepoint: 9838 ns, Total: 119330 ns
[2025-10-16T09:06:37.914+0000][7][gc,start    ] GC(10) Pause Young (Concurrent Start) (Metadata GC Threshold)
[2025-10-16T09:06:37.914+0000][7][gc,task     ] GC(10) Using 8 workers of 8 for evacuation
[2025-10-16T09:06:37.914+0000][7][gc,age      ] GC(10) Desired survivor size 111149056 bytes, new threshold 15 (max threshold 15)
[2025-10-16T09:06:37.933+0000][7][gc,phases   ] GC(10)   Pre Evacuate Collection Set: 0.36ms
[2025-10-16T09:06:37.933+0000][7][gc,phases   ] GC(10)   Merge Heap Roots: 0.16ms
[2025-10-16T09:06:37.933+0000][7][gc,phases   ] GC(10)   Evacuate Collection Set: 15.54ms
[2025-10-16T09:06:37.933+0000][7][gc,phases   ] GC(10)   Post Evacuate Collection Set: 2.84ms
[2025-10-16T09:06:37.933+0000][7][gc,phases   ] GC(10)   Other: 0.11ms
[2025-10-16T09:06:37.933+0000][7][gc,age      ] GC(10) Age table with threshold 15 (max threshold 15)
[2025-10-16T09:06:37.933+0000][7][gc,age      ] GC(10) - age   1:   11667448 bytes,   11667448 total
[2025-10-16T09:06:37.933+0000][7][gc,age      ] GC(10) - age   2:      44024 bytes,   11711472 total
[2025-10-16T09:06:37.933+0000][7][gc,age      ] GC(10) - age   3:      35552 bytes,   11747024 total
[2025-10-16T09:06:37.933+0000][7][gc,heap     ] GC(10) Eden regions: 117->0(419)
[2025-10-16T09:06:37.933+0000][7][gc,heap     ] GC(10) Survivor regions: 2->3(53)
[2025-10-16T09:06:37.933+0000][7][gc,heap     ] GC(10) Old regions: 12->12
[2025-10-16T09:06:37.933+0000][7][gc,heap     ] GC(10) Humongous regions: 0->0
[2025-10-16T09:06:37.933+0000][7][gc,metaspace] GC(10) Metaspace: 60438K(61696K)->60438K(61696K) NonClass: 52230K(52992K)->52230K(52992K) Class: 8208K(8704K)->8208K(8704K)
[2025-10-16T09:06:37.933+0000][7][gc          ] GC(10) Pause Young (Concurrent Start) (Metadata GC Threshold) 518M->58M(3072M) 19.178ms
[2025-10-16T09:06:37.933+0000][7][gc          ] GC(11) Concurrent Mark Cycle
[2025-10-16T09:06:37.933+0000][7][gc,marking  ] GC(11) Concurrent Scan Root Regions
[2025-10-16T09:06:37.933+0000][7][gc,cpu      ] GC(10) User=0.05s Sys=0.00s Real=0.02s
[2025-10-16T09:06:37.933+0000][7][safepoint   ] Safepoint "CollectForMetadataAllocation", Time since last: 922766047 ns, Reaching safepoint: 4540 ns, Cleanup: 110476 ns, At safepoint: 19456404 ns, Total: 19571420 ns
[2025-10-16T09:06:37.945+0000][7][gc,marking  ] GC(11) Concurrent Scan Root Regions 12.713ms
[2025-10-16T09:06:37.945+0000][7][gc,marking  ] GC(11) Concurrent Mark
[2025-10-16T09:06:37.946+0000][7][gc,marking  ] GC(11) Concurrent Mark From Roots
[2025-10-16T09:06:37.946+0000][7][gc,task     ] GC(11) Using 2 workers of 2 for marking
[2025-10-16T09:06:38.017+0000][7][safepoint   ] Safepoint "CollectForMetadataAllocation", Time since last: 83296117 ns, Reaching safepoint: 32132 ns, Cleanup: 8083 ns, At safepoint: 1126860 ns, Total: 1167075 ns
[2025-10-16T09:06:38.042+0000][7][gc,marking  ] GC(11) Concurrent Mark From Roots 96.328ms
[2025-10-16T09:06:38.042+0000][7][gc,marking  ] GC(11) Concurrent Preclean
[2025-10-16T09:06:38.043+0000][7][gc,marking  ] GC(11) Concurrent Preclean 0.909ms
[2025-10-16T09:06:38.043+0000][7][gc,start    ] GC(11) Pause Remark
[2025-10-16T09:06:38.062+0000][7][gc          ] GC(11) Pause Remark 64M->64M(3072M) 19.040ms
[2025-10-16T09:06:38.062+0000][7][gc,cpu      ] GC(11) User=0.04s Sys=0.00s Real=0.02s
[2025-10-16T09:06:38.062+0000][7][safepoint   ] Safepoint "G1PauseRemark", Time since last: 25598741 ns, Reaching safepoint: 268180 ns, Cleanup: 13195 ns, At safepoint: 19125091 ns, Total: 19406466 ns
[2025-10-16T09:06:38.063+0000][7][gc,marking  ] GC(11) Concurrent Mark 117.422ms
[2025-10-16T09:06:38.063+0000][7][gc,marking  ] GC(11) Concurrent Rebuild Remembered Sets and Scrub Regions
[2025-10-16T09:06:38.080+0000][7][gc,marking  ] GC(11) Concurrent Rebuild Remembered Sets and Scrub Regions 17.283ms
[2025-10-16T09:06:38.080+0000][7][gc,start    ] GC(11) Pause Cleanup
[2025-10-16T09:06:38.081+0000][7][gc          ] GC(11) Pause Cleanup 64M->64M(3072M) 0.246ms
[2025-10-16T09:06:38.081+0000][7][gc,cpu      ] GC(11) User=0.00s Sys=0.00s Real=0.00s
[2025-10-16T09:06:38.081+0000][7][safepoint   ] Safepoint "G1PauseCleanup", Time since last: 17862862 ns, Reaching safepoint: 123191 ns, Cleanup: 9177 ns, At safepoint: 280005 ns, Total: 412373 ns
[2025-10-16T09:06:38.081+0000][7][gc,marking  ] GC(11) Concurrent Clear Claimed Marks
[2025-10-16T09:06:38.081+0000][7][gc,marking  ] GC(11) Concurrent Clear Claimed Marks 0.087ms
[2025-10-16T09:06:38.081+0000][7][gc,marking  ] GC(11) Concurrent Cleanup for Next Mark
[2025-10-16T09:06:38.085+0000][7][gc,marking  ] GC(11) Concurrent Cleanup for Next Mark 4.455ms
[2025-10-16T09:06:38.085+0000][7][gc          ] GC(11) Concurrent Mark Cycle 152.632ms
[2025-10-16T09:06:39.081+0000][7][safepoint   ] Safepoint "Cleanup", Time since last: 1000074525 ns, Reaching safepoint: 134245 ns, Cleanup: 31610 ns, At safepoint: 6228 ns, Total: 172083 ns
[2025-10-16T09:06:39.875+0000][7][safepoint   ] Safepoint "ICBufferFull", Time since last: 794122823 ns, Reaching safepoint: 67228 ns, Cleanup: 66328 ns, At safepoint: 4257 ns, Total: 137813 ns
[2025-10-16T09:06:40.815+0000][7][safepoint   ] Safepoint "ICBufferFull", Time since last: 939636915 ns, Reaching safepoint: 5261 ns, Cleanup: 99557 ns, At safepoint: 5830 ns, Total: 110648 ns
[2025-10-16T09:06:41.250+0000][7][safepoint   ] Safepoint "ICBufferFull", Time since last: 434632730 ns, Reaching safepoint: 6166 ns, Cleanup: 88255 ns, At safepoint: 8263 ns, Total: 102684 ns
[2025-10-16T09:06:41.820+0000][7][safepoint   ] Safepoint "ICBufferFull", Time since last: 570626898 ns, Reaching safepoint: 6971 ns, Cleanup: 100725 ns, At safepoint: 6224 ns, Total: 113920 ns
[2025-10-16T09:06:42.175+0000][7][safepoint   ] Safepoint "ICBufferFull", Time since last: 354076434 ns, Reaching safepoint: 78951 ns, Cleanup: 92831 ns, At safepoint: 7374 ns, Total: 179156 ns
[2025-10-16T09:06:42.731+0000][7][safepoint   ] Safepoint "ICBufferFull", Time since last: 556644815 ns, Reaching safepoint: 10259 ns, Cleanup: 116996 ns, At safepoint: 6164 ns, Total: 133419 ns
[2025-10-16T09:06:42.932+0000][7][gc,start    ] GC(12) Pause Young (Prepare Mixed) (Metadata GC Threshold)
[2025-10-16T09:06:42.932+0000][7][gc,task     ] GC(12) Using 8 workers of 8 for evacuation
[2025-10-16T09:06:42.932+0000][7][gc,age      ] GC(12) Desired survivor size 94371840 bytes, new threshold 15 (max threshold 15)
[2025-10-16T09:06:42.952+0000][7][gc,phases   ] GC(12)   Pre Evacuate Collection Set: 0.55ms
[2025-10-16T09:06:42.952+0000][7][gc,phases   ] GC(12)   Merge Heap Roots: 0.09ms
[2025-10-16T09:06:42.952+0000][7][gc,phases   ] GC(12)   Evacuate Collection Set: 16.80ms
[2025-10-16T09:06:42.952+0000][7][gc,phases   ] GC(12)   Post Evacuate Collection Set: 2.15ms
[2025-10-16T09:06:42.952+0000][7][gc,phases   ] GC(12)   Other: 0.06ms
[2025-10-16T09:06:42.952+0000][7][gc,age      ] GC(12) Age table with threshold 15 (max threshold 15)
[2025-10-16T09:06:42.952+0000][7][gc,age      ] GC(12) - age   1:   22232808 bytes,   22232808 total
[2025-10-16T09:06:42.952+0000][7][gc,age      ] GC(12) - age   2:   10904600 bytes,   33137408 total
[2025-10-16T09:06:42.952+0000][7][gc,age      ] GC(12) - age   3:      43216 bytes,   33180624 total
[2025-10-16T09:06:42.952+0000][7][gc,age      ] GC(12) - age   4:      35144 bytes,   33215768 total
[2025-10-16T09:06:42.952+0000][7][gc,heap     ] GC(12) Eden regions: 94->0(326)
[2025-10-16T09:06:42.952+0000][7][gc,heap     ] GC(12) Survivor regions: 3->9(45)
[2025-10-16T09:06:42.952+0000][7][gc,heap     ] GC(12) Old regions: 12->12
[2025-10-16T09:06:42.952+0000][7][gc,heap     ] GC(12) Humongous regions: 2->2
[2025-10-16T09:06:42.952+0000][7][gc,metaspace] GC(12) Metaspace: 100970K(103680K)->100970K(103680K) NonClass: 86392K(87872K)->86392K(87872K) Class: 14577K(15808K)->14577K(15808K)
[2025-10-16T09:06:42.952+0000][7][gc          ] GC(12) Pause Young (Prepare Mixed) (Metadata GC Threshold) 441M->87M(3072M) 19.799ms
[2025-10-16T09:06:42.952+0000][7][gc,cpu      ] GC(12) User=0.10s Sys=0.00s Real=0.02s
[2025-10-16T09:06:42.952+0000][7][safepoint   ] Safepoint "CollectForMetadataAllocation", Time since last: 200948406 ns, Reaching safepoint: 5890 ns, Cleanup: 28705 ns, At safepoint: 19877660 ns, Total: 19912255 ns
[2025-10-16T09:06:42.955+0000][7][safepoint   ] Safepoint "CollectForMetadataAllocation", Time since last: 2376688 ns, Reaching safepoint: 72649 ns, Cleanup: 4698 ns, At safepoint: 8258 ns, Total: 85605 ns
[2025-10-16T09:06:42.957+0000][7][safepoint   ] Safepoint "CollectForMetadataAllocation", Time since last: 1639301 ns, Reaching safepoint: 70252 ns, Cleanup: 6454 ns, At safepoint: 215468 ns, Total: 292174 ns
[2025-10-16T09:06:43.966+0000][7][safepoint   ] Safepoint "Cleanup", Time since last: 1006722310 ns, Reaching safepoint: 1541080 ns, Cleanup: 54000 ns, At safepoint: 1384005 ns, Total: 2979085 ns
[2025-10-16T09:06:43.990+0000][7][gc,start    ] GC(13) Pause Young (Mixed) (Metadata GC Threshold)
[2025-10-16T09:06:43.990+0000][7][gc,task     ] GC(13) Using 8 workers of 8 for evacuation
[2025-10-16T09:06:43.990+0000][7][gc,age      ] GC(13) Desired survivor size 88080384 bytes, new threshold 15 (max threshold 15)
[2025-10-16T09:06:44.067+0000][7][gc,phases   ] GC(13)   Pre Evacuate Collection Set: 0.25ms
[2025-10-16T09:06:44.067+0000][7][gc,phases   ] GC(13)   Merge Heap Roots: 1.04ms
[2025-10-16T09:06:44.067+0000][7][gc,phases   ] GC(13)   Evacuate Collection Set: 73.78ms
[2025-10-16T09:06:44.067+0000][7][gc,phases   ] GC(13)   Post Evacuate Collection Set: 2.13ms
[2025-10-16T09:06:44.067+0000][7][gc,phases   ] GC(13)   Other: 0.09ms
[2025-10-16T09:06:44.067+0000][7][gc,age      ] GC(13) Age table with threshold 15 (max threshold 15)
[2025-10-16T09:06:44.067+0000][7][gc,age      ] GC(13) - age   1:     206640 bytes,     206640 total
[2025-10-16T09:06:44.067+0000][7][gc,age      ] GC(13) - age   2:   18559984 bytes,   18766624 total
[2025-10-16T09:06:44.067+0000][7][gc,age      ] GC(13) - age   3:   10904568 bytes,   29671192 total
[2025-10-16T09:06:44.067+0000][7][gc,age      ] GC(13) - age   4:      43216 bytes,   29714408 total
[2025-10-16T09:06:44.067+0000][7][gc,age      ] GC(13) - age   5:      35144 bytes,   29749552 total
[2025-10-16T09:06:44.067+0000][7][gc,heap     ] GC(13) Eden regions: 38->0(373)
[2025-10-16T09:06:44.067+0000][7][gc,heap     ] GC(13) Survivor regions: 9->8(42)
[2025-10-16T09:06:44.067+0000][7][gc,heap     ] GC(13) Old regions: 12->12
[2025-10-16T09:06:44.067+0000][7][gc,heap     ] GC(13) Humongous regions: 2->2
[2025-10-16T09:06:44.067+0000][7][gc,metaspace] GC(13) Metaspace: 101200K(104000K)->101200K(104000K) NonClass: 86615K(88128K)->86615K(88128K) Class: 14585K(15872K)->14585K(15872K)
[2025-10-16T09:06:44.067+0000][7][gc          ] GC(13) Pause Young (Mixed) (Metadata GC Threshold) 237M->85M(3072M) 77.470ms
[2025-10-16T09:06:44.067+0000][7][gc,cpu      ] GC(13) User=0.14s Sys=0.00s Real=0.08s
[2025-10-16T09:06:44.068+0000][7][safepoint   ] Safepoint "CollectForMetadataAllocation", Time since last: 23133256 ns, Reaching safepoint: 77631 ns, Cleanup: 3319 ns, At safepoint: 78773063 ns, Total: 78854013 ns
[2025-10-16T09:06:44.244+0000][7][gc,start    ] GC(14) Pause Young (Concurrent Start) (Metadata GC Threshold)
[2025-10-16T09:06:44.244+0000][7][gc,task     ] GC(14) Using 8 workers of 8 for evacuation
[2025-10-16T09:06:44.244+0000][7][gc,age      ] GC(14) Desired survivor size 98566144 bytes, new threshold 15 (max threshold 15)
[2025-10-16T09:06:44.296+0000][7][gc,phases   ] GC(14)   Pre Evacuate Collection Set: 0.24ms
[2025-10-16T09:06:44.296+0000][7][gc,phases   ] GC(14)   Merge Heap Roots: 0.07ms
[2025-10-16T09:06:44.296+0000][7][gc,phases   ] GC(14)   Evacuate Collection Set: 46.95ms
[2025-10-16T09:06:44.296+0000][7][gc,phases   ] GC(14)   Post Evacuate Collection Set: 5.22ms
[2025-10-16T09:06:44.296+0000][7][gc,phases   ] GC(14)   Other: 0.11ms
[2025-10-16T09:06:44.296+0000][7][gc,age      ] GC(14) Age table with threshold 15 (max threshold 15)
[2025-10-16T09:06:44.296+0000][7][gc,age      ] GC(14) - age   1:      81496 bytes,      81496 total
[2025-10-16T09:06:44.296+0000][7][gc,age      ] GC(14) - age   2:     180720 bytes,     262216 total
[2025-10-16T09:06:44.296+0000][7][gc,age      ] GC(14) - age   3:   18559352 bytes,   18821568 total
[2025-10-16T09:06:44.296+0000][7][gc,age      ] GC(14) - age   4:   10904568 bytes,   29726136 total
[2025-10-16T09:06:44.296+0000][7][gc,age      ] GC(14) - age   5:      43216 bytes,   29769352 total
[2025-10-16T09:06:44.296+0000][7][gc,age      ] GC(14) - age   6:      35144 bytes,   29804496 total
[2025-10-16T09:06:44.296+0000][7][gc,heap     ] GC(14) Eden regions: 3->0(452)
[2025-10-16T09:06:44.296+0000][7][gc,heap     ] GC(14) Survivor regions: 8->8(47)
[2025-10-16T09:06:44.297+0000][7][gc,heap     ] GC(14) Old regions: 12->13
[2025-10-16T09:06:44.297+0000][7][gc,heap     ] GC(14) Humongous regions: 2->2
[2025-10-16T09:06:44.297+0000][7][gc,metaspace] GC(14) Metaspace: 101540K(104320K)->101540K(104320K) NonClass: 86894K(88384K)->86894K(88384K) Class: 14646K(15936K)->14646K(15936K)
[2025-10-16T09:06:44.297+0000][7][gc          ] GC(14) Pause Young (Concurrent Start) (Metadata GC Threshold) (Evacuation Failure: Pinned) 95M->88M(3072M) 52.786ms
[2025-10-16T09:06:44.297+0000][7][gc,cpu      ] GC(14) User=0.07s Sys=0.00s Real=0.05s
[2025-10-16T09:06:44.297+0000][7][gc          ] GC(15) Concurrent Mark Cycle
[2025-10-16T09:06:44.297+0000][7][safepoint   ] Safepoint "CollectForMetadataAllocation", Time since last: 175316316 ns, Reaching safepoint: 8255 ns, Cleanup: 8138 ns, At safepoint: 52880859 ns, Total: 52897252 ns
[2025-10-16T09:06:44.297+0000][7][gc,marking  ] GC(15) Concurrent Scan Root Regions
[2025-10-16T09:06:44.347+0000][7][gc,marking  ] GC(15) Concurrent Scan Root Regions 50.852ms
[2025-10-16T09:06:44.348+0000][7][gc,marking  ] GC(15) Concurrent Mark
[2025-10-16T09:06:44.348+0000][7][gc,marking  ] GC(15) Concurrent Mark From Roots
[2025-10-16T09:06:44.348+0000][7][gc,task     ] GC(15) Using 2 workers of 2 for marking
[2025-10-16T09:06:44.444+0000][7][gc,marking  ] GC(15) Concurrent Mark From Roots 96.592ms
[2025-10-16T09:06:44.444+0000][7][gc,marking  ] GC(15) Concurrent Preclean
[2025-10-16T09:06:44.444+0000][7][gc,marking  ] GC(15) Concurrent Preclean 0.161ms
[2025-10-16T09:06:44.458+0000][7][gc,start    ] GC(15) Pause Remark
[2025-10-16T09:06:44.473+0000][7][gc          ] GC(15) Pause Remark 104M->104M(3072M) 15.075ms
[2025-10-16T09:06:44.473+0000][7][gc,cpu      ] GC(15) User=0.03s Sys=0.00s Real=0.02s
[2025-10-16T09:06:44.473+0000][7][safepoint   ] Safepoint "G1PauseRemark", Time since last: 147732225 ns, Reaching safepoint: 13930554 ns, Cleanup: 15478 ns, At safepoint: 15154326 ns, Total: 29100358 ns
[2025-10-16T09:06:44.473+0000][7][gc,marking  ] GC(15) Concurrent Mark 125.961ms
[2025-10-16T09:06:44.473+0000][7][gc,marking  ] GC(15) Concurrent Rebuild Remembered Sets and Scrub Regions
[2025-10-16T09:06:44.507+0000][7][gc,marking  ] GC(15) Concurrent Rebuild Remembered Sets and Scrub Regions 33.511ms
[2025-10-16T09:06:44.508+0000][7][gc,start    ] GC(15) Pause Cleanup
[2025-10-16T09:06:44.509+0000][7][gc          ] GC(15) Pause Cleanup 104M->104M(3072M) 0.186ms
[2025-10-16T09:06:44.509+0000][7][gc,cpu      ] GC(15) User=0.00s Sys=0.00s Real=0.00s
[2025-10-16T09:06:44.509+0000][7][safepoint   ] Safepoint "G1PauseCleanup", Time since last: 34965523 ns, Reaching safepoint: 9472 ns, Cleanup: 11594 ns, At safepoint: 969453 ns, Total: 990519 ns
[2025-10-16T09:06:44.510+0000][7][gc,marking  ] GC(15) Concurrent Clear Claimed Marks
[2025-10-16T09:06:44.510+0000][7][gc,marking  ] GC(15) Concurrent Clear Claimed Marks 0.190ms
[2025-10-16T09:06:44.510+0000][7][gc,marking  ] GC(15) Concurrent Cleanup for Next Mark
[2025-10-16T09:06:44.515+0000][7][gc,marking  ] GC(15) Concurrent Cleanup for Next Mark 5.051ms
[2025-10-16T09:06:44.515+0000][7][gc          ] GC(15) Concurrent Mark Cycle 218.859ms
[2025-10-16T09:06:45.510+0000][7][safepoint   ] Safepoint "Cleanup", Time since last: 1000086426 ns, Reaching safepoint: 8506 ns, Cleanup: 43501 ns, At safepoint: 5637 ns, Total: 57644 ns
[2025-10-16T09:06:46.510+0000][7][safepoint   ] Safepoint "Cleanup", Time since last: 1000129748 ns, Reaching safepoint: 6553 ns, Cleanup: 13365 ns, At safepoint: 4772 ns, Total: 24690 ns
[2025-10-16T09:06:47.510+0000][7][safepoint   ] Safepoint "Cleanup", Time since last: 1000091565 ns, Reaching safepoint: 8384 ns, Cleanup: 13022 ns, At safepoint: 6052 ns, Total: 27458 ns
[2025-10-16T09:06:48.510+0000][7][safepoint   ] Safepoint "Cleanup", Time since last: 1000084657 ns, Reaching safepoint: 8076 ns, Cleanup: 13698 ns, At safepoint: 5455 ns, Total: 27229 ns
[2025-10-16T09:06:49.510+0000][7][safepoint   ] Safepoint "Cleanup", Time since last: 1000125639 ns, Reaching safepoint: 6751 ns, Cleanup: 13785 ns, At safepoint: 5419 ns, Total: 25955 ns
[2025-10-16T09:06:51.358+0000][7][safepoint   ] Safepoint "Cleanup", Time since last: 1848285648 ns, Reaching safepoint: 7729 ns, Cleanup: 35126 ns, At safepoint: 3159 ns, Total: 46014 ns
[2025-10-16T09:06:52.339+0000][7][safepoint   ] Safepoint "ICBufferFull", Time since last: 979884843 ns, Reaching safepoint: 103156 ns, Cleanup: 85908 ns, At safepoint: 12671 ns, Total: 201735 ns
[2025-10-16T09:06:53.363+0000][7][safepoint   ] Safepoint "Cleanup", Time since last: 1024481025 ns, Reaching safepoint: 26834 ns, Cleanup: 52912 ns, At safepoint: 14209 ns, Total: 93955 ns
[2025-10-16T09:06:54.363+0000][7][safepoint   ] Safepoint "Cleanup", Time since last: 1000173831 ns, Reaching safepoint: 58933 ns, Cleanup: 37191 ns, At safepoint: 20549 ns, Total: 116673 ns
[2025-10-16T09:06:56.364+0000][7][safepoint   ] Safepoint "Cleanup", Time since last: 2000265657 ns, Reaching safepoint: 16467 ns, Cleanup: 12658 ns, At safepoint: 7096 ns, Total: 36221 ns
[2025-10-16T09:06:57.364+0000][7][safepoint   ] Safepoint "Cleanup", Time since last: 1000110672 ns, Reaching safepoint: 11172 ns, Cleanup: 11691 ns, At safepoint: 6862 ns, Total: 29725 ns
[2025-10-16T09:06:58.364+0000][7][safepoint   ] Safepoint "Cleanup", Time since last: 1000111627 ns, Reaching safepoint: 17463 ns, Cleanup: 19402 ns, At safepoint: 9353 ns, Total: 46218 ns
[2025-10-16T09:06:59.364+0000][7][safepoint   ] Safepoint "Cleanup", Time since last: 1000106792 ns, Reaching safepoint: 7667 ns, Cleanup: 9899 ns, At safepoint: 5037 ns, Total: 22603 ns
[2025-10-16T09:07:00.365+0000][7][safepoint   ] Safepoint "Cleanup", Time since last: 1001320810 ns, Reaching safepoint: 11765 ns, Cleanup: 38199 ns, At safepoint: 7024 ns, Total: 56988 ns
[2025-10-16T09:07:01.366+0000][7][safepoint   ] Safepoint "Cleanup", Time since last: 1000102608 ns, Reaching safepoint: 12187 ns, Cleanup: 31919 ns, At safepoint: 7294 ns, Total: 51400 ns
[2025-10-16T09:07:02.366+0000][7][safepoint   ] Safepoint "Cleanup", Time since last: 1000089485 ns, Reaching safepoint: 14354 ns, Cleanup: 47248 ns, At safepoint: 7513 ns, Total: 69115 ns
[2025-10-16T09:07:03.366+0000][7][safepoint   ] Safepoint "Cleanup", Time since last: 1000124095 ns, Reaching safepoint: 24355 ns, Cleanup: 11745 ns, At safepoint: 9104 ns, Total: 45204 ns
[2025-10-16T09:07:05.366+0000][7][safepoint   ] Safepoint "Cleanup", Time since last: 2000164363 ns, Reaching safepoint: 9230 ns, Cleanup: 11218 ns, At safepoint: 3483 ns, Total: 23931 ns
[2025-10-16T09:07:08.366+0000][7][safepoint   ] Safepoint "Cleanup", Time since last: 3000262371 ns, Reaching safepoint: 19597 ns, Cleanup: 14767 ns, At safepoint: 5345 ns, Total: 39709 ns
[2025-10-16T09:07:10.367+0000][7][safepoint   ] Safepoint "Cleanup", Time since last: 2000190821 ns, Reaching safepoint: 18059 ns, Cleanup: 13637 ns, At safepoint: 8462 ns, Total: 40158 ns
[2025-10-16T09:07:11.367+0000][7][safepoint   ] Safepoint "Cleanup", Time since last: 1000120060 ns, Reaching safepoint: 11539 ns, Cleanup: 10217 ns, At safepoint: 6426 ns, Total: 28182 ns
[2025-10-16T09:07:12.367+0000][7][safepoint   ] Safepoint "Cleanup", Time since last: 1000115363 ns, Reaching safepoint: 12229 ns, Cleanup: 17700 ns, At safepoint: 7283 ns, Total: 37212 ns
[2025-10-16T09:07:13.367+0000][7][safepoint   ] Safepoint "Cleanup", Time since last: 1000134608 ns, Reaching safepoint: 30072 ns, Cleanup: 23014 ns, At safepoint: 12593 ns, Total: 65679 ns
[2025-10-16T09:07:14.367+0000][7][safepoint   ] Safepoint "Cleanup", Time since last: 1000115543 ns, Reaching safepoint: 9845 ns, Cleanup: 14200 ns, At safepoint: 6814 ns, Total: 30859 ns
[2025-10-16T09:07:18.344+0000][7][safepoint   ] Safepoint "Cleanup", Time since last: 3976647404 ns, Reaching safepoint: 9002 ns, Cleanup: 10199 ns, At safepoint: 5164 ns, Total: 24365 ns
[2025-10-16T09:07:19.344+0000][7][safepoint   ] Safepoint "Cleanup", Time since last: 1000100276 ns, Reaching safepoint: 22808 ns, Cleanup: 9306 ns, At safepoint: 5459 ns, Total: 37573 ns
[2025-10-16T09:07:20.344+0000][7][safepoint   ] Safepoint "Cleanup", Time since last: 1000093269 ns, Reaching safepoint: 11521 ns, Cleanup: 9784 ns, At safepoint: 6524 ns, Total: 27829 ns
[2025-10-16T09:07:22.344+0000][7][safepoint   ] Safepoint "Cleanup", Time since last: 2000161265 ns, Reaching safepoint: 10577 ns, Cleanup: 11666 ns, At safepoint: 5552 ns, Total: 27795 ns
[2025-10-16T09:07:26.345+0000][7][safepoint   ] Safepoint "Cleanup", Time since last: 4000292693 ns, Reaching safepoint: 8279 ns, Cleanup: 10191 ns, At safepoint: 4473 ns, Total: 22943 ns
[2025-10-16T09:07:28.345+0000][7][safepoint   ] Safepoint "Cleanup", Time since last: 2000177309 ns, Reaching safepoint: 18117 ns, Cleanup: 24104 ns, At safepoint: 14585 ns, Total: 56806 ns
[2025-10-16T09:07:34.346+0000][7][safepoint   ] Safepoint "Cleanup", Time since last: 6000650032 ns, Reaching safepoint: 28615 ns, Cleanup: 12672 ns, At safepoint: 6077 ns, Total: 47364 ns
[2025-10-16T09:07:36.346+0000][7][safepoint   ] Safepoint "Cleanup", Time since last: 2000226132 ns, Reaching safepoint: 18396 ns, Cleanup: 17772 ns, At safepoint: 15024 ns, Total: 51192 ns
[2025-10-16T09:07:37.346+0000][7][safepoint   ] Safepoint "Cleanup", Time since last: 1000120882 ns, Reaching safepoint: 8664 ns, Cleanup: 12261 ns, At safepoint: 5411 ns, Total: 26336 ns
[2025-10-16T09:07:38.346+0000][7][safepoint   ] Safepoint "Cleanup", Time since last: 1000061431 ns, Reaching safepoint: 7720 ns, Cleanup: 7736 ns, At safepoint: 3860 ns, Total: 19316 ns
[2025-10-16T09:07:40.346+0000][7][safepoint   ] Safepoint "Cleanup", Time since last: 2000132500 ns, Reaching safepoint: 18694 ns, Cleanup: 26198 ns, At safepoint: 47579 ns, Total: 92471 ns
[2025-10-16T09:07:42.347+0000][7][safepoint   ] Safepoint "Cleanup", Time since last: 2000176209 ns, Reaching safepoint: 12020 ns, Cleanup: 13104 ns, At safepoint: 5745 ns, Total: 30869 ns
[2025-10-16T09:07:43.348+0000][7][safepoint   ] Safepoint "Cleanup", Time since last: 1001024383 ns, Reaching safepoint: 7798 ns, Cleanup: 9699 ns, At safepoint: 4606 ns, Total: 22103 ns
[2025-10-16T09:07:46.348+0000][7][safepoint   ] Safepoint "Cleanup", Time since last: 3000185291 ns, Reaching safepoint: 7004 ns, Cleanup: 9501 ns, At safepoint: 3784 ns, Total: 20289 ns
[2025-10-16T09:07:51.348+0000][7][safepoint   ] Safepoint "Cleanup", Time since last: 5000308871 ns, Reaching safepoint: 16081 ns, Cleanup: 8525 ns, At safepoint: 5463 ns, Total: 30069 ns
[2025-10-16T09:07:53.349+0000][7][safepoint   ] Safepoint "Cleanup", Time since last: 2000224444 ns, Reaching safepoint: 18432 ns, Cleanup: 25337 ns, At safepoint: 14643 ns, Total: 58412 ns
[2025-10-16T09:07:55.349+0000][7][safepoint   ] Safepoint "Cleanup", Time since last: 2000205717 ns, Reaching safepoint: 26982 ns, Cleanup: 7038 ns, At safepoint: 3741 ns, Total: 37761 ns
[2025-10-16T09:07:56.349+0000][7][safepoint   ] Safepoint "Cleanup", Time since last: 1000185900 ns, Reaching safepoint: 18698 ns, Cleanup: 17053 ns, At safepoint: 15759 ns, Total: 51510 ns
[2025-10-16T09:07:57.349+0000][7][safepoint   ] Safepoint "Cleanup", Time since last: 1000107055 ns, Reaching safepoint: 6990 ns, Cleanup: 6872 ns, At safepoint: 4064 ns, Total: 17926 ns
[2025-10-16T09:08:00.349+0000][7][safepoint   ] Safepoint "Cleanup", Time since last: 3000311322 ns, Reaching safepoint: 24995 ns, Cleanup: 22089 ns, At safepoint: 25450 ns, Total: 72534 ns
[2025-10-16T09:08:02.350+0000][7][safepoint   ] Safepoint "Cleanup", Time since last: 2000188196 ns, Reaching safepoint: 6815 ns, Cleanup: 6919 ns, At safepoint: 22594 ns, Total: 36328 ns
[2025-10-16T09:08:03.350+0000][7][safepoint   ] Safepoint "Cleanup", Time since last: 1000141587 ns, Reaching safepoint: 6614 ns, Cleanup: 6683 ns, At safepoint: 2982 ns, Total: 16279 ns
[2025-10-16T09:08:04.350+0000][7][safepoint   ] Safepoint "Cleanup", Time since last: 1000255730 ns, Reaching safepoint: 18586 ns, Cleanup: 17835 ns, At safepoint: 14238 ns, Total: 50659 ns
[2025-10-16T09:08:07.351+0000][7][safepoint   ] Safepoint "Cleanup", Time since last: 3000427462 ns, Reaching safepoint: 19004 ns, Cleanup: 6985 ns, At safepoint: 5853 ns, Total: 31842 ns
[2025-10-16T09:08:09.351+0000][7][safepoint   ] Safepoint "Cleanup", Time since last: 2000141243 ns, Reaching safepoint: 7662 ns, Cleanup: 6782 ns, At safepoint: 5388 ns, Total: 19832 ns
[2025-10-16T09:08:11.351+0000][7][safepoint   ] Safepoint "Cleanup", Time since last: 2000146356 ns, Reaching safepoint: 8077 ns, Cleanup: 8265 ns, At safepoint: 4759 ns, Total: 21101 ns
[2025-10-16T09:08:17.364+0000][7][safepoint   ] Safepoint "Cleanup", Time since last: 6012729632 ns, Reaching safepoint: 7512 ns, Cleanup: 10606 ns, At safepoint: 4968 ns, Total: 23086 ns
[2025-10-16T09:08:19.364+0000][7][safepoint   ] Safepoint "Cleanup", Time since last: 2000210421 ns, Reaching safepoint: 7363 ns, Cleanup: 7772 ns, At safepoint: 4808 ns, Total: 19943 ns
[2025-10-16T09:08:21.364+0000][7][safepoint   ] Safepoint "Cleanup", Time since last: 2000177292 ns, Reaching safepoint: 19003 ns, Cleanup: 18120 ns, At safepoint: 16303 ns, Total: 53426 ns
[2025-10-16T09:08:24.365+0000][7][safepoint   ] Safepoint "Cleanup", Time since last: 3000289558 ns, Reaching safepoint: 7910 ns, Cleanup: 24501 ns, At safepoint: 5025 ns, Total: 37436 ns
[2025-10-16T09:08:25.365+0000][7][safepoint   ] Safepoint "Cleanup", Time since last: 1000168518 ns, Reaching safepoint: 7354 ns, Cleanup: 9126 ns, At safepoint: 4831 ns, Total: 21311 ns
[2025-10-16T09:08:27.365+0000][7][safepoint   ] Safepoint "Cleanup", Time since last: 2000464336 ns, Reaching safepoint: 6654 ns, Cleanup: 9993 ns, At safepoint: 4834 ns, Total: 21481 ns
[2025-10-16T09:08:29.366+0000][7][safepoint   ] Safepoint "Cleanup", Time since last: 2000322787 ns, Reaching safepoint: 20440 ns, Cleanup: 8480 ns, At safepoint: 5186 ns, Total: 34106 ns
[2025-10-16T09:08:31.366+0000][7][safepoint   ] Safepoint "Cleanup", Time since last: 2000147143 ns, Reaching safepoint: 6825 ns, Cleanup: 7647 ns, At safepoint: 4823 ns, Total: 19295 ns
[2025-10-16T09:08:35.366+0000][7][safepoint   ] Safepoint "Cleanup", Time since last: 4000334911 ns, Reaching safepoint: 7645 ns, Cleanup: 7442 ns, At safepoint: 4451 ns, Total: 19538 ns
[2025-10-16T09:08:39.367+0000][7][safepoint   ] Safepoint "Cleanup", Time since last: 4000585127 ns, Reaching safepoint: 6752 ns, Cleanup: 5126 ns, At safepoint: 3953 ns, Total: 15831 ns
[2025-10-16T09:08:41.367+0000][7][safepoint   ] Safepoint "Cleanup", Time since last: 2000181294 ns, Reaching safepoint: 6982 ns, Cleanup: 7977 ns, At safepoint: 4779 ns, Total: 19738 ns
[2025-10-16T09:08:42.367+0000][7][safepoint   ] Safepoint "Cleanup", Time since last: 1000113377 ns, Reaching safepoint: 7951 ns, Cleanup: 9822 ns, At safepoint: 4519 ns, Total: 22292 ns
[2025-10-16T09:08:43.367+0000][7][safepoint   ] Safepoint "Cleanup", Time since last: 1000103344 ns, Reaching safepoint: 7367 ns, Cleanup: 8521 ns, At safepoint: 5430 ns, Total: 21318 ns
[2025-10-16T09:08:44.367+0000][7][safepoint   ] Safepoint "Cleanup", Time since last: 1000174243 ns, Reaching safepoint: 89645 ns, Cleanup: 6454 ns, At safepoint: 7639 ns, Total: 103738 ns
[2025-10-16T09:08:46.368+0000][7][safepoint   ] Safepoint "Cleanup", Time since last: 2000153940 ns, Reaching safepoint: 7222 ns, Cleanup: 7511 ns, At safepoint: 4141 ns, Total: 18874 ns
[2025-10-16T09:08:48.368+0000][7][safepoint   ] Safepoint "Cleanup", Time since last: 2000187467 ns, Reaching safepoint: 7468 ns, Cleanup: 12856 ns, At safepoint: 4062 ns, Total: 24386 ns
[2025-10-16T09:08:50.368+0000][7][safepoint   ] Safepoint "Cleanup", Time since last: 2000179716 ns, Reaching safepoint: 19202 ns, Cleanup: 20657 ns, At safepoint: 15992 ns, Total: 55851 ns
[2025-10-16T09:08:52.368+0000][7][safepoint   ] Safepoint "Cleanup", Time since last: 2000297927 ns, Reaching safepoint: 19033 ns, Cleanup: 17903 ns, At safepoint: 14309 ns, Total: 51245 ns
[2025-10-16T09:08:54.369+0000][7][safepoint   ] Safepoint "Cleanup", Time since last: 2000324723 ns, Reaching safepoint: 7658 ns, Cleanup: 8548 ns, At safepoint: 4658 ns, Total: 20864 ns
[2025-10-16T09:08:57.369+0000][7][safepoint   ] Safepoint "Cleanup", Time since last: 3000238558 ns, Reaching safepoint: 24758 ns, Cleanup: 6954 ns, At safepoint: 5556 ns, Total: 37268 ns
[2025-10-16T09:08:58.369+0000][7][safepoint   ] Safepoint "Cleanup", Time since last: 1000208720 ns, Reaching safepoint: 8811 ns, Cleanup: 7500 ns, At safepoint: 5238 ns, Total: 21549 ns
[2025-10-16T09:09:02.370+0000][7][safepoint   ] Safepoint "Cleanup", Time since last: 4000343353 ns, Reaching safepoint: 19901 ns, Cleanup: 8515 ns, At safepoint: 5182 ns, Total: 33598 ns
[2025-10-16T09:09:06.370+0000][7][safepoint   ] Safepoint "Cleanup", Time since last: 4000302446 ns, Reaching safepoint: 8042 ns, Cleanup: 8220 ns, At safepoint: 5145 ns, Total: 21407 ns
[2025-10-16T09:09:07.370+0000][7][safepoint   ] Safepoint "Cleanup", Time since last: 1000117473 ns, Reaching safepoint: 18161 ns, Cleanup: 32492 ns, At safepoint: 13951 ns, Total: 64604 ns
[2025-10-16T09:09:08.370+0000][7][safepoint   ] Safepoint "Cleanup", Time since last: 1000110388 ns, Reaching safepoint: 7086 ns, Cleanup: 9844 ns, At safepoint: 4760 ns, Total: 21690 ns
[2025-10-16T09:09:10.370+0000][7][safepoint   ] Safepoint "Cleanup", Time since last: 2000172463 ns, Reaching safepoint: 8337 ns, Cleanup: 8422 ns, At safepoint: 5639 ns, Total: 22398 ns
[2025-10-16T09:09:12.372+0000][7][safepoint   ] Safepoint "Cleanup", Time since last: 2001046148 ns, Reaching safepoint: 7768 ns, Cleanup: 21701 ns, At safepoint: 4262 ns, Total: 33731 ns
[2025-10-16T09:09:15.372+0000][7][safepoint   ] Safepoint "Cleanup", Time since last: 3000211256 ns, Reaching safepoint: 21714 ns, Cleanup: 15876 ns, At safepoint: 5844 ns, Total: 43434 ns
[2025-10-16T09:09:16.372+0000][7][safepoint   ] Safepoint "Cleanup", Time since last: 1000103682 ns, Reaching safepoint: 12191 ns, Cleanup: 13084 ns, At safepoint: 6005 ns, Total: 31280 ns
[2025-10-16T09:09:21.386+0000][7][safepoint   ] Safepoint "Cleanup", Time since last: 5014487527 ns, Reaching safepoint: 35357 ns, Cleanup: 24813 ns, At safepoint: 4923 ns, Total: 65093 ns
[2025-10-16T09:09:24.908+0000][7][safepoint   ] Safepoint "Cleanup", Time since last: 3521614078 ns, Reaching safepoint: 12691 ns, Cleanup: 43971 ns, At safepoint: 7183 ns, Total: 63845 ns
[2025-10-16T09:09:25.539+0000][7][safepoint   ] Safepoint "ICBufferFull", Time since last: 625834230 ns, Reaching safepoint: 3330504 ns, Cleanup: 134486 ns, At safepoint: 2019812 ns, Total: 5484802 ns
[2025-10-16T09:09:26.541+0000][7][safepoint   ] Safepoint "Cleanup", Time since last: 1001069375 ns, Reaching safepoint: 9629 ns, Cleanup: 46896 ns, At safepoint: 5161 ns, Total: 61686 ns
[2025-10-16T09:09:29.541+0000][7][safepoint   ] Safepoint "Cleanup", Time since last: 3000271727 ns, Reaching safepoint: 19566 ns, Cleanup: 42175 ns, At safepoint: 15948 ns, Total: 77689 ns
[2025-10-16T09:09:30.541+0000][7][safepoint   ] Safepoint "Cleanup", Time since last: 1000143235 ns, Reaching safepoint: 48107 ns, Cleanup: 21581 ns, At safepoint: 28036 ns, Total: 97724 ns
[2025-10-16T09:09:32.556+0000][7][safepoint   ] Safepoint "Cleanup", Time since last: 2015215362 ns, Reaching safepoint: 15525 ns, Cleanup: 30188 ns, At safepoint: 5415 ns, Total: 51128 ns
[2025-10-16T09:09:34.557+0000][7][safepoint   ] Safepoint "Cleanup", Time since last: 2000151725 ns, Reaching safepoint: 8418 ns, Cleanup: 7272 ns, At safepoint: 4219 ns, Total: 19909 ns
[2025-10-16T09:09:38.557+0000][7][safepoint   ] Safepoint "Cleanup", Time since last: 4000270234 ns, Reaching safepoint: 8804 ns, Cleanup: 7717 ns, At safepoint: 4879 ns, Total: 21400 ns
[2025-10-16T09:09:39.557+0000][7][safepoint   ] Safepoint "Cleanup", Time since last: 1000086699 ns, Reaching safepoint: 8128 ns, Cleanup: 7843 ns, At safepoint: 3411 ns, Total: 19382 ns
[2025-10-16T09:09:41.557+0000][7][safepoint   ] Safepoint "Cleanup", Time since last: 2000148711 ns, Reaching safepoint: 8728 ns, Cleanup: 10016 ns, At safepoint: 4399 ns, Total: 23143 ns
[2025-10-16T09:09:42.557+0000][7][safepoint   ] Safepoint "Cleanup", Time since last: 1000164510 ns, Reaching safepoint: 6680 ns, Cleanup: 7126 ns, At safepoint: 2863 ns, Total: 16669 ns
[2025-10-16T09:09:43.557+0000][7][safepoint   ] Safepoint "Cleanup", Time since last: 1000101726 ns, Reaching safepoint: 7867 ns, Cleanup: 7654 ns, At safepoint: 4779 ns, Total: 20300 ns
[2025-10-16T09:09:45.558+0000][7][safepoint   ] Safepoint "Cleanup", Time since last: 2000515950 ns, Reaching safepoint: 23714 ns, Cleanup: 10540 ns, At safepoint: 13844 ns, Total: 48098 ns
[2025-10-16T09:09:47.558+0000][7][safepoint   ] Safepoint "Cleanup", Time since last: 2000164721 ns, Reaching safepoint: 8875 ns, Cleanup: 9521 ns, At safepoint: 5146 ns, Total: 23542 ns
[2025-10-16T09:09:49.558+0000][7][safepoint   ] Safepoint "Cleanup", Time since last: 2000168533 ns, Reaching safepoint: 8355 ns, Cleanup: 10664 ns, At safepoint: 3961 ns, Total: 22980 ns
[2025-10-16T09:09:53.559+0000][7][safepoint   ] Safepoint "Cleanup", Time since last: 4000265636 ns, Reaching safepoint: 8395 ns, Cleanup: 7119 ns, At safepoint: 3391 ns, Total: 18905 ns
[2025-10-16T09:09:55.559+0000][7][safepoint   ] Safepoint "Cleanup", Time since last: 2000150830 ns, Reaching safepoint: 11299 ns, Cleanup: 13137 ns, At safepoint: 5837 ns, Total: 30273 ns
[2025-10-16T09:09:57.559+0000][7][safepoint   ] Safepoint "Cleanup", Time since last: 2000362119 ns, Reaching safepoint: 7214 ns, Cleanup: 6708 ns, At safepoint: 5219 ns, Total: 19141 ns
[2025-10-16T09:10:01.573+0000][7][safepoint   ] Safepoint "Cleanup", Time since last: 4000253980 ns, Reaching safepoint: 12970130 ns, Cleanup: 14477 ns, At safepoint: 6109 ns, Total: 12990716 ns
[2025-10-16T09:10:04.573+0000][7][safepoint   ] Safepoint "Cleanup", Time since last: 3000340752 ns, Reaching safepoint: 6739 ns, Cleanup: 7115 ns, At safepoint: 5198 ns, Total: 19052 ns
[2025-10-16T09:10:07.573+0000][7][safepoint   ] Safepoint "Cleanup", Time since last: 3000467192 ns, Reaching safepoint: 6962 ns, Cleanup: 7224 ns, At safepoint: 4549 ns, Total: 18735 ns
[2025-10-16T09:10:12.574+0000][7][safepoint   ] Safepoint "Cleanup", Time since last: 5000376811 ns, Reaching safepoint: 8193 ns, Cleanup: 11199 ns, At safepoint: 6092 ns, Total: 25484 ns
[2025-10-16T09:10:13.574+0000][7][safepoint   ] Safepoint "Cleanup", Time since last: 1000680903 ns, Reaching safepoint: 9655 ns, Cleanup: 12281 ns, At safepoint: 5211 ns, Total: 27147 ns
[2025-10-16T09:10:15.575+0000][7][safepoint   ] Safepoint "Cleanup", Time since last: 2000275399 ns, Reaching safepoint: 7068 ns, Cleanup: 12255 ns, At safepoint: 2574 ns, Total: 21897 ns
[2025-10-16T09:10:19.407+0000][7][safepoint   ] Safepoint "Cleanup", Time since last: 3832339438 ns, Reaching safepoint: 7560 ns, Cleanup: 6392 ns, At safepoint: 5714 ns, Total: 19666 ns
[2025-10-16T09:10:30.408+0000][7][safepoint   ] Safepoint "Cleanup", Time since last: 11001095811 ns, Reaching safepoint: 7195 ns, Cleanup: 7034 ns, At safepoint: 5604 ns, Total: 19833 ns
[2025-10-16T09:10:32.409+0000][7][safepoint   ] Safepoint "Cleanup", Time since last: 2000375544 ns, Reaching safepoint: 18406 ns, Cleanup: 8096 ns, At safepoint: 4753 ns, Total: 31255 ns
[2025-10-16T09:10:40.409+0000][7][safepoint   ] Safepoint "Cleanup", Time since last: 8000794161 ns, Reaching safepoint: 7180 ns, Cleanup: 6914 ns, At safepoint: 5405 ns, Total: 19499 ns
[2025-10-16T09:10:42.410+0000][7][safepoint   ] Safepoint "Cleanup", Time since last: 2000157254 ns, Reaching safepoint: 7377 ns, Cleanup: 5405 ns, At safepoint: 3427 ns, Total: 16209 ns
[2025-10-16T09:10:44.410+0000][7][safepoint   ] Safepoint "Cleanup", Time since last: 2000332435 ns, Reaching safepoint: 7047 ns, Cleanup: 8463 ns, At safepoint: 4908 ns, Total: 20418 ns
[2025-10-16T09:10:46.410+0000][7][safepoint   ] Safepoint "Cleanup", Time since last: 2000214272 ns, Reaching safepoint: 6935 ns, Cleanup: 11449 ns, At safepoint: 4958 ns, Total: 23342 ns
[2025-10-16T09:10:50.411+0000][7][safepoint   ] Safepoint "Cleanup", Time since last: 4000297838 ns, Reaching safepoint: 19822 ns, Cleanup: 8900 ns, At safepoint: 4830 ns, Total: 33552 ns
[2025-10-16T09:10:52.411+0000][7][safepoint   ] Safepoint "Cleanup", Time since last: 2000142928 ns, Reaching safepoint: 9693 ns, Cleanup: 8258 ns, At safepoint: 4802 ns, Total: 22753 ns
[2025-10-16T09:10:54.411+0000][7][safepoint   ] Safepoint "Cleanup", Time since last: 2000207007 ns, Reaching safepoint: 7126 ns, Cleanup: 8951 ns, At safepoint: 5149 ns, Total: 21226 ns
[2025-10-16T09:10:56.411+0000][7][safepoint   ] Safepoint "Cleanup", Time since last: 2000353146 ns, Reaching safepoint: 18461 ns, Cleanup: 17793 ns, At safepoint: 14617 ns, Total: 50871 ns
[2025-10-16T09:10:58.412+0000][7][safepoint   ] Safepoint "Cleanup", Time since last: 2000198945 ns, Reaching safepoint: 20248 ns, Cleanup: 17906 ns, At safepoint: 28918 ns, Total: 67072 ns
[2025-10-16T09:11:00.412+0000][7][safepoint   ] Safepoint "Cleanup", Time since last: 2000185766 ns, Reaching safepoint: 7758 ns, Cleanup: 6768 ns, At safepoint: 5035 ns, Total: 19561 ns
[2025-10-16T09:11:04.412+0000][7][safepoint   ] Safepoint "Cleanup", Time since last: 4000541083 ns, Reaching safepoint: 30530 ns, Cleanup: 7035 ns, At safepoint: 5118 ns, Total: 42683 ns
[2025-10-16T09:11:08.413+0000][7][safepoint   ] Safepoint "Cleanup", Time since last: 4000348299 ns, Reaching safepoint: 6889 ns, Cleanup: 6331 ns, At safepoint: 4220 ns, Total: 17440 ns
[2025-10-16T09:11:09.413+0000][7][safepoint   ] Safepoint "Cleanup", Time since last: 1000252753 ns, Reaching safepoint: 7004 ns, Cleanup: 7752 ns, At safepoint: 5196 ns, Total: 19952 ns
[2025-10-16T09:11:12.414+0000][7][safepoint   ] Safepoint "Cleanup", Time since last: 3000432358 ns, Reaching safepoint: 10940 ns, Cleanup: 9956 ns, At safepoint: 6151 ns, Total: 27047 ns
[2025-10-16T09:11:21.415+0000][7][safepoint   ] Safepoint "Cleanup", Time since last: 9000927595 ns, Reaching safepoint: 49244 ns, Cleanup: 19146 ns, At safepoint: 16398 ns, Total: 84788 ns
[2025-10-16T09:11:25.415+0000][7][safepoint   ] Safepoint "Cleanup", Time since last: 4000282136 ns, Reaching safepoint: 7296 ns, Cleanup: 8021 ns, At safepoint: 4660 ns, Total: 19977 ns
[2025-10-16T09:11:29.415+0000][7][safepoint   ] Safepoint "Cleanup", Time since last: 4000295443 ns, Reaching safepoint: 7988 ns, Cleanup: 7091 ns, At safepoint: 4746 ns, Total: 19825 ns
[2025-10-16T09:11:30.416+0000][7][safepoint   ] Safepoint "Cleanup", Time since last: 1000453310 ns, Reaching safepoint: 7332 ns, Cleanup: 7539 ns, At safepoint: 3802 ns, Total: 18673 ns
[2025-10-16T09:11:33.416+0000][7][safepoint   ] Safepoint "Cleanup", Time since last: 3000365803 ns, Reaching safepoint: 21170 ns, Cleanup: 7888 ns, At safepoint: 7217 ns, Total: 36275 ns
[2025-10-16T09:11:39.417+0000][7][safepoint   ] Safepoint "Cleanup", Time since last: 6000691158 ns, Reaching safepoint: 7085 ns, Cleanup: 6992 ns, At safepoint: 4765 ns, Total: 18842 ns
[2025-10-16T09:11:42.417+0000][7][safepoint   ] Safepoint "Cleanup", Time since last: 3000232315 ns, Reaching safepoint: 22179 ns, Cleanup: 5219 ns, At safepoint: 3720 ns, Total: 31118 ns
[2025-10-16T09:11:54.418+0000][7][safepoint   ] Safepoint "Cleanup", Time since last: 12000846786 ns, Reaching safepoint: 17587 ns, Cleanup: 8116 ns, At safepoint: 4064 ns, Total: 29767 ns
[2025-10-16T09:11:57.418+0000][7][safepoint   ] Safepoint "Cleanup", Time since last: 3000218496 ns, Reaching safepoint: 6471 ns, Cleanup: 6868 ns, At safepoint: 4091 ns, Total: 17430 ns
[2025-10-16T09:11:59.418+0000][7][safepoint   ] Safepoint "Cleanup", Time since last: 2000145806 ns, Reaching safepoint: 6940 ns, Cleanup: 7205 ns, At safepoint: 4479 ns, Total: 18624 ns
[2025-10-16T09:12:06.419+0000][7][safepoint   ] Safepoint "Cleanup", Time since last: 7000562981 ns, Reaching safepoint: 71103 ns, Cleanup: 6719 ns, At safepoint: 5862 ns, Total: 83684 ns
[2025-10-16T09:12:12.419+0000][7][safepoint   ] Safepoint "Cleanup", Time since last: 6000510670 ns, Reaching safepoint: 6859 ns, Cleanup: 23528 ns, At safepoint: 4300 ns, Total: 34687 ns
[2025-10-16T09:12:16.420+0000][7][safepoint   ] Safepoint "Cleanup", Time since last: 4000354502 ns, Reaching safepoint: 6510 ns, Cleanup: 7036 ns, At safepoint: 4699 ns, Total: 18245 ns
[2025-10-16T09:12:22.421+0000][7][safepoint   ] Safepoint "Cleanup", Time since last: 6000741068 ns, Reaching safepoint: 21196 ns, Cleanup: 8078 ns, At safepoint: 5212 ns, Total: 34486 ns
[2025-10-16T09:12:24.421+0000][7][safepoint   ] Safepoint "Cleanup", Time since last: 2000101904 ns, Reaching safepoint: 8574 ns, Cleanup: 12517 ns, At safepoint: 4791 ns, Total: 25882 ns
[2025-10-16T09:12:26.421+0000][7][safepoint   ] Safepoint "Cleanup", Time since last: 2000146405 ns, Reaching safepoint: 6779 ns, Cleanup: 7239 ns, At safepoint: 4597 ns, Total: 18615 ns
[2025-10-16T09:12:34.422+0000][7][safepoint   ] Safepoint "Cleanup", Time since last: 8000599806 ns, Reaching safepoint: 19375 ns, Cleanup: 8176 ns, At safepoint: 5311 ns, Total: 32862 ns
[2025-10-16T09:12:41.422+0000][7][safepoint   ] Safepoint "Cleanup", Time since last: 7000539887 ns, Reaching safepoint: 7332 ns, Cleanup: 25594 ns, At safepoint: 5511 ns, Total: 38437 ns
[2025-10-16T09:12:42.422+0000][7][safepoint   ] Safepoint "Cleanup", Time since last: 1000092584 ns, Reaching safepoint: 6464 ns, Cleanup: 8947 ns, At safepoint: 4254 ns, Total: 19665 ns
[2025-10-16T09:12:44.422+0000][7][safepoint   ] Safepoint "Cleanup", Time since last: 2000152553 ns, Reaching safepoint: 8624 ns, Cleanup: 16844 ns, At safepoint: 5560 ns, Total: 31028 ns
[2025-10-16T09:12:46.423+0000][7][safepoint   ] Safepoint "Cleanup", Time since last: 2000146050 ns, Reaching safepoint: 7466 ns, Cleanup: 7888 ns, At safepoint: 4544 ns, Total: 19898 ns
[2025-10-16T09:12:50.423+0000][7][safepoint   ] Safepoint "Cleanup", Time since last: 4000271926 ns, Reaching safepoint: 18302 ns, Cleanup: 8423 ns, At safepoint: 3744 ns, Total: 30469 ns
[2025-10-16T09:12:54.423+0000][7][safepoint   ] Safepoint "Cleanup", Time since last: 4000262664 ns, Reaching safepoint: 7467 ns, Cleanup: 7079 ns, At safepoint: 4320 ns, Total: 18866 ns
[2025-10-16T09:13:03.424+0000][7][safepoint   ] Safepoint "Cleanup", Time since last: 9000751599 ns, Reaching safepoint: 7517 ns, Cleanup: 7442 ns, At safepoint: 5041 ns, Total: 20000 ns
[2025-10-16T09:13:05.424+0000][7][safepoint   ] Safepoint "Cleanup", Time since last: 2000172302 ns, Reaching safepoint: 38199 ns, Cleanup: 12485 ns, At safepoint: 7674 ns, Total: 58358 ns
[2025-10-16T09:13:07.424+0000][7][safepoint   ] Safepoint "Cleanup", Time since last: 2000130203 ns, Reaching safepoint: 8125 ns, Cleanup: 8814 ns, At safepoint: 5424 ns, Total: 22363 ns
[2025-10-16T09:13:09.425+0000][7][safepoint   ] Safepoint "Cleanup", Time since last: 2000214228 ns, Reaching safepoint: 6578 ns, Cleanup: 6484 ns, At safepoint: 4649 ns, Total: 17711 ns
[2025-10-16T09:13:12.425+0000][7][safepoint   ] Safepoint "Cleanup", Time since last: 3000307362 ns, Reaching safepoint: 6439 ns, Cleanup: 6136 ns, At safepoint: 4594 ns, Total: 17169 ns
[2025-10-16T09:13:13.425+0000][7][safepoint   ] Safepoint "Cleanup", Time since last: 1000082125 ns, Reaching safepoint: 7506 ns, Cleanup: 8525 ns, At safepoint: 4310 ns, Total: 20341 ns
[2025-10-16T09:13:17.472+0000][7][safepoint   ] Safepoint "Cleanup", Time since last: 4047003034 ns, Reaching safepoint: 6641 ns, Cleanup: 6510 ns, At safepoint: 3517 ns, Total: 16668 ns
[2025-10-16T09:13:18.472+0000][7][safepoint   ] Safepoint "Cleanup", Time since last: 1000098264 ns, Reaching safepoint: 16673 ns, Cleanup: 94407 ns, At safepoint: 4679 ns, Total: 115759 ns
[2025-10-16T09:13:19.472+0000][7][safepoint   ] Safepoint "Cleanup", Time since last: 1000072068 ns, Reaching safepoint: 7167 ns, Cleanup: 10493 ns, At safepoint: 3975 ns, Total: 21635 ns
[2025-10-16T09:13:20.472+0000][7][safepoint   ] Safepoint "Cleanup", Time since last: 1000075403 ns, Reaching safepoint: 21095 ns, Cleanup: 11743 ns, At safepoint: 5698 ns, Total: 38536 ns
[2025-10-16T09:13:22.156+0000][7][safepoint   ] Safepoint "Cleanup", Time since last: 1683585559 ns, Reaching safepoint: 8674 ns, Cleanup: 40807 ns, At safepoint: 5476 ns, Total: 54957 ns
[2025-10-16T09:13:23.156+0000][7][safepoint   ] Safepoint "Cleanup", Time since last: 1000091967 ns, Reaching safepoint: 12439 ns, Cleanup: 64516 ns, At safepoint: 8206 ns, Total: 85161 ns
[2025-10-16T09:13:24.156+0000][7][safepoint   ] Safepoint "Cleanup", Time since last: 1000094793 ns, Reaching safepoint: 8149 ns, Cleanup: 12791 ns, At safepoint: 5179 ns, Total: 26119 ns
[2025-10-16T09:13:25.157+0000][7][safepoint   ] Safepoint "Cleanup", Time since last: 1000082673 ns, Reaching safepoint: 27337 ns, Cleanup: 38974 ns, At safepoint: 4484 ns, Total: 70795 ns
[2025-10-16T09:13:26.157+0000][7][safepoint   ] Safepoint "Cleanup", Time since last: 1000104550 ns, Reaching safepoint: 8715 ns, Cleanup: 20452 ns, At safepoint: 6622 ns, Total: 35789 ns
[2025-10-16T09:13:27.157+0000][7][safepoint   ] Safepoint "Cleanup", Time since last: 1000130401 ns, Reaching safepoint: 7994 ns, Cleanup: 8962 ns, At safepoint: 4079 ns, Total: 21035 ns
[2025-10-16T09:13:28.157+0000][7][safepoint   ] Safepoint "Cleanup", Time since last: 1000110451 ns, Reaching safepoint: 19250 ns, Cleanup: 28621 ns, At safepoint: 15355 ns, Total: 63226 ns
[2025-10-16T09:13:29.157+0000][7][safepoint   ] Safepoint "Cleanup", Time since last: 1000114747 ns, Reaching safepoint: 7997 ns, Cleanup: 22823 ns, At safepoint: 5112 ns, Total: 35932 ns
[2025-10-16T09:13:29.739+0000][7][safepoint   ] Safepoint "ICBufferFull", Time since last: 581583932 ns, Reaching safepoint: 10486 ns, Cleanup: 62756 ns, At safepoint: 5757 ns, Total: 78999 ns
[2025-10-16T09:13:30.297+0000][7][safepoint   ] Safepoint "ICBufferFull", Time since last: 557637133 ns, Reaching safepoint: 74582 ns, Cleanup: 85872 ns, At safepoint: 10382 ns, Total: 170836 ns
[2025-10-16T09:13:30.583+0000][7][safepoint   ] Safepoint "ICBufferFull", Time since last: 286376706 ns, Reaching safepoint: 5893 ns, Cleanup: 48983 ns, At safepoint: 3529 ns, Total: 58405 ns
[2025-10-16T09:13:31.583+0000][7][safepoint   ] Safepoint "Cleanup", Time since last: 1000108849 ns, Reaching safepoint: 8064 ns, Cleanup: 47593 ns, At safepoint: 4380 ns, Total: 60037 ns
[2025-10-16T09:13:32.584+0000][7][safepoint   ] Safepoint "Cleanup", Time since last: 1000270779 ns, Reaching safepoint: 7040 ns, Cleanup: 43984 ns, At safepoint: 5835 ns, Total: 56859 ns
[2025-10-16T09:13:33.866+0000][7][safepoint   ] Safepoint "ICBufferFull", Time since last: 1282493558 ns, Reaching safepoint: 7253 ns, Cleanup: 78102 ns, At safepoint: 6730 ns, Total: 92085 ns
[2025-10-16T09:13:34.866+0000][7][safepoint   ] Safepoint "Cleanup", Time since last: 1000111401 ns, Reaching safepoint: 12147 ns, Cleanup: 55272 ns, At safepoint: 6917 ns, Total: 74336 ns
[2025-10-16T09:13:35.867+0000][7][safepoint   ] Safepoint "Cleanup", Time since last: 1000150936 ns, Reaching safepoint: 31793 ns, Cleanup: 58599 ns, At safepoint: 4959 ns, Total: 95351 ns
[2025-10-16T09:13:36.867+0000][7][safepoint   ] Safepoint "Cleanup", Time since last: 1000085423 ns, Reaching safepoint: 11545 ns, Cleanup: 28137 ns, At safepoint: 6080 ns, Total: 45762 ns
[2025-10-16T09:13:37.867+0000][7][safepoint   ] Safepoint "Cleanup", Time since last: 1000101965 ns, Reaching safepoint: 72417 ns, Cleanup: 30282 ns, At safepoint: 5105 ns, Total: 107804 ns
[2025-10-16T09:13:38.867+0000][7][safepoint   ] Safepoint "Cleanup", Time since last: 1000441592 ns, Reaching safepoint: 12178 ns, Cleanup: 66511 ns, At safepoint: 7197 ns, Total: 85886 ns
[2025-10-16T09:13:39.214+0000][7][safepoint   ] Safepoint "ICBufferFull", Time since last: 346464722 ns, Reaching safepoint: 14411 ns, Cleanup: 117668 ns, At safepoint: 8827 ns, Total: 140906 ns
[2025-10-16T09:13:39.680+0000][7][safepoint   ] Safepoint "ICBufferFull", Time since last: 465791605 ns, Reaching safepoint: 7655 ns, Cleanup: 77581 ns, At safepoint: 4520 ns, Total: 89756 ns
[2025-10-16T09:13:40.680+0000][7][safepoint   ] Safepoint "Cleanup", Time since last: 1000078067 ns, Reaching safepoint: 8587 ns, Cleanup: 22048 ns, At safepoint: 4579 ns, Total: 35214 ns
[2025-10-16T09:13:41.680+0000][7][safepoint   ] Safepoint "Cleanup", Time since last: 1000085036 ns, Reaching safepoint: 9892 ns, Cleanup: 45328 ns, At safepoint: 5937 ns, Total: 61157 ns
[2025-10-16T09:13:42.680+0000][7][safepoint   ] Safepoint "Cleanup", Time since last: 1000086041 ns, Reaching safepoint: 10074 ns, Cleanup: 34947 ns, At safepoint: 5196 ns, Total: 50217 ns
[2025-10-16T09:13:43.680+0000][7][safepoint   ] Safepoint "Cleanup", Time since last: 1000082351 ns, Reaching safepoint: 8950 ns, Cleanup: 24372 ns, At safepoint: 4576 ns, Total: 37898 ns
[2025-10-16T09:13:44.681+0000][7][safepoint   ] Safepoint "Cleanup", Time since last: 1000085909 ns, Reaching safepoint: 11158 ns, Cleanup: 43368 ns, At safepoint: 7214 ns, Total: 61740 ns
[2025-10-16T09:13:45.681+0000][7][safepoint   ] Safepoint "Cleanup", Time since last: 1000095475 ns, Reaching safepoint: 8663 ns, Cleanup: 25953 ns, At safepoint: 5643 ns, Total: 40259 ns
[2025-10-16T09:13:46.681+0000][7][safepoint   ] Safepoint "Cleanup", Time since last: 1000107011 ns, Reaching safepoint: 13963 ns, Cleanup: 23220 ns, At safepoint: 6270 ns, Total: 43453 ns
[2025-10-16T09:13:47.681+0000][7][safepoint   ] Safepoint "Cleanup", Time since last: 1000321789 ns, Reaching safepoint: 7386 ns, Cleanup: 18694 ns, At safepoint: 4203 ns, Total: 30283 ns
[2025-10-16T09:13:48.681+0000][7][safepoint   ] Safepoint "Cleanup", Time since last: 1000080079 ns, Reaching safepoint: 8977 ns, Cleanup: 51137 ns, At safepoint: 5702 ns, Total: 65816 ns
[2025-10-16T09:13:49.681+0000][7][safepoint   ] Safepoint "Cleanup", Time since last: 1000079341 ns, Reaching safepoint: 8711 ns, Cleanup: 26591 ns, At safepoint: 5425 ns, Total: 40727 ns
[2025-10-16T09:13:50.682+0000][7][safepoint   ] Safepoint "Cleanup", Time since last: 1000124292 ns, Reaching safepoint: 7653 ns, Cleanup: 23053 ns, At safepoint: 4923 ns, Total: 35629 ns
[2025-10-16T09:13:51.682+0000][7][safepoint   ] Safepoint "Cleanup", Time since last: 1000108987 ns, Reaching safepoint: 16523 ns, Cleanup: 29832 ns, At safepoint: 5227 ns, Total: 51582 ns
[2025-10-16T09:13:52.682+0000][7][safepoint   ] Safepoint "Cleanup", Time since last: 1000083266 ns, Reaching safepoint: 8899 ns, Cleanup: 39058 ns, At safepoint: 5051 ns, Total: 53008 ns
[2025-10-16T09:13:53.682+0000][7][safepoint   ] Safepoint "Cleanup", Time since last: 1000101672 ns, Reaching safepoint: 11446 ns, Cleanup: 41679 ns, At safepoint: 5298 ns, Total: 58423 ns
[2025-10-16T09:13:54.682+0000][7][safepoint   ] Safepoint "Cleanup", Time since last: 1000086559 ns, Reaching safepoint: 10021 ns, Cleanup: 32293 ns, At safepoint: 4387 ns, Total: 46701 ns
[2025-10-16T09:13:55.682+0000][7][safepoint   ] Safepoint "Cleanup", Time since last: 1000113101 ns, Reaching safepoint: 8604 ns, Cleanup: 13602 ns, At safepoint: 4701 ns, Total: 26907 ns
[2025-10-16T09:13:56.682+0000][7][safepoint   ] Safepoint "Cleanup", Time since last: 1000058731 ns, Reaching safepoint: 11324 ns, Cleanup: 16704 ns, At safepoint: 5296 ns, Total: 33324 ns
[2025-10-16T09:13:57.683+0000][7][safepoint   ] Safepoint "Cleanup", Time since last: 1000081522 ns, Reaching safepoint: 9366 ns, Cleanup: 57320 ns, At safepoint: 5767 ns, Total: 72453 ns
[2025-10-16T09:13:58.683+0000][7][safepoint   ] Safepoint "Cleanup", Time since last: 1000811949 ns, Reaching safepoint: 15434 ns, Cleanup: 24035 ns, At safepoint: 8290 ns, Total: 47759 ns
[2025-10-16T09:13:59.684+0000][7][safepoint   ] Safepoint "Cleanup", Time since last: 1000093219 ns, Reaching safepoint: 8333 ns, Cleanup: 22304 ns, At safepoint: 4813 ns, Total: 35450 ns
[2025-10-16T09:14:00.684+0000][7][safepoint   ] Safepoint "Cleanup", Time since last: 1000086300 ns, Reaching safepoint: 8694 ns, Cleanup: 15520 ns, At safepoint: 4482 ns, Total: 28696 ns
[2025-10-16T09:14:01.684+0000][7][safepoint   ] Safepoint "Cleanup", Time since last: 1000101816 ns, Reaching safepoint: 9023 ns, Cleanup: 19716 ns, At safepoint: 4624 ns, Total: 33363 ns
[2025-10-16T09:14:02.684+0000][7][safepoint   ] Safepoint "Cleanup", Time since last: 1000091505 ns, Reaching safepoint: 8827 ns, Cleanup: 18480 ns, At safepoint: 4772 ns, Total: 32079 ns
[2025-10-16T09:14:03.684+0000][7][safepoint   ] Safepoint "Cleanup", Time since last: 1000088491 ns, Reaching safepoint: 8684 ns, Cleanup: 16086 ns, At safepoint: 3916 ns, Total: 28686 ns
[2025-10-16T09:14:04.684+0000][7][safepoint   ] Safepoint "Cleanup", Time since last: 1000099502 ns, Reaching safepoint: 12038 ns, Cleanup: 17642 ns, At safepoint: 5412 ns, Total: 35092 ns
[2025-10-16T09:14:05.684+0000][7][safepoint   ] Safepoint "Cleanup", Time since last: 1000101402 ns, Reaching safepoint: 10499 ns, Cleanup: 33926 ns, At safepoint: 7189 ns, Total: 51614 ns
[2025-10-16T09:14:06.685+0000][7][safepoint   ] Safepoint "Cleanup", Time since last: 1000108710 ns, Reaching safepoint: 25923 ns, Cleanup: 48189 ns, At safepoint: 7076 ns, Total: 81188 ns
[2025-10-16T09:14:07.685+0000][7][safepoint   ] Safepoint "Cleanup", Time since last: 1000092660 ns, Reaching safepoint: 7851 ns, Cleanup: 17714 ns, At safepoint: 4635 ns, Total: 30200 ns
[2025-10-16T09:14:08.685+0000][7][safepoint   ] Safepoint "Cleanup", Time since last: 1000097031 ns, Reaching safepoint: 12953 ns, Cleanup: 18402 ns, At safepoint: 6960 ns, Total: 38315 ns
[2025-10-16T09:14:09.685+0000][7][safepoint   ] Safepoint "Cleanup", Time since last: 1000125583 ns, Reaching safepoint: 29497 ns, Cleanup: 17972 ns, At safepoint: 5451 ns, Total: 52920 ns
[2025-10-16T09:14:10.685+0000][7][safepoint   ] Safepoint "Cleanup", Time since last: 1000095606 ns, Reaching safepoint: 16124 ns, Cleanup: 16330 ns, At safepoint: 8597 ns, Total: 41051 ns
[2025-10-16T09:14:11.685+0000][7][safepoint   ] Safepoint "Cleanup", Time since last: 1000113146 ns, Reaching safepoint: 11876 ns, Cleanup: 14832 ns, At safepoint: 6291 ns, Total: 32999 ns
[2025-10-16T09:14:12.685+0000][7][safepoint   ] Safepoint "Cleanup", Time since last: 1000130697 ns, Reaching safepoint: 8893 ns, Cleanup: 17859 ns, At safepoint: 5588 ns, Total: 32340 ns
[2025-10-16T09:14:13.686+0000][7][safepoint   ] Safepoint "Cleanup", Time since last: 1000083869 ns, Reaching safepoint: 10069 ns, Cleanup: 13323 ns, At safepoint: 5075 ns, Total: 28467 ns
[2025-10-16T09:14:14.686+0000][7][safepoint   ] Safepoint "Cleanup", Time since last: 1000092686 ns, Reaching safepoint: 7981 ns, Cleanup: 14297 ns, At safepoint: 5083 ns, Total: 27361 ns
[2025-10-16T09:14:15.686+0000][7][safepoint   ] Safepoint "Cleanup", Time since last: 1000089980 ns, Reaching safepoint: 9229 ns, Cleanup: 19302 ns, At safepoint: 4982 ns, Total: 33513 ns
[2025-10-16T09:14:17.511+0000][7][safepoint   ] Safepoint "Cleanup", Time since last: 1824998438 ns, Reaching safepoint: 8318 ns, Cleanup: 19864 ns, At safepoint: 4980 ns, Total: 33162 ns
[2025-10-16T09:14:18.511+0000][7][safepoint   ] Safepoint "Cleanup", Time since last: 1000090544 ns, Reaching safepoint: 10300 ns, Cleanup: 10813 ns, At safepoint: 4373 ns, Total: 25486 ns
[2025-10-16T09:14:19.511+0000][7][safepoint   ] Safepoint "Cleanup", Time since last: 1000092982 ns, Reaching safepoint: 9517 ns, Cleanup: 19405 ns, At safepoint: 4742 ns, Total: 33664 ns
[2025-10-16T09:14:20.511+0000][7][safepoint   ] Safepoint "Cleanup", Time since last: 1000092964 ns, Reaching safepoint: 8932 ns, Cleanup: 17814 ns, At safepoint: 5035 ns, Total: 31781 ns
[2025-10-16T09:14:21.512+0000][7][safepoint   ] Safepoint "Cleanup", Time since last: 1000269858 ns, Reaching safepoint: 9871 ns, Cleanup: 14106 ns, At safepoint: 6580 ns, Total: 30557 ns
[2025-10-16T09:14:22.512+0000][7][safepoint   ] Safepoint "Cleanup", Time since last: 1000100029 ns, Reaching safepoint: 9148 ns, Cleanup: 9829 ns, At safepoint: 5831 ns, Total: 24808 ns
[2025-10-16T09:14:23.512+0000][7][safepoint   ] Safepoint "Cleanup", Time since last: 1000100357 ns, Reaching safepoint: 11509 ns, Cleanup: 39127 ns, At safepoint: 7376 ns, Total: 58012 ns
[2025-10-16T09:14:24.512+0000][7][safepoint   ] Safepoint "Cleanup", Time since last: 1000119961 ns, Reaching safepoint: 13605 ns, Cleanup: 65363 ns, At safepoint: 7013 ns, Total: 85981 ns
[2025-10-16T09:14:25.512+0000][7][safepoint   ] Safepoint "Cleanup", Time since last: 1000112898 ns, Reaching safepoint: 11769 ns, Cleanup: 19469 ns, At safepoint: 5253 ns, Total: 36491 ns
[2025-10-16T09:14:26.512+0000][7][safepoint   ] Safepoint "Cleanup", Time since last: 1000101770 ns, Reaching safepoint: 11051 ns, Cleanup: 13691 ns, At safepoint: 6004 ns, Total: 30746 ns
[2025-10-16T09:14:27.512+0000][7][safepoint   ] Safepoint "Cleanup", Time since last: 1000097018 ns, Reaching safepoint: 9094 ns, Cleanup: 15074 ns, At safepoint: 7084 ns, Total: 31252 ns
[2025-10-16T09:14:28.513+0000][7][safepoint   ] Safepoint "Cleanup", Time since last: 1000093487 ns, Reaching safepoint: 12182 ns, Cleanup: 12047 ns, At safepoint: 6151 ns, Total: 30380 ns
[2025-10-16T09:14:29.513+0000][7][safepoint   ] Safepoint "Cleanup", Time since last: 1000103342 ns, Reaching safepoint: 13507 ns, Cleanup: 12342 ns, At safepoint: 6566 ns, Total: 32415 ns
[2025-10-16T09:14:30.513+0000][7][safepoint   ] Safepoint "Cleanup", Time since last: 1000344130 ns, Reaching safepoint: 14741 ns, Cleanup: 19893 ns, At safepoint: 7805 ns, Total: 42439 ns
[2025-10-16T09:14:31.513+0000][7][safepoint   ] Safepoint "Cleanup", Time since last: 1000373331 ns, Reaching safepoint: 17070 ns, Cleanup: 12976 ns, At safepoint: 6854 ns, Total: 36900 ns
[2025-10-16T09:14:32.514+0000][7][safepoint   ] Safepoint "Cleanup", Time since last: 1000113123 ns, Reaching safepoint: 15268 ns, Cleanup: 21287 ns, At safepoint: 7030 ns, Total: 43585 ns
[2025-10-16T09:14:33.520+0000][7][safepoint   ] Safepoint "Cleanup", Time since last: 1006818568 ns, Reaching safepoint: 12341 ns, Cleanup: 25476 ns, At safepoint: 20328 ns, Total: 58145 ns
[2025-10-16T09:14:34.254+0000][7][gc,start    ] GC(16) Pause Young (Prepare Mixed) (G1 Evacuation Pause)
[2025-10-16T09:14:34.254+0000][7][gc,task     ] GC(16) Using 8 workers of 8 for evacuation
[2025-10-16T09:14:34.254+0000][7][gc,age      ] GC(16) Desired survivor size 119537664 bytes, new threshold 15 (max threshold 15)
[2025-10-16T09:14:34.283+0000][7][gc,phases   ] GC(16)   Pre Evacuate Collection Set: 0.18ms
[2025-10-16T09:14:34.283+0000][7][gc,phases   ] GC(16)   Merge Heap Roots: 0.10ms
[2025-10-16T09:14:34.283+0000][7][gc,phases   ] GC(16)   Evacuate Collection Set: 27.22ms
[2025-10-16T09:14:34.283+0000][7][gc,phases   ] GC(16)   Post Evacuate Collection Set: 1.43ms
[2025-10-16T09:14:34.283+0000][7][gc,phases   ] GC(16)   Other: 0.10ms
[2025-10-16T09:14:34.283+0000][7][gc,age      ] GC(16) Age table with threshold 15 (max threshold 15)
[2025-10-16T09:14:34.283+0000][7][gc,age      ] GC(16) - age   1:   14175312 bytes,   14175312 total
[2025-10-16T09:14:34.283+0000][7][gc,age      ] GC(16) - age   2:      47888 bytes,   14223200 total
[2025-10-16T09:14:34.283+0000][7][gc,age      ] GC(16) - age   3:     178280 bytes,   14401480 total
[2025-10-16T09:14:34.283+0000][7][gc,age      ] GC(16) - age   4:   17768368 bytes,   32169848 total
[2025-10-16T09:14:34.283+0000][7][gc,age      ] GC(16) - age   5:   10859520 bytes,   43029368 total
[2025-10-16T09:14:34.283+0000][7][gc,age      ] GC(16) - age   6:      43152 bytes,   43072520 total
[2025-10-16T09:14:34.283+0000][7][gc,age      ] GC(16) - age   7:      35080 bytes,   43107600 total
[2025-10-16T09:14:34.283+0000][7][gc,heap     ] GC(16) Eden regions: 447->0(448)
[2025-10-16T09:14:34.283+0000][7][gc,heap     ] GC(16) Survivor regions: 8->12(57)
[2025-10-16T09:14:34.283+0000][7][gc,heap     ] GC(16) Old regions: 13->12
[2025-10-16T09:14:34.283+0000][7][gc,heap     ] GC(16) Humongous regions: 2->2
[2025-10-16T09:14:34.283+0000][7][gc,metaspace] GC(16) Metaspace: 111597K(114432K)->111597K(114432K) NonClass: 96147K(97728K)->96147K(97728K) Class: 15450K(16704K)->15450K(16704K)
[2025-10-16T09:14:34.283+0000][7][gc          ] GC(16) Pause Young (Prepare Mixed) (G1 Evacuation Pause) 1876M->101M(3072M) 29.183ms
[2025-10-16T09:14:34.283+0000][7][gc,cpu      ] GC(16) User=0.11s Sys=0.04s Real=0.03s
[2025-10-16T09:14:34.283+0000][7][safepoint   ] Safepoint "G1CollectForAllocation", Time since last: 733075097 ns, Reaching safepoint: 10755 ns, Cleanup: 54774 ns, At safepoint: 29246383 ns, Total: 29311912 ns
[2025-10-16T09:14:35.283+0000][7][safepoint   ] Safepoint "Cleanup", Time since last: 1000076016 ns, Reaching safepoint: 11366 ns, Cleanup: 17467 ns, At safepoint: 5620 ns, Total: 34453 ns
[2025-10-16T09:14:36.283+0000][7][safepoint   ] Safepoint "Cleanup", Time since last: 1000101457 ns, Reaching safepoint: 10179 ns, Cleanup: 12644 ns, At safepoint: 5525 ns, Total: 28348 ns
[2025-10-16T09:14:37.283+0000][7][safepoint   ] Safepoint "Cleanup", Time since last: 1000094818 ns, Reaching safepoint: 19448 ns, Cleanup: 15709 ns, At safepoint: 5858 ns, Total: 41015 ns
[2025-10-16T09:14:38.283+0000][7][safepoint   ] Safepoint "Cleanup", Time since last: 1000119335 ns, Reaching safepoint: 7679 ns, Cleanup: 10227 ns, At safepoint: 3482 ns, Total: 21388 ns
[2025-10-16T09:14:39.284+0000][7][safepoint   ] Safepoint "Cleanup", Time since last: 1000094189 ns, Reaching safepoint: 8612 ns, Cleanup: 13440 ns, At safepoint: 4518 ns, Total: 26570 ns
[2025-10-16T09:14:40.284+0000][7][safepoint   ] Safepoint "Cleanup", Time since last: 1000088991 ns, Reaching safepoint: 9460 ns, Cleanup: 10973 ns, At safepoint: 4687 ns, Total: 25120 ns
[2025-10-16T09:14:41.284+0000][7][safepoint   ] Safepoint "Cleanup", Time since last: 1000094459 ns, Reaching safepoint: 12320 ns, Cleanup: 62622 ns, At safepoint: 6528 ns, Total: 81470 ns
[2025-10-16T09:14:42.284+0000][7][safepoint   ] Safepoint "Cleanup", Time since last: 1000119703 ns, Reaching safepoint: 20687 ns, Cleanup: 30893 ns, At safepoint: 13224 ns, Total: 64804 ns
[2025-10-16T09:14:43.284+0000][7][safepoint   ] Safepoint "Cleanup", Time since last: 1000114755 ns, Reaching safepoint: 10743 ns, Cleanup: 24129 ns, At safepoint: 6074 ns, Total: 40946 ns
[2025-10-16T09:14:44.284+0000][7][safepoint   ] Safepoint "Cleanup", Time since last: 1000096204 ns, Reaching safepoint: 9794 ns, Cleanup: 17546 ns, At safepoint: 4736 ns, Total: 32076 ns
[2025-10-16T09:14:45.284+0000][7][safepoint   ] Safepoint "Cleanup", Time since last: 1000095379 ns, Reaching safepoint: 12612 ns, Cleanup: 22024 ns, At safepoint: 22362 ns, Total: 56998 ns
[2025-10-16T09:14:46.285+0000][7][safepoint   ] Safepoint "Cleanup", Time since last: 1000093318 ns, Reaching safepoint: 8509 ns, Cleanup: 11590 ns, At safepoint: 4056 ns, Total: 24155 ns
[2025-10-16T09:14:47.285+0000][7][safepoint   ] Safepoint "Cleanup", Time since last: 1000094006 ns, Reaching safepoint: 9173 ns, Cleanup: 11465 ns, At safepoint: 11471 ns, Total: 32109 ns
[2025-10-16T09:14:48.285+0000][7][safepoint   ] Safepoint "Cleanup", Time since last: 1000117974 ns, Reaching safepoint: 18321 ns, Cleanup: 19717 ns, At safepoint: 7563 ns, Total: 45601 ns
[2025-10-16T09:14:49.285+0000][7][safepoint   ] Safepoint "Cleanup", Time since last: 1000150961 ns, Reaching safepoint: 10517 ns, Cleanup: 17450 ns, At safepoint: 6341 ns, Total: 34308 ns
[2025-10-16T09:14:50.285+0000][7][safepoint   ] Safepoint "Cleanup", Time since last: 1000135530 ns, Reaching safepoint: 8554 ns, Cleanup: 9051 ns, At safepoint: 3670 ns, Total: 21275 ns
[2025-10-16T09:14:51.285+0000][7][safepoint   ] Safepoint "Cleanup", Time since last: 1000091865 ns, Reaching safepoint: 10073 ns, Cleanup: 12812 ns, At safepoint: 5440 ns, Total: 28325 ns
[2025-10-16T09:14:51.504+0000][7][gc,start    ] GC(17) Pause Young (Concurrent Start) (CodeCache GC Threshold)
[2025-10-16T09:14:51.504+0000][7][gc,task     ] GC(17) Using 8 workers of 8 for evacuation
[2025-10-16T09:14:51.504+0000][7][gc,age      ] GC(17) Desired survivor size 121634816 bytes, new threshold 15 (max threshold 15)
[2025-10-16T09:14:51.530+0000][7][gc,phases   ] GC(17)   Pre Evacuate Collection Set: 0.25ms
[2025-10-16T09:14:51.530+0000][7][gc,phases   ] GC(17)   Merge Heap Roots: 0.06ms
[2025-10-16T09:14:51.531+0000][7][gc,phases   ] GC(17)   Evacuate Collection Set: 23.57ms
[2025-10-16T09:14:51.531+0000][7][gc,phases   ] GC(17)   Post Evacuate Collection Set: 2.54ms
[2025-10-16T09:14:51.531+0000][7][gc,phases   ] GC(17)   Other: 0.08ms
[2025-10-16T09:14:51.531+0000][7][gc,age      ] GC(17) Age table with threshold 15 (max threshold 15)
[2025-10-16T09:14:51.531+0000][7][gc,age      ] GC(17) - age   1:    2129392 bytes,    2129392 total
[2025-10-16T09:14:51.531+0000][7][gc,age      ] GC(17) - age   2:   11428360 bytes,   13557752 total
[2025-10-16T09:14:51.531+0000][7][gc,age      ] GC(17) - age   3:      47888 bytes,   13605640 total
[2025-10-16T09:14:51.531+0000][7][gc,age      ] GC(17) - age   4:     178280 bytes,   13783920 total
[2025-10-16T09:14:51.531+0000][7][gc,age      ] GC(17) - age   5:   17768080 bytes,   31552000 total
[2025-10-16T09:14:51.531+0000][7][gc,age      ] GC(17) - age   6:   10859448 bytes,   42411448 total
[2025-10-16T09:14:51.531+0000][7][gc,age      ] GC(17) - age   7:      43152 bytes,   42454600 total
[2025-10-16T09:14:51.531+0000][7][gc,age      ] GC(17) - age   8:      35080 bytes,   42489680 total
[2025-10-16T09:14:51.531+0000][7][gc,heap     ] GC(17) Eden regions: 92->0(448)
[2025-10-16T09:14:51.531+0000][7][gc,heap     ] GC(17) Survivor regions: 12->12(58)
[2025-10-16T09:14:51.531+0000][7][gc,heap     ] GC(17) Old regions: 12->12
[2025-10-16T09:14:51.531+0000][7][gc,heap     ] GC(17) Humongous regions: 2->2
[2025-10-16T09:14:51.531+0000][7][gc,metaspace] GC(17) Metaspace: 111812K(114688K)->111812K(114688K) NonClass: 96354K(97920K)->96354K(97920K) Class: 15458K(16768K)->15458K(16768K)
[2025-10-16T09:14:51.531+0000][7][gc          ] GC(17) Pause Young (Concurrent Start) (CodeCache GC Threshold) 468M->100M(3072M) 26.707ms
[2025-10-16T09:14:51.531+0000][7][gc          ] GC(18) Concurrent Mark Cycle
[2025-10-16T09:14:51.531+0000][7][gc,cpu      ] GC(17) User=0.12s Sys=0.00s Real=0.03s
[2025-10-16T09:14:51.531+0000][7][gc,marking  ] GC(18) Concurrent Scan Root Regions
[2025-10-16T09:14:51.531+0000][7][safepoint   ] Safepoint "G1TryInitiateConcMark", Time since last: 218559303 ns, Reaching safepoint: 13877 ns, Cleanup: 11845 ns, At safepoint: 26775775 ns, Total: 26801497 ns
[2025-10-16T09:14:51.546+0000][7][gc,marking  ] GC(18) Concurrent Scan Root Regions 15.458ms
[2025-10-16T09:14:51.546+0000][7][gc,marking  ] GC(18) Concurrent Mark
[2025-10-16T09:14:51.546+0000][7][gc,marking  ] GC(18) Concurrent Mark From Roots
[2025-10-16T09:14:51.547+0000][7][gc,task     ] GC(18) Using 2 workers of 2 for marking
[2025-10-16T09:14:51.586+0000][7][gc,marking  ] GC(18) Concurrent Mark From Roots 39.828ms
[2025-10-16T09:14:51.586+0000][7][gc,marking  ] GC(18) Concurrent Preclean
[2025-10-16T09:14:51.586+0000][7][gc,marking  ] GC(18) Concurrent Preclean 0.166ms
[2025-10-16T09:14:51.586+0000][7][gc,start    ] GC(18) Pause Remark
[2025-10-16T09:14:51.600+0000][7][gc          ] GC(18) Pause Remark 103M->103M(3072M) 13.698ms
[2025-10-16T09:14:51.600+0000][7][gc,cpu      ] GC(18) User=0.03s Sys=0.00s Real=0.01s
[2025-10-16T09:14:51.600+0000][7][safepoint   ] Safepoint "G1PauseRemark", Time since last: 55598612 ns, Reaching safepoint: 13606 ns, Cleanup: 3047 ns, At safepoint: 13769885 ns, Total: 13786538 ns
[2025-10-16T09:14:51.600+0000][7][gc,marking  ] GC(18) Concurrent Mark 53.903ms
[2025-10-16T09:14:51.600+0000][7][gc,marking  ] GC(18) Concurrent Rebuild Remembered Sets and Scrub Regions
[2025-10-16T09:14:51.613+0000][7][gc,marking  ] GC(18) Concurrent Rebuild Remembered Sets and Scrub Regions 13.014ms
[2025-10-16T09:14:51.613+0000][7][gc,start    ] GC(18) Pause Cleanup
[2025-10-16T09:14:51.613+0000][7][gc          ] GC(18) Pause Cleanup 103M->103M(3072M) 0.117ms
[2025-10-16T09:14:51.613+0000][7][gc,cpu      ] GC(18) User=0.00s Sys=0.00s Real=0.00s
[2025-10-16T09:14:51.613+0000][7][safepoint   ] Safepoint "G1PauseCleanup", Time since last: 13086994 ns, Reaching safepoint: 13113 ns, Cleanup: 9819 ns, At safepoint: 156105 ns, Total: 179037 ns
[2025-10-16T09:14:51.613+0000][7][gc,marking  ] GC(18) Concurrent Clear Claimed Marks
[2025-10-16T09:14:51.613+0000][7][gc,marking  ] GC(18) Concurrent Clear Claimed Marks 0.180ms
[2025-10-16T09:14:51.614+0000][7][gc,marking  ] GC(18) Concurrent Cleanup for Next Mark
[2025-10-16T09:14:51.616+0000][7][gc,marking  ] GC(18) Concurrent Cleanup for Next Mark 2.692ms
[2025-10-16T09:14:51.616+0000][7][gc          ] GC(18) Concurrent Mark Cycle 85.636ms
[2025-10-16T09:14:52.613+0000][7][safepoint   ] Safepoint "Cleanup", Time since last: 1000079642 ns, Reaching safepoint: 41232 ns, Cleanup: 16044 ns, At safepoint: 7553 ns, Total: 64829 ns
[2025-10-16T09:14:53.614+0000][7][safepoint   ] Safepoint "Cleanup", Time since last: 1000116681 ns, Reaching safepoint: 13342 ns, Cleanup: 16033 ns, At safepoint: 6082 ns, Total: 35457 ns
[2025-10-16T09:14:54.614+0000][7][safepoint   ] Safepoint "Cleanup", Time since last: 1000105775 ns, Reaching safepoint: 9575 ns, Cleanup: 11217 ns, At safepoint: 5351 ns, Total: 26143 ns
[2025-10-16T09:14:55.614+0000][7][safepoint   ] Safepoint "Cleanup", Time since last: 1000105535 ns, Reaching safepoint: 15638 ns, Cleanup: 17432 ns, At safepoint: 7026 ns, Total: 40096 ns
[2025-10-16T09:14:56.614+0000][7][safepoint   ] Safepoint "Cleanup", Time since last: 1000111278 ns, Reaching safepoint: 12229 ns, Cleanup: 8904 ns, At safepoint: 6941 ns, Total: 28074 ns
[2025-10-16T09:14:57.614+0000][7][safepoint   ] Safepoint "Cleanup", Time since last: 1000100312 ns, Reaching safepoint: 9040 ns, Cleanup: 14854 ns, At safepoint: 4318 ns, Total: 28212 ns
[2025-10-16T09:14:58.614+0000][7][safepoint   ] Safepoint "Cleanup", Time since last: 1000093835 ns, Reaching safepoint: 12202 ns, Cleanup: 16579 ns, At safepoint: 7020 ns, Total: 35801 ns
[2025-10-16T09:14:59.614+0000][7][safepoint   ] Safepoint "Cleanup", Time since last: 1000106357 ns, Reaching safepoint: 16605 ns, Cleanup: 20250 ns, At safepoint: 5534 ns, Total: 42389 ns
[2025-10-16T09:15:00.615+0000][7][safepoint   ] Safepoint "Cleanup", Time since last: 1000103226 ns, Reaching safepoint: 12801 ns, Cleanup: 26717 ns, At safepoint: 7226 ns, Total: 46744 ns
[2025-10-16T09:15:01.615+0000][7][safepoint   ] Safepoint "Cleanup", Time since last: 1000101868 ns, Reaching safepoint: 12266 ns, Cleanup: 9266 ns, At safepoint: 5917 ns, Total: 27449 ns
[2025-10-16T09:15:02.615+0000][7][safepoint   ] Safepoint "Cleanup", Time since last: 1000095866 ns, Reaching safepoint: 8741 ns, Cleanup: 14907 ns, At safepoint: 4993 ns, Total: 28641 ns
[2025-10-16T09:15:04.616+0000][7][safepoint   ] Safepoint "Cleanup", Time since last: 2000625325 ns, Reaching safepoint: 33024 ns, Cleanup: 15121 ns, At safepoint: 25963 ns, Total: 74108 ns
[2025-10-16T09:15:05.616+0000][7][safepoint   ] Safepoint "Cleanup", Time since last: 1000145788 ns, Reaching safepoint: 12523 ns, Cleanup: 20358 ns, At safepoint: 5443 ns, Total: 38324 ns
[2025-10-16T09:15:06.616+0000][7][safepoint   ] Safepoint "Cleanup", Time since last: 1000554652 ns, Reaching safepoint: 78243 ns, Cleanup: 24017 ns, At safepoint: 12503 ns, Total: 114763 ns
[2025-10-16T09:15:07.617+0000][7][safepoint   ] Safepoint "Cleanup", Time since last: 1000141851 ns, Reaching safepoint: 63237 ns, Cleanup: 10842 ns, At safepoint: 23350 ns, Total: 97429 ns
[2025-10-16T09:15:08.617+0000][7][safepoint   ] Safepoint "Cleanup", Time since last: 1000080559 ns, Reaching safepoint: 12898 ns, Cleanup: 23695 ns, At safepoint: 5739 ns, Total: 42332 ns
[2025-10-16T09:15:09.618+0000][7][safepoint   ] Safepoint "Cleanup", Time since last: 1000670072 ns, Reaching safepoint: 81437 ns, Cleanup: 10124 ns, At safepoint: 16392 ns, Total: 107953 ns
[2025-10-16T09:15:10.618+0000][7][safepoint   ] Safepoint "Cleanup", Time since last: 1000130369 ns, Reaching safepoint: 27886 ns, Cleanup: 43178 ns, At safepoint: 15234 ns, Total: 86298 ns
[2025-10-16T09:15:11.618+0000][7][safepoint   ] Safepoint "Cleanup", Time since last: 1000130198 ns, Reaching safepoint: 12957 ns, Cleanup: 12951 ns, At safepoint: 5261 ns, Total: 31169 ns
[2025-10-16T09:15:12.618+0000][7][safepoint   ] Safepoint "Cleanup", Time since last: 1000083777 ns, Reaching safepoint: 8961 ns, Cleanup: 12938 ns, At safepoint: 3895 ns, Total: 25794 ns
[2025-10-16T09:15:13.618+0000][7][safepoint   ] Safepoint "Cleanup", Time since last: 1000113199 ns, Reaching safepoint: 8142 ns, Cleanup: 12786 ns, At safepoint: 4694 ns, Total: 25622 ns
[2025-10-16T09:15:14.618+0000][7][safepoint   ] Safepoint "Cleanup", Time since last: 1000085947 ns, Reaching safepoint: 9297 ns, Cleanup: 15396 ns, At safepoint: 4452 ns, Total: 29145 ns
[2025-10-16T09:15:15.618+0000][7][safepoint   ] Safepoint "Cleanup", Time since last: 1000087609 ns, Reaching safepoint: 8957 ns, Cleanup: 13882 ns, At safepoint: 2870 ns, Total: 25709 ns
[2025-10-16T09:15:17.535+0000][7][safepoint   ] Safepoint "Cleanup", Time since last: 1916299133 ns, Reaching safepoint: 8750 ns, Cleanup: 12144 ns, At safepoint: 5514 ns, Total: 26408 ns
[2025-10-16T09:15:18.535+0000][7][safepoint   ] Safepoint "Cleanup", Time since last: 1000079894 ns, Reaching safepoint: 7625 ns, Cleanup: 10548 ns, At safepoint: 3397 ns, Total: 21570 ns
[2025-10-16T09:15:19.535+0000][7][safepoint   ] Safepoint "Cleanup", Time since last: 1000090290 ns, Reaching safepoint: 10617 ns, Cleanup: 20821 ns, At safepoint: 6433 ns, Total: 37871 ns
[2025-10-16T09:15:20.535+0000][7][safepoint   ] Safepoint "Cleanup", Time since last: 1000115082 ns, Reaching safepoint: 8613 ns, Cleanup: 7640 ns, At safepoint: 4639 ns, Total: 20892 ns
[2025-10-16T09:15:21.535+0000][7][safepoint   ] Safepoint "Cleanup", Time since last: 1000100219 ns, Reaching safepoint: 8821 ns, Cleanup: 9816 ns, At safepoint: 4979 ns, Total: 23616 ns
[2025-10-16T09:15:22.535+0000][7][safepoint   ] Safepoint "Cleanup", Time since last: 1000120843 ns, Reaching safepoint: 9280 ns, Cleanup: 7653 ns, At safepoint: 5002 ns, Total: 21935 ns
[2025-10-16T09:15:24.536+0000][7][safepoint   ] Safepoint "Cleanup", Time since last: 2000195678 ns, Reaching safepoint: 8560 ns, Cleanup: 13231 ns, At safepoint: 4305 ns, Total: 26096 ns
[2025-10-16T09:15:25.536+0000][7][safepoint   ] Safepoint "Cleanup", Time since last: 1000101304 ns, Reaching safepoint: 11358 ns, Cleanup: 11156 ns, At safepoint: 5768 ns, Total: 28282 ns
[2025-10-16T09:15:27.536+0000][7][safepoint   ] Safepoint "Cleanup", Time since last: 2000154825 ns, Reaching safepoint: 8368 ns, Cleanup: 8001 ns, At safepoint: 4374 ns, Total: 20743 ns
[2025-10-16T09:15:28.536+0000][7][safepoint   ] Safepoint "Cleanup", Time since last: 1000088584 ns, Reaching safepoint: 8525 ns, Cleanup: 24675 ns, At safepoint: 5254 ns, Total: 38454 ns
[2025-10-16T09:15:29.536+0000][7][safepoint   ] Safepoint "Cleanup", Time since last: 1000112300 ns, Reaching safepoint: 8858 ns, Cleanup: 9333 ns, At safepoint: 4784 ns, Total: 22975 ns
[2025-10-16T09:15:30.536+0000][7][safepoint   ] Safepoint "Cleanup", Time since last: 1000086702 ns, Reaching safepoint: 8952 ns, Cleanup: 11689 ns, At safepoint: 5300 ns, Total: 25941 ns
[2025-10-16T09:15:31.536+0000][7][safepoint   ] Safepoint "Cleanup", Time since last: 1000118010 ns, Reaching safepoint: 17818 ns, Cleanup: 19013 ns, At safepoint: 10294 ns, Total: 47125 ns
[2025-10-16T09:15:32.537+0000][7][safepoint   ] Safepoint "Cleanup", Time since last: 1000111248 ns, Reaching safepoint: 8705 ns, Cleanup: 6779 ns, At safepoint: 4337 ns, Total: 19821 ns
[2025-10-16T09:15:33.537+0000][7][safepoint   ] Safepoint "Cleanup", Time since last: 1000087280 ns, Reaching safepoint: 10721 ns, Cleanup: 11295 ns, At safepoint: 5347 ns, Total: 27363 ns
[2025-10-16T09:15:34.537+0000][7][safepoint   ] Safepoint "Cleanup", Time since last: 1000090336 ns, Reaching safepoint: 10228 ns, Cleanup: 13853 ns, At safepoint: 5090 ns, Total: 29171 ns
[2025-10-16T09:15:35.537+0000][7][safepoint   ] Safepoint "Cleanup", Time since last: 1000085107 ns, Reaching safepoint: 8313 ns, Cleanup: 13811 ns, At safepoint: 4685 ns, Total: 26809 ns
[2025-10-16T09:15:36.537+0000][7][safepoint   ] Safepoint "Cleanup", Time since last: 1000116980 ns, Reaching safepoint: 8456 ns, Cleanup: 9324 ns, At safepoint: 4966 ns, Total: 22746 ns
[2025-10-16T09:15:37.537+0000][7][safepoint   ] Safepoint "Cleanup", Time since last: 1000090902 ns, Reaching safepoint: 12343 ns, Cleanup: 22398 ns, At safepoint: 7468 ns, Total: 42209 ns
[2025-10-16T09:15:38.537+0000][7][safepoint   ] Safepoint "Cleanup", Time since last: 1000104628 ns, Reaching safepoint: 8873 ns, Cleanup: 12278 ns, At safepoint: 5264 ns, Total: 26415 ns
[2025-10-16T09:15:39.537+0000][7][safepoint   ] Safepoint "Cleanup", Time since last: 1000101894 ns, Reaching safepoint: 10488 ns, Cleanup: 25819 ns, At safepoint: 4906 ns, Total: 41213 ns
[2025-10-16T09:15:40.538+0000][7][safepoint   ] Safepoint "Cleanup", Time since last: 1000087857 ns, Reaching safepoint: 8406 ns, Cleanup: 8145 ns, At safepoint: 5075 ns, Total: 21626 ns
[2025-10-16T09:15:41.538+0000][7][safepoint   ] Safepoint "Cleanup", Time since last: 1000086375 ns, Reaching safepoint: 8523 ns, Cleanup: 9404 ns, At safepoint: 3581 ns, Total: 21508 ns
[2025-10-16T09:15:42.538+0000][7][safepoint   ] Safepoint "Cleanup", Time since last: 1000109645 ns, Reaching safepoint: 8207 ns, Cleanup: 8120 ns, At safepoint: 4508 ns, Total: 20835 ns
[2025-10-16T09:15:43.538+0000][7][safepoint   ] Safepoint "Cleanup", Time since last: 1000127181 ns, Reaching safepoint: 8048 ns, Cleanup: 8803 ns, At safepoint: 4617 ns, Total: 21468 ns
[2025-10-16T09:15:44.538+0000][7][safepoint   ] Safepoint "Cleanup", Time since last: 1000086330 ns, Reaching safepoint: 8250 ns, Cleanup: 10321 ns, At safepoint: 4541 ns, Total: 23112 ns
[2025-10-16T09:15:46.538+0000][7][safepoint   ] Safepoint "Cleanup", Time since last: 2000159997 ns, Reaching safepoint: 8532 ns, Cleanup: 9303 ns, At safepoint: 4917 ns, Total: 22752 ns
[2025-10-16T09:15:48.538+0000][7][safepoint   ] Safepoint "Cleanup", Time since last: 2000215877 ns, Reaching safepoint: 9155 ns, Cleanup: 14515 ns, At safepoint: 5389 ns, Total: 29059 ns
[2025-10-16T09:15:49.539+0000][7][safepoint   ] Safepoint "Cleanup", Time since last: 1000093948 ns, Reaching safepoint: 10355 ns, Cleanup: 9364 ns, At safepoint: 5803 ns, Total: 25522 ns
[2025-10-16T09:15:50.539+0000][7][safepoint   ] Safepoint "Cleanup", Time since last: 1000101158 ns, Reaching safepoint: 8885 ns, Cleanup: 8560 ns, At safepoint: 4776 ns, Total: 22221 ns
[2025-10-16T09:15:51.539+0000][7][safepoint   ] Safepoint "Cleanup", Time since last: 1000087603 ns, Reaching safepoint: 8613 ns, Cleanup: 9128 ns, At safepoint: 5417 ns, Total: 23158 ns
[2025-10-16T09:15:52.539+0000][7][safepoint   ] Safepoint "Cleanup", Time since last: 1000093589 ns, Reaching safepoint: 8616 ns, Cleanup: 10809 ns, At safepoint: 5323 ns, Total: 24748 ns
[2025-10-16T09:15:53.539+0000][7][safepoint   ] Safepoint "Cleanup", Time since last: 1000125898 ns, Reaching safepoint: 8373 ns, Cleanup: 10027 ns, At safepoint: 4761 ns, Total: 23161 ns
[2025-10-16T09:15:55.539+0000][7][safepoint   ] Safepoint "Cleanup", Time since last: 2000184703 ns, Reaching safepoint: 12647 ns, Cleanup: 25433 ns, At safepoint: 6965 ns, Total: 45045 ns
[2025-10-16T09:15:57.540+0000][7][safepoint   ] Safepoint "Cleanup", Time since last: 2000214623 ns, Reaching safepoint: 8879 ns, Cleanup: 10558 ns, At safepoint: 4635 ns, Total: 24072 ns
[2025-10-16T09:15:59.540+0000][7][safepoint   ] Safepoint "Cleanup", Time since last: 2000158066 ns, Reaching safepoint: 8789 ns, Cleanup: 14593 ns, At safepoint: 4647 ns, Total: 28029 ns
[2025-10-16T09:16:00.540+0000][7][safepoint   ] Safepoint "Cleanup", Time since last: 1000086843 ns, Reaching safepoint: 9419 ns, Cleanup: 10639 ns, At safepoint: 5771 ns, Total: 25829 ns
[2025-10-16T09:16:01.540+0000][7][safepoint   ] Safepoint "Cleanup", Time since last: 1000087940 ns, Reaching safepoint: 8012 ns, Cleanup: 8667 ns, At safepoint: 4731 ns, Total: 21410 ns
[2025-10-16T09:16:02.540+0000][7][safepoint   ] Safepoint "Cleanup", Time since last: 1000121382 ns, Reaching safepoint: 8057 ns, Cleanup: 7873 ns, At safepoint: 4478 ns, Total: 20408 ns
[2025-10-16T09:16:03.540+0000][7][safepoint   ] Safepoint "Cleanup", Time since last: 1000099684 ns, Reaching safepoint: 11383 ns, Cleanup: 12513 ns, At safepoint: 5288 ns, Total: 29184 ns
[2025-10-16T09:16:04.540+0000][7][safepoint   ] Safepoint "Cleanup", Time since last: 1000097381 ns, Reaching safepoint: 10669 ns, Cleanup: 11507 ns, At safepoint: 4810 ns, Total: 26986 ns
[2025-10-16T09:16:05.540+0000][7][safepoint   ] Safepoint "Cleanup", Time since last: 1000057867 ns, Reaching safepoint: 11802 ns, Cleanup: 27357 ns, At safepoint: 4839 ns, Total: 43998 ns
[2025-10-16T09:16:06.541+0000][7][safepoint   ] Safepoint "Cleanup", Time since last: 1000091307 ns, Reaching safepoint: 12745 ns, Cleanup: 14011 ns, At safepoint: 5634 ns, Total: 32390 ns
[2025-10-16T09:16:07.541+0000][7][safepoint   ] Safepoint "Cleanup", Time since last: 1000091432 ns, Reaching safepoint: 8710 ns, Cleanup: 10466 ns, At safepoint: 4467 ns, Total: 23643 ns
[2025-10-16T09:16:10.541+0000][7][safepoint   ] Safepoint "Cleanup", Time since last: 3000205747 ns, Reaching safepoint: 11508 ns, Cleanup: 16638 ns, At safepoint: 6256 ns, Total: 34402 ns
[2025-10-16T09:16:11.541+0000][7][safepoint   ] Safepoint "Cleanup", Time since last: 1000257680 ns, Reaching safepoint: 9208 ns, Cleanup: 11601 ns, At safepoint: 3873 ns, Total: 24682 ns
[2025-10-16T09:16:12.541+0000][7][safepoint   ] Safepoint "Cleanup", Time since last: 1000090803 ns, Reaching safepoint: 11416 ns, Cleanup: 12642 ns, At safepoint: 5838 ns, Total: 29896 ns
[2025-10-16T09:16:13.541+0000][7][safepoint   ] Safepoint "Cleanup", Time since last: 1000101468 ns, Reaching safepoint: 27946 ns, Cleanup: 12681 ns, At safepoint: 5535 ns, Total: 46162 ns
[2025-10-16T09:16:14.542+0000][7][safepoint   ] Safepoint "Cleanup", Time since last: 1000097041 ns, Reaching safepoint: 11671 ns, Cleanup: 12401 ns, At safepoint: 5380 ns, Total: 29452 ns
[2025-10-16T09:16:15.542+0000][7][safepoint   ] Safepoint "Cleanup", Time since last: 1000096486 ns, Reaching safepoint: 8754 ns, Cleanup: 8183 ns, At safepoint: 4713 ns, Total: 21650 ns
[2025-10-16T09:16:16.543+0000][7][safepoint   ] Safepoint "Cleanup", Time since last: 1001693442 ns, Reaching safepoint: 13892 ns, Cleanup: 18959 ns, At safepoint: 6983 ns, Total: 39834 ns
[2025-10-16T09:16:17.554+0000][7][safepoint   ] Safepoint "Cleanup", Time since last: 1010124458 ns, Reaching safepoint: 9501 ns, Cleanup: 10869 ns, At safepoint: 5856 ns, Total: 26226 ns
[2025-10-16T09:16:18.554+0000][7][safepoint   ] Safepoint "Cleanup", Time since last: 1000159730 ns, Reaching safepoint: 9837 ns, Cleanup: 7490 ns, At safepoint: 5397 ns, Total: 22724 ns
[2025-10-16T09:16:20.554+0000][7][safepoint   ] Safepoint "Cleanup", Time since last: 2000150184 ns, Reaching safepoint: 8425 ns, Cleanup: 7217 ns, At safepoint: 4432 ns, Total: 20074 ns
[2025-10-16T09:16:21.554+0000][7][safepoint   ] Safepoint "Cleanup", Time since last: 1000094754 ns, Reaching safepoint: 9098 ns, Cleanup: 9300 ns, At safepoint: 3760 ns, Total: 22158 ns
[2025-10-16T09:16:22.182+0000][7][gc,start    ] GC(19) Pause Young (Prepare Mixed) (G1 Evacuation Pause)
[2025-10-16T09:16:22.182+0000][7][gc,task     ] GC(19) Using 8 workers of 8 for evacuation
[2025-10-16T09:16:22.182+0000][7][gc,age      ] GC(19) Desired survivor size 121634816 bytes, new threshold 15 (max threshold 15)
[2025-10-16T09:16:22.209+0000][7][gc,phases   ] GC(19)   Pre Evacuate Collection Set: 0.20ms
[2025-10-16T09:16:22.209+0000][7][gc,phases   ] GC(19)   Merge Heap Roots: 0.15ms
[2025-10-16T09:16:22.209+0000][7][gc,phases   ] GC(19)   Evacuate Collection Set: 24.58ms
[2025-10-16T09:16:22.209+0000][7][gc,phases   ] GC(19)   Post Evacuate Collection Set: 2.37ms
[2025-10-16T09:16:22.209+0000][7][gc,phases   ] GC(19)   Other: 0.09ms
[2025-10-16T09:16:22.209+0000][7][gc,age      ] GC(19) Age table with threshold 15 (max threshold 15)
[2025-10-16T09:16:22.209+0000][7][gc,age      ] GC(19) - age   1:    2396984 bytes,    2396984 total
[2025-10-16T09:16:22.209+0000][7][gc,age      ] GC(19) - age   2:     385872 bytes,    2782856 total
[2025-10-16T09:16:22.209+0000][7][gc,age      ] GC(19) - age   3:   11346496 bytes,   14129352 total
[2025-10-16T09:16:22.209+0000][7][gc,age      ] GC(19) - age   4:      47888 bytes,   14177240 total
[2025-10-16T09:16:22.209+0000][7][gc,age      ] GC(19) - age   5:     178184 bytes,   14355424 total
[2025-10-16T09:16:22.209+0000][7][gc,age      ] GC(19) - age   6:   17768080 bytes,   32123504 total
[2025-10-16T09:16:22.209+0000][7][gc,age      ] GC(19) - age   7:   10859448 bytes,   42982952 total
[2025-10-16T09:16:22.209+0000][7][gc,age      ] GC(19) - age   8:      43152 bytes,   43026104 total
[2025-10-16T09:16:22.209+0000][7][gc,age      ] GC(19) - age   9:      35080 bytes,   43061184 total
[2025-10-16T09:16:22.210+0000][7][gc,heap     ] GC(19) Eden regions: 448->0(448)
[2025-10-16T09:16:22.210+0000][7][gc,heap     ] GC(19) Survivor regions: 12->12(58)
[2025-10-16T09:16:22.210+0000][7][gc,heap     ] GC(19) Old regions: 12->12
[2025-10-16T09:16:22.210+0000][7][gc,heap     ] GC(19) Humongous regions: 2->2
[2025-10-16T09:16:22.210+0000][7][gc,metaspace] GC(19) Metaspace: 112509K(115392K)->112509K(115392K) NonClass: 97046K(98624K)->97046K(98624K) Class: 15463K(16768K)->15463K(16768K)
[2025-10-16T09:16:22.210+0000][7][gc          ] GC(19) Pause Young (Prepare Mixed) (G1 Evacuation Pause) 1892M->100M(3072M) 27.714ms
[2025-10-16T09:16:22.210+0000][7][gc,cpu      ] GC(19) User=0.10s Sys=0.01s Real=0.02s
[2025-10-16T09:16:22.210+0000][7][safepoint   ] Safepoint "G1CollectForAllocation", Time since last: 627710859 ns, Reaching safepoint: 12951 ns, Cleanup: 12501 ns, At safepoint: 28594779 ns, Total: 28620231 ns
[2025-10-16T09:16:23.211+0000][7][safepoint   ] Safepoint "Cleanup", Time since last: 1000103513 ns, Reaching safepoint: 7702 ns, Cleanup: 10286 ns, At safepoint: 5613 ns, Total: 23601 ns
[2025-10-16T09:16:25.211+0000][7][safepoint   ] Safepoint "Cleanup", Time since last: 2000149761 ns, Reaching safepoint: 8528 ns, Cleanup: 10685 ns, At safepoint: 4768 ns, Total: 23981 ns
[2025-10-16T09:16:26.211+0000][7][safepoint   ] Safepoint "Cleanup", Time since last: 1000116091 ns, Reaching safepoint: 8904 ns, Cleanup: 8048 ns, At safepoint: 5004 ns, Total: 21956 ns
[2025-10-16T09:16:27.211+0000][7][safepoint   ] Safepoint "Cleanup", Time since last: 1000086874 ns, Reaching safepoint: 9168 ns, Cleanup: 8489 ns, At safepoint: 5036 ns, Total: 22693 ns
[2025-10-16T09:16:28.211+0000][7][safepoint   ] Safepoint "Cleanup", Time since last: 1000073771 ns, Reaching safepoint: 9299 ns, Cleanup: 11879 ns, At safepoint: 4620 ns, Total: 25798 ns
[2025-10-16T09:16:30.211+0000][7][safepoint   ] Safepoint "Cleanup", Time since last: 2000112922 ns, Reaching safepoint: 73457 ns, Cleanup: 8273 ns, At safepoint: 4828 ns, Total: 86558 ns
[2025-10-16T09:16:31.211+0000][7][safepoint   ] Safepoint "Cleanup", Time since last: 1000108345 ns, Reaching safepoint: 37744 ns, Cleanup: 15500 ns, At safepoint: 10461 ns, Total: 63705 ns
[2025-10-16T09:16:32.214+0000][7][safepoint   ] Safepoint "Cleanup", Time since last: 1000982857 ns, Reaching safepoint: 1057749 ns, Cleanup: 22656 ns, At safepoint: 16846 ns, Total: 1097251 ns
[2025-10-16T09:16:33.214+0000][7][safepoint   ] Safepoint "Cleanup", Time since last: 1000154129 ns, Reaching safepoint: 8999 ns, Cleanup: 9059 ns, At safepoint: 4877 ns, Total: 22935 ns
[2025-10-16T09:16:34.214+0000][7][safepoint   ] Safepoint "Cleanup", Time since last: 1000043407 ns, Reaching safepoint: 9008 ns, Cleanup: 11317 ns, At safepoint: 6323 ns, Total: 26648 ns
[2025-10-16T09:16:35.214+0000][7][safepoint   ] Safepoint "Cleanup", Time since last: 1000144626 ns, Reaching safepoint: 40596 ns, Cleanup: 46132 ns, At safepoint: 5446 ns, Total: 92174 ns
[2025-10-16T09:16:36.214+0000][7][safepoint   ] Safepoint "Cleanup", Time since last: 1000127715 ns, Reaching safepoint: 8957 ns, Cleanup: 10329 ns, At safepoint: 4942 ns, Total: 24228 ns
[2025-10-16T09:16:37.214+0000][7][safepoint   ] Safepoint "Cleanup", Time since last: 1000097412 ns, Reaching safepoint: 15436 ns, Cleanup: 20868 ns, At safepoint: 6973 ns, Total: 43277 ns
[2025-10-16T09:16:38.214+0000][7][safepoint   ] Safepoint "Cleanup", Time since last: 1000146327 ns, Reaching safepoint: 8026 ns, Cleanup: 6998 ns, At safepoint: 4789 ns, Total: 19813 ns
[2025-10-16T09:16:39.215+0000][7][safepoint   ] Safepoint "Cleanup", Time since last: 1000086958 ns, Reaching safepoint: 9034 ns, Cleanup: 7285 ns, At safepoint: 4796 ns, Total: 21115 ns
[2025-10-16T09:16:40.215+0000][7][safepoint   ] Safepoint "Cleanup", Time since last: 1000085139 ns, Reaching safepoint: 15128 ns, Cleanup: 8390 ns, At safepoint: 6107 ns, Total: 29625 ns
[2025-10-16T09:16:41.215+0000][7][safepoint   ] Safepoint "Cleanup", Time since last: 1000103039 ns, Reaching safepoint: 20207 ns, Cleanup: 43245 ns, At safepoint: 3711 ns, Total: 67163 ns
[2025-10-16T09:16:42.215+0000][7][safepoint   ] Safepoint "Cleanup", Time since last: 1000089684 ns, Reaching safepoint: 8914 ns, Cleanup: 9541 ns, At safepoint: 4970 ns, Total: 23425 ns
[2025-10-16T09:16:43.215+0000][7][safepoint   ] Safepoint "Cleanup", Time since last: 1000088882 ns, Reaching safepoint: 8855 ns, Cleanup: 12026 ns, At safepoint: 4820 ns, Total: 25701 ns
[2025-10-16T09:16:44.215+0000][7][safepoint   ] Safepoint "Cleanup", Time since last: 1000257431 ns, Reaching safepoint: 8380 ns, Cleanup: 11109 ns, At safepoint: 5068 ns, Total: 24557 ns
[2025-10-16T09:16:45.215+0000][7][safepoint   ] Safepoint "Cleanup", Time since last: 1000079676 ns, Reaching safepoint: 8642 ns, Cleanup: 8853 ns, At safepoint: 5151 ns, Total: 22646 ns
[2025-10-16T09:16:46.216+0000][7][safepoint   ] Safepoint "Cleanup", Time since last: 1000089334 ns, Reaching safepoint: 8360 ns, Cleanup: 8331 ns, At safepoint: 4617 ns, Total: 21308 ns
[2025-10-16T09:16:49.216+0000][7][safepoint   ] Safepoint "Cleanup", Time since last: 3000208454 ns, Reaching safepoint: 7892 ns, Cleanup: 7741 ns, At safepoint: 4970 ns, Total: 20603 ns
[2025-10-16T09:16:50.216+0000][7][safepoint   ] Safepoint "Cleanup", Time since last: 1000084007 ns, Reaching safepoint: 8660 ns, Cleanup: 16936 ns, At safepoint: 5173 ns, Total: 30769 ns
[2025-10-16T09:16:51.216+0000][7][safepoint   ] Safepoint "Cleanup", Time since last: 1000109134 ns, Reaching safepoint: 36356 ns, Cleanup: 35836 ns, At safepoint: 14759 ns, Total: 86951 ns
[2025-10-16T09:16:52.216+0000][7][safepoint   ] Safepoint "Cleanup", Time since last: 1000215699 ns, Reaching safepoint: 7966 ns, Cleanup: 16285 ns, At safepoint: 4990 ns, Total: 29241 ns
[2025-10-16T09:16:53.216+0000][7][safepoint   ] Safepoint "Cleanup", Time since last: 1000101591 ns, Reaching safepoint: 7809 ns, Cleanup: 11446 ns, At safepoint: 4101 ns, Total: 23356 ns
[2025-10-16T09:16:55.217+0000][7][safepoint   ] Safepoint "Cleanup", Time since last: 2000157274 ns, Reaching safepoint: 10479 ns, Cleanup: 11446 ns, At safepoint: 6168 ns, Total: 28093 ns
[2025-10-16T09:16:56.217+0000][7][safepoint   ] Safepoint "Cleanup", Time since last: 1000111246 ns, Reaching safepoint: 17692 ns, Cleanup: 18618 ns, At safepoint: 8930 ns, Total: 45240 ns
[2025-10-16T09:16:57.217+0000][7][safepoint   ] Safepoint "Cleanup", Time since last: 1000114399 ns, Reaching safepoint: 9053 ns, Cleanup: 10878 ns, At safepoint: 4627 ns, Total: 24558 ns
[2025-10-16T09:16:58.217+0000][7][safepoint   ] Safepoint "Cleanup", Time since last: 1000103788 ns, Reaching safepoint: 8053 ns, Cleanup: 10796 ns, At safepoint: 4647 ns, Total: 23496 ns
[2025-10-16T09:16:59.217+0000][7][safepoint   ] Safepoint "Cleanup", Time since last: 1000102792 ns, Reaching safepoint: 13380 ns, Cleanup: 23249 ns, At safepoint: 7526 ns, Total: 44155 ns
[2025-10-16T09:17:00.217+0000][7][safepoint   ] Safepoint "Cleanup", Time since last: 1000108819 ns, Reaching safepoint: 9005 ns, Cleanup: 9378 ns, At safepoint: 4361 ns, Total: 22744 ns
[2025-10-16T09:17:01.217+0000][7][safepoint   ] Safepoint "Cleanup", Time since last: 1000095516 ns, Reaching safepoint: 8978 ns, Cleanup: 12593 ns, At safepoint: 5308 ns, Total: 26879 ns
[2025-10-16T09:17:02.218+0000][7][safepoint   ] Safepoint "Cleanup", Time since last: 1000092345 ns, Reaching safepoint: 8306 ns, Cleanup: 8754 ns, At safepoint: 4283 ns, Total: 21343 ns
[2025-10-16T09:17:03.218+0000][7][safepoint   ] Safepoint "Cleanup", Time since last: 1000093409 ns, Reaching safepoint: 11540 ns, Cleanup: 10552 ns, At safepoint: 4867 ns, Total: 26959 ns
[2025-10-16T09:17:04.218+0000][7][safepoint   ] Safepoint "Cleanup", Time since last: 1000128737 ns, Reaching safepoint: 10672 ns, Cleanup: 9995 ns, At safepoint: 5545 ns, Total: 26212 ns
[2025-10-16T09:17:05.218+0000][7][safepoint   ] Safepoint "Cleanup", Time since last: 1000090693 ns, Reaching safepoint: 8392 ns, Cleanup: 11205 ns, At safepoint: 4443 ns, Total: 24040 ns
[2025-10-16T09:17:06.218+0000][7][safepoint   ] Safepoint "Cleanup", Time since last: 1000093954 ns, Reaching safepoint: 11637 ns, Cleanup: 11885 ns, At safepoint: 5713 ns, Total: 29235 ns
[2025-10-16T09:17:07.218+0000][7][safepoint   ] Safepoint "Cleanup", Time since last: 1000121486 ns, Reaching safepoint: 15129 ns, Cleanup: 18410 ns, At safepoint: 7672 ns, Total: 41211 ns
[2025-10-16T09:17:08.219+0000][7][safepoint   ] Safepoint "Cleanup", Time since last: 1000212636 ns, Reaching safepoint: 13775 ns, Cleanup: 23545 ns, At safepoint: 6732 ns, Total: 44052 ns
[2025-10-16T09:17:09.219+0000][7][safepoint   ] Safepoint "Cleanup", Time since last: 1000107923 ns, Reaching safepoint: 12225 ns, Cleanup: 17824 ns, At safepoint: 6277 ns, Total: 36326 ns
[2025-10-16T09:17:10.219+0000][7][safepoint   ] Safepoint "Cleanup", Time since last: 1000180257 ns, Reaching safepoint: 10212 ns, Cleanup: 11245 ns, At safepoint: 4523 ns, Total: 25980 ns
[2025-10-16T09:17:11.219+0000][7][safepoint   ] Safepoint "Cleanup", Time since last: 1000098913 ns, Reaching safepoint: 24582 ns, Cleanup: 10172 ns, At safepoint: 6081 ns, Total: 40835 ns
[2025-10-16T09:17:12.219+0000][7][safepoint   ] Safepoint "Cleanup", Time since last: 1000095142 ns, Reaching safepoint: 14919 ns, Cleanup: 19806 ns, At safepoint: 7095 ns, Total: 41820 ns
[2025-10-16T09:17:13.219+0000][7][safepoint   ] Safepoint "Cleanup", Time since last: 1000257181 ns, Reaching safepoint: 12517 ns, Cleanup: 11718 ns, At safepoint: 5877 ns, Total: 30112 ns
[2025-10-16T09:17:14.220+0000][7][safepoint   ] Safepoint "Cleanup", Time since last: 1000973789 ns, Reaching safepoint: 15337 ns, Cleanup: 13553 ns, At safepoint: 7144 ns, Total: 36034 ns
[2025-10-16T09:17:15.221+0000][7][safepoint   ] Safepoint "Cleanup", Time since last: 1000118852 ns, Reaching safepoint: 10119 ns, Cleanup: 8932 ns, At safepoint: 6004 ns, Total: 25055 ns
[2025-10-16T09:17:16.221+0000][7][safepoint   ] Safepoint "Cleanup", Time since last: 1000093511 ns, Reaching safepoint: 8251 ns, Cleanup: 23579 ns, At safepoint: 4497 ns, Total: 36327 ns
[2025-10-16T09:17:17.577+0000][7][safepoint   ] Safepoint "Cleanup", Time since last: 1356354710 ns, Reaching safepoint: 8472 ns, Cleanup: 14357 ns, At safepoint: 4278 ns, Total: 27107 ns
[2025-10-16T09:17:18.577+0000][7][safepoint   ] Safepoint "Cleanup", Time since last: 1000122277 ns, Reaching safepoint: 8426 ns, Cleanup: 7146 ns, At safepoint: 5100 ns, Total: 20672 ns
[2025-10-16T09:17:19.577+0000][7][safepoint   ] Safepoint "Cleanup", Time since last: 1000091830 ns, Reaching safepoint: 9274 ns, Cleanup: 13782 ns, At safepoint: 4919 ns, Total: 27975 ns
[2025-10-16T09:17:20.578+0000][7][safepoint   ] Safepoint "Cleanup", Time since last: 1000133831 ns, Reaching safepoint: 12510 ns, Cleanup: 28439 ns, At safepoint: 6746 ns, Total: 47695 ns
[2025-10-16T09:17:21.578+0000][7][safepoint   ] Safepoint "Cleanup", Time since last: 1000108821 ns, Reaching safepoint: 10106 ns, Cleanup: 11390 ns, At safepoint: 5044 ns, Total: 26540 ns
[2025-10-16T09:17:23.578+0000][7][safepoint   ] Safepoint "Cleanup", Time since last: 2000153773 ns, Reaching safepoint: 12547 ns, Cleanup: 13432 ns, At safepoint: 5983 ns, Total: 31962 ns
[2025-10-16T09:17:24.578+0000][7][safepoint   ] Safepoint "Cleanup", Time since last: 1000108690 ns, Reaching safepoint: 13603 ns, Cleanup: 13312 ns, At safepoint: 6259 ns, Total: 33174 ns
[2025-10-16T09:17:26.578+0000][7][safepoint   ] Safepoint "Cleanup", Time since last: 2000193605 ns, Reaching safepoint: 21255 ns, Cleanup: 17454 ns, At safepoint: 4630 ns, Total: 43339 ns
[2025-10-16T09:17:27.578+0000][7][safepoint   ] Safepoint "Cleanup", Time since last: 1000144100 ns, Reaching safepoint: 37565 ns, Cleanup: 8644 ns, At safepoint: 7695 ns, Total: 53904 ns
[2025-10-16T09:17:28.579+0000][7][safepoint   ] Safepoint "Cleanup", Time since last: 1000117997 ns, Reaching safepoint: 9184 ns, Cleanup: 11974 ns, At safepoint: 4542 ns, Total: 25700 ns
[2025-10-16T09:17:30.579+0000][7][safepoint   ] Safepoint "Cleanup", Time since last: 2000152760 ns, Reaching safepoint: 9765 ns, Cleanup: 8777 ns, At safepoint: 5332 ns, Total: 23874 ns
[2025-10-16T09:17:33.579+0000][7][safepoint   ] Safepoint "Cleanup", Time since last: 3000212446 ns, Reaching safepoint: 7770 ns, Cleanup: 9968 ns, At safepoint: 4908 ns, Total: 22646 ns
[2025-10-16T09:17:34.579+0000][7][safepoint   ] Safepoint "Cleanup", Time since last: 1000194497 ns, Reaching safepoint: 7830 ns, Cleanup: 7661 ns, At safepoint: 5583 ns, Total: 21074 ns
[2025-10-16T09:17:35.579+0000][7][safepoint   ] Safepoint "Cleanup", Time since last: 1000073633 ns, Reaching safepoint: 12749 ns, Cleanup: 14807 ns, At safepoint: 5741 ns, Total: 33297 ns
[2025-10-16T09:17:37.580+0000][7][safepoint   ] Safepoint "Cleanup", Time since last: 2000140839 ns, Reaching safepoint: 8665 ns, Cleanup: 10588 ns, At safepoint: 5295 ns, Total: 24548 ns
[2025-10-16T09:17:38.580+0000][7][safepoint   ] Safepoint "Cleanup", Time since last: 1000096443 ns, Reaching safepoint: 11192 ns, Cleanup: 12058 ns, At safepoint: 5255 ns, Total: 28505 ns
[2025-10-16T09:17:40.580+0000][7][safepoint   ] Safepoint "Cleanup", Time since last: 2000708100 ns, Reaching safepoint: 10487 ns, Cleanup: 16502 ns, At safepoint: 5292 ns, Total: 32281 ns
[2025-10-16T09:17:41.581+0000][7][safepoint   ] Safepoint "Cleanup", Time since last: 1000106407 ns, Reaching safepoint: 19636 ns, Cleanup: 9850 ns, At safepoint: 4669 ns, Total: 34155 ns
[2025-10-16T09:17:42.581+0000][7][safepoint   ] Safepoint "Cleanup", Time since last: 1000102540 ns, Reaching safepoint: 27135 ns, Cleanup: 29640 ns, At safepoint: 4627 ns, Total: 61402 ns
[2025-10-16T09:17:43.894+0000][7][gc,start    ] GC(20) Pause Young (Mixed) (G1 Evacuation Pause)
[2025-10-16T09:17:43.894+0000][7][gc,task     ] GC(20) Using 8 workers of 8 for evacuation
[2025-10-16T09:17:43.894+0000][7][gc,age      ] GC(20) Desired survivor size 121634816 bytes, new threshold 15 (max threshold 15)
[2025-10-16T09:17:43.911+0000][7][gc,phases   ] GC(20)   Pre Evacuate Collection Set: 0.17ms
[2025-10-16T09:17:43.911+0000][7][gc,phases   ] GC(20)   Merge Heap Roots: 0.13ms
[2025-10-16T09:17:43.911+0000][7][gc,phases   ] GC(20)   Evacuate Collection Set: 15.59ms
[2025-10-16T09:17:43.911+0000][7][gc,phases   ] GC(20)   Post Evacuate Collection Set: 1.16ms
[2025-10-16T09:17:43.911+0000][7][gc,phases   ] GC(20)   Other: 0.06ms
[2025-10-16T09:17:43.911+0000][7][gc,age      ] GC(20) Age table with threshold 15 (max threshold 15)
[2025-10-16T09:17:43.911+0000][7][gc,age      ] GC(20) - age   1:    2503032 bytes,    2503032 total
[2025-10-16T09:17:43.911+0000][7][gc,age      ] GC(20) - age   2:     218520 bytes,    2721552 total
[2025-10-16T09:17:43.911+0000][7][gc,age      ] GC(20) - age   3:     383448 bytes,    3105000 total
[2025-10-16T09:17:43.911+0000][7][gc,age      ] GC(20) - age   4:   11329688 bytes,   14434688 total
[2025-10-16T09:17:43.911+0000][7][gc,age      ] GC(20) - age   5:      47888 bytes,   14482576 total
[2025-10-16T09:17:43.911+0000][7][gc,age      ] GC(20) - age   6:     178184 bytes,   14660760 total
[2025-10-16T09:17:43.911+0000][7][gc,age      ] GC(20) - age   7:   17767568 bytes,   32428328 total
[2025-10-16T09:17:43.911+0000][7][gc,age      ] GC(20) - age   8:   10859448 bytes,   43287776 total
[2025-10-16T09:17:43.911+0000][7][gc,age      ] GC(20) - age   9:      43152 bytes,   43330928 total
[2025-10-16T09:17:43.911+0000][7][gc,age      ] GC(20) - age  10:      35080 bytes,   43366008 total
[2025-10-16T09:17:43.911+0000][7][gc,heap     ] GC(20) Eden regions: 448->0(448)
[2025-10-16T09:17:43.911+0000][7][gc,heap     ] GC(20) Survivor regions: 12->12(58)
[2025-10-16T09:17:43.911+0000][7][gc,heap     ] GC(20) Old regions: 12->12
[2025-10-16T09:17:43.911+0000][7][gc,heap     ] GC(20) Humongous regions: 2->2
[2025-10-16T09:17:43.911+0000][7][gc,metaspace] GC(20) Metaspace: 112972K(115840K)->112972K(115840K) NonClass: 97505K(99072K)->97505K(99072K) Class: 15467K(16768K)->15467K(16768K)
[2025-10-16T09:17:43.911+0000][7][gc          ] GC(20) Pause Young (Mixed) (G1 Evacuation Pause) 1892M->100M(3072M) 17.269ms
[2025-10-16T09:17:43.911+0000][7][gc,cpu      ] GC(20) User=0.09s Sys=0.01s Real=0.02s
[2025-10-16T09:17:43.911+0000][7][safepoint   ] Safepoint "G1CollectForAllocation", Time since last: 1313493947 ns, Reaching safepoint: 8242 ns, Cleanup: 10287 ns, At safepoint: 17310363 ns, Total: 17328892 ns
[2025-10-16T09:17:44.912+0000][7][safepoint   ] Safepoint "Cleanup", Time since last: 1000123909 ns, Reaching safepoint: 8923 ns, Cleanup: 9554 ns, At safepoint: 5347 ns, Total: 23824 ns
[2025-10-16T09:17:45.912+0000][7][safepoint   ] Safepoint "Cleanup", Time since last: 1000090882 ns, Reaching safepoint: 8309 ns, Cleanup: 8447 ns, At safepoint: 4467 ns, Total: 21223 ns
[2025-10-16T09:17:46.912+0000][7][safepoint   ] Safepoint "Cleanup", Time since last: 1000087906 ns, Reaching safepoint: 8941 ns, Cleanup: 11011 ns, At safepoint: 4781 ns, Total: 24733 ns
[2025-10-16T09:17:48.912+0000][7][safepoint   ] Safepoint "Cleanup", Time since last: 2000185819 ns, Reaching safepoint: 9411 ns, Cleanup: 13983 ns, At safepoint: 5721 ns, Total: 29115 ns
[2025-10-16T09:17:49.912+0000][7][safepoint   ] Safepoint "Cleanup", Time since last: 1000099329 ns, Reaching safepoint: 12444 ns, Cleanup: 9900 ns, At safepoint: 6225 ns, Total: 28569 ns
[2025-10-16T09:17:50.912+0000][7][safepoint   ] Safepoint "Cleanup", Time since last: 1000106635 ns, Reaching safepoint: 38496 ns, Cleanup: 8634 ns, At safepoint: 6314 ns, Total: 53444 ns
[2025-10-16T09:17:51.913+0000][7][safepoint   ] Safepoint "Cleanup", Time since last: 1000103505 ns, Reaching safepoint: 12962 ns, Cleanup: 15430 ns, At safepoint: 7199 ns, Total: 35591 ns
[2025-10-16T09:17:53.913+0000][7][safepoint   ] Safepoint "Cleanup", Time since last: 2000165339 ns, Reaching safepoint: 11418 ns, Cleanup: 11194 ns, At safepoint: 4763 ns, Total: 27375 ns
[2025-10-16T09:17:54.913+0000][7][safepoint   ] Safepoint "Cleanup", Time since last: 1000109665 ns, Reaching safepoint: 14383 ns, Cleanup: 9808 ns, At safepoint: 5853 ns, Total: 30044 ns
[2025-10-16T09:17:55.913+0000][7][safepoint   ] Safepoint "Cleanup", Time since last: 1000101012 ns, Reaching safepoint: 7959 ns, Cleanup: 9775 ns, At safepoint: 3871 ns, Total: 21605 ns
[2025-10-16T09:17:57.913+0000][7][safepoint   ] Safepoint "Cleanup", Time since last: 2000152939 ns, Reaching safepoint: 13227 ns, Cleanup: 11498 ns, At safepoint: 5842 ns, Total: 30567 ns
[2025-10-16T09:17:58.913+0000][7][safepoint   ] Safepoint "Cleanup", Time since last: 1000109247 ns, Reaching safepoint: 14413 ns, Cleanup: 13028 ns, At safepoint: 7776 ns, Total: 35217 ns
[2025-10-16T09:17:59.913+0000][7][safepoint   ] Safepoint "Cleanup", Time since last: 1000113662 ns, Reaching safepoint: 8706 ns, Cleanup: 8350 ns, At safepoint: 5887 ns, Total: 22943 ns
[2025-10-16T09:18:01.914+0000][7][safepoint   ] Safepoint "Cleanup", Time since last: 2000167039 ns, Reaching safepoint: 13909 ns, Cleanup: 11069 ns, At safepoint: 5052 ns, Total: 30030 ns
[2025-10-16T09:18:02.914+0000][7][safepoint   ] Safepoint "Cleanup", Time since last: 1000092905 ns, Reaching safepoint: 11931 ns, Cleanup: 11662 ns, At safepoint: 5720 ns, Total: 29313 ns
[2025-10-16T09:18:03.914+0000][7][safepoint   ] Safepoint "Cleanup", Time since last: 1000107963 ns, Reaching safepoint: 8317 ns, Cleanup: 12965 ns, At safepoint: 5173 ns, Total: 26455 ns
[2025-10-16T09:18:04.914+0000][7][safepoint   ] Safepoint "Cleanup", Time since last: 1000093538 ns, Reaching safepoint: 8558 ns, Cleanup: 8531 ns, At safepoint: 4814 ns, Total: 21903 ns
[2025-10-16T09:18:05.914+0000][7][safepoint   ] Safepoint "Cleanup", Time since last: 1000090729 ns, Reaching safepoint: 9472 ns, Cleanup: 7919 ns, At safepoint: 4558 ns, Total: 21949 ns
[2025-10-16T09:18:07.914+0000][7][safepoint   ] Safepoint "Cleanup", Time since last: 2000221598 ns, Reaching safepoint: 8614 ns, Cleanup: 8206 ns, At safepoint: 5462 ns, Total: 22282 ns
[2025-10-16T09:18:09.914+0000][7][safepoint   ] Safepoint "Cleanup", Time since last: 2000114471 ns, Reaching safepoint: 8557 ns, Cleanup: 8618 ns, At safepoint: 4237 ns, Total: 21412 ns
[2025-10-16T09:18:10.915+0000][7][safepoint   ] Safepoint "Cleanup", Time since last: 1000089301 ns, Reaching safepoint: 8098 ns, Cleanup: 7912 ns, At safepoint: 4633 ns, Total: 20643 ns
[2025-10-16T09:18:11.915+0000][7][safepoint   ] Safepoint "Cleanup", Time since last: 1000088501 ns, Reaching safepoint: 7992 ns, Cleanup: 10051 ns, At safepoint: 4696 ns, Total: 22739 ns
[2025-10-16T09:18:12.915+0000][7][safepoint   ] Safepoint "Cleanup", Time since last: 1000075367 ns, Reaching safepoint: 20735 ns, Cleanup: 8760 ns, At safepoint: 5283 ns, Total: 34778 ns
[2025-10-16T09:18:13.915+0000][7][safepoint   ] Safepoint "Cleanup", Time since last: 1000391516 ns, Reaching safepoint: 8905 ns, Cleanup: 8201 ns, At safepoint: 4118 ns, Total: 21224 ns
[2025-10-16T09:18:18.596+0000][7][safepoint   ] Safepoint "Cleanup", Time since last: 4680508509 ns, Reaching safepoint: 7630 ns, Cleanup: 6343 ns, At safepoint: 4410 ns, Total: 18383 ns
[2025-10-16T09:18:20.596+0000][7][safepoint   ] Safepoint "Cleanup", Time since last: 2000155328 ns, Reaching safepoint: 9048 ns, Cleanup: 15694 ns, At safepoint: 4574 ns, Total: 29316 ns
[2025-10-16T09:18:23.596+0000][7][safepoint   ] Safepoint "Cleanup", Time since last: 3000221825 ns, Reaching safepoint: 12972 ns, Cleanup: 30227 ns, At safepoint: 23267 ns, Total: 66466 ns
[2025-10-16T09:18:24.596+0000][7][safepoint   ] Safepoint "Cleanup", Time since last: 1000114556 ns, Reaching safepoint: 8969 ns, Cleanup: 8818 ns, At safepoint: 5257 ns, Total: 23044 ns
[2025-10-16T09:18:27.597+0000][7][safepoint   ] Safepoint "Cleanup", Time since last: 3000225570 ns, Reaching safepoint: 22604 ns, Cleanup: 9320 ns, At safepoint: 7010 ns, Total: 38934 ns
[2025-10-16T09:18:29.597+0000][7][safepoint   ] Safepoint "Cleanup", Time since last: 2000146654 ns, Reaching safepoint: 9319 ns, Cleanup: 10205 ns, At safepoint: 6181 ns, Total: 25705 ns
[2025-10-16T09:18:33.597+0000][7][safepoint   ] Safepoint "Cleanup", Time since last: 4000397450 ns, Reaching safepoint: 11695 ns, Cleanup: 8483 ns, At safepoint: 5717 ns, Total: 25895 ns
[2025-10-16T09:18:34.598+0000][7][safepoint   ] Safepoint "Cleanup", Time since last: 1000275559 ns, Reaching safepoint: 9200 ns, Cleanup: 7698 ns, At safepoint: 4741 ns, Total: 21639 ns
[2025-10-16T09:18:35.598+0000][7][safepoint   ] Safepoint "Cleanup", Time since last: 1000090008 ns, Reaching safepoint: 8758 ns, Cleanup: 8637 ns, At safepoint: 4753 ns, Total: 22148 ns
[2025-10-16T09:18:42.599+0000][7][safepoint   ] Safepoint "Cleanup", Time since last: 7001777958 ns, Reaching safepoint: 12493 ns, Cleanup: 9864 ns, At safepoint: 5592 ns, Total: 27949 ns
[2025-10-16T09:18:45.600+0000][7][safepoint   ] Safepoint "Cleanup", Time since last: 3000233859 ns, Reaching safepoint: 9782 ns, Cleanup: 7072 ns, At safepoint: 4684 ns, Total: 21538 ns
[2025-10-16T09:18:46.600+0000][7][safepoint   ] Safepoint "Cleanup", Time since last: 1000098928 ns, Reaching safepoint: 9221 ns, Cleanup: 18899 ns, At safepoint: 6019 ns, Total: 34139 ns
[2025-10-16T09:18:47.600+0000][7][safepoint   ] Safepoint "Cleanup", Time since last: 1000091820 ns, Reaching safepoint: 7516 ns, Cleanup: 11211 ns, At safepoint: 4870 ns, Total: 23597 ns
[2025-10-16T09:18:48.600+0000][7][safepoint   ] Safepoint "Cleanup", Time since last: 1000121121 ns, Reaching safepoint: 20498 ns, Cleanup: 19805 ns, At safepoint: 15117 ns, Total: 55420 ns
[2025-10-16T09:18:49.600+0000][7][safepoint   ] Safepoint "Cleanup", Time since last: 1000122488 ns, Reaching safepoint: 7768 ns, Cleanup: 6965 ns, At safepoint: 4962 ns, Total: 19695 ns
[2025-10-16T09:18:50.600+0000][7][safepoint   ] Safepoint "Cleanup", Time since last: 1000081734 ns, Reaching safepoint: 8479 ns, Cleanup: 7442 ns, At safepoint: 4844 ns, Total: 20765 ns
[2025-10-16T09:18:51.600+0000][7][safepoint   ] Safepoint "Cleanup", Time since last: 1000091965 ns, Reaching safepoint: 8056 ns, Cleanup: 9220 ns, At safepoint: 4528 ns, Total: 21804 ns
[2025-10-16T09:18:53.601+0000][7][safepoint   ] Safepoint "Cleanup", Time since last: 2000150140 ns, Reaching safepoint: 11203 ns, Cleanup: 36117 ns, At safepoint: 5590 ns, Total: 52910 ns
[2025-10-16T09:18:54.601+0000][7][safepoint   ] Safepoint "Cleanup", Time since last: 1000741442 ns, Reaching safepoint: 12549 ns, Cleanup: 9773 ns, At safepoint: 5608 ns, Total: 27930 ns
[2025-10-16T09:18:55.602+0000][7][safepoint   ] Safepoint "Cleanup", Time since last: 1000151694 ns, Reaching safepoint: 13715 ns, Cleanup: 17476 ns, At safepoint: 7565 ns, Total: 38756 ns
[2025-10-16T09:18:56.602+0000][7][safepoint   ] Safepoint "Cleanup", Time since last: 1000083575 ns, Reaching safepoint: 12989 ns, Cleanup: 9234 ns, At safepoint: 6615 ns, Total: 28838 ns
[2025-10-16T09:18:57.602+0000][7][safepoint   ] Safepoint "Cleanup", Time since last: 1000102781 ns, Reaching safepoint: 7855 ns, Cleanup: 10538 ns, At safepoint: 5238 ns, Total: 23631 ns
[2025-10-16T09:18:58.602+0000][7][safepoint   ] Safepoint "Cleanup", Time since last: 1000092553 ns, Reaching safepoint: 9475 ns, Cleanup: 11698 ns, At safepoint: 5365 ns, Total: 26538 ns
[2025-10-16T09:19:00.602+0000][7][safepoint   ] Safepoint "Cleanup", Time since last: 2000158946 ns, Reaching safepoint: 34066 ns, Cleanup: 22968 ns, At safepoint: 5920 ns, Total: 62954 ns
[2025-10-16T09:19:01.602+0000][7][safepoint   ] Safepoint "Cleanup", Time since last: 1000096821 ns, Reaching safepoint: 8801 ns, Cleanup: 8460 ns, At safepoint: 4712 ns, Total: 21973 ns
[2025-10-16T09:19:02.602+0000][7][safepoint   ] Safepoint "Cleanup", Time since last: 1000068570 ns, Reaching safepoint: 8539 ns, Cleanup: 30678 ns, At safepoint: 8845 ns, Total: 48062 ns
[2025-10-16T09:19:05.603+0000][7][safepoint   ] Safepoint "Cleanup", Time since last: 3000952257 ns, Reaching safepoint: 12796 ns, Cleanup: 9076 ns, At safepoint: 6123 ns, Total: 27995 ns
[2025-10-16T09:19:06.604+0000][7][safepoint   ] Safepoint "Cleanup", Time since last: 1000104066 ns, Reaching safepoint: 9989 ns, Cleanup: 15911 ns, At safepoint: 5134 ns, Total: 31034 ns
[2025-10-16T09:19:07.604+0000][7][safepoint   ] Safepoint "Cleanup", Time since last: 1000146489 ns, Reaching safepoint: 8255 ns, Cleanup: 8477 ns, At safepoint: 6030 ns, Total: 22762 ns
[2025-10-16T09:19:08.604+0000][7][safepoint   ] Safepoint "Cleanup", Time since last: 1000101407 ns, Reaching safepoint: 10889 ns, Cleanup: 8374 ns, At safepoint: 5746 ns, Total: 25009 ns
[2025-10-16T09:19:13.604+0000][7][safepoint   ] Safepoint "Cleanup", Time since last: 5000539378 ns, Reaching safepoint: 23373 ns, Cleanup: 8990 ns, At safepoint: 8892 ns, Total: 41255 ns
[2025-10-16T09:19:14.605+0000][7][safepoint   ] Safepoint "Cleanup", Time since last: 1000103484 ns, Reaching safepoint: 78573 ns, Cleanup: 23098 ns, At safepoint: 8300 ns, Total: 109971 ns
[2025-10-16T09:19:15.605+0000][7][safepoint   ] Safepoint "Cleanup", Time since last: 1000125905 ns, Reaching safepoint: 8316 ns, Cleanup: 12593 ns, At safepoint: 5811 ns, Total: 26720 ns
[2025-10-16T09:19:16.605+0000][7][safepoint   ] Safepoint "Cleanup", Time since last: 1000092713 ns, Reaching safepoint: 9229 ns, Cleanup: 8983 ns, At safepoint: 5745 ns, Total: 23957 ns
[2025-10-16T09:19:17.551+0000][7][gc,start    ] GC(21) Pause Young (Normal) (G1 Evacuation Pause)
[2025-10-16T09:19:17.551+0000][7][gc,task     ] GC(21) Using 8 workers of 8 for evacuation
[2025-10-16T09:19:17.551+0000][7][gc,age      ] GC(21) Desired survivor size 121634816 bytes, new threshold 15 (max threshold 15)
[2025-10-16T09:19:17.590+0000][7][gc,phases   ] GC(21)   Pre Evacuate Collection Set: 0.29ms
[2025-10-16T09:19:17.590+0000][7][gc,phases   ] GC(21)   Merge Heap Roots: 1.89ms
[2025-10-16T09:19:17.590+0000][7][gc,phases   ] GC(21)   Evacuate Collection Set: 34.30ms
[2025-10-16T09:19:17.590+0000][7][gc,phases   ] GC(21)   Post Evacuate Collection Set: 2.47ms
[2025-10-16T09:19:17.590+0000][7][gc,phases   ] GC(21)   Other: 0.10ms
[2025-10-16T09:19:17.590+0000][7][gc,age      ] GC(21) Age table with threshold 15 (max threshold 15)
[2025-10-16T09:19:17.590+0000][7][gc,age      ] GC(21) - age   1:    2188128 bytes,    2188128 total
[2025-10-16T09:19:17.590+0000][7][gc,age      ] GC(21) - age   2:     105752 bytes,    2293880 total
[2025-10-16T09:19:17.590+0000][7][gc,age      ] GC(21) - age   3:     205152 bytes,    2499032 total
[2025-10-16T09:19:17.590+0000][7][gc,age      ] GC(21) - age   4:     381760 bytes,    2880792 total
[2025-10-16T09:19:17.590+0000][7][gc,age      ] GC(21) - age   5:   11283264 bytes,   14164056 total
[2025-10-16T09:19:17.590+0000][7][gc,age      ] GC(21) - age   6:      47888 bytes,   14211944 total
[2025-10-16T09:19:17.590+0000][7][gc,age      ] GC(21) - age   7:     178184 bytes,   14390128 total
[2025-10-16T09:19:17.590+0000][7][gc,age      ] GC(21) - age   8:   17767568 bytes,   32157696 total
[2025-10-16T09:19:17.590+0000][7][gc,age      ] GC(21) - age   9:   10859448 bytes,   43017144 total
[2025-10-16T09:19:17.590+0000][7][gc,age      ] GC(21) - age  10:      43152 bytes,   43060296 total
[2025-10-16T09:19:17.590+0000][7][gc,age      ] GC(21) - age  11:      35080 bytes,   43095376 total
[2025-10-16T09:19:17.590+0000][7][gc,heap     ] GC(21) Eden regions: 448->0(448)
[2025-10-16T09:19:17.590+0000][7][gc,heap     ] GC(21) Survivor regions: 12->12(58)
[2025-10-16T09:19:17.590+0000][7][gc,heap     ] GC(21) Old regions: 12->12
[2025-10-16T09:19:17.590+0000][7][gc,heap     ] GC(21) Humongous regions: 2->2
[2025-10-16T09:19:17.590+0000][7][gc,metaspace] GC(21) Metaspace: 113184K(116032K)->113184K(116032K) NonClass: 97705K(99264K)->97705K(99264K) Class: 15479K(16768K)->15479K(16768K)
[2025-10-16T09:19:17.590+0000][7][gc          ] GC(21) Pause Young (Normal) (G1 Evacuation Pause) 1892M->100M(3072M) 39.289ms
[2025-10-16T09:19:17.590+0000][7][gc,cpu      ] GC(21) User=0.10s Sys=0.00s Real=0.04s
[2025-10-16T09:19:17.590+0000][7][safepoint   ] Safepoint "G1CollectForAllocation", Time since last: 946149108 ns, Reaching safepoint: 13110 ns, Cleanup: 11596 ns, At safepoint: 39349850 ns, Total: 39374556 ns
[2025-10-16T09:19:20.591+0000][7][safepoint   ] Safepoint "Cleanup", Time since last: 3000194511 ns, Reaching safepoint: 10622 ns, Cleanup: 9480 ns, At safepoint: 4880 ns, Total: 24982 ns
[2025-10-16T09:19:22.591+0000][7][safepoint   ] Safepoint "Cleanup", Time since last: 2000147325 ns, Reaching safepoint: 9042 ns, Cleanup: 9621 ns, At safepoint: 5351 ns, Total: 24014 ns
[2025-10-16T09:19:24.591+0000][7][safepoint   ] Safepoint "Cleanup", Time since last: 2000170354 ns, Reaching safepoint: 11703 ns, Cleanup: 11610 ns, At safepoint: 5745 ns, Total: 29058 ns
[2025-10-16T09:19:25.591+0000][7][safepoint   ] Safepoint "Cleanup", Time since last: 1000131237 ns, Reaching safepoint: 8353 ns, Cleanup: 15210 ns, At safepoint: 5228 ns, Total: 28791 ns
[2025-10-16T09:19:26.591+0000][7][safepoint   ] Safepoint "Cleanup", Time since last: 1000125270 ns, Reaching safepoint: 8105 ns, Cleanup: 8814 ns, At safepoint: 5212 ns, Total: 22131 ns
[2025-10-16T09:19:28.591+0000][7][safepoint   ] Safepoint "Cleanup", Time since last: 2000097528 ns, Reaching safepoint: 8442 ns, Cleanup: 7335 ns, At safepoint: 5446 ns, Total: 21223 ns
[2025-10-16T09:19:30.592+0000][7][safepoint   ] Safepoint "Cleanup", Time since last: 2000157868 ns, Reaching safepoint: 10794 ns, Cleanup: 7711 ns, At safepoint: 4770 ns, Total: 23275 ns
[2025-10-16T09:19:31.592+0000][7][safepoint   ] Safepoint "Cleanup", Time since last: 1000088884 ns, Reaching safepoint: 8488 ns, Cleanup: 10042 ns, At safepoint: 4531 ns, Total: 23061 ns
[2025-10-16T09:19:33.592+0000][7][safepoint   ] Safepoint "Cleanup", Time since last: 2000156059 ns, Reaching safepoint: 9290 ns, Cleanup: 8629 ns, At safepoint: 4841 ns, Total: 22760 ns
[2025-10-16T09:19:34.592+0000][7][safepoint   ] Safepoint "Cleanup", Time since last: 1000121246 ns, Reaching safepoint: 12360 ns, Cleanup: 10582 ns, At safepoint: 5950 ns, Total: 28892 ns
[2025-10-16T09:19:35.592+0000][7][safepoint   ] Safepoint "Cleanup", Time since last: 1000124323 ns, Reaching safepoint: 20674 ns, Cleanup: 17928 ns, At safepoint: 13550 ns, Total: 52152 ns
[2025-10-16T09:19:36.592+0000][7][safepoint   ] Safepoint "Cleanup", Time since last: 1000155081 ns, Reaching safepoint: 20862 ns, Cleanup: 18910 ns, At safepoint: 13867 ns, Total: 53639 ns
[2025-10-16T09:19:37.593+0000][7][safepoint   ] Safepoint "Cleanup", Time since last: 1000105221 ns, Reaching safepoint: 7829 ns, Cleanup: 7013 ns, At safepoint: 5509 ns, Total: 20351 ns
[2025-10-16T09:19:39.593+0000][7][safepoint   ] Safepoint "Cleanup", Time since last: 2000151359 ns, Reaching safepoint: 10191 ns, Cleanup: 9086 ns, At safepoint: 5081 ns, Total: 24358 ns
[2025-10-16T09:19:42.593+0000][7][safepoint   ] Safepoint "Cleanup", Time since last: 3000211387 ns, Reaching safepoint: 9625 ns, Cleanup: 8797 ns, At safepoint: 4512 ns, Total: 22934 ns
[2025-10-16T09:19:46.593+0000][7][safepoint   ] Safepoint "Cleanup", Time since last: 4000359089 ns, Reaching safepoint: 8030 ns, Cleanup: 13041 ns, At safepoint: 5683 ns, Total: 26754 ns
[2025-10-16T09:19:47.594+0000][7][safepoint   ] Safepoint "Cleanup", Time since last: 1000120974 ns, Reaching safepoint: 8951 ns, Cleanup: 8249 ns, At safepoint: 5219 ns, Total: 22419 ns
[2025-10-16T09:19:49.594+0000][7][safepoint   ] Safepoint "Cleanup", Time since last: 2000163296 ns, Reaching safepoint: 11002 ns, Cleanup: 11736 ns, At safepoint: 5804 ns, Total: 28542 ns
[2025-10-16T09:19:51.594+0000][7][safepoint   ] Safepoint "Cleanup", Time since last: 2000194027 ns, Reaching safepoint: 9759 ns, Cleanup: 7824 ns, At safepoint: 5866 ns, Total: 23449 ns
[2025-10-16T09:19:53.594+0000][7][safepoint   ] Safepoint "Cleanup", Time since last: 2000154386 ns, Reaching safepoint: 8369 ns, Cleanup: 9566 ns, At safepoint: 4538 ns, Total: 22473 ns
[2025-10-16T09:19:54.594+0000][7][safepoint   ] Safepoint "Cleanup", Time since last: 1000091886 ns, Reaching safepoint: 8234 ns, Cleanup: 7655 ns, At safepoint: 5259 ns, Total: 21148 ns
[2025-10-16T09:19:57.595+0000][7][safepoint   ] Safepoint "Cleanup", Time since last: 3000228848 ns, Reaching safepoint: 11762 ns, Cleanup: 9433 ns, At safepoint: 5782 ns, Total: 26977 ns
[2025-10-16T09:20:00.595+0000][7][safepoint   ] Safepoint "Cleanup", Time since last: 3000220363 ns, Reaching safepoint: 10818 ns, Cleanup: 11533 ns, At safepoint: 4988 ns, Total: 27339 ns
[2025-10-16T09:20:02.595+0000][7][safepoint   ] Safepoint "Cleanup", Time since last: 2000158179 ns, Reaching safepoint: 8849 ns, Cleanup: 7432 ns, At safepoint: 4812 ns, Total: 21093 ns
[2025-10-16T09:20:05.595+0000][7][safepoint   ] Safepoint "Cleanup", Time since last: 3000168558 ns, Reaching safepoint: 11279 ns, Cleanup: 7748 ns, At safepoint: 4786 ns, Total: 23813 ns
[2025-10-16T09:20:07.595+0000][7][safepoint   ] Safepoint "Cleanup", Time since last: 2000173780 ns, Reaching safepoint: 13421 ns, Cleanup: 9629 ns, At safepoint: 6596 ns, Total: 29646 ns
[2025-10-16T09:20:08.595+0000][7][safepoint   ] Safepoint "Cleanup", Time since last: 1000083265 ns, Reaching safepoint: 26239 ns, Cleanup: 9436 ns, At safepoint: 4375 ns, Total: 40050 ns
[2025-10-16T09:20:10.596+0000][7][safepoint   ] Safepoint "Cleanup", Time since last: 2000164323 ns, Reaching safepoint: 27575 ns, Cleanup: 11641 ns, At safepoint: 5083 ns, Total: 44299 ns
[2025-10-16T09:20:13.596+0000][7][safepoint   ] Safepoint "Cleanup", Time since last: 3000211696 ns, Reaching safepoint: 9384 ns, Cleanup: 8348 ns, At safepoint: 4752 ns, Total: 22484 ns
[2025-10-16T09:20:27.662+0000][7][safepoint   ] Safepoint "Cleanup", Time since last: 14065884577 ns, Reaching safepoint: 9531 ns, Cleanup: 8496 ns, At safepoint: 4671 ns, Total: 22698 ns
[2025-10-16T09:20:28.662+0000][7][safepoint   ] Safepoint "Cleanup", Time since last: 1000093226 ns, Reaching safepoint: 10981 ns, Cleanup: 8532 ns, At safepoint: 5587 ns, Total: 25100 ns
[2025-10-16T09:20:31.662+0000][7][safepoint   ] Safepoint "Cleanup", Time since last: 3000217989 ns, Reaching safepoint: 9658 ns, Cleanup: 10379 ns, At safepoint: 4848 ns, Total: 24885 ns
[2025-10-16T09:20:32.662+0000][7][safepoint   ] Safepoint "Cleanup", Time since last: 1000127125 ns, Reaching safepoint: 8726 ns, Cleanup: 8381 ns, At safepoint: 6291 ns, Total: 23398 ns
[2025-10-16T09:20:34.663+0000][7][safepoint   ] Safepoint "Cleanup", Time since last: 2000171933 ns, Reaching safepoint: 8714 ns, Cleanup: 17263 ns, At safepoint: 5559 ns, Total: 31536 ns
[2025-10-16T09:20:35.663+0000][7][safepoint   ] Safepoint "Cleanup", Time since last: 1000089714 ns, Reaching safepoint: 9813 ns, Cleanup: 8616 ns, At safepoint: 4835 ns, Total: 23264 ns
[2025-10-16T09:20:36.663+0000][7][safepoint   ] Safepoint "Cleanup", Time since last: 1000101201 ns, Reaching safepoint: 13134 ns, Cleanup: 10981 ns, At safepoint: 6212 ns, Total: 30327 ns
[2025-10-16T09:20:37.663+0000][7][safepoint   ] Safepoint "Cleanup", Time since last: 1000205787 ns, Reaching safepoint: 24659 ns, Cleanup: 8383 ns, At safepoint: 4631 ns, Total: 37673 ns
[2025-10-16T09:20:38.663+0000][7][safepoint   ] Safepoint "Cleanup", Time since last: 1000124712 ns, Reaching safepoint: 9308 ns, Cleanup: 9813 ns, At safepoint: 5961 ns, Total: 25082 ns
[2025-10-16T09:20:39.663+0000][7][safepoint   ] Safepoint "Cleanup", Time since last: 1000097437 ns, Reaching safepoint: 8496 ns, Cleanup: 10331 ns, At safepoint: 4972 ns, Total: 23799 ns
[2025-10-16T09:20:40.663+0000][7][safepoint   ] Safepoint "Cleanup", Time since last: 1000092106 ns, Reaching safepoint: 8515 ns, Cleanup: 10490 ns, At safepoint: 4865 ns, Total: 23870 ns
[2025-10-16T09:20:43.664+0000][7][safepoint   ] Safepoint "Cleanup", Time since last: 3000232243 ns, Reaching safepoint: 11070 ns, Cleanup: 9443 ns, At safepoint: 5994 ns, Total: 26507 ns
[2025-10-16T09:20:45.664+0000][7][safepoint   ] Safepoint "Cleanup", Time since last: 2000169546 ns, Reaching safepoint: 12214 ns, Cleanup: 10633 ns, At safepoint: 6341 ns, Total: 29188 ns
[2025-10-16T09:20:46.664+0000][7][safepoint   ] Safepoint "Cleanup", Time since last: 1000106372 ns, Reaching safepoint: 8769 ns, Cleanup: 8804 ns, At safepoint: 4099 ns, Total: 21672 ns
[2025-10-16T09:20:49.219+0000][7][gc,start    ] GC(22) Pause Young (Concurrent Start) (G1 Evacuation Pause)
[2025-10-16T09:20:49.219+0000][7][gc,task     ] GC(22) Using 8 workers of 8 for evacuation
[2025-10-16T09:20:49.219+0000][7][gc,age      ] GC(22) Desired survivor size 121634816 bytes, new threshold 15 (max threshold 15)
[2025-10-16T09:20:49.239+0000][7][gc,phases   ] GC(22)   Pre Evacuate Collection Set: 0.42ms
[2025-10-16T09:20:49.239+0000][7][gc,phases   ] GC(22)   Merge Heap Roots: 0.13ms
[2025-10-16T09:20:49.239+0000][7][gc,phases   ] GC(22)   Evacuate Collection Set: 17.92ms
[2025-10-16T09:20:49.239+0000][7][gc,phases   ] GC(22)   Post Evacuate Collection Set: 1.72ms
[2025-10-16T09:20:49.239+0000][7][gc,phases   ] GC(22)   Other: 0.08ms
[2025-10-16T09:20:49.239+0000][7][gc,age      ] GC(22) Age table with threshold 15 (max threshold 15)
[2025-10-16T09:20:49.239+0000][7][gc,age      ] GC(22) - age   1:    2619968 bytes,    2619968 total
[2025-10-16T09:20:49.240+0000][7][gc,age      ] GC(22) - age   2:      76312 bytes,    2696280 total
[2025-10-16T09:20:49.240+0000][7][gc,age      ] GC(22) - age   3:     101064 bytes,    2797344 total
[2025-10-16T09:20:49.240+0000][7][gc,age      ] GC(22) - age   4:     203984 bytes,    3001328 total
[2025-10-16T09:20:49.240+0000][7][gc,age      ] GC(22) - age   5:     379088 bytes,    3380416 total
[2025-10-16T09:20:49.240+0000][7][gc,age      ] GC(22) - age   6:   11281600 bytes,   14662016 total
[2025-10-16T09:20:49.240+0000][7][gc,age      ] GC(22) - age   7:      47888 bytes,   14709904 total
[2025-10-16T09:20:49.240+0000][7][gc,age      ] GC(22) - age   8:     178184 bytes,   14888088 total
[2025-10-16T09:20:49.240+0000][7][gc,age      ] GC(22) - age   9:   17767568 bytes,   32655656 total
[2025-10-16T09:20:49.240+0000][7][gc,age      ] GC(22) - age  10:   10859448 bytes,   43515104 total
[2025-10-16T09:20:49.240+0000][7][gc,age      ] GC(22) - age  11:      43152 bytes,   43558256 total
[2025-10-16T09:20:49.240+0000][7][gc,age      ] GC(22) - age  12:      35080 bytes,   43593336 total
[2025-10-16T09:20:49.240+0000][7][gc,heap     ] GC(22) Eden regions: 448->0(448)
[2025-10-16T09:20:49.240+0000][7][gc,heap     ] GC(22) Survivor regions: 12->12(58)
[2025-10-16T09:20:49.240+0000][7][gc,heap     ] GC(22) Old regions: 12->12
[2025-10-16T09:20:49.240+0000][7][gc,heap     ] GC(22) Humongous regions: 2->2
[2025-10-16T09:20:49.240+0000][7][gc,metaspace] GC(22) Metaspace: 113284K(116096K)->113284K(116096K) NonClass: 97803K(99328K)->97803K(99328K) Class: 15480K(16768K)->15480K(16768K)
[2025-10-16T09:20:49.240+0000][7][gc          ] GC(22) Pause Young (Concurrent Start) (G1 Evacuation Pause) 1892M->100M(3072M) 20.453ms
[2025-10-16T09:20:49.240+0000][7][gc          ] GC(23) Concurrent Mark Cycle
[2025-10-16T09:20:49.240+0000][7][gc,cpu      ] GC(22) User=0.10s Sys=0.00s Real=0.02s
[2025-10-16T09:20:49.240+0000][7][gc,marking  ] GC(23) Concurrent Scan Root Regions
[2025-10-16T09:20:49.240+0000][7][safepoint   ] Safepoint "G1CollectForAllocation", Time since last: 2555090687 ns, Reaching safepoint: 12116 ns, Cleanup: 10085 ns, At safepoint: 20514811 ns, Total: 20537012 ns
[2025-10-16T09:20:49.257+0000][7][gc,marking  ] GC(23) Concurrent Scan Root Regions 17.106ms
[2025-10-16T09:20:49.257+0000][7][gc,marking  ] GC(23) Concurrent Mark
[2025-10-16T09:20:49.257+0000][7][gc,marking  ] GC(23) Concurrent Mark From Roots
[2025-10-16T09:20:49.257+0000][7][gc,task     ] GC(23) Using 2 workers of 2 for marking
[2025-10-16T09:20:49.302+0000][7][gc,marking  ] GC(23) Concurrent Mark From Roots 45.717ms
[2025-10-16T09:20:49.303+0000][7][gc,marking  ] GC(23) Concurrent Preclean
[2025-10-16T09:20:49.303+0000][7][gc,marking  ] GC(23) Concurrent Preclean 0.130ms
[2025-10-16T09:20:49.303+0000][7][gc,start    ] GC(23) Pause Remark
[2025-10-16T09:20:49.320+0000][7][gc          ] GC(23) Pause Remark 117M->117M(3072M) 17.478ms
[2025-10-16T09:20:49.320+0000][7][gc,cpu      ] GC(23) User=0.05s Sys=0.00s Real=0.01s
[2025-10-16T09:20:49.320+0000][7][safepoint   ] Safepoint "G1PauseRemark", Time since last: 63053403 ns, Reaching safepoint: 42096 ns, Cleanup: 2924 ns, At safepoint: 17541301 ns, Total: 17586321 ns
[2025-10-16T09:20:49.320+0000][7][gc,marking  ] GC(23) Concurrent Mark 63.513ms
[2025-10-16T09:20:49.320+0000][7][gc,marking  ] GC(23) Concurrent Rebuild Remembered Sets and Scrub Regions
[2025-10-16T09:20:49.334+0000][7][gc,marking  ] GC(23) Concurrent Rebuild Remembered Sets and Scrub Regions 14.215ms
[2025-10-16T09:20:49.335+0000][7][gc,start    ] GC(23) Pause Cleanup
[2025-10-16T09:20:49.335+0000][7][gc          ] GC(23) Pause Cleanup 117M->117M(3072M) 0.826ms
[2025-10-16T09:20:49.335+0000][7][gc,cpu      ] GC(23) User=0.00s Sys=0.00s Real=0.00s
[2025-10-16T09:20:49.335+0000][7][safepoint   ] Safepoint "G1PauseCleanup", Time since last: 14291242 ns, Reaching safepoint: 11025 ns, Cleanup: 39861 ns, At safepoint: 901220 ns, Total: 952106 ns
[2025-10-16T09:20:49.336+0000][7][gc,marking  ] GC(23) Concurrent Clear Claimed Marks
[2025-10-16T09:20:49.336+0000][7][gc,marking  ] GC(23) Concurrent Clear Claimed Marks 0.208ms
[2025-10-16T09:20:49.336+0000][7][gc,marking  ] GC(23) Concurrent Cleanup for Next Mark
[2025-10-16T09:20:49.338+0000][7][gc,marking  ] GC(23) Concurrent Cleanup for Next Mark 2.676ms
[2025-10-16T09:20:49.338+0000][7][gc          ] GC(23) Concurrent Mark Cycle 98.916ms
[2025-10-16T09:20:51.336+0000][7][safepoint   ] Safepoint "Cleanup", Time since last: 2000141954 ns, Reaching safepoint: 9134 ns, Cleanup: 9468 ns, At safepoint: 5784 ns, Total: 24386 ns
[2025-10-16T09:20:52.336+0000][7][safepoint   ] Safepoint "Cleanup", Time since last: 1000094328 ns, Reaching safepoint: 9798 ns, Cleanup: 7813 ns, At safepoint: 5038 ns, Total: 22649 ns
[2025-10-16T09:20:55.337+0000][7][safepoint   ] Safepoint "Cleanup", Time since last: 3000700855 ns, Reaching safepoint: 10397 ns, Cleanup: 10504 ns, At safepoint: 6448 ns, Total: 27349 ns
[2025-10-16T09:20:56.337+0000][7][safepoint   ] Safepoint "Cleanup", Time since last: 1000106434 ns, Reaching safepoint: 81758 ns, Cleanup: 8199 ns, At safepoint: 6393 ns, Total: 96350 ns
[2025-10-16T09:21:01.337+0000][7][safepoint   ] Safepoint "Cleanup", Time since last: 5000484139 ns, Reaching safepoint: 13679 ns, Cleanup: 9635 ns, At safepoint: 24615 ns, Total: 47929 ns
[2025-10-16T09:21:04.338+0000][7][safepoint   ] Safepoint "Cleanup", Time since last: 3000350138 ns, Reaching safepoint: 10490 ns, Cleanup: 9014 ns, At safepoint: 4590 ns, Total: 24094 ns
[2025-10-16T09:21:07.338+0000][7][safepoint   ] Safepoint "Cleanup", Time since last: 3000214335 ns, Reaching safepoint: 8864 ns, Cleanup: 9111 ns, At safepoint: 5269 ns, Total: 23244 ns
[2025-10-16T09:21:13.338+0000][7][safepoint   ] Safepoint "Cleanup", Time since last: 6000452334 ns, Reaching safepoint: 10241 ns, Cleanup: 8775 ns, At safepoint: 5312 ns, Total: 24328 ns
[2025-10-16T09:21:14.338+0000][7][safepoint   ] Safepoint "Cleanup", Time since last: 1000091200 ns, Reaching safepoint: 10497 ns, Cleanup: 10736 ns, At safepoint: 4559 ns, Total: 25792 ns
[2025-10-16T09:21:16.678+0000][7][safepoint   ] Safepoint "Cleanup", Time since last: 2339965137 ns, Reaching safepoint: 16231 ns, Cleanup: 7325 ns, At safepoint: 2226 ns, Total: 25782 ns
[2025-10-16T09:21:21.679+0000][7][safepoint   ] Safepoint "Cleanup", Time since last: 5000315333 ns, Reaching safepoint: 10873 ns, Cleanup: 7993 ns, At safepoint: 5588 ns, Total: 24454 ns
[2025-10-16T09:21:22.679+0000][7][safepoint   ] Safepoint "Cleanup", Time since last: 1000105648 ns, Reaching safepoint: 12966 ns, Cleanup: 12411 ns, At safepoint: 6913 ns, Total: 32290 ns
[2025-10-16T09:21:31.680+0000][7][safepoint   ] Safepoint "Cleanup", Time since last: 9000566547 ns, Reaching safepoint: 11918 ns, Cleanup: 8893 ns, At safepoint: 5051 ns, Total: 25862 ns
[2025-10-16T09:21:34.680+0000][7][safepoint   ] Safepoint "Cleanup", Time since last: 3000268641 ns, Reaching safepoint: 7974 ns, Cleanup: 7801 ns, At safepoint: 4579 ns, Total: 20354 ns
[2025-10-16T09:21:38.680+0000][7][safepoint   ] Safepoint "Cleanup", Time since last: 4000277647 ns, Reaching safepoint: 10041 ns, Cleanup: 9786 ns, At safepoint: 5644 ns, Total: 25471 ns
[2025-10-16T09:21:39.680+0000][7][safepoint   ] Safepoint "Cleanup", Time since last: 1000090106 ns, Reaching safepoint: 74908 ns, Cleanup: 18575 ns, At safepoint: 11764 ns, Total: 105247 ns
[2025-10-16T09:21:42.681+0000][7][safepoint   ] Safepoint "Cleanup", Time since last: 3000187319 ns, Reaching safepoint: 11707 ns, Cleanup: 9205 ns, At safepoint: 5930 ns, Total: 26842 ns
[2025-10-16T09:21:46.681+0000][7][safepoint   ] Safepoint "Cleanup", Time since last: 4000302948 ns, Reaching safepoint: 13573 ns, Cleanup: 10691 ns, At safepoint: 5644 ns, Total: 29908 ns
[2025-10-16T09:21:48.681+0000][7][safepoint   ] Safepoint "Cleanup", Time since last: 2000164223 ns, Reaching safepoint: 12963 ns, Cleanup: 13446 ns, At safepoint: 7024 ns, Total: 33433 ns
[2025-10-16T09:21:49.681+0000][7][safepoint   ] Safepoint "Cleanup", Time since last: 1000185496 ns, Reaching safepoint: 12902 ns, Cleanup: 10684 ns, At safepoint: 6978 ns, Total: 30564 ns
[2025-10-16T09:21:50.682+0000][7][safepoint   ] Safepoint "Cleanup", Time since last: 1000498477 ns, Reaching safepoint: 11237 ns, Cleanup: 8034 ns, At safepoint: 4966 ns, Total: 24237 ns
[2025-10-16T09:21:52.682+0000][7][safepoint   ] Safepoint "Cleanup", Time since last: 2000177142 ns, Reaching safepoint: 28939 ns, Cleanup: 14358 ns, At safepoint: 6368 ns, Total: 49665 ns
[2025-10-16T09:21:53.682+0000][7][safepoint   ] Safepoint "Cleanup", Time since last: 1000106272 ns, Reaching safepoint: 26214 ns, Cleanup: 17294 ns, At safepoint: 9338 ns, Total: 52846 ns
[2025-10-16T09:21:54.682+0000][7][safepoint   ] Safepoint "Cleanup", Time since last: 1000121260 ns, Reaching safepoint: 16411 ns, Cleanup: 12887 ns, At safepoint: 8104 ns, Total: 37402 ns
[2025-10-16T09:21:56.683+0000][7][safepoint   ] Safepoint "Cleanup", Time since last: 2000166163 ns, Reaching safepoint: 9052 ns, Cleanup: 11588 ns, At safepoint: 5709 ns, Total: 26349 ns
[2025-10-16T09:21:59.683+0000][7][safepoint   ] Safepoint "Cleanup", Time since last: 3000238457 ns, Reaching safepoint: 13781 ns, Cleanup: 11543 ns, At safepoint: 6591 ns, Total: 31915 ns
[2025-10-16T09:22:00.683+0000][7][safepoint   ] Safepoint "Cleanup", Time since last: 1000120360 ns, Reaching safepoint: 9821 ns, Cleanup: 8859 ns, At safepoint: 4928 ns, Total: 23608 ns
[2025-10-16T09:22:02.683+0000][7][safepoint   ] Safepoint "Cleanup", Time since last: 2000176177 ns, Reaching safepoint: 20732 ns, Cleanup: 9749 ns, At safepoint: 6383 ns, Total: 36864 ns
[2025-10-16T09:22:04.683+0000][7][safepoint   ] Safepoint "Cleanup", Time since last: 2000243293 ns, Reaching safepoint: 8441 ns, Cleanup: 13242 ns, At safepoint: 5379 ns, Total: 27062 ns
[2025-10-16T09:22:05.684+0000][7][safepoint   ] Safepoint "Cleanup", Time since last: 1000096762 ns, Reaching safepoint: 8849 ns, Cleanup: 7279 ns, At safepoint: 4542 ns, Total: 20670 ns
[2025-10-16T09:22:06.684+0000][7][safepoint   ] Safepoint "Cleanup", Time since last: 1000093757 ns, Reaching safepoint: 11402 ns, Cleanup: 9593 ns, At safepoint: 5809 ns, Total: 26804 ns
[2025-10-16T09:22:07.684+0000][7][safepoint   ] Safepoint "Cleanup", Time since last: 1000101720 ns, Reaching safepoint: 12067 ns, Cleanup: 13072 ns, At safepoint: 6173 ns, Total: 31312 ns
[2025-10-16T09:22:09.684+0000][7][safepoint   ] Safepoint "Cleanup", Time since last: 2000162628 ns, Reaching safepoint: 8491 ns, Cleanup: 8797 ns, At safepoint: 5676 ns, Total: 22964 ns
[2025-10-16T09:22:11.684+0000][7][safepoint   ] Safepoint "Cleanup", Time since last: 2000166245 ns, Reaching safepoint: 17981 ns, Cleanup: 11264 ns, At safepoint: 9729 ns, Total: 38974 ns
[2025-10-16T09:22:11.795+0000][7][gc,start    ] GC(24) Pause Young (Normal) (G1 Evacuation Pause)
[2025-10-16T09:22:11.795+0000][7][gc,task     ] GC(24) Using 8 workers of 8 for evacuation
[2025-10-16T09:22:11.795+0000][7][gc,age      ] GC(24) Desired survivor size 121634816 bytes, new threshold 15 (max threshold 15)
[2025-10-16T09:22:11.814+0000][7][gc,phases   ] GC(24)   Pre Evacuate Collection Set: 0.20ms
[2025-10-16T09:22:11.814+0000][7][gc,phases   ] GC(24)   Merge Heap Roots: 0.15ms
[2025-10-16T09:22:11.814+0000][7][gc,phases   ] GC(24)   Evacuate Collection Set: 17.02ms
[2025-10-16T09:22:11.814+0000][7][gc,phases   ] GC(24)   Post Evacuate Collection Set: 1.29ms
[2025-10-16T09:22:11.814+0000][7][gc,phases   ] GC(24)   Other: 0.06ms
[2025-10-16T09:22:11.814+0000][7][gc,age      ] GC(24) Age table with threshold 15 (max threshold 15)
[2025-10-16T09:22:11.814+0000][7][gc,age      ] GC(24) - age   1:    1827256 bytes,    1827256 total
[2025-10-16T09:22:11.814+0000][7][gc,age      ] GC(24) - age   2:      88536 bytes,    1915792 total
[2025-10-16T09:22:11.814+0000][7][gc,age      ] GC(24) - age   3:      71800 bytes,    1987592 total
[2025-10-16T09:22:11.814+0000][7][gc,age      ] GC(24) - age   4:      99784 bytes,    2087376 total
[2025-10-16T09:22:11.814+0000][7][gc,age      ] GC(24) - age   5:     203840 bytes,    2291216 total
[2025-10-16T09:22:11.814+0000][7][gc,age      ] GC(24) - age   6:     379088 bytes,    2670304 total
[2025-10-16T09:22:11.814+0000][7][gc,age      ] GC(24) - age   7:   11269240 bytes,   13939544 total
[2025-10-16T09:22:11.814+0000][7][gc,age      ] GC(24) - age   8:      47888 bytes,   13987432 total
[2025-10-16T09:22:11.814+0000][7][gc,age      ] GC(24) - age   9:     178184 bytes,   14165616 total
[2025-10-16T09:22:11.814+0000][7][gc,age      ] GC(24) - age  10:   17767032 bytes,   31932648 total
[2025-10-16T09:22:11.814+0000][7][gc,age      ] GC(24) - age  11:   10859448 bytes,   42792096 total
[2025-10-16T09:22:11.814+0000][7][gc,age      ] GC(24) - age  12:      43152 bytes,   42835248 total
[2025-10-16T09:22:11.814+0000][7][gc,age      ] GC(24) - age  13:      35080 bytes,   42870328 total
[2025-10-16T09:22:11.814+0000][7][gc,heap     ] GC(24) Eden regions: 448->0(448)
[2025-10-16T09:22:11.814+0000][7][gc,heap     ] GC(24) Survivor regions: 12->12(58)
[2025-10-16T09:22:11.814+0000][7][gc,heap     ] GC(24) Old regions: 12->12
[2025-10-16T09:22:11.814+0000][7][gc,heap     ] GC(24) Humongous regions: 2->2
[2025-10-16T09:22:11.814+0000][7][gc,metaspace] GC(24) Metaspace: 113371K(116160K)->113371K(116160K) NonClass: 97884K(99392K)->97884K(99392K) Class: 15487K(16768K)->15487K(16768K)
[2025-10-16T09:22:11.814+0000][7][gc          ] GC(24) Pause Young (Normal) (G1 Evacuation Pause) 1892M->98M(3072M) 18.878ms
[2025-10-16T09:22:11.814+0000][7][gc,cpu      ] GC(24) User=0.09s Sys=0.00s Real=0.02s
[2025-10-16T09:22:11.814+0000][7][safepoint   ] Safepoint "G1CollectForAllocation", Time since last: 111207529 ns, Reaching safepoint: 12329 ns, Cleanup: 3361 ns, At safepoint: 18931029 ns, Total: 18946719 ns
[2025-10-16T09:22:13.814+0000][7][safepoint   ] Safepoint "Cleanup", Time since last: 2000145146 ns, Reaching safepoint: 9881 ns, Cleanup: 11340 ns, At safepoint: 4979 ns, Total: 26200 ns
[2025-10-16T09:22:17.694+0000][7][safepoint   ] Safepoint "Cleanup", Time since last: 3879035279 ns, Reaching safepoint: 10217 ns, Cleanup: 8385 ns, At safepoint: 4138 ns, Total: 22740 ns
[2025-10-16T09:22:19.694+0000][7][safepoint   ] Safepoint "Cleanup", Time since last: 2000160560 ns, Reaching safepoint: 13648 ns, Cleanup: 10461 ns, At safepoint: 5953 ns, Total: 30062 ns
[2025-10-16T09:22:20.694+0000][7][safepoint   ] Safepoint "Cleanup", Time since last: 1000126847 ns, Reaching safepoint: 39020 ns, Cleanup: 43220 ns, At safepoint: 4845 ns, Total: 87085 ns
[2025-10-16T09:22:21.694+0000][7][safepoint   ] Safepoint "Cleanup", Time since last: 1000134205 ns, Reaching safepoint: 23878 ns, Cleanup: 22189 ns, At safepoint: 14354 ns, Total: 60421 ns
[2025-10-16T09:22:25.695+0000][7][safepoint   ] Safepoint "Cleanup", Time since last: 4000338250 ns, Reaching safepoint: 11404 ns, Cleanup: 11303 ns, At safepoint: 5304 ns, Total: 28011 ns
[2025-10-16T09:22:26.695+0000][7][safepoint   ] Safepoint "Cleanup", Time since last: 1000104964 ns, Reaching safepoint: 18520 ns, Cleanup: 18582 ns, At safepoint: 6864 ns, Total: 43966 ns
[2025-10-16T09:22:30.695+0000][7][safepoint   ] Safepoint "Cleanup", Time since last: 4000364613 ns, Reaching safepoint: 8400 ns, Cleanup: 8756 ns, At safepoint: 4863 ns, Total: 22019 ns
[2025-10-16T09:22:34.695+0000][7][safepoint   ] Safepoint "Cleanup", Time since last: 4000269016 ns, Reaching safepoint: 9714 ns, Cleanup: 8705 ns, At safepoint: 4378 ns, Total: 22797 ns
[2025-10-16T09:22:38.696+0000][7][safepoint   ] Safepoint "Cleanup", Time since last: 4000248568 ns, Reaching safepoint: 31709 ns, Cleanup: 12216 ns, At safepoint: 6174 ns, Total: 50099 ns
[2025-10-16T09:22:41.696+0000][7][safepoint   ] Safepoint "Cleanup", Time since last: 3000212818 ns, Reaching safepoint: 9433 ns, Cleanup: 10082 ns, At safepoint: 4669 ns, Total: 24184 ns
[2025-10-16T09:22:43.696+0000][7][safepoint   ] Safepoint "Cleanup", Time since last: 2000137595 ns, Reaching safepoint: 9664 ns, Cleanup: 7666 ns, At safepoint: 4997 ns, Total: 22327 ns
[2025-10-16T09:22:44.696+0000][7][safepoint   ] Safepoint "Cleanup", Time since last: 1000090080 ns, Reaching safepoint: 9665 ns, Cleanup: 9537 ns, At safepoint: 4773 ns, Total: 23975 ns
[2025-10-16T09:22:47.696+0000][7][safepoint   ] Safepoint "Cleanup", Time since last: 3000215526 ns, Reaching safepoint: 8514 ns, Cleanup: 8050 ns, At safepoint: 3979 ns, Total: 20543 ns
[2025-10-16T09:22:52.697+0000][7][safepoint   ] Safepoint "Cleanup", Time since last: 5000381002 ns, Reaching safepoint: 16664 ns, Cleanup: 12938 ns, At safepoint: 4492 ns, Total: 34094 ns
[2025-10-16T09:23:12.699+0000][7][safepoint   ] Safepoint "Cleanup", Time since last: 20001707732 ns, Reaching safepoint: 63850 ns, Cleanup: 6873 ns, At safepoint: 6079 ns, Total: 76802 ns
[2025-10-16T09:24:00.714+0000][7][safepoint   ] Safepoint "Cleanup", Time since last: 48015023053 ns, Reaching safepoint: 34948 ns, Cleanup: 12921 ns, At safepoint: 6381 ns, Total: 54250 ns
[2025-10-16T09:24:08.714+0000][7][safepoint   ] Safepoint "Cleanup", Time since last: 8000521115 ns, Reaching safepoint: 20415 ns, Cleanup: 7423 ns, At safepoint: 4205 ns, Total: 32043 ns
[2025-10-16T09:24:15.715+0000][7][safepoint   ] Safepoint "Cleanup", Time since last: 7000434751 ns, Reaching safepoint: 11087 ns, Cleanup: 7732 ns, At safepoint: 4387 ns, Total: 23206 ns
[2025-10-16T09:24:42.716+0000][7][safepoint   ] Safepoint "Cleanup", Time since last: 27001666763 ns, Reaching safepoint: 20808 ns, Cleanup: 7870 ns, At safepoint: 5297 ns, Total: 33975 ns
[2025-10-16T09:25:50.721+0000][7][safepoint   ] Safepoint "Cleanup", Time since last: 68004504263 ns, Reaching safepoint: 23289 ns, Cleanup: 8863 ns, At safepoint: 5169 ns, Total: 37321 ns
[2025-10-16T09:26:11.722+0000][7][safepoint   ] Safepoint "Cleanup", Time since last: 21001371069 ns, Reaching safepoint: 24938 ns, Cleanup: 8304 ns, At safepoint: 5417 ns, Total: 38659 ns
[2025-10-16T09:26:45.725+0000][7][safepoint   ] Safepoint "Cleanup", Time since last: 34002377014 ns, Reaching safepoint: 20517 ns, Cleanup: 9502 ns, At safepoint: 4532 ns, Total: 34551 ns
[2025-10-16T09:26:51.725+0000][7][safepoint   ] Safepoint "Cleanup", Time since last: 6000524177 ns, Reaching safepoint: 8142 ns, Cleanup: 6990 ns, At safepoint: 4672 ns, Total: 19804 ns
[2025-10-16T09:27:22.727+0000][7][safepoint   ] Safepoint "Cleanup", Time since last: 31002088357 ns, Reaching safepoint: 8130 ns, Cleanup: 7554 ns, At safepoint: 23165 ns, Total: 38849 ns
[2025-10-16T09:28:00.730+0000][7][safepoint   ] Safepoint "Cleanup", Time since last: 38002541065 ns, Reaching safepoint: 20651 ns, Cleanup: 8512 ns, At safepoint: 5333 ns, Total: 34496 ns
[2025-10-16T09:28:17.731+0000][7][safepoint   ] Safepoint "Cleanup", Time since last: 17000983075 ns, Reaching safepoint: 10497 ns, Cleanup: 9503 ns, At safepoint: 19137 ns, Total: 39137 ns
[2025-10-16T09:28:19.731+0000][7][safepoint   ] Safepoint "Cleanup", Time since last: 2000209587 ns, Reaching safepoint: 41473 ns, Cleanup: 18769 ns, At safepoint: 8805 ns, Total: 69047 ns
[2025-10-16T09:28:21.732+0000][7][safepoint   ] Safepoint "Cleanup", Time since last: 2000180352 ns, Reaching safepoint: 10265 ns, Cleanup: 11490 ns, At safepoint: 4510 ns, Total: 26265 ns
[2025-10-16T09:28:31.732+0000][7][safepoint   ] Safepoint "Cleanup", Time since last: 10000651642 ns, Reaching safepoint: 14375 ns, Cleanup: 8996 ns, At safepoint: 5909 ns, Total: 29280 ns
[2025-10-16T09:28:42.733+0000][7][safepoint   ] Safepoint "Cleanup", Time since last: 11000828057 ns, Reaching safepoint: 8792 ns, Cleanup: 8118 ns, At safepoint: 4633 ns, Total: 21543 ns
[2025-10-16T09:28:51.148+0000][7][safepoint   ] Safepoint "Cleanup", Time since last: 8414755030 ns, Reaching safepoint: 23957 ns, Cleanup: 16874 ns, At safepoint: 7014 ns, Total: 47845 ns
[2025-10-16T09:28:52.151+0000][7][safepoint   ] Safepoint "Cleanup", Time since last: 1003219225 ns, Reaching safepoint: 20624 ns, Cleanup: 30331 ns, At safepoint: 4966 ns, Total: 55921 ns
[2025-10-16T09:28:57.151+0000][7][safepoint   ] Safepoint "Cleanup", Time since last: 5000368267 ns, Reaching safepoint: 8524 ns, Cleanup: 9066 ns, At safepoint: 5244 ns, Total: 22834 ns
[2025-10-16T09:31:21.844+0000][7][safepoint   ] Safepoint "Cleanup", Time since last: 144692570280 ns, Reaching safepoint: 20409 ns, Cleanup: 6768 ns, At safepoint: 5782 ns, Total: 32959 ns
[2025-10-16T09:31:28.845+0000][7][safepoint   ] Safepoint "Cleanup", Time since last: 7000731973 ns, Reaching safepoint: 7615 ns, Cleanup: 6575 ns, At safepoint: 4351 ns, Total: 18541 ns
[2025-10-16T09:31:33.845+0000][7][safepoint   ] Safepoint "Cleanup", Time since last: 5000444095 ns, Reaching safepoint: 19984 ns, Cleanup: 20974 ns, At safepoint: 13215 ns, Total: 54173 ns
[2025-10-16T09:32:38.868+0000][7][safepoint   ] Safepoint "Cleanup", Time since last: 65022199340 ns, Reaching safepoint: 19277 ns, Cleanup: 7723 ns, At safepoint: 6281 ns, Total: 33281 ns
[2025-10-16T09:32:42.868+0000][7][safepoint   ] Safepoint "Cleanup", Time since last: 4000612415 ns, Reaching safepoint: 7755 ns, Cleanup: 8030 ns, At safepoint: 4890 ns, Total: 20675 ns
[2025-10-16T09:32:44.869+0000][7][safepoint   ] Safepoint "Cleanup", Time since last: 2000393553 ns, Reaching safepoint: 7641 ns, Cleanup: 6479 ns, At safepoint: 5115 ns, Total: 19235 ns
[2025-10-16T09:32:59.870+0000][7][safepoint   ] Safepoint "Cleanup", Time since last: 15001271492 ns, Reaching safepoint: 53860 ns, Cleanup: 19320 ns, At safepoint: 20151 ns, Total: 93331 ns
[2025-10-16T09:33:06.245+0000][7][gc,start    ] GC(25) Pause Young (Concurrent Start) (G1 Evacuation Pause)
[2025-10-16T09:33:06.245+0000][7][gc,task     ] GC(25) Using 8 workers of 8 for evacuation
[2025-10-16T09:33:06.245+0000][7][gc,age      ] GC(25) Desired survivor size 121634816 bytes, new threshold 15 (max threshold 15)
[2025-10-16T09:33:06.258+0000][7][gc,phases   ] GC(25)   Pre Evacuate Collection Set: 0.14ms
[2025-10-16T09:33:06.258+0000][7][gc,phases   ] GC(25)   Merge Heap Roots: 0.18ms
[2025-10-16T09:33:06.258+0000][7][gc,phases   ] GC(25)   Evacuate Collection Set: 11.49ms
[2025-10-16T09:33:06.258+0000][7][gc,phases   ] GC(25)   Post Evacuate Collection Set: 1.15ms
[2025-10-16T09:33:06.258+0000][7][gc,phases   ] GC(25)   Other: 0.09ms
[2025-10-16T09:33:06.258+0000][7][gc,age      ] GC(25) Age table with threshold 15 (max threshold 15)
[2025-10-16T09:33:06.258+0000][7][gc,age      ] GC(25) - age   1:     851304 bytes,     851304 total
[2025-10-16T09:33:06.258+0000][7][gc,age      ] GC(25) - age   2:      53040 bytes,     904344 total
[2025-10-16T09:33:06.258+0000][7][gc,age      ] GC(25) - age   3:      83888 bytes,     988232 total
[2025-10-16T09:33:06.258+0000][7][gc,age      ] GC(25) - age   4:      70920 bytes,    1059152 total
[2025-10-16T09:33:06.258+0000][7][gc,age      ] GC(25) - age   5:      99048 bytes,    1158200 total
[2025-10-16T09:33:06.258+0000][7][gc,age      ] GC(25) - age   6:     203800 bytes,    1362000 total
[2025-10-16T09:33:06.258+0000][7][gc,age      ] GC(25) - age   7:     375080 bytes,    1737080 total
[2025-10-16T09:33:06.258+0000][7][gc,age      ] GC(25) - age   8:   11267144 bytes,   13004224 total
[2025-10-16T09:33:06.258+0000][7][gc,age      ] GC(25) - age   9:      47888 bytes,   13052112 total
[2025-10-16T09:33:06.258+0000][7][gc,age      ] GC(25) - age  10:     178184 bytes,   13230296 total
[2025-10-16T09:33:06.258+0000][7][gc,age      ] GC(25) - age  11:   17766992 bytes,   30997288 total
[2025-10-16T09:33:06.258+0000][7][gc,age      ] GC(25) - age  12:   10859448 bytes,   41856736 total
[2025-10-16T09:33:06.258+0000][7][gc,age      ] GC(25) - age  13:      43152 bytes,   41899888 total
[2025-10-16T09:33:06.258+0000][7][gc,age      ] GC(25) - age  14:      35080 bytes,   41934968 total
[2025-10-16T09:33:06.258+0000][7][gc,heap     ] GC(25) Eden regions: 448->0(449)
[2025-10-16T09:33:06.258+0000][7][gc,heap     ] GC(25) Survivor regions: 12->11(58)
[2025-10-16T09:33:06.258+0000][7][gc,heap     ] GC(25) Old regions: 12->12
[2025-10-16T09:33:06.258+0000][7][gc,heap     ] GC(25) Humongous regions: 2->2
[2025-10-16T09:33:06.258+0000][7][gc,metaspace] GC(25) Metaspace: 113525K(116352K)->113525K(116352K) NonClass: 98037K(99584K)->98037K(99584K) Class: 15488K(16768K)->15488K(16768K)
[2025-10-16T09:33:06.258+0000][7][gc          ] GC(25) Pause Young (Concurrent Start) (G1 Evacuation Pause) 1890M->97M(3072M) 13.219ms
[2025-10-16T09:33:06.258+0000][7][gc          ] GC(26) Concurrent Mark Cycle
[2025-10-16T09:33:06.258+0000][7][gc,cpu      ] GC(25) User=0.09s Sys=0.00s Real=0.01s
[2025-10-16T09:33:06.258+0000][7][gc,marking  ] GC(26) Concurrent Scan Root Regions
[2025-10-16T09:33:06.258+0000][7][safepoint   ] Safepoint "G1CollectForAllocation", Time since last: 6375193076 ns, Reaching safepoint: 7118 ns, Cleanup: 2049 ns, At safepoint: 13279010 ns, Total: 13288177 ns
[2025-10-16T09:33:06.267+0000][7][gc,marking  ] GC(26) Concurrent Scan Root Regions 8.347ms
[2025-10-16T09:33:06.267+0000][7][gc,marking  ] GC(26) Concurrent Mark
[2025-10-16T09:33:06.267+0000][7][gc,marking  ] GC(26) Concurrent Mark From Roots
[2025-10-16T09:33:06.267+0000][7][gc,task     ] GC(26) Using 2 workers of 2 for marking
[2025-10-16T09:33:06.291+0000][7][gc,marking  ] GC(26) Concurrent Mark From Roots 23.915ms
[2025-10-16T09:33:06.291+0000][7][gc,marking  ] GC(26) Concurrent Preclean
[2025-10-16T09:33:06.291+0000][7][gc,marking  ] GC(26) Concurrent Preclean 0.111ms
[2025-10-16T09:33:06.291+0000][7][gc,start    ] GC(26) Pause Remark
[2025-10-16T09:33:06.301+0000][7][gc          ] GC(26) Pause Remark 97M->97M(3072M) 9.589ms
[2025-10-16T09:33:06.301+0000][7][gc,cpu      ] GC(26) User=0.03s Sys=0.00s Real=0.01s
[2025-10-16T09:33:06.301+0000][7][safepoint   ] Safepoint "G1PauseRemark", Time since last: 32430419 ns, Reaching safepoint: 7467 ns, Cleanup: 2308 ns, At safepoint: 9690197 ns, Total: 9699972 ns
[2025-10-16T09:33:06.301+0000][7][gc,marking  ] GC(26) Concurrent Mark 33.788ms
[2025-10-16T09:33:06.301+0000][7][gc,marking  ] GC(26) Concurrent Rebuild Remembered Sets and Scrub Regions
[2025-10-16T09:33:06.310+0000][7][gc,marking  ] GC(26) Concurrent Rebuild Remembered Sets and Scrub Regions 9.694ms
[2025-10-16T09:33:06.310+0000][7][gc,start    ] GC(26) Pause Cleanup
[2025-10-16T09:33:06.310+0000][7][gc          ] GC(26) Pause Cleanup 97M->97M(3072M) 0.109ms
[2025-10-16T09:33:06.311+0000][7][gc,cpu      ] GC(26) User=0.00s Sys=0.00s Real=0.01s
[2025-10-16T09:33:06.311+0000][7][safepoint   ] Safepoint "G1PauseCleanup", Time since last: 9741337 ns, Reaching safepoint: 5394 ns, Cleanup: 23562 ns, At safepoint: 146478 ns, Total: 175434 ns
[2025-10-16T09:33:06.311+0000][7][gc,marking  ] GC(26) Concurrent Clear Claimed Marks
[2025-10-16T09:33:06.311+0000][7][gc,marking  ] GC(26) Concurrent Clear Claimed Marks 0.137ms
[2025-10-16T09:33:06.311+0000][7][gc,marking  ] GC(26) Concurrent Cleanup for Next Mark
[2025-10-16T09:33:06.312+0000][7][gc,marking  ] GC(26) Concurrent Cleanup for Next Mark 1.411ms
[2025-10-16T09:33:06.312+0000][7][gc          ] GC(26) Concurrent Mark Cycle 53.699ms
[2025-10-16T09:33:15.312+0000][7][safepoint   ] Safepoint "Cleanup", Time since last: 9001337377 ns, Reaching safepoint: 16744 ns, Cleanup: 7257 ns, At safepoint: 4212 ns, Total: 28213 ns
[2025-10-16T09:34:00.889+0000][7][safepoint   ] Safepoint "Cleanup", Time since last: 45577452267 ns, Reaching safepoint: 23500 ns, Cleanup: 9336 ns, At safepoint: 5210 ns, Total: 38046 ns
[2025-10-16T09:34:20.908+0000][7][safepoint   ] Safepoint "Cleanup", Time since last: 20018082690 ns, Reaching safepoint: 20747 ns, Cleanup: 22992 ns, At safepoint: 15918 ns, Total: 59657 ns
[2025-10-16T09:34:22.908+0000][7][safepoint   ] Safepoint "Cleanup", Time since last: 2000216995 ns, Reaching safepoint: 11436 ns, Cleanup: 11897 ns, At safepoint: 5524 ns, Total: 28857 ns
[2025-10-16T09:35:23.924+0000][7][safepoint   ] Safepoint "Cleanup", Time since last: 61016408849 ns, Reaching safepoint: 20455 ns, Cleanup: 17637 ns, At safepoint: 14508 ns, Total: 52600 ns
[2025-10-16T09:35:53.927+0000][7][safepoint   ] Safepoint "Cleanup", Time since last: 30002510135 ns, Reaching safepoint: 8175 ns, Cleanup: 22983 ns, At safepoint: 4071 ns, Total: 35229 ns
[2025-10-16T09:36:04.928+0000][7][safepoint   ] Safepoint "Cleanup", Time since last: 11000821371 ns, Reaching safepoint: 7729 ns, Cleanup: 6900 ns, At safepoint: 5312 ns, Total: 19941 ns
[2025-10-16T09:36:08.928+0000][7][safepoint   ] Safepoint "Cleanup", Time since last: 4000293561 ns, Reaching safepoint: 8025 ns, Cleanup: 6990 ns, At safepoint: 3932 ns, Total: 18947 ns
[2025-10-16T09:36:12.929+0000][7][safepoint   ] Safepoint "Cleanup", Time since last: 4000671597 ns, Reaching safepoint: 18637 ns, Cleanup: 6430 ns, At safepoint: 5832 ns, Total: 30899 ns
[2025-10-16T09:36:31.946+0000][7][safepoint   ] Safepoint "Cleanup", Time since last: 19017561204 ns, Reaching safepoint: 19347 ns, Cleanup: 8044 ns, At safepoint: 4275 ns, Total: 31666 ns
[2025-10-16T09:36:50.948+0000][7][safepoint   ] Safepoint "Cleanup", Time since last: 19001752197 ns, Reaching safepoint: 34341 ns, Cleanup: 18156 ns, At safepoint: 3346 ns, Total: 55843 ns
[2025-10-16T09:36:59.949+0000][7][safepoint   ] Safepoint "Cleanup", Time since last: 9000890565 ns, Reaching safepoint: 11166 ns, Cleanup: 15513 ns, At safepoint: 7769 ns, Total: 34448 ns
[2025-10-16T09:37:03.949+0000][7][safepoint   ] Safepoint "Cleanup", Time since last: 4000332752 ns, Reaching safepoint: 8993 ns, Cleanup: 10240 ns, At safepoint: 5374 ns, Total: 24607 ns
[2025-10-16T09:37:13.950+0000][7][safepoint   ] Safepoint "Cleanup", Time since last: 10001039264 ns, Reaching safepoint: 14467 ns, Cleanup: 7952 ns, At safepoint: 5298 ns, Total: 27717 ns
[2025-10-16T09:37:15.951+0000][7][safepoint   ] Safepoint "Cleanup", Time since last: 2000196018 ns, Reaching safepoint: 8265 ns, Cleanup: 6751 ns, At safepoint: 4514 ns, Total: 19530 ns
[2025-10-16T09:37:35.970+0000][7][safepoint   ] Safepoint "Cleanup", Time since last: 20019283851 ns, Reaching safepoint: 7337 ns, Cleanup: 6487 ns, At safepoint: 3233 ns, Total: 17057 ns
[2025-10-16T09:37:41.970+0000][7][safepoint   ] Safepoint "Cleanup", Time since last: 6000349838 ns, Reaching safepoint: 8899 ns, Cleanup: 7828 ns, At safepoint: 4986 ns, Total: 21713 ns
[2025-10-16T09:37:47.971+0000][7][safepoint   ] Safepoint "Cleanup", Time since last: 6000428566 ns, Reaching safepoint: 8151 ns, Cleanup: 7224 ns, At safepoint: 3828 ns, Total: 19203 ns
[2025-10-16T09:37:48.971+0000][7][safepoint   ] Safepoint "Cleanup", Time since last: 1000089900 ns, Reaching safepoint: 8367 ns, Cleanup: 7441 ns, At safepoint: 5100 ns, Total: 20908 ns
[2025-10-16T09:37:51.971+0000][7][safepoint   ] Safepoint "Cleanup", Time since last: 3000212669 ns, Reaching safepoint: 9074 ns, Cleanup: 7380 ns, At safepoint: 4639 ns, Total: 21093 ns
[2025-10-16T09:38:00.972+0000][7][safepoint   ] Safepoint "Cleanup", Time since last: 9000559346 ns, Reaching safepoint: 13566 ns, Cleanup: 8966 ns, At safepoint: 7194 ns, Total: 29726 ns
[2025-10-16T09:38:04.784+0000][7][gc,start    ] GC(27) Pause Young (Normal) (G1 Evacuation Pause)
[2025-10-16T09:38:04.784+0000][7][gc,task     ] GC(27) Using 8 workers of 8 for evacuation
[2025-10-16T09:38:04.784+0000][7][gc,age      ] GC(27) Desired survivor size 121634816 bytes, new threshold 15 (max threshold 15)
[2025-10-16T09:38:04.799+0000][7][gc,phases   ] GC(27)   Pre Evacuate Collection Set: 0.16ms
[2025-10-16T09:38:04.799+0000][7][gc,phases   ] GC(27)   Merge Heap Roots: 0.11ms
[2025-10-16T09:38:04.799+0000][7][gc,phases   ] GC(27)   Evacuate Collection Set: 12.74ms
[2025-10-16T09:38:04.799+0000][7][gc,phases   ] GC(27)   Post Evacuate Collection Set: 1.55ms
[2025-10-16T09:38:04.799+0000][7][gc,phases   ] GC(27)   Other: 0.08ms
[2025-10-16T09:38:04.799+0000][7][gc,age      ] GC(27) Age table with threshold 15 (max threshold 15)
[2025-10-16T09:38:04.799+0000][7][gc,age      ] GC(27) - age   1:    2259160 bytes,    2259160 total
[2025-10-16T09:38:04.799+0000][7][gc,age      ] GC(27) - age   2:     143184 bytes,    2402344 total
[2025-10-16T09:38:04.799+0000][7][gc,age      ] GC(27) - age   3:      48776 bytes,    2451120 total
[2025-10-16T09:38:04.799+0000][7][gc,age      ] GC(27) - age   4:      83224 bytes,    2534344 total
[2025-10-16T09:38:04.799+0000][7][gc,age      ] GC(27) - age   5:      70728 bytes,    2605072 total
[2025-10-16T09:38:04.799+0000][7][gc,age      ] GC(27) - age   6:      98792 bytes,    2703864 total
[2025-10-16T09:38:04.799+0000][7][gc,age      ] GC(27) - age   7:     203800 bytes,    2907664 total
[2025-10-16T09:38:04.799+0000][7][gc,age      ] GC(27) - age   8:     372408 bytes,    3280072 total
[2025-10-16T09:38:04.799+0000][7][gc,age      ] GC(27) - age   9:   11267144 bytes,   14547216 total
[2025-10-16T09:38:04.799+0000][7][gc,age      ] GC(27) - age  10:      47888 bytes,   14595104 total
[2025-10-16T09:38:04.799+0000][7][gc,age      ] GC(27) - age  11:     178184 bytes,   14773288 total
[2025-10-16T09:38:04.799+0000][7][gc,age      ] GC(27) - age  12:   17766992 bytes,   32540280 total
[2025-10-16T09:38:04.799+0000][7][gc,age      ] GC(27) - age  13:   10859448 bytes,   43399728 total
[2025-10-16T09:38:04.799+0000][7][gc,age      ] GC(27) - age  14:      43152 bytes,   43442880 total
[2025-10-16T09:38:04.799+0000][7][gc,age      ] GC(27) - age  15:      35080 bytes,   43477960 total
[2025-10-16T09:38:04.799+0000][7][gc,heap     ] GC(27) Eden regions: 449->0(448)
[2025-10-16T09:38:04.799+0000][7][gc,heap     ] GC(27) Survivor regions: 11->12(58)
[2025-10-16T09:38:04.799+0000][7][gc,heap     ] GC(27) Old regions: 12->12
[2025-10-16T09:38:04.799+0000][7][gc,heap     ] GC(27) Humongous regions: 2->2
[2025-10-16T09:38:04.799+0000][7][gc,metaspace] GC(27) Metaspace: 113550K(116416K)->113550K(116416K) NonClass: 98062K(99648K)->98062K(99648K) Class: 15488K(16768K)->15488K(16768K)
[2025-10-16T09:38:04.799+0000][7][gc          ] GC(27) Pause Young (Normal) (G1 Evacuation Pause) 1893M->100M(3072M) 14.829ms
[2025-10-16T09:38:04.799+0000][7][gc,cpu      ] GC(27) User=0.10s Sys=0.00s Real=0.01s
[2025-10-16T09:38:04.799+0000][7][safepoint   ] Safepoint "G1CollectForAllocation", Time since last: 3812331774 ns, Reaching safepoint: 10065 ns, Cleanup: 3156 ns, At safepoint: 14884039 ns, Total: 14897260 ns
[2025-10-16T09:38:39.989+0000][7][safepoint   ] Safepoint "Cleanup", Time since last: 35189669112 ns, Reaching safepoint: 33120 ns, Cleanup: 9499 ns, At safepoint: 7214 ns, Total: 49833 ns
[2025-10-16T09:38:40.989+0000][7][safepoint   ] Safepoint "Cleanup", Time since last: 1000095830 ns, Reaching safepoint: 10168 ns, Cleanup: 7845 ns, At safepoint: 5615 ns, Total: 23628 ns
[2025-10-16T09:39:12.991+0000][7][safepoint   ] Safepoint "Cleanup", Time since last: 32002551038 ns, Reaching safepoint: 22250 ns, Cleanup: 8110 ns, At safepoint: 4998 ns, Total: 35358 ns
[2025-10-16T09:39:47.994+0000][7][safepoint   ] Safepoint "Cleanup", Time since last: 35002705951 ns, Reaching safepoint: 15081 ns, Cleanup: 9688 ns, At safepoint: 5178 ns, Total: 29947 ns
[2025-10-16T09:41:25.038+0000][7][safepoint   ] Safepoint "Cleanup", Time since last: 97043881990 ns, Reaching safepoint: 19429 ns, Cleanup: 10437 ns, At safepoint: 5013 ns, Total: 34879 ns
[2025-10-16T09:41:29.038+0000][7][safepoint   ] Safepoint "Cleanup", Time since last: 4000345061 ns, Reaching safepoint: 20076 ns, Cleanup: 20867 ns, At safepoint: 14149 ns, Total: 55092 ns
[2025-10-16T09:42:25.042+0000][7][safepoint   ] Safepoint "Cleanup", Time since last: 56003689986 ns, Reaching safepoint: 11852 ns, Cleanup: 14629 ns, At safepoint: 24968 ns, Total: 51449 ns
[2025-10-16T09:42:37.043+0000][7][safepoint   ] Safepoint "Cleanup", Time since last: 12000841357 ns, Reaching safepoint: 8839 ns, Cleanup: 9425 ns, At safepoint: 13931 ns, Total: 32195 ns
[2025-10-16T09:42:43.043+0000][7][safepoint   ] Safepoint "Cleanup", Time since last: 6000423182 ns, Reaching safepoint: 23593 ns, Cleanup: 15021 ns, At safepoint: 8023 ns, Total: 46637 ns
[2025-10-16T09:42:55.044+0000][7][safepoint   ] Safepoint "Cleanup", Time since last: 12000855765 ns, Reaching safepoint: 29591 ns, Cleanup: 12032 ns, At safepoint: 7877 ns, Total: 49500 ns
[2025-10-16T09:42:57.049+0000][7][safepoint   ] Safepoint "Cleanup", Time since last: 2004903151 ns, Reaching safepoint: 10852 ns, Cleanup: 9786 ns, At safepoint: 5531 ns, Total: 26169 ns
[2025-10-16T09:43:34.071+0000][7][safepoint   ] Safepoint "Cleanup", Time since last: 37022155610 ns, Reaching safepoint: 13846 ns, Cleanup: 12389 ns, At safepoint: 5587 ns, Total: 31822 ns
[2025-10-16T09:44:12.075+0000][7][safepoint   ] Safepoint "Cleanup", Time since last: 38003292096 ns, Reaching safepoint: 21679 ns, Cleanup: 7940 ns, At safepoint: 6164 ns, Total: 35783 ns
[2025-10-16T09:45:58.098+0000][7][safepoint   ] Safepoint "Cleanup", Time since last: 106022892378 ns, Reaching safepoint: 49803 ns, Cleanup: 8843 ns, At safepoint: 4334 ns, Total: 62980 ns
[2025-10-16T09:46:00.098+0000][7][safepoint   ] Safepoint "Cleanup", Time since last: 2000177751 ns, Reaching safepoint: 9018 ns, Cleanup: 8079 ns, At safepoint: 4454 ns, Total: 21551 ns
[2025-10-16T09:46:47.103+0000][7][safepoint   ] Safepoint "Cleanup", Time since last: 47004865078 ns, Reaching safepoint: 81355 ns, Cleanup: 5062 ns, At safepoint: 5264 ns, Total: 91681 ns
[2025-10-16T09:47:05.104+0000][7][safepoint   ] Safepoint "Cleanup", Time since last: 18001444750 ns, Reaching safepoint: 39710 ns, Cleanup: 7753 ns, At safepoint: 27640 ns, Total: 75103 ns
[2025-10-16T09:47:06.105+0000][7][safepoint   ] Safepoint "Cleanup", Time since last: 1000102755 ns, Reaching safepoint: 8199 ns, Cleanup: 7295 ns, At safepoint: 4999 ns, Total: 20493 ns
[2025-10-16T09:47:08.105+0000][7][safepoint   ] Safepoint "Cleanup", Time since last: 2000153656 ns, Reaching safepoint: 11768 ns, Cleanup: 11141 ns, At safepoint: 6202 ns, Total: 29111 ns
[2025-10-16T09:47:35.147+0000][7][safepoint   ] Safepoint "Cleanup", Time since last: 27041964311 ns, Reaching safepoint: 18908 ns, Cleanup: 15566 ns, At safepoint: 12997 ns, Total: 47471 ns
[2025-10-16T09:48:13.149+0000][7][safepoint   ] Safepoint "Cleanup", Time since last: 38002517336 ns, Reaching safepoint: 22200 ns, Cleanup: 12306 ns, At safepoint: 4933 ns, Total: 39439 ns
[2025-10-16T09:48:42.164+0000][7][safepoint   ] Safepoint "Cleanup", Time since last: 29015028018 ns, Reaching safepoint: 19876 ns, Cleanup: 8157 ns, At safepoint: 4384 ns, Total: 32417 ns
[2025-10-16T09:49:31.168+0000][7][safepoint   ] Safepoint "Cleanup", Time since last: 49003119278 ns, Reaching safepoint: 21360 ns, Cleanup: 10059 ns, At safepoint: 6987 ns, Total: 38406 ns
[2025-10-16T09:49:42.168+0000][7][safepoint   ] Safepoint "Cleanup", Time since last: 11000758945 ns, Reaching safepoint: 19943 ns, Cleanup: 7673 ns, At safepoint: 4755 ns, Total: 32371 ns
[2025-10-16T09:50:56.175+0000][7][safepoint   ] Safepoint "Cleanup", Time since last: 74006311149 ns, Reaching safepoint: 28857 ns, Cleanup: 6878 ns, At safepoint: 5568 ns, Total: 41303 ns
[2025-10-16T09:51:07.176+0000][7][safepoint   ] Safepoint "Cleanup", Time since last: 11000934546 ns, Reaching safepoint: 7867 ns, Cleanup: 6955 ns, At safepoint: 6258 ns, Total: 21080 ns
[2025-10-16T09:51:12.176+0000][7][safepoint   ] Safepoint "Cleanup", Time since last: 5000343456 ns, Reaching safepoint: 21748 ns, Cleanup: 10656 ns, At safepoint: 6863 ns, Total: 39267 ns
[2025-10-16T09:51:55.220+0000][7][safepoint   ] Safepoint "Cleanup", Time since last: 43043792283 ns, Reaching safepoint: 21682 ns, Cleanup: 18597 ns, At safepoint: 13504 ns, Total: 53783 ns
[2025-10-16T09:51:56.220+0000][7][safepoint   ] Safepoint "Cleanup", Time since last: 1000146878 ns, Reaching safepoint: 8514 ns, Cleanup: 6952 ns, At safepoint: 4516 ns, Total: 19982 ns
[2025-10-16T09:52:04.221+0000][7][safepoint   ] Safepoint "Cleanup", Time since last: 8000554852 ns, Reaching safepoint: 8327 ns, Cleanup: 8811 ns, At safepoint: 4088 ns, Total: 21226 ns
[2025-10-16T09:52:13.221+0000][7][safepoint   ] Safepoint "Cleanup", Time since last: 9000700013 ns, Reaching safepoint: 23442 ns, Cleanup: 8021 ns, At safepoint: 7212 ns, Total: 38675 ns
[2025-10-16T09:52:16.222+0000][7][safepoint   ] Safepoint "Cleanup", Time since last: 3000386589 ns, Reaching safepoint: 7868 ns, Cleanup: 6210 ns, At safepoint: 4760 ns, Total: 18838 ns
[2025-10-16T09:52:57.241+0000][7][safepoint   ] Safepoint "Cleanup", Time since last: 41019487820 ns, Reaching safepoint: 19564 ns, Cleanup: 7988 ns, At safepoint: 5631 ns, Total: 33183 ns
[2025-10-16T09:53:42.247+0000][7][safepoint   ] Safepoint "Cleanup", Time since last: 45005954820 ns, Reaching safepoint: 20052 ns, Cleanup: 8229 ns, At safepoint: 5911 ns, Total: 34192 ns
[2025-10-16T09:55:12.256+0000][7][safepoint   ] Safepoint "Cleanup", Time since last: 90008552622 ns, Reaching safepoint: 28438 ns, Cleanup: 6854 ns, At safepoint: 4992 ns, Total: 40284 ns
[2025-10-16T09:55:13.256+0000][7][safepoint   ] Safepoint "Cleanup", Time since last: 1000103145 ns, Reaching safepoint: 7725 ns, Cleanup: 8398 ns, At safepoint: 4562 ns, Total: 20685 ns
[2025-10-16T09:57:01.331+0000][7][safepoint   ] Safepoint "Cleanup", Time since last: 108074875367 ns, Reaching safepoint: 15228 ns, Cleanup: 13025 ns, At safepoint: 5357 ns, Total: 33610 ns
[2025-10-16T09:57:11.332+0000][7][safepoint   ] Safepoint "Cleanup", Time since last: 10001019771 ns, Reaching safepoint: 7796 ns, Cleanup: 6350 ns, At safepoint: 3802 ns, Total: 17948 ns
[2025-10-16T09:58:49.342+0000][7][safepoint   ] Safepoint "Cleanup", Time since last: 98010534397 ns, Reaching safepoint: 46235 ns, Cleanup: 6887 ns, At safepoint: 6380 ns, Total: 59502 ns
[2025-10-16T09:58:59.344+0000][7][safepoint   ] Safepoint "Cleanup", Time since last: 10001390034 ns, Reaching safepoint: 20602 ns, Cleanup: 25730 ns, At safepoint: 16412 ns, Total: 62744 ns
[2025-10-16T09:59:01.344+0000][7][safepoint   ] Safepoint "Cleanup", Time since last: 2000361947 ns, Reaching safepoint: 20821 ns, Cleanup: 16421 ns, At safepoint: 12994 ns, Total: 50236 ns
[2025-10-16T10:01:00.355+0000][7][safepoint   ] Safepoint "Cleanup", Time since last: 119010351087 ns, Reaching safepoint: 28565 ns, Cleanup: 8753 ns, At safepoint: 6088 ns, Total: 43406 ns
[2025-10-16T10:03:42.367+0000][7][safepoint   ] Safepoint "Cleanup", Time since last: 162012574950 ns, Reaching safepoint: 19026 ns, Cleanup: 8650 ns, At safepoint: 5607 ns, Total: 33283 ns
[2025-10-16T10:04:15.370+0000][7][safepoint   ] Safepoint "Cleanup", Time since last: 33002567902 ns, Reaching safepoint: 15401 ns, Cleanup: 8382 ns, At safepoint: 3533 ns, Total: 27316 ns
[2025-10-16T10:07:33.388+0000][7][safepoint   ] Safepoint "Cleanup", Time since last: 198017741140 ns, Reaching safepoint: 20492 ns, Cleanup: 8043 ns, At safepoint: 3941 ns, Total: 32476 ns
[2025-10-16T10:08:57.582+0000][7][safepoint   ] Safepoint "Cleanup", Time since last: 84194049397 ns, Reaching safepoint: 22084 ns, Cleanup: 7239 ns, At safepoint: 5162 ns, Total: 34485 ns
[2025-10-16T10:09:12.583+0000][7][safepoint   ] Safepoint "Cleanup", Time since last: 15000994347 ns, Reaching safepoint: 32855 ns, Cleanup: 10519 ns, At safepoint: 7542 ns, Total: 50916 ns
[2025-10-16T10:09:41.585+0000][7][safepoint   ] Safepoint "Cleanup", Time since last: 29002402473 ns, Reaching safepoint: 22454 ns, Cleanup: 8084 ns, At safepoint: 6183 ns, Total: 36721 ns
[2025-10-16T10:10:42.612+0000][7][safepoint   ] Safepoint "Cleanup", Time since last: 61026404389 ns, Reaching safepoint: 23853 ns, Cleanup: 8321 ns, At safepoint: 5143 ns, Total: 37317 ns
[2025-10-16T10:12:12.618+0000][7][safepoint   ] Safepoint "Cleanup", Time since last: 90005775785 ns, Reaching safepoint: 63040 ns, Cleanup: 28153 ns, At safepoint: 5426 ns, Total: 96619 ns
[2025-10-16T10:14:12.627+0000][7][safepoint   ] Safepoint "Cleanup", Time since last: 120009061050 ns, Reaching safepoint: 19554 ns, Cleanup: 7571 ns, At safepoint: 4390 ns, Total: 31515 ns
[2025-10-16T10:17:42.640+0000][7][safepoint   ] Safepoint "Cleanup", Time since last: 210012968504 ns, Reaching safepoint: 21518 ns, Cleanup: 7363 ns, At safepoint: 4639 ns, Total: 33520 ns
[2025-10-16T10:19:23.647+0000][7][safepoint   ] Safepoint "Cleanup", Time since last: 101006981712 ns, Reaching safepoint: 8919 ns, Cleanup: 7997 ns, At safepoint: 4621 ns, Total: 21537 ns
[2025-10-16T10:19:42.648+0000][7][safepoint   ] Safepoint "Cleanup", Time since last: 19001218294 ns, Reaching safepoint: 26499 ns, Cleanup: 8467 ns, At safepoint: 5511 ns, Total: 40477 ns
[2025-10-16T10:24:21.668+0000][7][safepoint   ] Safepoint "Cleanup", Time since last: 279019873839 ns, Reaching safepoint: 8519 ns, Cleanup: 10683 ns, At safepoint: 3910 ns, Total: 23112 ns
[2025-10-16T10:24:22.668+0000][7][safepoint   ] Safepoint "Cleanup", Time since last: 1000077418 ns, Reaching safepoint: 7949 ns, Cleanup: 8028 ns, At safepoint: 4645 ns, Total: 20622 ns
[2025-10-16T10:24:23.668+0000][7][safepoint   ] Safepoint "Cleanup", Time since last: 1000086981 ns, Reaching safepoint: 10683 ns, Cleanup: 12319 ns, At safepoint: 4765 ns, Total: 27767 ns
[2025-10-16T10:24:23.951+0000][7][gc,start    ] GC(28) Pause Young (Concurrent Start) (G1 Evacuation Pause)
[2025-10-16T10:24:23.951+0000][7][gc,task     ] GC(28) Using 8 workers of 8 for evacuation
[2025-10-16T10:24:23.951+0000][7][gc,age      ] GC(28) Desired survivor size 121634816 bytes, new threshold 15 (max threshold 15)
[2025-10-16T10:24:23.967+0000][7][gc,phases   ] GC(28)   Pre Evacuate Collection Set: 0.17ms
[2025-10-16T10:24:23.967+0000][7][gc,phases   ] GC(28)   Merge Heap Roots: 0.10ms
[2025-10-16T10:24:23.967+0000][7][gc,phases   ] GC(28)   Evacuate Collection Set: 14.34ms
[2025-10-16T10:24:23.967+0000][7][gc,phases   ] GC(28)   Post Evacuate Collection Set: 1.41ms
[2025-10-16T10:24:23.967+0000][7][gc,phases   ] GC(28)   Other: 0.12ms
[2025-10-16T10:24:23.967+0000][7][gc,age      ] GC(28) Age table with threshold 15 (max threshold 15)
[2025-10-16T10:24:23.967+0000][7][gc,age      ] GC(28) - age   1:    2847208 bytes,    2847208 total
[2025-10-16T10:24:23.967+0000][7][gc,age      ] GC(28) - age   2:      70112 bytes,    2917320 total
[2025-10-16T10:24:23.967+0000][7][gc,age      ] GC(28) - age   3:     139456 bytes,    3056776 total
[2025-10-16T10:24:23.967+0000][7][gc,age      ] GC(28) - age   4:      47848 bytes,    3104624 total
[2025-10-16T10:24:23.967+0000][7][gc,age      ] GC(28) - age   5:      82992 bytes,    3187616 total
[2025-10-16T10:24:23.967+0000][7][gc,age      ] GC(28) - age   6:      70688 bytes,    3258304 total
[2025-10-16T10:24:23.967+0000][7][gc,age      ] GC(28) - age   7:      98584 bytes,    3356888 total
[2025-10-16T10:24:23.967+0000][7][gc,age      ] GC(28) - age   8:     203800 bytes,    3560688 total
[2025-10-16T10:24:23.967+0000][7][gc,age      ] GC(28) - age   9:     368400 bytes,    3929088 total
[2025-10-16T10:24:23.967+0000][7][gc,age      ] GC(28) - age  10:   11264976 bytes,   15194064 total
[2025-10-16T10:24:23.967+0000][7][gc,age      ] GC(28) - age  11:      47888 bytes,   15241952 total
[2025-10-16T10:24:23.967+0000][7][gc,age      ] GC(28) - age  12:     178184 bytes,   15420136 total
[2025-10-16T10:24:23.967+0000][7][gc,age      ] GC(28) - age  13:   17716624 bytes,   33136760 total
[2025-10-16T10:24:23.967+0000][7][gc,age      ] GC(28) - age  14:   10859264 bytes,   43996024 total
[2025-10-16T10:24:23.967+0000][7][gc,age      ] GC(28) - age  15:      43152 bytes,   44039176 total
[2025-10-16T10:24:23.968+0000][7][gc,heap     ] GC(28) Eden regions: 448->0(448)
[2025-10-16T10:24:23.968+0000][7][gc,heap     ] GC(28) Survivor regions: 12->12(58)
[2025-10-16T10:24:23.968+0000][7][gc,heap     ] GC(28) Old regions: 12->12
[2025-10-16T10:24:23.968+0000][7][gc,heap     ] GC(28) Humongous regions: 2->2
[2025-10-16T10:24:23.968+0000][7][gc,metaspace] GC(28) Metaspace: 113665K(116480K)->113665K(116480K) NonClass: 98174K(99712K)->98174K(99712K) Class: 15491K(16768K)->15491K(16768K)
[2025-10-16T10:24:23.968+0000][7][gc          ] GC(28) Pause Young (Concurrent Start) (G1 Evacuation Pause) 1892M->99M(3072M) 16.281ms
[2025-10-16T10:24:23.968+0000][7][gc          ] GC(29) Concurrent Mark Cycle
[2025-10-16T10:24:23.968+0000][7][gc,cpu      ] GC(28) User=0.09s Sys=0.01s Real=0.01s
[2025-10-16T10:24:23.968+0000][7][gc,marking  ] GC(29) Concurrent Scan Root Regions
[2025-10-16T10:24:23.968+0000][7][safepoint   ] Safepoint "G1CollectForAllocation", Time since last: 283127516 ns, Reaching safepoint: 8799 ns, Cleanup: 14025 ns, At safepoint: 16635388 ns, Total: 16658212 ns
[2025-10-16T10:24:23.983+0000][7][gc,marking  ] GC(29) Concurrent Scan Root Regions 15.190ms
[2025-10-16T10:24:23.983+0000][7][gc,marking  ] GC(29) Concurrent Mark
[2025-10-16T10:24:23.983+0000][7][gc,marking  ] GC(29) Concurrent Mark From Roots
[2025-10-16T10:24:23.983+0000][7][gc,task     ] GC(29) Using 2 workers of 2 for marking
[2025-10-16T10:24:24.012+0000][7][gc,marking  ] GC(29) Concurrent Mark From Roots 28.999ms
[2025-10-16T10:24:24.012+0000][7][gc,marking  ] GC(29) Concurrent Preclean
[2025-10-16T10:24:24.012+0000][7][gc,marking  ] GC(29) Concurrent Preclean 0.253ms
[2025-10-16T10:24:24.012+0000][7][gc,start    ] GC(29) Pause Remark
[2025-10-16T10:24:24.023+0000][7][gc          ] GC(29) Pause Remark 109M->109M(3072M) 10.147ms
[2025-10-16T10:24:24.023+0000][7][gc,cpu      ] GC(29) User=0.05s Sys=0.00s Real=0.01s
[2025-10-16T10:24:24.023+0000][7][safepoint   ] Safepoint "G1PauseRemark", Time since last: 44520055 ns, Reaching safepoint: 84771 ns, Cleanup: 2751 ns, At safepoint: 10199365 ns, Total: 10286887 ns
[2025-10-16T10:24:24.023+0000][7][gc,marking  ] GC(29) Concurrent Mark 39.617ms
[2025-10-16T10:24:24.023+0000][7][gc,marking  ] GC(29) Concurrent Rebuild Remembered Sets and Scrub Regions
[2025-10-16T10:24:24.035+0000][7][gc,marking  ] GC(29) Concurrent Rebuild Remembered Sets and Scrub Regions 12.530ms
[2025-10-16T10:24:24.035+0000][7][gc,start    ] GC(29) Pause Cleanup
[2025-10-16T10:24:24.035+0000][7][gc          ] GC(29) Pause Cleanup 111M->111M(3072M) 0.062ms
[2025-10-16T10:24:24.035+0000][7][gc,cpu      ] GC(29) User=0.00s Sys=0.00s Real=0.00s
[2025-10-16T10:24:24.035+0000][7][safepoint   ] Safepoint "G1PauseCleanup", Time since last: 12593077 ns, Reaching safepoint: 70387 ns, Cleanup: 5151 ns, At safepoint: 91281 ns, Total: 166819 ns
[2025-10-16T10:24:24.035+0000][7][gc,marking  ] GC(29) Concurrent Clear Claimed Marks
[2025-10-16T10:24:24.036+0000][7][gc,marking  ] GC(29) Concurrent Clear Claimed Marks 0.142ms
[2025-10-16T10:24:24.036+0000][7][gc,marking  ] GC(29) Concurrent Cleanup for Next Mark
[2025-10-16T10:24:24.038+0000][7][gc,marking  ] GC(29) Concurrent Cleanup for Next Mark 2.414ms
[2025-10-16T10:24:24.038+0000][7][gc          ] GC(29) Concurrent Mark Cycle 70.240ms
[2025-10-16T10:24:25.036+0000][7][safepoint   ] Safepoint "Cleanup", Time since last: 1000065599 ns, Reaching safepoint: 8332 ns, Cleanup: 14822 ns, At safepoint: 4540 ns, Total: 27694 ns
[2025-10-16T10:24:30.036+0000][7][safepoint   ] Safepoint "Cleanup", Time since last: 5000318544 ns, Reaching safepoint: 10618 ns, Cleanup: 11513 ns, At safepoint: 5000 ns, Total: 27131 ns
[2025-10-16T10:24:33.036+0000][7][safepoint   ] Safepoint "Cleanup", Time since last: 3000208961 ns, Reaching safepoint: 11802 ns, Cleanup: 15687 ns, At safepoint: 6544 ns, Total: 34033 ns
[2025-10-16T10:24:34.036+0000][7][safepoint   ] Safepoint "Cleanup", Time since last: 1000087775 ns, Reaching safepoint: 9584 ns, Cleanup: 7288 ns, At safepoint: 4473 ns, Total: 21345 ns
[2025-10-16T10:24:49.037+0000][7][safepoint   ] Safepoint "Cleanup", Time since last: 15000885082 ns, Reaching safepoint: 16115 ns, Cleanup: 19097 ns, At safepoint: 7420 ns, Total: 42632 ns
[2025-10-16T10:24:50.037+0000][7][safepoint   ] Safepoint "Cleanup", Time since last: 1000109131 ns, Reaching safepoint: 20782 ns, Cleanup: 15662 ns, At safepoint: 11474 ns, Total: 47918 ns
[2025-10-16T10:24:53.038+0000][7][safepoint   ] Safepoint "Cleanup", Time since last: 3000250714 ns, Reaching safepoint: 8971 ns, Cleanup: 9292 ns, At safepoint: 3827 ns, Total: 22090 ns
[2025-10-16T10:25:01.038+0000][7][safepoint   ] Safepoint "Cleanup", Time since last: 8000492819 ns, Reaching safepoint: 8333 ns, Cleanup: 6624 ns, At safepoint: 3743 ns, Total: 18700 ns
[2025-10-16T10:25:07.039+0000][7][safepoint   ] Safepoint "Cleanup", Time since last: 6000503582 ns, Reaching safepoint: 8588 ns, Cleanup: 6935 ns, At safepoint: 4466 ns, Total: 19989 ns
[2025-10-16T10:25:10.039+0000][7][safepoint   ] Safepoint "Cleanup", Time since last: 3000218562 ns, Reaching safepoint: 7925 ns, Cleanup: 6318 ns, At safepoint: 3539 ns, Total: 17782 ns
[2025-10-16T10:25:25.861+0000][7][safepoint   ] Safepoint "Cleanup", Time since last: 15822506763 ns, Reaching safepoint: 9900 ns, Cleanup: 8357 ns, At safepoint: 4514 ns, Total: 22771 ns
[2025-10-16T10:25:27.862+0000][7][safepoint   ] Safepoint "Cleanup", Time since last: 2000173879 ns, Reaching safepoint: 8626 ns, Cleanup: 11101 ns, At safepoint: 5787 ns, Total: 25514 ns
[2025-10-16T10:25:37.863+0000][7][safepoint   ] Safepoint "Cleanup", Time since last: 10000960006 ns, Reaching safepoint: 9721 ns, Cleanup: 8426 ns, At safepoint: 4696 ns, Total: 22843 ns
[2025-10-16T10:25:38.322+0000][7][gc,start    ] GC(30) Pause Young (Normal) (G1 Evacuation Pause)
[2025-10-16T10:25:38.322+0000][7][gc,task     ] GC(30) Using 8 workers of 8 for evacuation
[2025-10-16T10:25:38.322+0000][7][gc,age      ] GC(30) Desired survivor size 121634816 bytes, new threshold 15 (max threshold 15)
[2025-10-16T10:25:38.337+0000][7][gc,phases   ] GC(30)   Pre Evacuate Collection Set: 0.13ms
[2025-10-16T10:25:38.337+0000][7][gc,phases   ] GC(30)   Merge Heap Roots: 0.10ms
[2025-10-16T10:25:38.337+0000][7][gc,phases   ] GC(30)   Evacuate Collection Set: 13.34ms
[2025-10-16T10:25:38.337+0000][7][gc,phases   ] GC(30)   Post Evacuate Collection Set: 1.82ms
[2025-10-16T10:25:38.337+0000][7][gc,phases   ] GC(30)   Other: 0.06ms
[2025-10-16T10:25:38.337+0000][7][gc,age      ] GC(30) Age table with threshold 15 (max threshold 15)
[2025-10-16T10:25:38.337+0000][7][gc,age      ] GC(30) - age   1:    1340864 bytes,    1340864 total
[2025-10-16T10:25:38.337+0000][7][gc,age      ] GC(30) - age   2:     597000 bytes,    1937864 total
[2025-10-16T10:25:38.337+0000][7][gc,age      ] GC(30) - age   3:      63264 bytes,    2001128 total
[2025-10-16T10:25:38.337+0000][7][gc,age      ] GC(30) - age   4:     138384 bytes,    2139512 total
[2025-10-16T10:25:38.337+0000][7][gc,age      ] GC(30) - age   5:      47208 bytes,    2186720 total
[2025-10-16T10:25:38.337+0000][7][gc,age      ] GC(30) - age   6:      81912 bytes,    2268632 total
[2025-10-16T10:25:38.337+0000][7][gc,age      ] GC(30) - age   7:      70688 bytes,    2339320 total
[2025-10-16T10:25:38.337+0000][7][gc,age      ] GC(30) - age   8:      98584 bytes,    2437904 total
[2025-10-16T10:25:38.337+0000][7][gc,age      ] GC(30) - age   9:     203800 bytes,    2641704 total
[2025-10-16T10:25:38.337+0000][7][gc,age      ] GC(30) - age  10:     367416 bytes,    3009120 total
[2025-10-16T10:25:38.337+0000][7][gc,age      ] GC(30) - age  11:   11155944 bytes,   14165064 total
[2025-10-16T10:25:38.337+0000][7][gc,age      ] GC(30) - age  12:      37560 bytes,   14202624 total
[2025-10-16T10:25:38.337+0000][7][gc,age      ] GC(30) - age  13:     178184 bytes,   14380808 total
[2025-10-16T10:25:38.337+0000][7][gc,age      ] GC(30) - age  14:   16615736 bytes,   30996544 total
[2025-10-16T10:25:38.337+0000][7][gc,age      ] GC(30) - age  15:   10658744 bytes,   41655288 total
[2025-10-16T10:25:38.337+0000][7][gc,heap     ] GC(30) Eden regions: 448->0(449)
[2025-10-16T10:25:38.337+0000][7][gc,heap     ] GC(30) Survivor regions: 12->11(58)
[2025-10-16T10:25:38.337+0000][7][gc,heap     ] GC(30) Old regions: 12->12
[2025-10-16T10:25:38.337+0000][7][gc,heap     ] GC(30) Humongous regions: 2->2
[2025-10-16T10:25:38.337+0000][7][gc,metaspace] GC(30) Metaspace: 113568K(116480K)->113568K(116480K) NonClass: 98104K(99712K)->98104K(99712K) Class: 15463K(16768K)->15463K(16768K)
[2025-10-16T10:25:38.337+0000][7][gc          ] GC(30) Pause Young (Normal) (G1 Evacuation Pause) 1891M->97M(3072M) 15.564ms
[2025-10-16T10:25:38.337+0000][7][gc,cpu      ] GC(30) User=0.09s Sys=0.00s Real=0.01s
[2025-10-16T10:25:38.337+0000][7][safepoint   ] Safepoint "G1CollectForAllocation", Time since last: 459181832 ns, Reaching safepoint: 9308 ns, Cleanup: 2400 ns, At safepoint: 15604626 ns, Total: 15616334 ns
[2025-10-16T10:25:40.337+0000][7][safepoint   ] Safepoint "Cleanup", Time since last: 2000105816 ns, Reaching safepoint: 9273 ns, Cleanup: 8086 ns, At safepoint: 5031 ns, Total: 22390 ns
[2025-10-16T10:25:44.338+0000][7][safepoint   ] Safepoint "Cleanup", Time since last: 4000343030 ns, Reaching safepoint: 11767 ns, Cleanup: 9369 ns, At safepoint: 5044 ns, Total: 26180 ns
[2025-10-16T10:25:46.338+0000][7][safepoint   ] Safepoint "Cleanup", Time since last: 2000147507 ns, Reaching safepoint: 27254 ns, Cleanup: 14945 ns, At safepoint: 4108 ns, Total: 46307 ns
[2025-10-16T10:25:47.338+0000][7][safepoint   ] Safepoint "Cleanup", Time since last: 1000093754 ns, Reaching safepoint: 8915 ns, Cleanup: 7729 ns, At safepoint: 4122 ns, Total: 20766 ns
[2025-10-16T10:26:00.339+0000][7][safepoint   ] Safepoint "Cleanup", Time since last: 13000794555 ns, Reaching safepoint: 26439 ns, Cleanup: 8109 ns, At safepoint: 4476 ns, Total: 39024 ns
[2025-10-16T10:26:04.339+0000][7][safepoint   ] Safepoint "Cleanup", Time since last: 4000318159 ns, Reaching safepoint: 8670 ns, Cleanup: 59103 ns, At safepoint: 8823 ns, Total: 76596 ns
[2025-10-16T10:26:05.340+0000][7][safepoint   ] Safepoint "Cleanup", Time since last: 1000156242 ns, Reaching safepoint: 11878 ns, Cleanup: 9120 ns, At safepoint: 5754 ns, Total: 26752 ns
[2025-10-16T10:26:17.341+0000][7][safepoint   ] Safepoint "Cleanup", Time since last: 12000855744 ns, Reaching safepoint: 20944 ns, Cleanup: 21770 ns, At safepoint: 14603 ns, Total: 57317 ns
[2025-10-16T10:26:21.876+0000][7][safepoint   ] Safepoint "Cleanup", Time since last: 4535976534 ns, Reaching safepoint: 8783 ns, Cleanup: 12045 ns, At safepoint: 4311 ns, Total: 25139 ns
[2025-10-16T10:26:31.877+0000][7][safepoint   ] Safepoint "Cleanup", Time since last: 10000610737 ns, Reaching safepoint: 9001 ns, Cleanup: 7695 ns, At safepoint: 5293 ns, Total: 21989 ns
[2025-10-16T10:26:35.877+0000][7][safepoint   ] Safepoint "Cleanup", Time since last: 4000221333 ns, Reaching safepoint: 18699 ns, Cleanup: 11219 ns, At safepoint: 5769 ns, Total: 35687 ns
[2025-10-16T10:26:36.877+0000][7][safepoint   ] Safepoint "Cleanup", Time since last: 1000089270 ns, Reaching safepoint: 7412 ns, Cleanup: 8452 ns, At safepoint: 4043 ns, Total: 19907 ns
[2025-10-16T10:26:38.878+0000][7][safepoint   ] Safepoint "Cleanup", Time since last: 2000138509 ns, Reaching safepoint: 8195 ns, Cleanup: 7349 ns, At safepoint: 4468 ns, Total: 20012 ns
[2025-10-16T10:26:39.878+0000][7][safepoint   ] Safepoint "Cleanup", Time since last: 1000085261 ns, Reaching safepoint: 10035 ns, Cleanup: 7081 ns, At safepoint: 5744 ns, Total: 22860 ns
[2025-10-16T10:26:40.878+0000][7][safepoint   ] Safepoint "Cleanup", Time since last: 1000087486 ns, Reaching safepoint: 7734 ns, Cleanup: 7940 ns, At safepoint: 4928 ns, Total: 20602 ns
[2025-10-16T10:26:48.878+0000][7][safepoint   ] Safepoint "Cleanup", Time since last: 8000455011 ns, Reaching safepoint: 7565 ns, Cleanup: 6665 ns, At safepoint: 4811 ns, Total: 19041 ns
[2025-10-16T10:27:12.881+0000][7][safepoint   ] Safepoint "Cleanup", Time since last: 24002268045 ns, Reaching safepoint: 19199 ns, Cleanup: 7139 ns, At safepoint: 3775 ns, Total: 30113 ns
[2025-10-16T10:27:29.898+0000][7][safepoint   ] Safepoint "Cleanup", Time since last: 17017477091 ns, Reaching safepoint: 23386 ns, Cleanup: 14088 ns, At safepoint: 5996 ns, Total: 43470 ns
[2025-10-16T10:29:42.912+0000][7][safepoint   ] Safepoint "Cleanup", Time since last: 133013400623 ns, Reaching safepoint: 28704 ns, Cleanup: 6828 ns, At safepoint: 5464 ns, Total: 40996 ns
[2025-10-16T10:29:50.493+0000][7][gc,start    ] GC(31) Pause Young (Concurrent Start) (G1 Evacuation Pause)
[2025-10-16T10:29:50.494+0000][7][gc,task     ] GC(31) Using 8 workers of 8 for evacuation
[2025-10-16T10:29:50.494+0000][7][gc,age      ] GC(31) Desired survivor size 121634816 bytes, new threshold 15 (max threshold 15)
[2025-10-16T10:29:50.507+0000][7][gc,phases   ] GC(31)   Pre Evacuate Collection Set: 0.23ms
[2025-10-16T10:29:50.507+0000][7][gc,phases   ] GC(31)   Merge Heap Roots: 0.13ms
[2025-10-16T10:29:50.507+0000][7][gc,phases   ] GC(31)   Evacuate Collection Set: 12.13ms
[2025-10-16T10:29:50.507+0000][7][gc,phases   ] GC(31)   Post Evacuate Collection Set: 1.05ms
[2025-10-16T10:29:50.507+0000][7][gc,phases   ] GC(31)   Other: 0.12ms
[2025-10-16T10:29:50.507+0000][7][gc,age      ] GC(31) Age table with threshold 15 (max threshold 15)
[2025-10-16T10:29:50.507+0000][7][gc,age      ] GC(31) - age   1:    1429112 bytes,    1429112 total
[2025-10-16T10:29:50.507+0000][7][gc,age      ] GC(31) - age   2:      17640 bytes,    1446752 total
[2025-10-16T10:29:50.507+0000][7][gc,age      ] GC(31) - age   3:     575520 bytes,    2022272 total
[2025-10-16T10:29:50.507+0000][7][gc,age      ] GC(31) - age   4:      50472 bytes,    2072744 total
[2025-10-16T10:29:50.507+0000][7][gc,age      ] GC(31) - age   5:     121400 bytes,    2194144 total
[2025-10-16T10:29:50.507+0000][7][gc,age      ] GC(31) - age   6:      47152 bytes,    2241296 total
[2025-10-16T10:29:50.507+0000][7][gc,age      ] GC(31) - age   7:      70760 bytes,    2312056 total
[2025-10-16T10:29:50.507+0000][7][gc,age      ] GC(31) - age   8:      65112 bytes,    2377168 total
[2025-10-16T10:29:50.507+0000][7][gc,age      ] GC(31) - age   9:      98584 bytes,    2475752 total
[2025-10-16T10:29:50.507+0000][7][gc,age      ] GC(31) - age  10:     203800 bytes,    2679552 total
[2025-10-16T10:29:50.507+0000][7][gc,age      ] GC(31) - age  11:      58712 bytes,    2738264 total
[2025-10-16T10:29:50.507+0000][7][gc,age      ] GC(31) - age  12:   11045400 bytes,   13783664 total
[2025-10-16T10:29:50.507+0000][7][gc,age      ] GC(31) - age  13:      37560 bytes,   13821224 total
[2025-10-16T10:29:50.507+0000][7][gc,age      ] GC(31) - age  14:     178184 bytes,   13999408 total
[2025-10-16T10:29:50.507+0000][7][gc,age      ] GC(31) - age  15:   16615736 bytes,   30615144 total
[2025-10-16T10:29:50.507+0000][7][gc,heap     ] GC(31) Eden regions: 449->0(451)
[2025-10-16T10:29:50.507+0000][7][gc,heap     ] GC(31) Survivor regions: 11->9(58)
[2025-10-16T10:29:50.507+0000][7][gc,heap     ] GC(31) Old regions: 12->14
[2025-10-16T10:29:50.507+0000][7][gc,heap     ] GC(31) Humongous regions: 2->2
[2025-10-16T10:29:50.507+0000][7][gc,metaspace] GC(31) Metaspace: 113586K(116480K)->113586K(116480K) NonClass: 98122K(99712K)->98122K(99712K) Class: 15463K(16768K)->15463K(16768K)
[2025-10-16T10:29:50.507+0000][7][gc          ] GC(31) Pause Young (Concurrent Start) (G1 Evacuation Pause) 1893M->96M(3072M) 13.788ms
[2025-10-16T10:29:50.507+0000][7][gc          ] GC(32) Concurrent Mark Cycle
[2025-10-16T10:29:50.507+0000][7][gc,cpu      ] GC(31) User=0.08s Sys=0.00s Real=0.01s
[2025-10-16T10:29:50.507+0000][7][gc,marking  ] GC(32) Concurrent Scan Root Regions
[2025-10-16T10:29:50.507+0000][7][safepoint   ] Safepoint "G1CollectForAllocation", Time since last: 7581842421 ns, Reaching safepoint: 34308 ns, Cleanup: 2690 ns, At safepoint: 13831548 ns, Total: 13868546 ns
[2025-10-16T10:29:50.516+0000][7][gc,marking  ] GC(32) Concurrent Scan Root Regions 8.225ms
[2025-10-16T10:29:50.516+0000][7][gc,marking  ] GC(32) Concurrent Mark
[2025-10-16T10:29:50.516+0000][7][gc,marking  ] GC(32) Concurrent Mark From Roots
[2025-10-16T10:29:50.516+0000][7][gc,task     ] GC(32) Using 2 workers of 2 for marking
[2025-10-16T10:29:50.539+0000][7][gc,marking  ] GC(32) Concurrent Mark From Roots 22.972ms
[2025-10-16T10:29:50.539+0000][7][gc,marking  ] GC(32) Concurrent Preclean
[2025-10-16T10:29:50.539+0000][7][gc,marking  ] GC(32) Concurrent Preclean 0.093ms
[2025-10-16T10:29:50.539+0000][7][gc,start    ] GC(32) Pause Remark
[2025-10-16T10:29:50.550+0000][7][gc          ] GC(32) Pause Remark 97M->97M(3072M) 11.584ms
[2025-10-16T10:29:50.550+0000][7][gc,cpu      ] GC(32) User=0.04s Sys=0.00s Real=0.01s
[2025-10-16T10:29:50.550+0000][7][safepoint   ] Safepoint "G1PauseRemark", Time since last: 31333554 ns, Reaching safepoint: 23345 ns, Cleanup: 1988 ns, At safepoint: 11628261 ns, Total: 11653594 ns
[2025-10-16T10:29:50.550+0000][7][gc,marking  ] GC(32) Concurrent Mark 34.771ms
[2025-10-16T10:29:50.550+0000][7][gc,marking  ] GC(32) Concurrent Rebuild Remembered Sets and Scrub Regions
[2025-10-16T10:29:50.561+0000][7][gc,marking  ] GC(32) Concurrent Rebuild Remembered Sets and Scrub Regions 10.976ms
[2025-10-16T10:29:50.561+0000][7][gc,start    ] GC(32) Pause Cleanup
[2025-10-16T10:29:50.561+0000][7][gc          ] GC(32) Pause Cleanup 97M->97M(3072M) 0.063ms
[2025-10-16T10:29:50.561+0000][7][gc,cpu      ] GC(32) User=0.00s Sys=0.00s Real=0.00s
[2025-10-16T10:29:50.561+0000][7][safepoint   ] Safepoint "G1PauseCleanup", Time since last: 11042093 ns, Reaching safepoint: 5706 ns, Cleanup: 20404 ns, At safepoint: 122495 ns, Total: 148605 ns
[2025-10-16T10:29:50.562+0000][7][gc,marking  ] GC(32) Concurrent Clear Claimed Marks
[2025-10-16T10:29:50.562+0000][7][gc,marking  ] GC(32) Concurrent Clear Claimed Marks 0.143ms
[2025-10-16T10:29:50.562+0000][7][gc,marking  ] GC(32) Concurrent Cleanup for Next Mark
[2025-10-16T10:29:50.563+0000][7][gc,marking  ] GC(32) Concurrent Cleanup for Next Mark 1.425ms
[2025-10-16T10:29:50.563+0000][7][gc          ] GC(32) Concurrent Mark Cycle 55.866ms
[2025-10-16T10:30:17.564+0000][7][safepoint   ] Safepoint "Cleanup", Time since last: 27002185838 ns, Reaching safepoint: 19664 ns, Cleanup: 8137 ns, At safepoint: 6238 ns, Total: 34039 ns
[2025-10-16T10:30:39.566+0000][7][safepoint   ] Safepoint "Cleanup", Time since last: 22002371879 ns, Reaching safepoint: 54326 ns, Cleanup: 26291 ns, At safepoint: 4369 ns, Total: 84986 ns
[2025-10-16T10:30:42.566+0000][7][safepoint   ] Safepoint "Cleanup", Time since last: 3000232845 ns, Reaching safepoint: 8040 ns, Cleanup: 7695 ns, At safepoint: 4246 ns, Total: 19981 ns
[2025-10-16T10:30:43.567+0000][7][safepoint   ] Safepoint "Cleanup", Time since last: 1000113405 ns, Reaching safepoint: 9219 ns, Cleanup: 9261 ns, At safepoint: 4760 ns, Total: 23240 ns
[2025-10-16T10:30:53.567+0000][7][safepoint   ] Safepoint "Cleanup", Time since last: 10000699942 ns, Reaching safepoint: 15370 ns, Cleanup: 6978 ns, At safepoint: 4156 ns, Total: 26504 ns
[2025-10-16T10:30:55.567+0000][7][safepoint   ] Safepoint "Cleanup", Time since last: 2000149309 ns, Reaching safepoint: 8141 ns, Cleanup: 7669 ns, At safepoint: 5116 ns, Total: 20926 ns
[2025-10-16T10:30:58.568+0000][7][safepoint   ] Safepoint "Cleanup", Time since last: 3000199654 ns, Reaching safepoint: 7862 ns, Cleanup: 6779 ns, At safepoint: 4096 ns, Total: 18737 ns
[2025-10-16T10:31:01.568+0000][7][safepoint   ] Safepoint "Cleanup", Time since last: 3000239879 ns, Reaching safepoint: 7513 ns, Cleanup: 25194 ns, At safepoint: 5517 ns, Total: 38224 ns
[2025-10-16T10:31:02.568+0000][7][safepoint   ] Safepoint "Cleanup", Time since last: 1000159103 ns, Reaching safepoint: 19942 ns, Cleanup: 17935 ns, At safepoint: 15682 ns, Total: 53559 ns
[2025-10-16T10:31:03.568+0000][7][safepoint   ] Safepoint "Cleanup", Time since last: 1000112020 ns, Reaching safepoint: 6981 ns, Cleanup: 6740 ns, At safepoint: 4282 ns, Total: 18003 ns
[2025-10-16T10:31:10.569+0000][7][safepoint   ] Safepoint "Cleanup", Time since last: 7000555133 ns, Reaching safepoint: 12297 ns, Cleanup: 10999 ns, At safepoint: 4781 ns, Total: 28077 ns
[2025-10-16T10:31:11.569+0000][7][safepoint   ] Safepoint "Cleanup", Time since last: 1000195159 ns, Reaching safepoint: 7604 ns, Cleanup: 6672 ns, At safepoint: 5057 ns, Total: 19333 ns
[2025-10-16T10:31:17.986+0000][7][safepoint   ] Safepoint "Cleanup", Time since last: 6417379715 ns, Reaching safepoint: 5783 ns, Cleanup: 8692 ns, At safepoint: 2403 ns, Total: 16878 ns
[2025-10-16T10:31:21.987+0000][7][safepoint   ] Safepoint "Cleanup", Time since last: 4000297101 ns, Reaching safepoint: 8832 ns, Cleanup: 7093 ns, At safepoint: 4959 ns, Total: 20884 ns
[2025-10-16T10:31:24.987+0000][7][safepoint   ] Safepoint "Cleanup", Time since last: 3000108193 ns, Reaching safepoint: 7806 ns, Cleanup: 7064 ns, At safepoint: 4657 ns, Total: 19527 ns
[2025-10-16T10:31:28.987+0000][7][safepoint   ] Safepoint "Cleanup", Time since last: 4000227343 ns, Reaching safepoint: 13871 ns, Cleanup: 12324 ns, At safepoint: 5703 ns, Total: 31898 ns
[2025-10-16T10:31:31.988+0000][7][safepoint   ] Safepoint "Cleanup", Time since last: 3000246263 ns, Reaching safepoint: 19755 ns, Cleanup: 18074 ns, At safepoint: 28098 ns, Total: 65927 ns
[2025-10-16T10:31:33.988+0000][7][safepoint   ] Safepoint "Cleanup", Time since last: 2000149152 ns, Reaching safepoint: 12528 ns, Cleanup: 10082 ns, At safepoint: 6009 ns, Total: 28619 ns
[2025-10-16T10:31:37.988+0000][7][safepoint   ] Safepoint "Cleanup", Time since last: 4000255953 ns, Reaching safepoint: 7769 ns, Cleanup: 10757 ns, At safepoint: 5124 ns, Total: 23650 ns
[2025-10-16T10:31:40.988+0000][7][safepoint   ] Safepoint "Cleanup", Time since last: 3000449388 ns, Reaching safepoint: 12158 ns, Cleanup: 8633 ns, At safepoint: 4922 ns, Total: 25713 ns
[2025-10-16T10:31:53.989+0000][7][safepoint   ] Safepoint "Cleanup", Time since last: 13000892517 ns, Reaching safepoint: 11618 ns, Cleanup: 19193 ns, At safepoint: 6275 ns, Total: 37086 ns
[2025-10-16T10:31:55.990+0000][7][safepoint   ] Safepoint "Cleanup", Time since last: 2000249570 ns, Reaching safepoint: 10825 ns, Cleanup: 8712 ns, At safepoint: 5350 ns, Total: 24887 ns
[2025-10-16T10:32:04.990+0000][7][safepoint   ] Safepoint "Cleanup", Time since last: 9000678397 ns, Reaching safepoint: 11306 ns, Cleanup: 12689 ns, At safepoint: 6072 ns, Total: 30067 ns
[2025-10-16T10:32:14.991+0000][7][safepoint   ] Safepoint "Cleanup", Time since last: 10000817968 ns, Reaching safepoint: 9150 ns, Cleanup: 7554 ns, At safepoint: 4810 ns, Total: 21514 ns
[2025-10-16T10:32:23.252+0000][7][gc,start    ] GC(33) Pause Young (Normal) (G1 Evacuation Pause)
[2025-10-16T10:32:23.252+0000][7][gc,task     ] GC(33) Using 8 workers of 8 for evacuation
[2025-10-16T10:32:23.252+0000][7][gc,age      ] GC(33) Desired survivor size 121634816 bytes, new threshold 15 (max threshold 15)
[2025-10-16T10:32:23.265+0000][7][gc,phases   ] GC(33)   Pre Evacuate Collection Set: 0.19ms
[2025-10-16T10:32:23.265+0000][7][gc,phases   ] GC(33)   Merge Heap Roots: 0.11ms
[2025-10-16T10:32:23.265+0000][7][gc,phases   ] GC(33)   Evacuate Collection Set: 11.76ms
[2025-10-16T10:32:23.265+0000][7][gc,phases   ] GC(33)   Post Evacuate Collection Set: 0.80ms
[2025-10-16T10:32:23.265+0000][7][gc,phases   ] GC(33)   Other: 0.14ms
[2025-10-16T10:32:23.265+0000][7][gc,age      ] GC(33) Age table with threshold 15 (max threshold 15)
[2025-10-16T10:32:23.265+0000][7][gc,age      ] GC(33) - age   1:    3240752 bytes,    3240752 total
[2025-10-16T10:32:23.265+0000][7][gc,age      ] GC(33) - age   2:     479456 bytes,    3720208 total
[2025-10-16T10:32:23.265+0000][7][gc,age      ] GC(33) - age   3:      14448 bytes,    3734656 total
[2025-10-16T10:32:23.265+0000][7][gc,age      ] GC(33) - age   4:     573784 bytes,    4308440 total
[2025-10-16T10:32:23.265+0000][7][gc,age      ] GC(33) - age   5:      49960 bytes,    4358400 total
[2025-10-16T10:32:23.265+0000][7][gc,age      ] GC(33) - age   6:     121344 bytes,    4479744 total
[2025-10-16T10:32:23.265+0000][7][gc,age      ] GC(33) - age   7:      47152 bytes,    4526896 total
[2025-10-16T10:32:23.265+0000][7][gc,age      ] GC(33) - age   8:      70352 bytes,    4597248 total
[2025-10-16T10:32:23.265+0000][7][gc,age      ] GC(33) - age   9:      64576 bytes,    4661824 total
[2025-10-16T10:32:23.265+0000][7][gc,age      ] GC(33) - age  10:      98584 bytes,    4760408 total
[2025-10-16T10:32:23.265+0000][7][gc,age      ] GC(33) - age  11:     203800 bytes,    4964208 total
[2025-10-16T10:32:23.265+0000][7][gc,age      ] GC(33) - age  12:      58072 bytes,    5022280 total
[2025-10-16T10:32:23.265+0000][7][gc,age      ] GC(33) - age  13:   11045000 bytes,   16067280 total
[2025-10-16T10:32:23.265+0000][7][gc,age      ] GC(33) - age  14:      37560 bytes,   16104840 total
[2025-10-16T10:32:23.265+0000][7][gc,age      ] GC(33) - age  15:     178184 bytes,   16283024 total
[2025-10-16T10:32:23.265+0000][7][gc,heap     ] GC(33) Eden regions: 451->0(455)
[2025-10-16T10:32:23.265+0000][7][gc,heap     ] GC(33) Survivor regions: 9->5(58)
[2025-10-16T10:32:23.265+0000][7][gc,heap     ] GC(33) Old regions: 14->19
[2025-10-16T10:32:23.265+0000][7][gc,heap     ] GC(33) Humongous regions: 2->2
[2025-10-16T10:32:23.265+0000][7][gc,metaspace] GC(33) Metaspace: 113607K(116480K)->113607K(116480K) NonClass: 98143K(99712K)->98143K(99712K) Class: 15463K(16768K)->15463K(16768K)
[2025-10-16T10:32:23.265+0000][7][gc          ] GC(33) Pause Young (Normal) (G1 Evacuation Pause) 1900M->100M(3072M) 13.142ms
[2025-10-16T10:32:23.266+0000][7][gc,cpu      ] GC(33) User=0.08s Sys=0.01s Real=0.01s
[2025-10-16T10:32:23.266+0000][7][safepoint   ] Safepoint "G1CollectForAllocation", Time since last: 8261136693 ns, Reaching safepoint: 8029 ns, Cleanup: 2506 ns, At safepoint: 13181251 ns, Total: 13191786 ns
[2025-10-16T10:32:29.266+0000][7][safepoint   ] Safepoint "Cleanup", Time since last: 6000377830 ns, Reaching safepoint: 28813 ns, Cleanup: 6989 ns, At safepoint: 5185 ns, Total: 40987 ns
[2025-10-16T10:32:48.268+0000][7][safepoint   ] Safepoint "Cleanup", Time since last: 19001851559 ns, Reaching safepoint: 8549 ns, Cleanup: 7674 ns, At safepoint: 4184 ns, Total: 20407 ns
[2025-10-16T10:32:59.269+0000][7][safepoint   ] Safepoint "Cleanup", Time since last: 11000982829 ns, Reaching safepoint: 8684 ns, Cleanup: 6616 ns, At safepoint: 5644 ns, Total: 20944 ns
[2025-10-16T10:33:08.270+0000][7][safepoint   ] Safepoint "Cleanup", Time since last: 9000905744 ns, Reaching safepoint: 8597 ns, Cleanup: 7140 ns, At safepoint: 5602 ns, Total: 21339 ns
[2025-10-16T10:33:15.271+0000][7][safepoint   ] Safepoint "Cleanup", Time since last: 7000854015 ns, Reaching safepoint: 7594 ns, Cleanup: 7726 ns, At safepoint: 5548 ns, Total: 20868 ns
[2025-10-16T10:33:17.271+0000][7][safepoint   ] Safepoint "Cleanup", Time since last: 2000199252 ns, Reaching safepoint: 8818 ns, Cleanup: 7053 ns, At safepoint: 4924 ns, Total: 20795 ns
[2025-10-16T10:33:22.026+0000][7][safepoint   ] Safepoint "Cleanup", Time since last: 4755006640 ns, Reaching safepoint: 8599 ns, Cleanup: 8157 ns, At safepoint: 5952 ns, Total: 22708 ns
[2025-10-16T10:33:23.026+0000][7][safepoint   ] Safepoint "Cleanup", Time since last: 1000109596 ns, Reaching safepoint: 26842 ns, Cleanup: 8953 ns, At safepoint: 5344 ns, Total: 41139 ns
[2025-10-16T10:33:26.026+0000][7][safepoint   ] Safepoint "Cleanup", Time since last: 3000370397 ns, Reaching safepoint: 7671 ns, Cleanup: 11228 ns, At safepoint: 3696 ns, Total: 22595 ns
[2025-10-16T10:33:30.027+0000][7][safepoint   ] Safepoint "Cleanup", Time since last: 4000346779 ns, Reaching safepoint: 17521 ns, Cleanup: 32229 ns, At safepoint: 24436 ns, Total: 74186 ns
[2025-10-16T10:33:33.027+0000][7][safepoint   ] Safepoint "Cleanup", Time since last: 3000256081 ns, Reaching safepoint: 7727 ns, Cleanup: 6858 ns, At safepoint: 5150 ns, Total: 19735 ns
[2025-10-16T10:33:35.027+0000][7][safepoint   ] Safepoint "Cleanup", Time since last: 2000176135 ns, Reaching safepoint: 19828 ns, Cleanup: 18130 ns, At safepoint: 31803 ns, Total: 69761 ns
[2025-10-16T10:33:36.027+0000][7][safepoint   ] Safepoint "Cleanup", Time since last: 1000123196 ns, Reaching safepoint: 7938 ns, Cleanup: 8638 ns, At safepoint: 3684 ns, Total: 20260 ns
[2025-10-16T10:33:44.028+0000][7][safepoint   ] Safepoint "Cleanup", Time since last: 8000456794 ns, Reaching safepoint: 7949 ns, Cleanup: 23168 ns, At safepoint: 5405 ns, Total: 36522 ns
[2025-10-16T10:33:46.028+0000][7][safepoint   ] Safepoint "Cleanup", Time since last: 2000213452 ns, Reaching safepoint: 8782 ns, Cleanup: 7301 ns, At safepoint: 4964 ns, Total: 21047 ns
[2025-10-16T10:33:47.028+0000][7][safepoint   ] Safepoint "Cleanup", Time since last: 1000153349 ns, Reaching safepoint: 32501 ns, Cleanup: 18131 ns, At safepoint: 13687 ns, Total: 64319 ns
[2025-10-16T10:33:53.029+0000][7][safepoint   ] Safepoint "Cleanup", Time since last: 6000448753 ns, Reaching safepoint: 8461 ns, Cleanup: 6690 ns, At safepoint: 5718 ns, Total: 20869 ns
[2025-10-16T10:33:56.732+0000][7][gc,start    ] GC(34) Pause Young (Concurrent Start) (G1 Evacuation Pause)
[2025-10-16T10:33:56.732+0000][7][gc,task     ] GC(34) Using 8 workers of 8 for evacuation
[2025-10-16T10:33:56.732+0000][7][gc,age      ] GC(34) Desired survivor size 121634816 bytes, new threshold 15 (max threshold 15)
[2025-10-16T10:33:56.735+0000][7][gc,phases   ] GC(34)   Pre Evacuate Collection Set: 0.27ms
[2025-10-16T10:33:56.735+0000][7][gc,phases   ] GC(34)   Merge Heap Roots: 0.06ms
[2025-10-16T10:33:56.735+0000][7][gc,phases   ] GC(34)   Evacuate Collection Set: 2.39ms
[2025-10-16T10:33:56.735+0000][7][gc,phases   ] GC(34)   Post Evacuate Collection Set: 0.68ms
[2025-10-16T10:33:56.735+0000][7][gc,phases   ] GC(34)   Other: 0.08ms
[2025-10-16T10:33:56.735+0000][7][gc,age      ] GC(34) Age table with threshold 15 (max threshold 15)
[2025-10-16T10:33:56.735+0000][7][gc,age      ] GC(34) - age   1:    1277248 bytes,    1277248 total
[2025-10-16T10:33:56.735+0000][7][gc,age      ] GC(34) - age   2:      68448 bytes,    1345696 total
[2025-10-16T10:33:56.735+0000][7][gc,age      ] GC(34) - age   3:     476992 bytes,    1822688 total
[2025-10-16T10:33:56.735+0000][7][gc,age      ] GC(34) - age   4:      14128 bytes,    1836816 total
[2025-10-16T10:33:56.735+0000][7][gc,age      ] GC(34) - age   5:     573784 bytes,    2410600 total
[2025-10-16T10:33:56.735+0000][7][gc,age      ] GC(34) - age   6:      49832 bytes,    2460432 total
[2025-10-16T10:33:56.735+0000][7][gc,age      ] GC(34) - age   7:     121344 bytes,    2581776 total
[2025-10-16T10:33:56.735+0000][7][gc,age      ] GC(34) - age   8:      47088 bytes,    2628864 total
[2025-10-16T10:33:56.735+0000][7][gc,age      ] GC(34) - age   9:      70088 bytes,    2698952 total
[2025-10-16T10:33:56.735+0000][7][gc,age      ] GC(34) - age  10:      64032 bytes,    2762984 total
[2025-10-16T10:33:56.735+0000][7][gc,age      ] GC(34) - age  11:      98584 bytes,    2861568 total
[2025-10-16T10:33:56.735+0000][7][gc,age      ] GC(34) - age  12:     203800 bytes,    3065368 total
[2025-10-16T10:33:56.735+0000][7][gc,age      ] GC(34) - age  13:      58072 bytes,    3123440 total
[2025-10-16T10:33:56.735+0000][7][gc,age      ] GC(34) - age  14:   11044560 bytes,   14168000 total
[2025-10-16T10:33:56.735+0000][7][gc,age      ] GC(34) - age  15:      37560 bytes,   14205560 total
[2025-10-16T10:33:56.735+0000][7][gc,heap     ] GC(34) Eden regions: 455->0(455)
[2025-10-16T10:33:56.735+0000][7][gc,heap     ] GC(34) Survivor regions: 5->5(58)
[2025-10-16T10:33:56.735+0000][7][gc,heap     ] GC(34) Old regions: 19->19
[2025-10-16T10:33:56.735+0000][7][gc,heap     ] GC(34) Humongous regions: 2->2
[2025-10-16T10:33:56.735+0000][7][gc,metaspace] GC(34) Metaspace: 113620K(116480K)->113620K(116480K) NonClass: 98156K(99712K)->98156K(99712K) Class: 15463K(16768K)->15463K(16768K)
[2025-10-16T10:33:56.735+0000][7][gc          ] GC(34) Pause Young (Concurrent Start) (G1 Evacuation Pause) 1920M->101M(3072M) 3.618ms
[2025-10-16T10:33:56.735+0000][7][gc          ] GC(35) Concurrent Mark Cycle
[2025-10-16T10:33:56.735+0000][7][gc,cpu      ] GC(34) User=0.02s Sys=0.00s Real=0.00s
[2025-10-16T10:33:56.735+0000][7][gc,marking  ] GC(35) Concurrent Scan Root Regions
[2025-10-16T10:33:56.735+0000][7][safepoint   ] Safepoint "G1CollectForAllocation", Time since last: 3702878073 ns, Reaching safepoint: 7705 ns, Cleanup: 2054 ns, At safepoint: 3662461 ns, Total: 3672220 ns
[2025-10-16T10:33:56.737+0000][7][gc,marking  ] GC(35) Concurrent Scan Root Regions 1.669ms
[2025-10-16T10:33:56.737+0000][7][gc,marking  ] GC(35) Concurrent Mark
[2025-10-16T10:33:56.737+0000][7][gc,marking  ] GC(35) Concurrent Mark From Roots
[2025-10-16T10:33:56.737+0000][7][gc,task     ] GC(35) Using 2 workers of 2 for marking
[2025-10-16T10:33:56.784+0000][7][gc,marking  ] GC(35) Concurrent Mark From Roots 47.276ms
[2025-10-16T10:33:56.784+0000][7][gc,marking  ] GC(35) Concurrent Preclean
[2025-10-16T10:33:56.785+0000][7][gc,marking  ] GC(35) Concurrent Preclean 0.212ms
[2025-10-16T10:33:56.785+0000][7][gc,start    ] GC(35) Pause Remark
[2025-10-16T10:33:56.793+0000][7][gc          ] GC(35) Pause Remark 120M->120M(3072M) 8.769ms
[2025-10-16T10:33:56.794+0000][7][gc,cpu      ] GC(35) User=0.04s Sys=0.00s Real=0.01s
[2025-10-16T10:33:56.794+0000][7][safepoint   ] Safepoint "G1PauseRemark", Time since last: 49213874 ns, Reaching safepoint: 8919 ns, Cleanup: 2696 ns, At safepoint: 8832410 ns, Total: 8844025 ns
[2025-10-16T10:33:56.794+0000][7][gc,marking  ] GC(35) Concurrent Mark 56.406ms
[2025-10-16T10:33:56.794+0000][7][gc,marking  ] GC(35) Concurrent Rebuild Remembered Sets and Scrub Regions
[2025-10-16T10:33:56.810+0000][7][gc,marking  ] GC(35) Concurrent Rebuild Remembered Sets and Scrub Regions 16.702ms
[2025-10-16T10:33:56.810+0000][7][gc,start    ] GC(35) Pause Cleanup
[2025-10-16T10:33:56.810+0000][7][gc          ] GC(35) Pause Cleanup 120M->120M(3072M) 0.081ms
[2025-10-16T10:33:56.810+0000][7][gc,cpu      ] GC(35) User=0.00s Sys=0.00s Real=0.00s
[2025-10-16T10:33:56.810+0000][7][safepoint   ] Safepoint "G1PauseCleanup", Time since last: 16767789 ns, Reaching safepoint: 6158 ns, Cleanup: 2652 ns, At safepoint: 132122 ns, Total: 140932 ns
[2025-10-16T10:33:56.810+0000][7][gc,marking  ] GC(35) Concurrent Clear Claimed Marks
[2025-10-16T10:33:56.811+0000][7][gc,marking  ] GC(35) Concurrent Clear Claimed Marks 0.081ms
[2025-10-16T10:33:56.811+0000][7][gc,marking  ] GC(35) Concurrent Cleanup for Next Mark
[2025-10-16T10:33:56.812+0000][7][gc,marking  ] GC(35) Concurrent Cleanup for Next Mark 1.749ms
[2025-10-16T10:33:56.812+0000][7][gc          ] GC(35) Concurrent Mark Cycle 76.883ms
[2025-10-16T10:34:11.811+0000][7][safepoint   ] Safepoint "Cleanup", Time since last: 15000806324 ns, Reaching safepoint: 7700 ns, Cleanup: 8067 ns, At safepoint: 5427 ns, Total: 21194 ns
[2025-10-16T10:34:25.047+0000][7][safepoint   ] Safepoint "Cleanup", Time since last: 13235565679 ns, Reaching safepoint: 7365 ns, Cleanup: 6389 ns, At safepoint: 18764 ns, Total: 32518 ns
[2025-10-16T10:34:29.047+0000][7][safepoint   ] Safepoint "Cleanup", Time since last: 4000322789 ns, Reaching safepoint: 9760 ns, Cleanup: 8230 ns, At safepoint: 5267 ns, Total: 23257 ns
[2025-10-16T10:34:33.048+0000][7][safepoint   ] Safepoint "Cleanup", Time since last: 4000300859 ns, Reaching safepoint: 9072 ns, Cleanup: 7137 ns, At safepoint: 4570 ns, Total: 20779 ns
[2025-10-16T10:34:44.048+0000][7][safepoint   ] Safepoint "Cleanup", Time since last: 11000678647 ns, Reaching safepoint: 13089 ns, Cleanup: 13499 ns, At safepoint: 6040 ns, Total: 32628 ns
[2025-10-16T10:34:52.050+0000][7][safepoint   ] Safepoint "Cleanup", Time since last: 8001450163 ns, Reaching safepoint: 12634 ns, Cleanup: 9735 ns, At safepoint: 7031 ns, Total: 29400 ns
[2025-10-16T10:34:58.050+0000][7][safepoint   ] Safepoint "Cleanup", Time since last: 6000459171 ns, Reaching safepoint: 20635 ns, Cleanup: 17993 ns, At safepoint: 14456 ns, Total: 53084 ns
[2025-10-16T10:35:13.051+0000][7][safepoint   ] Safepoint "Cleanup", Time since last: 15001187352 ns, Reaching safepoint: 11160 ns, Cleanup: 9336 ns, At safepoint: 5045 ns, Total: 25541 ns
[2025-10-16T10:35:15.052+0000][7][safepoint   ] Safepoint "Cleanup", Time since last: 2000143798 ns, Reaching safepoint: 7877 ns, Cleanup: 8591 ns, At safepoint: 3128 ns, Total: 19596 ns
[2025-10-16T10:35:21.175+0000][7][gc,start    ] GC(36) Pause Young (Prepare Mixed) (G1 Evacuation Pause)
[2025-10-16T10:35:21.175+0000][7][gc,task     ] GC(36) Using 8 workers of 8 for evacuation
[2025-10-16T10:35:21.175+0000][7][gc,age      ] GC(36) Desired survivor size 121634816 bytes, new threshold 15 (max threshold 15)
[2025-10-16T10:35:21.179+0000][7][gc,phases   ] GC(36)   Pre Evacuate Collection Set: 0.14ms
[2025-10-16T10:35:21.179+0000][7][gc,phases   ] GC(36)   Merge Heap Roots: 0.09ms
[2025-10-16T10:35:21.179+0000][7][gc,phases   ] GC(36)   Evacuate Collection Set: 3.00ms
[2025-10-16T10:35:21.179+0000][7][gc,phases   ] GC(36)   Post Evacuate Collection Set: 0.71ms
[2025-10-16T10:35:21.179+0000][7][gc,phases   ] GC(36)   Other: 0.06ms
[2025-10-16T10:35:21.179+0000][7][gc,age      ] GC(36) Age table with threshold 15 (max threshold 15)
[2025-10-16T10:35:21.179+0000][7][gc,age      ] GC(36) - age   1:    1795232 bytes,    1795232 total
[2025-10-16T10:35:21.179+0000][7][gc,age      ] GC(36) - age   2:      24920 bytes,    1820152 total
[2025-10-16T10:35:21.179+0000][7][gc,age      ] GC(36) - age   3:      63088 bytes,    1883240 total
[2025-10-16T10:35:21.179+0000][7][gc,age      ] GC(36) - age   4:     467288 bytes,    2350528 total
[2025-10-16T10:35:21.179+0000][7][gc,age      ] GC(36) - age   5:      14000 bytes,    2364528 total
[2025-10-16T10:35:21.179+0000][7][gc,age      ] GC(36) - age   6:     573720 bytes,    2938248 total
[2025-10-16T10:35:21.179+0000][7][gc,age      ] GC(36) - age   7:      49768 bytes,    2988016 total
[2025-10-16T10:35:21.179+0000][7][gc,age      ] GC(36) - age   8:     121344 bytes,    3109360 total
[2025-10-16T10:35:21.179+0000][7][gc,age      ] GC(36) - age   9:      47088 bytes,    3156448 total
[2025-10-16T10:35:21.179+0000][7][gc,age      ] GC(36) - age  10:      70088 bytes,    3226536 total
[2025-10-16T10:35:21.179+0000][7][gc,age      ] GC(36) - age  11:      63544 bytes,    3290080 total
[2025-10-16T10:35:21.179+0000][7][gc,age      ] GC(36) - age  12:      98584 bytes,    3388664 total
[2025-10-16T10:35:21.179+0000][7][gc,age      ] GC(36) - age  13:     203800 bytes,    3592464 total
[2025-10-16T10:35:21.179+0000][7][gc,age      ] GC(36) - age  14:      57880 bytes,    3650344 total
[2025-10-16T10:35:21.179+0000][7][gc,age      ] GC(36) - age  15:   11044560 bytes,   14694904 total
[2025-10-16T10:35:21.179+0000][7][gc,heap     ] GC(36) Eden regions: 455->0(456)
[2025-10-16T10:35:21.179+0000][7][gc,heap     ] GC(36) Survivor regions: 5->4(58)
[2025-10-16T10:35:21.179+0000][7][gc,heap     ] GC(36) Old regions: 19->20
[2025-10-16T10:35:21.179+0000][7][gc,heap     ] GC(36) Humongous regions: 2->2
[2025-10-16T10:35:21.179+0000][7][gc,metaspace] GC(36) Metaspace: 111864K(116480K)->111864K(116480K) NonClass: 96851K(99712K)->96851K(99712K) Class: 15013K(16768K)->15013K(16768K)
[2025-10-16T10:35:21.179+0000][7][gc          ] GC(36) Pause Young (Prepare Mixed) (G1 Evacuation Pause) 1921M->100M(3072M) 4.149ms
[2025-10-16T10:35:21.179+0000][7][gc,cpu      ] GC(36) User=0.02s Sys=0.00s Real=0.00s
[2025-10-16T10:35:21.179+0000][7][safepoint   ] Safepoint "G1CollectForAllocation", Time since last: 6122926603 ns, Reaching safepoint: 24688 ns, Cleanup: 3274 ns, At safepoint: 4194987 ns, Total: 4222949 ns
[2025-10-16T10:35:40.180+0000][7][safepoint   ] Safepoint "Cleanup", Time since last: 19001414145 ns, Reaching safepoint: 11021 ns, Cleanup: 8815 ns, At safepoint: 6308 ns, Total: 26144 ns
[2025-10-16T10:35:41.180+0000][7][safepoint   ] Safepoint "Cleanup", Time since last: 1000093152 ns, Reaching safepoint: 20451 ns, Cleanup: 9222 ns, At safepoint: 6075 ns, Total: 35748 ns
[2025-10-16T10:35:42.180+0000][7][safepoint   ] Safepoint "Cleanup", Time since last: 1000084406 ns, Reaching safepoint: 8955 ns, Cleanup: 7336 ns, At safepoint: 4306 ns, Total: 20597 ns
[2025-10-16T10:36:00.182+0000][7][safepoint   ] Safepoint "Cleanup", Time since last: 18001124235 ns, Reaching safepoint: 8041 ns, Cleanup: 7734 ns, At safepoint: 5056 ns, Total: 20831 ns
[2025-10-16T10:36:18.083+0000][7][safepoint   ] Safepoint "Cleanup", Time since last: 17900901173 ns, Reaching safepoint: 23383 ns, Cleanup: 6635 ns, At safepoint: 1578 ns, Total: 31596 ns
[2025-10-16T10:36:29.083+0000][7][safepoint   ] Safepoint "Cleanup", Time since last: 11000749495 ns, Reaching safepoint: 10690 ns, Cleanup: 9019 ns, At safepoint: 5390 ns, Total: 25099 ns
[2025-10-16T10:36:37.085+0000][7][safepoint   ] Safepoint "Cleanup", Time since last: 8001839732 ns, Reaching safepoint: 7934 ns, Cleanup: 8056 ns, At safepoint: 4472 ns, Total: 20462 ns
[2025-10-16T10:36:50.086+0000][7][safepoint   ] Safepoint "Cleanup", Time since last: 13001106470 ns, Reaching safepoint: 7858 ns, Cleanup: 6634 ns, At safepoint: 5724 ns, Total: 20216 ns
[2025-10-16T10:36:53.720+0000][7][gc,start    ] GC(37) Pause Young (Mixed) (G1 Evacuation Pause)
[2025-10-16T10:36:53.720+0000][7][gc,task     ] GC(37) Using 8 workers of 8 for evacuation
[2025-10-16T10:36:53.720+0000][7][gc,age      ] GC(37) Desired survivor size 121634816 bytes, new threshold 15 (max threshold 15)
[2025-10-16T10:36:53.729+0000][7][gc,phases   ] GC(37)   Pre Evacuate Collection Set: 0.14ms
[2025-10-16T10:36:53.729+0000][7][gc,phases   ] GC(37)   Merge Heap Roots: 0.08ms
[2025-10-16T10:36:53.729+0000][7][gc,phases   ] GC(37)   Evacuate Collection Set: 8.19ms
[2025-10-16T10:36:53.729+0000][7][gc,phases   ] GC(37)   Post Evacuate Collection Set: 0.71ms
[2025-10-16T10:36:53.729+0000][7][gc,phases   ] GC(37)   Other: 0.07ms
[2025-10-16T10:36:53.729+0000][7][gc,age      ] GC(37) Age table with threshold 15 (max threshold 15)
[2025-10-16T10:36:53.729+0000][7][gc,age      ] GC(37) - age   1:    2962080 bytes,    2962080 total
[2025-10-16T10:36:53.729+0000][7][gc,age      ] GC(37) - age   2:      46064 bytes,    3008144 total
[2025-10-16T10:36:53.729+0000][7][gc,age      ] GC(37) - age   3:      22432 bytes,    3030576 total
[2025-10-16T10:36:53.729+0000][7][gc,age      ] GC(37) - age   4:      62600 bytes,    3093176 total
[2025-10-16T10:36:53.729+0000][7][gc,age      ] GC(37) - age   5:     463640 bytes,    3556816 total
[2025-10-16T10:36:53.729+0000][7][gc,age      ] GC(37) - age   6:      13936 bytes,    3570752 total
[2025-10-16T10:36:53.729+0000][7][gc,age      ] GC(37) - age   7:     573296 bytes,    4144048 total
[2025-10-16T10:36:53.729+0000][7][gc,age      ] GC(37) - age   8:      49704 bytes,    4193752 total
[2025-10-16T10:36:53.729+0000][7][gc,age      ] GC(37) - age   9:     121344 bytes,    4315096 total
[2025-10-16T10:36:53.729+0000][7][gc,age      ] GC(37) - age  10:      47088 bytes,    4362184 total
[2025-10-16T10:36:53.729+0000][7][gc,age      ] GC(37) - age  11:      70088 bytes,    4432272 total
[2025-10-16T10:36:53.729+0000][7][gc,age      ] GC(37) - age  12:      63544 bytes,    4495816 total
[2025-10-16T10:36:53.729+0000][7][gc,age      ] GC(37) - age  13:      98584 bytes,    4594400 total
[2025-10-16T10:36:53.729+0000][7][gc,age      ] GC(37) - age  14:     203800 bytes,    4798200 total
[2025-10-16T10:36:53.729+0000][7][gc,age      ] GC(37) - age  15:      57880 bytes,    4856080 total
[2025-10-16T10:36:53.729+0000][7][gc,heap     ] GC(37) Eden regions: 456->0(458)
[2025-10-16T10:36:53.729+0000][7][gc,heap     ] GC(37) Survivor regions: 4->2(58)
[2025-10-16T10:36:53.729+0000][7][gc,heap     ] GC(37) Old regions: 20->23
[2025-10-16T10:36:53.729+0000][7][gc,heap     ] GC(37) Humongous regions: 2->2
[2025-10-16T10:36:53.729+0000][7][gc,metaspace] GC(37) Metaspace: 111866K(116480K)->111866K(116480K) NonClass: 96852K(99712K)->96852K(99712K) Class: 15013K(16768K)->15013K(16768K)
[2025-10-16T10:36:53.729+0000][7][gc          ] GC(37) Pause Young (Mixed) (G1 Evacuation Pause) 1924M->104M(3072M) 9.335ms
[2025-10-16T10:36:53.729+0000][7][gc,cpu      ] GC(37) User=0.04s Sys=0.02s Real=0.01s
[2025-10-16T10:36:53.729+0000][7][safepoint   ] Safepoint "G1CollectForAllocation", Time since last: 3633437262 ns, Reaching safepoint: 8838 ns, Cleanup: 3060 ns, At safepoint: 9377521 ns, Total: 9389419 ns
[2025-10-16T10:36:54.729+0000][7][safepoint   ] Safepoint "Cleanup", Time since last: 1000102189 ns, Reaching safepoint: 8848 ns, Cleanup: 7350 ns, At safepoint: 4970 ns, Total: 21168 ns
[2025-10-16T10:36:56.729+0000][7][safepoint   ] Safepoint "Cleanup", Time since last: 2000145440 ns, Reaching safepoint: 11014 ns, Cleanup: 8661 ns, At safepoint: 5653 ns, Total: 25328 ns
[2025-10-16T10:37:12.730+0000][7][safepoint   ] Safepoint "Cleanup", Time since last: 16000992485 ns, Reaching safepoint: 9287 ns, Cleanup: 16524 ns, At safepoint: 5245 ns, Total: 31056 ns
[2025-10-16T10:37:21.102+0000][7][safepoint   ] Safepoint "Cleanup", Time since last: 8371745191 ns, Reaching safepoint: 88079 ns, Cleanup: 8891 ns, At safepoint: 5233 ns, Total: 102203 ns
[2025-10-16T10:37:40.103+0000][7][safepoint   ] Safepoint "Cleanup", Time since last: 19000997674 ns, Reaching safepoint: 6951 ns, Cleanup: 7024 ns, At safepoint: 4716 ns, Total: 18691 ns
[2025-10-16T10:37:52.104+0000][7][safepoint   ] Safepoint "Cleanup", Time since last: 12000707152 ns, Reaching safepoint: 9449 ns, Cleanup: 8819 ns, At safepoint: 17639 ns, Total: 35907 ns
[2025-10-16T10:37:58.104+0000][7][safepoint   ] Safepoint "Cleanup", Time since last: 6000396083 ns, Reaching safepoint: 8228 ns, Cleanup: 7802 ns, At safepoint: 3883 ns, Total: 19913 ns
[2025-10-16T10:38:01.105+0000][7][safepoint   ] Safepoint "Cleanup", Time since last: 3000194928 ns, Reaching safepoint: 8353 ns, Cleanup: 7348 ns, At safepoint: 4061 ns, Total: 19762 ns
[2025-10-16T10:38:04.105+0000][7][safepoint   ] Safepoint "Cleanup", Time since last: 3000199736 ns, Reaching safepoint: 8592 ns, Cleanup: 9787 ns, At safepoint: 4354 ns, Total: 22733 ns
[2025-10-16T10:38:11.106+0000][7][safepoint   ] Safepoint "Cleanup", Time since last: 7000557960 ns, Reaching safepoint: 51450 ns, Cleanup: 23026 ns, At safepoint: 8836 ns, Total: 83312 ns
[2025-10-16T10:38:14.106+0000][7][safepoint   ] Safepoint "Cleanup", Time since last: 3000243741 ns, Reaching safepoint: 11662 ns, Cleanup: 8320 ns, At safepoint: 7314 ns, Total: 27296 ns
[2025-10-16T10:38:24.120+0000][7][safepoint   ] Safepoint "Cleanup", Time since last: 10014250477 ns, Reaching safepoint: 72585 ns, Cleanup: 7058 ns, At safepoint: 6367 ns, Total: 86010 ns
[2025-10-16T10:38:28.118+0000][7][gc,start    ] GC(38) Pause Young (Concurrent Start) (G1 Evacuation Pause)
[2025-10-16T10:38:28.118+0000][7][gc,task     ] GC(38) Using 8 workers of 8 for evacuation
[2025-10-16T10:38:28.118+0000][7][gc,age      ] GC(38) Desired survivor size 121634816 bytes, new threshold 15 (max threshold 15)
[2025-10-16T10:38:28.121+0000][7][gc,phases   ] GC(38)   Pre Evacuate Collection Set: 0.16ms
[2025-10-16T10:38:28.121+0000][7][gc,phases   ] GC(38)   Merge Heap Roots: 0.07ms
[2025-10-16T10:38:28.121+0000][7][gc,phases   ] GC(38)   Evacuate Collection Set: 1.40ms
[2025-10-16T10:38:28.121+0000][7][gc,phases   ] GC(38)   Post Evacuate Collection Set: 0.98ms
[2025-10-16T10:38:28.121+0000][7][gc,phases   ] GC(38)   Other: 0.10ms
[2025-10-16T10:38:28.121+0000][7][gc,age      ] GC(38) Age table with threshold 15 (max threshold 15)
[2025-10-16T10:38:28.121+0000][7][gc,age      ] GC(38) - age   1:    1201104 bytes,    1201104 total
[2025-10-16T10:38:28.121+0000][7][gc,age      ] GC(38) - age   2:      71224 bytes,    1272328 total
[2025-10-16T10:38:28.121+0000][7][gc,age      ] GC(38) - age   3:      42944 bytes,    1315272 total
[2025-10-16T10:38:28.121+0000][7][gc,age      ] GC(38) - age   4:      21320 bytes,    1336592 total
[2025-10-16T10:38:28.121+0000][7][gc,age      ] GC(38) - age   5:      61616 bytes,    1398208 total
[2025-10-16T10:38:28.121+0000][7][gc,age      ] GC(38) - age   6:     463448 bytes,    1861656 total
[2025-10-16T10:38:28.121+0000][7][gc,age      ] GC(38) - age   7:      13936 bytes,    1875592 total
[2025-10-16T10:38:28.121+0000][7][gc,age      ] GC(38) - age   8:     573296 bytes,    2448888 total
[2025-10-16T10:38:28.121+0000][7][gc,age      ] GC(38) - age   9:      49704 bytes,    2498592 total
[2025-10-16T10:38:28.121+0000][7][gc,age      ] GC(38) - age  10:     121344 bytes,    2619936 total
[2025-10-16T10:38:28.121+0000][7][gc,age      ] GC(38) - age  11:      47088 bytes,    2667024 total
[2025-10-16T10:38:28.121+0000][7][gc,age      ] GC(38) - age  12:      70088 bytes,    2737112 total
[2025-10-16T10:38:28.121+0000][7][gc,age      ] GC(38) - age  13:      63544 bytes,    2800656 total
[2025-10-16T10:38:28.121+0000][7][gc,age      ] GC(38) - age  14:      98584 bytes,    2899240 total
[2025-10-16T10:38:28.121+0000][7][gc,age      ] GC(38) - age  15:     203800 bytes,    3103040 total
[2025-10-16T10:38:28.121+0000][7][gc,heap     ] GC(38) Eden regions: 458->0(459)
[2025-10-16T10:38:28.121+0000][7][gc,heap     ] GC(38) Survivor regions: 2->1(58)
[2025-10-16T10:38:28.121+0000][7][gc,heap     ] GC(38) Old regions: 23->23
[2025-10-16T10:38:28.121+0000][7][gc,heap     ] GC(38) Humongous regions: 2->2
[2025-10-16T10:38:28.121+0000][7][gc,metaspace] GC(38) Metaspace: 111869K(116480K)->111869K(116480K) NonClass: 96855K(99712K)->96855K(99712K) Class: 15013K(16768K)->15013K(16768K)
[2025-10-16T10:38:28.121+0000][7][gc          ] GC(38) Pause Young (Concurrent Start) (G1 Evacuation Pause) 1936M->102M(3072M) 2.853ms
[2025-10-16T10:38:28.121+0000][7][gc          ] GC(39) Concurrent Mark Cycle
[2025-10-16T10:38:28.121+0000][7][gc,cpu      ] GC(38) User=0.01s Sys=0.00s Real=0.01s
[2025-10-16T10:38:28.121+0000][7][gc,marking  ] GC(39) Concurrent Scan Root Regions
[2025-10-16T10:38:28.121+0000][7][safepoint   ] Safepoint "G1CollectForAllocation", Time since last: 3997605428 ns, Reaching safepoint: 8473 ns, Cleanup: 2415 ns, At safepoint: 2906976 ns, Total: 2917864 ns
[2025-10-16T10:38:28.122+0000][7][gc,marking  ] GC(39) Concurrent Scan Root Regions 1.473ms
[2025-10-16T10:38:28.122+0000][7][gc,marking  ] GC(39) Concurrent Mark
[2025-10-16T10:38:28.122+0000][7][gc,marking  ] GC(39) Concurrent Mark From Roots
[2025-10-16T10:38:28.122+0000][7][gc,task     ] GC(39) Using 2 workers of 2 for marking
[2025-10-16T10:38:28.172+0000][7][gc,marking  ] GC(39) Concurrent Mark From Roots 49.867ms
[2025-10-16T10:38:28.172+0000][7][gc,marking  ] GC(39) Concurrent Preclean
[2025-10-16T10:38:28.172+0000][7][gc,marking  ] GC(39) Concurrent Preclean 0.375ms
[2025-10-16T10:38:28.172+0000][7][gc,start    ] GC(39) Pause Remark
[2025-10-16T10:38:28.179+0000][7][gc          ] GC(39) Pause Remark 121M->121M(3072M) 6.484ms
[2025-10-16T10:38:28.179+0000][7][gc,cpu      ] GC(39) User=0.02s Sys=0.00s Real=0.00s
[2025-10-16T10:38:28.179+0000][7][safepoint   ] Safepoint "G1PauseRemark", Time since last: 51809270 ns, Reaching safepoint: 9379 ns, Cleanup: 2765 ns, At safepoint: 6533893 ns, Total: 6546037 ns
[2025-10-16T10:38:28.179+0000][7][gc,marking  ] GC(39) Concurrent Mark 56.881ms
[2025-10-16T10:38:28.179+0000][7][gc,marking  ] GC(39) Concurrent Rebuild Remembered Sets and Scrub Regions
[2025-10-16T10:38:28.196+0000][7][gc,marking  ] GC(39) Concurrent Rebuild Remembered Sets and Scrub Regions 16.881ms
[2025-10-16T10:38:28.196+0000][7][gc,start    ] GC(39) Pause Cleanup
[2025-10-16T10:38:28.196+0000][7][gc          ] GC(39) Pause Cleanup 121M->121M(3072M) 0.069ms
[2025-10-16T10:38:28.196+0000][7][gc,cpu      ] GC(39) User=0.00s Sys=0.00s Real=0.00s
[2025-10-16T10:38:28.196+0000][7][safepoint   ] Safepoint "G1PauseCleanup", Time since last: 16946525 ns, Reaching safepoint: 7355 ns, Cleanup: 8780 ns, At safepoint: 99214 ns, Total: 115349 ns
[2025-10-16T10:38:28.196+0000][7][gc,marking  ] GC(39) Concurrent Clear Claimed Marks
[2025-10-16T10:38:28.196+0000][7][gc,marking  ] GC(39) Concurrent Clear Claimed Marks 0.092ms
[2025-10-16T10:38:28.196+0000][7][gc,marking  ] GC(39) Concurrent Cleanup for Next Mark
[2025-10-16T10:38:28.199+0000][7][gc,marking  ] GC(39) Concurrent Cleanup for Next Mark 2.323ms
[2025-10-16T10:38:28.199+0000][7][gc          ] GC(39) Concurrent Mark Cycle 77.941ms
[2025-10-16T10:38:46.197+0000][7][safepoint   ] Safepoint "Cleanup", Time since last: 18001064916 ns, Reaching safepoint: 8710 ns, Cleanup: 7796 ns, At safepoint: 4539 ns, Total: 21045 ns
[2025-10-16T10:38:52.198+0000][7][safepoint   ] Safepoint "Cleanup", Time since last: 6000379017 ns, Reaching safepoint: 7981 ns, Cleanup: 9748 ns, At safepoint: 4698 ns, Total: 22427 ns
[2025-10-16T10:38:53.198+0000][7][safepoint   ] Safepoint "Cleanup", Time since last: 1000084179 ns, Reaching safepoint: 19666 ns, Cleanup: 8198 ns, At safepoint: 5271 ns, Total: 33135 ns
[2025-10-16T10:39:20.138+0000][7][safepoint   ] Safepoint "Cleanup", Time since last: 26940424213 ns, Reaching safepoint: 57552 ns, Cleanup: 186090 ns, At safepoint: 4793 ns, Total: 248435 ns
[2025-10-16T10:39:24.139+0000][7][safepoint   ] Safepoint "Cleanup", Time since last: 4000287622 ns, Reaching safepoint: 187438 ns, Cleanup: 56012 ns, At safepoint: 169905 ns, Total: 413355 ns
[2025-10-16T10:39:37.140+0000][7][safepoint   ] Safepoint "Cleanup", Time since last: 13001056555 ns, Reaching safepoint: 20636 ns, Cleanup: 18661 ns, At safepoint: 12227 ns, Total: 51524 ns
[2025-10-16T10:39:46.141+0000][7][safepoint   ] Safepoint "Cleanup", Time since last: 9000513957 ns, Reaching safepoint: 8310 ns, Cleanup: 8251 ns, At safepoint: 5087 ns, Total: 21648 ns
[2025-10-16T10:39:55.141+0000][7][safepoint   ] Safepoint "Cleanup", Time since last: 9000701528 ns, Reaching safepoint: 7996 ns, Cleanup: 11760 ns, At safepoint: 13559 ns, Total: 33315 ns
[2025-10-16T10:40:02.589+0000][7][gc,start    ] GC(40) Pause Young (Prepare Mixed) (G1 Evacuation Pause)
[2025-10-16T10:40:02.589+0000][7][gc,task     ] GC(40) Using 8 workers of 8 for evacuation
[2025-10-16T10:40:02.589+0000][7][gc,age      ] GC(40) Desired survivor size 121634816 bytes, new threshold 15 (max threshold 15)
[2025-10-16T10:40:02.591+0000][7][gc,phases   ] GC(40)   Pre Evacuate Collection Set: 0.14ms
[2025-10-16T10:40:02.591+0000][7][gc,phases   ] GC(40)   Merge Heap Roots: 0.08ms
[2025-10-16T10:40:02.591+0000][7][gc,phases   ] GC(40)   Evacuate Collection Set: 1.70ms
[2025-10-16T10:40:02.591+0000][7][gc,phases   ] GC(40)   Post Evacuate Collection Set: 0.40ms
[2025-10-16T10:40:02.591+0000][7][gc,phases   ] GC(40)   Other: 0.06ms
[2025-10-16T10:40:02.591+0000][7][gc,age      ] GC(40) Age table with threshold 15 (max threshold 15)
[2025-10-16T10:40:02.591+0000][7][gc,age      ] GC(40) - age   1:    1893544 bytes,    1893544 total
[2025-10-16T10:40:02.591+0000][7][gc,age      ] GC(40) - age   2:      26048 bytes,    1919592 total
[2025-10-16T10:40:02.591+0000][7][gc,age      ] GC(40) - age   3:      67336 bytes,    1986928 total
[2025-10-16T10:40:02.591+0000][7][gc,age      ] GC(40) - age   4:      41536 bytes,    2028464 total
[2025-10-16T10:40:02.591+0000][7][gc,age      ] GC(40) - age   5:      20992 bytes,    2049456 total
[2025-10-16T10:40:02.591+0000][7][gc,age      ] GC(40) - age   6:      61616 bytes,    2111072 total
[2025-10-16T10:40:02.591+0000][7][gc,age      ] GC(40) - age   7:     463448 bytes,    2574520 total
[2025-10-16T10:40:02.591+0000][7][gc,age      ] GC(40) - age   8:      13936 bytes,    2588456 total
[2025-10-16T10:40:02.591+0000][7][gc,age      ] GC(40) - age   9:     573296 bytes,    3161752 total
[2025-10-16T10:40:02.591+0000][7][gc,age      ] GC(40) - age  10:      49704 bytes,    3211456 total
[2025-10-16T10:40:02.591+0000][7][gc,age      ] GC(40) - age  11:     121256 bytes,    3332712 total
[2025-10-16T10:40:02.591+0000][7][gc,age      ] GC(40) - age  12:      47088 bytes,    3379800 total
[2025-10-16T10:40:02.591+0000][7][gc,age      ] GC(40) - age  13:      70088 bytes,    3449888 total
[2025-10-16T10:40:02.591+0000][7][gc,age      ] GC(40) - age  14:      63544 bytes,    3513432 total
[2025-10-16T10:40:02.591+0000][7][gc,age      ] GC(40) - age  15:      98584 bytes,    3612016 total
[2025-10-16T10:40:02.591+0000][7][gc,heap     ] GC(40) Eden regions: 459->0(459)
[2025-10-16T10:40:02.591+0000][7][gc,heap     ] GC(40) Survivor regions: 1->1(58)
[2025-10-16T10:40:02.591+0000][7][gc,heap     ] GC(40) Old regions: 23->23
[2025-10-16T10:40:02.591+0000][7][gc,heap     ] GC(40) Humongous regions: 2->2
[2025-10-16T10:40:02.591+0000][7][gc,metaspace] GC(40) Metaspace: 111885K(116480K)->111885K(116480K) NonClass: 96871K(99712K)->96871K(99712K) Class: 15013K(16768K)->15013K(16768K)
[2025-10-16T10:40:02.591+0000][7][gc          ] GC(40) Pause Young (Prepare Mixed) (G1 Evacuation Pause) 1938M->103M(3072M) 2.513ms
[2025-10-16T10:40:02.591+0000][7][gc,cpu      ] GC(40) User=0.01s Sys=0.00s Real=0.01s
[2025-10-16T10:40:02.591+0000][7][safepoint   ] Safepoint "G1CollectForAllocation", Time since last: 7447500017 ns, Reaching safepoint: 15853 ns, Cleanup: 3217 ns, At safepoint: 2557218 ns, Total: 2576288 ns
[2025-10-16T10:40:15.592+0000][7][safepoint   ] Safepoint "Cleanup", Time since last: 13000780380 ns, Reaching safepoint: 20151 ns, Cleanup: 7712 ns, At safepoint: 4666 ns, Total: 32529 ns
[2025-10-16T10:40:41.158+0000][7][safepoint   ] Safepoint "Cleanup", Time since last: 25566124195 ns, Reaching safepoint: 30774 ns, Cleanup: 6145 ns, At safepoint: 5991 ns, Total: 42910 ns
[2025-10-16T10:41:06.161+0000][7][safepoint   ] Safepoint "Cleanup", Time since last: 25002506016 ns, Reaching safepoint: 18191 ns, Cleanup: 6659 ns, At safepoint: 3524 ns, Total: 28374 ns
[2025-10-16T10:41:12.162+0000][7][safepoint   ] Safepoint "Cleanup", Time since last: 6000473286 ns, Reaching safepoint: 19036 ns, Cleanup: 8066 ns, At safepoint: 4958 ns, Total: 32060 ns
[2025-10-16T10:42:30.168+0000][7][safepoint   ] Safepoint "Cleanup", Time since last: 78006833036 ns, Reaching safepoint: 18636 ns, Cleanup: 7041 ns, At safepoint: 4890 ns, Total: 30567 ns
[2025-10-16T10:43:12.171+0000][7][safepoint   ] Safepoint "Cleanup", Time since last: 42002999469 ns, Reaching safepoint: 27675 ns, Cleanup: 8540 ns, At safepoint: 25180 ns, Total: 61395 ns
[2025-10-16T10:43:41.174+0000][7][safepoint   ] Safepoint "Cleanup", Time since last: 29002060162 ns, Reaching safepoint: 48908 ns, Cleanup: 8603 ns, At safepoint: 20608 ns, Total: 78119 ns
[2025-10-16T10:50:38.334+0000][7][safepoint   ] Safepoint "Cleanup", Time since last: 417160535212 ns, Reaching safepoint: 21531 ns, Cleanup: 8157 ns, At safepoint: 5736 ns, Total: 35424 ns
[2025-10-16T10:55:21.439+0000][7][safepoint   ] Safepoint "Cleanup", Time since last: 283105045651 ns, Reaching safepoint: 20160 ns, Cleanup: 6774 ns, At safepoint: 5114 ns, Total: 32048 ns
[2025-10-16T10:57:12.463+0000][7][safepoint   ] Safepoint "Cleanup", Time since last: 111024040327 ns, Reaching safepoint: 8435 ns, Cleanup: 7971 ns, At safepoint: 5262 ns, Total: 21668 ns
[2025-10-16T10:58:16.484+0000][7][safepoint   ] Safepoint "Cleanup", Time since last: 64020243373 ns, Reaching safepoint: 19566 ns, Cleanup: 8155 ns, At safepoint: 5973 ns, Total: 33694 ns
[2025-10-16T11:01:09.544+0000][7][safepoint   ] Safepoint "Cleanup", Time since last: 173060069184 ns, Reaching safepoint: 7632 ns, Cleanup: 6844 ns, At safepoint: 5015 ns, Total: 19491 ns
[2025-10-16T11:01:31.564+0000][7][safepoint   ] Safepoint "Cleanup", Time since last: 22020121476 ns, Reaching safepoint: 7807 ns, Cleanup: 10387 ns, At safepoint: 3528 ns, Total: 21722 ns
[2025-10-16T11:01:32.564+0000][7][safepoint   ] Safepoint "Cleanup", Time since last: 1000116926 ns, Reaching safepoint: 7663 ns, Cleanup: 7554 ns, At safepoint: 4673 ns, Total: 19890 ns
[2025-10-16T11:02:25.956+0000][7][gc,start    ] GC(41) Pause Young (Mixed) (G1 Evacuation Pause)
[2025-10-16T11:02:25.956+0000][7][gc,task     ] GC(41) Using 8 workers of 8 for evacuation
[2025-10-16T11:02:25.956+0000][7][gc,age      ] GC(41) Desired survivor size 121634816 bytes, new threshold 15 (max threshold 15)
[2025-10-16T11:02:25.958+0000][7][gc,phases   ] GC(41)   Pre Evacuate Collection Set: 0.23ms
[2025-10-16T11:02:25.958+0000][7][gc,phases   ] GC(41)   Merge Heap Roots: 0.08ms
[2025-10-16T11:02:25.958+0000][7][gc,phases   ] GC(41)   Evacuate Collection Set: 1.50ms
[2025-10-16T11:02:25.958+0000][7][gc,phases   ] GC(41)   Post Evacuate Collection Set: 0.44ms
[2025-10-16T11:02:25.958+0000][7][gc,phases   ] GC(41)   Other: 0.06ms
[2025-10-16T11:02:25.958+0000][7][gc,age      ] GC(41) Age table with threshold 15 (max threshold 15)
[2025-10-16T11:02:25.958+0000][7][gc,age      ] GC(41) - age   1:    1462736 bytes,    1462736 total
[2025-10-16T11:02:25.958+0000][7][gc,age      ] GC(41) - age   2:      25568 bytes,    1488304 total
[2025-10-16T11:02:25.958+0000][7][gc,age      ] GC(41) - age   3:      23680 bytes,    1511984 total
[2025-10-16T11:02:25.958+0000][7][gc,age      ] GC(41) - age   4:      65456 bytes,    1577440 total
[2025-10-16T11:02:25.958+0000][7][gc,age      ] GC(41) - age   5:      35696 bytes,    1613136 total
[2025-10-16T11:02:25.958+0000][7][gc,age      ] GC(41) - age   6:      20992 bytes,    1634128 total
[2025-10-16T11:02:25.958+0000][7][gc,age      ] GC(41) - age   7:      60584 bytes,    1694712 total
[2025-10-16T11:02:25.958+0000][7][gc,age      ] GC(41) - age   8:     461448 bytes,    2156160 total
[2025-10-16T11:02:25.958+0000][7][gc,age      ] GC(41) - age   9:      13936 bytes,    2170096 total
[2025-10-16T11:02:25.958+0000][7][gc,age      ] GC(41) - age  10:     572912 bytes,    2743008 total
[2025-10-16T11:02:25.958+0000][7][gc,age      ] GC(41) - age  11:      49704 bytes,    2792712 total
[2025-10-16T11:02:25.958+0000][7][gc,age      ] GC(41) - age  12:     121256 bytes,    2913968 total
[2025-10-16T11:02:25.958+0000][7][gc,age      ] GC(41) - age  13:      47088 bytes,    2961056 total
[2025-10-16T11:02:25.958+0000][7][gc,age      ] GC(41) - age  14:      70088 bytes,    3031144 total
[2025-10-16T11:02:25.958+0000][7][gc,age      ] GC(41) - age  15:      63544 bytes,    3094688 total
[2025-10-16T11:02:25.958+0000][7][gc,heap     ] GC(41) Eden regions: 459->0(459)
[2025-10-16T11:02:25.958+0000][7][gc,heap     ] GC(41) Survivor regions: 1->1(58)
[2025-10-16T11:02:25.958+0000][7][gc,heap     ] GC(41) Old regions: 23->23
[2025-10-16T11:02:25.958+0000][7][gc,heap     ] GC(41) Humongous regions: 2->2
[2025-10-16T11:02:25.958+0000][7][gc,metaspace] GC(41) Metaspace: 111922K(116544K)->111922K(116544K) NonClass: 96908K(99776K)->96908K(99776K) Class: 15013K(16768K)->15013K(16768K)
[2025-10-16T11:02:25.958+0000][7][gc          ] GC(41) Pause Young (Mixed) (G1 Evacuation Pause) 1939M->99M(3072M) 2.588ms
[2025-10-16T11:02:25.958+0000][7][gc,cpu      ] GC(41) User=0.02s Sys=0.00s Real=0.00s
[2025-10-16T11:02:25.958+0000][7][safepoint   ] Safepoint "G1CollectForAllocation", Time since last: 53391754619 ns, Reaching safepoint: 7648 ns, Cleanup: 2538 ns, At safepoint: 2799129 ns, Total: 2809315 ns
[2025-10-16T11:03:41.965+0000][7][safepoint   ] Safepoint "Cleanup", Time since last: 76006242329 ns, Reaching safepoint: 19733 ns, Cleanup: 7142 ns, At safepoint: 6093 ns, Total: 32968 ns
[2025-10-16T11:03:43.965+0000][7][safepoint   ] Safepoint "Cleanup", Time since last: 2000149111 ns, Reaching safepoint: 7930 ns, Cleanup: 7847 ns, At safepoint: 6042 ns, Total: 21819 ns
[2025-10-16T11:04:41.627+0000][7][safepoint   ] Safepoint "Cleanup", Time since last: 57661912030 ns, Reaching safepoint: 28427 ns, Cleanup: 6895 ns, At safepoint: 5614 ns, Total: 40936 ns
[2025-10-16T11:04:42.627+0000][7][safepoint   ] Safepoint "Cleanup", Time since last: 1000111666 ns, Reaching safepoint: 7874 ns, Cleanup: 6764 ns, At safepoint: 4237 ns, Total: 18875 ns
[2025-10-16T11:04:49.628+0000][7][safepoint   ] Safepoint "Cleanup", Time since last: 7000742312 ns, Reaching safepoint: 17228 ns, Cleanup: 7639 ns, At safepoint: 5872 ns, Total: 30739 ns
[2025-10-16T11:06:42.665+0000][7][safepoint   ] Safepoint "Cleanup", Time since last: 113037176976 ns, Reaching safepoint: 21084 ns, Cleanup: 8411 ns, At safepoint: 5593 ns, Total: 35088 ns
[2025-10-16T11:07:00.666+0000][7][safepoint   ] Safepoint "Cleanup", Time since last: 18001302761 ns, Reaching safepoint: 20336 ns, Cleanup: 13240 ns, At safepoint: 4740 ns, Total: 38316 ns
[2025-10-16T11:07:53.671+0000][7][safepoint   ] Safepoint "Cleanup", Time since last: 53004588683 ns, Reaching safepoint: 20586 ns, Cleanup: 6787 ns, At safepoint: 4783 ns, Total: 32156 ns
[2025-10-16T11:07:55.671+0000][7][safepoint   ] Safepoint "Cleanup", Time since last: 2000216241 ns, Reaching safepoint: 10566 ns, Cleanup: 8557 ns, At safepoint: 5993 ns, Total: 25116 ns
[2025-10-16T11:07:57.672+0000][7][safepoint   ] Safepoint "Cleanup", Time since last: 2000254398 ns, Reaching safepoint: 21996 ns, Cleanup: 18740 ns, At safepoint: 30286 ns, Total: 71022 ns
[2025-10-16T11:13:42.736+0000][7][safepoint   ] Safepoint "Cleanup", Time since last: 345064057499 ns, Reaching safepoint: 20253 ns, Cleanup: 7030 ns, At safepoint: 5246 ns, Total: 32529 ns
[2025-10-16T11:14:42.741+0000][7][safepoint   ] Safepoint "Cleanup", Time since last: 60005581745 ns, Reaching safepoint: 21027 ns, Cleanup: 6870 ns, At safepoint: 4798 ns, Total: 32695 ns
[2025-10-16T11:15:12.744+0000][7][safepoint   ] Safepoint "Cleanup", Time since last: 30002948777 ns, Reaching safepoint: 20305 ns, Cleanup: 9024 ns, At safepoint: 5462 ns, Total: 34791 ns
[2025-10-16T11:15:40.748+0000][7][safepoint   ] Safepoint "Cleanup", Time since last: 28003581905 ns, Reaching safepoint: 11619 ns, Cleanup: 51563 ns, At safepoint: 5065 ns, Total: 68247 ns
[2025-10-16T11:15:41.700+0000][7][gc,heap,exit] Heap
[2025-10-16T11:15:41.700+0000][7][gc,heap,exit]  garbage-first heap   total reserved 3145728K, committed 3145728K, used 813786K [0x0000000740000000, 0x0000000800000000)
[2025-10-16T11:15:41.700+0000][7][gc,heap,exit]   region size 4096K, 175 young (716800K), 1 survivors (4096K)
[2025-10-16T11:15:41.700+0000][7][gc,heap,exit]  Metaspace       used 112149K, committed 116544K, reserved 1179648K
[2025-10-16T11:15:41.700+0000][7][gc,heap,exit]   class space    used 15046K, committed 16768K, reserved 1048576K
