[2026-02-06T11:02:32.717+0000][7][gc,init] CardTable entry size: 512
[2026-02-06T11:02:32.717+0000][7][gc     ] Using G1
[2026-02-06T11:02:33.035+0000][7][gc,init] Version: 22.0.2+9-70 (release)
[2026-02-06T11:02:33.035+0000][7][gc,init] CPUs: 8 total, 8 available
[2026-02-06T11:02:33.035+0000][7][gc,init] Memory: 15822M
[2026-02-06T11:02:33.035+0000][7][gc,init] Large Page Support: Disabled
[2026-02-06T11:02:33.035+0000][7][gc,init] NUMA Support: Disabled
[2026-02-06T11:02:33.035+0000][7][gc,init] Compressed Oops: Enabled (Zero based)
[2026-02-06T11:02:33.035+0000][7][gc,init] Heap Region Size: 4M
[2026-02-06T11:02:33.035+0000][7][gc,init] Heap Min Capacity: 3G
[2026-02-06T11:02:33.035+0000][7][gc,init] Heap Initial Capacity: 3G
[2026-02-06T11:02:33.035+0000][7][gc,init] Heap Max Capacity: 3G
[2026-02-06T11:02:33.035+0000][7][gc,init] Pre-touch: Enabled
[2026-02-06T11:02:33.035+0000][7][gc,init] Parallel Workers: 8
[2026-02-06T11:02:33.035+0000][7][gc,init] Concurrent Workers: 2
[2026-02-06T11:02:33.035+0000][7][gc,init] Concurrent Refinement Workers: 8
[2026-02-06T11:02:33.035+0000][7][gc,init] Periodic GC: Disabled
[2026-02-06T11:02:33.043+0000][7][gc,metaspace] CDS archive(s) mapped at: [0x00007f1d32000000-0x00007f1d32c78000-0x00007f1d32c78000), size 13074432, SharedBaseAddress: 0x00007f1d32000000, ArchiveRelocationMode: 1.
[2026-02-06T11:02:33.043+0000][7][gc,metaspace] Compressed class space mapped at: 0x00007f1d33000000-0x00007f1d73000000, reserved size: 1073741824
[2026-02-06T11:02:33.043+0000][7][gc,metaspace] Narrow klass base: 0x00007f1d32000000, Narrow klass shift: 0, Narrow klass range: 0x100000000
[2026-02-06T11:02:33.351+0000][7][safepoint   ] Safepoint "ICBufferFull", Time since last: 303521848 ns, Reaching safepoint: 66382 ns, Cleanup: 55667 ns, At safepoint: 4020 ns, Total: 126069 ns
[2026-02-06T11:02:33.701+0000][7][safepoint   ] Safepoint "ICBufferFull", Time since last: 349949209 ns, Reaching safepoint: 3407 ns, Cleanup: 54506 ns, At safepoint: 4025 ns, Total: 61938 ns
[2026-02-06T11:02:34.162+0000][7][safepoint   ] Safepoint "ICBufferFull", Time since last: 461005897 ns, Reaching safepoint: 2638 ns, Cleanup: 62098 ns, At safepoint: 3267 ns, Total: 68003 ns
[2026-02-06T11:02:34.663+0000][7][gc,start    ] GC(0) Pause Young (Normal) (G1 Evacuation Pause)
[2026-02-06T11:02:34.663+0000][7][gc,task     ] GC(0) Using 8 workers of 8 for evacuation
[2026-02-06T11:02:34.663+0000][7][gc,age      ] GC(0) Desired survivor size 10485760 bytes, new threshold 15 (max threshold 15)
[2026-02-06T11:02:34.669+0000][7][gc,phases   ] GC(0)   Pre Evacuate Collection Set: 0.18ms
[2026-02-06T11:02:34.669+0000][7][gc,phases   ] GC(0)   Merge Heap Roots: 0.06ms
[2026-02-06T11:02:34.669+0000][7][gc,phases   ] GC(0)   Evacuate Collection Set: 4.39ms
[2026-02-06T11:02:34.669+0000][7][gc,phases   ] GC(0)   Post Evacuate Collection Set: 1.19ms
[2026-02-06T11:02:34.669+0000][7][gc,phases   ] GC(0)   Other: 0.06ms
[2026-02-06T11:02:34.669+0000][7][gc,age      ] GC(0) Age table with threshold 15 (max threshold 15)
[2026-02-06T11:02:34.669+0000][7][gc,age      ] GC(0) - age   1:    8792800 bytes,    8792800 total
[2026-02-06T11:02:34.669+0000][7][gc,heap     ] GC(0) Eden regions: 38->0(37)
[2026-02-06T11:02:34.669+0000][7][gc,heap     ] GC(0) Survivor regions: 0->3(5)
[2026-02-06T11:02:34.669+0000][7][gc,heap     ] GC(0) Old regions: 1->1
[2026-02-06T11:02:34.669+0000][7][gc,heap     ] GC(0) Humongous regions: 0->0
[2026-02-06T11:02:34.669+0000][7][gc,metaspace] GC(0) Metaspace: 16636K(17024K)->16636K(17024K) NonClass: 14689K(14912K)->14689K(14912K) Class: 1946K(2112K)->1946K(2112K)
[2026-02-06T11:02:34.669+0000][7][gc          ] GC(0) Pause Young (Normal) (G1 Evacuation Pause) 153M->9M(3072M) 6.122ms
[2026-02-06T11:02:34.669+0000][7][gc,cpu      ] GC(0) User=0.03s Sys=0.01s Real=0.01s
[2026-02-06T11:02:34.669+0000][7][safepoint   ] Safepoint "G1CollectForAllocation", Time since last: 501103726 ns, Reaching safepoint: 89723 ns, Cleanup: 67383 ns, At safepoint: 6154552 ns, Total: 6311658 ns
[2026-02-06T11:02:35.212+0000][7][gc,start    ] GC(1) Pause Young (Normal) (G1 Evacuation Pause)
[2026-02-06T11:02:35.212+0000][7][gc,task     ] GC(1) Using 8 workers of 8 for evacuation
[2026-02-06T11:02:35.212+0000][7][gc,age      ] GC(1) Desired survivor size 10485760 bytes, new threshold 15 (max threshold 15)
[2026-02-06T11:02:35.224+0000][7][gc,phases   ] GC(1)   Pre Evacuate Collection Set: 0.20ms
[2026-02-06T11:02:35.224+0000][7][gc,phases   ] GC(1)   Merge Heap Roots: 0.06ms
[2026-02-06T11:02:35.224+0000][7][gc,phases   ] GC(1)   Evacuate Collection Set: 9.41ms
[2026-02-06T11:02:35.224+0000][7][gc,phases   ] GC(1)   Post Evacuate Collection Set: 1.42ms
[2026-02-06T11:02:35.224+0000][7][gc,phases   ] GC(1)   Other: 0.06ms
[2026-02-06T11:02:35.224+0000][7][gc,age      ] GC(1) Age table with threshold 15 (max threshold 15)
[2026-02-06T11:02:35.224+0000][7][gc,age      ] GC(1) - age   1:    4298904 bytes,    4298904 total
[2026-02-06T11:02:35.224+0000][7][gc,age      ] GC(1) - age   2:    8088640 bytes,   12387544 total
[2026-02-06T11:02:35.224+0000][7][gc,heap     ] GC(1) Eden regions: 37->0(39)
[2026-02-06T11:02:35.224+0000][7][gc,heap     ] GC(1) Survivor regions: 3->4(5)
[2026-02-06T11:02:35.224+0000][7][gc,heap     ] GC(1) Old regions: 1->1
[2026-02-06T11:02:35.224+0000][7][gc,heap     ] GC(1) Humongous regions: 0->0
[2026-02-06T11:02:35.224+0000][7][gc,metaspace] GC(1) Metaspace: 18602K(19072K)->18602K(19072K) NonClass: 16383K(16640K)->16383K(16640K) Class: 2218K(2432K)->2218K(2432K)
[2026-02-06T11:02:35.224+0000][7][gc          ] GC(1) Pause Young (Normal) (G1 Evacuation Pause) 157M->13M(3072M) 11.935ms
[2026-02-06T11:02:35.224+0000][7][gc,cpu      ] GC(1) User=0.05s Sys=0.00s Real=0.01s
[2026-02-06T11:02:35.224+0000][7][safepoint   ] Safepoint "G1CollectForAllocation", Time since last: 542441677 ns, Reaching safepoint: 7847 ns, Cleanup: 173347 ns, At safepoint: 11978628 ns, Total: 12159822 ns
[2026-02-06T11:02:35.626+0000][7][gc,start    ] GC(2) Pause Young (Normal) (G1 Evacuation Pause)
[2026-02-06T11:02:35.626+0000][7][gc,task     ] GC(2) Using 8 workers of 8 for evacuation
[2026-02-06T11:02:35.626+0000][7][gc,age      ] GC(2) Desired survivor size 12582912 bytes, new threshold 15 (max threshold 15)
[2026-02-06T11:02:35.634+0000][7][gc,phases   ] GC(2)   Pre Evacuate Collection Set: 0.20ms
[2026-02-06T11:02:35.634+0000][7][gc,phases   ] GC(2)   Merge Heap Roots: 0.03ms
[2026-02-06T11:02:35.634+0000][7][gc,phases   ] GC(2)   Evacuate Collection Set: 6.66ms
[2026-02-06T11:02:35.634+0000][7][gc,phases   ] GC(2)   Post Evacuate Collection Set: 0.96ms
[2026-02-06T11:02:35.634+0000][7][gc,phases   ] GC(2)   Other: 0.07ms
[2026-02-06T11:02:35.634+0000][7][gc,age      ] GC(2) Age table with threshold 15 (max threshold 15)
[2026-02-06T11:02:35.634+0000][7][gc,age      ] GC(2) - age   1:    2518728 bytes,    2518728 total
[2026-02-06T11:02:35.634+0000][7][gc,age      ] GC(2) - age   2:    3247808 bytes,    5766536 total
[2026-02-06T11:02:35.634+0000][7][gc,age      ] GC(2) - age   3:    8083960 bytes,   13850496 total
[2026-02-06T11:02:35.634+0000][7][gc,heap     ] GC(2) Eden regions: 39->0(456)
[2026-02-06T11:02:35.634+0000][7][gc,heap     ] GC(2) Survivor regions: 4->4(6)
[2026-02-06T11:02:35.634+0000][7][gc,heap     ] GC(2) Old regions: 1->1
[2026-02-06T11:02:35.634+0000][7][gc,heap     ] GC(2) Humongous regions: 0->0
[2026-02-06T11:02:35.634+0000][7][gc,metaspace] GC(2) Metaspace: 19291K(19776K)->19291K(19776K) NonClass: 16964K(17216K)->16964K(17216K) Class: 2327K(2560K)->2327K(2560K)
[2026-02-06T11:02:35.634+0000][7][gc          ] GC(2) Pause Young (Normal) (G1 Evacuation Pause) 169M->15M(3072M) 8.085ms
[2026-02-06T11:02:35.634+0000][7][gc,cpu      ] GC(2) User=0.04s Sys=0.01s Real=0.01s
[2026-02-06T11:02:35.634+0000][7][safepoint   ] Safepoint "G1CollectForAllocation", Time since last: 402003883 ns, Reaching safepoint: 4306 ns, Cleanup: 33115 ns, At safepoint: 8122291 ns, Total: 8159712 ns
[2026-02-06T11:02:36.559+0000][7][gc,start    ] GC(3) Pause Young (Concurrent Start) (Metadata GC Threshold)
[2026-02-06T11:02:36.559+0000][7][gc,task     ] GC(3) Using 8 workers of 8 for evacuation
[2026-02-06T11:02:36.559+0000][7][gc,age      ] GC(3) Desired survivor size 121634816 bytes, new threshold 15 (max threshold 15)
[2026-02-06T11:02:36.571+0000][7][gc,phases   ] GC(3)   Pre Evacuate Collection Set: 0.30ms
[2026-02-06T11:02:36.571+0000][7][gc,phases   ] GC(3)   Merge Heap Roots: 0.05ms
[2026-02-06T11:02:36.571+0000][7][gc,phases   ] GC(3)   Evacuate Collection Set: 10.17ms
[2026-02-06T11:02:36.571+0000][7][gc,phases   ] GC(3)   Post Evacuate Collection Set: 0.98ms
[2026-02-06T11:02:36.571+0000][7][gc,phases   ] GC(3)   Other: 0.10ms
[2026-02-06T11:02:36.571+0000][7][gc,age      ] GC(3) Age table with threshold 15 (max threshold 15)
[2026-02-06T11:02:36.571+0000][7][gc,age      ] GC(3) - age   1:    3772816 bytes,    3772816 total
[2026-02-06T11:02:36.571+0000][7][gc,age      ] GC(3) - age   2:    2302944 bytes,    6075760 total
[2026-02-06T11:02:36.571+0000][7][gc,age      ] GC(3) - age   3:    3246216 bytes,    9321976 total
[2026-02-06T11:02:36.571+0000][7][gc,age      ] GC(3) - age   4:    8083784 bytes,   17405760 total
[2026-02-06T11:02:36.571+0000][7][gc,heap     ] GC(3) Eden regions: 126->0(455)
[2026-02-06T11:02:36.571+0000][7][gc,heap     ] GC(3) Survivor regions: 4->5(58)
[2026-02-06T11:02:36.571+0000][7][gc,heap     ] GC(3) Old regions: 1->1
[2026-02-06T11:02:36.571+0000][7][gc,heap     ] GC(3) Humongous regions: 0->0
[2026-02-06T11:02:36.571+0000][7][gc,metaspace] GC(3) Metaspace: 21013K(21504K)->21013K(21504K) NonClass: 18446K(18752K)->18446K(18752K) Class: 2567K(2752K)->2567K(2752K)
[2026-02-06T11:02:36.571+0000][7][gc          ] GC(3) Pause Young (Concurrent Start) (Metadata GC Threshold) 519M->19M(3072M) 11.768ms
[2026-02-06T11:02:36.571+0000][7][gc,cpu      ] GC(3) User=0.04s Sys=0.00s Real=0.01s
[2026-02-06T11:02:36.571+0000][7][safepoint   ] Safepoint "CollectForMetadataAllocation", Time since last: 925107535 ns, Reaching safepoint: 3556 ns, Cleanup: 70983 ns, At safepoint: 11848570 ns, Total: 11923109 ns
[2026-02-06T11:02:36.571+0000][7][gc          ] GC(4) Concurrent Mark Cycle
[2026-02-06T11:02:36.571+0000][7][gc,marking  ] GC(4) Concurrent Scan Root Regions
[2026-02-06T11:02:36.576+0000][7][gc,marking  ] GC(4) Concurrent Scan Root Regions 4.358ms
[2026-02-06T11:02:36.576+0000][7][gc,marking  ] GC(4) Concurrent Mark
[2026-02-06T11:02:36.576+0000][7][gc,marking  ] GC(4) Concurrent Mark From Roots
[2026-02-06T11:02:36.576+0000][7][gc,task     ] GC(4) Using 2 workers of 2 for marking
[2026-02-06T11:02:36.577+0000][7][gc,marking  ] GC(4) Concurrent Mark From Roots 1.720ms
[2026-02-06T11:02:36.577+0000][7][gc,marking  ] GC(4) Concurrent Preclean
[2026-02-06T11:02:36.577+0000][7][gc,marking  ] GC(4) Concurrent Preclean 0.009ms
[2026-02-06T11:02:36.577+0000][7][gc,start    ] GC(4) Pause Remark
[2026-02-06T11:02:36.581+0000][7][gc          ] GC(4) Pause Remark 23M->23M(3072M) 3.036ms
[2026-02-06T11:02:36.581+0000][7][gc,cpu      ] GC(4) User=0.01s Sys=0.00s Real=0.00s
[2026-02-06T11:02:36.581+0000][7][safepoint   ] Safepoint "G1PauseRemark", Time since last: 6419435 ns, Reaching safepoint: 132369 ns, Cleanup: 7652 ns, At safepoint: 3085416 ns, Total: 3225437 ns
[2026-02-06T11:02:36.581+0000][7][gc,marking  ] GC(4) Concurrent Mark 5.038ms
[2026-02-06T11:02:36.581+0000][7][gc,marking  ] GC(4) Concurrent Rebuild Remembered Sets and Scrub Regions
[2026-02-06T11:02:36.581+0000][7][gc,marking  ] GC(4) Concurrent Rebuild Remembered Sets and Scrub Regions 0.698ms
[2026-02-06T11:02:36.581+0000][7][gc,start    ] GC(4) Pause Cleanup
[2026-02-06T11:02:36.581+0000][7][gc          ] GC(4) Pause Cleanup 23M->23M(3072M) 0.125ms
[2026-02-06T11:02:36.581+0000][7][gc,cpu      ] GC(4) User=0.00s Sys=0.00s Real=0.00s
[2026-02-06T11:02:36.581+0000][7][safepoint   ] Safepoint "G1PauseCleanup", Time since last: 752004 ns, Reaching safepoint: 3445 ns, Cleanup: 1781 ns, At safepoint: 155640 ns, Total: 160866 ns
[2026-02-06T11:02:36.581+0000][7][gc,marking  ] GC(4) Concurrent Clear Claimed Marks
[2026-02-06T11:02:36.582+0000][7][gc,marking  ] GC(4) Concurrent Clear Claimed Marks 0.030ms
[2026-02-06T11:02:36.582+0000][7][gc,marking  ] GC(4) Concurrent Cleanup for Next Mark
[2026-02-06T11:02:36.585+0000][7][gc,marking  ] GC(4) Concurrent Cleanup for Next Mark 3.043ms
[2026-02-06T11:02:36.585+0000][7][gc          ] GC(4) Concurrent Mark Cycle 13.523ms
[2026-02-06T11:02:37.458+0000][7][safepoint   ] Safepoint "ICBufferFull", Time since last: 875944169 ns, Reaching safepoint: 2904 ns, Cleanup: 72423 ns, At safepoint: 4293 ns, Total: 79620 ns
[2026-02-06T11:02:38.164+0000][7][safepoint   ] Safepoint "ICBufferFull", Time since last: 706570667 ns, Reaching safepoint: 3012 ns, Cleanup: 64221 ns, At safepoint: 4447 ns, Total: 71680 ns
[2026-02-06T11:02:39.164+0000][7][safepoint   ] Safepoint "Cleanup", Time since last: 1000160536 ns, Reaching safepoint: 69688 ns, Cleanup: 50046 ns, At safepoint: 7018 ns, Total: 126752 ns
[2026-02-06T11:02:40.081+0000][7][gc,start    ] GC(5) Pause Young (Prepare Mixed) (Metadata GC Threshold)
[2026-02-06T11:02:40.081+0000][7][gc,task     ] GC(5) Using 8 workers of 8 for evacuation
[2026-02-06T11:02:40.081+0000][7][gc,age      ] GC(5) Desired survivor size 121634816 bytes, new threshold 15 (max threshold 15)
[2026-02-06T11:02:40.150+0000][7][gc,phases   ] GC(5)   Pre Evacuate Collection Set: 0.21ms
[2026-02-06T11:02:40.151+0000][7][gc,phases   ] GC(5)   Merge Heap Roots: 0.06ms
[2026-02-06T11:02:40.151+0000][7][gc,phases   ] GC(5)   Evacuate Collection Set: 53.91ms
[2026-02-06T11:02:40.152+0000][7][gc,phases   ] GC(5)   Post Evacuate Collection Set: 14.56ms
[2026-02-06T11:02:40.152+0000][7][gc,phases   ] GC(5)   Other: 0.09ms
[2026-02-06T11:02:40.152+0000][7][gc,age      ] GC(5) Age table with threshold 15 (max threshold 15)
[2026-02-06T11:02:40.153+0000][7][gc,age      ] GC(5) - age   1:   28639520 bytes,   28639520 total
[2026-02-06T11:02:40.153+0000][7][gc,age      ] GC(5) - age   2:    3716424 bytes,   32355944 total
[2026-02-06T11:02:40.153+0000][7][gc,age      ] GC(5) - age   3:    2288640 bytes,   34644584 total
[2026-02-06T11:02:40.153+0000][7][gc,age      ] GC(5) - age   4:    3203656 bytes,   37848240 total
[2026-02-06T11:02:40.153+0000][7][gc,age      ] GC(5) - age   5:    7954656 bytes,   45802896 total
[2026-02-06T11:02:40.154+0000][7][gc,heap     ] GC(5) Eden regions: 169->0(200)
[2026-02-06T11:02:40.154+0000][7][gc,heap     ] GC(5) Survivor regions: 5->12(58)
[2026-02-06T11:02:40.154+0000][7][gc,heap     ] GC(5) Old regions: 1->1
[2026-02-06T11:02:40.154+0000][7][gc,heap     ] GC(5) Humongous regions: 0->0
[2026-02-06T11:02:40.154+0000][7][gc,metaspace] GC(5) Metaspace: 35057K(36096K)->35057K(36096K) NonClass: 30418K(31040K)->30418K(31040K) Class: 4639K(5056K)->4639K(5056K)
[2026-02-06T11:02:40.154+0000][7][gc          ] GC(5) Pause Young (Prepare Mixed) (Metadata GC Threshold) 693M->47M(3072M) 73.182ms
[2026-02-06T11:02:40.155+0000][7][gc,cpu      ] GC(5) User=0.13s Sys=0.00s Real=0.08s
[2026-02-06T11:02:40.157+0000][7][safepoint   ] Safepoint "CollectForMetadataAllocation", Time since last: 916801923 ns, Reaching safepoint: 3442 ns, Cleanup: 34555 ns, At safepoint: 75599884 ns, Total: 75637881 ns
[2026-02-06T11:02:40.229+0000][7][gc,start    ] GC(6) Pause Young (Mixed) (Metadata GC Threshold)
[2026-02-06T11:02:40.230+0000][7][gc,task     ] GC(6) Using 8 workers of 8 for evacuation
[2026-02-06T11:02:40.230+0000][7][gc,age      ] GC(6) Desired survivor size 56623104 bytes, new threshold 15 (max threshold 15)
[2026-02-06T11:02:40.287+0000][7][gc,phases   ] GC(6)   Pre Evacuate Collection Set: 1.86ms
[2026-02-06T11:02:40.287+0000][7][gc,phases   ] GC(6)   Merge Heap Roots: 0.47ms
[2026-02-06T11:02:40.287+0000][7][gc,phases   ] GC(6)   Evacuate Collection Set: 49.01ms
[2026-02-06T11:02:40.287+0000][7][gc,phases   ] GC(6)   Post Evacuate Collection Set: 5.29ms
[2026-02-06T11:02:40.287+0000][7][gc,phases   ] GC(6)   Other: 0.36ms
[2026-02-06T11:02:40.287+0000][7][gc,age      ] GC(6) Age table with threshold 15 (max threshold 15)
[2026-02-06T11:02:40.287+0000][7][gc,age      ] GC(6) - age   1:      61208 bytes,      61208 total
[2026-02-06T11:02:40.287+0000][7][gc,age      ] GC(6) - age   2:   28459968 bytes,   28521176 total
[2026-02-06T11:02:40.287+0000][7][gc,age      ] GC(6) - age   3:    3716392 bytes,   32237568 total
[2026-02-06T11:02:40.287+0000][7][gc,age      ] GC(6) - age   4:    2288640 bytes,   34526208 total
[2026-02-06T11:02:40.287+0000][7][gc,age      ] GC(6) - age   5:    3203656 bytes,   37729864 total
[2026-02-06T11:02:40.287+0000][7][gc,age      ] GC(6) - age   6:    7954656 bytes,   45684520 total
[2026-02-06T11:02:40.287+0000][7][gc,heap     ] GC(6) Eden regions: 2->0(26)
[2026-02-06T11:02:40.287+0000][7][gc,heap     ] GC(6) Survivor regions: 12->12(27)
[2026-02-06T11:02:40.287+0000][7][gc,heap     ] GC(6) Old regions: 1->1
[2026-02-06T11:02:40.287+0000][7][gc,heap     ] GC(6) Humongous regions: 0->0
[2026-02-06T11:02:40.287+0000][7][gc,metaspace] GC(6) Metaspace: 35412K(36416K)->35412K(36416K) NonClass: 30738K(31360K)->30738K(31360K) Class: 4674K(5056K)->4674K(5056K)
[2026-02-06T11:02:40.287+0000][7][gc          ] GC(6) Pause Young (Mixed) (Metadata GC Threshold) 53M->48M(3072M) 57.351ms
[2026-02-06T11:02:40.287+0000][7][gc,cpu      ] GC(6) User=0.10s Sys=0.00s Real=0.06s
[2026-02-06T11:02:40.287+0000][7][safepoint   ] Safepoint "CollectForMetadataAllocation", Time since last: 72521062 ns, Reaching safepoint: 3907 ns, Cleanup: 10670 ns, At safepoint: 57430819 ns, Total: 57445396 ns
[2026-02-06T11:02:40.314+0000][7][gc,start    ] GC(7) Pause Young (Concurrent Start) (Metadata GC Threshold)
[2026-02-06T11:02:40.314+0000][7][gc,task     ] GC(7) Using 8 workers of 8 for evacuation
[2026-02-06T11:02:40.314+0000][7][gc,age      ] GC(7) Desired survivor size 10485760 bytes, new threshold 2 (max threshold 15)
[2026-02-06T11:02:40.339+0000][7][gc,phases   ] GC(7)   Pre Evacuate Collection Set: 0.32ms
[2026-02-06T11:02:40.339+0000][7][gc,phases   ] GC(7)   Merge Heap Roots: 0.05ms
[2026-02-06T11:02:40.339+0000][7][gc,phases   ] GC(7)   Evacuate Collection Set: 23.97ms
[2026-02-06T11:02:40.339+0000][7][gc,phases   ] GC(7)   Post Evacuate Collection Set: 0.73ms
[2026-02-06T11:02:40.339+0000][7][gc,phases   ] GC(7)   Other: 0.09ms
[2026-02-06T11:02:40.339+0000][7][gc,age      ] GC(7) Age table with threshold 2 (max threshold 15)
[2026-02-06T11:02:40.339+0000][7][gc,age      ] GC(7) - age   1:      52152 bytes,      52152 total
[2026-02-06T11:02:40.339+0000][7][gc,age      ] GC(7) - age   2:      37128 bytes,      89280 total
[2026-02-06T11:02:40.339+0000][7][gc,heap     ] GC(7) Eden regions: 1->0(384)
[2026-02-06T11:02:40.339+0000][7][gc,heap     ] GC(7) Survivor regions: 12->2(5)
[2026-02-06T11:02:40.339+0000][7][gc,heap     ] GC(7) Old regions: 1->12
[2026-02-06T11:02:40.339+0000][7][gc,heap     ] GC(7) Humongous regions: 0->0
[2026-02-06T11:02:40.339+0000][7][gc,metaspace] GC(7) Metaspace: 35731K(36736K)->35731K(36736K) NonClass: 31028K(31680K)->31028K(31680K) Class: 4702K(5056K)->4702K(5056K)
[2026-02-06T11:02:40.339+0000][7][gc          ] GC(7) Pause Young (Concurrent Start) (Metadata GC Threshold) 52M->54M(3072M) 25.294ms
[2026-02-06T11:02:40.339+0000][7][gc,cpu      ] GC(7) User=0.09s Sys=0.01s Real=0.02s
[2026-02-06T11:02:40.339+0000][7][gc          ] GC(8) Concurrent Mark Cycle
[2026-02-06T11:02:40.339+0000][7][gc,marking  ] GC(8) Concurrent Scan Root Regions
[2026-02-06T11:02:40.339+0000][7][safepoint   ] Safepoint "CollectForMetadataAllocation", Time since last: 27054235 ns, Reaching safepoint: 2677 ns, Cleanup: 7020 ns, At safepoint: 25352402 ns, Total: 25362099 ns
[2026-02-06T11:02:40.378+0000][7][gc,marking  ] GC(8) Concurrent Scan Root Regions 39.209ms
[2026-02-06T11:02:40.378+0000][7][gc,marking  ] GC(8) Concurrent Mark
[2026-02-06T11:02:40.378+0000][7][gc,marking  ] GC(8) Concurrent Mark From Roots
[2026-02-06T11:02:40.378+0000][7][gc,task     ] GC(8) Using 2 workers of 2 for marking
[2026-02-06T11:02:40.381+0000][7][gc,marking  ] GC(8) Concurrent Mark From Roots 2.312ms
[2026-02-06T11:02:40.381+0000][7][gc,marking  ] GC(8) Concurrent Preclean
[2026-02-06T11:02:40.381+0000][7][gc,marking  ] GC(8) Concurrent Preclean 0.009ms
[2026-02-06T11:02:40.387+0000][7][gc,start    ] GC(8) Pause Remark
[2026-02-06T11:02:40.408+0000][7][gc          ] GC(8) Pause Remark 56M->56M(3072M) 20.531ms
[2026-02-06T11:02:40.408+0000][7][gc,cpu      ] GC(8) User=0.01s Sys=0.00s Real=0.02s
[2026-02-06T11:02:40.408+0000][7][safepoint   ] Safepoint "G1PauseRemark", Time since last: 48106379 ns, Reaching safepoint: 3490 ns, Cleanup: 2587 ns, At safepoint: 20585553 ns, Total: 20591630 ns
[2026-02-06T11:02:40.408+0000][7][gc,marking  ] GC(8) Concurrent Mark 29.502ms
[2026-02-06T11:02:40.408+0000][7][gc,marking  ] GC(8) Concurrent Rebuild Remembered Sets and Scrub Regions
[2026-02-06T11:02:40.433+0000][7][gc,marking  ] GC(8) Concurrent Rebuild Remembered Sets and Scrub Regions 24.696ms
[2026-02-06T11:02:40.433+0000][7][gc,start    ] GC(8) Pause Cleanup
[2026-02-06T11:02:40.433+0000][7][gc          ] GC(8) Pause Cleanup 56M->56M(3072M) 0.149ms
[2026-02-06T11:02:40.433+0000][7][gc,cpu      ] GC(8) User=0.00s Sys=0.00s Real=0.00s
[2026-02-06T11:02:40.433+0000][7][safepoint   ] Safepoint "G1PauseCleanup", Time since last: 24851748 ns, Reaching safepoint: 70417 ns, Cleanup: 23078 ns, At safepoint: 191018 ns, Total: 284513 ns
[2026-02-06T11:02:40.433+0000][7][gc,marking  ] GC(8) Concurrent Clear Claimed Marks
[2026-02-06T11:02:40.433+0000][7][gc,marking  ] GC(8) Concurrent Clear Claimed Marks 0.055ms
[2026-02-06T11:02:40.433+0000][7][gc,marking  ] GC(8) Concurrent Cleanup for Next Mark
[2026-02-06T11:02:40.437+0000][7][gc,marking  ] GC(8) Concurrent Cleanup for Next Mark 3.878ms
[2026-02-06T11:02:40.437+0000][7][gc          ] GC(8) Concurrent Mark Cycle 98.060ms
[2026-02-06T11:02:41.864+0000][7][safepoint   ] Safepoint "Cleanup", Time since last: 1430637382 ns, Reaching safepoint: 598981 ns, Cleanup: 82654 ns, At safepoint: 8636 ns, Total: 690271 ns
[2026-02-06T11:02:42.897+0000][7][safepoint   ] Safepoint "Cleanup", Time since last: 1031951439 ns, Reaching safepoint: 732815 ns, Cleanup: 81100 ns, At safepoint: 8903 ns, Total: 822818 ns
[2026-02-06T11:02:43.897+0000][7][safepoint   ] Safepoint "Cleanup", Time since last: 1000109973 ns, Reaching safepoint: 4008 ns, Cleanup: 47348 ns, At safepoint: 5451 ns, Total: 56807 ns
[2026-02-06T11:02:45.004+0000][7][safepoint   ] Safepoint "Cleanup", Time since last: 1106041587 ns, Reaching safepoint: 71475 ns, Cleanup: 60635 ns, At safepoint: 7913 ns, Total: 140023 ns
[2026-02-06T11:02:45.392+0000][7][gc,start    ] GC(9) Pause Young (Concurrent Start) (Metadata GC Threshold)
[2026-02-06T11:02:45.392+0000][7][gc,task     ] GC(9) Using 8 workers of 8 for evacuation
[2026-02-06T11:02:45.392+0000][7][gc,age      ] GC(9) Desired survivor size 102760448 bytes, new threshold 15 (max threshold 15)
[2026-02-06T11:02:45.410+0000][7][gc,phases   ] GC(9)   Pre Evacuate Collection Set: 0.24ms
[2026-02-06T11:02:45.410+0000][7][gc,phases   ] GC(9)   Merge Heap Roots: 0.18ms
[2026-02-06T11:02:45.410+0000][7][gc,phases   ] GC(9)   Evacuate Collection Set: 14.57ms
[2026-02-06T11:02:45.410+0000][7][gc,phases   ] GC(9)   Post Evacuate Collection Set: 2.35ms
[2026-02-06T11:02:45.410+0000][7][gc,phases   ] GC(9)   Other: 0.09ms
[2026-02-06T11:02:45.410+0000][7][gc,age      ] GC(9) Age table with threshold 15 (max threshold 15)
[2026-02-06T11:02:45.410+0000][7][gc,age      ] GC(9) - age   1:   11663768 bytes,   11663768 total
[2026-02-06T11:02:45.410+0000][7][gc,age      ] GC(9) - age   2:      44696 bytes,   11708464 total
[2026-02-06T11:02:45.410+0000][7][gc,age      ] GC(9) - age   3:      37032 bytes,   11745496 total
[2026-02-06T11:02:45.410+0000][7][gc,heap     ] GC(9) Eden regions: 115->0(363)
[2026-02-06T11:02:45.410+0000][7][gc,heap     ] GC(9) Survivor regions: 2->4(49)
[2026-02-06T11:02:45.410+0000][7][gc,heap     ] GC(9) Old regions: 12->12
[2026-02-06T11:02:45.410+0000][7][gc,heap     ] GC(9) Humongous regions: 0->0
[2026-02-06T11:02:45.410+0000][7][gc,metaspace] GC(9) Metaspace: 60420K(61760K)->60420K(61760K) NonClass: 52212K(52992K)->52212K(52992K) Class: 8207K(8768K)->8207K(8768K)
[2026-02-06T11:02:45.410+0000][7][gc          ] GC(9) Pause Young (Concurrent Start) (Metadata GC Threshold) 512M->59M(3072M) 17.738ms
[2026-02-06T11:02:45.410+0000][7][gc          ] GC(10) Concurrent Mark Cycle
[2026-02-06T11:02:45.410+0000][7][gc,marking  ] GC(10) Concurrent Scan Root Regions
[2026-02-06T11:02:45.410+0000][7][gc,cpu      ] GC(9) User=0.05s Sys=0.00s Real=0.02s
[2026-02-06T11:02:45.410+0000][7][safepoint   ] Safepoint "CollectForMetadataAllocation", Time since last: 388597297 ns, Reaching safepoint: 4232 ns, Cleanup: 45437 ns, At safepoint: 17868046 ns, Total: 17917715 ns
[2026-02-06T11:02:45.434+0000][7][gc,marking  ] GC(10) Concurrent Scan Root Regions 23.991ms
[2026-02-06T11:02:45.434+0000][7][gc,marking  ] GC(10) Concurrent Mark
[2026-02-06T11:02:45.434+0000][7][gc,marking  ] GC(10) Concurrent Mark From Roots
[2026-02-06T11:02:45.434+0000][7][gc,task     ] GC(10) Using 2 workers of 2 for marking
[2026-02-06T11:02:45.445+0000][7][safepoint   ] Safepoint "CollectForMetadataAllocation", Time since last: 34624287 ns, Reaching safepoint: 28628 ns, Cleanup: 14867 ns, At safepoint: 40778 ns, Total: 84273 ns
[2026-02-06T11:02:45.514+0000][7][gc,marking  ] GC(10) Concurrent Mark From Roots 80.069ms
[2026-02-06T11:02:45.514+0000][7][gc,marking  ] GC(10) Concurrent Preclean
[2026-02-06T11:02:45.514+0000][7][gc,marking  ] GC(10) Concurrent Preclean 0.161ms
[2026-02-06T11:02:45.514+0000][7][gc,start    ] GC(10) Pause Remark
[2026-02-06T11:02:45.523+0000][7][gc          ] GC(10) Pause Remark 65M->65M(3072M) 8.601ms
[2026-02-06T11:02:45.523+0000][7][gc,cpu      ] GC(10) User=0.02s Sys=0.00s Real=0.00s
[2026-02-06T11:02:45.523+0000][7][safepoint   ] Safepoint "G1PauseRemark", Time since last: 69572114 ns, Reaching safepoint: 4370 ns, Cleanup: 18070 ns, At safepoint: 8687156 ns, Total: 8709596 ns
[2026-02-06T11:02:45.526+0000][7][gc,marking  ] GC(10) Concurrent Mark 91.694ms
[2026-02-06T11:02:45.526+0000][7][gc,marking  ] GC(10) Concurrent Rebuild Remembered Sets and Scrub Regions
[2026-02-06T11:02:45.569+0000][7][gc,marking  ] GC(10) Concurrent Rebuild Remembered Sets and Scrub Regions 43.547ms
[2026-02-06T11:02:45.570+0000][7][gc,start    ] GC(10) Pause Cleanup
[2026-02-06T11:02:45.570+0000][7][gc          ] GC(10) Pause Cleanup 65M->65M(3072M) 0.331ms
[2026-02-06T11:02:45.570+0000][7][gc,cpu      ] GC(10) User=0.00s Sys=0.00s Real=0.00s
[2026-02-06T11:02:45.571+0000][7][safepoint   ] Safepoint "G1PauseCleanup", Time since last: 46839720 ns, Reaching safepoint: 70706 ns, Cleanup: 14668 ns, At safepoint: 642267 ns, Total: 727641 ns
[2026-02-06T11:02:45.571+0000][7][gc,marking  ] GC(10) Concurrent Clear Claimed Marks
[2026-02-06T11:02:45.571+0000][7][gc,marking  ] GC(10) Concurrent Clear Claimed Marks 0.195ms
[2026-02-06T11:02:45.571+0000][7][gc,marking  ] GC(10) Concurrent Cleanup for Next Mark
[2026-02-06T11:02:45.575+0000][7][gc,marking  ] GC(10) Concurrent Cleanup for Next Mark 3.525ms
[2026-02-06T11:02:45.575+0000][7][gc          ] GC(10) Concurrent Mark Cycle 164.947ms
[2026-02-06T11:02:46.721+0000][7][safepoint   ] Safepoint "Cleanup", Time since last: 1149934867 ns, Reaching safepoint: 3630 ns, Cleanup: 161036 ns, At safepoint: 16277 ns, Total: 180943 ns
[2026-02-06T11:02:47.734+0000][7][safepoint   ] Safepoint "ICBufferFull", Time since last: 1013341987 ns, Reaching safepoint: 5428 ns, Cleanup: 98375 ns, At safepoint: 8091 ns, Total: 111894 ns
[2026-02-06T11:02:48.306+0000][7][safepoint   ] Safepoint "ICBufferFull", Time since last: 571249370 ns, Reaching safepoint: 73531 ns, Cleanup: 91730 ns, At safepoint: 8573 ns, Total: 173834 ns
[2026-02-06T11:02:48.750+0000][7][safepoint   ] Safepoint "ICBufferFull", Time since last: 443935372 ns, Reaching safepoint: 5953 ns, Cleanup: 94501 ns, At safepoint: 6766 ns, Total: 107220 ns
[2026-02-06T11:02:49.233+0000][7][safepoint   ] Safepoint "ICBufferFull", Time since last: 483356372 ns, Reaching safepoint: 7995 ns, Cleanup: 78541 ns, At safepoint: 8319 ns, Total: 94855 ns
[2026-02-06T11:02:49.634+0000][7][safepoint   ] Safepoint "ICBufferFull", Time since last: 400633222 ns, Reaching safepoint: 77376 ns, Cleanup: 122110 ns, At safepoint: 8808 ns, Total: 208294 ns
[2026-02-06T11:02:49.716+0000][7][gc,start    ] GC(11) Pause Young (Prepare Mixed) (Metadata GC Threshold)
[2026-02-06T11:02:49.716+0000][7][gc,task     ] GC(11) Using 8 workers of 8 for evacuation
[2026-02-06T11:02:49.716+0000][7][gc,age      ] GC(11) Desired survivor size 67108864 bytes, new threshold 15 (max threshold 15)
[2026-02-06T11:02:49.758+0000][7][gc,phases   ] GC(11)   Pre Evacuate Collection Set: 0.32ms
[2026-02-06T11:02:49.758+0000][7][gc,phases   ] GC(11)   Merge Heap Roots: 0.18ms
[2026-02-06T11:02:49.758+0000][7][gc,phases   ] GC(11)   Evacuate Collection Set: 36.42ms
[2026-02-06T11:02:49.758+0000][7][gc,phases   ] GC(11)   Post Evacuate Collection Set: 5.19ms
[2026-02-06T11:02:49.758+0000][7][gc,phases   ] GC(11)   Other: 0.08ms
[2026-02-06T11:02:49.758+0000][7][gc,age      ] GC(11) Age table with threshold 15 (max threshold 15)
[2026-02-06T11:02:49.758+0000][7][gc,age      ] GC(11) - age   1:   19496488 bytes,   19496488 total
[2026-02-06T11:02:49.758+0000][7][gc,age      ] GC(11) - age   2:   10927664 bytes,   30424152 total
[2026-02-06T11:02:49.758+0000][7][gc,age      ] GC(11) - age   3:      43968 bytes,   30468120 total
[2026-02-06T11:02:49.758+0000][7][gc,age      ] GC(11) - age   4:      36392 bytes,   30504512 total
[2026-02-06T11:02:49.758+0000][7][gc,heap     ] GC(11) Eden regions: 90->0(243)
[2026-02-06T11:02:49.758+0000][7][gc,heap     ] GC(11) Survivor regions: 4->8(32)
[2026-02-06T11:02:49.758+0000][7][gc,heap     ] GC(11) Old regions: 12->12
[2026-02-06T11:02:49.758+0000][7][gc,heap     ] GC(11) Humongous regions: 2->2
[2026-02-06T11:02:49.758+0000][7][gc,metaspace] GC(11) Metaspace: 100874K(103808K)->100874K(103808K) NonClass: 86324K(87872K)->86324K(87872K) Class: 14549K(15936K)->14549K(15936K)
[2026-02-06T11:02:49.758+0000][7][gc          ] GC(11) Pause Young (Prepare Mixed) (Metadata GC Threshold) 425M->86M(3072M) 42.385ms
[2026-02-06T11:02:49.758+0000][7][gc,cpu      ] GC(11) User=0.08s Sys=0.00s Real=0.04s
[2026-02-06T11:02:49.758+0000][7][safepoint   ] Safepoint "CollectForMetadataAllocation", Time since last: 80835910 ns, Reaching safepoint: 965446 ns, Cleanup: 26779 ns, At safepoint: 42486666 ns, Total: 43478891 ns
[2026-02-06T11:02:49.792+0000][7][gc,start    ] GC(12) Pause Young (Mixed) (Metadata GC Threshold)
[2026-02-06T11:02:49.792+0000][7][gc,task     ] GC(12) Using 8 workers of 8 for evacuation
[2026-02-06T11:02:49.792+0000][7][gc,age      ] GC(12) Desired survivor size 62914560 bytes, new threshold 15 (max threshold 15)
[2026-02-06T11:02:49.817+0000][7][gc,phases   ] GC(12)   Pre Evacuate Collection Set: 0.30ms
[2026-02-06T11:02:49.817+0000][7][gc,phases   ] GC(12)   Merge Heap Roots: 0.25ms
[2026-02-06T11:02:49.817+0000][7][gc,phases   ] GC(12)   Evacuate Collection Set: 23.40ms
[2026-02-06T11:02:49.817+0000][7][gc,phases   ] GC(12)   Post Evacuate Collection Set: 0.89ms
[2026-02-06T11:02:49.817+0000][7][gc,phases   ] GC(12)   Other: 0.36ms
[2026-02-06T11:02:49.817+0000][7][gc,age      ] GC(12) Age table with threshold 15 (max threshold 15)
[2026-02-06T11:02:49.817+0000][7][gc,age      ] GC(12) - age   1:     191968 bytes,     191968 total
[2026-02-06T11:02:49.817+0000][7][gc,age      ] GC(12) - age   2:   18983312 bytes,   19175280 total
[2026-02-06T11:02:49.817+0000][7][gc,age      ] GC(12) - age   3:   10927504 bytes,   30102784 total
[2026-02-06T11:02:49.817+0000][7][gc,age      ] GC(12) - age   4:      43968 bytes,   30146752 total
[2026-02-06T11:02:49.817+0000][7][gc,age      ] GC(12) - age   5:      36392 bytes,   30183144 total
[2026-02-06T11:02:49.817+0000][7][gc,heap     ] GC(12) Eden regions: 4->0(289)
[2026-02-06T11:02:49.817+0000][7][gc,heap     ] GC(12) Survivor regions: 8->8(30)
[2026-02-06T11:02:49.817+0000][7][gc,heap     ] GC(12) Old regions: 12->12
[2026-02-06T11:02:49.817+0000][7][gc,heap     ] GC(12) Humongous regions: 2->2
[2026-02-06T11:02:49.817+0000][7][gc,metaspace] GC(12) Metaspace: 101191K(104128K)->101191K(104128K) NonClass: 86595K(88192K)->86595K(88192K) Class: 14596K(15936K)->14596K(15936K)
[2026-02-06T11:02:49.817+0000][7][gc          ] GC(12) Pause Young (Mixed) (Metadata GC Threshold) 101M->85M(3072M) 25.537ms
[2026-02-06T11:02:49.817+0000][7][gc,cpu      ] GC(12) User=0.11s Sys=0.00s Real=0.03s
[2026-02-06T11:02:49.817+0000][7][safepoint   ] Safepoint "CollectForMetadataAllocation", Time since last: 33467201 ns, Reaching safepoint: 73722 ns, Cleanup: 14111 ns, At safepoint: 25621924 ns, Total: 25709757 ns
[2026-02-06T11:02:50.666+0000][7][gc,start    ] GC(13) Pause Young (Concurrent Start) (Metadata GC Threshold)
[2026-02-06T11:02:50.667+0000][7][gc,task     ] GC(13) Using 8 workers of 8 for evacuation
[2026-02-06T11:02:50.667+0000][7][gc,age      ] GC(13) Desired survivor size 77594624 bytes, new threshold 15 (max threshold 15)
[2026-02-06T11:02:50.693+0000][7][gc,phases   ] GC(13)   Pre Evacuate Collection Set: 0.28ms
[2026-02-06T11:02:50.693+0000][7][gc,phases   ] GC(13)   Merge Heap Roots: 0.07ms
[2026-02-06T11:02:50.693+0000][7][gc,phases   ] GC(13)   Evacuate Collection Set: 22.66ms
[2026-02-06T11:02:50.693+0000][7][gc,phases   ] GC(13)   Post Evacuate Collection Set: 3.13ms
[2026-02-06T11:02:50.693+0000][7][gc,phases   ] GC(13)   Other: 0.09ms
[2026-02-06T11:02:50.693+0000][7][gc,age      ] GC(13) Age table with threshold 15 (max threshold 15)
[2026-02-06T11:02:50.693+0000][7][gc,age      ] GC(13) - age   1:     154176 bytes,     154176 total
[2026-02-06T11:02:50.693+0000][7][gc,age      ] GC(13) - age   2:      55424 bytes,     209600 total
[2026-02-06T11:02:50.693+0000][7][gc,age      ] GC(13) - age   3:   18935592 bytes,   19145192 total
[2026-02-06T11:02:50.693+0000][7][gc,age      ] GC(13) - age   4:   10927504 bytes,   30072696 total
[2026-02-06T11:02:50.693+0000][7][gc,age      ] GC(13) - age   5:      43968 bytes,   30116664 total
[2026-02-06T11:02:50.693+0000][7][gc,age      ] GC(13) - age   6:      36392 bytes,   30153056 total
[2026-02-06T11:02:50.693+0000][7][gc,heap     ] GC(13) Eden regions: 10->0(452)
[2026-02-06T11:02:50.693+0000][7][gc,heap     ] GC(13) Survivor regions: 8->8(37)
[2026-02-06T11:02:50.693+0000][7][gc,heap     ] GC(13) Old regions: 12->12
[2026-02-06T11:02:50.693+0000][7][gc,heap     ] GC(13) Humongous regions: 2->2
[2026-02-06T11:02:50.693+0000][7][gc,metaspace] GC(13) Metaspace: 101559K(104448K)->101559K(104448K) NonClass: 86916K(88448K)->86916K(88448K) Class: 14643K(16000K)->14643K(16000K)
[2026-02-06T11:02:50.693+0000][7][gc          ] GC(13) Pause Young (Concurrent Start) (Metadata GC Threshold) 123M->86M(3072M) 26.410ms
[2026-02-06T11:02:50.693+0000][7][gc,cpu      ] GC(13) User=0.07s Sys=0.00s Real=0.02s
[2026-02-06T11:02:50.693+0000][7][gc          ] GC(14) Concurrent Mark Cycle
[2026-02-06T11:02:50.693+0000][7][gc,marking  ] GC(14) Concurrent Scan Root Regions
[2026-02-06T11:02:50.693+0000][7][safepoint   ] Safepoint "CollectForMetadataAllocation", Time since last: 848962242 ns, Reaching safepoint: 7130 ns, Cleanup: 45559 ns, At safepoint: 26492801 ns, Total: 26545490 ns
[2026-02-06T11:02:50.707+0000][7][gc,marking  ] GC(14) Concurrent Scan Root Regions 13.896ms
[2026-02-06T11:02:50.707+0000][7][gc,marking  ] GC(14) Concurrent Mark
[2026-02-06T11:02:50.707+0000][7][gc,marking  ] GC(14) Concurrent Mark From Roots
[2026-02-06T11:02:50.707+0000][7][gc,task     ] GC(14) Using 2 workers of 2 for marking
[2026-02-06T11:02:50.720+0000][7][safepoint   ] Safepoint "CollectForMetadataAllocation", Time since last: 27327604 ns, Reaching safepoint: 37334 ns, Cleanup: 2253 ns, At safepoint: 48104 ns, Total: 87691 ns
[2026-02-06T11:02:50.756+0000][7][gc,marking  ] GC(14) Concurrent Mark From Roots 49.172ms
[2026-02-06T11:02:50.756+0000][7][gc,marking  ] GC(14) Concurrent Preclean
[2026-02-06T11:02:50.757+0000][7][gc,marking  ] GC(14) Concurrent Preclean 0.434ms
[2026-02-06T11:02:50.757+0000][7][gc,start    ] GC(14) Pause Remark
[2026-02-06T11:02:50.766+0000][7][gc          ] GC(14) Pause Remark 90M->90M(3072M) 9.285ms
[2026-02-06T11:02:50.767+0000][7][gc,cpu      ] GC(14) User=0.01s Sys=0.00s Real=0.01s
[2026-02-06T11:02:50.767+0000][7][safepoint   ] Safepoint "G1PauseRemark", Time since last: 36791769 ns, Reaching safepoint: 6839 ns, Cleanup: 6822 ns, At safepoint: 9362751 ns, Total: 9376412 ns
[2026-02-06T11:02:50.767+0000][7][gc,marking  ] GC(14) Concurrent Mark 59.703ms
[2026-02-06T11:02:50.767+0000][7][gc,marking  ] GC(14) Concurrent Rebuild Remembered Sets and Scrub Regions
[2026-02-06T11:02:50.786+0000][7][gc,marking  ] GC(14) Concurrent Rebuild Remembered Sets and Scrub Regions 19.571ms
[2026-02-06T11:02:50.787+0000][7][gc,start    ] GC(14) Pause Cleanup
[2026-02-06T11:02:50.787+0000][7][gc          ] GC(14) Pause Cleanup 94M->94M(3072M) 0.184ms
[2026-02-06T11:02:50.787+0000][7][gc,cpu      ] GC(14) User=0.00s Sys=0.00s Real=0.00s
[2026-02-06T11:02:50.787+0000][7][safepoint   ] Safepoint "G1PauseCleanup", Time since last: 20120914 ns, Reaching safepoint: 5986 ns, Cleanup: 5141 ns, At safepoint: 408565 ns, Total: 419692 ns
[2026-02-06T11:02:50.787+0000][7][gc,marking  ] GC(14) Concurrent Clear Claimed Marks
[2026-02-06T11:02:50.787+0000][7][gc,marking  ] GC(14) Concurrent Clear Claimed Marks 0.241ms
[2026-02-06T11:02:50.787+0000][7][gc,marking  ] GC(14) Concurrent Cleanup for Next Mark
[2026-02-06T11:02:50.791+0000][7][gc,marking  ] GC(14) Concurrent Cleanup for Next Mark 3.422ms
[2026-02-06T11:02:50.791+0000][7][gc          ] GC(14) Concurrent Mark Cycle 98.002ms
[2026-02-06T11:02:51.787+0000][7][safepoint   ] Safepoint "Cleanup", Time since last: 1000159132 ns, Reaching safepoint: 6878 ns, Cleanup: 20960 ns, At safepoint: 6200 ns, Total: 34038 ns
[2026-02-06T11:02:52.787+0000][7][safepoint   ] Safepoint "Cleanup", Time since last: 1000105479 ns, Reaching safepoint: 6017 ns, Cleanup: 12027 ns, At safepoint: 3607 ns, Total: 21651 ns
[2026-02-06T11:02:54.306+0000][7][gc,heap,exit] Heap
[2026-02-06T11:02:54.306+0000][7][gc,heap,exit]  garbage-first heap   total reserved 3145728K, committed 3145728K, used 174842K [0x0000000740000000, 0x0000000800000000)
[2026-02-06T11:02:54.307+0000][7][gc,heap,exit]   region size 4096K, 29 young (118784K), 8 survivors (32768K)
[2026-02-06T11:02:54.307+0000][7][gc,heap,exit]  Metaspace       used 103074K, committed 106112K, reserved 1179648K
[2026-02-06T11:02:54.307+0000][7][gc,heap,exit]   class space    used 14890K, committed 16256K, reserved 1048576K
