[2026-02-06T10:17:19.283+0000][8][gc,init] CardTable entry size: 512
[2026-02-06T10:17:19.284+0000][8][gc     ] Using G1
[2026-02-06T10:17:19.935+0000][8][gc,init] Version: 22.0.2+9-70 (release)
[2026-02-06T10:17:19.935+0000][8][gc,init] CPUs: 8 total, 8 available
[2026-02-06T10:17:19.935+0000][8][gc,init] Memory: 15822M
[2026-02-06T10:17:19.935+0000][8][gc,init] Large Page Support: Disabled
[2026-02-06T10:17:19.935+0000][8][gc,init] NUMA Support: Disabled
[2026-02-06T10:17:19.935+0000][8][gc,init] Compressed Oops: Enabled (Zero based)
[2026-02-06T10:17:19.935+0000][8][gc,init] Heap Region Size: 4M
[2026-02-06T10:17:19.935+0000][8][gc,init] Heap Min Capacity: 3G
[2026-02-06T10:17:19.935+0000][8][gc,init] Heap Initial Capacity: 3G
[2026-02-06T10:17:19.935+0000][8][gc,init] Heap Max Capacity: 3G
[2026-02-06T10:17:19.935+0000][8][gc,init] Pre-touch: Enabled
[2026-02-06T10:17:19.935+0000][8][gc,init] Parallel Workers: 8
[2026-02-06T10:17:19.935+0000][8][gc,init] Concurrent Workers: 2
[2026-02-06T10:17:19.935+0000][8][gc,init] Concurrent Refinement Workers: 8
[2026-02-06T10:17:19.935+0000][8][gc,init] Periodic GC: Disabled
[2026-02-06T10:17:19.947+0000][8][gc,metaspace] CDS archive(s) mapped at: [0x00007fc006000000-0x00007fc006c78000-0x00007fc006c78000), size 13074432, SharedBaseAddress: 0x00007fc006000000, ArchiveRelocationMode: 1.
[2026-02-06T10:17:19.947+0000][8][gc,metaspace] Compressed class space mapped at: 0x00007fc007000000-0x00007fc047000000, reserved size: 1073741824
[2026-02-06T10:17:19.947+0000][8][gc,metaspace] Narrow klass base: 0x00007fc006000000, Narrow klass shift: 0, Narrow klass range: 0x100000000
[2026-02-06T10:17:20.600+0000][8][safepoint   ] Safepoint "ICBufferFull", Time since last: 644477210 ns, Reaching safepoint: 3306 ns, Cleanup: 78850 ns, At safepoint: 5774 ns, Total: 87930 ns
[2026-02-06T10:17:21.240+0000][8][safepoint   ] Safepoint "ICBufferFull", Time since last: 639796231 ns, Reaching safepoint: 2471 ns, Cleanup: 63898 ns, At safepoint: 4313 ns, Total: 70682 ns
[2026-02-06T10:17:21.837+0000][8][safepoint   ] Safepoint "ICBufferFull", Time since last: 596926183 ns, Reaching safepoint: 135495 ns, Cleanup: 108276 ns, At safepoint: 7667 ns, Total: 251438 ns
[2026-02-06T10:17:22.659+0000][8][gc,start    ] GC(0) Pause Young (Normal) (G1 Evacuation Pause)
[2026-02-06T10:17:22.661+0000][8][gc,task     ] GC(0) Using 8 workers of 8 for evacuation
[2026-02-06T10:17:22.661+0000][8][gc,age      ] GC(0) Desired survivor size 10485760 bytes, new threshold 15 (max threshold 15)
[2026-02-06T10:17:22.677+0000][8][gc,phases   ] GC(0)   Pre Evacuate Collection Set: 0.21ms
[2026-02-06T10:17:22.677+0000][8][gc,phases   ] GC(0)   Merge Heap Roots: 0.08ms
[2026-02-06T10:17:22.677+0000][8][gc,phases   ] GC(0)   Evacuate Collection Set: 14.93ms
[2026-02-06T10:17:22.677+0000][8][gc,phases   ] GC(0)   Post Evacuate Collection Set: 1.04ms
[2026-02-06T10:17:22.678+0000][8][gc,phases   ] GC(0)   Other: 0.11ms
[2026-02-06T10:17:22.678+0000][8][gc,age      ] GC(0) Age table with threshold 15 (max threshold 15)
[2026-02-06T10:17:22.678+0000][8][gc,age      ] GC(0) - age   1:    8827032 bytes,    8827032 total
[2026-02-06T10:17:22.678+0000][8][gc,heap     ] GC(0) Eden regions: 38->0(35)
[2026-02-06T10:17:22.678+0000][8][gc,heap     ] GC(0) Survivor regions: 0->3(5)
[2026-02-06T10:17:22.678+0000][8][gc,heap     ] GC(0) Old regions: 1->1
[2026-02-06T10:17:22.679+0000][8][gc,heap     ] GC(0) Humongous regions: 0->0
[2026-02-06T10:17:22.679+0000][8][gc,metaspace] GC(0) Metaspace: 16575K(16896K)->16575K(16896K) NonClass: 14635K(14784K)->14635K(14784K) Class: 1940K(2112K)->1940K(2112K)
[2026-02-06T10:17:22.679+0000][8][gc          ] GC(0) Pause Young (Normal) (G1 Evacuation Pause) 153M->9M(3072M) 20.327ms
[2026-02-06T10:17:22.679+0000][8][gc,cpu      ] GC(0) User=0.04s Sys=0.01s Real=0.02s
[2026-02-06T10:17:22.679+0000][8][safepoint   ] Safepoint "G1CollectForAllocation", Time since last: 821080399 ns, Reaching safepoint: 3322 ns, Cleanup: 61537 ns, At safepoint: 20798791 ns, Total: 20863650 ns
[2026-02-06T10:17:23.526+0000][8][gc,start    ] GC(1) Pause Young (Normal) (G1 Evacuation Pause)
[2026-02-06T10:17:23.526+0000][8][gc,task     ] GC(1) Using 8 workers of 8 for evacuation
[2026-02-06T10:17:23.526+0000][8][gc,age      ] GC(1) Desired survivor size 10485760 bytes, new threshold 15 (max threshold 15)
[2026-02-06T10:17:23.539+0000][8][gc,phases   ] GC(1)   Pre Evacuate Collection Set: 0.83ms
[2026-02-06T10:17:23.539+0000][8][gc,phases   ] GC(1)   Merge Heap Roots: 0.05ms
[2026-02-06T10:17:23.539+0000][8][gc,phases   ] GC(1)   Evacuate Collection Set: 11.00ms
[2026-02-06T10:17:23.539+0000][8][gc,phases   ] GC(1)   Post Evacuate Collection Set: 1.10ms
[2026-02-06T10:17:23.539+0000][8][gc,phases   ] GC(1)   Other: 0.07ms
[2026-02-06T10:17:23.539+0000][8][gc,age      ] GC(1) Age table with threshold 15 (max threshold 15)
[2026-02-06T10:17:23.539+0000][8][gc,age      ] GC(1) - age   1:    4662176 bytes,    4662176 total
[2026-02-06T10:17:23.539+0000][8][gc,age      ] GC(1) - age   2:    8075056 bytes,   12737232 total
[2026-02-06T10:17:23.539+0000][8][gc,heap     ] GC(1) Eden regions: 35->0(39)
[2026-02-06T10:17:23.539+0000][8][gc,heap     ] GC(1) Survivor regions: 3->4(5)
[2026-02-06T10:17:23.539+0000][8][gc,heap     ] GC(1) Old regions: 1->1
[2026-02-06T10:17:23.539+0000][8][gc,heap     ] GC(1) Humongous regions: 0->0
[2026-02-06T10:17:23.539+0000][8][gc,metaspace] GC(1) Metaspace: 18437K(18880K)->18437K(18880K) NonClass: 16232K(16448K)->16232K(16448K) Class: 2205K(2432K)->2205K(2432K)
[2026-02-06T10:17:23.539+0000][8][gc          ] GC(1) Pause Young (Normal) (G1 Evacuation Pause) 149M->14M(3072M) 13.241ms
[2026-02-06T10:17:23.539+0000][8][gc,cpu      ] GC(1) User=0.03s Sys=0.00s Real=0.01s
[2026-02-06T10:17:23.539+0000][8][safepoint   ] Safepoint "G1CollectForAllocation", Time since last: 846451402 ns, Reaching safepoint: 4506 ns, Cleanup: 76284 ns, At safepoint: 13281287 ns, Total: 13362077 ns
[2026-02-06T10:17:24.340+0000][8][gc,start    ] GC(2) Pause Young (Normal) (G1 Evacuation Pause)
[2026-02-06T10:17:24.340+0000][8][gc,task     ] GC(2) Using 8 workers of 8 for evacuation
[2026-02-06T10:17:24.340+0000][8][gc,age      ] GC(2) Desired survivor size 12582912 bytes, new threshold 2 (max threshold 15)
[2026-02-06T10:17:24.355+0000][8][gc,phases   ] GC(2)   Pre Evacuate Collection Set: 0.29ms
[2026-02-06T10:17:24.355+0000][8][gc,phases   ] GC(2)   Merge Heap Roots: 0.06ms
[2026-02-06T10:17:24.355+0000][8][gc,phases   ] GC(2)   Evacuate Collection Set: 13.55ms
[2026-02-06T10:17:24.355+0000][8][gc,phases   ] GC(2)   Post Evacuate Collection Set: 0.66ms
[2026-02-06T10:17:24.355+0000][8][gc,phases   ] GC(2)   Other: 0.06ms
[2026-02-06T10:17:24.355+0000][8][gc,age      ] GC(2) Age table with threshold 2 (max threshold 15)
[2026-02-06T10:17:24.355+0000][8][gc,age      ] GC(2) - age   1:    1861192 bytes,    1861192 total
[2026-02-06T10:17:24.355+0000][8][gc,age      ] GC(2) - age   2:    3008016 bytes,    4869208 total
[2026-02-06T10:17:24.355+0000][8][gc,heap     ] GC(2) Eden regions: 39->0(458)
[2026-02-06T10:17:24.355+0000][8][gc,heap     ] GC(2) Survivor regions: 4->2(6)
[2026-02-06T10:17:24.355+0000][8][gc,heap     ] GC(2) Old regions: 1->3
[2026-02-06T10:17:24.355+0000][8][gc,heap     ] GC(2) Humongous regions: 0->0
[2026-02-06T10:17:24.355+0000][8][gc,metaspace] GC(2) Metaspace: 18921K(19328K)->18921K(19328K) NonClass: 16628K(16832K)->16628K(16832K) Class: 2293K(2496K)->2293K(2496K)
[2026-02-06T10:17:24.355+0000][8][gc          ] GC(2) Pause Young (Normal) (G1 Evacuation Pause) 170M->14M(3072M) 14.818ms
[2026-02-06T10:17:24.355+0000][8][gc,cpu      ] GC(2) User=0.04s Sys=0.00s Real=0.02s
[2026-02-06T10:17:24.355+0000][8][safepoint   ] Safepoint "G1CollectForAllocation", Time since last: 800585502 ns, Reaching safepoint: 5402 ns, Cleanup: 44173 ns, At safepoint: 14860798 ns, Total: 14910373 ns
[2026-02-06T10:17:25.356+0000][8][safepoint   ] Safepoint "Cleanup", Time since last: 1000873901 ns, Reaching safepoint: 73969 ns, Cleanup: 47600 ns, At safepoint: 9400 ns, Total: 130969 ns
[2026-02-06T10:17:26.392+0000][8][safepoint   ] Safepoint "Cleanup", Time since last: 1036214239 ns, Reaching safepoint: 391204 ns, Cleanup: 29557 ns, At safepoint: 8618 ns, Total: 429379 ns
[2026-02-06T10:17:26.696+0000][8][gc,start    ] GC(3) Pause Young (Concurrent Start) (Metadata GC Threshold)
[2026-02-06T10:17:26.696+0000][8][gc,task     ] GC(3) Using 8 workers of 8 for evacuation
[2026-02-06T10:17:26.696+0000][8][gc,age      ] GC(3) Desired survivor size 121634816 bytes, new threshold 15 (max threshold 15)
[2026-02-06T10:17:26.703+0000][8][gc,phases   ] GC(3)   Pre Evacuate Collection Set: 0.25ms
[2026-02-06T10:17:26.703+0000][8][gc,phases   ] GC(3)   Merge Heap Roots: 0.10ms
[2026-02-06T10:17:26.703+0000][8][gc,phases   ] GC(3)   Evacuate Collection Set: 6.47ms
[2026-02-06T10:17:26.703+0000][8][gc,phases   ] GC(3)   Post Evacuate Collection Set: 0.64ms
[2026-02-06T10:17:26.703+0000][8][gc,phases   ] GC(3)   Other: 0.10ms
[2026-02-06T10:17:26.703+0000][8][gc,age      ] GC(3) Age table with threshold 15 (max threshold 15)
[2026-02-06T10:17:26.703+0000][8][gc,age      ] GC(3) - age   1:    5396152 bytes,    5396152 total
[2026-02-06T10:17:26.703+0000][8][gc,age      ] GC(3) - age   2:     936648 bytes,    6332800 total
[2026-02-06T10:17:26.703+0000][8][gc,age      ] GC(3) - age   3:    3005952 bytes,    9338752 total
[2026-02-06T10:17:26.703+0000][8][gc,heap     ] GC(3) Eden regions: 178->0(457)
[2026-02-06T10:17:26.703+0000][8][gc,heap     ] GC(3) Survivor regions: 2->3(58)
[2026-02-06T10:17:26.703+0000][8][gc,heap     ] GC(3) Old regions: 3->3
[2026-02-06T10:17:26.704+0000][8][gc,heap     ] GC(3) Humongous regions: 0->0
[2026-02-06T10:17:26.704+0000][8][gc,metaspace] GC(3) Metaspace: 21020K(21504K)->21020K(21504K) NonClass: 18452K(18752K)->18452K(18752K) Class: 2567K(2752K)->2567K(2752K)
[2026-02-06T10:17:26.704+0000][8][gc          ] GC(3) Pause Young (Concurrent Start) (Metadata GC Threshold) 724M->18M(3072M) 7.746ms
[2026-02-06T10:17:26.704+0000][8][gc,cpu      ] GC(3) User=0.02s Sys=0.00s Real=0.00s
[2026-02-06T10:17:26.704+0000][8][safepoint   ] Safepoint "CollectForMetadataAllocation", Time since last: 303421403 ns, Reaching safepoint: 4793 ns, Cleanup: 21531 ns, At safepoint: 7837236 ns, Total: 7863560 ns
[2026-02-06T10:17:26.704+0000][8][gc          ] GC(4) Concurrent Mark Cycle
[2026-02-06T10:17:26.704+0000][8][gc,marking  ] GC(4) Concurrent Scan Root Regions
[2026-02-06T10:17:26.706+0000][8][gc,marking  ] GC(4) Concurrent Scan Root Regions 2.220ms
[2026-02-06T10:17:26.706+0000][8][gc,marking  ] GC(4) Concurrent Mark
[2026-02-06T10:17:26.706+0000][8][gc,marking  ] GC(4) Concurrent Mark From Roots
[2026-02-06T10:17:26.706+0000][8][gc,task     ] GC(4) Using 2 workers of 2 for marking
[2026-02-06T10:17:26.721+0000][8][gc,marking  ] GC(4) Concurrent Mark From Roots 14.715ms
[2026-02-06T10:17:26.721+0000][8][gc,marking  ] GC(4) Concurrent Preclean
[2026-02-06T10:17:26.721+0000][8][gc,marking  ] GC(4) Concurrent Preclean 0.238ms
[2026-02-06T10:17:26.725+0000][8][gc,start    ] GC(4) Pause Remark
[2026-02-06T10:17:26.730+0000][8][gc          ] GC(4) Pause Remark 22M->22M(3072M) 5.281ms
[2026-02-06T10:17:26.730+0000][8][gc,cpu      ] GC(4) User=0.01s Sys=0.00s Real=0.00s
[2026-02-06T10:17:26.730+0000][8][safepoint   ] Safepoint "G1PauseRemark", Time since last: 17863123 ns, Reaching safepoint: 3135135 ns, Cleanup: 15892 ns, At safepoint: 5351863 ns, Total: 8502890 ns
[2026-02-06T10:17:26.730+0000][8][gc,marking  ] GC(4) Concurrent Mark 24.240ms
[2026-02-06T10:17:26.730+0000][8][gc,marking  ] GC(4) Concurrent Rebuild Remembered Sets and Scrub Regions
[2026-02-06T10:17:26.736+0000][8][gc,marking  ] GC(4) Concurrent Rebuild Remembered Sets and Scrub Regions 5.854ms
[2026-02-06T10:17:26.737+0000][8][gc,start    ] GC(4) Pause Cleanup
[2026-02-06T10:17:26.737+0000][8][gc          ] GC(4) Pause Cleanup 24M->24M(3072M) 0.384ms
[2026-02-06T10:17:26.737+0000][8][gc,cpu      ] GC(4) User=0.00s Sys=0.00s Real=0.00s
[2026-02-06T10:17:26.738+0000][8][safepoint   ] Safepoint "G1PauseCleanup", Time since last: 6763456 ns, Reaching safepoint: 70259 ns, Cleanup: 8852 ns, At safepoint: 914024 ns, Total: 993135 ns
[2026-02-06T10:17:26.738+0000][8][gc,marking  ] GC(4) Concurrent Clear Claimed Marks
[2026-02-06T10:17:26.738+0000][8][gc,marking  ] GC(4) Concurrent Clear Claimed Marks 0.029ms
[2026-02-06T10:17:26.738+0000][8][gc,marking  ] GC(4) Concurrent Cleanup for Next Mark
[2026-02-06T10:17:26.741+0000][8][gc,marking  ] GC(4) Concurrent Cleanup for Next Mark 3.006ms
[2026-02-06T10:17:26.741+0000][8][gc          ] GC(4) Concurrent Mark Cycle 37.242ms
[2026-02-06T10:17:27.738+0000][8][safepoint   ] Safepoint "Cleanup", Time since last: 1000102832 ns, Reaching safepoint: 71588 ns, Cleanup: 47117 ns, At safepoint: 13176 ns, Total: 131881 ns
[2026-02-06T10:17:29.110+0000][8][safepoint   ] Safepoint "Cleanup", Time since last: 1371757209 ns, Reaching safepoint: 24892 ns, Cleanup: 83175 ns, At safepoint: 3157 ns, Total: 111224 ns
[2026-02-06T10:17:30.163+0000][8][safepoint   ] Safepoint "Cleanup", Time since last: 1052575535 ns, Reaching safepoint: 73934 ns, Cleanup: 69087 ns, At safepoint: 9462 ns, Total: 152483 ns
[2026-02-06T10:17:31.169+0000][8][safepoint   ] Safepoint "Cleanup", Time since last: 1000119815 ns, Reaching safepoint: 6067013 ns, Cleanup: 50080 ns, At safepoint: 18711 ns, Total: 6135804 ns
[2026-02-06T10:17:32.055+0000][8][gc,start    ] GC(5) Pause Young (Prepare Mixed) (Metadata GC Threshold)
[2026-02-06T10:17:32.055+0000][8][gc,task     ] GC(5) Using 8 workers of 8 for evacuation
[2026-02-06T10:17:32.055+0000][8][gc,age      ] GC(5) Desired survivor size 121634816 bytes, new threshold 15 (max threshold 15)
[2026-02-06T10:17:32.143+0000][8][gc,phases   ] GC(5)   Pre Evacuate Collection Set: 0.34ms
[2026-02-06T10:17:32.143+0000][8][gc,phases   ] GC(5)   Merge Heap Roots: 0.20ms
[2026-02-06T10:17:32.144+0000][8][gc,phases   ] GC(5)   Evacuate Collection Set: 82.71ms
[2026-02-06T10:17:32.144+0000][8][gc,phases   ] GC(5)   Post Evacuate Collection Set: 4.36ms
[2026-02-06T10:17:32.146+0000][8][gc,phases   ] GC(5)   Other: 0.41ms
[2026-02-06T10:17:32.146+0000][8][gc,age      ] GC(5) Age table with threshold 15 (max threshold 15)
[2026-02-06T10:17:32.146+0000][8][gc,age      ] GC(5) - age   1:   28675072 bytes,   28675072 total
[2026-02-06T10:17:32.146+0000][8][gc,age      ] GC(5) - age   2:    5360128 bytes,   34035200 total
[2026-02-06T10:17:32.146+0000][8][gc,age      ] GC(5) - age   3:     931368 bytes,   34966568 total
[2026-02-06T10:17:32.147+0000][8][gc,age      ] GC(5) - age   4:    2971072 bytes,   37937640 total
[2026-02-06T10:17:32.147+0000][8][gc,heap     ] GC(5) Eden regions: 193->0(213)
[2026-02-06T10:17:32.147+0000][8][gc,heap     ] GC(5) Survivor regions: 3->10(58)
[2026-02-06T10:17:32.147+0000][8][gc,heap     ] GC(5) Old regions: 3->3
[2026-02-06T10:17:32.147+0000][8][gc,heap     ] GC(5) Humongous regions: 0->0
[2026-02-06T10:17:32.147+0000][8][gc,metaspace] GC(5) Metaspace: 35213K(36160K)->35213K(36160K) NonClass: 30560K(31104K)->30560K(31104K) Class: 4653K(5056K)->4653K(5056K)
[2026-02-06T10:17:32.148+0000][8][gc          ] GC(5) Pause Young (Prepare Mixed) (Metadata GC Threshold) 790M->47M(3072M) 92.649ms
[2026-02-06T10:17:32.148+0000][8][gc,cpu      ] GC(5) User=0.09s Sys=0.00s Real=0.09s
[2026-02-06T10:17:32.150+0000][8][safepoint   ] Safepoint "CollectForMetadataAllocation", Time since last: 886026009 ns, Reaching safepoint: 4470 ns, Cleanup: 52724 ns, At safepoint: 94838442 ns, Total: 94895636 ns
[2026-02-06T10:17:32.199+0000][8][gc,start    ] GC(6) Pause Young (Mixed) (Metadata GC Threshold)
[2026-02-06T10:17:32.199+0000][8][gc,task     ] GC(6) Using 8 workers of 8 for evacuation
[2026-02-06T10:17:32.199+0000][8][gc,age      ] GC(6) Desired survivor size 58720256 bytes, new threshold 15 (max threshold 15)
[2026-02-06T10:17:32.320+0000][8][gc,phases   ] GC(6)   Pre Evacuate Collection Set: 0.32ms
[2026-02-06T10:17:32.320+0000][8][gc,phases   ] GC(6)   Merge Heap Roots: 0.11ms
[2026-02-06T10:17:32.320+0000][8][gc,phases   ] GC(6)   Evacuate Collection Set: 117.15ms
[2026-02-06T10:17:32.320+0000][8][gc,phases   ] GC(6)   Post Evacuate Collection Set: 2.94ms
[2026-02-06T10:17:32.320+0000][8][gc,phases   ] GC(6)   Other: 0.46ms
[2026-02-06T10:17:32.320+0000][8][gc,age      ] GC(6) Age table with threshold 15 (max threshold 15)
[2026-02-06T10:17:32.320+0000][8][gc,age      ] GC(6) - age   1:      34224 bytes,      34224 total
[2026-02-06T10:17:32.320+0000][8][gc,age      ] GC(6) - age   2:   28586360 bytes,   28620584 total
[2026-02-06T10:17:32.320+0000][8][gc,age      ] GC(6) - age   3:    5355200 bytes,   33975784 total
[2026-02-06T10:17:32.320+0000][8][gc,age      ] GC(6) - age   4:     931240 bytes,   34907024 total
[2026-02-06T10:17:32.320+0000][8][gc,age      ] GC(6) - age   5:    2971008 bytes,   37878032 total
[2026-02-06T10:17:32.320+0000][8][gc,heap     ] GC(6) Eden regions: 1->0(34)
[2026-02-06T10:17:32.320+0000][8][gc,heap     ] GC(6) Survivor regions: 10->10(28)
[2026-02-06T10:17:32.320+0000][8][gc,heap     ] GC(6) Old regions: 3->3
[2026-02-06T10:17:32.320+0000][8][gc,heap     ] GC(6) Humongous regions: 0->0
[2026-02-06T10:17:32.320+0000][8][gc,metaspace] GC(6) Metaspace: 35547K(36480K)->35547K(36480K) NonClass: 30865K(31424K)->30865K(31424K) Class: 4681K(5056K)->4681K(5056K)
[2026-02-06T10:17:32.320+0000][8][gc          ] GC(6) Pause Young (Mixed) (Metadata GC Threshold) 49M->48M(3072M) 121.393ms
[2026-02-06T10:17:32.320+0000][8][gc,cpu      ] GC(6) User=0.20s Sys=0.00s Real=0.12s
[2026-02-06T10:17:32.321+0000][8][safepoint   ] Safepoint "CollectForMetadataAllocation", Time since last: 24564007 ns, Reaching safepoint: 24508882 ns, Cleanup: 5159 ns, At safepoint: 121832753 ns, Total: 146346794 ns
[2026-02-06T10:17:32.368+0000][8][gc,start    ] GC(7) Pause Young (Concurrent Start) (Metadata GC Threshold)
[2026-02-06T10:17:32.370+0000][8][gc,task     ] GC(7) Using 8 workers of 8 for evacuation
[2026-02-06T10:17:32.370+0000][8][gc,age      ] GC(7) Desired survivor size 12582912 bytes, new threshold 2 (max threshold 15)
[2026-02-06T10:17:32.408+0000][8][gc,phases   ] GC(7)   Pre Evacuate Collection Set: 0.37ms
[2026-02-06T10:17:32.408+0000][8][gc,phases   ] GC(7)   Merge Heap Roots: 0.05ms
[2026-02-06T10:17:32.408+0000][8][gc,phases   ] GC(7)   Evacuate Collection Set: 35.35ms
[2026-02-06T10:17:32.409+0000][8][gc,phases   ] GC(7)   Post Evacuate Collection Set: 2.19ms
[2026-02-06T10:17:32.409+0000][8][gc,phases   ] GC(7)   Other: 0.50ms
[2026-02-06T10:17:32.409+0000][8][gc,age      ] GC(7) Age table with threshold 2 (max threshold 15)
[2026-02-06T10:17:32.409+0000][8][gc,age      ] GC(7) - age   1:     110496 bytes,     110496 total
[2026-02-06T10:17:32.409+0000][8][gc,age      ] GC(7) - age   2:      32896 bytes,     143392 total
[2026-02-06T10:17:32.409+0000][8][gc,heap     ] GC(7) Eden regions: 1->0(329)
[2026-02-06T10:17:32.410+0000][8][gc,heap     ] GC(7) Survivor regions: 10->2(6)
[2026-02-06T10:17:32.410+0000][8][gc,heap     ] GC(7) Old regions: 3->12
[2026-02-06T10:17:32.410+0000][8][gc,heap     ] GC(7) Humongous regions: 0->0
[2026-02-06T10:17:32.410+0000][8][gc,metaspace] GC(7) Metaspace: 35850K(36800K)->35850K(36800K) NonClass: 31132K(31680K)->31132K(31680K) Class: 4717K(5120K)->4717K(5120K)
[2026-02-06T10:17:32.410+0000][8][gc          ] GC(7) Pause Young (Concurrent Start) (Metadata GC Threshold) 52M->53M(3072M) 41.986ms
[2026-02-06T10:17:32.410+0000][8][gc          ] GC(8) Concurrent Mark Cycle
[2026-02-06T10:17:32.411+0000][8][gc,marking  ] GC(8) Concurrent Scan Root Regions
[2026-02-06T10:17:32.411+0000][8][gc,cpu      ] GC(7) User=0.08s Sys=0.00s Real=0.04s
[2026-02-06T10:17:32.411+0000][8][safepoint   ] Safepoint "CollectForMetadataAllocation", Time since last: 47516603 ns, Reaching safepoint: 6282 ns, Cleanup: 18427 ns, At safepoint: 42785511 ns, Total: 42810220 ns
[2026-02-06T10:17:32.430+0000][8][safepoint   ] Safepoint "CollectForMetadataAllocation", Time since last: 19039846 ns, Reaching safepoint: 3748 ns, Cleanup: 12673 ns, At safepoint: 38481 ns, Total: 54902 ns
[2026-02-06T10:17:32.457+0000][8][gc,marking  ] GC(8) Concurrent Scan Root Regions 46.150ms
[2026-02-06T10:17:32.457+0000][8][gc,marking  ] GC(8) Concurrent Mark
[2026-02-06T10:17:32.457+0000][8][gc,marking  ] GC(8) Concurrent Mark From Roots
[2026-02-06T10:17:32.457+0000][8][gc,task     ] GC(8) Using 2 workers of 2 for marking
[2026-02-06T10:17:32.475+0000][8][safepoint   ] Safepoint "CollectForMetadataAllocation", Time since last: 40655717 ns, Reaching safepoint: 1984553 ns, Cleanup: 21986 ns, At safepoint: 2051371 ns, Total: 4057910 ns
[2026-02-06T10:17:32.481+0000][8][gc,marking  ] GC(8) Concurrent Mark From Roots 24.548ms
[2026-02-06T10:17:32.481+0000][8][gc,marking  ] GC(8) Concurrent Preclean
[2026-02-06T10:17:32.481+0000][8][gc,marking  ] GC(8) Concurrent Preclean 0.066ms
[2026-02-06T10:17:32.482+0000][8][gc,start    ] GC(8) Pause Remark
[2026-02-06T10:17:32.493+0000][8][gc          ] GC(8) Pause Remark 57M->57M(3072M) 11.406ms
[2026-02-06T10:17:32.493+0000][8][gc,cpu      ] GC(8) User=0.02s Sys=0.00s Real=0.01s
[2026-02-06T10:17:32.493+0000][8][safepoint   ] Safepoint "G1PauseRemark", Time since last: 6636223 ns, Reaching safepoint: 208875 ns, Cleanup: 3745 ns, At safepoint: 11820926 ns, Total: 12033546 ns
[2026-02-06T10:17:32.494+0000][8][gc,marking  ] GC(8) Concurrent Mark 36.885ms
[2026-02-06T10:17:32.494+0000][8][gc,marking  ] GC(8) Concurrent Rebuild Remembered Sets and Scrub Regions
[2026-02-06T10:17:32.513+0000][8][gc,marking  ] GC(8) Concurrent Rebuild Remembered Sets and Scrub Regions 19.720ms
[2026-02-06T10:17:32.514+0000][8][gc,start    ] GC(8) Pause Cleanup
[2026-02-06T10:17:32.514+0000][8][gc          ] GC(8) Pause Cleanup 57M->57M(3072M) 0.286ms
[2026-02-06T10:17:32.514+0000][8][gc,cpu      ] GC(8) User=0.00s Sys=0.00s Real=0.00s
[2026-02-06T10:17:32.514+0000][8][safepoint   ] Safepoint "G1PauseCleanup", Time since last: 20146850 ns, Reaching safepoint: 127258 ns, Cleanup: 7110 ns, At safepoint: 601148 ns, Total: 735516 ns
[2026-02-06T10:17:32.514+0000][8][gc,marking  ] GC(8) Concurrent Clear Claimed Marks
[2026-02-06T10:17:32.515+0000][8][gc,marking  ] GC(8) Concurrent Clear Claimed Marks 0.194ms
[2026-02-06T10:17:32.515+0000][8][gc,marking  ] GC(8) Concurrent Cleanup for Next Mark
[2026-02-06T10:17:32.519+0000][8][gc,marking  ] GC(8) Concurrent Cleanup for Next Mark 3.812ms
[2026-02-06T10:17:32.519+0000][8][gc          ] GC(8) Concurrent Mark Cycle 108.576ms
[2026-02-06T10:17:33.501+0000][8][safepoint   ] Safepoint "ICBufferFull", Time since last: 986738005 ns, Reaching safepoint: 66227 ns, Cleanup: 60355 ns, At safepoint: 4121 ns, Total: 130703 ns
[2026-02-06T10:17:34.617+0000][8][safepoint   ] Safepoint "Cleanup", Time since last: 1115394970 ns, Reaching safepoint: 70564 ns, Cleanup: 115612 ns, At safepoint: 6144 ns, Total: 192320 ns
[2026-02-06T10:17:35.666+0000][8][safepoint   ] Safepoint "Cleanup", Time since last: 1049016019 ns, Reaching safepoint: 1891 ns, Cleanup: 23230 ns, At safepoint: 1519 ns, Total: 26640 ns
[2026-02-06T10:17:36.832+0000][8][safepoint   ] Safepoint "Cleanup", Time since last: 1165771046 ns, Reaching safepoint: 2831 ns, Cleanup: 72980 ns, At safepoint: 1739 ns, Total: 77550 ns
[2026-02-06T10:17:37.103+0000][8][gc,start    ] GC(9) Pause Young (Concurrent Start) (Metadata GC Threshold)
[2026-02-06T10:17:37.103+0000][8][gc,task     ] GC(9) Using 8 workers of 8 for evacuation
[2026-02-06T10:17:37.103+0000][8][gc,age      ] GC(9) Desired survivor size 88080384 bytes, new threshold 15 (max threshold 15)
[2026-02-06T10:17:37.112+0000][8][gc,phases   ] GC(9)   Pre Evacuate Collection Set: 0.42ms
[2026-02-06T10:17:37.112+0000][8][gc,phases   ] GC(9)   Merge Heap Roots: 0.09ms
[2026-02-06T10:17:37.112+0000][8][gc,phases   ] GC(9)   Evacuate Collection Set: 7.63ms
[2026-02-06T10:17:37.112+0000][8][gc,phases   ] GC(9)   Post Evacuate Collection Set: 0.75ms
[2026-02-06T10:17:37.112+0000][8][gc,phases   ] GC(9)   Other: 0.10ms
[2026-02-06T10:17:37.112+0000][8][gc,age      ] GC(9) Age table with threshold 15 (max threshold 15)
[2026-02-06T10:17:37.112+0000][8][gc,age      ] GC(9) - age   1:   11973536 bytes,   11973536 total
[2026-02-06T10:17:37.112+0000][8][gc,age      ] GC(9) - age   2:      50776 bytes,   12024312 total
[2026-02-06T10:17:37.112+0000][8][gc,age      ] GC(9) - age   3:      32688 bytes,   12057000 total
[2026-02-06T10:17:37.112+0000][8][gc,heap     ] GC(9) Eden regions: 109->0(353)
[2026-02-06T10:17:37.112+0000][8][gc,heap     ] GC(9) Survivor regions: 2->4(42)
[2026-02-06T10:17:37.112+0000][8][gc,heap     ] GC(9) Old regions: 12->12
[2026-02-06T10:17:37.112+0000][8][gc,heap     ] GC(9) Humongous regions: 0->0
[2026-02-06T10:17:37.112+0000][8][gc,metaspace] GC(9) Metaspace: 61285K(62528K)->61285K(62528K) NonClass: 52981K(53696K)->52981K(53696K) Class: 8304K(8832K)->8304K(8832K)
[2026-02-06T10:17:37.112+0000][8][gc          ] GC(9) Pause Young (Concurrent Start) (Metadata GC Threshold) 487M->59M(3072M) 9.122ms
[2026-02-06T10:17:37.112+0000][8][gc,cpu      ] GC(9) User=0.04s Sys=0.00s Real=0.01s
[2026-02-06T10:17:37.112+0000][8][gc          ] GC(10) Concurrent Mark Cycle
[2026-02-06T10:17:37.112+0000][8][gc,marking  ] GC(10) Concurrent Scan Root Regions
[2026-02-06T10:17:37.112+0000][8][safepoint   ] Safepoint "CollectForMetadataAllocation", Time since last: 271514880 ns, Reaching safepoint: 67221 ns, Cleanup: 45535 ns, At safepoint: 9189660 ns, Total: 9302416 ns
[2026-02-06T10:17:37.119+0000][8][gc,marking  ] GC(10) Concurrent Scan Root Regions 6.524ms
[2026-02-06T10:17:37.119+0000][8][gc,marking  ] GC(10) Concurrent Mark
[2026-02-06T10:17:37.119+0000][8][gc,marking  ] GC(10) Concurrent Mark From Roots
[2026-02-06T10:17:37.119+0000][8][gc,task     ] GC(10) Using 2 workers of 2 for marking
[2026-02-06T10:17:37.211+0000][8][gc,marking  ] GC(10) Concurrent Mark From Roots 92.425ms
[2026-02-06T10:17:37.212+0000][8][gc,marking  ] GC(10) Concurrent Preclean
[2026-02-06T10:17:37.212+0000][8][gc,marking  ] GC(10) Concurrent Preclean 0.187ms
[2026-02-06T10:17:37.214+0000][8][gc,start    ] GC(10) Pause Remark
[2026-02-06T10:17:37.222+0000][8][gc          ] GC(10) Pause Remark 67M->67M(3072M) 8.317ms
[2026-02-06T10:17:37.222+0000][8][gc,cpu      ] GC(10) User=0.02s Sys=0.00s Real=0.00s
[2026-02-06T10:17:37.222+0000][8][safepoint   ] Safepoint "G1PauseRemark", Time since last: 99235877 ns, Reaching safepoint: 2124982 ns, Cleanup: 8707 ns, At safepoint: 8409755 ns, Total: 10543444 ns
[2026-02-06T10:17:37.222+0000][8][gc,marking  ] GC(10) Concurrent Mark 103.260ms
[2026-02-06T10:17:37.222+0000][8][gc,marking  ] GC(10) Concurrent Rebuild Remembered Sets and Scrub Regions
[2026-02-06T10:17:37.237+0000][8][gc,marking  ] GC(10) Concurrent Rebuild Remembered Sets and Scrub Regions 14.830ms
[2026-02-06T10:17:37.238+0000][8][gc,start    ] GC(10) Pause Cleanup
[2026-02-06T10:17:37.238+0000][8][gc          ] GC(10) Pause Cleanup 67M->67M(3072M) 0.105ms
[2026-02-06T10:17:37.238+0000][8][gc,cpu      ] GC(10) User=0.00s Sys=0.00s Real=0.00s
[2026-02-06T10:17:37.238+0000][8][safepoint   ] Safepoint "G1PauseCleanup", Time since last: 15141073 ns, Reaching safepoint: 69890 ns, Cleanup: 7051 ns, At safepoint: 137120 ns, Total: 214061 ns
[2026-02-06T10:17:37.238+0000][8][gc,marking  ] GC(10) Concurrent Clear Claimed Marks
[2026-02-06T10:17:37.238+0000][8][gc,marking  ] GC(10) Concurrent Clear Claimed Marks 0.065ms
[2026-02-06T10:17:37.238+0000][8][gc,marking  ] GC(10) Concurrent Cleanup for Next Mark
[2026-02-06T10:17:37.241+0000][8][gc,marking  ] GC(10) Concurrent Cleanup for Next Mark 3.151ms
[2026-02-06T10:17:37.241+0000][8][gc          ] GC(10) Concurrent Mark Cycle 128.496ms
[2026-02-06T10:17:38.314+0000][8][safepoint   ] Safepoint "Cleanup", Time since last: 1076270915 ns, Reaching safepoint: 3818 ns, Cleanup: 78422 ns, At safepoint: 4805 ns, Total: 87045 ns
[2026-02-06T10:17:39.363+0000][8][safepoint   ] Safepoint "ICBufferFull", Time since last: 1049358368 ns, Reaching safepoint: 5123 ns, Cleanup: 83999 ns, At safepoint: 4538 ns, Total: 93660 ns
[2026-02-06T10:17:39.634+0000][8][safepoint   ] Safepoint "ICBufferFull", Time since last: 269937378 ns, Reaching safepoint: 5106 ns, Cleanup: 210198 ns, At safepoint: 5918 ns, Total: 221222 ns
[2026-02-06T10:17:39.915+0000][8][safepoint   ] Safepoint "ICBufferFull", Time since last: 280924602 ns, Reaching safepoint: 6713 ns, Cleanup: 75315 ns, At safepoint: 5737 ns, Total: 87765 ns
[2026-02-06T10:17:40.456+0000][8][safepoint   ] Safepoint "ICBufferFull", Time since last: 541564793 ns, Reaching safepoint: 9537 ns, Cleanup: 97612 ns, At safepoint: 7573 ns, Total: 114722 ns
[2026-02-06T10:17:41.416+0000][8][safepoint   ] Safepoint "ICBufferFull", Time since last: 959005612 ns, Reaching safepoint: 74723 ns, Cleanup: 123705 ns, At safepoint: 9894 ns, Total: 208322 ns
[2026-02-06T10:17:42.258+0000][8][safepoint   ] Safepoint "ICBufferFull", Time since last: 842657417 ns, Reaching safepoint: 9114 ns, Cleanup: 101176 ns, At safepoint: 6960 ns, Total: 117250 ns
[2026-02-06T10:17:43.258+0000][8][safepoint   ] Safepoint "Cleanup", Time since last: 1000118521 ns, Reaching safepoint: 8679 ns, Cleanup: 31301 ns, At safepoint: 6770 ns, Total: 46750 ns
[2026-02-06T10:17:44.259+0000][8][safepoint   ] Safepoint "Cleanup", Time since last: 1000114183 ns, Reaching safepoint: 9836 ns, Cleanup: 11036 ns, At safepoint: 5917 ns, Total: 26789 ns
[2026-02-06T10:17:44.601+0000][8][gc,start    ] GC(11) Pause Young (Concurrent Start) (Metadata GC Threshold)
[2026-02-06T10:17:44.601+0000][8][gc,task     ] GC(11) Using 8 workers of 8 for evacuation
[2026-02-06T10:17:44.602+0000][8][gc,age      ] GC(11) Desired survivor size 88080384 bytes, new threshold 15 (max threshold 15)
[2026-02-06T10:17:44.720+0000][8][gc,phases   ] GC(11)   Pre Evacuate Collection Set: 1.36ms
[2026-02-06T10:17:44.720+0000][8][gc,phases   ] GC(11)   Merge Heap Roots: 0.23ms
[2026-02-06T10:17:44.720+0000][8][gc,phases   ] GC(11)   Evacuate Collection Set: 109.64ms
[2026-02-06T10:17:44.720+0000][8][gc,phases   ] GC(11)   Post Evacuate Collection Set: 6.77ms
[2026-02-06T10:17:44.721+0000][8][gc,phases   ] GC(11)   Other: 0.45ms
[2026-02-06T10:17:44.721+0000][8][gc,age      ] GC(11) Age table with threshold 15 (max threshold 15)
[2026-02-06T10:17:44.721+0000][8][gc,age      ] GC(11) - age   1:   19426392 bytes,   19426392 total
[2026-02-06T10:17:44.721+0000][8][gc,age      ] GC(11) - age   2:   11203896 bytes,   30630288 total
[2026-02-06T10:17:44.721+0000][8][gc,age      ] GC(11) - age   3:      49632 bytes,   30679920 total
[2026-02-06T10:17:44.722+0000][8][gc,age      ] GC(11) - age   4:      32280 bytes,   30712200 total
[2026-02-06T10:17:44.722+0000][8][gc,heap     ] GC(11) Eden regions: 99->0(233)
[2026-02-06T10:17:44.722+0000][8][gc,heap     ] GC(11) Survivor regions: 4->8(42)
[2026-02-06T10:17:44.722+0000][8][gc,heap     ] GC(11) Old regions: 12->12
[2026-02-06T10:17:44.723+0000][8][gc,heap     ] GC(11) Humongous regions: 2->2
[2026-02-06T10:17:44.723+0000][8][gc,metaspace] GC(11) Metaspace: 101928K(104768K)->101928K(104768K) NonClass: 87231K(88768K)->87231K(88768K) Class: 14697K(16000K)->14697K(16000K)
[2026-02-06T10:17:44.723+0000][8][gc          ] GC(11) Pause Young (Concurrent Start) (Metadata GC Threshold) 463M->86M(3072M) 121.875ms
[2026-02-06T10:17:44.723+0000][8][gc,cpu      ] GC(11) User=0.09s Sys=0.00s Real=0.12s
[2026-02-06T10:17:44.726+0000][8][safepoint   ] Safepoint "CollectForMetadataAllocation", Time since last: 342516344 ns, Reaching safepoint: 7496 ns, Cleanup: 7800 ns, At safepoint: 124621550 ns, Total: 124636846 ns
[2026-02-06T10:17:44.728+0000][8][gc          ] GC(12) Concurrent Mark Cycle
[2026-02-06T10:17:44.728+0000][8][gc,marking  ] GC(12) Concurrent Scan Root Regions
[2026-02-06T10:17:44.791+0000][8][gc,marking  ] GC(12) Concurrent Scan Root Regions 63.163ms
[2026-02-06T10:17:44.791+0000][8][gc,marking  ] GC(12) Concurrent Mark
[2026-02-06T10:17:44.792+0000][8][gc,marking  ] GC(12) Concurrent Mark From Roots
[2026-02-06T10:17:44.792+0000][8][gc,task     ] GC(12) Using 2 workers of 2 for marking
[2026-02-06T10:17:44.844+0000][8][safepoint   ] Safepoint "CollectForMetadataAllocation", Time since last: 118473117 ns, Reaching safepoint: 39205 ns, Cleanup: 9514 ns, At safepoint: 70521 ns, Total: 119240 ns
[2026-02-06T10:17:44.872+0000][8][gc,marking  ] GC(12) Concurrent Mark From Roots 80.229ms
[2026-02-06T10:17:44.872+0000][8][gc,marking  ] GC(12) Concurrent Preclean
[2026-02-06T10:17:44.872+0000][8][gc,marking  ] GC(12) Concurrent Preclean 0.341ms
[2026-02-06T10:17:44.873+0000][8][gc,start    ] GC(12) Pause Remark
[2026-02-06T10:17:44.891+0000][8][gc          ] GC(12) Pause Remark 96M->96M(3072M) 18.149ms
[2026-02-06T10:17:44.891+0000][8][gc,cpu      ] GC(12) User=0.02s Sys=0.01s Real=0.02s
[2026-02-06T10:17:44.891+0000][8][safepoint   ] Safepoint "G1PauseRemark", Time since last: 28216238 ns, Reaching safepoint: 74814 ns, Cleanup: 2139 ns, At safepoint: 18559719 ns, Total: 18636672 ns
[2026-02-06T10:17:44.894+0000][8][gc,marking  ] GC(12) Concurrent Mark 102.393ms
[2026-02-06T10:17:44.894+0000][8][gc,marking  ] GC(12) Concurrent Rebuild Remembered Sets and Scrub Regions
[2026-02-06T10:17:44.931+0000][8][gc,marking  ] GC(12) Concurrent Rebuild Remembered Sets and Scrub Regions 36.649ms
[2026-02-06T10:17:44.931+0000][8][gc,start    ] GC(12) Pause Cleanup
[2026-02-06T10:17:44.931+0000][8][gc          ] GC(12) Pause Cleanup 97M->97M(3072M) 0.156ms
[2026-02-06T10:17:44.931+0000][8][gc,cpu      ] GC(12) User=0.00s Sys=0.00s Real=0.00s
[2026-02-06T10:17:44.931+0000][8][safepoint   ] Safepoint "G1PauseCleanup", Time since last: 39498715 ns, Reaching safepoint: 7044 ns, Cleanup: 13861 ns, At safepoint: 212842 ns, Total: 233747 ns
[2026-02-06T10:17:44.931+0000][8][gc,marking  ] GC(12) Concurrent Clear Claimed Marks
[2026-02-06T10:17:44.931+0000][8][gc,marking  ] GC(12) Concurrent Clear Claimed Marks 0.206ms
[2026-02-06T10:17:44.931+0000][8][gc,marking  ] GC(12) Concurrent Cleanup for Next Mark
[2026-02-06T10:17:44.935+0000][8][gc,marking  ] GC(12) Concurrent Cleanup for Next Mark 3.838ms
[2026-02-06T10:17:44.935+0000][8][gc          ] GC(12) Concurrent Mark Cycle 207.527ms
[2026-02-06T10:17:45.931+0000][8][safepoint   ] Safepoint "Cleanup", Time since last: 1000070660 ns, Reaching safepoint: 70553 ns, Cleanup: 18492 ns, At safepoint: 4714 ns, Total: 93759 ns
[2026-02-06T10:17:46.931+0000][8][safepoint   ] Safepoint "Cleanup", Time since last: 1000128589 ns, Reaching safepoint: 6508 ns, Cleanup: 20765 ns, At safepoint: 4399 ns, Total: 31672 ns
[2026-02-06T10:17:47.932+0000][8][safepoint   ] Safepoint "Cleanup", Time since last: 1000507894 ns, Reaching safepoint: 9937 ns, Cleanup: 10829 ns, At safepoint: 6356 ns, Total: 27122 ns
[2026-02-06T10:17:48.932+0000][8][safepoint   ] Safepoint "Cleanup", Time since last: 1000114939 ns, Reaching safepoint: 10291 ns, Cleanup: 12385 ns, At safepoint: 5987 ns, Total: 28663 ns
[2026-02-06T10:17:49.932+0000][8][safepoint   ] Safepoint "Cleanup", Time since last: 1000105307 ns, Reaching safepoint: 7972 ns, Cleanup: 12579 ns, At safepoint: 5056 ns, Total: 25607 ns
[2026-02-06T10:17:50.932+0000][8][safepoint   ] Safepoint "Cleanup", Time since last: 1000093291 ns, Reaching safepoint: 8664 ns, Cleanup: 15642 ns, At safepoint: 4939 ns, Total: 29245 ns
[2026-02-06T10:17:52.934+0000][8][safepoint   ] Safepoint "Cleanup", Time since last: 2001597148 ns, Reaching safepoint: 12290 ns, Cleanup: 22221 ns, At safepoint: 7134 ns, Total: 41645 ns
[2026-02-06T10:17:53.535+0000][8][safepoint   ] Safepoint "ICBufferFull", Time since last: 600622188 ns, Reaching safepoint: 10295 ns, Cleanup: 85611 ns, At safepoint: 6989 ns, Total: 102895 ns
[2026-02-06T10:17:54.859+0000][8][safepoint   ] Safepoint "Cleanup", Time since last: 1324783475 ns, Reaching safepoint: 12082 ns, Cleanup: 52179 ns, At safepoint: 6283 ns, Total: 70544 ns
[2026-02-06T10:17:55.860+0000][8][safepoint   ] Safepoint "Cleanup", Time since last: 1000128880 ns, Reaching safepoint: 7998 ns, Cleanup: 13566 ns, At safepoint: 4730 ns, Total: 26294 ns
[2026-02-06T10:17:57.860+0000][8][safepoint   ] Safepoint "Cleanup", Time since last: 2000189923 ns, Reaching safepoint: 11223 ns, Cleanup: 50936 ns, At safepoint: 6602 ns, Total: 68761 ns
[2026-02-06T10:17:58.860+0000][8][safepoint   ] Safepoint "Cleanup", Time since last: 1000101311 ns, Reaching safepoint: 7429 ns, Cleanup: 23709 ns, At safepoint: 4640 ns, Total: 35778 ns
[2026-02-06T10:17:59.860+0000][8][safepoint   ] Safepoint "Cleanup", Time since last: 1000091777 ns, Reaching safepoint: 7299 ns, Cleanup: 20214 ns, At safepoint: 4141 ns, Total: 31654 ns
[2026-02-06T10:18:00.860+0000][8][safepoint   ] Safepoint "Cleanup", Time since last: 1000114913 ns, Reaching safepoint: 11084 ns, Cleanup: 11555 ns, At safepoint: 6107 ns, Total: 28746 ns
[2026-02-06T10:18:01.860+0000][8][safepoint   ] Safepoint "Cleanup", Time since last: 1000133946 ns, Reaching safepoint: 30923 ns, Cleanup: 9222 ns, At safepoint: 4444 ns, Total: 44589 ns
[2026-02-06T10:18:03.861+0000][8][safepoint   ] Safepoint "Cleanup", Time since last: 2000272763 ns, Reaching safepoint: 18454 ns, Cleanup: 24312 ns, At safepoint: 28925 ns, Total: 71691 ns
[2026-02-06T10:18:05.861+0000][8][safepoint   ] Safepoint "Cleanup", Time since last: 2000202760 ns, Reaching safepoint: 7579 ns, Cleanup: 8651 ns, At safepoint: 4232 ns, Total: 20462 ns
[2026-02-06T10:18:09.861+0000][8][safepoint   ] Safepoint "Cleanup", Time since last: 4000323950 ns, Reaching safepoint: 18436 ns, Cleanup: 8062 ns, At safepoint: 5104 ns, Total: 31602 ns
[2026-02-06T10:18:10.863+0000][8][safepoint   ] Safepoint "Cleanup", Time since last: 1001488074 ns, Reaching safepoint: 7564 ns, Cleanup: 14655 ns, At safepoint: 3985 ns, Total: 26204 ns
[2026-02-06T10:18:11.863+0000][8][safepoint   ] Safepoint "Cleanup", Time since last: 1000082027 ns, Reaching safepoint: 7555 ns, Cleanup: 16842 ns, At safepoint: 4562 ns, Total: 28959 ns
[2026-02-06T10:18:13.863+0000][8][safepoint   ] Safepoint "Cleanup", Time since last: 2000139752 ns, Reaching safepoint: 7472 ns, Cleanup: 7604 ns, At safepoint: 3786 ns, Total: 18862 ns
[2026-02-06T10:18:16.863+0000][8][safepoint   ] Safepoint "Cleanup", Time since last: 3000205734 ns, Reaching safepoint: 7171 ns, Cleanup: 6931 ns, At safepoint: 4577 ns, Total: 18679 ns
[2026-02-06T10:18:22.331+0000][8][safepoint   ] Safepoint "Cleanup", Time since last: 5468032452 ns, Reaching safepoint: 20893 ns, Cleanup: 22594 ns, At safepoint: 16077 ns, Total: 59564 ns
[2026-02-06T10:18:24.332+0000][8][safepoint   ] Safepoint "Cleanup", Time since last: 2000203628 ns, Reaching safepoint: 7853 ns, Cleanup: 7070 ns, At safepoint: 4173 ns, Total: 19096 ns
[2026-02-06T10:18:26.332+0000][8][safepoint   ] Safepoint "Cleanup", Time since last: 2000151535 ns, Reaching safepoint: 7849 ns, Cleanup: 6916 ns, At safepoint: 4221 ns, Total: 18986 ns
[2026-02-06T10:18:28.332+0000][8][safepoint   ] Safepoint "Cleanup", Time since last: 2000145364 ns, Reaching safepoint: 6796 ns, Cleanup: 9629 ns, At safepoint: 20107 ns, Total: 36532 ns
[2026-02-06T10:18:35.333+0000][8][safepoint   ] Safepoint "Cleanup", Time since last: 7000614999 ns, Reaching safepoint: 7446 ns, Cleanup: 9808 ns, At safepoint: 4523 ns, Total: 21777 ns
[2026-02-06T10:18:36.333+0000][8][safepoint   ] Safepoint "Cleanup", Time since last: 1000085030 ns, Reaching safepoint: 44811 ns, Cleanup: 7904 ns, At safepoint: 6364 ns, Total: 59079 ns
[2026-02-06T10:18:38.333+0000][8][safepoint   ] Safepoint "Cleanup", Time since last: 2000165046 ns, Reaching safepoint: 7660 ns, Cleanup: 7800 ns, At safepoint: 3891 ns, Total: 19351 ns
[2026-02-06T10:18:40.333+0000][8][safepoint   ] Safepoint "Cleanup", Time since last: 2000210314 ns, Reaching safepoint: 17415 ns, Cleanup: 26532 ns, At safepoint: 13573 ns, Total: 57520 ns
[2026-02-06T10:18:41.333+0000][8][safepoint   ] Safepoint "Cleanup", Time since last: 1000137503 ns, Reaching safepoint: 7355 ns, Cleanup: 7580 ns, At safepoint: 4400 ns, Total: 19335 ns
[2026-02-06T10:18:42.333+0000][8][safepoint   ] Safepoint "Cleanup", Time since last: 1000082122 ns, Reaching safepoint: 7528 ns, Cleanup: 9488 ns, At safepoint: 3780 ns, Total: 20796 ns
[2026-02-06T10:18:44.334+0000][8][safepoint   ] Safepoint "Cleanup", Time since last: 2000314340 ns, Reaching safepoint: 8721 ns, Cleanup: 9017 ns, At safepoint: 4507 ns, Total: 22245 ns
[2026-02-06T10:18:47.334+0000][8][safepoint   ] Safepoint "Cleanup", Time since last: 3000210519 ns, Reaching safepoint: 11757 ns, Cleanup: 9946 ns, At safepoint: 6169 ns, Total: 27872 ns
[2026-02-06T10:18:49.334+0000][8][safepoint   ] Safepoint "Cleanup", Time since last: 2000167282 ns, Reaching safepoint: 11677 ns, Cleanup: 11852 ns, At safepoint: 7597 ns, Total: 31126 ns
[2026-02-06T10:18:50.335+0000][8][safepoint   ] Safepoint "Cleanup", Time since last: 1000293869 ns, Reaching safepoint: 10627 ns, Cleanup: 10319 ns, At safepoint: 5432 ns, Total: 26378 ns
[2026-02-06T10:18:51.335+0000][8][safepoint   ] Safepoint "Cleanup", Time since last: 1000097208 ns, Reaching safepoint: 7063 ns, Cleanup: 11025 ns, At safepoint: 4109 ns, Total: 22197 ns
[2026-02-06T10:18:53.335+0000][8][safepoint   ] Safepoint "Cleanup", Time since last: 2000129538 ns, Reaching safepoint: 7282 ns, Cleanup: 7100 ns, At safepoint: 4992 ns, Total: 19374 ns
[2026-02-06T10:18:59.335+0000][8][safepoint   ] Safepoint "Cleanup", Time since last: 6000422345 ns, Reaching safepoint: 9980 ns, Cleanup: 8732 ns, At safepoint: 4828 ns, Total: 23540 ns
[2026-02-06T10:19:03.336+0000][8][safepoint   ] Safepoint "Cleanup", Time since last: 4000534232 ns, Reaching safepoint: 10367 ns, Cleanup: 9412 ns, At safepoint: 5120 ns, Total: 24899 ns
[2026-02-06T10:19:05.336+0000][8][safepoint   ] Safepoint "Cleanup", Time since last: 2000219117 ns, Reaching safepoint: 7347 ns, Cleanup: 8722 ns, At safepoint: 4561 ns, Total: 20630 ns
[2026-02-06T10:19:09.336+0000][8][safepoint   ] Safepoint "Cleanup", Time since last: 4000258026 ns, Reaching safepoint: 19609 ns, Cleanup: 7982 ns, At safepoint: 4896 ns, Total: 32487 ns
[2026-02-06T10:19:10.336+0000][8][safepoint   ] Safepoint "Cleanup", Time since last: 1000083599 ns, Reaching safepoint: 7488 ns, Cleanup: 7523 ns, At safepoint: 3574 ns, Total: 18585 ns
[2026-02-06T10:19:12.337+0000][8][safepoint   ] Safepoint "Cleanup", Time since last: 2000352884 ns, Reaching safepoint: 8431 ns, Cleanup: 6863 ns, At safepoint: 4999 ns, Total: 20293 ns
[2026-02-06T10:19:13.337+0000][8][safepoint   ] Safepoint "Cleanup", Time since last: 1000095422 ns, Reaching safepoint: 11426 ns, Cleanup: 9415 ns, At safepoint: 5549 ns, Total: 26390 ns
[2026-02-06T10:19:16.337+0000][8][safepoint   ] Safepoint "Cleanup", Time since last: 3000436843 ns, Reaching safepoint: 7823 ns, Cleanup: 7273 ns, At safepoint: 4223 ns, Total: 19319 ns
[2026-02-06T10:19:17.338+0000][8][safepoint   ] Safepoint "Cleanup", Time since last: 1000090192 ns, Reaching safepoint: 9942 ns, Cleanup: 9286 ns, At safepoint: 4850 ns, Total: 24078 ns
[2026-02-06T10:19:19.338+0000][8][safepoint   ] Safepoint "Cleanup", Time since last: 2000167847 ns, Reaching safepoint: 33073 ns, Cleanup: 24957 ns, At safepoint: 5863 ns, Total: 63893 ns
[2026-02-06T10:19:21.349+0000][8][safepoint   ] Safepoint "Cleanup", Time since last: 2011276412 ns, Reaching safepoint: 7661 ns, Cleanup: 6987 ns, At safepoint: 3892 ns, Total: 18540 ns
[2026-02-06T10:19:23.349+0000][8][safepoint   ] Safepoint "Cleanup", Time since last: 2000102031 ns, Reaching safepoint: 31140 ns, Cleanup: 11063 ns, At safepoint: 7467 ns, Total: 49670 ns
[2026-02-06T10:19:27.350+0000][8][safepoint   ] Safepoint "Cleanup", Time since last: 4000319759 ns, Reaching safepoint: 19009 ns, Cleanup: 9362 ns, At safepoint: 3372 ns, Total: 31743 ns
[2026-02-06T10:19:29.350+0000][8][safepoint   ] Safepoint "Cleanup", Time since last: 2000172223 ns, Reaching safepoint: 8586 ns, Cleanup: 8730 ns, At safepoint: 4845 ns, Total: 22161 ns
[2026-02-06T10:19:31.350+0000][8][safepoint   ] Safepoint "Cleanup", Time since last: 2000147634 ns, Reaching safepoint: 7645 ns, Cleanup: 5708 ns, At safepoint: 4200 ns, Total: 17553 ns
[2026-02-06T10:19:35.350+0000][8][safepoint   ] Safepoint "Cleanup", Time since last: 4000276422 ns, Reaching safepoint: 7908 ns, Cleanup: 6746 ns, At safepoint: 4018 ns, Total: 18672 ns
[2026-02-06T10:19:37.350+0000][8][safepoint   ] Safepoint "Cleanup", Time since last: 2000143313 ns, Reaching safepoint: 14987 ns, Cleanup: 9660 ns, At safepoint: 4419 ns, Total: 29066 ns
[2026-02-06T10:19:39.351+0000][8][safepoint   ] Safepoint "Cleanup", Time since last: 2000211175 ns, Reaching safepoint: 7772 ns, Cleanup: 8003 ns, At safepoint: 4359 ns, Total: 20134 ns
[2026-02-06T10:19:40.351+0000][8][safepoint   ] Safepoint "Cleanup", Time since last: 1000152635 ns, Reaching safepoint: 24069 ns, Cleanup: 7339 ns, At safepoint: 4453 ns, Total: 35861 ns
[2026-02-06T10:19:41.351+0000][8][safepoint   ] Safepoint "Cleanup", Time since last: 1000092852 ns, Reaching safepoint: 8013 ns, Cleanup: 7672 ns, At safepoint: 4318 ns, Total: 20003 ns
[2026-02-06T10:19:42.351+0000][8][safepoint   ] Safepoint "Cleanup", Time since last: 1000088516 ns, Reaching safepoint: 9491 ns, Cleanup: 8606 ns, At safepoint: 5005 ns, Total: 23102 ns
[2026-02-06T10:19:44.351+0000][8][safepoint   ] Safepoint "Cleanup", Time since last: 2000148837 ns, Reaching safepoint: 7536 ns, Cleanup: 8296 ns, At safepoint: 4370 ns, Total: 20202 ns
[2026-02-06T10:19:46.351+0000][8][safepoint   ] Safepoint "Cleanup", Time since last: 2000138461 ns, Reaching safepoint: 7280 ns, Cleanup: 7589 ns, At safepoint: 3887 ns, Total: 18756 ns
[2026-02-06T10:19:47.351+0000][8][safepoint   ] Safepoint "Cleanup", Time since last: 1000083497 ns, Reaching safepoint: 7591 ns, Cleanup: 9224 ns, At safepoint: 4193 ns, Total: 21008 ns
[2026-02-06T10:19:48.352+0000][8][safepoint   ] Safepoint "Cleanup", Time since last: 1000083172 ns, Reaching safepoint: 7278 ns, Cleanup: 7897 ns, At safepoint: 4504 ns, Total: 19679 ns
[2026-02-06T10:19:49.352+0000][8][safepoint   ] Safepoint "Cleanup", Time since last: 1000087094 ns, Reaching safepoint: 7114 ns, Cleanup: 7642 ns, At safepoint: 3915 ns, Total: 18671 ns
[2026-02-06T10:19:50.352+0000][8][safepoint   ] Safepoint "Cleanup", Time since last: 1000046558 ns, Reaching safepoint: 7110 ns, Cleanup: 10209 ns, At safepoint: 3646 ns, Total: 20965 ns
[2026-02-06T10:19:52.352+0000][8][safepoint   ] Safepoint "Cleanup", Time since last: 2000140912 ns, Reaching safepoint: 9249 ns, Cleanup: 7760 ns, At safepoint: 4453 ns, Total: 21462 ns
[2026-02-06T10:19:56.352+0000][8][safepoint   ] Safepoint "Cleanup", Time since last: 4000250991 ns, Reaching safepoint: 7769 ns, Cleanup: 6790 ns, At safepoint: 3535 ns, Total: 18094 ns
[2026-02-06T10:19:58.352+0000][8][safepoint   ] Safepoint "Cleanup", Time since last: 2000142888 ns, Reaching safepoint: 8358 ns, Cleanup: 6697 ns, At safepoint: 3774 ns, Total: 18829 ns
[2026-02-06T10:20:00.353+0000][8][safepoint   ] Safepoint "Cleanup", Time since last: 2000145326 ns, Reaching safepoint: 9284 ns, Cleanup: 7630 ns, At safepoint: 4106 ns, Total: 21020 ns
[2026-02-06T10:20:02.353+0000][8][safepoint   ] Safepoint "Cleanup", Time since last: 2000131096 ns, Reaching safepoint: 6970 ns, Cleanup: 7743 ns, At safepoint: 3970 ns, Total: 18683 ns
[2026-02-06T10:20:06.353+0000][8][safepoint   ] Safepoint "Cleanup", Time since last: 4000273763 ns, Reaching safepoint: 82471 ns, Cleanup: 9002 ns, At safepoint: 4132 ns, Total: 95605 ns
[2026-02-06T10:20:08.355+0000][8][safepoint   ] Safepoint "Cleanup", Time since last: 2001598496 ns, Reaching safepoint: 7777 ns, Cleanup: 7097 ns, At safepoint: 5480 ns, Total: 20354 ns
[2026-02-06T10:20:10.355+0000][8][safepoint   ] Safepoint "Cleanup", Time since last: 2000200471 ns, Reaching safepoint: 7473 ns, Cleanup: 7853 ns, At safepoint: 4462 ns, Total: 19788 ns
[2026-02-06T10:20:11.355+0000][8][safepoint   ] Safepoint "Cleanup", Time since last: 1000087424 ns, Reaching safepoint: 8243 ns, Cleanup: 7512 ns, At safepoint: 4393 ns, Total: 20148 ns
[2026-02-06T10:20:20.366+0000][8][safepoint   ] Safepoint "Cleanup", Time since last: 9011392359 ns, Reaching safepoint: 8522 ns, Cleanup: 8185 ns, At safepoint: 5953 ns, Total: 22660 ns
[2026-02-06T10:20:30.367+0000][8][safepoint   ] Safepoint "Cleanup", Time since last: 10000634898 ns, Reaching safepoint: 7591 ns, Cleanup: 7066 ns, At safepoint: 4525 ns, Total: 19182 ns
[2026-02-06T10:20:32.367+0000][8][safepoint   ] Safepoint "Cleanup", Time since last: 2000205577 ns, Reaching safepoint: 8008 ns, Cleanup: 8059 ns, At safepoint: 3907 ns, Total: 19974 ns
[2026-02-06T10:20:37.368+0000][8][safepoint   ] Safepoint "Cleanup", Time since last: 5000372222 ns, Reaching safepoint: 24768 ns, Cleanup: 7118 ns, At safepoint: 5857 ns, Total: 37743 ns
[2026-02-06T10:20:39.368+0000][8][safepoint   ] Safepoint "Cleanup", Time since last: 2000244140 ns, Reaching safepoint: 7764 ns, Cleanup: 7220 ns, At safepoint: 4893 ns, Total: 19877 ns
[2026-02-06T10:20:41.368+0000][8][safepoint   ] Safepoint "Cleanup", Time since last: 2000182525 ns, Reaching safepoint: 18191 ns, Cleanup: 21443 ns, At safepoint: 11796 ns, Total: 51430 ns
[2026-02-06T10:20:44.369+0000][8][safepoint   ] Safepoint "Cleanup", Time since last: 3000473928 ns, Reaching safepoint: 7283 ns, Cleanup: 7453 ns, At safepoint: 5276 ns, Total: 20012 ns
[2026-02-06T10:20:45.369+0000][8][safepoint   ] Safepoint "Cleanup", Time since last: 1000119086 ns, Reaching safepoint: 7197 ns, Cleanup: 7013 ns, At safepoint: 6058 ns, Total: 20268 ns
[2026-02-06T10:20:47.369+0000][8][safepoint   ] Safepoint "Cleanup", Time since last: 2000146339 ns, Reaching safepoint: 11969 ns, Cleanup: 7664 ns, At safepoint: 5335 ns, Total: 24968 ns
[2026-02-06T10:20:49.369+0000][8][safepoint   ] Safepoint "Cleanup", Time since last: 2000153970 ns, Reaching safepoint: 7558 ns, Cleanup: 9376 ns, At safepoint: 4442 ns, Total: 21376 ns
[2026-02-06T10:20:54.370+0000][8][safepoint   ] Safepoint "Cleanup", Time since last: 5000549578 ns, Reaching safepoint: 7355 ns, Cleanup: 18597 ns, At safepoint: 4596 ns, Total: 30548 ns
[2026-02-06T10:20:55.370+0000][8][safepoint   ] Safepoint "Cleanup", Time since last: 1000144939 ns, Reaching safepoint: 7276 ns, Cleanup: 7672 ns, At safepoint: 4681 ns, Total: 19629 ns
[2026-02-06T10:20:57.370+0000][8][safepoint   ] Safepoint "Cleanup", Time since last: 2000154465 ns, Reaching safepoint: 6889 ns, Cleanup: 7935 ns, At safepoint: 4517 ns, Total: 19341 ns
[2026-02-06T10:20:59.370+0000][8][safepoint   ] Safepoint "Cleanup", Time since last: 2000170964 ns, Reaching safepoint: 30630 ns, Cleanup: 13643 ns, At safepoint: 22378 ns, Total: 66651 ns
[2026-02-06T10:21:01.371+0000][8][safepoint   ] Safepoint "Cleanup", Time since last: 2000191255 ns, Reaching safepoint: 7960 ns, Cleanup: 8433 ns, At safepoint: 4016 ns, Total: 20409 ns
[2026-02-06T10:21:03.371+0000][8][safepoint   ] Safepoint "Cleanup", Time since last: 2000225330 ns, Reaching safepoint: 8123 ns, Cleanup: 8382 ns, At safepoint: 4363 ns, Total: 20868 ns
[2026-02-06T10:21:09.371+0000][8][safepoint   ] Safepoint "Cleanup", Time since last: 6000402368 ns, Reaching safepoint: 20517 ns, Cleanup: 6929 ns, At safepoint: 3998 ns, Total: 31444 ns
[2026-02-06T10:21:10.371+0000][8][safepoint   ] Safepoint "Cleanup", Time since last: 1000081205 ns, Reaching safepoint: 7306 ns, Cleanup: 8870 ns, At safepoint: 4134 ns, Total: 20310 ns
[2026-02-06T10:21:13.372+0000][8][safepoint   ] Safepoint "Cleanup", Time since last: 3000367480 ns, Reaching safepoint: 18862 ns, Cleanup: 9635 ns, At safepoint: 4591 ns, Total: 33088 ns
[2026-02-06T10:21:15.372+0000][8][safepoint   ] Safepoint "Cleanup", Time since last: 2000185425 ns, Reaching safepoint: 7313 ns, Cleanup: 6682 ns, At safepoint: 4499 ns, Total: 18494 ns
[2026-02-06T10:21:29.384+0000][8][safepoint   ] Safepoint "Cleanup", Time since last: 14012449250 ns, Reaching safepoint: 7381 ns, Cleanup: 6705 ns, At safepoint: 5378 ns, Total: 19464 ns
[2026-02-06T10:21:33.385+0000][8][safepoint   ] Safepoint "Cleanup", Time since last: 4000324755 ns, Reaching safepoint: 42436 ns, Cleanup: 7534 ns, At safepoint: 3823 ns, Total: 53793 ns
[2026-02-06T10:21:36.385+0000][8][safepoint   ] Safepoint "Cleanup", Time since last: 3000180473 ns, Reaching safepoint: 8026 ns, Cleanup: 7458 ns, At safepoint: 3894 ns, Total: 19378 ns
[2026-02-06T10:21:38.385+0000][8][safepoint   ] Safepoint "Cleanup", Time since last: 2000150009 ns, Reaching safepoint: 7280 ns, Cleanup: 6886 ns, At safepoint: 5089 ns, Total: 19255 ns
[2026-02-06T10:21:40.385+0000][8][safepoint   ] Safepoint "Cleanup", Time since last: 2000198811 ns, Reaching safepoint: 19169 ns, Cleanup: 31613 ns, At safepoint: 13866 ns, Total: 64648 ns
[2026-02-06T10:21:42.386+0000][8][safepoint   ] Safepoint "Cleanup", Time since last: 2000214811 ns, Reaching safepoint: 7868 ns, Cleanup: 7374 ns, At safepoint: 3836 ns, Total: 19078 ns
[2026-02-06T10:21:52.387+0000][8][safepoint   ] Safepoint "Cleanup", Time since last: 10000905132 ns, Reaching safepoint: 29179 ns, Cleanup: 7924 ns, At safepoint: 5043 ns, Total: 42146 ns
[2026-02-06T10:21:58.387+0000][8][safepoint   ] Safepoint "Cleanup", Time since last: 6000600227 ns, Reaching safepoint: 7241 ns, Cleanup: 8234 ns, At safepoint: 5102 ns, Total: 20577 ns
[2026-02-06T10:22:00.387+0000][8][safepoint   ] Safepoint "Cleanup", Time since last: 2000154130 ns, Reaching safepoint: 24222 ns, Cleanup: 8112 ns, At safepoint: 24493 ns, Total: 56827 ns
[2026-02-06T10:22:06.388+0000][8][safepoint   ] Safepoint "Cleanup", Time since last: 6000418535 ns, Reaching safepoint: 11394 ns, Cleanup: 9534 ns, At safepoint: 5075 ns, Total: 26003 ns
[2026-02-06T10:22:09.388+0000][8][safepoint   ] Safepoint "Cleanup", Time since last: 3000196811 ns, Reaching safepoint: 7776 ns, Cleanup: 8072 ns, At safepoint: 4299 ns, Total: 20147 ns
[2026-02-06T10:22:10.388+0000][8][safepoint   ] Safepoint "Cleanup", Time since last: 1000090246 ns, Reaching safepoint: 8010 ns, Cleanup: 31194 ns, At safepoint: 5184 ns, Total: 44388 ns
[2026-02-06T10:22:11.388+0000][8][safepoint   ] Safepoint "Cleanup", Time since last: 1000091645 ns, Reaching safepoint: 10075 ns, Cleanup: 8231 ns, At safepoint: 5653 ns, Total: 23959 ns
[2026-02-06T10:22:20.402+0000][8][safepoint   ] Safepoint "Cleanup", Time since last: 9013560893 ns, Reaching safepoint: 7143 ns, Cleanup: 7018 ns, At safepoint: 4645 ns, Total: 18806 ns
[2026-02-06T10:22:22.402+0000][8][safepoint   ] Safepoint "Cleanup", Time since last: 2000173281 ns, Reaching safepoint: 8753 ns, Cleanup: 8156 ns, At safepoint: 4668 ns, Total: 21577 ns
[2026-02-06T10:22:24.402+0000][8][safepoint   ] Safepoint "Cleanup", Time since last: 2000130966 ns, Reaching safepoint: 7527 ns, Cleanup: 9781 ns, At safepoint: 5265 ns, Total: 22573 ns
[2026-02-06T10:22:30.403+0000][8][safepoint   ] Safepoint "Cleanup", Time since last: 6000504140 ns, Reaching safepoint: 9536 ns, Cleanup: 23440 ns, At safepoint: 4592 ns, Total: 37568 ns
[2026-02-06T10:22:35.403+0000][8][safepoint   ] Safepoint "Cleanup", Time since last: 5000313732 ns, Reaching safepoint: 7509 ns, Cleanup: 9244 ns, At safepoint: 3889 ns, Total: 20642 ns
[2026-02-06T10:22:37.403+0000][8][safepoint   ] Safepoint "Cleanup", Time since last: 2000148367 ns, Reaching safepoint: 8619 ns, Cleanup: 9089 ns, At safepoint: 3982 ns, Total: 21690 ns
[2026-02-06T10:22:39.403+0000][8][safepoint   ] Safepoint "Cleanup", Time since last: 2000147940 ns, Reaching safepoint: 9155 ns, Cleanup: 7628 ns, At safepoint: 5060 ns, Total: 21843 ns
[2026-02-06T10:22:45.404+0000][8][safepoint   ] Safepoint "Cleanup", Time since last: 6000394959 ns, Reaching safepoint: 17191 ns, Cleanup: 7738 ns, At safepoint: 5074 ns, Total: 30003 ns
[2026-02-06T10:22:47.404+0000][8][safepoint   ] Safepoint "Cleanup", Time since last: 2000145066 ns, Reaching safepoint: 8018 ns, Cleanup: 7489 ns, At safepoint: 4353 ns, Total: 19860 ns
[2026-02-06T10:22:53.405+0000][8][safepoint   ] Safepoint "Cleanup", Time since last: 6000437404 ns, Reaching safepoint: 29498 ns, Cleanup: 9951 ns, At safepoint: 5952 ns, Total: 45401 ns
[2026-02-06T10:22:54.406+0000][8][safepoint   ] Safepoint "Cleanup", Time since last: 1001398117 ns, Reaching safepoint: 7146 ns, Cleanup: 7349 ns, At safepoint: 4183 ns, Total: 18678 ns
[2026-02-06T10:22:57.406+0000][8][safepoint   ] Safepoint "Cleanup", Time since last: 3000212556 ns, Reaching safepoint: 9947 ns, Cleanup: 12430 ns, At safepoint: 5017 ns, Total: 27394 ns
[2026-02-06T10:22:59.406+0000][8][safepoint   ] Safepoint "Cleanup", Time since last: 2000214342 ns, Reaching safepoint: 8083 ns, Cleanup: 10380 ns, At safepoint: 5034 ns, Total: 23497 ns
[2026-02-06T10:23:01.407+0000][8][safepoint   ] Safepoint "Cleanup", Time since last: 2000208939 ns, Reaching safepoint: 18012 ns, Cleanup: 19818 ns, At safepoint: 12570 ns, Total: 50400 ns
[2026-02-06T10:23:03.407+0000][8][safepoint   ] Safepoint "Cleanup", Time since last: 2000184274 ns, Reaching safepoint: 19570 ns, Cleanup: 7791 ns, At safepoint: 4540 ns, Total: 31901 ns
[2026-02-06T10:23:05.408+0000][8][safepoint   ] Safepoint "Cleanup", Time since last: 2001532789 ns, Reaching safepoint: 6617 ns, Cleanup: 6806 ns, At safepoint: 5014 ns, Total: 18437 ns
[2026-02-06T10:23:10.409+0000][8][safepoint   ] Safepoint "Cleanup", Time since last: 5000372035 ns, Reaching safepoint: 39705 ns, Cleanup: 11845 ns, At safepoint: 6985 ns, Total: 58535 ns
[2026-02-06T10:23:11.409+0000][8][safepoint   ] Safepoint "Cleanup", Time since last: 1000089957 ns, Reaching safepoint: 7878 ns, Cleanup: 10644 ns, At safepoint: 4590 ns, Total: 23112 ns
[2026-02-06T10:23:13.409+0000][8][safepoint   ] Safepoint "Cleanup", Time since last: 2000200831 ns, Reaching safepoint: 17774 ns, Cleanup: 11231 ns, At safepoint: 4435 ns, Total: 33440 ns
[2026-02-06T10:23:15.410+0000][8][safepoint   ] Safepoint "Cleanup", Time since last: 2000186030 ns, Reaching safepoint: 51798 ns, Cleanup: 23126 ns, At safepoint: 14900 ns, Total: 89824 ns
[2026-02-06T10:23:32.420+0000][8][safepoint   ] Safepoint "Cleanup", Time since last: 17010741789 ns, Reaching safepoint: 19924 ns, Cleanup: 9471 ns, At safepoint: 5144 ns, Total: 34539 ns
[2026-02-06T10:23:33.420+0000][8][safepoint   ] Safepoint "Cleanup", Time since last: 1000156111 ns, Reaching safepoint: 7551 ns, Cleanup: 6274 ns, At safepoint: 3640 ns, Total: 17465 ns
[2026-02-06T10:23:38.421+0000][8][safepoint   ] Safepoint "Cleanup", Time since last: 5000491808 ns, Reaching safepoint: 52545 ns, Cleanup: 6152 ns, At safepoint: 23516 ns, Total: 82213 ns
[2026-02-06T10:23:40.421+0000][8][safepoint   ] Safepoint "Cleanup", Time since last: 2000141569 ns, Reaching safepoint: 9325 ns, Cleanup: 9390 ns, At safepoint: 5426 ns, Total: 24141 ns
[2026-02-06T10:23:46.422+0000][8][safepoint   ] Safepoint "Cleanup", Time since last: 6000480861 ns, Reaching safepoint: 7094 ns, Cleanup: 7419 ns, At safepoint: 4517 ns, Total: 19030 ns
[2026-02-06T10:23:50.422+0000][8][safepoint   ] Safepoint "Cleanup", Time since last: 4000286972 ns, Reaching safepoint: 18512 ns, Cleanup: 11814 ns, At safepoint: 3878 ns, Total: 34204 ns
[2026-02-06T10:23:52.424+0000][8][safepoint   ] Safepoint "Cleanup", Time since last: 2001781356 ns, Reaching safepoint: 7419 ns, Cleanup: 8903 ns, At safepoint: 5399 ns, Total: 21721 ns
[2026-02-06T10:23:58.424+0000][8][safepoint   ] Safepoint "Cleanup", Time since last: 6000495919 ns, Reaching safepoint: 8465 ns, Cleanup: 8125 ns, At safepoint: 4813 ns, Total: 21403 ns
[2026-02-06T10:24:00.425+0000][8][safepoint   ] Safepoint "Cleanup", Time since last: 2000176003 ns, Reaching safepoint: 6706 ns, Cleanup: 6931 ns, At safepoint: 4452 ns, Total: 18089 ns
[2026-02-06T10:24:02.425+0000][8][safepoint   ] Safepoint "Cleanup", Time since last: 2000233733 ns, Reaching safepoint: 7323 ns, Cleanup: 7853 ns, At safepoint: 3293 ns, Total: 18469 ns
[2026-02-06T10:24:04.425+0000][8][safepoint   ] Safepoint "Cleanup", Time since last: 2000145446 ns, Reaching safepoint: 18161 ns, Cleanup: 7675 ns, At safepoint: 3823 ns, Total: 29659 ns
[2026-02-06T10:24:06.425+0000][8][safepoint   ] Safepoint "Cleanup", Time since last: 2000206449 ns, Reaching safepoint: 19605 ns, Cleanup: 8916 ns, At safepoint: 4382 ns, Total: 32903 ns
[2026-02-06T10:24:08.426+0000][8][safepoint   ] Safepoint "Cleanup", Time since last: 2000724324 ns, Reaching safepoint: 7630 ns, Cleanup: 7776 ns, At safepoint: 5712 ns, Total: 21118 ns
[2026-02-06T10:24:10.426+0000][8][safepoint   ] Safepoint "Cleanup", Time since last: 2000145132 ns, Reaching safepoint: 7383 ns, Cleanup: 8943 ns, At safepoint: 4797 ns, Total: 21123 ns
[2026-02-06T10:24:12.426+0000][8][safepoint   ] Safepoint "Cleanup", Time since last: 2000153685 ns, Reaching safepoint: 8222 ns, Cleanup: 9875 ns, At safepoint: 4214 ns, Total: 22311 ns
[2026-02-06T10:24:14.426+0000][8][safepoint   ] Safepoint "Cleanup", Time since last: 2000145439 ns, Reaching safepoint: 7330 ns, Cleanup: 7711 ns, At safepoint: 3860 ns, Total: 18901 ns
[2026-02-06T10:24:18.427+0000][8][safepoint   ] Safepoint "Cleanup", Time since last: 4000384000 ns, Reaching safepoint: 8150 ns, Cleanup: 7161 ns, At safepoint: 3662 ns, Total: 18973 ns
[2026-02-06T10:24:35.442+0000][8][safepoint   ] Safepoint "Cleanup", Time since last: 17015520842 ns, Reaching safepoint: 21494 ns, Cleanup: 8914 ns, At safepoint: 4335 ns, Total: 34743 ns
[2026-02-06T10:24:36.443+0000][8][safepoint   ] Safepoint "Cleanup", Time since last: 1000193578 ns, Reaching safepoint: 9905 ns, Cleanup: 6587 ns, At safepoint: 4784 ns, Total: 21276 ns
[2026-02-06T10:24:37.443+0000][8][safepoint   ] Safepoint "Cleanup", Time since last: 1000088032 ns, Reaching safepoint: 29044 ns, Cleanup: 23698 ns, At safepoint: 4161 ns, Total: 56903 ns
[2026-02-06T10:24:46.443+0000][8][safepoint   ] Safepoint "Cleanup", Time since last: 9000553072 ns, Reaching safepoint: 8035 ns, Cleanup: 7151 ns, At safepoint: 5220 ns, Total: 20406 ns
[2026-02-06T10:24:49.444+0000][8][safepoint   ] Safepoint "Cleanup", Time since last: 3000167031 ns, Reaching safepoint: 7681 ns, Cleanup: 9707 ns, At safepoint: 4547 ns, Total: 21935 ns
[2026-02-06T10:25:10.445+0000][8][safepoint   ] Safepoint "Cleanup", Time since last: 21001458834 ns, Reaching safepoint: 23579 ns, Cleanup: 8918 ns, At safepoint: 5225 ns, Total: 37722 ns
[2026-02-06T10:25:32.461+0000][8][safepoint   ] Safepoint "Cleanup", Time since last: 22015695625 ns, Reaching safepoint: 22982 ns, Cleanup: 8281 ns, At safepoint: 5219 ns, Total: 36482 ns
[2026-02-06T10:25:39.462+0000][8][safepoint   ] Safepoint "Cleanup", Time since last: 7001359869 ns, Reaching safepoint: 19503 ns, Cleanup: 6977 ns, At safepoint: 4855 ns, Total: 31335 ns
[2026-02-06T10:25:56.464+0000][8][safepoint   ] Safepoint "Cleanup", Time since last: 17001598350 ns, Reaching safepoint: 20129 ns, Cleanup: 22074 ns, At safepoint: 4378 ns, Total: 46581 ns
[2026-02-06T10:25:58.466+0000][8][safepoint   ] Safepoint "Cleanup", Time since last: 2001889784 ns, Reaching safepoint: 7438 ns, Cleanup: 6993 ns, At safepoint: 4809 ns, Total: 19240 ns
[2026-02-06T10:25:59.466+0000][8][safepoint   ] Safepoint "Cleanup", Time since last: 1000128845 ns, Reaching safepoint: 7013 ns, Cleanup: 5935 ns, At safepoint: 3530 ns, Total: 16478 ns
[2026-02-06T10:26:00.466+0000][8][safepoint   ] Safepoint "Cleanup", Time since last: 1000078211 ns, Reaching safepoint: 7032 ns, Cleanup: 13873 ns, At safepoint: 17974 ns, Total: 38879 ns
[2026-02-06T10:26:02.466+0000][8][safepoint   ] Safepoint "Cleanup", Time since last: 2000147211 ns, Reaching safepoint: 7299 ns, Cleanup: 6789 ns, At safepoint: 3601 ns, Total: 17689 ns
[2026-02-06T10:26:04.466+0000][8][safepoint   ] Safepoint "Cleanup", Time since last: 2000145104 ns, Reaching safepoint: 7532 ns, Cleanup: 8344 ns, At safepoint: 4500 ns, Total: 20376 ns
[2026-02-06T10:26:10.467+0000][8][safepoint   ] Safepoint "Cleanup", Time since last: 6000568892 ns, Reaching safepoint: 16487 ns, Cleanup: 9688 ns, At safepoint: 4303 ns, Total: 30478 ns
[2026-02-06T10:26:19.468+0000][8][safepoint   ] Safepoint "Cleanup", Time since last: 9000823428 ns, Reaching safepoint: 9319 ns, Cleanup: 9246 ns, At safepoint: 4822 ns, Total: 23387 ns
[2026-02-06T10:26:21.468+0000][8][safepoint   ] Safepoint "Cleanup", Time since last: 2000145223 ns, Reaching safepoint: 6880 ns, Cleanup: 7294 ns, At safepoint: 3741 ns, Total: 17915 ns
[2026-02-06T10:26:25.468+0000][8][safepoint   ] Safepoint "Cleanup", Time since last: 4000284709 ns, Reaching safepoint: 6520 ns, Cleanup: 6575 ns, At safepoint: 5087 ns, Total: 18182 ns
[2026-02-06T10:26:27.468+0000][8][safepoint   ] Safepoint "Cleanup", Time since last: 2000179553 ns, Reaching safepoint: 17895 ns, Cleanup: 27452 ns, At safepoint: 15384 ns, Total: 60731 ns
[2026-02-06T10:26:29.469+0000][8][safepoint   ] Safepoint "Cleanup", Time since last: 2000200250 ns, Reaching safepoint: 7253 ns, Cleanup: 6912 ns, At safepoint: 4450 ns, Total: 18615 ns
[2026-02-06T10:26:33.469+0000][8][safepoint   ] Safepoint "Cleanup", Time since last: 4000371022 ns, Reaching safepoint: 7947 ns, Cleanup: 12713 ns, At safepoint: 4683 ns, Total: 25343 ns
[2026-02-06T10:26:35.469+0000][8][safepoint   ] Safepoint "Cleanup", Time since last: 2000153948 ns, Reaching safepoint: 8408 ns, Cleanup: 7879 ns, At safepoint: 4407 ns, Total: 20694 ns
[2026-02-06T10:26:37.473+0000][8][safepoint   ] Safepoint "Cleanup", Time since last: 2004174895 ns, Reaching safepoint: 6898 ns, Cleanup: 8544 ns, At safepoint: 4246 ns, Total: 19688 ns
[2026-02-06T10:26:39.474+0000][8][safepoint   ] Safepoint "Cleanup", Time since last: 2000207136 ns, Reaching safepoint: 50729 ns, Cleanup: 18117 ns, At safepoint: 30999 ns, Total: 99845 ns
[2026-02-06T10:26:40.474+0000][8][safepoint   ] Safepoint "Cleanup", Time since last: 1000105074 ns, Reaching safepoint: 8194 ns, Cleanup: 10472 ns, At safepoint: 3719 ns, Total: 22385 ns
[2026-02-06T10:26:41.474+0000][8][safepoint   ] Safepoint "Cleanup", Time since last: 1000147972 ns, Reaching safepoint: 6839 ns, Cleanup: 7135 ns, At safepoint: 4567 ns, Total: 18541 ns
[2026-02-06T10:26:45.474+0000][8][safepoint   ] Safepoint "Cleanup", Time since last: 4000344135 ns, Reaching safepoint: 19177 ns, Cleanup: 7930 ns, At safepoint: 6037 ns, Total: 33144 ns
[2026-02-06T10:26:47.475+0000][8][safepoint   ] Safepoint "Cleanup", Time since last: 2000201888 ns, Reaching safepoint: 9218 ns, Cleanup: 8286 ns, At safepoint: 4826 ns, Total: 22330 ns
[2026-02-06T10:26:51.475+0000][8][safepoint   ] Safepoint "Cleanup", Time since last: 4000244237 ns, Reaching safepoint: 17794 ns, Cleanup: 6799 ns, At safepoint: 3134 ns, Total: 27727 ns
[2026-02-06T10:26:55.477+0000][8][safepoint   ] Safepoint "Cleanup", Time since last: 4001576741 ns, Reaching safepoint: 8552 ns, Cleanup: 10697 ns, At safepoint: 4636 ns, Total: 23885 ns
[2026-02-06T10:26:59.477+0000][8][safepoint   ] Safepoint "Cleanup", Time since last: 4000305780 ns, Reaching safepoint: 37303 ns, Cleanup: 6800 ns, At safepoint: 4426 ns, Total: 48529 ns
[2026-02-06T10:27:03.477+0000][8][safepoint   ] Safepoint "Cleanup", Time since last: 4000439222 ns, Reaching safepoint: 17654 ns, Cleanup: 7664 ns, At safepoint: 4786 ns, Total: 30104 ns
[2026-02-06T10:27:11.478+0000][8][safepoint   ] Safepoint "Cleanup", Time since last: 8000636635 ns, Reaching safepoint: 17732 ns, Cleanup: 6535 ns, At safepoint: 4612 ns, Total: 28879 ns
[2026-02-06T10:27:24.480+0000][8][safepoint   ] Safepoint "Cleanup", Time since last: 13002368620 ns, Reaching safepoint: 18670 ns, Cleanup: 18056 ns, At safepoint: 13139 ns, Total: 49865 ns
[2026-02-06T10:27:26.481+0000][8][safepoint   ] Safepoint "Cleanup", Time since last: 2000499788 ns, Reaching safepoint: 7076 ns, Cleanup: 7088 ns, At safepoint: 3460 ns, Total: 17624 ns
[2026-02-06T10:27:30.481+0000][8][safepoint   ] Safepoint "Cleanup", Time since last: 4000304158 ns, Reaching safepoint: 7983 ns, Cleanup: 7269 ns, At safepoint: 4267 ns, Total: 19519 ns
[2026-02-06T10:27:32.481+0000][8][safepoint   ] Safepoint "Cleanup", Time since last: 2000196160 ns, Reaching safepoint: 7609 ns, Cleanup: 7255 ns, At safepoint: 4638 ns, Total: 19502 ns
[2026-02-06T10:27:36.482+0000][8][safepoint   ] Safepoint "Cleanup", Time since last: 4000374164 ns, Reaching safepoint: 11863 ns, Cleanup: 8431 ns, At safepoint: 22739 ns, Total: 43033 ns
[2026-02-06T10:27:40.482+0000][8][safepoint   ] Safepoint "Cleanup", Time since last: 4000278151 ns, Reaching safepoint: 9641 ns, Cleanup: 8195 ns, At safepoint: 5190 ns, Total: 23026 ns
[2026-02-06T10:27:53.483+0000][8][safepoint   ] Safepoint "Cleanup", Time since last: 13001173546 ns, Reaching safepoint: 6851 ns, Cleanup: 27743 ns, At safepoint: 5384 ns, Total: 39978 ns
[2026-02-06T10:28:05.485+0000][8][safepoint   ] Safepoint "Cleanup", Time since last: 12001004713 ns, Reaching safepoint: 59683 ns, Cleanup: 41114 ns, At safepoint: 5527 ns, Total: 106324 ns
[2026-02-06T10:28:09.486+0000][8][safepoint   ] Safepoint "Cleanup", Time since last: 4001738846 ns, Reaching safepoint: 7307 ns, Cleanup: 8944 ns, At safepoint: 4009 ns, Total: 20260 ns
[2026-02-06T10:28:11.487+0000][8][safepoint   ] Safepoint "Cleanup", Time since last: 2000226987 ns, Reaching safepoint: 47209 ns, Cleanup: 23902 ns, At safepoint: 24214 ns, Total: 95325 ns
[2026-02-06T10:28:18.487+0000][8][safepoint   ] Safepoint "Cleanup", Time since last: 7000478341 ns, Reaching safepoint: 89419 ns, Cleanup: 10947 ns, At safepoint: 4277 ns, Total: 104643 ns
[2026-02-06T10:28:19.489+0000][8][safepoint   ] Safepoint "Cleanup", Time since last: 1001488057 ns, Reaching safepoint: 6899 ns, Cleanup: 7369 ns, At safepoint: 2836 ns, Total: 17104 ns
[2026-02-06T10:28:26.524+0000][8][safepoint   ] Safepoint "Cleanup", Time since last: 7035190637 ns, Reaching safepoint: 38149 ns, Cleanup: 7814 ns, At safepoint: 5075 ns, Total: 51038 ns
[2026-02-06T10:28:33.526+0000][8][safepoint   ] Safepoint "Cleanup", Time since last: 7001802554 ns, Reaching safepoint: 30192 ns, Cleanup: 7607 ns, At safepoint: 4518 ns, Total: 42317 ns
[2026-02-06T10:28:35.526+0000][8][safepoint   ] Safepoint "Cleanup", Time since last: 2000162066 ns, Reaching safepoint: 7278 ns, Cleanup: 7648 ns, At safepoint: 4063 ns, Total: 18989 ns
[2026-02-06T10:28:37.526+0000][8][safepoint   ] Safepoint "Cleanup", Time since last: 2000194047 ns, Reaching safepoint: 18456 ns, Cleanup: 17767 ns, At safepoint: 14939 ns, Total: 51162 ns
[2026-02-06T10:28:39.526+0000][8][safepoint   ] Safepoint "Cleanup", Time since last: 2000202929 ns, Reaching safepoint: 18176 ns, Cleanup: 28118 ns, At safepoint: 3563 ns, Total: 49857 ns
[2026-02-06T10:28:48.527+0000][8][safepoint   ] Safepoint "Cleanup", Time since last: 9000561466 ns, Reaching safepoint: 19370 ns, Cleanup: 9188 ns, At safepoint: 5137 ns, Total: 33695 ns
[2026-02-06T10:28:55.528+0000][8][safepoint   ] Safepoint "Cleanup", Time since last: 7000568656 ns, Reaching safepoint: 8427 ns, Cleanup: 9188 ns, At safepoint: 4649 ns, Total: 22264 ns
[2026-02-06T10:29:14.529+0000][8][safepoint   ] Safepoint "Cleanup", Time since last: 19001297522 ns, Reaching safepoint: 19615 ns, Cleanup: 8112 ns, At safepoint: 4157 ns, Total: 31884 ns
[2026-02-06T10:29:16.530+0000][8][safepoint   ] Safepoint "Cleanup", Time since last: 2000687674 ns, Reaching safepoint: 7923 ns, Cleanup: 6990 ns, At safepoint: 4326 ns, Total: 19239 ns
[2026-02-06T10:29:33.531+0000][8][safepoint   ] Safepoint "Cleanup", Time since last: 17001086036 ns, Reaching safepoint: 24390 ns, Cleanup: 7656 ns, At safepoint: 4958 ns, Total: 37004 ns
[2026-02-06T10:29:38.533+0000][8][safepoint   ] Safepoint "Cleanup", Time since last: 5001937243 ns, Reaching safepoint: 6552 ns, Cleanup: 6757 ns, At safepoint: 4075 ns, Total: 17384 ns
[2026-02-06T10:29:40.533+0000][8][safepoint   ] Safepoint "Cleanup", Time since last: 2000197988 ns, Reaching safepoint: 10254 ns, Cleanup: 10710 ns, At safepoint: 5663 ns, Total: 26627 ns
[2026-02-06T10:29:53.534+0000][8][safepoint   ] Safepoint "Cleanup", Time since last: 13001204603 ns, Reaching safepoint: 19447 ns, Cleanup: 7562 ns, At safepoint: 5505 ns, Total: 32514 ns
[2026-02-06T10:30:05.537+0000][8][safepoint   ] Safepoint "Cleanup", Time since last: 12002583267 ns, Reaching safepoint: 8257 ns, Cleanup: 9529 ns, At safepoint: 4695 ns, Total: 22481 ns
[2026-02-06T10:30:10.537+0000][8][safepoint   ] Safepoint "Cleanup", Time since last: 5000441889 ns, Reaching safepoint: 18787 ns, Cleanup: 18416 ns, At safepoint: 13236 ns, Total: 50439 ns
[2026-02-06T10:30:14.538+0000][8][safepoint   ] Safepoint "Cleanup", Time since last: 4000366473 ns, Reaching safepoint: 20607 ns, Cleanup: 8876 ns, At safepoint: 4119 ns, Total: 33602 ns
[2026-02-06T10:30:19.538+0000][8][safepoint   ] Safepoint "Cleanup", Time since last: 5000465032 ns, Reaching safepoint: 7055 ns, Cleanup: 6642 ns, At safepoint: 3485 ns, Total: 17182 ns
[2026-02-06T10:30:23.561+0000][8][safepoint   ] Safepoint "Cleanup", Time since last: 4022985761 ns, Reaching safepoint: 21415 ns, Cleanup: 20539 ns, At safepoint: 8373 ns, Total: 50327 ns
[2026-02-06T10:30:24.561+0000][8][safepoint   ] Safepoint "Cleanup", Time since last: 1000148888 ns, Reaching safepoint: 18690 ns, Cleanup: 28596 ns, At safepoint: 17524 ns, Total: 64810 ns
[2026-02-06T10:30:29.562+0000][8][safepoint   ] Safepoint "Cleanup", Time since last: 5000425812 ns, Reaching safepoint: 7731 ns, Cleanup: 7345 ns, At safepoint: 4951 ns, Total: 20027 ns
[2026-02-06T10:30:31.562+0000][8][safepoint   ] Safepoint "Cleanup", Time since last: 2000158846 ns, Reaching safepoint: 8140 ns, Cleanup: 7268 ns, At safepoint: 4495 ns, Total: 19903 ns
[2026-02-06T10:30:41.563+0000][8][safepoint   ] Safepoint "Cleanup", Time since last: 10000663289 ns, Reaching safepoint: 8253 ns, Cleanup: 8316 ns, At safepoint: 4466 ns, Total: 21035 ns
[2026-02-06T10:30:46.563+0000][8][safepoint   ] Safepoint "Cleanup", Time since last: 5000375119 ns, Reaching safepoint: 23922 ns, Cleanup: 9072 ns, At safepoint: 5112 ns, Total: 38106 ns
[2026-02-06T10:30:48.563+0000][8][safepoint   ] Safepoint "Cleanup", Time since last: 2000248349 ns, Reaching safepoint: 7188 ns, Cleanup: 7682 ns, At safepoint: 4249 ns, Total: 19119 ns
[2026-02-06T10:30:52.564+0000][8][safepoint   ] Safepoint "Cleanup", Time since last: 4000293319 ns, Reaching safepoint: 18539 ns, Cleanup: 9365 ns, At safepoint: 5150 ns, Total: 33054 ns
[2026-02-06T10:30:58.564+0000][8][safepoint   ] Safepoint "Cleanup", Time since last: 6000542916 ns, Reaching safepoint: 7291 ns, Cleanup: 7647 ns, At safepoint: 4875 ns, Total: 19813 ns
[2026-02-06T10:31:24.566+0000][8][safepoint   ] Safepoint "Cleanup", Time since last: 26002020038 ns, Reaching safepoint: 21642 ns, Cleanup: 13215 ns, At safepoint: 6811 ns, Total: 41668 ns
[2026-02-06T10:31:36.569+0000][8][safepoint   ] Safepoint "Cleanup", Time since last: 12002326991 ns, Reaching safepoint: 13896 ns, Cleanup: 7528 ns, At safepoint: 3901 ns, Total: 25325 ns
[2026-02-06T10:31:45.569+0000][8][safepoint   ] Safepoint "Cleanup", Time since last: 9000630271 ns, Reaching safepoint: 59278 ns, Cleanup: 33748 ns, At safepoint: 4816 ns, Total: 97842 ns
[2026-02-06T10:32:07.571+0000][8][safepoint   ] Safepoint "Cleanup", Time since last: 22001647351 ns, Reaching safepoint: 20518 ns, Cleanup: 8698 ns, At safepoint: 4143 ns, Total: 33359 ns
[2026-02-06T10:32:10.573+0000][8][safepoint   ] Safepoint "Cleanup", Time since last: 3001742073 ns, Reaching safepoint: 21559 ns, Cleanup: 25853 ns, At safepoint: 4732 ns, Total: 52144 ns
[2026-02-06T10:32:25.599+0000][8][safepoint   ] Safepoint "Cleanup", Time since last: 15025552186 ns, Reaching safepoint: 19803 ns, Cleanup: 9086 ns, At safepoint: 5962 ns, Total: 34851 ns
[2026-02-06T10:32:40.600+0000][8][safepoint   ] Safepoint "Cleanup", Time since last: 15001123016 ns, Reaching safepoint: 7513 ns, Cleanup: 7711 ns, At safepoint: 5039 ns, Total: 20263 ns
[2026-02-06T10:32:41.600+0000][8][safepoint   ] Safepoint "Cleanup", Time since last: 1000106444 ns, Reaching safepoint: 7305 ns, Cleanup: 7047 ns, At safepoint: 4934 ns, Total: 19286 ns
[2026-02-06T10:33:10.602+0000][8][safepoint   ] Safepoint "Cleanup", Time since last: 29001869360 ns, Reaching safepoint: 22205 ns, Cleanup: 10299 ns, At safepoint: 4862 ns, Total: 37366 ns
[2026-02-06T10:33:12.602+0000][8][safepoint   ] Safepoint "Cleanup", Time since last: 2000337213 ns, Reaching safepoint: 7237 ns, Cleanup: 6929 ns, At safepoint: 3984 ns, Total: 18150 ns
[2026-02-06T10:33:39.604+0000][8][safepoint   ] Safepoint "Cleanup", Time since last: 27001744309 ns, Reaching safepoint: 19212 ns, Cleanup: 12623 ns, At safepoint: 4595 ns, Total: 36430 ns
[2026-02-06T10:33:49.606+0000][8][safepoint   ] Safepoint "Cleanup", Time since last: 10002096948 ns, Reaching safepoint: 7249 ns, Cleanup: 8819 ns, At safepoint: 5560 ns, Total: 21628 ns
[2026-02-06T10:33:53.606+0000][8][safepoint   ] Safepoint "Cleanup", Time since last: 4000301135 ns, Reaching safepoint: 7159 ns, Cleanup: 6888 ns, At safepoint: 4642 ns, Total: 18689 ns
[2026-02-06T10:33:59.607+0000][8][safepoint   ] Safepoint "Cleanup", Time since last: 6000548141 ns, Reaching safepoint: 18131 ns, Cleanup: 7431 ns, At safepoint: 5190 ns, Total: 30752 ns
[2026-02-06T10:34:01.607+0000][8][safepoint   ] Safepoint "Cleanup", Time since last: 2000125325 ns, Reaching safepoint: 7052 ns, Cleanup: 7056 ns, At safepoint: 4725 ns, Total: 18833 ns
[2026-02-06T10:34:07.607+0000][8][safepoint   ] Safepoint "Cleanup", Time since last: 6000389054 ns, Reaching safepoint: 21333 ns, Cleanup: 7627 ns, At safepoint: 4515 ns, Total: 33475 ns
[2026-02-06T10:34:10.609+0000][8][safepoint   ] Safepoint "Cleanup", Time since last: 3001818601 ns, Reaching safepoint: 17031 ns, Cleanup: 8503 ns, At safepoint: 4559 ns, Total: 30093 ns
[2026-02-06T10:34:15.610+0000][8][safepoint   ] Safepoint "Cleanup", Time since last: 5000698847 ns, Reaching safepoint: 7520 ns, Cleanup: 6445 ns, At safepoint: 3286 ns, Total: 17251 ns
[2026-02-06T10:34:38.612+0000][8][safepoint   ] Safepoint "Cleanup", Time since last: 23001897516 ns, Reaching safepoint: 23481 ns, Cleanup: 9006 ns, At safepoint: 6774 ns, Total: 39261 ns
[2026-02-06T10:34:48.614+0000][8][safepoint   ] Safepoint "Cleanup", Time since last: 10002175121 ns, Reaching safepoint: 31411 ns, Cleanup: 7424 ns, At safepoint: 3842 ns, Total: 42677 ns
[2026-02-06T10:35:06.616+0000][8][safepoint   ] Safepoint "Cleanup", Time since last: 18001452193 ns, Reaching safepoint: 24023 ns, Cleanup: 10332 ns, At safepoint: 4979 ns, Total: 39334 ns
[2026-02-06T10:35:08.616+0000][8][safepoint   ] Safepoint "Cleanup", Time since last: 2000313388 ns, Reaching safepoint: 7322 ns, Cleanup: 7778 ns, At safepoint: 3736 ns, Total: 18836 ns
[2026-02-06T10:35:11.616+0000][8][safepoint   ] Safepoint "Cleanup", Time since last: 3000202403 ns, Reaching safepoint: 8297 ns, Cleanup: 7749 ns, At safepoint: 3757 ns, Total: 19803 ns
[2026-02-06T10:35:19.617+0000][8][safepoint   ] Safepoint "Cleanup", Time since last: 8000577693 ns, Reaching safepoint: 7933 ns, Cleanup: 7713 ns, At safepoint: 3851 ns, Total: 19497 ns
[2026-02-06T10:35:27.617+0000][8][safepoint   ] Safepoint "Cleanup", Time since last: 8000600352 ns, Reaching safepoint: 18972 ns, Cleanup: 6817 ns, At safepoint: 3560 ns, Total: 29349 ns
[2026-02-06T10:35:41.619+0000][8][safepoint   ] Safepoint "Cleanup", Time since last: 14001474824 ns, Reaching safepoint: 19510 ns, Cleanup: 10065 ns, At safepoint: 4823 ns, Total: 34398 ns
[2026-02-06T10:35:47.621+0000][8][safepoint   ] Safepoint "Cleanup", Time since last: 6002068755 ns, Reaching safepoint: 8454 ns, Cleanup: 7926 ns, At safepoint: 4344 ns, Total: 20724 ns
[2026-02-06T10:36:10.623+0000][8][safepoint   ] Safepoint "Cleanup", Time since last: 23002023380 ns, Reaching safepoint: 19139 ns, Cleanup: 9761 ns, At safepoint: 5258 ns, Total: 34158 ns
[2026-02-06T10:36:16.623+0000][8][safepoint   ] Safepoint "Cleanup", Time since last: 6000391959 ns, Reaching safepoint: 7404 ns, Cleanup: 6816 ns, At safepoint: 3794 ns, Total: 18014 ns
[2026-02-06T10:36:18.624+0000][8][safepoint   ] Safepoint "Cleanup", Time since last: 2000152171 ns, Reaching safepoint: 9258 ns, Cleanup: 9487 ns, At safepoint: 4915 ns, Total: 23660 ns
[2026-02-06T10:36:28.625+0000][8][safepoint   ] Safepoint "Cleanup", Time since last: 10001243735 ns, Reaching safepoint: 19444 ns, Cleanup: 7692 ns, At safepoint: 4937 ns, Total: 32073 ns
[2026-02-06T10:36:41.627+0000][8][safepoint   ] Safepoint "Cleanup", Time since last: 13002436526 ns, Reaching safepoint: 8887 ns, Cleanup: 7549 ns, At safepoint: 4414 ns, Total: 20850 ns
[2026-02-06T10:36:42.628+0000][8][safepoint   ] Safepoint "Cleanup", Time since last: 1000093023 ns, Reaching safepoint: 12233 ns, Cleanup: 11386 ns, At safepoint: 5362 ns, Total: 28981 ns
[2026-02-06T10:36:44.628+0000][8][safepoint   ] Safepoint "Cleanup", Time since last: 2000185171 ns, Reaching safepoint: 31997 ns, Cleanup: 19397 ns, At safepoint: 13019 ns, Total: 64413 ns
[2026-02-06T10:36:46.628+0000][8][safepoint   ] Safepoint "Cleanup", Time since last: 2000215526 ns, Reaching safepoint: 7108 ns, Cleanup: 7942 ns, At safepoint: 4327 ns, Total: 19377 ns
[2026-02-06T10:36:50.628+0000][8][safepoint   ] Safepoint "Cleanup", Time since last: 4000441260 ns, Reaching safepoint: 26327 ns, Cleanup: 6568 ns, At safepoint: 4270 ns, Total: 37165 ns
[2026-02-06T10:37:10.630+0000][8][safepoint   ] Safepoint "Cleanup", Time since last: 20001329862 ns, Reaching safepoint: 71216 ns, Cleanup: 8262 ns, At safepoint: 4819 ns, Total: 84297 ns
[2026-02-06T10:37:11.631+0000][8][safepoint   ] Safepoint "Cleanup", Time since last: 1001459580 ns, Reaching safepoint: 7323 ns, Cleanup: 7803 ns, At safepoint: 4077 ns, Total: 19203 ns
[2026-02-06T10:37:25.632+0000][8][safepoint   ] Safepoint "Cleanup", Time since last: 14001071802 ns, Reaching safepoint: 7517 ns, Cleanup: 9171 ns, At safepoint: 4281 ns, Total: 20969 ns
[2026-02-06T10:37:38.633+0000][8][safepoint   ] Safepoint "Cleanup", Time since last: 13000953408 ns, Reaching safepoint: 16944 ns, Cleanup: 6849 ns, At safepoint: 4801 ns, Total: 28594 ns
[2026-02-06T10:37:45.636+0000][8][safepoint   ] Safepoint "Cleanup", Time since last: 7002573704 ns, Reaching safepoint: 7544 ns, Cleanup: 11256 ns, At safepoint: 4223 ns, Total: 23023 ns
[2026-02-06T10:37:53.637+0000][8][safepoint   ] Safepoint "Cleanup", Time since last: 8000782004 ns, Reaching safepoint: 18309 ns, Cleanup: 44234 ns, At safepoint: 4432 ns, Total: 66975 ns
[2026-02-06T10:38:12.638+0000][8][safepoint   ] Safepoint "Cleanup", Time since last: 19001407080 ns, Reaching safepoint: 58254 ns, Cleanup: 20747 ns, At safepoint: 25251 ns, Total: 104252 ns
[2026-02-06T10:38:14.640+0000][8][safepoint   ] Safepoint "Cleanup", Time since last: 2001648011 ns, Reaching safepoint: 7014 ns, Cleanup: 6870 ns, At safepoint: 5833 ns, Total: 19717 ns
[2026-02-06T10:38:20.640+0000][8][safepoint   ] Safepoint "Cleanup", Time since last: 6000401924 ns, Reaching safepoint: 8423 ns, Cleanup: 8132 ns, At safepoint: 4694 ns, Total: 21249 ns
[2026-02-06T10:38:44.643+0000][8][safepoint   ] Safepoint "Cleanup", Time since last: 24002421334 ns, Reaching safepoint: 20071 ns, Cleanup: 10793 ns, At safepoint: 4520 ns, Total: 35384 ns
[2026-02-06T10:39:01.644+0000][8][safepoint   ] Safepoint "Cleanup", Time since last: 17001495180 ns, Reaching safepoint: 19983 ns, Cleanup: 9651 ns, At safepoint: 4444 ns, Total: 34078 ns
[2026-02-06T10:39:04.645+0000][8][safepoint   ] Safepoint "Cleanup", Time since last: 3000502068 ns, Reaching safepoint: 8066 ns, Cleanup: 8657 ns, At safepoint: 5493 ns, Total: 22216 ns
[2026-02-06T10:39:06.645+0000][8][safepoint   ] Safepoint "Cleanup", Time since last: 2000145663 ns, Reaching safepoint: 6748 ns, Cleanup: 6607 ns, At safepoint: 2623 ns, Total: 15978 ns
[2026-02-06T10:39:17.646+0000][8][safepoint   ] Safepoint "Cleanup", Time since last: 11001185572 ns, Reaching safepoint: 19952 ns, Cleanup: 8395 ns, At safepoint: 5069 ns, Total: 33416 ns
[2026-02-06T10:39:21.648+0000][8][safepoint   ] Safepoint "Cleanup", Time since last: 4001998292 ns, Reaching safepoint: 7911 ns, Cleanup: 6691 ns, At safepoint: 5075 ns, Total: 19677 ns
[2026-02-06T10:39:23.649+0000][8][safepoint   ] Safepoint "Cleanup", Time since last: 2000296000 ns, Reaching safepoint: 7064 ns, Cleanup: 6800 ns, At safepoint: 15009 ns, Total: 28873 ns
[2026-02-06T10:39:25.649+0000][8][safepoint   ] Safepoint "Cleanup", Time since last: 2000180540 ns, Reaching safepoint: 8539 ns, Cleanup: 8396 ns, At safepoint: 4183 ns, Total: 21118 ns
[2026-02-06T10:39:27.649+0000][8][safepoint   ] Safepoint "Cleanup", Time since last: 2000182765 ns, Reaching safepoint: 7303 ns, Cleanup: 7542 ns, At safepoint: 4453 ns, Total: 19298 ns
[2026-02-06T10:39:29.649+0000][8][safepoint   ] Safepoint "Cleanup", Time since last: 2000322342 ns, Reaching safepoint: 7037 ns, Cleanup: 6296 ns, At safepoint: 5300 ns, Total: 18633 ns
[2026-02-06T10:39:40.650+0000][8][safepoint   ] Safepoint "Cleanup", Time since last: 11000768101 ns, Reaching safepoint: 7692 ns, Cleanup: 7183 ns, At safepoint: 4643 ns, Total: 19518 ns
[2026-02-06T10:39:43.651+0000][8][safepoint   ] Safepoint "Cleanup", Time since last: 3000331777 ns, Reaching safepoint: 10792 ns, Cleanup: 10457 ns, At safepoint: 7145 ns, Total: 28394 ns
[2026-02-06T10:39:56.652+0000][8][safepoint   ] Safepoint "Cleanup", Time since last: 13001143347 ns, Reaching safepoint: 19000 ns, Cleanup: 8735 ns, At safepoint: 4387 ns, Total: 32122 ns
[2026-02-06T10:40:14.655+0000][8][safepoint   ] Safepoint "Cleanup", Time since last: 18003418941 ns, Reaching safepoint: 7558 ns, Cleanup: 7414 ns, At safepoint: 5149 ns, Total: 20121 ns
[2026-02-06T10:40:34.657+0000][8][safepoint   ] Safepoint "Cleanup", Time since last: 20001666875 ns, Reaching safepoint: 18965 ns, Cleanup: 9026 ns, At safepoint: 4880 ns, Total: 32871 ns
[2026-02-06T10:40:41.659+0000][8][safepoint   ] Safepoint "Cleanup", Time since last: 7001969147 ns, Reaching safepoint: 18400 ns, Cleanup: 8059 ns, At safepoint: 4318 ns, Total: 30777 ns
[2026-02-06T10:41:03.661+0000][8][safepoint   ] Safepoint "Cleanup", Time since last: 22001815542 ns, Reaching safepoint: 20631 ns, Cleanup: 10540 ns, At safepoint: 4961 ns, Total: 36132 ns
[2026-02-06T10:41:05.661+0000][8][safepoint   ] Safepoint "Cleanup", Time since last: 2000200300 ns, Reaching safepoint: 6956 ns, Cleanup: 8780 ns, At safepoint: 4754 ns, Total: 20490 ns
[2026-02-06T10:41:10.662+0000][8][safepoint   ] Safepoint "Cleanup", Time since last: 5000558667 ns, Reaching safepoint: 7598 ns, Cleanup: 8303 ns, At safepoint: 5242 ns, Total: 21143 ns
[2026-02-06T10:41:29.663+0000][8][safepoint   ] Safepoint "Cleanup", Time since last: 19001355038 ns, Reaching safepoint: 7567 ns, Cleanup: 6931 ns, At safepoint: 26520 ns, Total: 41018 ns
[2026-02-06T10:41:34.665+0000][8][safepoint   ] Safepoint "Cleanup", Time since last: 5001713051 ns, Reaching safepoint: 18178 ns, Cleanup: 32007 ns, At safepoint: 8201 ns, Total: 58386 ns
[2026-02-06T10:41:40.667+0000][8][safepoint   ] Safepoint "Cleanup", Time since last: 6001753155 ns, Reaching safepoint: 8299 ns, Cleanup: 8277 ns, At safepoint: 4329 ns, Total: 20905 ns
[2026-02-06T10:42:13.669+0000][8][safepoint   ] Safepoint "Cleanup", Time since last: 33002221855 ns, Reaching safepoint: 37130 ns, Cleanup: 12004 ns, At safepoint: 9346 ns, Total: 58480 ns
[2026-02-06T10:42:14.669+0000][8][safepoint   ] Safepoint "Cleanup", Time since last: 1000357444 ns, Reaching safepoint: 9030 ns, Cleanup: 12426 ns, At safepoint: 5313 ns, Total: 26769 ns
[2026-02-06T10:42:16.669+0000][8][safepoint   ] Safepoint "Cleanup", Time since last: 2000183875 ns, Reaching safepoint: 22905 ns, Cleanup: 17178 ns, At safepoint: 12634 ns, Total: 52717 ns
[2026-02-06T10:42:24.670+0000][8][safepoint   ] Safepoint "Cleanup", Time since last: 8000647926 ns, Reaching safepoint: 9517 ns, Cleanup: 9359 ns, At safepoint: 5803 ns, Total: 24679 ns
[2026-02-06T10:42:40.671+0000][8][safepoint   ] Safepoint "Cleanup", Time since last: 16001101579 ns, Reaching safepoint: 9728 ns, Cleanup: 8508 ns, At safepoint: 4186 ns, Total: 22422 ns
[2026-02-06T10:42:41.671+0000][8][safepoint   ] Safepoint "Cleanup", Time since last: 1000090816 ns, Reaching safepoint: 9309 ns, Cleanup: 9452 ns, At safepoint: 5064 ns, Total: 23825 ns
[2026-02-06T10:42:49.672+0000][8][safepoint   ] Safepoint "Cleanup", Time since last: 8000530044 ns, Reaching safepoint: 18789 ns, Cleanup: 8592 ns, At safepoint: 4654 ns, Total: 32035 ns
[2026-02-06T10:43:17.674+0000][8][safepoint   ] Safepoint "Cleanup", Time since last: 28002008625 ns, Reaching safepoint: 53758 ns, Cleanup: 13100 ns, At safepoint: 7016 ns, Total: 73874 ns
[2026-02-06T10:43:29.676+0000][8][safepoint   ] Safepoint "Cleanup", Time since last: 12002310959 ns, Reaching safepoint: 19549 ns, Cleanup: 22425 ns, At safepoint: 14726 ns, Total: 56700 ns
[2026-02-06T10:43:36.677+0000][8][safepoint   ] Safepoint "Cleanup", Time since last: 7000530749 ns, Reaching safepoint: 9491 ns, Cleanup: 8117 ns, At safepoint: 5929 ns, Total: 23537 ns
[2026-02-06T10:43:40.677+0000][8][safepoint   ] Safepoint "Cleanup", Time since last: 4000317555 ns, Reaching safepoint: 19344 ns, Cleanup: 9708 ns, At safepoint: 4729 ns, Total: 33781 ns
[2026-02-06T10:43:42.679+0000][8][safepoint   ] Safepoint "Cleanup", Time since last: 2001490522 ns, Reaching safepoint: 14811 ns, Cleanup: 11926 ns, At safepoint: 6564 ns, Total: 33301 ns
[2026-02-06T10:43:46.679+0000][8][safepoint   ] Safepoint "Cleanup", Time since last: 4000290393 ns, Reaching safepoint: 11964 ns, Cleanup: 14892 ns, At safepoint: 4914 ns, Total: 31770 ns
[2026-02-06T10:43:50.679+0000][8][safepoint   ] Safepoint "Cleanup", Time since last: 4000272569 ns, Reaching safepoint: 19095 ns, Cleanup: 7497 ns, At safepoint: 5566 ns, Total: 32158 ns
[2026-02-06T10:44:06.682+0000][8][safepoint   ] Safepoint "Cleanup", Time since last: 16002527777 ns, Reaching safepoint: 22661 ns, Cleanup: 10056 ns, At safepoint: 4949 ns, Total: 37666 ns
[2026-02-06T10:44:12.683+0000][8][safepoint   ] Safepoint "Cleanup", Time since last: 6000463449 ns, Reaching safepoint: 20582 ns, Cleanup: 23091 ns, At safepoint: 13229 ns, Total: 56902 ns
[2026-02-06T10:44:16.683+0000][8][safepoint   ] Safepoint "Cleanup", Time since last: 4000495701 ns, Reaching safepoint: 15497 ns, Cleanup: 7989 ns, At safepoint: 5335 ns, Total: 28821 ns
[2026-02-06T10:44:37.839+0000][8][safepoint   ] Safepoint "Cleanup", Time since last: 21155990720 ns, Reaching safepoint: 6992 ns, Cleanup: 7045 ns, At safepoint: 4481 ns, Total: 18518 ns
[2026-02-06T10:44:39.839+0000][8][safepoint   ] Safepoint "Cleanup", Time since last: 2000192976 ns, Reaching safepoint: 18253 ns, Cleanup: 22548 ns, At safepoint: 15663 ns, Total: 56464 ns
[2026-02-06T10:45:16.843+0000][8][safepoint   ] Safepoint "Cleanup", Time since last: 37003460361 ns, Reaching safepoint: 57777 ns, Cleanup: 32400 ns, At safepoint: 4878 ns, Total: 95055 ns
[2026-02-06T10:45:23.843+0000][8][safepoint   ] Safepoint "Cleanup", Time since last: 7000478137 ns, Reaching safepoint: 44696 ns, Cleanup: 26817 ns, At safepoint: 13131 ns, Total: 84644 ns
[2026-02-06T10:45:25.844+0000][8][safepoint   ] Safepoint "Cleanup", Time since last: 2000380377 ns, Reaching safepoint: 30943 ns, Cleanup: 7935 ns, At safepoint: 3935 ns, Total: 42813 ns
[2026-02-06T10:45:48.847+0000][8][safepoint   ] Safepoint "Cleanup", Time since last: 23002694799 ns, Reaching safepoint: 16376 ns, Cleanup: 9761 ns, At safepoint: 6250 ns, Total: 32387 ns
[2026-02-06T10:45:54.848+0000][8][safepoint   ] Safepoint "Cleanup", Time since last: 6001544622 ns, Reaching safepoint: 7022 ns, Cleanup: 8253 ns, At safepoint: 5741 ns, Total: 21016 ns
[2026-02-06T10:46:10.850+0000][8][safepoint   ] Safepoint "Cleanup", Time since last: 16001350396 ns, Reaching safepoint: 21800 ns, Cleanup: 9030 ns, At safepoint: 4874 ns, Total: 35704 ns
[2026-02-06T10:46:40.853+0000][8][safepoint   ] Safepoint "Cleanup", Time since last: 30003630588 ns, Reaching safepoint: 18249 ns, Cleanup: 6701 ns, At safepoint: 4712 ns, Total: 29662 ns
[2026-02-06T10:46:57.856+0000][8][safepoint   ] Safepoint "Cleanup", Time since last: 17003040290 ns, Reaching safepoint: 24785 ns, Cleanup: 9851 ns, At safepoint: 5053 ns, Total: 39689 ns
[2026-02-06T10:47:10.857+0000][8][safepoint   ] Safepoint "Cleanup", Time since last: 13000985164 ns, Reaching safepoint: 17801 ns, Cleanup: 8599 ns, At safepoint: 3386 ns, Total: 29786 ns
[2026-02-06T10:47:11.777+0000][8][gc,heap,exit] Heap
[2026-02-06T10:47:11.777+0000][8][gc,heap,exit]  garbage-first heap   total reserved 3145728K, committed 3145728K, used 811030K [0x0000000740000000, 0x0000000800000000)
[2026-02-06T10:47:11.777+0000][8][gc,heap,exit]   region size 4096K, 185 young (757760K), 8 survivors (32768K)
[2026-02-06T10:47:11.777+0000][8][gc,heap,exit]  Metaspace       used 107158K, committed 109952K, reserved 1179648K
[2026-02-06T10:47:11.777+0000][8][gc,heap,exit]   class space    used 15165K, committed 16448K, reserved 1048576K
