[2025-10-16T05:37:40.673+0000][323][gc,init] CardTable entry size: 512
[2025-10-16T05:37:40.673+0000][323][gc     ] Using G1
[2025-10-16T05:37:40.686+0000][323][gc,init] Version: 22.0.2+9-70 (release)
[2025-10-16T05:37:40.689+0000][323][gc,init] CPUs: 8 total, 8 available
[2025-10-16T05:37:40.689+0000][323][gc,init] Memory: 15822M
[2025-10-16T05:37:40.689+0000][323][gc,init] Large Page Support: Disabled
[2025-10-16T05:37:40.689+0000][323][gc,init] NUMA Support: Disabled
[2025-10-16T05:37:40.689+0000][323][gc,init] Compressed Oops: Enabled (Zero based)
[2025-10-16T05:37:40.689+0000][323][gc,init] Heap Region Size: 2M
[2025-10-16T05:37:40.689+0000][323][gc,init] Heap Min Capacity: 3G
[2025-10-16T05:37:40.689+0000][323][gc,init] Heap Initial Capacity: 3G
[2025-10-16T05:37:40.689+0000][323][gc,init] Heap Max Capacity: 3G
[2025-10-16T05:37:40.689+0000][323][gc,init] Pre-touch: Disabled
[2025-10-16T05:37:40.689+0000][323][gc,init] Parallel Workers: 8
[2025-10-16T05:37:40.689+0000][323][gc,init] Concurrent Workers: 2
[2025-10-16T05:37:40.689+0000][323][gc,init] Concurrent Refinement Workers: 8
[2025-10-16T05:37:40.689+0000][323][gc,init] Periodic GC: Disabled
[2025-10-16T05:37:40.689+0000][323][gc,metaspace] CDS archive(s) not mapped
[2025-10-16T05:37:40.689+0000][323][gc,metaspace] Compressed class space mapped at: 0x000000004d000000-0x000000008d000000, reserved size: 1073741824
[2025-10-16T05:37:40.689+0000][323][gc,metaspace] Narrow klass base: 0x0000000000000000, Narrow klass shift: 0, Narrow klass range: 0x8d000000
[2025-10-16T05:37:40.904+0000][323][gc,heap,exit] Heap
[2025-10-16T05:37:40.904+0000][323][gc,heap,exit]  garbage-first heap   total reserved 3145728K, committed 3145728K, used 5120K [0x0000000740000000, 0x0000000800000000)
[2025-10-16T05:37:40.904+0000][323][gc,heap,exit]   region size 2048K, 3 young (6144K), 0 survivors (0K)
[2025-10-16T05:37:40.904+0000][323][gc,heap,exit]  Metaspace       used 4003K, committed 4032K, reserved 1114112K
[2025-10-16T05:37:40.904+0000][323][gc,heap,exit]   class space    used 315K, committed 320K, reserved 1048576K
