[2026-02-06T15:31:38.101+0000][7][gc,init] CardTable entry size: 512
[2026-02-06T15:31:38.101+0000][7][gc     ] Using G1
[2026-02-06T15:31:38.355+0000][7][gc,init] Version: 22.0.2+9-70 (release)
[2026-02-06T15:31:38.355+0000][7][gc,init] CPUs: 8 total, 8 available
[2026-02-06T15:31:38.355+0000][7][gc,init] Memory: 15822M
[2026-02-06T15:31:38.355+0000][7][gc,init] Large Page Support: Disabled
[2026-02-06T15:31:38.355+0000][7][gc,init] NUMA Support: Disabled
[2026-02-06T15:31:38.355+0000][7][gc,init] Compressed Oops: Enabled (Zero based)
[2026-02-06T15:31:38.355+0000][7][gc,init] Heap Region Size: 4M
[2026-02-06T15:31:38.355+0000][7][gc,init] Heap Min Capacity: 3G
[2026-02-06T15:31:38.355+0000][7][gc,init] Heap Initial Capacity: 3G
[2026-02-06T15:31:38.355+0000][7][gc,init] Heap Max Capacity: 3G
[2026-02-06T15:31:38.355+0000][7][gc,init] Pre-touch: Enabled
[2026-02-06T15:31:38.355+0000][7][gc,init] Parallel Workers: 8
[2026-02-06T15:31:38.355+0000][7][gc,init] Concurrent Workers: 2
[2026-02-06T15:31:38.355+0000][7][gc,init] Concurrent Refinement Workers: 8
[2026-02-06T15:31:38.355+0000][7][gc,init] Periodic GC: Disabled
[2026-02-06T15:31:38.382+0000][7][gc,metaspace] CDS archive(s) mapped at: [0x00007fab4e000000-0x00007fab4ec78000-0x00007fab4ec78000), size 13074432, SharedBaseAddress: 0x00007fab4e000000, ArchiveRelocationMode: 1.
[2026-02-06T15:31:38.382+0000][7][gc,metaspace] Compressed class space mapped at: 0x00007fab4f000000-0x00007fab8f000000, reserved size: 1073741824
[2026-02-06T15:31:38.382+0000][7][gc,metaspace] Narrow klass base: 0x00007fab4e000000, Narrow klass shift: 0, Narrow klass range: 0x100000000
[2026-02-06T15:31:39.203+0000][7][safepoint   ] Safepoint "ICBufferFull", Time since last: 815961265 ns, Reaching safepoint: 4243 ns, Cleanup: 84661 ns, At safepoint: 6777 ns, Total: 95681 ns
[2026-02-06T15:31:40.083+0000][7][safepoint   ] Safepoint "ICBufferFull", Time since last: 880022126 ns, Reaching safepoint: 4601 ns, Cleanup: 79611 ns, At safepoint: 5800 ns, Total: 90012 ns
[2026-02-06T15:31:41.100+0000][7][safepoint   ] Safepoint "ICBufferFull", Time since last: 1016706986 ns, Reaching safepoint: 582903 ns, Cleanup: 98025 ns, At safepoint: 12777 ns, Total: 693705 ns
[2026-02-06T15:31:42.104+0000][7][safepoint   ] Safepoint "Cleanup", Time since last: 1003450807 ns, Reaching safepoint: 51260 ns, Cleanup: 63943 ns, At safepoint: 7414 ns, Total: 122617 ns
[2026-02-06T15:31:42.432+0000][7][gc,start    ] GC(0) Pause Young (Normal) (G1 Evacuation Pause)
[2026-02-06T15:31:42.432+0000][7][gc,task     ] GC(0) Using 8 workers of 8 for evacuation
[2026-02-06T15:31:42.432+0000][7][gc,age      ] GC(0) Desired survivor size 10485760 bytes, new threshold 15 (max threshold 15)
[2026-02-06T15:31:42.487+0000][7][gc,phases   ] GC(0)   Pre Evacuate Collection Set: 0.29ms
[2026-02-06T15:31:42.487+0000][7][gc,phases   ] GC(0)   Merge Heap Roots: 0.07ms
[2026-02-06T15:31:42.487+0000][7][gc,phases   ] GC(0)   Evacuate Collection Set: 50.85ms
[2026-02-06T15:31:42.487+0000][7][gc,phases   ] GC(0)   Post Evacuate Collection Set: 3.13ms
[2026-02-06T15:31:42.487+0000][7][gc,phases   ] GC(0)   Other: 0.06ms
[2026-02-06T15:31:42.487+0000][7][gc,age      ] GC(0) Age table with threshold 15 (max threshold 15)
[2026-02-06T15:31:42.487+0000][7][gc,age      ] GC(0) - age   1:    8827728 bytes,    8827728 total
[2026-02-06T15:31:42.487+0000][7][gc,heap     ] GC(0) Eden regions: 38->0(35)
[2026-02-06T15:31:42.487+0000][7][gc,heap     ] GC(0) Survivor regions: 0->3(5)
[2026-02-06T15:31:42.487+0000][7][gc,heap     ] GC(0) Old regions: 1->1
[2026-02-06T15:31:42.487+0000][7][gc,heap     ] GC(0) Humongous regions: 0->0
[2026-02-06T15:31:42.487+0000][7][gc,metaspace] GC(0) Metaspace: 16671K(17024K)->16671K(17024K) NonClass: 14725K(14912K)->14725K(14912K) Class: 1946K(2112K)->1946K(2112K)
[2026-02-06T15:31:42.487+0000][7][gc          ] GC(0) Pause Young (Normal) (G1 Evacuation Pause) 153M->9M(3072M) 54.593ms
[2026-02-06T15:31:42.487+0000][7][gc,cpu      ] GC(0) User=0.11s Sys=0.00s Real=0.05s
[2026-02-06T15:31:42.490+0000][7][safepoint   ] Safepoint "G1CollectForAllocation", Time since last: 328701021 ns, Reaching safepoint: 4573 ns, Cleanup: 17959 ns, At safepoint: 57209426 ns, Total: 57231958 ns
[2026-02-06T15:31:43.868+0000][7][gc,start    ] GC(1) Pause Young (Normal) (G1 Evacuation Pause)
[2026-02-06T15:31:43.868+0000][7][gc,task     ] GC(1) Using 8 workers of 8 for evacuation
[2026-02-06T15:31:43.868+0000][7][gc,age      ] GC(1) Desired survivor size 10485760 bytes, new threshold 15 (max threshold 15)
[2026-02-06T15:31:43.882+0000][7][gc,phases   ] GC(1)   Pre Evacuate Collection Set: 0.20ms
[2026-02-06T15:31:43.887+0000][7][gc,phases   ] GC(1)   Merge Heap Roots: 0.06ms
[2026-02-06T15:31:43.887+0000][7][gc,phases   ] GC(1)   Evacuate Collection Set: 11.25ms
[2026-02-06T15:31:43.887+0000][7][gc,phases   ] GC(1)   Post Evacuate Collection Set: 2.87ms
[2026-02-06T15:31:43.887+0000][7][gc,phases   ] GC(1)   Other: 0.06ms
[2026-02-06T15:31:43.887+0000][7][gc,age      ] GC(1) Age table with threshold 15 (max threshold 15)
[2026-02-06T15:31:43.887+0000][7][gc,age      ] GC(1) - age   1:    4960288 bytes,    4960288 total
[2026-02-06T15:31:43.887+0000][7][gc,age      ] GC(1) - age   2:    8088704 bytes,   13048992 total
[2026-02-06T15:31:43.887+0000][7][gc,heap     ] GC(1) Eden regions: 35->0(39)
[2026-02-06T15:31:43.887+0000][7][gc,heap     ] GC(1) Survivor regions: 3->4(5)
[2026-02-06T15:31:43.887+0000][7][gc,heap     ] GC(1) Old regions: 1->1
[2026-02-06T15:31:43.887+0000][7][gc,heap     ] GC(1) Humongous regions: 0->0
[2026-02-06T15:31:43.887+0000][7][gc,metaspace] GC(1) Metaspace: 18527K(18944K)->18527K(18944K) NonClass: 16315K(16512K)->16315K(16512K) Class: 2212K(2432K)->2212K(2432K)
[2026-02-06T15:31:43.887+0000][7][gc          ] GC(1) Pause Young (Normal) (G1 Evacuation Pause) 149M->14M(3072M) 19.445ms
[2026-02-06T15:31:43.887+0000][7][gc,cpu      ] GC(1) User=0.04s Sys=0.00s Real=0.02s
[2026-02-06T15:31:43.887+0000][7][safepoint   ] Safepoint "G1CollectForAllocation", Time since last: 1378024766 ns, Reaching safepoint: 4327 ns, Cleanup: 76306 ns, At safepoint: 19496841 ns, Total: 19577474 ns
[2026-02-06T15:31:44.415+0000][7][gc,start    ] GC(2) Pause Young (Normal) (G1 Evacuation Pause)
[2026-02-06T15:31:44.415+0000][7][gc,task     ] GC(2) Using 8 workers of 8 for evacuation
[2026-02-06T15:31:44.415+0000][7][gc,age      ] GC(2) Desired survivor size 12582912 bytes, new threshold 2 (max threshold 15)
[2026-02-06T15:31:44.433+0000][7][gc,phases   ] GC(2)   Pre Evacuate Collection Set: 0.30ms
[2026-02-06T15:31:44.433+0000][7][gc,phases   ] GC(2)   Merge Heap Roots: 0.07ms
[2026-02-06T15:31:44.433+0000][7][gc,phases   ] GC(2)   Evacuate Collection Set: 16.75ms
[2026-02-06T15:31:44.433+0000][7][gc,phases   ] GC(2)   Post Evacuate Collection Set: 0.78ms
[2026-02-06T15:31:44.433+0000][7][gc,phases   ] GC(2)   Other: 0.05ms
[2026-02-06T15:31:44.433+0000][7][gc,age      ] GC(2) Age table with threshold 2 (max threshold 15)
[2026-02-06T15:31:44.433+0000][7][gc,age      ] GC(2) - age   1:    2135768 bytes,    2135768 total
[2026-02-06T15:31:44.433+0000][7][gc,age      ] GC(2) - age   2:    3008408 bytes,    5144176 total
[2026-02-06T15:31:44.433+0000][7][gc,heap     ] GC(2) Eden regions: 39->0(458)
[2026-02-06T15:31:44.433+0000][7][gc,heap     ] GC(2) Survivor regions: 4->2(6)
[2026-02-06T15:31:44.433+0000][7][gc,heap     ] GC(2) Old regions: 1->3
[2026-02-06T15:31:44.434+0000][7][gc,heap     ] GC(2) Humongous regions: 0->0
[2026-02-06T15:31:44.434+0000][7][gc,metaspace] GC(2) Metaspace: 19008K(19456K)->19008K(19456K) NonClass: 16707K(16960K)->16707K(16960K) Class: 2300K(2496K)->2300K(2496K)
[2026-02-06T15:31:44.434+0000][7][gc          ] GC(2) Pause Young (Normal) (G1 Evacuation Pause) 170M->15M(3072M) 18.100ms
[2026-02-06T15:31:44.434+0000][7][gc,cpu      ] GC(2) User=0.03s Sys=0.00s Real=0.02s
[2026-02-06T15:31:44.434+0000][7][safepoint   ] Safepoint "G1CollectForAllocation", Time since last: 528166444 ns, Reaching safepoint: 3300 ns, Cleanup: 33894 ns, At safepoint: 18136644 ns, Total: 18173838 ns
[2026-02-06T15:31:45.434+0000][7][safepoint   ] Safepoint "Cleanup", Time since last: 1000061811 ns, Reaching safepoint: 3958 ns, Cleanup: 48930 ns, At safepoint: 4060 ns, Total: 56948 ns
[2026-02-06T15:31:45.807+0000][7][gc,start    ] GC(3) Pause Young (Concurrent Start) (Metadata GC Threshold)
[2026-02-06T15:31:45.807+0000][7][gc,task     ] GC(3) Using 8 workers of 8 for evacuation
[2026-02-06T15:31:45.807+0000][7][gc,age      ] GC(3) Desired survivor size 121634816 bytes, new threshold 15 (max threshold 15)
[2026-02-06T15:31:45.815+0000][7][gc,phases   ] GC(3)   Pre Evacuate Collection Set: 0.23ms
[2026-02-06T15:31:45.815+0000][7][gc,phases   ] GC(3)   Merge Heap Roots: 0.14ms
[2026-02-06T15:31:45.815+0000][7][gc,phases   ] GC(3)   Evacuate Collection Set: 5.86ms
[2026-02-06T15:31:45.815+0000][7][gc,phases   ] GC(3)   Post Evacuate Collection Set: 1.37ms
[2026-02-06T15:31:45.815+0000][7][gc,phases   ] GC(3)   Other: 0.09ms
[2026-02-06T15:31:45.815+0000][7][gc,age      ] GC(3) Age table with threshold 15 (max threshold 15)
[2026-02-06T15:31:45.815+0000][7][gc,age      ] GC(3) - age   1:    5382640 bytes,    5382640 total
[2026-02-06T15:31:45.815+0000][7][gc,age      ] GC(3) - age   2:     933768 bytes,    6316408 total
[2026-02-06T15:31:45.815+0000][7][gc,age      ] GC(3) - age   3:    3006344 bytes,    9322752 total
[2026-02-06T15:31:45.815+0000][7][gc,heap     ] GC(3) Eden regions: 176->0(457)
[2026-02-06T15:31:45.815+0000][7][gc,heap     ] GC(3) Survivor regions: 2->3(58)
[2026-02-06T15:31:45.815+0000][7][gc,heap     ] GC(3) Old regions: 3->3
[2026-02-06T15:31:45.815+0000][7][gc,heap     ] GC(3) Humongous regions: 0->0
[2026-02-06T15:31:45.815+0000][7][gc,metaspace] GC(3) Metaspace: 21007K(21504K)->21007K(21504K) NonClass: 18439K(18752K)->18439K(18752K) Class: 2567K(2752K)->2567K(2752K)
[2026-02-06T15:31:45.815+0000][7][gc          ] GC(3) Pause Young (Concurrent Start) (Metadata GC Threshold) 719M->18M(3072M) 7.801ms
[2026-02-06T15:31:45.815+0000][7][gc,cpu      ] GC(3) User=0.01s Sys=0.00s Real=0.01s
[2026-02-06T15:31:45.815+0000][7][safepoint   ] Safepoint "CollectForMetadataAllocation", Time since last: 373583046 ns, Reaching safepoint: 3371 ns, Cleanup: 20432 ns, At safepoint: 7864184 ns, Total: 7887987 ns
[2026-02-06T15:31:45.815+0000][7][gc          ] GC(4) Concurrent Mark Cycle
[2026-02-06T15:31:45.815+0000][7][gc,marking  ] GC(4) Concurrent Scan Root Regions
[2026-02-06T15:31:45.818+0000][7][gc,marking  ] GC(4) Concurrent Scan Root Regions 2.359ms
[2026-02-06T15:31:45.818+0000][7][gc,marking  ] GC(4) Concurrent Mark
[2026-02-06T15:31:45.818+0000][7][gc,marking  ] GC(4) Concurrent Mark From Roots
[2026-02-06T15:31:45.818+0000][7][gc,task     ] GC(4) Using 2 workers of 2 for marking
[2026-02-06T15:31:45.826+0000][7][gc,marking  ] GC(4) Concurrent Mark From Roots 8.754ms
[2026-02-06T15:31:45.826+0000][7][gc,marking  ] GC(4) Concurrent Preclean
[2026-02-06T15:31:45.826+0000][7][gc,marking  ] GC(4) Concurrent Preclean 0.052ms
[2026-02-06T15:31:45.827+0000][7][gc,start    ] GC(4) Pause Remark
[2026-02-06T15:31:45.834+0000][7][gc          ] GC(4) Pause Remark 22M->22M(3072M) 7.034ms
[2026-02-06T15:31:45.834+0000][7][gc,cpu      ] GC(4) User=0.01s Sys=0.00s Real=0.01s
[2026-02-06T15:31:45.834+0000][7][safepoint   ] Safepoint "G1PauseRemark", Time since last: 11476008 ns, Reaching safepoint: 3607 ns, Cleanup: 11038 ns, At safepoint: 7089966 ns, Total: 7104611 ns
[2026-02-06T15:31:45.834+0000][7][gc,marking  ] GC(4) Concurrent Mark 16.191ms
[2026-02-06T15:31:45.834+0000][7][gc,marking  ] GC(4) Concurrent Rebuild Remembered Sets and Scrub Regions
[2026-02-06T15:31:45.844+0000][7][gc,marking  ] GC(4) Concurrent Rebuild Remembered Sets and Scrub Regions 10.155ms
[2026-02-06T15:31:45.845+0000][7][gc,start    ] GC(4) Pause Cleanup
[2026-02-06T15:31:45.845+0000][7][gc          ] GC(4) Pause Cleanup 24M->24M(3072M) 0.688ms
[2026-02-06T15:31:45.845+0000][7][gc,cpu      ] GC(4) User=0.00s Sys=0.00s Real=0.00s
[2026-02-06T15:31:45.845+0000][7][safepoint   ] Safepoint "G1PauseCleanup", Time since last: 10391227 ns, Reaching safepoint: 449194 ns, Cleanup: 9708 ns, At safepoint: 729466 ns, Total: 1188368 ns
[2026-02-06T15:31:45.845+0000][7][gc,marking  ] GC(4) Concurrent Clear Claimed Marks
[2026-02-06T15:31:45.845+0000][7][gc,marking  ] GC(4) Concurrent Clear Claimed Marks 0.024ms
[2026-02-06T15:31:45.845+0000][7][gc,marking  ] GC(4) Concurrent Cleanup for Next Mark
[2026-02-06T15:31:45.850+0000][7][gc,marking  ] GC(4) Concurrent Cleanup for Next Mark 4.285ms
[2026-02-06T15:31:45.850+0000][7][gc          ] GC(4) Concurrent Mark Cycle 34.525ms
[2026-02-06T15:31:46.580+0000][7][safepoint   ] Safepoint "ICBufferFull", Time since last: 734590443 ns, Reaching safepoint: 3713 ns, Cleanup: 92838 ns, At safepoint: 5396 ns, Total: 101947 ns
[2026-02-06T15:31:47.615+0000][7][safepoint   ] Safepoint "ICBufferFull", Time since last: 1034620196 ns, Reaching safepoint: 71723 ns, Cleanup: 87902 ns, At safepoint: 7752 ns, Total: 167377 ns
[2026-02-06T15:31:48.617+0000][7][safepoint   ] Safepoint "Cleanup", Time since last: 1001895187 ns, Reaching safepoint: 69403 ns, Cleanup: 42709 ns, At safepoint: 5482 ns, Total: 117594 ns
[2026-02-06T15:31:49.053+0000][7][gc,start    ] GC(5) Pause Young (Prepare Mixed) (Metadata GC Threshold)
[2026-02-06T15:31:49.053+0000][7][gc,task     ] GC(5) Using 8 workers of 8 for evacuation
[2026-02-06T15:31:49.053+0000][7][gc,age      ] GC(5) Desired survivor size 121634816 bytes, new threshold 15 (max threshold 15)
[2026-02-06T15:31:49.085+0000][7][gc,phases   ] GC(5)   Pre Evacuate Collection Set: 0.15ms
[2026-02-06T15:31:49.085+0000][7][gc,phases   ] GC(5)   Merge Heap Roots: 0.06ms
[2026-02-06T15:31:49.085+0000][7][gc,phases   ] GC(5)   Evacuate Collection Set: 30.72ms
[2026-02-06T15:31:49.085+0000][7][gc,phases   ] GC(5)   Post Evacuate Collection Set: 1.18ms
[2026-02-06T15:31:49.085+0000][7][gc,phases   ] GC(5)   Other: 0.06ms
[2026-02-06T15:31:49.085+0000][7][gc,age      ] GC(5) Age table with threshold 15 (max threshold 15)
[2026-02-06T15:31:49.085+0000][7][gc,age      ] GC(5) - age   1:   28664032 bytes,   28664032 total
[2026-02-06T15:31:49.085+0000][7][gc,age      ] GC(5) - age   2:    5346248 bytes,   34010280 total
[2026-02-06T15:31:49.085+0000][7][gc,age      ] GC(5) - age   3:     928552 bytes,   34938832 total
[2026-02-06T15:31:49.085+0000][7][gc,age      ] GC(5) - age   4:    2971432 bytes,   37910264 total
[2026-02-06T15:31:49.085+0000][7][gc,heap     ] GC(5) Eden regions: 192->0(229)
[2026-02-06T15:31:49.085+0000][7][gc,heap     ] GC(5) Survivor regions: 3->10(58)
[2026-02-06T15:31:49.085+0000][7][gc,heap     ] GC(5) Old regions: 3->3
[2026-02-06T15:31:49.085+0000][7][gc,heap     ] GC(5) Humongous regions: 0->0
[2026-02-06T15:31:49.085+0000][7][gc,metaspace] GC(5) Metaspace: 35051K(36096K)->35051K(36096K) NonClass: 30412K(31040K)->30412K(31040K) Class: 4639K(5056K)->4639K(5056K)
[2026-02-06T15:31:49.085+0000][7][gc          ] GC(5) Pause Young (Prepare Mixed) (Metadata GC Threshold) 786M->47M(3072M) 32.348ms
[2026-02-06T15:31:49.085+0000][7][gc,cpu      ] GC(5) User=0.09s Sys=0.00s Real=0.03s
[2026-02-06T15:31:49.091+0000][7][safepoint   ] Safepoint "CollectForMetadataAllocation", Time since last: 435815934 ns, Reaching safepoint: 3462 ns, Cleanup: 34493 ns, At safepoint: 37971274 ns, Total: 38009229 ns
[2026-02-06T15:31:49.119+0000][7][gc,start    ] GC(6) Pause Young (Mixed) (Metadata GC Threshold)
[2026-02-06T15:31:49.119+0000][7][gc,task     ] GC(6) Using 8 workers of 8 for evacuation
[2026-02-06T15:31:49.119+0000][7][gc,age      ] GC(6) Desired survivor size 62914560 bytes, new threshold 15 (max threshold 15)
[2026-02-06T15:31:49.143+0000][7][gc,phases   ] GC(6)   Pre Evacuate Collection Set: 1.02ms
[2026-02-06T15:31:49.143+0000][7][gc,phases   ] GC(6)   Merge Heap Roots: 0.06ms
[2026-02-06T15:31:49.143+0000][7][gc,phases   ] GC(6)   Evacuate Collection Set: 22.09ms
[2026-02-06T15:31:49.143+0000][7][gc,phases   ] GC(6)   Post Evacuate Collection Set: 1.47ms
[2026-02-06T15:31:49.143+0000][7][gc,phases   ] GC(6)   Other: 0.06ms
[2026-02-06T15:31:49.143+0000][7][gc,age      ] GC(6) Age table with threshold 15 (max threshold 15)
[2026-02-06T15:31:49.143+0000][7][gc,age      ] GC(6) - age   1:      52688 bytes,      52688 total
[2026-02-06T15:31:49.143+0000][7][gc,age      ] GC(6) - age   2:   28490128 bytes,   28542816 total
[2026-02-06T15:31:49.143+0000][7][gc,age      ] GC(6) - age   3:    5346248 bytes,   33889064 total
[2026-02-06T15:31:49.143+0000][7][gc,age      ] GC(6) - age   4:     928552 bytes,   34817616 total
[2026-02-06T15:31:49.143+0000][7][gc,age      ] GC(6) - age   5:    2971432 bytes,   37789048 total
[2026-02-06T15:31:49.143+0000][7][gc,heap     ] GC(6) Eden regions: 1->0(49)
[2026-02-06T15:31:49.143+0000][7][gc,heap     ] GC(6) Survivor regions: 10->10(30)
[2026-02-06T15:31:49.143+0000][7][gc,heap     ] GC(6) Old regions: 3->3
[2026-02-06T15:31:49.143+0000][7][gc,heap     ] GC(6) Humongous regions: 0->0
[2026-02-06T15:31:49.143+0000][7][gc,metaspace] GC(6) Metaspace: 35415K(36416K)->35415K(36416K) NonClass: 30742K(31360K)->30742K(31360K) Class: 4672K(5056K)->4672K(5056K)
[2026-02-06T15:31:49.143+0000][7][gc          ] GC(6) Pause Young (Mixed) (Metadata GC Threshold) 51M->48M(3072M) 24.842ms
[2026-02-06T15:31:49.144+0000][7][gc,cpu      ] GC(6) User=0.08s Sys=0.00s Real=0.03s
[2026-02-06T15:31:49.144+0000][7][safepoint   ] Safepoint "CollectForMetadataAllocation", Time since last: 28001927 ns, Reaching safepoint: 3724 ns, Cleanup: 10095 ns, At safepoint: 24914677 ns, Total: 24928496 ns
[2026-02-06T15:31:49.160+0000][7][gc,start    ] GC(7) Pause Young (Concurrent Start) (Metadata GC Threshold)
[2026-02-06T15:31:49.160+0000][7][gc,task     ] GC(7) Using 8 workers of 8 for evacuation
[2026-02-06T15:31:49.160+0000][7][gc,age      ] GC(7) Desired survivor size 16777216 bytes, new threshold 2 (max threshold 15)
[2026-02-06T15:31:49.175+0000][7][gc,phases   ] GC(7)   Pre Evacuate Collection Set: 0.22ms
[2026-02-06T15:31:49.175+0000][7][gc,phases   ] GC(7)   Merge Heap Roots: 0.03ms
[2026-02-06T15:31:49.175+0000][7][gc,phases   ] GC(7)   Evacuate Collection Set: 14.47ms
[2026-02-06T15:31:49.175+0000][7][gc,phases   ] GC(7)   Post Evacuate Collection Set: 0.40ms
[2026-02-06T15:31:49.175+0000][7][gc,phases   ] GC(7)   Other: 0.06ms
[2026-02-06T15:31:49.175+0000][7][gc,age      ] GC(7) Age table with threshold 2 (max threshold 15)
[2026-02-06T15:31:49.175+0000][7][gc,age      ] GC(7) - age   1:      53968 bytes,      53968 total
[2026-02-06T15:31:49.175+0000][7][gc,age      ] GC(7) - age   2:      36272 bytes,      90240 total
[2026-02-06T15:31:49.175+0000][7][gc,heap     ] GC(7) Eden regions: 1->0(414)
[2026-02-06T15:31:49.175+0000][7][gc,heap     ] GC(7) Survivor regions: 10->2(8)
[2026-02-06T15:31:49.175+0000][7][gc,heap     ] GC(7) Old regions: 3->12
[2026-02-06T15:31:49.175+0000][7][gc,heap     ] GC(7) Humongous regions: 0->0
[2026-02-06T15:31:49.175+0000][7][gc,metaspace] GC(7) Metaspace: 35739K(36736K)->35739K(36736K) NonClass: 31036K(31680K)->31036K(31680K) Class: 4702K(5056K)->4702K(5056K)
[2026-02-06T15:31:49.175+0000][7][gc          ] GC(7) Pause Young (Concurrent Start) (Metadata GC Threshold) 52M->53M(3072M) 15.287ms
[2026-02-06T15:31:49.175+0000][7][gc,cpu      ] GC(7) User=0.07s Sys=0.00s Real=0.01s
[2026-02-06T15:31:49.175+0000][7][gc          ] GC(8) Concurrent Mark Cycle
[2026-02-06T15:31:49.175+0000][7][gc,marking  ] GC(8) Concurrent Scan Root Regions
[2026-02-06T15:31:49.175+0000][7][safepoint   ] Safepoint "CollectForMetadataAllocation", Time since last: 16311818 ns, Reaching safepoint: 3459 ns, Cleanup: 7327 ns, At safepoint: 15367412 ns, Total: 15378198 ns
[2026-02-06T15:31:49.205+0000][7][safepoint   ] Safepoint "CollectForMetadataAllocation", Time since last: 29914898 ns, Reaching safepoint: 3890 ns, Cleanup: 8843 ns, At safepoint: 37360 ns, Total: 50093 ns
[2026-02-06T15:31:49.214+0000][7][gc,marking  ] GC(8) Concurrent Scan Root Regions 38.376ms
[2026-02-06T15:31:49.214+0000][7][gc,marking  ] GC(8) Concurrent Mark
[2026-02-06T15:31:49.214+0000][7][gc,marking  ] GC(8) Concurrent Mark From Roots
[2026-02-06T15:31:49.214+0000][7][gc,task     ] GC(8) Using 2 workers of 2 for marking
[2026-02-06T15:31:49.230+0000][7][gc,marking  ] GC(8) Concurrent Mark From Roots 16.827ms
[2026-02-06T15:31:49.230+0000][7][gc,marking  ] GC(8) Concurrent Preclean
[2026-02-06T15:31:49.231+0000][7][safepoint   ] Safepoint "CollectForMetadataAllocation", Time since last: 25241807 ns, Reaching safepoint: 4619 ns, Cleanup: 20242 ns, At safepoint: 45771 ns, Total: 70632 ns
[2026-02-06T15:31:49.231+0000][7][gc,marking  ] GC(8) Concurrent Preclean 0.095ms
[2026-02-06T15:31:49.232+0000][7][gc,start    ] GC(8) Pause Remark
[2026-02-06T15:31:49.241+0000][7][gc          ] GC(8) Pause Remark 57M->57M(3072M) 9.528ms
[2026-02-06T15:31:49.241+0000][7][gc,cpu      ] GC(8) User=0.02s Sys=0.00s Real=0.01s
[2026-02-06T15:31:49.241+0000][7][safepoint   ] Safepoint "G1PauseRemark", Time since last: 1253740 ns, Reaching safepoint: 4953 ns, Cleanup: 2153 ns, At safepoint: 9591434 ns, Total: 9598540 ns
[2026-02-06T15:31:49.241+0000][7][gc,marking  ] GC(8) Concurrent Mark 27.780ms
[2026-02-06T15:31:49.241+0000][7][gc,marking  ] GC(8) Concurrent Rebuild Remembered Sets and Scrub Regions
[2026-02-06T15:31:49.257+0000][7][gc,marking  ] GC(8) Concurrent Rebuild Remembered Sets and Scrub Regions 15.658ms
[2026-02-06T15:31:49.258+0000][7][gc,start    ] GC(8) Pause Cleanup
[2026-02-06T15:31:49.258+0000][7][gc          ] GC(8) Pause Cleanup 59M->59M(3072M) 0.134ms
[2026-02-06T15:31:49.258+0000][7][gc,cpu      ] GC(8) User=0.00s Sys=0.00s Real=0.00s
[2026-02-06T15:31:49.258+0000][7][safepoint   ] Safepoint "G1PauseCleanup", Time since last: 15848548 ns, Reaching safepoint: 735395 ns, Cleanup: 6356 ns, At safepoint: 162543 ns, Total: 904294 ns
[2026-02-06T15:31:49.258+0000][7][gc,marking  ] GC(8) Concurrent Clear Claimed Marks
[2026-02-06T15:31:49.258+0000][7][gc,marking  ] GC(8) Concurrent Clear Claimed Marks 0.050ms
[2026-02-06T15:31:49.258+0000][7][gc,marking  ] GC(8) Concurrent Cleanup for Next Mark
[2026-02-06T15:31:49.264+0000][7][gc,marking  ] GC(8) Concurrent Cleanup for Next Mark 5.419ms
[2026-02-06T15:31:49.264+0000][7][gc          ] GC(8) Concurrent Mark Cycle 88.473ms
[2026-02-06T15:31:50.945+0000][7][safepoint   ] Safepoint "Cleanup", Time since last: 1686957537 ns, Reaching safepoint: 68656 ns, Cleanup: 73193 ns, At safepoint: 4349 ns, Total: 146198 ns
[2026-02-06T15:31:51.971+0000][7][safepoint   ] Safepoint "Cleanup", Time since last: 1025408424 ns, Reaching safepoint: 73362 ns, Cleanup: 74371 ns, At safepoint: 9733 ns, Total: 157466 ns
[2026-02-06T15:31:53.390+0000][7][safepoint   ] Safepoint "Cleanup", Time since last: 1419220850 ns, Reaching safepoint: 3440 ns, Cleanup: 75085 ns, At safepoint: 4211 ns, Total: 82736 ns
[2026-02-06T15:31:54.403+0000][7][safepoint   ] Safepoint "Cleanup", Time since last: 1011509292 ns, Reaching safepoint: 831650 ns, Cleanup: 213804 ns, At safepoint: 31000 ns, Total: 1076454 ns
[2026-02-06T15:31:57.972+0000][7][safepoint   ] Safepoint "Cleanup", Time since last: 1669618280 ns, Reaching safepoint: 84326 ns, Cleanup: 46077 ns, At safepoint: 4015 ns, Total: 134418 ns
[2026-02-06T15:31:58.114+0000][7][gc,start    ] GC(9) Pause Young (Concurrent Start) (Metadata GC Threshold)
[2026-02-06T15:31:58.114+0000][7][gc,task     ] GC(9) Using 8 workers of 8 for evacuation
[2026-02-06T15:31:58.114+0000][7][gc,age      ] GC(9) Desired survivor size 109051904 bytes, new threshold 15 (max threshold 15)
[2026-02-06T15:31:58.141+0000][7][gc,phases   ] GC(9)   Pre Evacuate Collection Set: 0.37ms
[2026-02-06T15:31:58.141+0000][7][gc,phases   ] GC(9)   Merge Heap Roots: 0.10ms
[2026-02-06T15:31:58.141+0000][7][gc,phases   ] GC(9)   Evacuate Collection Set: 22.71ms
[2026-02-06T15:31:58.141+0000][7][gc,phases   ] GC(9)   Post Evacuate Collection Set: 3.16ms
[2026-02-06T15:31:58.141+0000][7][gc,phases   ] GC(9)   Other: 0.13ms
[2026-02-06T15:31:58.141+0000][7][gc,age      ] GC(9) Age table with threshold 15 (max threshold 15)
[2026-02-06T15:31:58.141+0000][7][gc,age      ] GC(9) - age   1:   11996720 bytes,   11996720 total
[2026-02-06T15:31:58.141+0000][7][gc,age      ] GC(9) - age   2:      46280 bytes,   12043000 total
[2026-02-06T15:31:58.141+0000][7][gc,age      ] GC(9) - age   3:      36176 bytes,   12079176 total
[2026-02-06T15:31:58.141+0000][7][gc,heap     ] GC(9) Eden regions: 116->0(375)
[2026-02-06T15:31:58.141+0000][7][gc,heap     ] GC(9) Survivor regions: 2->4(52)
[2026-02-06T15:31:58.141+0000][7][gc,heap     ] GC(9) Old regions: 12->12
[2026-02-06T15:31:58.141+0000][7][gc,heap     ] GC(9) Humongous regions: 0->0
[2026-02-06T15:31:58.141+0000][7][gc,metaspace] GC(9) Metaspace: 61094K(62400K)->61094K(62400K) NonClass: 52812K(53568K)->52812K(53568K) Class: 8281K(8832K)->8281K(8832K)
[2026-02-06T15:31:58.141+0000][7][gc          ] GC(9) Pause Young (Concurrent Start) (Metadata GC Threshold) 515M->59M(3072M) 26.627ms
[2026-02-06T15:31:58.141+0000][7][gc,cpu      ] GC(9) User=0.04s Sys=0.00s Real=0.03s
[2026-02-06T15:31:58.141+0000][7][safepoint   ] Safepoint "CollectForMetadataAllocation", Time since last: 142083068 ns, Reaching safepoint: 4535 ns, Cleanup: 24136 ns, At safepoint: 26713079 ns, Total: 26741750 ns
[2026-02-06T15:31:58.142+0000][7][gc          ] GC(10) Concurrent Mark Cycle
[2026-02-06T15:31:58.142+0000][7][gc,marking  ] GC(10) Concurrent Scan Root Regions
[2026-02-06T15:31:58.174+0000][7][gc,marking  ] GC(10) Concurrent Scan Root Regions 31.979ms
[2026-02-06T15:31:58.174+0000][7][gc,marking  ] GC(10) Concurrent Mark
[2026-02-06T15:31:58.174+0000][7][gc,marking  ] GC(10) Concurrent Mark From Roots
[2026-02-06T15:31:58.174+0000][7][gc,task     ] GC(10) Using 2 workers of 2 for marking
[2026-02-06T15:31:58.226+0000][7][gc,marking  ] GC(10) Concurrent Mark From Roots 51.641ms
[2026-02-06T15:31:58.226+0000][7][gc,marking  ] GC(10) Concurrent Preclean
[2026-02-06T15:31:58.226+0000][7][gc,marking  ] GC(10) Concurrent Preclean 0.236ms
[2026-02-06T15:31:58.226+0000][7][gc,start    ] GC(10) Pause Remark
[2026-02-06T15:31:58.234+0000][7][gc          ] GC(10) Pause Remark 63M->63M(3072M) 7.503ms
[2026-02-06T15:31:58.234+0000][7][gc,cpu      ] GC(10) User=0.03s Sys=0.00s Real=0.01s
[2026-02-06T15:31:58.234+0000][7][safepoint   ] Safepoint "G1PauseRemark", Time since last: 85198513 ns, Reaching safepoint: 71422 ns, Cleanup: 9635 ns, At safepoint: 7576765 ns, Total: 7657822 ns
[2026-02-06T15:31:58.234+0000][7][gc,marking  ] GC(10) Concurrent Mark 60.113ms
[2026-02-06T15:31:58.234+0000][7][gc,marking  ] GC(10) Concurrent Rebuild Remembered Sets and Scrub Regions
[2026-02-06T15:31:58.260+0000][7][gc,marking  ] GC(10) Concurrent Rebuild Remembered Sets and Scrub Regions 25.965ms
[2026-02-06T15:31:58.261+0000][7][gc,start    ] GC(10) Pause Cleanup
[2026-02-06T15:31:58.261+0000][7][gc          ] GC(10) Pause Cleanup 63M->63M(3072M) 0.126ms
[2026-02-06T15:31:58.261+0000][7][gc,cpu      ] GC(10) User=0.00s Sys=0.00s Real=0.00s
[2026-02-06T15:31:58.261+0000][7][safepoint   ] Safepoint "G1PauseCleanup", Time since last: 26543493 ns, Reaching safepoint: 261536 ns, Cleanup: 7686 ns, At safepoint: 154145 ns, Total: 423367 ns
[2026-02-06T15:31:58.261+0000][7][gc,marking  ] GC(10) Concurrent Clear Claimed Marks
[2026-02-06T15:31:58.261+0000][7][gc,marking  ] GC(10) Concurrent Clear Claimed Marks 0.059ms
[2026-02-06T15:31:58.261+0000][7][gc,marking  ] GC(10) Concurrent Cleanup for Next Mark
[2026-02-06T15:31:58.281+0000][7][gc,marking  ] GC(10) Concurrent Cleanup for Next Mark 20.459ms
[2026-02-06T15:31:58.281+0000][7][gc          ] GC(10) Concurrent Mark Cycle 139.203ms
[2026-02-06T15:31:59.261+0000][7][safepoint   ] Safepoint "Cleanup", Time since last: 1000077175 ns, Reaching safepoint: 67790 ns, Cleanup: 35773 ns, At safepoint: 4793 ns, Total: 108356 ns
[2026-02-06T15:31:59.809+0000][7][safepoint   ] Safepoint "ICBufferFull", Time since last: 548038824 ns, Reaching safepoint: 3166 ns, Cleanup: 74879 ns, At safepoint: 4950 ns, Total: 82995 ns
[2026-02-06T15:32:00.683+0000][7][safepoint   ] Safepoint "ICBufferFull", Time since last: 874190445 ns, Reaching safepoint: 3969 ns, Cleanup: 85876 ns, At safepoint: 5006 ns, Total: 94851 ns
[2026-02-06T15:32:00.935+0000][7][safepoint   ] Safepoint "ICBufferFull", Time since last: 251145969 ns, Reaching safepoint: 5343 ns, Cleanup: 84300 ns, At safepoint: 5230 ns, Total: 94873 ns
[2026-02-06T15:32:01.354+0000][7][safepoint   ] Safepoint "ICBufferFull", Time since last: 419012500 ns, Reaching safepoint: 6218 ns, Cleanup: 79887 ns, At safepoint: 5630 ns, Total: 91735 ns
[2026-02-06T15:32:01.738+0000][7][safepoint   ] Safepoint "ICBufferFull", Time since last: 383588570 ns, Reaching safepoint: 201884 ns, Cleanup: 95981 ns, At safepoint: 10058 ns, Total: 307923 ns
[2026-02-06T15:32:01.842+0000][7][safepoint   ] Safepoint "ICBufferFull", Time since last: 104146617 ns, Reaching safepoint: 271954 ns, Cleanup: 82912 ns, At safepoint: 12313 ns, Total: 367179 ns
[2026-02-06T15:32:03.006+0000][7][safepoint   ] Safepoint "Cleanup", Time since last: 1163189159 ns, Reaching safepoint: 8850 ns, Cleanup: 93766 ns, At safepoint: 5452 ns, Total: 108068 ns
[2026-02-06T15:32:04.006+0000][7][safepoint   ] Safepoint "Cleanup", Time since last: 1000095813 ns, Reaching safepoint: 11072 ns, Cleanup: 10959 ns, At safepoint: 5242 ns, Total: 27273 ns
[2026-02-06T15:32:04.343+0000][7][gc,start    ] GC(11) Pause Young (Prepare Mixed) (Metadata GC Threshold)
[2026-02-06T15:32:04.343+0000][7][gc,task     ] GC(11) Using 8 workers of 8 for evacuation
[2026-02-06T15:32:04.344+0000][7][gc,age      ] GC(11) Desired survivor size 88080384 bytes, new threshold 15 (max threshold 15)
[2026-02-06T15:32:04.396+0000][7][gc,phases   ] GC(11)   Pre Evacuate Collection Set: 0.19ms
[2026-02-06T15:32:04.396+0000][7][gc,phases   ] GC(11)   Merge Heap Roots: 0.10ms
[2026-02-06T15:32:04.396+0000][7][gc,phases   ] GC(11)   Evacuate Collection Set: 45.69ms
[2026-02-06T15:32:04.396+0000][7][gc,phases   ] GC(11)   Post Evacuate Collection Set: 6.68ms
[2026-02-06T15:32:04.396+0000][7][gc,phases   ] GC(11)   Other: 0.10ms
[2026-02-06T15:32:04.396+0000][7][gc,age      ] GC(11) Age table with threshold 15 (max threshold 15)
[2026-02-06T15:32:04.396+0000][7][gc,age      ] GC(11) - age   1:   19300664 bytes,   19300664 total
[2026-02-06T15:32:04.396+0000][7][gc,age      ] GC(11) - age   2:   11189888 bytes,   30490552 total
[2026-02-06T15:32:04.396+0000][7][gc,age      ] GC(11) - age   3:      45520 bytes,   30536072 total
[2026-02-06T15:32:04.396+0000][7][gc,age      ] GC(11) - age   4:      35536 bytes,   30571608 total
[2026-02-06T15:32:04.396+0000][7][gc,heap     ] GC(11) Eden regions: 95->0(173)
[2026-02-06T15:32:04.396+0000][7][gc,heap     ] GC(11) Survivor regions: 4->8(42)
[2026-02-06T15:32:04.396+0000][7][gc,heap     ] GC(11) Old regions: 12->12
[2026-02-06T15:32:04.396+0000][7][gc,heap     ] GC(11) Humongous regions: 2->2
[2026-02-06T15:32:04.396+0000][7][gc,metaspace] GC(11) Metaspace: 101734K(104576K)->101734K(104576K) NonClass: 87066K(88576K)->87066K(88576K) Class: 14667K(16000K)->14667K(16000K)
[2026-02-06T15:32:04.396+0000][7][gc          ] GC(11) Pause Young (Prepare Mixed) (Metadata GC Threshold) 445M->86M(3072M) 53.037ms
[2026-02-06T15:32:04.396+0000][7][gc,cpu      ] GC(11) User=0.08s Sys=0.00s Real=0.05s
[2026-02-06T15:32:04.397+0000][7][safepoint   ] Safepoint "CollectForMetadataAllocation", Time since last: 336799393 ns, Reaching safepoint: 954945 ns, Cleanup: 15711 ns, At safepoint: 53993057 ns, Total: 54963713 ns
[2026-02-06T15:32:04.447+0000][7][gc,start    ] GC(12) Pause Young (Mixed) (Metadata GC Threshold)
[2026-02-06T15:32:04.447+0000][7][gc,task     ] GC(12) Using 8 workers of 8 for evacuation
[2026-02-06T15:32:04.447+0000][7][gc,age      ] GC(12) Desired survivor size 48234496 bytes, new threshold 15 (max threshold 15)
[2026-02-06T15:32:04.498+0000][7][gc,phases   ] GC(12)   Pre Evacuate Collection Set: 0.22ms
[2026-02-06T15:32:04.498+0000][7][gc,phases   ] GC(12)   Merge Heap Roots: 0.10ms
[2026-02-06T15:32:04.498+0000][7][gc,phases   ] GC(12)   Evacuate Collection Set: 46.47ms
[2026-02-06T15:32:04.498+0000][7][gc,phases   ] GC(12)   Post Evacuate Collection Set: 4.28ms
[2026-02-06T15:32:04.498+0000][7][gc,phases   ] GC(12)   Other: 0.08ms
[2026-02-06T15:32:04.498+0000][7][gc,age      ] GC(12) Age table with threshold 15 (max threshold 15)
[2026-02-06T15:32:04.498+0000][7][gc,age      ] GC(12) - age   1:     136944 bytes,     136944 total
[2026-02-06T15:32:04.498+0000][7][gc,age      ] GC(12) - age   2:   18784032 bytes,   18920976 total
[2026-02-06T15:32:04.498+0000][7][gc,age      ] GC(12) - age   3:   11189888 bytes,   30110864 total
[2026-02-06T15:32:04.498+0000][7][gc,age      ] GC(12) - age   4:      45520 bytes,   30156384 total
[2026-02-06T15:32:04.498+0000][7][gc,age      ] GC(12) - age   5:      35536 bytes,   30191920 total
[2026-02-06T15:32:04.498+0000][7][gc,heap     ] GC(12) Eden regions: 1->0(178)
[2026-02-06T15:32:04.498+0000][7][gc,heap     ] GC(12) Survivor regions: 8->8(23)
[2026-02-06T15:32:04.498+0000][7][gc,heap     ] GC(12) Old regions: 12->12
[2026-02-06T15:32:04.498+0000][7][gc,heap     ] GC(12) Humongous regions: 2->2
[2026-02-06T15:32:04.498+0000][7][gc,metaspace] GC(12) Metaspace: 102082K(104896K)->102082K(104896K) NonClass: 87387K(88896K)->87387K(88896K) Class: 14695K(16000K)->14695K(16000K)
[2026-02-06T15:32:04.498+0000][7][gc          ] GC(12) Pause Young (Mixed) (Metadata GC Threshold) 90M->86M(3072M) 51.326ms
[2026-02-06T15:32:04.498+0000][7][gc,cpu      ] GC(12) User=0.08s Sys=0.00s Real=0.05s
[2026-02-06T15:32:04.499+0000][7][safepoint   ] Safepoint "CollectForMetadataAllocation", Time since last: 49589181 ns, Reaching safepoint: 7611 ns, Cleanup: 10076 ns, At safepoint: 52384573 ns, Total: 52402260 ns
[2026-02-06T15:32:04.548+0000][7][gc,start    ] GC(13) Pause Young (Concurrent Start) (Metadata GC Threshold)
[2026-02-06T15:32:04.548+0000][7][gc,task     ] GC(13) Using 8 workers of 8 for evacuation
[2026-02-06T15:32:04.548+0000][7][gc,age      ] GC(13) Desired survivor size 50331648 bytes, new threshold 15 (max threshold 15)
[2026-02-06T15:32:04.592+0000][7][gc,phases   ] GC(13)   Pre Evacuate Collection Set: 0.28ms
[2026-02-06T15:32:04.592+0000][7][gc,phases   ] GC(13)   Merge Heap Roots: 0.13ms
[2026-02-06T15:32:04.592+0000][7][gc,phases   ] GC(13)   Evacuate Collection Set: 39.15ms
[2026-02-06T15:32:04.592+0000][7][gc,phases   ] GC(13)   Post Evacuate Collection Set: 3.66ms
[2026-02-06T15:32:04.592+0000][7][gc,phases   ] GC(13)   Other: 0.11ms
[2026-02-06T15:32:04.592+0000][7][gc,age      ] GC(13) Age table with threshold 15 (max threshold 15)
[2026-02-06T15:32:04.592+0000][7][gc,age      ] GC(13) - age   1:    1186008 bytes,    1186008 total
[2026-02-06T15:32:04.592+0000][7][gc,age      ] GC(13) - age   2:      50880 bytes,    1236888 total
[2026-02-06T15:32:04.592+0000][7][gc,age      ] GC(13) - age   3:   18783456 bytes,   20020344 total
[2026-02-06T15:32:04.592+0000][7][gc,age      ] GC(13) - age   4:   11189888 bytes,   31210232 total
[2026-02-06T15:32:04.592+0000][7][gc,age      ] GC(13) - age   5:      45520 bytes,   31255752 total
[2026-02-06T15:32:04.592+0000][7][gc,age      ] GC(13) - age   6:      35536 bytes,   31291288 total
[2026-02-06T15:32:04.592+0000][7][gc,heap     ] GC(13) Eden regions: 2->0(216)
[2026-02-06T15:32:04.592+0000][7][gc,heap     ] GC(13) Survivor regions: 8->9(24)
[2026-02-06T15:32:04.592+0000][7][gc,heap     ] GC(13) Old regions: 12->12
[2026-02-06T15:32:04.592+0000][7][gc,heap     ] GC(13) Humongous regions: 2->2
[2026-02-06T15:32:04.592+0000][7][gc,metaspace] GC(13) Metaspace: 102399K(105216K)->102399K(105216K) NonClass: 87654K(89152K)->87654K(89152K) Class: 14745K(16064K)->14745K(16064K)
[2026-02-06T15:32:04.592+0000][7][gc          ] GC(13) Pause Young (Concurrent Start) (Metadata GC Threshold) 92M->87M(3072M) 43.492ms
[2026-02-06T15:32:04.592+0000][7][gc,cpu      ] GC(13) User=0.08s Sys=0.00s Real=0.05s
[2026-02-06T15:32:04.592+0000][7][gc          ] GC(14) Concurrent Mark Cycle
[2026-02-06T15:32:04.592+0000][7][gc,marking  ] GC(14) Concurrent Scan Root Regions
[2026-02-06T15:32:04.592+0000][7][safepoint   ] Safepoint "CollectForMetadataAllocation", Time since last: 48636631 ns, Reaching safepoint: 130170 ns, Cleanup: 10691 ns, At safepoint: 44217160 ns, Total: 44358021 ns
[2026-02-06T15:32:04.719+0000][7][gc,marking  ] GC(14) Concurrent Scan Root Regions 127.153ms
[2026-02-06T15:32:04.719+0000][7][gc,marking  ] GC(14) Concurrent Mark
[2026-02-06T15:32:04.719+0000][7][gc,marking  ] GC(14) Concurrent Mark From Roots
[2026-02-06T15:32:04.719+0000][7][gc,task     ] GC(14) Using 2 workers of 2 for marking
[2026-02-06T15:32:04.727+0000][7][safepoint   ] Safepoint "CollectForMetadataAllocation", Time since last: 134029426 ns, Reaching safepoint: 33567 ns, Cleanup: 23253 ns, At safepoint: 46387 ns, Total: 103207 ns
[2026-02-06T15:32:04.803+0000][7][safepoint   ] Safepoint "CollectForMetadataAllocation", Time since last: 76587520 ns, Reaching safepoint: 41150 ns, Cleanup: 18823 ns, At safepoint: 49279 ns, Total: 109252 ns
[2026-02-06T15:32:04.804+0000][7][gc,marking  ] GC(14) Concurrent Mark From Roots 84.714ms
[2026-02-06T15:32:04.804+0000][7][gc,marking  ] GC(14) Concurrent Preclean
[2026-02-06T15:32:04.804+0000][7][gc,marking  ] GC(14) Concurrent Preclean 0.214ms
[2026-02-06T15:32:04.809+0000][7][gc,start    ] GC(14) Pause Remark
[2026-02-06T15:32:04.831+0000][7][gc          ] GC(14) Pause Remark 102M->102M(3072M) 22.294ms
[2026-02-06T15:32:04.831+0000][7][gc,cpu      ] GC(14) User=0.02s Sys=0.00s Real=0.03s
[2026-02-06T15:32:04.831+0000][7][safepoint   ] Safepoint "G1PauseRemark", Time since last: 5194677 ns, Reaching safepoint: 64603 ns, Cleanup: 3623 ns, At safepoint: 22364981 ns, Total: 22433207 ns
[2026-02-06T15:32:04.831+0000][7][gc,marking  ] GC(14) Concurrent Mark 111.956ms
[2026-02-06T15:32:04.831+0000][7][gc,marking  ] GC(14) Concurrent Rebuild Remembered Sets and Scrub Regions
[2026-02-06T15:32:04.866+0000][7][gc,marking  ] GC(14) Concurrent Rebuild Remembered Sets and Scrub Regions 35.137ms
[2026-02-06T15:32:04.867+0000][7][gc,start    ] GC(14) Pause Cleanup
[2026-02-06T15:32:04.868+0000][7][gc          ] GC(14) Pause Cleanup 102M->102M(3072M) 0.197ms
[2026-02-06T15:32:04.868+0000][7][gc,cpu      ] GC(14) User=0.00s Sys=0.00s Real=0.00s
[2026-02-06T15:32:04.868+0000][7][safepoint   ] Safepoint "G1PauseCleanup", Time since last: 36559839 ns, Reaching safepoint: 9166 ns, Cleanup: 7575 ns, At safepoint: 241812 ns, Total: 258553 ns
[2026-02-06T15:32:04.868+0000][7][gc,marking  ] GC(14) Concurrent Clear Claimed Marks
[2026-02-06T15:32:04.868+0000][7][gc,marking  ] GC(14) Concurrent Clear Claimed Marks 0.205ms
[2026-02-06T15:32:04.868+0000][7][gc,marking  ] GC(14) Concurrent Cleanup for Next Mark
[2026-02-06T15:32:04.876+0000][7][gc,marking  ] GC(14) Concurrent Cleanup for Next Mark 8.376ms
[2026-02-06T15:32:04.876+0000][7][gc          ] GC(14) Concurrent Mark Cycle 284.641ms
[2026-02-06T15:32:05.868+0000][7][safepoint   ] Safepoint "Cleanup", Time since last: 1000087769 ns, Reaching safepoint: 10869 ns, Cleanup: 26529 ns, At safepoint: 6954 ns, Total: 44352 ns
[2026-02-06T15:32:07.868+0000][7][safepoint   ] Safepoint "Cleanup", Time since last: 2000170073 ns, Reaching safepoint: 12409 ns, Cleanup: 17778 ns, At safepoint: 6632 ns, Total: 36819 ns
[2026-02-06T15:32:08.868+0000][7][safepoint   ] Safepoint "Cleanup", Time since last: 1000194184 ns, Reaching safepoint: 12533 ns, Cleanup: 11097 ns, At safepoint: 6222 ns, Total: 29852 ns
[2026-02-06T15:32:09.868+0000][7][safepoint   ] Safepoint "Cleanup", Time since last: 1000108989 ns, Reaching safepoint: 35752 ns, Cleanup: 22298 ns, At safepoint: 6470 ns, Total: 64520 ns
[2026-02-06T15:32:10.869+0000][7][safepoint   ] Safepoint "Cleanup", Time since last: 1000104152 ns, Reaching safepoint: 10525 ns, Cleanup: 11520 ns, At safepoint: 8147 ns, Total: 30192 ns
[2026-02-06T15:32:11.869+0000][7][safepoint   ] Safepoint "Cleanup", Time since last: 1000112244 ns, Reaching safepoint: 10527 ns, Cleanup: 15945 ns, At safepoint: 7095 ns, Total: 33567 ns
[2026-02-06T15:32:15.870+0000][7][safepoint   ] Safepoint "Cleanup", Time since last: 4000796408 ns, Reaching safepoint: 11105 ns, Cleanup: 15623 ns, At safepoint: 6741 ns, Total: 33469 ns
[2026-02-06T15:32:17.870+0000][7][safepoint   ] Safepoint "Cleanup", Time since last: 2000170882 ns, Reaching safepoint: 10024 ns, Cleanup: 9293 ns, At safepoint: 5859 ns, Total: 25176 ns
[2026-02-06T15:32:19.870+0000][7][safepoint   ] Safepoint "Cleanup", Time since last: 2000164484 ns, Reaching safepoint: 13276 ns, Cleanup: 28973 ns, At safepoint: 7747 ns, Total: 49996 ns
[2026-02-06T15:32:21.041+0000][7][safepoint   ] Safepoint "ICBufferFull", Time since last: 1171139793 ns, Reaching safepoint: 78153 ns, Cleanup: 93609 ns, At safepoint: 13367 ns, Total: 185129 ns
[2026-02-06T15:32:22.054+0000][7][safepoint   ] Safepoint "Cleanup", Time since last: 1012342363 ns, Reaching safepoint: 13319 ns, Cleanup: 82531 ns, At safepoint: 7903 ns, Total: 103753 ns
[2026-02-06T15:32:24.054+0000][7][safepoint   ] Safepoint "Cleanup", Time since last: 2000178846 ns, Reaching safepoint: 13062 ns, Cleanup: 9914 ns, At safepoint: 6287 ns, Total: 29263 ns
[2026-02-06T15:32:25.054+0000][7][safepoint   ] Safepoint "Cleanup", Time since last: 1000108527 ns, Reaching safepoint: 11685 ns, Cleanup: 9078 ns, At safepoint: 5628 ns, Total: 26391 ns
[2026-02-06T15:32:27.054+0000][7][safepoint   ] Safepoint "Cleanup", Time since last: 2000368320 ns, Reaching safepoint: 11148 ns, Cleanup: 13959 ns, At safepoint: 6727 ns, Total: 31834 ns
[2026-02-06T15:32:28.055+0000][7][safepoint   ] Safepoint "Cleanup", Time since last: 1000112575 ns, Reaching safepoint: 10514 ns, Cleanup: 9721 ns, At safepoint: 5743 ns, Total: 25978 ns
[2026-02-06T15:32:29.055+0000][7][safepoint   ] Safepoint "Cleanup", Time since last: 1000116732 ns, Reaching safepoint: 17454 ns, Cleanup: 12039 ns, At safepoint: 5978 ns, Total: 35471 ns
[2026-02-06T15:32:30.061+0000][7][safepoint   ] Safepoint "Cleanup", Time since last: 1005801832 ns, Reaching safepoint: 12803 ns, Cleanup: 68542 ns, At safepoint: 8852 ns, Total: 90197 ns
[2026-02-06T15:32:31.061+0000][7][safepoint   ] Safepoint "Cleanup", Time since last: 1000122501 ns, Reaching safepoint: 10729 ns, Cleanup: 26158 ns, At safepoint: 6975 ns, Total: 43862 ns
[2026-02-06T15:32:32.061+0000][7][safepoint   ] Safepoint "Cleanup", Time since last: 1000113560 ns, Reaching safepoint: 9427 ns, Cleanup: 26734 ns, At safepoint: 5223 ns, Total: 41384 ns
[2026-02-06T15:32:33.061+0000][7][safepoint   ] Safepoint "Cleanup", Time since last: 1000099000 ns, Reaching safepoint: 8968 ns, Cleanup: 8446 ns, At safepoint: 5306 ns, Total: 22720 ns
[2026-02-06T15:32:35.061+0000][7][safepoint   ] Safepoint "Cleanup", Time since last: 2000169753 ns, Reaching safepoint: 9939 ns, Cleanup: 8602 ns, At safepoint: 4957 ns, Total: 23498 ns
[2026-02-06T15:32:38.061+0000][7][safepoint   ] Safepoint "Cleanup", Time since last: 3000205962 ns, Reaching safepoint: 7081 ns, Cleanup: 7900 ns, At safepoint: 5045 ns, Total: 20026 ns
[2026-02-06T15:32:45.095+0000][7][safepoint   ] Safepoint "Cleanup", Time since last: 7033028769 ns, Reaching safepoint: 10672 ns, Cleanup: 14837 ns, At safepoint: 5238 ns, Total: 30747 ns
[2026-02-06T15:32:47.096+0000][7][safepoint   ] Safepoint "Cleanup", Time since last: 2001499809 ns, Reaching safepoint: 12060 ns, Cleanup: 8455 ns, At safepoint: 5308 ns, Total: 25823 ns
[2026-02-06T15:32:49.096+0000][7][safepoint   ] Safepoint "Cleanup", Time since last: 2000153392 ns, Reaching safepoint: 6579 ns, Cleanup: 6471 ns, At safepoint: 3237 ns, Total: 16287 ns
[2026-02-06T15:32:51.096+0000][7][safepoint   ] Safepoint "Cleanup", Time since last: 2000143395 ns, Reaching safepoint: 13836 ns, Cleanup: 9287 ns, At safepoint: 4901 ns, Total: 28024 ns
[2026-02-06T15:32:53.097+0000][7][safepoint   ] Safepoint "Cleanup", Time since last: 2000172846 ns, Reaching safepoint: 7717 ns, Cleanup: 8049 ns, At safepoint: 4364 ns, Total: 20130 ns
[2026-02-06T15:32:55.097+0000][7][safepoint   ] Safepoint "Cleanup", Time since last: 2000178410 ns, Reaching safepoint: 7248 ns, Cleanup: 6394 ns, At safepoint: 4309 ns, Total: 17951 ns
[2026-02-06T15:32:56.097+0000][7][safepoint   ] Safepoint "Cleanup", Time since last: 1000088272 ns, Reaching safepoint: 7843 ns, Cleanup: 11265 ns, At safepoint: 4951 ns, Total: 24059 ns
[2026-02-06T15:32:57.097+0000][7][safepoint   ] Safepoint "Cleanup", Time since last: 1000113934 ns, Reaching safepoint: 18584 ns, Cleanup: 17103 ns, At safepoint: 14423 ns, Total: 50110 ns
[2026-02-06T15:32:59.097+0000][7][safepoint   ] Safepoint "Cleanup", Time since last: 2000213364 ns, Reaching safepoint: 10680 ns, Cleanup: 13929 ns, At safepoint: 6486 ns, Total: 31095 ns
[2026-02-06T15:33:00.097+0000][7][safepoint   ] Safepoint "Cleanup", Time since last: 1000090850 ns, Reaching safepoint: 11508 ns, Cleanup: 11682 ns, At safepoint: 6002 ns, Total: 29192 ns
[2026-02-06T15:33:01.098+0000][7][safepoint   ] Safepoint "Cleanup", Time since last: 1000099791 ns, Reaching safepoint: 7292 ns, Cleanup: 10519 ns, At safepoint: 5128 ns, Total: 22939 ns
[2026-02-06T15:33:02.098+0000][7][safepoint   ] Safepoint "Cleanup", Time since last: 1000094064 ns, Reaching safepoint: 10217 ns, Cleanup: 12091 ns, At safepoint: 5858 ns, Total: 28166 ns
[2026-02-06T15:33:04.098+0000][7][safepoint   ] Safepoint "Cleanup", Time since last: 2000150995 ns, Reaching safepoint: 7043 ns, Cleanup: 5606 ns, At safepoint: 4044 ns, Total: 16693 ns
[2026-02-06T15:33:05.098+0000][7][safepoint   ] Safepoint "Cleanup", Time since last: 1000117126 ns, Reaching safepoint: 7248 ns, Cleanup: 8085 ns, At safepoint: 4654 ns, Total: 19987 ns
[2026-02-06T15:33:07.098+0000][7][safepoint   ] Safepoint "Cleanup", Time since last: 2000156481 ns, Reaching safepoint: 8508 ns, Cleanup: 8756 ns, At safepoint: 5107 ns, Total: 22371 ns
[2026-02-06T15:33:09.099+0000][7][safepoint   ] Safepoint "Cleanup", Time since last: 2000324028 ns, Reaching safepoint: 7324 ns, Cleanup: 6894 ns, At safepoint: 4205 ns, Total: 18423 ns
[2026-02-06T15:33:11.099+0000][7][safepoint   ] Safepoint "Cleanup", Time since last: 2000137514 ns, Reaching safepoint: 13560 ns, Cleanup: 7903 ns, At safepoint: 3885 ns, Total: 25348 ns
[2026-02-06T15:33:13.099+0000][7][safepoint   ] Safepoint "Cleanup", Time since last: 2000134013 ns, Reaching safepoint: 7044 ns, Cleanup: 5716 ns, At safepoint: 4240 ns, Total: 17000 ns
[2026-02-06T15:33:19.099+0000][7][safepoint   ] Safepoint "Cleanup", Time since last: 6000534213 ns, Reaching safepoint: 6824 ns, Cleanup: 6681 ns, At safepoint: 4795 ns, Total: 18300 ns
[2026-02-06T15:33:26.100+0000][7][safepoint   ] Safepoint "Cleanup", Time since last: 7000678155 ns, Reaching safepoint: 7307 ns, Cleanup: 7216 ns, At safepoint: 4728 ns, Total: 19251 ns
[2026-02-06T15:33:30.100+0000][7][safepoint   ] Safepoint "Cleanup", Time since last: 4000359978 ns, Reaching safepoint: 6946 ns, Cleanup: 23594 ns, At safepoint: 4203 ns, Total: 34743 ns
[2026-02-06T15:33:32.101+0000][7][safepoint   ] Safepoint "Cleanup", Time since last: 2000194216 ns, Reaching safepoint: 7034 ns, Cleanup: 11571 ns, At safepoint: 5032 ns, Total: 23637 ns
[2026-02-06T15:33:40.101+0000][7][safepoint   ] Safepoint "Cleanup", Time since last: 8000539577 ns, Reaching safepoint: 7390 ns, Cleanup: 8969 ns, At safepoint: 4632 ns, Total: 20991 ns
[2026-02-06T15:33:44.102+0000][7][safepoint   ] Safepoint "Cleanup", Time since last: 4000347314 ns, Reaching safepoint: 19092 ns, Cleanup: 10566 ns, At safepoint: 5461 ns, Total: 35119 ns
[2026-02-06T15:33:47.102+0000][7][safepoint   ] Safepoint "Cleanup", Time since last: 3000198982 ns, Reaching safepoint: 7397 ns, Cleanup: 7784 ns, At safepoint: 5369 ns, Total: 20550 ns
[2026-02-06T15:33:52.102+0000][7][safepoint   ] Safepoint "Cleanup", Time since last: 5000453352 ns, Reaching safepoint: 6927 ns, Cleanup: 7802 ns, At safepoint: 3342 ns, Total: 18071 ns
[2026-02-06T15:33:54.103+0000][7][safepoint   ] Safepoint "Cleanup", Time since last: 2000259851 ns, Reaching safepoint: 6868 ns, Cleanup: 6434 ns, At safepoint: 5309 ns, Total: 18611 ns
[2026-02-06T15:33:56.103+0000][7][safepoint   ] Safepoint "Cleanup", Time since last: 2000157652 ns, Reaching safepoint: 6994 ns, Cleanup: 7145 ns, At safepoint: 4704 ns, Total: 18843 ns
[2026-02-06T15:33:58.103+0000][7][safepoint   ] Safepoint "Cleanup", Time since last: 2000338272 ns, Reaching safepoint: 7782 ns, Cleanup: 7189 ns, At safepoint: 5104 ns, Total: 20075 ns
[2026-02-06T15:33:59.103+0000][7][safepoint   ] Safepoint "Cleanup", Time since last: 1000141912 ns, Reaching safepoint: 6886 ns, Cleanup: 7171 ns, At safepoint: 4937 ns, Total: 18994 ns
[2026-02-06T15:34:00.103+0000][7][safepoint   ] Safepoint "Cleanup", Time since last: 1000168343 ns, Reaching safepoint: 6294 ns, Cleanup: 7565 ns, At safepoint: 4980 ns, Total: 18839 ns
[2026-02-06T15:34:02.104+0000][7][safepoint   ] Safepoint "Cleanup", Time since last: 2000165268 ns, Reaching safepoint: 10046 ns, Cleanup: 10764 ns, At safepoint: 5029 ns, Total: 25839 ns
[2026-02-06T15:34:03.104+0000][7][safepoint   ] Safepoint "Cleanup", Time since last: 1000099418 ns, Reaching safepoint: 6966 ns, Cleanup: 6976 ns, At safepoint: 5078 ns, Total: 19020 ns
[2026-02-06T15:34:04.104+0000][7][safepoint   ] Safepoint "Cleanup", Time since last: 1000093713 ns, Reaching safepoint: 6660 ns, Cleanup: 6594 ns, At safepoint: 3214 ns, Total: 16468 ns
[2026-02-06T15:34:06.104+0000][7][safepoint   ] Safepoint "Cleanup", Time since last: 2000317505 ns, Reaching safepoint: 6960 ns, Cleanup: 6938 ns, At safepoint: 5597 ns, Total: 19495 ns
[2026-02-06T15:34:08.105+0000][7][safepoint   ] Safepoint "Cleanup", Time since last: 2000357239 ns, Reaching safepoint: 7573 ns, Cleanup: 9302 ns, At safepoint: 6458 ns, Total: 23333 ns
[2026-02-06T15:34:10.105+0000][7][safepoint   ] Safepoint "Cleanup", Time since last: 2000146281 ns, Reaching safepoint: 7072 ns, Cleanup: 7692 ns, At safepoint: 4282 ns, Total: 19046 ns
[2026-02-06T15:34:11.105+0000][7][safepoint   ] Safepoint "Cleanup", Time since last: 1000092846 ns, Reaching safepoint: 10408 ns, Cleanup: 8659 ns, At safepoint: 5216 ns, Total: 24283 ns
[2026-02-06T15:34:14.105+0000][7][safepoint   ] Safepoint "Cleanup", Time since last: 3000267548 ns, Reaching safepoint: 52148 ns, Cleanup: 21120 ns, At safepoint: 23713 ns, Total: 96981 ns
[2026-02-06T15:34:17.106+0000][7][safepoint   ] Safepoint "Cleanup", Time since last: 3000253699 ns, Reaching safepoint: 7833 ns, Cleanup: 7742 ns, At safepoint: 5675 ns, Total: 21250 ns
[2026-02-06T15:34:19.106+0000][7][safepoint   ] Safepoint "Cleanup", Time since last: 2000147855 ns, Reaching safepoint: 7040 ns, Cleanup: 7381 ns, At safepoint: 5044 ns, Total: 19465 ns
[2026-02-06T15:34:22.106+0000][7][safepoint   ] Safepoint "Cleanup", Time since last: 3000218769 ns, Reaching safepoint: 8489 ns, Cleanup: 7927 ns, At safepoint: 4679 ns, Total: 21095 ns
[2026-02-06T15:34:23.106+0000][7][safepoint   ] Safepoint "Cleanup", Time since last: 1000091688 ns, Reaching safepoint: 7904 ns, Cleanup: 7659 ns, At safepoint: 4735 ns, Total: 20298 ns
[2026-02-06T15:34:25.106+0000][7][safepoint   ] Safepoint "Cleanup", Time since last: 2000185141 ns, Reaching safepoint: 31668 ns, Cleanup: 32634 ns, At safepoint: 14366 ns, Total: 78668 ns
[2026-02-06T15:34:27.107+0000][7][safepoint   ] Safepoint "Cleanup", Time since last: 2000293817 ns, Reaching safepoint: 45744 ns, Cleanup: 52661 ns, At safepoint: 17002 ns, Total: 115407 ns
[2026-02-06T15:34:31.107+0000][7][safepoint   ] Safepoint "Cleanup", Time since last: 4000373969 ns, Reaching safepoint: 8050 ns, Cleanup: 8563 ns, At safepoint: 5919 ns, Total: 22532 ns
[2026-02-06T15:34:32.107+0000][7][safepoint   ] Safepoint "Cleanup", Time since last: 1000088751 ns, Reaching safepoint: 7416 ns, Cleanup: 8298 ns, At safepoint: 3989 ns, Total: 19703 ns
[2026-02-06T15:34:33.107+0000][7][safepoint   ] Safepoint "Cleanup", Time since last: 1000109261 ns, Reaching safepoint: 7722 ns, Cleanup: 8354 ns, At safepoint: 5742 ns, Total: 21818 ns
[2026-02-06T15:34:39.108+0000][7][safepoint   ] Safepoint "Cleanup", Time since last: 6000356364 ns, Reaching safepoint: 7934 ns, Cleanup: 8082 ns, At safepoint: 4137 ns, Total: 20153 ns
[2026-02-06T15:34:40.108+0000][7][safepoint   ] Safepoint "Cleanup", Time since last: 1000091608 ns, Reaching safepoint: 7615 ns, Cleanup: 7161 ns, At safepoint: 4303 ns, Total: 19079 ns
[2026-02-06T15:34:44.135+0000][7][safepoint   ] Safepoint "Cleanup", Time since last: 4026608804 ns, Reaching safepoint: 20545 ns, Cleanup: 7588 ns, At safepoint: 5338 ns, Total: 33471 ns
[2026-02-06T15:34:47.135+0000][7][safepoint   ] Safepoint "Cleanup", Time since last: 3000206741 ns, Reaching safepoint: 7834 ns, Cleanup: 8719 ns, At safepoint: 4371 ns, Total: 20924 ns
[2026-02-06T15:34:51.135+0000][7][safepoint   ] Safepoint "Cleanup", Time since last: 4000335049 ns, Reaching safepoint: 17198 ns, Cleanup: 19067 ns, At safepoint: 13632 ns, Total: 49897 ns
[2026-02-06T15:34:55.135+0000][7][safepoint   ] Safepoint "Cleanup", Time since last: 4000354481 ns, Reaching safepoint: 8312 ns, Cleanup: 8169 ns, At safepoint: 5783 ns, Total: 22264 ns
[2026-02-06T15:34:59.136+0000][7][safepoint   ] Safepoint "Cleanup", Time since last: 4000275264 ns, Reaching safepoint: 12742 ns, Cleanup: 10123 ns, At safepoint: 6881 ns, Total: 29746 ns
[2026-02-06T15:35:01.136+0000][7][safepoint   ] Safepoint "Cleanup", Time since last: 2000167867 ns, Reaching safepoint: 11345 ns, Cleanup: 9172 ns, At safepoint: 5770 ns, Total: 26287 ns
[2026-02-06T15:35:02.136+0000][7][safepoint   ] Safepoint "Cleanup", Time since last: 1000105406 ns, Reaching safepoint: 8204 ns, Cleanup: 9876 ns, At safepoint: 5244 ns, Total: 23324 ns
[2026-02-06T15:35:05.137+0000][7][safepoint   ] Safepoint "Cleanup", Time since last: 3000263345 ns, Reaching safepoint: 69124 ns, Cleanup: 41978 ns, At safepoint: 4824 ns, Total: 115926 ns
[2026-02-06T15:35:07.137+0000][7][safepoint   ] Safepoint "Cleanup", Time since last: 2000150249 ns, Reaching safepoint: 7642 ns, Cleanup: 10078 ns, At safepoint: 4489 ns, Total: 22209 ns
[2026-02-06T15:35:10.137+0000][7][safepoint   ] Safepoint "Cleanup", Time since last: 3000260357 ns, Reaching safepoint: 8040 ns, Cleanup: 7599 ns, At safepoint: 5017 ns, Total: 20656 ns
[2026-02-06T15:35:12.137+0000][7][safepoint   ] Safepoint "Cleanup", Time since last: 2000171811 ns, Reaching safepoint: 17547 ns, Cleanup: 20105 ns, At safepoint: 9687 ns, Total: 47339 ns
[2026-02-06T15:35:18.138+0000][7][safepoint   ] Safepoint "Cleanup", Time since last: 6000479706 ns, Reaching safepoint: 74558 ns, Cleanup: 34983 ns, At safepoint: 15771 ns, Total: 125312 ns
[2026-02-06T15:35:19.138+0000][7][safepoint   ] Safepoint "Cleanup", Time since last: 1000130356 ns, Reaching safepoint: 7552 ns, Cleanup: 7243 ns, At safepoint: 4440 ns, Total: 19235 ns
[2026-02-06T15:35:22.138+0000][7][safepoint   ] Safepoint "Cleanup", Time since last: 3000261070 ns, Reaching safepoint: 21781 ns, Cleanup: 23047 ns, At safepoint: 13246 ns, Total: 58074 ns
[2026-02-06T15:35:24.138+0000][7][safepoint   ] Safepoint "Cleanup", Time since last: 2000223950 ns, Reaching safepoint: 8391 ns, Cleanup: 7975 ns, At safepoint: 5166 ns, Total: 21532 ns
[2026-02-06T15:35:30.139+0000][7][safepoint   ] Safepoint "Cleanup", Time since last: 6000423782 ns, Reaching safepoint: 33925 ns, Cleanup: 7909 ns, At safepoint: 5370 ns, Total: 47204 ns
[2026-02-06T15:35:32.139+0000][7][safepoint   ] Safepoint "Cleanup", Time since last: 2000157208 ns, Reaching safepoint: 8326 ns, Cleanup: 11032 ns, At safepoint: 5930 ns, Total: 25288 ns
[2026-02-06T15:35:36.139+0000][7][safepoint   ] Safepoint "Cleanup", Time since last: 4000269526 ns, Reaching safepoint: 9888 ns, Cleanup: 7933 ns, At safepoint: 5329 ns, Total: 23150 ns
[2026-02-06T15:35:42.151+0000][7][safepoint   ] Safepoint "Cleanup", Time since last: 6011144231 ns, Reaching safepoint: 8353 ns, Cleanup: 7312 ns, At safepoint: 4439 ns, Total: 20104 ns
[2026-02-06T15:35:48.151+0000][7][safepoint   ] Safepoint "Cleanup", Time since last: 6000415111 ns, Reaching safepoint: 21040 ns, Cleanup: 9028 ns, At safepoint: 6228 ns, Total: 36296 ns
[2026-02-06T15:35:49.151+0000][7][safepoint   ] Safepoint "Cleanup", Time since last: 1000088805 ns, Reaching safepoint: 8561 ns, Cleanup: 7781 ns, At safepoint: 5271 ns, Total: 21613 ns
[2026-02-06T15:35:54.152+0000][7][safepoint   ] Safepoint "Cleanup", Time since last: 5000444095 ns, Reaching safepoint: 8100 ns, Cleanup: 7161 ns, At safepoint: 4297 ns, Total: 19558 ns
[2026-02-06T15:35:56.152+0000][7][safepoint   ] Safepoint "Cleanup", Time since last: 2000149174 ns, Reaching safepoint: 7864 ns, Cleanup: 7463 ns, At safepoint: 4959 ns, Total: 20286 ns
[2026-02-06T15:36:00.152+0000][7][safepoint   ] Safepoint "Cleanup", Time since last: 4000283173 ns, Reaching safepoint: 7457 ns, Cleanup: 11675 ns, At safepoint: 4446 ns, Total: 23578 ns
[2026-02-06T15:36:03.152+0000][7][safepoint   ] Safepoint "Cleanup", Time since last: 3000239402 ns, Reaching safepoint: 26952 ns, Cleanup: 42624 ns, At safepoint: 12038 ns, Total: 81614 ns
[2026-02-06T15:36:05.153+0000][7][safepoint   ] Safepoint "Cleanup", Time since last: 2000244531 ns, Reaching safepoint: 13648 ns, Cleanup: 11166 ns, At safepoint: 6241 ns, Total: 31055 ns
[2026-02-06T15:36:07.153+0000][7][safepoint   ] Safepoint "Cleanup", Time since last: 2000165368 ns, Reaching safepoint: 9196 ns, Cleanup: 9440 ns, At safepoint: 5730 ns, Total: 24366 ns
[2026-02-06T15:36:11.153+0000][7][safepoint   ] Safepoint "Cleanup", Time since last: 4000277103 ns, Reaching safepoint: 7791 ns, Cleanup: 8672 ns, At safepoint: 4422 ns, Total: 20885 ns
[2026-02-06T15:36:13.153+0000][7][safepoint   ] Safepoint "Cleanup", Time since last: 2000150152 ns, Reaching safepoint: 7436 ns, Cleanup: 7145 ns, At safepoint: 3979 ns, Total: 18560 ns
[2026-02-06T15:36:15.153+0000][7][safepoint   ] Safepoint "Cleanup", Time since last: 2000107790 ns, Reaching safepoint: 7299 ns, Cleanup: 7971 ns, At safepoint: 4656 ns, Total: 19926 ns
[2026-02-06T15:36:17.154+0000][7][safepoint   ] Safepoint "Cleanup", Time since last: 2000149284 ns, Reaching safepoint: 27837 ns, Cleanup: 10624 ns, At safepoint: 5644 ns, Total: 44105 ns
[2026-02-06T15:36:21.154+0000][7][safepoint   ] Safepoint "Cleanup", Time since last: 4000264741 ns, Reaching safepoint: 8123 ns, Cleanup: 7809 ns, At safepoint: 3810 ns, Total: 19742 ns
[2026-02-06T15:36:29.155+0000][7][safepoint   ] Safepoint "Cleanup", Time since last: 8000807400 ns, Reaching safepoint: 10283 ns, Cleanup: 8337 ns, At safepoint: 4789 ns, Total: 23409 ns
[2026-02-06T15:36:31.155+0000][7][safepoint   ] Safepoint "Cleanup", Time since last: 2000188783 ns, Reaching safepoint: 8249 ns, Cleanup: 7293 ns, At safepoint: 2648 ns, Total: 18190 ns
[2026-02-06T15:36:32.155+0000][7][safepoint   ] Safepoint "Cleanup", Time since last: 1000086075 ns, Reaching safepoint: 6734 ns, Cleanup: 8931 ns, At safepoint: 2752 ns, Total: 18417 ns
[2026-02-06T15:36:35.155+0000][7][safepoint   ] Safepoint "Cleanup", Time since last: 3000193864 ns, Reaching safepoint: 9730 ns, Cleanup: 21886 ns, At safepoint: 6415 ns, Total: 38031 ns
[2026-02-06T15:36:39.156+0000][7][safepoint   ] Safepoint "Cleanup", Time since last: 4000257386 ns, Reaching safepoint: 9819 ns, Cleanup: 8319 ns, At safepoint: 5566 ns, Total: 23704 ns
[2026-02-06T15:36:41.166+0000][7][safepoint   ] Safepoint "Cleanup", Time since last: 2010243022 ns, Reaching safepoint: 7145 ns, Cleanup: 7106 ns, At safepoint: 3814 ns, Total: 18065 ns
[2026-02-06T15:36:45.166+0000][7][safepoint   ] Safepoint "Cleanup", Time since last: 4000271543 ns, Reaching safepoint: 8060 ns, Cleanup: 20519 ns, At safepoint: 7279 ns, Total: 35858 ns
[2026-02-06T15:36:49.166+0000][7][safepoint   ] Safepoint "Cleanup", Time since last: 4000279485 ns, Reaching safepoint: 8701 ns, Cleanup: 15560 ns, At safepoint: 5302 ns, Total: 29563 ns
[2026-02-06T15:36:50.167+0000][7][safepoint   ] Safepoint "Cleanup", Time since last: 1000103066 ns, Reaching safepoint: 11219 ns, Cleanup: 37799 ns, At safepoint: 6291 ns, Total: 55309 ns
[2026-02-06T15:36:51.167+0000][7][safepoint   ] Safepoint "Cleanup", Time since last: 1000106499 ns, Reaching safepoint: 7538 ns, Cleanup: 9042 ns, At safepoint: 4589 ns, Total: 21169 ns
[2026-02-06T15:36:56.167+0000][7][safepoint   ] Safepoint "Cleanup", Time since last: 5000360356 ns, Reaching safepoint: 8065 ns, Cleanup: 7515 ns, At safepoint: 4722 ns, Total: 20302 ns
[2026-02-06T15:36:58.167+0000][7][safepoint   ] Safepoint "Cleanup", Time since last: 2000149196 ns, Reaching safepoint: 7966 ns, Cleanup: 6741 ns, At safepoint: 4463 ns, Total: 19170 ns
[2026-02-06T15:37:00.168+0000][7][safepoint   ] Safepoint "Cleanup", Time since last: 2000167190 ns, Reaching safepoint: 10444 ns, Cleanup: 12139 ns, At safepoint: 5677 ns, Total: 28260 ns
[2026-02-06T15:37:02.168+0000][7][safepoint   ] Safepoint "Cleanup", Time since last: 2000163102 ns, Reaching safepoint: 11788 ns, Cleanup: 9460 ns, At safepoint: 5010 ns, Total: 26258 ns
[2026-02-06T15:37:08.168+0000][7][safepoint   ] Safepoint "Cleanup", Time since last: 6000592800 ns, Reaching safepoint: 7300 ns, Cleanup: 7093 ns, At safepoint: 4431 ns, Total: 18824 ns
[2026-02-06T15:37:10.169+0000][7][safepoint   ] Safepoint "Cleanup", Time since last: 2000272947 ns, Reaching safepoint: 7528 ns, Cleanup: 12501 ns, At safepoint: 5908 ns, Total: 25937 ns
[2026-02-06T15:37:12.169+0000][7][safepoint   ] Safepoint "Cleanup", Time since last: 2000136943 ns, Reaching safepoint: 10631 ns, Cleanup: 12178 ns, At safepoint: 6457 ns, Total: 29266 ns
[2026-02-06T15:37:14.169+0000][7][safepoint   ] Safepoint "Cleanup", Time since last: 2000158027 ns, Reaching safepoint: 7166 ns, Cleanup: 10359 ns, At safepoint: 5873 ns, Total: 23398 ns
[2026-02-06T15:37:16.169+0000][7][safepoint   ] Safepoint "Cleanup", Time since last: 2000149727 ns, Reaching safepoint: 7465 ns, Cleanup: 6986 ns, At safepoint: 4442 ns, Total: 18893 ns
[2026-02-06T15:37:32.170+0000][7][safepoint   ] Safepoint "Cleanup", Time since last: 16001089207 ns, Reaching safepoint: 20216 ns, Cleanup: 14491 ns, At safepoint: 4332 ns, Total: 39039 ns
[2026-02-06T15:37:34.170+0000][7][safepoint   ] Safepoint "Cleanup", Time since last: 2000199734 ns, Reaching safepoint: 7853 ns, Cleanup: 7283 ns, At safepoint: 4257 ns, Total: 19393 ns
[2026-02-06T15:37:36.171+0000][7][safepoint   ] Safepoint "Cleanup", Time since last: 2000171282 ns, Reaching safepoint: 14503 ns, Cleanup: 13157 ns, At safepoint: 8614 ns, Total: 36274 ns
[2026-02-06T15:37:39.171+0000][7][safepoint   ] Safepoint "Cleanup", Time since last: 3000234542 ns, Reaching safepoint: 11330 ns, Cleanup: 10412 ns, At safepoint: 6412 ns, Total: 28154 ns
[2026-02-06T15:37:40.171+0000][7][safepoint   ] Safepoint "Cleanup", Time since last: 1000104205 ns, Reaching safepoint: 10203 ns, Cleanup: 7776 ns, At safepoint: 4647 ns, Total: 22626 ns
[2026-02-06T15:37:53.172+0000][7][safepoint   ] Safepoint "Cleanup", Time since last: 13000846144 ns, Reaching safepoint: 18892 ns, Cleanup: 8678 ns, At safepoint: 4365 ns, Total: 31935 ns
[2026-02-06T15:37:57.172+0000][7][safepoint   ] Safepoint "Cleanup", Time since last: 4000255626 ns, Reaching safepoint: 7133 ns, Cleanup: 7300 ns, At safepoint: 3203 ns, Total: 17636 ns
[2026-02-06T15:38:02.173+0000][7][safepoint   ] Safepoint "Cleanup", Time since last: 5000281061 ns, Reaching safepoint: 7400 ns, Cleanup: 12468 ns, At safepoint: 4127 ns, Total: 23995 ns
[2026-02-06T15:38:07.173+0000][7][safepoint   ] Safepoint "Cleanup", Time since last: 5000357427 ns, Reaching safepoint: 7994 ns, Cleanup: 7486 ns, At safepoint: 4387 ns, Total: 19867 ns
[2026-02-06T15:38:14.173+0000][7][safepoint   ] Safepoint "Cleanup", Time since last: 7000507245 ns, Reaching safepoint: 16510 ns, Cleanup: 15706 ns, At safepoint: 31280 ns, Total: 63496 ns
[2026-02-06T15:38:15.174+0000][7][safepoint   ] Safepoint "Cleanup", Time since last: 1000115954 ns, Reaching safepoint: 8137 ns, Cleanup: 8418 ns, At safepoint: 5272 ns, Total: 21827 ns
[2026-02-06T15:38:19.174+0000][7][safepoint   ] Safepoint "Cleanup", Time since last: 4000362487 ns, Reaching safepoint: 15346 ns, Cleanup: 8924 ns, At safepoint: 4752 ns, Total: 29022 ns
[2026-02-06T15:38:21.168+0000][7][safepoint   ] Safepoint "Cleanup", Time since last: 1993553823 ns, Reaching safepoint: 7059 ns, Cleanup: 66724 ns, At safepoint: 4404 ns, Total: 78187 ns
[2026-02-06T15:38:23.168+0000][7][safepoint   ] Safepoint "Cleanup", Time since last: 2000145716 ns, Reaching safepoint: 7331 ns, Cleanup: 8065 ns, At safepoint: 4967 ns, Total: 20363 ns
[2026-02-06T15:38:27.168+0000][7][safepoint   ] Safepoint "Cleanup", Time since last: 4000293583 ns, Reaching safepoint: 6672 ns, Cleanup: 9963 ns, At safepoint: 4573 ns, Total: 21208 ns
[2026-02-06T15:38:29.168+0000][7][safepoint   ] Safepoint "Cleanup", Time since last: 2000185311 ns, Reaching safepoint: 10324 ns, Cleanup: 14050 ns, At safepoint: 5889 ns, Total: 30263 ns
[2026-02-06T15:38:32.169+0000][7][safepoint   ] Safepoint "Cleanup", Time since last: 3000210644 ns, Reaching safepoint: 15188 ns, Cleanup: 14533 ns, At safepoint: 5669 ns, Total: 35390 ns
[2026-02-06T15:38:39.169+0000][7][safepoint   ] Safepoint "Cleanup", Time since last: 7000413753 ns, Reaching safepoint: 7363 ns, Cleanup: 7068 ns, At safepoint: 4986 ns, Total: 19417 ns
[2026-02-06T15:38:48.198+0000][7][safepoint   ] Safepoint "Cleanup", Time since last: 9028965343 ns, Reaching safepoint: 7170 ns, Cleanup: 7476 ns, At safepoint: 4836 ns, Total: 19482 ns
[2026-02-06T15:38:52.198+0000][7][safepoint   ] Safepoint "Cleanup", Time since last: 4000273258 ns, Reaching safepoint: 16652 ns, Cleanup: 6900 ns, At safepoint: 5956 ns, Total: 29508 ns
[2026-02-06T15:38:54.199+0000][7][safepoint   ] Safepoint "Cleanup", Time since last: 2000149624 ns, Reaching safepoint: 8908 ns, Cleanup: 46271 ns, At safepoint: 6650 ns, Total: 61829 ns
[2026-02-06T15:38:56.199+0000][7][safepoint   ] Safepoint "Cleanup", Time since last: 2000153353 ns, Reaching safepoint: 9132 ns, Cleanup: 7951 ns, At safepoint: 5252 ns, Total: 22335 ns
[2026-02-06T15:38:58.199+0000][7][safepoint   ] Safepoint "Cleanup", Time since last: 2000232652 ns, Reaching safepoint: 33099 ns, Cleanup: 9204 ns, At safepoint: 5033 ns, Total: 47336 ns
[2026-02-06T15:38:59.199+0000][7][safepoint   ] Safepoint "Cleanup", Time since last: 1000088180 ns, Reaching safepoint: 7919 ns, Cleanup: 15012 ns, At safepoint: 4647 ns, Total: 27578 ns
[2026-02-06T15:39:02.199+0000][7][safepoint   ] Safepoint "Cleanup", Time since last: 3000232560 ns, Reaching safepoint: 9619 ns, Cleanup: 9490 ns, At safepoint: 5450 ns, Total: 24559 ns
[2026-02-06T15:39:05.200+0000][7][safepoint   ] Safepoint "Cleanup", Time since last: 3000209124 ns, Reaching safepoint: 7115 ns, Cleanup: 7120 ns, At safepoint: 3805 ns, Total: 18040 ns
[2026-02-06T15:39:10.200+0000][7][safepoint   ] Safepoint "Cleanup", Time since last: 5000350870 ns, Reaching safepoint: 18280 ns, Cleanup: 22871 ns, At safepoint: 14144 ns, Total: 55295 ns
[2026-02-06T15:39:14.200+0000][7][safepoint   ] Safepoint "Cleanup", Time since last: 4000422859 ns, Reaching safepoint: 7866 ns, Cleanup: 8014 ns, At safepoint: 4865 ns, Total: 20745 ns
[2026-02-06T15:39:24.201+0000][7][safepoint   ] Safepoint "Cleanup", Time since last: 10000724142 ns, Reaching safepoint: 21414 ns, Cleanup: 7962 ns, At safepoint: 4717 ns, Total: 34093 ns
[2026-02-06T15:39:26.201+0000][7][safepoint   ] Safepoint "Cleanup", Time since last: 2000177806 ns, Reaching safepoint: 11832 ns, Cleanup: 19381 ns, At safepoint: 5975 ns, Total: 37188 ns
[2026-02-06T15:39:32.202+0000][7][safepoint   ] Safepoint "Cleanup", Time since last: 6000420127 ns, Reaching safepoint: 18285 ns, Cleanup: 23089 ns, At safepoint: 16717 ns, Total: 58091 ns
[2026-02-06T15:39:36.202+0000][7][safepoint   ] Safepoint "Cleanup", Time since last: 4000344830 ns, Reaching safepoint: 8443 ns, Cleanup: 12337 ns, At safepoint: 4998 ns, Total: 25778 ns
[2026-02-06T15:39:41.214+0000][7][safepoint   ] Safepoint "Cleanup", Time since last: 5011445924 ns, Reaching safepoint: 12271 ns, Cleanup: 13663 ns, At safepoint: 7316 ns, Total: 33250 ns
[2026-02-06T15:39:49.214+0000][7][safepoint   ] Safepoint "Cleanup", Time since last: 8000556386 ns, Reaching safepoint: 8407 ns, Cleanup: 9114 ns, At safepoint: 3837 ns, Total: 21358 ns
[2026-02-06T15:39:59.215+0000][7][safepoint   ] Safepoint "Cleanup", Time since last: 10000637935 ns, Reaching safepoint: 22880 ns, Cleanup: 10514 ns, At safepoint: 6019 ns, Total: 39413 ns
[2026-02-06T15:40:01.215+0000][7][safepoint   ] Safepoint "Cleanup", Time since last: 2000143202 ns, Reaching safepoint: 7755 ns, Cleanup: 4427 ns, At safepoint: 4727 ns, Total: 16909 ns
[2026-02-06T15:40:02.215+0000][7][safepoint   ] Safepoint "Cleanup", Time since last: 1000085746 ns, Reaching safepoint: 7447 ns, Cleanup: 7759 ns, At safepoint: 4486 ns, Total: 19692 ns
[2026-02-06T15:40:19.216+0000][7][safepoint   ] Safepoint "Cleanup", Time since last: 17001145501 ns, Reaching safepoint: 10354 ns, Cleanup: 11962 ns, At safepoint: 5486 ns, Total: 27802 ns
[2026-02-06T15:40:29.217+0000][7][safepoint   ] Safepoint "Cleanup", Time since last: 10000580278 ns, Reaching safepoint: 19399 ns, Cleanup: 8217 ns, At safepoint: 4481 ns, Total: 32097 ns
[2026-02-06T15:40:31.217+0000][7][safepoint   ] Safepoint "Cleanup", Time since last: 2000167879 ns, Reaching safepoint: 16853 ns, Cleanup: 21303 ns, At safepoint: 13790 ns, Total: 51946 ns
[2026-02-06T15:40:36.218+0000][7][safepoint   ] Safepoint "Cleanup", Time since last: 5000394260 ns, Reaching safepoint: 7534 ns, Cleanup: 7132 ns, At safepoint: 4688 ns, Total: 19354 ns
[2026-02-06T15:40:38.218+0000][7][safepoint   ] Safepoint "Cleanup", Time since last: 2000138418 ns, Reaching safepoint: 7040 ns, Cleanup: 7174 ns, At safepoint: 4580 ns, Total: 18794 ns
[2026-02-06T15:40:40.218+0000][7][safepoint   ] Safepoint "Cleanup", Time since last: 2000147813 ns, Reaching safepoint: 8676 ns, Cleanup: 7570 ns, At safepoint: 5517 ns, Total: 21763 ns
[2026-02-06T15:40:44.218+0000][7][safepoint   ] Safepoint "Cleanup", Time since last: 4000323307 ns, Reaching safepoint: 8490 ns, Cleanup: 8480 ns, At safepoint: 4228 ns, Total: 21198 ns
[2026-02-06T15:40:48.219+0000][7][safepoint   ] Safepoint "Cleanup", Time since last: 4000409395 ns, Reaching safepoint: 26609 ns, Cleanup: 7928 ns, At safepoint: 4364 ns, Total: 38901 ns
[2026-02-06T15:40:50.219+0000][7][safepoint   ] Safepoint "Cleanup", Time since last: 2000194388 ns, Reaching safepoint: 17998 ns, Cleanup: 22610 ns, At safepoint: 14499 ns, Total: 55107 ns
[2026-02-06T15:40:52.219+0000][7][safepoint   ] Safepoint "Cleanup", Time since last: 2000180569 ns, Reaching safepoint: 18756 ns, Cleanup: 9656 ns, At safepoint: 5467 ns, Total: 33879 ns
[2026-02-06T15:41:02.220+0000][7][safepoint   ] Safepoint "Cleanup", Time since last: 10000618456 ns, Reaching safepoint: 7374 ns, Cleanup: 7318 ns, At safepoint: 4485 ns, Total: 19177 ns
[2026-02-06T15:41:10.221+0000][7][safepoint   ] Safepoint "Cleanup", Time since last: 8000591546 ns, Reaching safepoint: 8164 ns, Cleanup: 7339 ns, At safepoint: 4851 ns, Total: 20354 ns
[2026-02-06T15:41:12.221+0000][7][safepoint   ] Safepoint "Cleanup", Time since last: 2000148773 ns, Reaching safepoint: 7288 ns, Cleanup: 8407 ns, At safepoint: 4509 ns, Total: 20204 ns
[2026-02-06T15:41:25.222+0000][7][safepoint   ] Safepoint "Cleanup", Time since last: 13000792219 ns, Reaching safepoint: 20090 ns, Cleanup: 8595 ns, At safepoint: 5240 ns, Total: 33925 ns
[2026-02-06T15:41:31.222+0000][7][safepoint   ] Safepoint "Cleanup", Time since last: 6000388138 ns, Reaching safepoint: 8304 ns, Cleanup: 9370 ns, At safepoint: 5173 ns, Total: 22847 ns
[2026-02-06T15:41:33.222+0000][7][safepoint   ] Safepoint "Cleanup", Time since last: 2000151314 ns, Reaching safepoint: 7458 ns, Cleanup: 7591 ns, At safepoint: 4548 ns, Total: 19597 ns
[2026-02-06T15:41:45.223+0000][7][safepoint   ] Safepoint "Cleanup", Time since last: 12000707498 ns, Reaching safepoint: 7994 ns, Cleanup: 7945 ns, At safepoint: 4725 ns, Total: 20664 ns
[2026-02-06T15:41:47.223+0000][7][safepoint   ] Safepoint "Cleanup", Time since last: 2000171880 ns, Reaching safepoint: 30571 ns, Cleanup: 7149 ns, At safepoint: 4547 ns, Total: 42267 ns
[2026-02-06T15:41:51.223+0000][7][safepoint   ] Safepoint "Cleanup", Time since last: 4000336268 ns, Reaching safepoint: 8823 ns, Cleanup: 13529 ns, At safepoint: 10429 ns, Total: 32781 ns
[2026-02-06T15:41:53.224+0000][7][safepoint   ] Safepoint "Cleanup", Time since last: 2000157341 ns, Reaching safepoint: 21114 ns, Cleanup: 13152 ns, At safepoint: 6302 ns, Total: 40568 ns
[2026-02-06T15:41:57.224+0000][7][safepoint   ] Safepoint "Cleanup", Time since last: 4000217906 ns, Reaching safepoint: 7093 ns, Cleanup: 7877 ns, At safepoint: 3737 ns, Total: 18707 ns
[2026-02-06T15:41:59.224+0000][7][safepoint   ] Safepoint "Cleanup", Time since last: 2000152213 ns, Reaching safepoint: 7730 ns, Cleanup: 8529 ns, At safepoint: 3940 ns, Total: 20199 ns
[2026-02-06T15:42:01.224+0000][7][safepoint   ] Safepoint "Cleanup", Time since last: 2000147927 ns, Reaching safepoint: 6975 ns, Cleanup: 9079 ns, At safepoint: 4678 ns, Total: 20732 ns
[2026-02-06T15:42:03.224+0000][7][safepoint   ] Safepoint "Cleanup", Time since last: 2000213739 ns, Reaching safepoint: 12720 ns, Cleanup: 35874 ns, At safepoint: 4555 ns, Total: 53149 ns
[2026-02-06T15:42:05.225+0000][7][safepoint   ] Safepoint "Cleanup", Time since last: 2000179600 ns, Reaching safepoint: 9404 ns, Cleanup: 10599 ns, At safepoint: 4949 ns, Total: 24952 ns
[2026-02-06T15:42:13.225+0000][7][safepoint   ] Safepoint "Cleanup", Time since last: 8000547927 ns, Reaching safepoint: 7499 ns, Cleanup: 18727 ns, At safepoint: 5113 ns, Total: 31339 ns
[2026-02-06T15:42:20.226+0000][7][safepoint   ] Safepoint "Cleanup", Time since last: 7000487938 ns, Reaching safepoint: 6886 ns, Cleanup: 6988 ns, At safepoint: 4107 ns, Total: 17981 ns
[2026-02-06T15:42:46.228+0000][7][safepoint   ] Safepoint "Cleanup", Time since last: 26001800122 ns, Reaching safepoint: 8546 ns, Cleanup: 9118 ns, At safepoint: 4916 ns, Total: 22580 ns
[2026-02-06T15:42:58.228+0000][7][safepoint   ] Safepoint "Cleanup", Time since last: 12000779147 ns, Reaching safepoint: 18114 ns, Cleanup: 9083 ns, At safepoint: 5153 ns, Total: 32350 ns
[2026-02-06T15:43:21.230+0000][7][safepoint   ] Safepoint "Cleanup", Time since last: 23001393429 ns, Reaching safepoint: 6929 ns, Cleanup: 7521 ns, At safepoint: 4496 ns, Total: 18946 ns
[2026-02-06T15:43:31.230+0000][7][safepoint   ] Safepoint "Cleanup", Time since last: 10000632183 ns, Reaching safepoint: 19861 ns, Cleanup: 10790 ns, At safepoint: 5853 ns, Total: 36504 ns
[2026-02-06T15:43:35.231+0000][7][safepoint   ] Safepoint "Cleanup", Time since last: 4000280473 ns, Reaching safepoint: 7119 ns, Cleanup: 8851 ns, At safepoint: 4642 ns, Total: 20612 ns
[2026-02-06T15:43:39.231+0000][7][safepoint   ] Safepoint "Cleanup", Time since last: 4000265099 ns, Reaching safepoint: 6979 ns, Cleanup: 9601 ns, At safepoint: 4181 ns, Total: 20761 ns
[2026-02-06T15:43:47.232+0000][7][safepoint   ] Safepoint "Cleanup", Time since last: 8000567942 ns, Reaching safepoint: 7056 ns, Cleanup: 7075 ns, At safepoint: 4332 ns, Total: 18463 ns
[2026-02-06T15:43:54.232+0000][7][safepoint   ] Safepoint "Cleanup", Time since last: 7000425217 ns, Reaching safepoint: 10920 ns, Cleanup: 8574 ns, At safepoint: 6686 ns, Total: 26180 ns
[2026-02-06T15:44:02.233+0000][7][safepoint   ] Safepoint "Cleanup", Time since last: 8000645210 ns, Reaching safepoint: 18724 ns, Cleanup: 6940 ns, At safepoint: 4774 ns, Total: 30438 ns
[2026-02-06T15:44:03.233+0000][7][safepoint   ] Safepoint "Cleanup", Time since last: 1000090502 ns, Reaching safepoint: 7782 ns, Cleanup: 9828 ns, At safepoint: 5161 ns, Total: 22771 ns
[2026-02-06T15:44:05.233+0000][7][safepoint   ] Safepoint "Cleanup", Time since last: 2000149495 ns, Reaching safepoint: 7184 ns, Cleanup: 7334 ns, At safepoint: 4191 ns, Total: 18709 ns
[2026-02-06T15:44:13.234+0000][7][safepoint   ] Safepoint "Cleanup", Time since last: 8000589770 ns, Reaching safepoint: 7120 ns, Cleanup: 6570 ns, At safepoint: 4829 ns, Total: 18519 ns
[2026-02-06T15:44:30.235+0000][7][safepoint   ] Safepoint "Cleanup", Time since last: 17001117857 ns, Reaching safepoint: 19868 ns, Cleanup: 13283 ns, At safepoint: 4738 ns, Total: 37889 ns
[2026-02-06T15:44:49.236+0000][7][safepoint   ] Safepoint "Cleanup", Time since last: 19001251679 ns, Reaching safepoint: 7830 ns, Cleanup: 8564 ns, At safepoint: 4475 ns, Total: 20869 ns
[2026-02-06T15:44:50.236+0000][7][safepoint   ] Safepoint "Cleanup", Time since last: 1000089439 ns, Reaching safepoint: 7727 ns, Cleanup: 7379 ns, At safepoint: 4798 ns, Total: 19904 ns
[2026-02-06T15:44:52.236+0000][7][safepoint   ] Safepoint "Cleanup", Time since last: 2000184331 ns, Reaching safepoint: 7448 ns, Cleanup: 7384 ns, At safepoint: 4728 ns, Total: 19560 ns
[2026-02-06T15:44:56.237+0000][7][safepoint   ] Safepoint "Cleanup", Time since last: 4000294197 ns, Reaching safepoint: 7662 ns, Cleanup: 7790 ns, At safepoint: 5584 ns, Total: 21036 ns
[2026-02-06T15:44:58.237+0000][7][safepoint   ] Safepoint "Cleanup", Time since last: 2000148723 ns, Reaching safepoint: 18885 ns, Cleanup: 7808 ns, At safepoint: 4710 ns, Total: 31403 ns
[2026-02-06T15:45:00.237+0000][7][safepoint   ] Safepoint "Cleanup", Time since last: 2000111166 ns, Reaching safepoint: 8423 ns, Cleanup: 9250 ns, At safepoint: 4684 ns, Total: 22357 ns
[2026-02-06T15:45:02.237+0000][7][safepoint   ] Safepoint "Cleanup", Time since last: 2000156893 ns, Reaching safepoint: 9759 ns, Cleanup: 9375 ns, At safepoint: 5666 ns, Total: 24800 ns
[2026-02-06T15:45:06.238+0000][7][safepoint   ] Safepoint "Cleanup", Time since last: 4000300653 ns, Reaching safepoint: 7001 ns, Cleanup: 7161 ns, At safepoint: 4632 ns, Total: 18794 ns
[2026-02-06T15:45:19.238+0000][7][safepoint   ] Safepoint "Cleanup", Time since last: 13000856484 ns, Reaching safepoint: 8125 ns, Cleanup: 8041 ns, At safepoint: 5478 ns, Total: 21644 ns
[2026-02-06T15:45:20.240+0000][7][safepoint   ] Safepoint "Cleanup", Time since last: 1001413487 ns, Reaching safepoint: 14112 ns, Cleanup: 9907 ns, At safepoint: 4863 ns, Total: 28882 ns
[2026-02-06T15:45:26.240+0000][7][safepoint   ] Safepoint "Cleanup", Time since last: 6000445336 ns, Reaching safepoint: 18466 ns, Cleanup: 21199 ns, At safepoint: 29560 ns, Total: 69225 ns
[2026-02-06T15:45:27.240+0000][7][safepoint   ] Safepoint "Cleanup", Time since last: 1000095706 ns, Reaching safepoint: 18143 ns, Cleanup: 18227 ns, At safepoint: 19125 ns, Total: 55495 ns
[2026-02-06T15:45:31.241+0000][7][safepoint   ] Safepoint "Cleanup", Time since last: 4000317747 ns, Reaching safepoint: 20383 ns, Cleanup: 8690 ns, At safepoint: 4539 ns, Total: 33612 ns
[2026-02-06T15:46:01.243+0000][7][safepoint   ] Safepoint "Cleanup", Time since last: 30002079031 ns, Reaching safepoint: 25378 ns, Cleanup: 9310 ns, At safepoint: 5369 ns, Total: 40057 ns
[2026-02-06T15:46:02.243+0000][7][safepoint   ] Safepoint "Cleanup", Time since last: 1000092343 ns, Reaching safepoint: 7717 ns, Cleanup: 8604 ns, At safepoint: 4344 ns, Total: 20665 ns
[2026-02-06T15:46:05.243+0000][7][safepoint   ] Safepoint "Cleanup", Time since last: 3000207468 ns, Reaching safepoint: 7513 ns, Cleanup: 7742 ns, At safepoint: 4612 ns, Total: 19867 ns
[2026-02-06T15:46:15.244+0000][7][safepoint   ] Safepoint "Cleanup", Time since last: 10000686825 ns, Reaching safepoint: 15491 ns, Cleanup: 21088 ns, At safepoint: 13352 ns, Total: 49931 ns
[2026-02-06T15:46:18.244+0000][7][safepoint   ] Safepoint "Cleanup", Time since last: 3000287839 ns, Reaching safepoint: 8111 ns, Cleanup: 8167 ns, At safepoint: 5478 ns, Total: 21756 ns
[2026-02-06T15:46:20.244+0000][7][safepoint   ] Safepoint "Cleanup", Time since last: 2000128720 ns, Reaching safepoint: 7985 ns, Cleanup: 6920 ns, At safepoint: 4285 ns, Total: 19190 ns
[2026-02-06T15:46:31.245+0000][7][safepoint   ] Safepoint "Cleanup", Time since last: 11000702584 ns, Reaching safepoint: 19454 ns, Cleanup: 6782 ns, At safepoint: 5684 ns, Total: 31920 ns
[2026-02-06T15:46:32.245+0000][7][safepoint   ] Safepoint "Cleanup", Time since last: 1000116902 ns, Reaching safepoint: 6989 ns, Cleanup: 9001 ns, At safepoint: 4247 ns, Total: 20237 ns
[2026-02-06T15:46:36.246+0000][7][safepoint   ] Safepoint "Cleanup", Time since last: 4000265520 ns, Reaching safepoint: 6965 ns, Cleanup: 6400 ns, At safepoint: 4513 ns, Total: 17878 ns
[2026-02-06T15:47:00.247+0000][7][safepoint   ] Safepoint "Cleanup", Time since last: 24001811806 ns, Reaching safepoint: 7105 ns, Cleanup: 8065 ns, At safepoint: 3867 ns, Total: 19037 ns
[2026-02-06T15:47:01.248+0000][7][safepoint   ] Safepoint "Cleanup", Time since last: 1000090472 ns, Reaching safepoint: 9094 ns, Cleanup: 8059 ns, At safepoint: 4896 ns, Total: 22049 ns
[2026-02-06T15:47:12.248+0000][7][safepoint   ] Safepoint "Cleanup", Time since last: 11000736490 ns, Reaching safepoint: 8426 ns, Cleanup: 7915 ns, At safepoint: 4723 ns, Total: 21064 ns
[2026-02-06T15:47:31.250+0000][7][safepoint   ] Safepoint "Cleanup", Time since last: 19001822444 ns, Reaching safepoint: 18334 ns, Cleanup: 6604 ns, At safepoint: 3979 ns, Total: 28917 ns
[2026-02-06T15:47:33.250+0000][7][safepoint   ] Safepoint "Cleanup", Time since last: 2000153796 ns, Reaching safepoint: 11515 ns, Cleanup: 9908 ns, At safepoint: 6074 ns, Total: 27497 ns
[2026-02-06T15:47:37.251+0000][7][safepoint   ] Safepoint "Cleanup", Time since last: 4000309027 ns, Reaching safepoint: 10586 ns, Cleanup: 9953 ns, At safepoint: 5435 ns, Total: 25974 ns
[2026-02-06T15:47:47.252+0000][7][safepoint   ] Safepoint "Cleanup", Time since last: 10000818306 ns, Reaching safepoint: 7178 ns, Cleanup: 7033 ns, At safepoint: 4453 ns, Total: 18664 ns
[2026-02-06T15:47:57.252+0000][7][safepoint   ] Safepoint "Cleanup", Time since last: 10000709989 ns, Reaching safepoint: 31716 ns, Cleanup: 11340 ns, At safepoint: 8251 ns, Total: 51307 ns
[2026-02-06T15:47:59.253+0000][7][safepoint   ] Safepoint "Cleanup", Time since last: 2000153178 ns, Reaching safepoint: 11283 ns, Cleanup: 8388 ns, At safepoint: 5284 ns, Total: 24955 ns
[2026-02-06T15:48:00.253+0000][7][safepoint   ] Safepoint "Cleanup", Time since last: 1000089621 ns, Reaching safepoint: 12452 ns, Cleanup: 8045 ns, At safepoint: 4840 ns, Total: 25337 ns
[2026-02-06T15:48:01.253+0000][7][safepoint   ] Safepoint "Cleanup", Time since last: 1000096628 ns, Reaching safepoint: 8565 ns, Cleanup: 11256 ns, At safepoint: 5027 ns, Total: 24848 ns
[2026-02-06T15:48:22.254+0000][7][safepoint   ] Safepoint "Cleanup", Time since last: 21001289549 ns, Reaching safepoint: 20125 ns, Cleanup: 8090 ns, At safepoint: 4259 ns, Total: 32474 ns
[2026-02-06T15:48:31.255+0000][7][safepoint   ] Safepoint "Cleanup", Time since last: 9000557352 ns, Reaching safepoint: 10093 ns, Cleanup: 8994 ns, At safepoint: 4948 ns, Total: 24035 ns
[2026-02-06T15:48:32.255+0000][7][safepoint   ] Safepoint "Cleanup", Time since last: 1000112499 ns, Reaching safepoint: 13196 ns, Cleanup: 17290 ns, At safepoint: 6750 ns, Total: 37236 ns
[2026-02-06T15:49:01.257+0000][7][safepoint   ] Safepoint "Cleanup", Time since last: 29001815386 ns, Reaching safepoint: 22746 ns, Cleanup: 8257 ns, At safepoint: 5039 ns, Total: 36042 ns
[2026-02-06T15:49:21.258+0000][7][safepoint   ] Safepoint "Cleanup", Time since last: 20001300045 ns, Reaching safepoint: 19286 ns, Cleanup: 25971 ns, At safepoint: 5121 ns, Total: 50378 ns
[2026-02-06T15:49:23.258+0000][7][safepoint   ] Safepoint "Cleanup", Time since last: 2000168865 ns, Reaching safepoint: 7101 ns, Cleanup: 7460 ns, At safepoint: 4148 ns, Total: 18709 ns
[2026-02-06T15:49:33.259+0000][7][safepoint   ] Safepoint "Cleanup", Time since last: 10000671217 ns, Reaching safepoint: 17946 ns, Cleanup: 18939 ns, At safepoint: 16622 ns, Total: 53507 ns
[2026-02-06T15:49:35.259+0000][7][safepoint   ] Safepoint "Cleanup", Time since last: 2000465715 ns, Reaching safepoint: 9619 ns, Cleanup: 8237 ns, At safepoint: 5737 ns, Total: 23593 ns
[2026-02-06T15:49:45.260+0000][7][safepoint   ] Safepoint "Cleanup", Time since last: 10000694001 ns, Reaching safepoint: 6876 ns, Cleanup: 6716 ns, At safepoint: 5936 ns, Total: 19528 ns
[2026-02-06T15:50:14.262+0000][7][safepoint   ] Safepoint "Cleanup", Time since last: 29002091050 ns, Reaching safepoint: 17962 ns, Cleanup: 7275 ns, At safepoint: 3471 ns, Total: 28708 ns
[2026-02-06T15:50:32.264+0000][7][safepoint   ] Safepoint "Cleanup", Time since last: 18001605982 ns, Reaching safepoint: 20211 ns, Cleanup: 8079 ns, At safepoint: 5145 ns, Total: 33435 ns
[2026-02-06T15:50:36.264+0000][7][safepoint   ] Safepoint "Cleanup", Time since last: 4000477321 ns, Reaching safepoint: 10476 ns, Cleanup: 13385 ns, At safepoint: 5354 ns, Total: 29215 ns
[2026-02-06T15:51:02.266+0000][7][safepoint   ] Safepoint "Cleanup", Time since last: 26001974223 ns, Reaching safepoint: 67792 ns, Cleanup: 7357 ns, At safepoint: 4147 ns, Total: 79296 ns
[2026-02-06T15:51:19.268+0000][7][safepoint   ] Safepoint "Cleanup", Time since last: 17001273766 ns, Reaching safepoint: 7888 ns, Cleanup: 6802 ns, At safepoint: 4864 ns, Total: 19554 ns
[2026-02-06T15:51:27.268+0000][7][safepoint   ] Safepoint "Cleanup", Time since last: 8000616308 ns, Reaching safepoint: 19506 ns, Cleanup: 11510 ns, At safepoint: 5597 ns, Total: 36613 ns
[2026-02-06T15:52:00.271+0000][7][safepoint   ] Safepoint "Cleanup", Time since last: 33002520670 ns, Reaching safepoint: 40579 ns, Cleanup: 8246 ns, At safepoint: 4540 ns, Total: 53365 ns
[2026-02-06T15:52:05.272+0000][7][safepoint   ] Safepoint "Cleanup", Time since last: 5000638068 ns, Reaching safepoint: 6764 ns, Cleanup: 7309 ns, At safepoint: 4803 ns, Total: 18876 ns
[2026-02-06T15:52:11.272+0000][7][safepoint   ] Safepoint "Cleanup", Time since last: 6000406732 ns, Reaching safepoint: 10251 ns, Cleanup: 7628 ns, At safepoint: 4999 ns, Total: 22878 ns
[2026-02-06T15:52:14.272+0000][7][safepoint   ] Safepoint "Cleanup", Time since last: 3000193220 ns, Reaching safepoint: 7577 ns, Cleanup: 7292 ns, At safepoint: 3841 ns, Total: 18710 ns
[2026-02-06T15:52:18.273+0000][7][safepoint   ] Safepoint "Cleanup", Time since last: 4000353525 ns, Reaching safepoint: 6833 ns, Cleanup: 10816 ns, At safepoint: 4432 ns, Total: 22081 ns
[2026-02-06T15:52:20.273+0000][7][safepoint   ] Safepoint "Cleanup", Time since last: 2000183033 ns, Reaching safepoint: 31626 ns, Cleanup: 20978 ns, At safepoint: 4886 ns, Total: 57490 ns
[2026-02-06T15:52:30.274+0000][7][safepoint   ] Safepoint "Cleanup", Time since last: 10000824574 ns, Reaching safepoint: 18065 ns, Cleanup: 7308 ns, At safepoint: 5030 ns, Total: 30403 ns
[2026-02-06T15:52:31.274+0000][7][safepoint   ] Safepoint "Cleanup", Time since last: 1000084804 ns, Reaching safepoint: 6973 ns, Cleanup: 6526 ns, At safepoint: 4941 ns, Total: 18440 ns
[2026-02-06T15:52:32.274+0000][7][safepoint   ] Safepoint "Cleanup", Time since last: 1000085166 ns, Reaching safepoint: 7259 ns, Cleanup: 6605 ns, At safepoint: 4308 ns, Total: 18172 ns
[2026-02-06T15:52:38.274+0000][7][safepoint   ] Safepoint "Cleanup", Time since last: 6000489371 ns, Reaching safepoint: 6821 ns, Cleanup: 8184 ns, At safepoint: 4251 ns, Total: 19256 ns
[2026-02-06T15:52:48.275+0000][7][safepoint   ] Safepoint "Cleanup", Time since last: 10000803659 ns, Reaching safepoint: 9969 ns, Cleanup: 7876 ns, At safepoint: 5247 ns, Total: 23092 ns
[2026-02-06T15:52:57.276+0000][7][safepoint   ] Safepoint "Cleanup", Time since last: 9000612210 ns, Reaching safepoint: 18000 ns, Cleanup: 7253 ns, At safepoint: 4603 ns, Total: 29856 ns
[2026-02-06T15:53:00.276+0000][7][safepoint   ] Safepoint "Cleanup", Time since last: 3000207717 ns, Reaching safepoint: 7669 ns, Cleanup: 8016 ns, At safepoint: 5563 ns, Total: 21248 ns
[2026-02-06T15:53:01.276+0000][7][safepoint   ] Safepoint "Cleanup", Time since last: 1000122970 ns, Reaching safepoint: 6584 ns, Cleanup: 7008 ns, At safepoint: 4144 ns, Total: 17736 ns
[2026-02-06T15:53:13.277+0000][7][safepoint   ] Safepoint "Cleanup", Time since last: 12000762288 ns, Reaching safepoint: 8908 ns, Cleanup: 8676 ns, At safepoint: 3988 ns, Total: 21572 ns
[2026-02-06T15:53:20.278+0000][7][safepoint   ] Safepoint "Cleanup", Time since last: 7000485505 ns, Reaching safepoint: 10868 ns, Cleanup: 7554 ns, At safepoint: 4719 ns, Total: 23141 ns
[2026-02-06T15:53:25.278+0000][7][safepoint   ] Safepoint "Cleanup", Time since last: 5000368547 ns, Reaching safepoint: 7082 ns, Cleanup: 7310 ns, At safepoint: 4464 ns, Total: 18856 ns
[2026-02-06T15:53:39.279+0000][7][safepoint   ] Safepoint "Cleanup", Time since last: 14001392159 ns, Reaching safepoint: 18756 ns, Cleanup: 7433 ns, At safepoint: 5041 ns, Total: 31230 ns
[2026-02-06T15:53:41.449+0000][7][safepoint   ] Safepoint "Cleanup", Time since last: 2169808489 ns, Reaching safepoint: 17792 ns, Cleanup: 24492 ns, At safepoint: 13049 ns, Total: 55333 ns
[2026-02-06T15:53:49.450+0000][7][safepoint   ] Safepoint "Cleanup", Time since last: 8000586191 ns, Reaching safepoint: 6431 ns, Cleanup: 7936 ns, At safepoint: 4499 ns, Total: 18866 ns
[2026-02-06T15:53:59.451+0000][7][safepoint   ] Safepoint "Cleanup", Time since last: 10000800277 ns, Reaching safepoint: 19207 ns, Cleanup: 7930 ns, At safepoint: 4881 ns, Total: 32018 ns
[2026-02-06T15:54:01.451+0000][7][safepoint   ] Safepoint "Cleanup", Time since last: 2000142078 ns, Reaching safepoint: 7199 ns, Cleanup: 7391 ns, At safepoint: 4148 ns, Total: 18738 ns
[2026-02-06T15:54:32.453+0000][7][safepoint   ] Safepoint "Cleanup", Time since last: 31002465054 ns, Reaching safepoint: 53091 ns, Cleanup: 19239 ns, At safepoint: 20488 ns, Total: 92818 ns
[2026-02-06T15:55:02.456+0000][7][safepoint   ] Safepoint "Cleanup", Time since last: 30002335429 ns, Reaching safepoint: 18596 ns, Cleanup: 9495 ns, At safepoint: 4348 ns, Total: 32439 ns
[2026-02-06T15:55:04.456+0000][7][safepoint   ] Safepoint "Cleanup", Time since last: 2000169881 ns, Reaching safepoint: 6753 ns, Cleanup: 7569 ns, At safepoint: 4670 ns, Total: 18992 ns
[2026-02-06T15:55:17.457+0000][7][safepoint   ] Safepoint "Cleanup", Time since last: 13001065620 ns, Reaching safepoint: 7648 ns, Cleanup: 7948 ns, At safepoint: 74874 ns, Total: 90470 ns
[2026-02-06T15:55:31.458+0000][7][safepoint   ] Safepoint "Cleanup", Time since last: 14001031395 ns, Reaching safepoint: 18595 ns, Cleanup: 9430 ns, At safepoint: 4795 ns, Total: 32820 ns
[2026-02-06T15:55:54.460+0000][7][safepoint   ] Safepoint "Cleanup", Time since last: 23001789770 ns, Reaching safepoint: 6737 ns, Cleanup: 6475 ns, At safepoint: 5024 ns, Total: 18236 ns
[2026-02-06T15:55:57.460+0000][7][safepoint   ] Safepoint "Cleanup", Time since last: 3000220090 ns, Reaching safepoint: 7254 ns, Cleanup: 8160 ns, At safepoint: 4511 ns, Total: 19925 ns
[2026-02-06T15:55:59.461+0000][7][safepoint   ] Safepoint "Cleanup", Time since last: 2000417593 ns, Reaching safepoint: 7682 ns, Cleanup: 7062 ns, At safepoint: 5555 ns, Total: 20299 ns
[2026-02-06T15:56:01.461+0000][7][safepoint   ] Safepoint "Cleanup", Time since last: 2000524972 ns, Reaching safepoint: 18747 ns, Cleanup: 7005 ns, At safepoint: 5278 ns, Total: 31030 ns
[2026-02-06T15:56:02.461+0000][7][safepoint   ] Safepoint "Cleanup", Time since last: 1000155088 ns, Reaching safepoint: 6691 ns, Cleanup: 7467 ns, At safepoint: 6021 ns, Total: 20179 ns
[2026-02-06T15:56:07.462+0000][7][safepoint   ] Safepoint "Cleanup", Time since last: 5000444117 ns, Reaching safepoint: 24923 ns, Cleanup: 31813 ns, At safepoint: 6737 ns, Total: 63473 ns
[2026-02-06T15:56:19.463+0000][7][safepoint   ] Safepoint "Cleanup", Time since last: 12001477176 ns, Reaching safepoint: 6977 ns, Cleanup: 6641 ns, At safepoint: 4283 ns, Total: 17901 ns
[2026-02-06T15:56:31.464+0000][7][safepoint   ] Safepoint "Cleanup", Time since last: 12000809148 ns, Reaching safepoint: 19054 ns, Cleanup: 9008 ns, At safepoint: 4956 ns, Total: 33018 ns
[2026-02-06T15:56:32.464+0000][7][safepoint   ] Safepoint "Cleanup", Time since last: 1000106182 ns, Reaching safepoint: 18403 ns, Cleanup: 22633 ns, At safepoint: 31674 ns, Total: 72710 ns
[2026-02-06T15:56:34.465+0000][7][safepoint   ] Safepoint "Cleanup", Time since last: 2000202222 ns, Reaching safepoint: 6913 ns, Cleanup: 6917 ns, At safepoint: 5758 ns, Total: 19588 ns
[2026-02-06T15:56:36.465+0000][7][safepoint   ] Safepoint "Cleanup", Time since last: 2000144588 ns, Reaching safepoint: 18204 ns, Cleanup: 36130 ns, At safepoint: 6139 ns, Total: 60473 ns
[2026-02-06T15:56:40.465+0000][7][safepoint   ] Safepoint "Cleanup", Time since last: 4000510937 ns, Reaching safepoint: 17546 ns, Cleanup: 21359 ns, At safepoint: 28700 ns, Total: 67605 ns
[2026-02-06T15:56:42.466+0000][7][safepoint   ] Safepoint "Cleanup", Time since last: 2000197110 ns, Reaching safepoint: 8261 ns, Cleanup: 9700 ns, At safepoint: 5383 ns, Total: 23344 ns
[2026-02-06T15:57:20.470+0000][7][safepoint   ] Safepoint "Cleanup", Time since last: 38003846372 ns, Reaching safepoint: 21668 ns, Cleanup: 8252 ns, At safepoint: 4788 ns, Total: 34708 ns
[2026-02-06T15:57:26.470+0000][7][safepoint   ] Safepoint "Cleanup", Time since last: 6000450869 ns, Reaching safepoint: 6943 ns, Cleanup: 8445 ns, At safepoint: 4176 ns, Total: 19564 ns
[2026-02-06T15:57:30.471+0000][7][safepoint   ] Safepoint "Cleanup", Time since last: 4000507098 ns, Reaching safepoint: 7583 ns, Cleanup: 8293 ns, At safepoint: 4410 ns, Total: 20286 ns
[2026-02-06T15:57:55.473+0000][7][safepoint   ] Safepoint "Cleanup", Time since last: 25002826653 ns, Reaching safepoint: 19046 ns, Cleanup: 23476 ns, At safepoint: 5021 ns, Total: 47543 ns
[2026-02-06T15:57:57.474+0000][7][safepoint   ] Safepoint "Cleanup", Time since last: 2000200030 ns, Reaching safepoint: 6748 ns, Cleanup: 6839 ns, At safepoint: 4683 ns, Total: 18270 ns
[2026-02-06T15:58:01.474+0000][7][safepoint   ] Safepoint "Cleanup", Time since last: 4000424082 ns, Reaching safepoint: 7613 ns, Cleanup: 10814 ns, At safepoint: 6365 ns, Total: 24792 ns
[2026-02-06T15:58:19.475+0000][7][safepoint   ] Safepoint "Cleanup", Time since last: 18001284790 ns, Reaching safepoint: 18375 ns, Cleanup: 9620 ns, At safepoint: 4658 ns, Total: 32653 ns
[2026-02-06T15:58:22.476+0000][7][safepoint   ] Safepoint "Cleanup", Time since last: 3000239542 ns, Reaching safepoint: 10657 ns, Cleanup: 10771 ns, At safepoint: 5676 ns, Total: 27104 ns
[2026-02-06T15:58:31.476+0000][7][safepoint   ] Safepoint "Cleanup", Time since last: 9000752285 ns, Reaching safepoint: 34057 ns, Cleanup: 19031 ns, At safepoint: 14353 ns, Total: 67441 ns
[2026-02-06T15:58:36.477+0000][7][safepoint   ] Safepoint "Cleanup", Time since last: 5000435326 ns, Reaching safepoint: 19280 ns, Cleanup: 7075 ns, At safepoint: 4944 ns, Total: 31299 ns
[2026-02-06T15:59:01.479+0000][7][safepoint   ] Safepoint "Cleanup", Time since last: 25002219392 ns, Reaching safepoint: 6753 ns, Cleanup: 7165 ns, At safepoint: 3693 ns, Total: 17611 ns
[2026-02-06T15:59:02.479+0000][7][safepoint   ] Safepoint "Cleanup", Time since last: 1000084338 ns, Reaching safepoint: 6949 ns, Cleanup: 7383 ns, At safepoint: 4262 ns, Total: 18594 ns
[2026-02-06T15:59:12.480+0000][7][safepoint   ] Safepoint "Cleanup", Time since last: 10000685502 ns, Reaching safepoint: 21210 ns, Cleanup: 11066 ns, At safepoint: 4867 ns, Total: 37143 ns
[2026-02-06T16:00:01.484+0000][7][safepoint   ] Safepoint "Cleanup", Time since last: 49003820738 ns, Reaching safepoint: 6523 ns, Cleanup: 7506 ns, At safepoint: 5477 ns, Total: 19506 ns
[2026-02-06T16:00:06.484+0000][7][safepoint   ] Safepoint "Cleanup", Time since last: 5000570315 ns, Reaching safepoint: 36664 ns, Cleanup: 22601 ns, At safepoint: 5664 ns, Total: 64929 ns
[2026-02-06T16:00:17.486+0000][7][safepoint   ] Safepoint "Cleanup", Time since last: 11001136266 ns, Reaching safepoint: 8334 ns, Cleanup: 7683 ns, At safepoint: 4281 ns, Total: 20298 ns
[2026-02-06T16:00:56.489+0000][7][safepoint   ] Safepoint "Cleanup", Time since last: 39003607018 ns, Reaching safepoint: 17950 ns, Cleanup: 26049 ns, At safepoint: 17066 ns, Total: 61065 ns
[2026-02-06T16:01:14.490+0000][7][safepoint   ] Safepoint "Cleanup", Time since last: 18001114721 ns, Reaching safepoint: 34354 ns, Cleanup: 7832 ns, At safepoint: 4457 ns, Total: 46643 ns
[2026-02-06T16:01:28.492+0000][7][safepoint   ] Safepoint "Cleanup", Time since last: 14001405442 ns, Reaching safepoint: 14631 ns, Cleanup: 22586 ns, At safepoint: 5774 ns, Total: 42991 ns
[2026-02-06T16:01:30.492+0000][7][safepoint   ] Safepoint "Cleanup", Time since last: 2000186176 ns, Reaching safepoint: 9657 ns, Cleanup: 7514 ns, At safepoint: 5409 ns, Total: 22580 ns
[2026-02-06T16:01:50.494+0000][7][safepoint   ] Safepoint "Cleanup", Time since last: 20001782174 ns, Reaching safepoint: 18509 ns, Cleanup: 17383 ns, At safepoint: 16642 ns, Total: 52534 ns
[2026-02-06T16:01:51.494+0000][7][safepoint   ] Safepoint "Cleanup", Time since last: 1000122688 ns, Reaching safepoint: 6790 ns, Cleanup: 6948 ns, At safepoint: 5119 ns, Total: 18857 ns
[2026-02-06T16:02:07.496+0000][7][safepoint   ] Safepoint "Cleanup", Time since last: 16001554534 ns, Reaching safepoint: 28220 ns, Cleanup: 8499 ns, At safepoint: 5616 ns, Total: 42335 ns
[2026-02-06T16:02:17.498+0000][7][safepoint   ] Safepoint "Cleanup", Time since last: 10002167006 ns, Reaching safepoint: 7544 ns, Cleanup: 8185 ns, At safepoint: 3970 ns, Total: 19699 ns
[2026-02-06T16:02:20.498+0000][7][safepoint   ] Safepoint "Cleanup", Time since last: 3000319139 ns, Reaching safepoint: 9839 ns, Cleanup: 13987 ns, At safepoint: 6436 ns, Total: 30262 ns
[2026-02-06T16:02:29.499+0000][7][safepoint   ] Safepoint "Cleanup", Time since last: 9000872103 ns, Reaching safepoint: 26960 ns, Cleanup: 7159 ns, At safepoint: 4391 ns, Total: 38510 ns
[2026-02-06T16:02:31.499+0000][7][safepoint   ] Safepoint "Cleanup", Time since last: 2000153561 ns, Reaching safepoint: 6795 ns, Cleanup: 6756 ns, At safepoint: 5094 ns, Total: 18645 ns
[2026-02-06T16:02:35.500+0000][7][safepoint   ] Safepoint "Cleanup", Time since last: 4000269384 ns, Reaching safepoint: 26234 ns, Cleanup: 6614 ns, At safepoint: 4028 ns, Total: 36876 ns
[2026-02-06T16:02:39.500+0000][7][safepoint   ] Safepoint "Cleanup", Time since last: 4000271540 ns, Reaching safepoint: 7015 ns, Cleanup: 11178 ns, At safepoint: 4256 ns, Total: 22449 ns
[2026-02-06T16:03:01.636+0000][7][safepoint   ] Safepoint "Cleanup", Time since last: 22136265748 ns, Reaching safepoint: 6933 ns, Cleanup: 6710 ns, At safepoint: 4046 ns, Total: 17689 ns
[2026-02-06T16:03:30.639+0000][7][safepoint   ] Safepoint "Cleanup", Time since last: 29002522002 ns, Reaching safepoint: 18970 ns, Cleanup: 7463 ns, At safepoint: 5347 ns, Total: 31780 ns
[2026-02-06T16:03:34.639+0000][7][safepoint   ] Safepoint "Cleanup", Time since last: 4000351689 ns, Reaching safepoint: 18706 ns, Cleanup: 19753 ns, At safepoint: 14956 ns, Total: 53415 ns
[2026-02-06T16:04:05.642+0000][7][safepoint   ] Safepoint "Cleanup", Time since last: 31002548944 ns, Reaching safepoint: 7175 ns, Cleanup: 7031 ns, At safepoint: 5477 ns, Total: 19683 ns
[2026-02-06T16:04:32.644+0000][7][safepoint   ] Safepoint "Cleanup", Time since last: 27002248492 ns, Reaching safepoint: 19442 ns, Cleanup: 7343 ns, At safepoint: 5235 ns, Total: 32020 ns
[2026-02-06T16:05:02.647+0000][7][safepoint   ] Safepoint "Cleanup", Time since last: 30003177965 ns, Reaching safepoint: 6818 ns, Cleanup: 8740 ns, At safepoint: 5414 ns, Total: 20972 ns
[2026-02-06T16:05:14.649+0000][7][safepoint   ] Safepoint "Cleanup", Time since last: 12001392869 ns, Reaching safepoint: 19510 ns, Cleanup: 14367 ns, At safepoint: 5743 ns, Total: 39620 ns
[2026-02-06T16:05:32.650+0000][7][safepoint   ] Safepoint "Cleanup", Time since last: 18001483265 ns, Reaching safepoint: 6752 ns, Cleanup: 7714 ns, At safepoint: 3803 ns, Total: 18269 ns
[2026-02-06T16:23:41.773+0000][7][safepoint   ] Safepoint "Cleanup", Time since last: 21122874799 ns, Reaching safepoint: 23400 ns, Cleanup: 11899 ns, At safepoint: 6686 ns, Total: 41985 ns
[2026-02-06T16:23:49.774+0000][7][safepoint   ] Safepoint "Cleanup", Time since last: 8000576640 ns, Reaching safepoint: 7119 ns, Cleanup: 13180 ns, At safepoint: 4871 ns, Total: 25170 ns
[2026-02-06T16:23:50.774+0000][7][safepoint   ] Safepoint "Cleanup", Time since last: 1000100296 ns, Reaching safepoint: 10988 ns, Cleanup: 9322 ns, At safepoint: 6520 ns, Total: 26830 ns
[2026-02-06T16:23:51.774+0000][7][safepoint   ] Safepoint "Cleanup", Time since last: 1000104693 ns, Reaching safepoint: 8015 ns, Cleanup: 8452 ns, At safepoint: 5132 ns, Total: 21599 ns
[2026-02-06T16:23:53.774+0000][7][safepoint   ] Safepoint "Cleanup", Time since last: 2000148765 ns, Reaching safepoint: 8830 ns, Cleanup: 9409 ns, At safepoint: 5158 ns, Total: 23397 ns
[2026-02-06T16:23:58.774+0000][7][safepoint   ] Safepoint "Cleanup", Time since last: 5000344202 ns, Reaching safepoint: 11396 ns, Cleanup: 9711 ns, At safepoint: 5710 ns, Total: 26817 ns
[2026-02-06T16:24:19.776+0000][7][safepoint   ] Safepoint "Cleanup", Time since last: 21001344038 ns, Reaching safepoint: 18559 ns, Cleanup: 8287 ns, At safepoint: 4907 ns, Total: 31753 ns
[2026-02-06T16:24:20.776+0000][7][safepoint   ] Safepoint "Cleanup", Time since last: 1000086204 ns, Reaching safepoint: 7157 ns, Cleanup: 7271 ns, At safepoint: 4399 ns, Total: 18827 ns
[2026-02-06T16:24:21.776+0000][7][safepoint   ] Safepoint "Cleanup", Time since last: 1000083987 ns, Reaching safepoint: 7653 ns, Cleanup: 8145 ns, At safepoint: 4415 ns, Total: 20213 ns
[2026-02-06T16:24:23.776+0000][7][safepoint   ] Safepoint "Cleanup", Time since last: 2000154963 ns, Reaching safepoint: 7898 ns, Cleanup: 7930 ns, At safepoint: 5629 ns, Total: 21457 ns
[2026-02-06T16:24:27.777+0000][7][safepoint   ] Safepoint "Cleanup", Time since last: 4000285589 ns, Reaching safepoint: 10743 ns, Cleanup: 23727 ns, At safepoint: 4988 ns, Total: 39458 ns
[2026-02-06T16:24:29.777+0000][7][safepoint   ] Safepoint "Cleanup", Time since last: 2000163856 ns, Reaching safepoint: 11419 ns, Cleanup: 10126 ns, At safepoint: 71940 ns, Total: 93485 ns
[2026-02-06T16:24:49.778+0000][7][safepoint   ] Safepoint "Cleanup", Time since last: 20001304129 ns, Reaching safepoint: 8416 ns, Cleanup: 9617 ns, At safepoint: 5178 ns, Total: 23211 ns
[2026-02-06T16:24:52.778+0000][7][safepoint   ] Safepoint "Cleanup", Time since last: 3000307178 ns, Reaching safepoint: 11821 ns, Cleanup: 11341 ns, At safepoint: 7075 ns, Total: 30237 ns
[2026-02-06T16:25:08.780+0000][7][safepoint   ] Safepoint "Cleanup", Time since last: 16001150629 ns, Reaching safepoint: 26887 ns, Cleanup: 18036 ns, At safepoint: 9683 ns, Total: 54606 ns
[2026-02-06T16:25:19.780+0000][7][safepoint   ] Safepoint "Cleanup", Time since last: 11000744459 ns, Reaching safepoint: 19460 ns, Cleanup: 7891 ns, At safepoint: 4110 ns, Total: 31461 ns
[2026-02-06T16:25:49.803+0000][7][safepoint   ] Safepoint "Cleanup", Time since last: 30022774934 ns, Reaching safepoint: 27026 ns, Cleanup: 10710 ns, At safepoint: 6460 ns, Total: 44196 ns
[2026-02-06T16:25:57.804+0000][7][safepoint   ] Safepoint "Cleanup", Time since last: 8000522467 ns, Reaching safepoint: 22283 ns, Cleanup: 9266 ns, At safepoint: 6272 ns, Total: 37821 ns
[2026-02-06T16:25:59.804+0000][7][safepoint   ] Safepoint "Cleanup", Time since last: 2000260027 ns, Reaching safepoint: 16297 ns, Cleanup: 28195 ns, At safepoint: 4259 ns, Total: 48751 ns
[2026-02-06T16:26:05.805+0000][7][safepoint   ] Safepoint "Cleanup", Time since last: 6000449076 ns, Reaching safepoint: 22014 ns, Cleanup: 9812 ns, At safepoint: 4748 ns, Total: 36574 ns
[2026-02-06T16:26:09.805+0000][7][safepoint   ] Safepoint "Cleanup", Time since last: 4000256932 ns, Reaching safepoint: 8424 ns, Cleanup: 9100 ns, At safepoint: 4921 ns, Total: 22445 ns
[2026-02-06T16:26:19.805+0000][7][safepoint   ] Safepoint "Cleanup", Time since last: 10000582556 ns, Reaching safepoint: 8540 ns, Cleanup: 8801 ns, At safepoint: 5667 ns, Total: 23008 ns
[2026-02-06T16:26:24.806+0000][7][safepoint   ] Safepoint "Cleanup", Time since last: 5000347533 ns, Reaching safepoint: 9662 ns, Cleanup: 8812 ns, At safepoint: 5441 ns, Total: 23915 ns
[2026-02-06T16:26:31.819+0000][7][safepoint   ] Safepoint "Cleanup", Time since last: 7013018546 ns, Reaching safepoint: 5935 ns, Cleanup: 14353 ns, At safepoint: 5727 ns, Total: 26015 ns
[2026-02-06T16:26:31.849+0000][7][gc,heap,exit] Heap
[2026-02-06T16:26:31.849+0000][7][gc,heap,exit]  garbage-first heap   total reserved 3145728K, committed 3145728K, used 634550K [0x0000000740000000, 0x0000000800000000)
[2026-02-06T16:26:31.849+0000][7][gc,heap,exit]   region size 4096K, 142 young (581632K), 9 survivors (36864K)
[2026-02-06T16:26:31.849+0000][7][gc,heap,exit]  Metaspace       used 108370K, committed 111168K, reserved 1179648K
[2026-02-06T16:26:31.849+0000][7][gc,heap,exit]   class space    used 15335K, committed 16640K, reserved 1048576K
