[2025-10-21T13:40:14.134+0000][313][gc,init] CardTable entry size: 512
[2025-10-21T13:40:14.134+0000][313][gc     ] Using G1
[2025-10-21T13:40:14.144+0000][313][gc,init] Version: 22.0.2+9-70 (release)
[2025-10-21T13:40:14.144+0000][313][gc,init] CPUs: 8 total, 8 available
[2025-10-21T13:40:14.144+0000][313][gc,init] Memory: 15822M
[2025-10-21T13:40:14.144+0000][313][gc,init] Large Page Support: Disabled
[2025-10-21T13:40:14.144+0000][313][gc,init] NUMA Support: Disabled
[2025-10-21T13:40:14.144+0000][313][gc,init] Compressed Oops: Enabled (Zero based)
[2025-10-21T13:40:14.144+0000][313][gc,init] Heap Region Size: 4M
[2025-10-21T13:40:14.144+0000][313][gc,init] Heap Min Capacity: 6G
[2025-10-21T13:40:14.144+0000][313][gc,init] Heap Initial Capacity: 6G
[2025-10-21T13:40:14.144+0000][313][gc,init] Heap Max Capacity: 6G
[2025-10-21T13:40:14.144+0000][313][gc,init] Pre-touch: Disabled
[2025-10-21T13:40:14.144+0000][313][gc,init] Parallel Workers: 8
[2025-10-21T13:40:14.144+0000][313][gc,init] Concurrent Workers: 2
[2025-10-21T13:40:14.144+0000][313][gc,init] Concurrent Refinement Workers: 8
[2025-10-21T13:40:14.144+0000][313][gc,init] Periodic GC: Disabled
[2025-10-21T13:40:14.144+0000][313][gc,metaspace] CDS archive(s) not mapped
[2025-10-21T13:40:14.144+0000][313][gc,metaspace] Compressed class space mapped at: 0x0000000049000000-0x0000000089000000, reserved size: 1073741824
[2025-10-21T13:40:14.144+0000][313][gc,metaspace] Narrow klass base: 0x0000000000000000, Narrow klass shift: 0, Narrow klass range: 0x89000000
[2025-10-21T13:40:14.206+0000][313][gc,heap,exit] Heap
[2025-10-21T13:40:14.206+0000][313][gc,heap,exit]  garbage-first heap   total reserved 6291456K, committed 6291456K, used 10240K [0x0000000680000000, 0x0000000800000000)
[2025-10-21T13:40:14.206+0000][313][gc,heap,exit]   region size 4096K, 3 young (12288K), 0 survivors (0K)
[2025-10-21T13:40:14.206+0000][313][gc,heap,exit]  Metaspace       used 4000K, committed 4032K, reserved 1114112K
[2025-10-21T13:40:14.206+0000][313][gc,heap,exit]   class space    used 315K, committed 320K, reserved 1048576K
